




chjsvud fnibpao haxenql iaoiufo mbfbmvx obwqdfr serxqma tjpueby akxfggr vvluify 
chjsvud fnibpao haxenql iaoiufo mbfbmvx obwqdfr serxqma tjpueby akxfggr vvluify 




ceqlkke chjsvud dcbaykv fnibpao gulpyah haxenql iaoiufo ljbnfxf lmfsrws mbfbmvx ngsyeag obwqdfr olactar serxqma tjpueby akxfggr ucwpdnb uysgrij vvluify axepkks yadnmvd 
108.079365 

awopdvi ceqlkke chjsvud dcbaykv dgofmvd ebpihba fnibpao gljdptu gulpyah haxenql iaoiufo kakxfxl ljbnfxf lmfsrws mbfbmvx ngsyeag obwqdfr olactar pppevil qdrnvhi rblujkl serxqma symancc tjpueby trhhbnt akxfggr ucwpdnb uifchaj vvluify axepkks wekqxvm yadnmvd yfqoihy 

FALSE 


awopdvi cbmdyhk ceqlkke dcbaykv dcvaujv defspnu ebpihba euagwlq flxctcm fnibpao gcldwbo gljdptu haxenql htamkym iaoiufo invegmq kakxfxl ljbnfxf lmfsrws mbfbmvx mrpnfbh nbdjyip ndcglal obwqdfr olactar pppevil qdglmdu qdrnvhi qwudblw rblujkl serxqma symancc thayfpb tibnvtm akxfggr ucwpdnb uhjhlwc vvluify vwcgyny axepkks wbltyay wekqxvm yadnmvd yfqoihy aadlfsp ahmvexp 
FALSE 
atrfvpr awopdvi cbmdyhk ceqlkke dcbaykv dcvaujv defspnu ebpihba erannpw flxctcm fnibpao gcldwbo gljdptu haxenql htamkym iaoiufo invegmq jmkambl kaclphq kakxfxl lfqmjpm ljbnfxf mbfbmvx mrpnfbh nbdjyip ndcglal obwqdfr olactar pipkaqd pppevil qbwhhwc qdglmdu qdrnvhi rblujkl ruyrpmt serxqma sjnhrmf thayfpb tibnvtm tigrcix akxfggr ucwpdnb uhjhlwc vvluify vwcgyny axepkks wbltyay wekqxvm yadnmvd yfqoihy aadlfsp ahmvexp 
FALSE 
ajkvnoc atrfvpr cbmdyhk ceqlkke dcbaykv dcvaujv defspnu ebpihba epvwdrl flxctcm fnibpao gcldwbo gljdptu haxenql htamkym iaoiufo invegmq jmkambl kaclphq kakxfxl lfqmjpm ljbnfxf mbfbmvx mrpnfbh nbdjyip ndcglal obwqdfr olactar pipkaqd pppevil qbwhhwc qdglmdu qdrnvhi rblujkl ruyrpmt serxqma sjnhrmf thayfpb tibnvtm tigrcix akxfggr ucwpdnb uhjhlwc vvluify vwcgyny axepkks wbltyay wekqxvm yadnmvd yfqoihy aadlfsp ahmvexp 
ajkvnoc atrfvpr cbmdyhk ceqlkke dcbaykv dcvaujv defixan defspnu ebpihba epvwdrl flxctcm fnibpao gcldwbo gljdptu haxenql hoeqyps iaoiufo invegmq jmkambl kaclphq kakxfxl lfqmjpm ljbnfxf mbfbmvx mkabxgt nbdjyip ndcglal obwqdfr olactar pipkaqd pppevil qbwhhwc qdglmdu qdrnvhi rblujkl riayjah serxqma sjnhrmf thayfpb tibnvtm tigrcix akxfggr ucwpdnb uhjhlwc vvluify vwcgyny axepkks wbltyay wekqxvm yadnmvd yfqoihy aadlfsp ahmvexp 
ajkvnoc atrfvpr cbmdyhk ceqlkke dcbaykv dcvaujv defixan defspnu ebpihba epvwdrl flxctcm fnibpao gcldwbo gljdptu haxenql hoeqyps iaoiufo invegmq jmkambl kaclphq kakxfxl lfqmjpm ljbnfxf mbfbmvx mkabxgt nbdjyip ndcglal obwqdfr olactar pipkaqd pppevil qbwhhwc qdglmdu qdrnvhi rblujkl riayjah serxqma sjnhrmf thayfpb tibnvtm tigrcix akxfggr ucwpdnb uhjhlwc vevgdah vitcpiv axepkks wbltyay wekqxvm xmabxbj yadnmvd yfqoihy aadlfsp ahmvexp 

ajkvnoc atrfvpr cbmdyhk ceqlkke dcbaykv dcvaujv defixan defspnu ebpihba epvwdrl flxctcm fnibpao gcldwbo gljdptu haxenql hoeqyps iaoiufo invegmq jmkambl kaclphq kakxfxl lfqmjpm ljbnfxf mbfbmvx mkabxgt nbdjyip ndcglal obwqdfr olactar pipkaqd pppevil qbwhhwc qdglmdu qdrnvhi rblujkl riayjah serxqma sjnhrmf thayfpb tibnvtm tigrcix akxfggr ucwpdnb uhjhlwc vevgdah vitcpiv axepkks wbltyay wekqxvm xmabxbj yadnmvd yfqoihy aadlfsp ahmvexp 
ajkvnoc atrfvpr cbmdyhk ceqlkke dcbaykv dcvaujv defixan defspnu ebpihba epvwdrl flxctcm fnibpao gcldwbo gljdptu haxenql hoeqyps iaoiufo invegmq jmkambl kaclphq kakxfxl lfqmjpm ljbnfxf mbfbmvx mkabxgt nbdjyip ndcglal obwqdfr olactar pipkaqd pppevil qbwhhwc qdglmdu qdrnvhi rblujkl riayjah serxqma sjnhrmf thayfpb tibnvtm tigrcix akxfggr ucwpdnb uhjhlwc vevgdah vitcpiv axepkks wbltyay wekqxvm xmabxbj yadnmvd yfqoihy aadlfsp ahmvexp 
ajkvnoc atrfvpr cbmdyhk ceqlkke dcbaykv dcvaujv defixan defspnu ebpihba epvwdrl flxctcm fnibpao gcldwbo gljdptu haxenql hoeqyps iaoiufo invegmq jmkambl kaclphq kakxfxl lfqmjpm ljbnfxf mbfbmvx mkabxgt nbdjyip ndcglal obwqdfr olactar pipkaqd pppevil qbwhhwc qdglmdu qdrnvhi rblujkl riayjah serxqma sjnhrmf thayfpb tibnvtm tigrcix akxfggr ucwpdnb uhjhlwc vevgdah vitcpiv axepkks wbltyay wekqxvm xmabxbj yadnmvd yfqoihy aadlfsp ahmvexp 
pufjjga 

ajkvnoc atrfvpr cbmdyhk ceqlkke dcbaykv dcvaujv defixan defspnu ebpihba ejhgedj flxctcm fnibpao gcldwbo gljdptu haxenql hoeqyps iaoiufo invegmq jmkambl kaclphq kakxfxl lfqmjpm ljbnfxf mbfbmvx mhbvqfj nbdjyip ndcglal obwqdfr olactar pipkaqd pppevil qbwhhwc qdglmdu qdrnvhi rblujkl riayjah serxqma sjnhrmf thayfpb tibnvtm tigrcix akxfggr ucwpdnb uhjhlwc vevgdah vitcpiv axepkks wbltyay wcjqela xmabxbj yadnmvd yfqoihy aadlfsp ahmvexp 

ajkvnoc arcasby bsgqpuu cbmdyhk ceqlkke dcbaykv dcvaujv defixan defspnu ebpihba ejhgedj flxctcm fnibpao gcldwbo gljdptu haxenql hoeqyps iaoiufo invegmq jmkambl kaclphq kakxfxl lakuoxt lfqmjpm mbfbmvx mhbvqfj nbdjyip ndcglal obwqdfr olactar pipkaqd pppevil qbwhhwc qdglmdu qdrnvhi rblujkl riayjah serxqma sjnhrmf thayfpb tibnvtm tigrcix akxfggr ucwpdnb uhjhlwc vevgdah vitcpiv axepkks wbltyay wcjqela xmabxbj xmqkxju xsylosg yadnmvd yfqoihy aadlfsp ahmvexp 
107.634085 
FALSE 
0jkvnoc 0jkvnoc 
FALSE 
ajkvnoc arcasby bsgqpuu cbmdyhk ceqlkke dcbaykv dcvaujv defixan defspnu ebpihba ejhgedj flxctcm fnibpao gcldwbo gljdptu haxenql hoeqyps iaoiufo invegmq jmkambl kaclphq kakxfxl khdbpac lakuoxt lfqmjpm mbfbmvx mhbvqfj nbdjyip ndcglal obwqdfr olactar pipkaqd pppevil qbwhhwc qdglmdu qdrnvhi rblujkl riayjah serxqma sjnhrmf thayfpb tibnvtm tigrcix akxfggr ucwpdnb uhjhlwc vevgdah vitcpiv axepkks wbltyay wcjqela xmabxbj xmqkxju xsylosg yadnmvd yfqoihy aadlfsp ahmvexp 
ajkvnoc arcasby bsgqpuu cbmdyhk ceqlkke dcbaykv dcvaujv defixan defspnu earnwoa ebpihba flxctcm fnibpao gcldwbo gfvgcrr haxenql hoeqyps iaoiufo invegmq jmkambl kaclphq kakxfxl khdbpac lakuoxt lbkvmbd mbfbmvx mhbvqfj nbdjyip ndcglal obwqdfr olactar pipkaqd pppevil qbwhhwc qdglmdu qdrnvhi rblujkl riayjah serxqma sjnhrmf thayfpb tibnvtm tigrcix akxfggr ucwpdnb uhjhlwc vevgdah vitcpiv axepkks wbltyay wcjqela xmabxbj xmqkxju xsylosg yadnmvd yfqoihy aadlfsp ahmvexp aktmarv 
FALSE 
107.552058 

ajkvnoc arcasby bsgqpuu cbmdyhk ceqlkke dcbaykv dcvaujv defixan defspnu earnwoa ebpihba flxctcm fnibpao gcldwbo gfvgcrr haxenql hoeqyps iaoiufo invegmq jmkambl kaclphq kakxfxl khdbpac lakuoxt lbkvmbd mbfbmvx mhbvqfj nbdjyip ndcglal obwqdfr olactar pipkaqd pppevil qbwhhwc qdglmdu qdrnvhi rblujkl riayjah serxqma sjnhrmf thayfpb tibnvtm tigrcix akxfggr ucwpdnb uhjhlwc vevgdah vitcpiv axepkks wbltyay wcjqela xmabxbj xmqkxju xsylosg yadnmvd ycsuaow aadlfsp ahmvexp aktmarv 
6wopdvi 6ykkicm mwopdvi mykkicm nwopdvi nykkicm owopdvi oykkicm owopdvi oykkicm 
FALSE 




107.502304 
107.638249 
FALSE 
ywopdvi 

ajkvnoc arcasby bchxnep bsgqpuu caopdqt cbmdyhk dcbaykv dcvaujv defixan defspnu earnwoa ebpihba fcnqtey feegtea gbspcvg gcldwbo haxenql hoeqyps iaoiufo invegmq jmkambl kaclphq kakxfxl kclfvlm lakuoxt lbevlwj lbkvmbd mbfbmvx mhbvqfj nbdjyip ndcglal obwqdfr oenousk pipkaqd pppevil qbwhhwc qdglmdu qdrnvhi rblujkl riayjah serxqma sjnhrmf thayfpb tibnvtm tigrcix akxfggr ucwpdnb uhjhlwc vevgdah vitcpiv axepkks wbltyay wcjqela xmabxbj xmqkxju xsylosg yadnmvd ycsuaow aadlfsp ahmvexp aktmarv amqdjnb 
107.502304 


1wopdvi 1ykkicm 1wopdvi 1ykkicm 

aaupbyx ajkvnoc bchxnep bsgqpuu caopdqt cbmdyhk dcbaykv dcvaujv defixan defspnu earnwoa ebpihba fcnqtey feegtea gbspcvg gcldwbo haxenql hoeqyps iaoiufo invegmq jmkambl johaffr kaclphq kakxfxl kclfvlm lakuoxt lbevlwj lbkvmbd mbfbmvx mhbvqfj nbdjyip ndcglal obwqdfr oenousk pipkaqd pppevil qbwhhwc qdglmdu qdrnvhi rblujkl riayjah serxqma sjnhrmf thayfpb tibnvtm tigrcix akxfggr ucwpdnb uhjhlwc vevgdah vitcpiv axepkks wbltyay wcjqela xbpkslh xcwuxdf yadnmvd ycsuaow aadlfsp ahmvexp aktmarv amqdjnb 
0wopdvi 0ykkicm 0wopdvi 0ykkicm 
aaupbyx ajkvnoc bchxnep bsgqpuu caopdqt cbmdyhk dcbaykv dcvaujv defixan defspnu earnwoa ebpihba fcnqtey feegtea gbspcvg gcldwbo haxenql hoeqyps iaoiufo invegmq jmkambl johaffr kaclphq kakxfxl kclfvlm lakuoxt lbevlwj lbkvmbd mbfbmvx mhbvqfj nbdjyip ndcglal obwqdfr oenousk pipkaqd pppevil qbwhhwc qdglmdu qdrnvhi rblujkl riayjah serxqma sjnhrmf thayfpb tibnvtm tigrcix akxfggr ucwpdnb uhjhlwc vevgdah vitcpiv axepkks wbltyay wcjqela xbpkslh xcwuxdf yadnmvd ycsuaow aadlfsp ahmvexp aktmarv amqdjnb aetqyxf 
mrcasby 
aaupbyx ajkvnoc bchxnep bsgqpuu caopdqt cbmdyhk dcbaykv dcvaujv defixan defspnu earnwoa ebpihba fcnqtey feegtea gbspcvg gcldwbo haxenql hoeqyps hoaqjtj iaoiufo invegmq jmkambl johaffr kaclphq kakxfxl kclfvlm lakuoxt lbevlwj lbkvmbd mbfbmvx mhbvqfj nbdjyip ndcglal obwqdfr oenousk pipkaqd pppevil qafgfwg qbwhhwc rblujkl riayjah serxqma sjnhrmf thayfpb tibnvtm tigrcix akxfggr ucwpdnb uhjhlwc vevgdah vitcpiv axepkks wbltyay wcjqela xbpkslh xcwuxdf yadnmvd ycsuaow aadlfsp ahmvexp aktmarv amqdjnb aetqyxf 


FALSE 

aaupbyx ajkvnoc bchxnep bhlkdaj caopdqt cbmdyhk dcbaykv dcvaujv defixan defspnu earnwoa ebpihba fcnqtey feegtea gbspcvg gcldwbo haxenql hoeqyps hoaqjtj iaoiufo invegmq jmkambl johaffr kaclphq kakxfxl kclfvlm lakuoxt lbevlwj lbkvmbd mbfbmvx mhbvqfj nbdjyip ndcglal obwqdfr oenousk pipkaqd pppevil qafgfwg qbwhhwc rblujkl riayjah serxqma sjnhrmf thayfpb tibnvtm tigrcix akxfggr ucwpdnb uhjhlwc vevgdah vitcpiv axepkks wbltyay wcjqela xbpkslh xcwuxdf yadnmvd ycsuaow aadlfsp ahmvexp aktmarv amqdjnb aetqyxf 
bjkvnoc 

aaupbyx ajkvnoc bchxnep bhlkdaj caopdqt cbmdyhk dcbaykv dcvaujv defixan defspnu earnwoa ebpihba fcnqtey feegtea gbspcvg gcldwbo haxenql hoeqyps hoaqjtj iaoiufo invegmq jmkambl johaffr kaclphq kakxfxl kclfvlm lakuoxt lbevlwj lbkvmbd mbfbmvx mhbvqfj nbdjyip ndcglal obwqdfr oenousk pipkaqd pkwuiho qafgfwg qbwhhwc qbyacxh rblujkl riayjah serxqma sjnhrmf thayfpb tibnvtm tigrcix akxfggr ucwpdnb uhjhlwc vcwacma vevgdah axepkks wbltyay wcjqela xbpkslh xcwuxdf yadnmvd ycsuaow aadlfsp ahmvexp aktmarv amqdjnb aetqyxf aitujkj aeyfnqh 
aaupbyx ajkvnoc bchxnep bhlkdaj caopdqt cbmdyhk dcbaykv dcvaujv defixan defspnu earnwoa ebpihba fcnqtey feegtea gbspcvg gcldwbo haxenql hoeqyps hoaqjtj iaoiufo invegmq jmkambl johaffr kaclphq kakxfxl kclfvlm lakuoxt lbevlwj lbkvmbd mbfbmvx mhbvqfj nbdjyip ndcglal obwqdfr oenousk pipkaqd pkwuiho qafgfwg qbwhhwc qbyacxh rblujkl riayjah serxqma sjnhrmf thayfpb tibnvtm tigrcix akxfggr ucwpdnb uhjhlwc vcwacma vevgdah axepkks wbltyay wcjqela xbpkslh xcwuxdf yadnmvd ycsuaow aadlfsp ahmvexp aktmarv amqdjnb aetqyxf aitujkj aeyfnqh 
FALSE 
mufhdae mufjjga 
aaupbyx ajkvnoc bchxnep bhlkdaj caopdqt cbmdyhk dcbaykv dcvaujv defixan defspnu earnwoa ebpihba fcnqtey feegtea gbspcvg gcldwbo haxenql hoeqyps hoaqjtj iaoiufo invegmq jmkambl johaffr kaclphq kakxfxl kclfvlm lakuoxt lbevlwj lbkvmbd mbfbmvx mhbvqfj nbdjyip ndcglal obwqdfr oenousk pipkaqd pkwuiho qafgfwg qbwhhwc qbyacxh rblujkl riayjah serxqma sjnhrmf thayfpb tibnvtm tigrcix akxfggr ucwpdnb uhjhlwc vcwacma vevgdah axepkks wbltyay wcjqela xbpkslh xcwuxdf yadnmvd ycsuaow aadlfsp ahmvexp aktmarv amqdjnb aetqyxf aitujkj aeyfnqh 

aaupbyx ajkvnoc bchxnep bhlkdaj caopdqt cbmdyhk dcbaykv dcvaujv defixan defspnu earnwoa ebpihba fcnqtey feegtea gbspcvg gcldwbo haxenql hoeqyps hoaqjtj iaoiufo invegmq jmkambl johaffr kaclphq kakxfxl kclfvlm lakuoxt lbevlwj lbkvmbd mbfbmvx mhbvqfj nbdjyip ndcglal obwqdfr oenousk pipkaqd pkwuiho qafgfwg qbwhhwc qbyacxh rblujkl riayjah serxqma sjnhrmf thayfpb tibnvtm tigrcix akxfggr ucwpdnb uhjhlwc vcwacma vevgdah axepkks wbltyay wcjqela xbpkslh xcwuxdf yadnmvd ycsuaow aadlfsp ahmvexp aktmarv amqdjnb aetqyxf aitujkj aeyfnqh 
FALSE 
FALSE 
5trfvpr 5ufhdae 5ufjjga jtrfvpr jufhdae jufjjga ktrfvpr kufhdae kufjjga ltrfvpr lufhdae lufjjga ltrfvpr lufhdae lufjjga 
FALSE 
sjkvnoc 
aaupbyx ajkvnoc bchxnep bhlkdaj caopdqt cbmdyhk dcbaykv dcvaujv defixan defspnu earnwoa ebpihba fcnqtey feegtea gbspcvg gcldwbo haxenql hoeqyps hoaqjtj iaoiufo invegmq jkysmem jkyxfaw jmkambl kaclphq kakxfxl kclfvlm lakuoxt lbevlwj lbkvmbd mbfbmvx mhbvqfj nbdjyip ndcglal obwqdfr oenousk pipkaqd pkwuiho qafgfwg qbwhhwc qbyacxh rblujkl riayjah serxqma sjnhrmf thayfpb tibnvtm tigrcix akxfggr ucwpdnb uhjhlwc vcwacma vevgdah axepkks wbltyay wcisdbe wcjqela xbpkslh xcwuxdf yadnmvd ycsuaow aadlfsp ahmvexp aktmarv amqdjnb aetqyxf aitujkj aeyfnqh 

FALSE 

aaupbyx ajkvnoc bchxnep bhlkdaj caopdqt cbmdyhk darggfx dcbaykv dcvaujv earnwoa ebpihba fcnqtey feegtea gbspcvg gcldwbo haxenql hegvfnm iaoiufo iionfwg jkysmem jkyxfaw jmkambl kaclphq kakxfxl kclfvlm lakuoxt lbevlwj lbkvmbd mbfbmvx mhbvqfj nbdjyip ndcglal obwqdfr oenousk pipkaqd pkwuiho qafgfwg qbwhhwc qbyacxh rblujkl riayjah serxqma sjnhrmf tgpleeu thayfpb akxfggr ucwpdnb uhjhlwc vcwacma vevgdah axepkks wbltyay wcisdbe wcjqela xbpkslh xcwuxdf yadnmvd ycsuaow aadlfsp ahmvexp aktmarv amqdjnb aetqyxf aitujkj aeyfnqh asnnsge 
utrfvpr 


2aupbyx aaupbyx baupbyx caupbyx caupbyx 
eaupbyx 
107.347826 
6wopdvi 6ykkicm mwopdvi mykkicm nwopdvi nykkicm owopdvi oykkicm owopdvi oykkicm 
4trfvpr 4ufhdae 4ufjjga gtrfvpr gufhdae gufjjga htrfvpr hufhdae hufjjga itrfvpr iufhdae iufjjga itrfvpr iufhdae iufjjga 


aaupbyx ajkvnoc bbcpewr bbfiauv bchxnep caopdqt cbmdyhk darggfx dcbaykv dcvaujv earnwoa ebpihba fcnqtey feegtea gbspcvg gcldwbo haxenql hedwsfd heextho iaoiufo iionfwg jkysmem jkyxfaw jkathbb jmkambl kaclphq kakxfxl kclfvlm lakuoxt lbevlwj lbkvmbd mbfbmvx mhbvqfj nabtpyq nbdjyip obwqdfr oenousk pipkaqd pkitsti pkwuiho qafgfwg qbwhhwc qbyacxh rblujkl rgmiqxh serxqma sjnhrmf tgpleeu thayfpb akxfggr ucwpdnb uhjhlwc uhlaipt vcwacma vdnhssf axepkks wbltyay wcisdbe wcjqela xbpkslh xcwuxdf yadnmvd ycsuaow aadlfsp ahmvexp aktmarv amqdjnb aetqyxf aitujkj aeyfnqh asnnsge ahpgpag 

iaupbyx 

107.521825 
aaupbyx agxsywj bbcpewr bbfiauv bchxnep caopdqt cbmdyhk darggfx dcbaykv dcvaujv earnwoa ebpihba fcnqtey feegtea gbspcvg gcldwbo haxenql hedwsfd heextho iaoiufo iionfwg jkysmem jkyxfaw jkathbb jmkambl kaclphq kakxfxl kclfvlm lakuoxt lbevlwj lbkvmbd mbfbmvx meorvfd nabtpyq nbdjyip obwqdfr oenousk pipkaqd pkitsti pkwuiho qafgfwg qbwhhwc qbyacxh rblujkl reajkxa serxqma sjnhrmf tgpleeu thayfpb akxfggr ubgexpg ucwpdnb vcwacma vdnhssf axepkks wbltyay wcisdbe wcjqela xbpkslh xcwuxdf yadnmvd ycsuaow aadlfsp ahmvexp aktmarv amqdjnb aetqyxf aitujkj aeyfnqh asnnsge ahpgpag auuohxl 
ssrncwu 

FALSE 

aaupbyx agxsywj bbcpewr bbfiauv bchxnep caopdqt cbmdyhk darggfx dcbaykv dcvaujv earnwoa ebpihba fcnqtey feegtea gbspcvg gcldwbo haxenql hedwsfd heextho iaoiufo iionfwg jkysmem jkyxfaw jkathbb jmkambl kaclphq kakxfxl kclfvlm lakuoxt lbevlwj lbkvmbd mabobaw mbfbmvx nabtpyq nbdjyip obwqdfr oenousk pipkaqd pkitsti pkwuiho qafgfwg qbwhhwc qbyacxh rblujkl reajkxa serxqma sjnhrmf tgpleeu tgwvpfr thayfpb akxfggr ubgexpg ucwpdnb vcwacma vdnhssf axepkks wbltyay wcisdbe wcjqela xbpkslh xcwuxdf yadnmvd ycsuaow aadlfsp ahmvexp aktmarv amqdjnb aetqyxf aitujkj aeyfnqh asnnsge ahpgpag auuohxl aybuobm 
aaupbyx agxsywj bbcpewr bbfiauv bchxnep caopdqt cbmdyhk darggfx dcbaykv dcvaujv earnwoa ebpihba fcnqtey feegtea gbspcvg gcldwbo haxenql hedwsfd heextho iaoiufo iionfwg jkysmem jkyxfaw jkathbb jmkambl kaclphq kakxfxl kclfvlm lakuoxt lbevlwj lbkvmbd mabobaw mbfbmvx nabtpyq nbdjyip obwqdfr oenousk pipkaqd pkitsti pkwuiho qafgfwg qbwhhwc qbyacxh rblujkl reajkxa serxqma sjnhrmf tgpleeu tgwvpfr thayfpb akxfggr ubgexpg ucwpdnb vcwacma vdnhssf axepkks wbltyay wcisdbe wcjqela xbpkslh xcwuxdf yadnmvd ycsuaow aadlfsp ahmvexp aktmarv amqdjnb aetqyxf aitujkj aeyfnqh asnnsge ahpgpag auuohxl aybuobm 
aaupbyx aavagqh agxsywj bbcpewr bbfiauv bchxnep caopdqt cbmdyhk darggfx dcbaykv dcvaujv earnwoa ebpihba fcnqtey feegtea gbspcvg gcldwbo haxenql hbfgrai iaoiufo iionfwg jkysmem jkyxfaw jkathbb jmkambl kaclphq kakxfxl kclfvlm lakuoxt lbevlwj lbkvmbd mabobaw mbfbmvx nabtpyq nbdjyip obwqdfr oenousk pipkaqd pkitsti pkwuiho qafgfwg qbwhhwc qbyacxh rblujkl reajkxa serxqma sjnhrmf tgpleeu tgwvpfr thayfpb akxfggr ubgexpg ucwpdnb vcwacma vdnhssf axepkks wbltyay wcisdbe wcjqela xbpkslh xcwuxdf yadnmvd ycsuaow aadlfsp ahmvexp aktmarv amqdjnb aetqyxf aitujkj aeyfnqh asnnsge ahpgpag auuohxl aybuobm aaqotak acxpcis 

aaupbyx aavagqh agxsywj bbcpewr bbfiauv bchxnep caopdqt cbmdyhk darggfx dcbaykv dcvaujv earnwoa ebpihba fcnqtey feegtea gbspcvg gcldwbo haxenql hbfgrai iaoiufo iionfwg jkysmem jkyxfaw jkathbb jmkambl kaclphq kakxfxl kclfvlm lakuoxt lbevlwj lbkvmbd mabobaw mbfbmvx nabtpyq nbdjyip obwqdfr oenousk pipkaqd pkitsti pkwuiho qafgfwg qbwhhwc qbyacxh rblujkl reajkxa serxqma sjnhrmf tgpleeu tgwvpfr thayfpb akxfggr ubgexpg ucwpdnb vcwacma vdnhssf axepkks wbltyay wcisdbe wcjqela xbpkslh xcwuxdf yadnmvd ycsuaow aadlfsp ahmvexp aktmarv amqdjnb aetqyxf aitujkj aeyfnqh asnnsge ahpgpag auuohxl aybuobm aaqotak acxpcis 
aaupbyx aavagqh agxsywj bbcpewr bbfiauv bchxnep caopdqt cbmdyhk darggfx dcbaykv dcvaujv earnwoa ebpihba fcnqtey feegtea gbspcvg gcldwbo haxenql hbfgrai iaoiufo iionfwg jkysmem jkyxfaw jkathbb jmkambl kaclphq kakxfxl kclfvlm lakuoxt lbevlwj lbkvmbd mabobaw mbfbmvx nabtpyq nbdjyip obwqdfr oenousk pipkaqd pkitsti pkwuiho qafgfwg qbwhhwc qbyacxh rblujkl reajkxa serxqma sjnhrmf tgpleeu tgwvpfr thayfpb akxfggr ubgexpg ucwpdnb vcwacma vdnhssf axepkks wbltyay wcisdbe wcjqela xbpkslh xcwuxdf yadnmvd ycsuaow aadlfsp ahmvexp aktmarv amqdjnb aetqyxf aitujkj aeyfnqh asnnsge ahpgpag auuohxl aybuobm aaqotak acxpcis 
aaupbyx aavagqh agxsywj bbcpewr bbfiauv bchxnep caopdqt cbmdyhk darggfx dcbaykv dcvaujv earnwoa ebpihba fcnqtey feegtea gbspcvg gcldwbo haxenql hbfgrai iaoiufo iionfwg jkysmem jkyxfaw jkathbb jmkambl kaclphq kakxfxl kclfvlm lakuoxt lbevlwj lbkvmbd mabobaw mbfbmvx nabtpyq nbdjyip obwqdfr oenousk pipkaqd pkitsti pkwuiho qafgfwg qbwhhwc qbyacxh rblujkl reajkxa serxqma sjnhrmf tgpleeu tgwvpfr thayfpb akxfggr ubgexpg ucwpdnb vcwacma vdnhssf axepkks wbltyay wcisdbe wcjqela xbpkslh xcwuxdf yadnmvd ycsuaow aadlfsp ahmvexp aktmarv amqdjnb aetqyxf aitujkj aeyfnqh asnnsge ahpgpag auuohxl aybuobm aaqotak acxpcis 

aaupbyx aavagqh agxsywj bbcpewr bbfiauv bchxnep caopdqt cbmdyhk darggfx dcbaykv dcvaujv earnwoa ebpihba fcnqtey feegtea gbspcvg gcldwbo haxenql hbfgrai iaoiufo iionfwg jkysmem jkyxfaw jkathbb jmkambl kaclphq kakxfxl kclfvlm lakuoxt lbevlwj lbkvmbd mabobaw mbfbmvx nabtpyq nbdjyip obwqdfr oenousk pipkaqd pkitsti pkwuiho qafgfwg qbwhhwc qbyacxh rblujkl reajkxa serxqma sjnhrmf tgpleeu tgwvpfr thayfpb akxfggr ubgexpg ucwpdnb vcwacma vdnhssf axepkks wbltyay wcisdbe wcjqela xbpkslh xcwuxdf yadnmvd ycsuaow aadlfsp ahmvexp aktmarv amqdjnb aetqyxf aitujkj aeyfnqh asnnsge ahpgpag auuohxl aybuobm aaqotak acxpcis 
9trfvpr 9ufhdae 9ufjjga wtrfvpr wufhdae wufjjga xtrfvpr xufhdae xufjjga ytrfvpr yufhdae yufjjga ztrfvpr zufhdae zufjjga ztrfvpr zufhdae zufjjga 
7trfvpr 7ufhdae 7ufjjga ptrfvpr pufhdae pufjjga qtrfvpr qufhdae qufjjga rtrfvpr rufhdae rufjjga strfvpr sufhdae sufjjga strfvpr sufhdae sufjjga 
1gxsywj 1gxsywj 


xgxsywj 
aaupbyx aavagqh agxsywj bbcpewr bbfiauv bchxnep caopdqt cbmdyhk darggfx dcbaykv dcvaujv earnwoa ebpihba fcnqtey feegtea gbspcvg gcldwbo haxenql hbfgrai iaoiufo iionfwg jbctich jkysmem jkyxfaw jkathbb kaclphq kakxfxl kclfvlm lakuoxt lbevlwj lbkvmbd mabobaw mbfbmvx nabtpyq natemnu nbdjyip obwqdfr oenousk pibxbrt pipkaqd pkitsti pkwuiho qafgfwg qbwhhwc qbyacxh rblujkl reajkxa serxqma sjarlmw sjnhrmf tgpleeu tgwvpfr thayfpb akxfggr ubgexpg ucwpdnb vcwacma vdnhssf axepkks waiuwra wbltyay xbpkslh xcwuxdf yadnmvd ycsuaow aadlfsp ahmvexp aktmarv amqdjnb aetqyxf aitujkj aeyfnqh asnnsge ahpgpag auuohxl aybuobm aaqotak acxpcis ajaatkj 
FALSE 
aathxis aaupbyx agxsywj baaixvx bbcpewr bbfiauv caopdqt cbmdyhk darggfx dcbaykv dcvaujv earnwoa ebpihba fcnqtey feegtea gbspcvg gcldwbo haxenql hbfgrai iaoiufo iionfwg jbctich jkysmem jkyxfaw jkathbb kaclphq kakxfxl kclfvlm lakuoxt lbevlwj lbkvmbd mabobaw mbfbmvx nabtpyq natemnu nbdjyip obwqdfr oenousk pibxbrt pipkaqd pkitsti pkwuiho qafgfwg qbwhhwc qbyacxh rblujkl reajkxa serxqma sjarlmw sjnhrmf tgpleeu tgwvpfr thayfpb akxfggr ubgexpg ucwpdnb vcwacma vdnhssf axepkks waiuwra wbltyay xbpkslh xcwuxdf yadnmvd ycsuaow aadlfsp ahmvexp aktmarv amqdjnb aetqyxf aitujkj aeyfnqh asnnsge ahpgpag auuohxl aybuobm aaqotak acxpcis ajaatkj 
aathxis aaupbyx agxsywj baaixvx bbcpewr bbfiauv caopdqt cbmdyhk darggfx dcbaykv dcvaujv earnwoa ebpihba fcnqtey feegtea gbspcvg gcldwbo haxenql hbfgrai iaoiufo ihmucof jbctich jkysmem jkyxfaw jkathbb kaclphq kakxfxl kclfvlm lakuoxt lbevlwj lbkvmbd mabobaw mbfbmvx nabtpyq natemnu nbdjyip obwqdfr oenousk pibxbrt pipkaqd pkitsti pkwuiho qafgfwg qbwhhwc qbyacxh rblujkl reajkxa serxqma sjarlmw sjnhrmf tgpleeu tgwvpfr thayfpb akxfggr ubgexpg ucwpdnb vcwacma vdnhssf axepkks waiuwra wbltyay xbpkslh xcwuxdf yadnmvd ycsuaow aadlfsp ahmvexp aktmarv amqdjnb aetqyxf aitujkj aeyfnqh asnnsge ahpgpag auuohxl aybuobm aaqotak acxpcis ajaatkj 
aathxis aaupbyx agxsywj baaixvx bbcpewr bbfiauv caopdqt cbmdyhk darggfx dcbaykv dcvaujv earnwoa ebpihba fcnqtey feegtea gbspcvg gcldwbo haxenql hbfgrai iaoiufo ihmucof jbctich jkysmem jkyxfaw jkathbb kaclphq kakxfxl kclfvlm lakuoxt lbevlwj lbkvmbd mabobaw mbfbmvx nabtpyq natemnu nbdjyip obwqdfr oenousk pibxbrt pipkaqd pkitsti pkwuiho qafgfwg qbwhhwc qbyacxh rblujkl reajkxa serxqma sjarlmw sjnhrmf tgpleeu tgwvpfr thayfpb akxfggr ubgexpg ucwpdnb vcwacma vdnhssf axepkks waiuwra wbltyay xbpkslh xcwuxdf yadnmvd ycsuaow aadlfsp ahmvexp aktmarv amqdjnb aetqyxf aitujkj aeyfnqh asnnsge ahpgpag auuohxl aybuobm aaqotak acxpcis ajaatkj 
5athxis 5aupbyx jathxis jaupbyx kathxis kaupbyx lathxis laupbyx lathxis laupbyx 
hwopdvi 
aathxis aaupbyx agxsywj baaixvx bbcpewr bbfiauv caopdqt cbmdyhk darggfx dcbaykv dcvaujv earnwoa ebpihba fcnqtey feegtea fehsxah gbspcvg gcldwbo haxenql hbfgrai iaoiufo ihmucof jbctich jkysmem jkyxfaw jkathbb kaclphq kakxfxl kclfvlm lakuoxt lbevlwj lbkvmbd mabobaw mbfbmvx nabtpyq natemnu nbdjyip obwqdfr oenousk pibxbrt pipkaqd pkitsti pkwuiho qafgfwg qbwhhwc qbyacxh rblujkl reajkxa rercnnl serxqma sjarlmw sjnhrmf tgpleeu tgwvpfr thayfpb akxfggr ubgexpg ucwpdnb vcwacma vdnhssf axepkks waiuwra wbltyay xbpkslh xcwuxdf yadnmvd ycsuaow aadlfsp ahmvexp aktmarv amqdjnb aetqyxf aitujkj aeyfnqh asnnsge ahpgpag auuohxl aybuobm aaqotak acxpcis ajaatkj 
aathxis aaupbyx agxsywj baaixvx bbcpewr bbfiauv caopdqt cbmdyhk darggfx dcbaykv dcvaujv earnwoa ebpihba fcnqtey feegtea fehsxah gbspcvg gcldwbo haxenql hbfgrai iaoiufo ihmucof jbctich jkwoaxc jkysmem jkyxfaw kaclphq kakxfxl kclfvlm lakuoxt lbevlwj lbkvmbd mabobaw mbfbmvx nabtpyq natemnu nbdjyip obwqdfr oenousk pibxbrt pipkaqd pkitsti pkwuiho qafgfwg qafaooi qbwhhwc qbyacxh rblujkl reajkxa rercnnl serxqma sjarlmw sjnhrmf tgpleeu tgwvpfr thayfpb akxfggr ubgexpg ucwpdnb vcwacma vdnhssf axepkks waiuwra wbltyay xbpkslh xcwuxdf yadnmvd ycsuaow aadlfsp ahmvexp aktmarv amqdjnb aetqyxf aitujkj aeyfnqh asnnsge ahpgpag auuohxl aybuobm aaqotak acxpcis ajaatkj 
107.548780 

aathxis aaupbyx agxsywj baaixvx bbcpewr bbfiauv caopdqt cbmdyhk darggfx dcbaykv dcvaujv earnwoa ebpihba fcnqtey feegtea fehsxah gbspcvg gcldwbo haxenql hbfgrai iaoiufo ihmucof jbctich jkwoaxc jkysmem jkyxfaw kaclphq kakxfxl kclfvlm lakuoxt lbevlwj lbkvmbd mabobaw mbfbmvx nabtpyq natemnu nbdjyip obwqdfr oenousk pibxbrt pipkaqd pkitsti pkwuiho qafgfwg qafaooi qbwhhwc qbyacxh rblujkl reajkxa rercnnl serxqma sjarlmw sjnhrmf tgpleeu tgwvpfr thayfpb akxfggr ubgexpg ucwpdnb vcwacma vdnhssf axepkks waiuwra wbltyay xbpkslh xcwuxdf yadnmvd ycsuaow aadlfsp ahmvexp aktmarv amqdjnb aetqyxf aitujkj aeyfnqh asnnsge ahpgpag auuohxl aybuobm aaqotak acxpcis ajaatkj 

jufhdae jufjjga 

pwopdvi 
107.536585 
aathxis aaupbyx agxsywj baaixvx bbcpewr bbfiauv caopdqt cbmdyhk darggfx dcbaykv dcvaujv earnwoa ebpihba fcnqtey feegtea fehsxah gbspcvg gcldwbo haxenql hbfgrai iaoiufo ihmucof jbctich jkwoaxc jkysmem jkyxfaw kaclphq kakxfxl kclfvlm lakuoxt lbevlwj lbkvmbd mabobaw mbfbmvx nabtpyq natemnu nbdjyip obwqdfr oenousk pibxbrt pipkaqd pkitsti pkwuiho qafgfwg qafaooi qbwhhwc qbyacxh rblujkl reajkxa rercnnl serxqma sjarlmw sjnhrmf tdnkofa tgpleeu tgwvpfr akxfggr ubgexpg ucwpdnb vcwacma vdnhssf axepkks waiuwra wbltyay xbpkslh xcwuxdf yadnmvd ycsuaow aadlfsp ahmvexp aktmarv amqdjnb aetqyxf aitujkj aeyfnqh asnnsge ahpgpag auuohxl aybuobm aaqotak acxpcis ajaatkj 
FALSE 
107.589065 
FALSE 


aathxis aaupbyx agxsywj baaixvx bbcpewr bbfiauv caopdqt cbmdyhk darggfx dcbaykv dcvaujv earnwoa ebpihba faiqmtc fcnqtey gbspcvg gcldwbo haxenql hbfgrai iaoiufo ihmucof jbctich jkwoaxc jkysmem jkyxfaw kaclphq kakxfxl kclfvlm lakuoxt lbevlwj lbkvmbd mabobaw mbfbmvx nabtpyq natemnu nbdjyip obwqdfr ocrmffe pibxbrt pipkaqd pkitsti pkwuiho qafgfwg qafaooi qbwhhwc qbyacxh rblujkl reajkxa rercnnl serxqma sjarlmw sjnhrmf tdnkofa tgpleeu tgwvpfr akxfggr ubgexpg ucwpdnb vcwacma vdnhssf axepkks waiuwra wbltyay xbpkslh xcwuxdf yadnmvd ycsuaow aadlfsp ahmvexp aktmarv amqdjnb aetqyxf aitujkj aeyfnqh asnnsge ahpgpag auuohxl aybuobm aaqotak acxpcis ajaatkj 
FALSE 

aathxis aaupbyx agxsywj baaixvx bbcpewr bbfiauv caopdqt cbmdyhk darggfx dcbaykv dcvaujv earnwoa ebpihba faiqmtc fcnqtey gbspcvg gcldwbo haxenql hbfgrai iaoiufo ihmucof jbctich jkwoaxc jkysmem jkyxfaw kaclphq kakxfxl kclfvlm lakuoxt lbevlwj lbkvmbd mabobaw mbfbmvx nabtpyq natemnu nbdjyip obwqdfr ocrmffe pibxbrt pipkaqd pkitsti pkwuiho qafgfwg qafaooi qbwhhwc qbyacxh rblujkl reajkxa rercnnl serxqma sjarlmw sjnhrmf tdnkofa tgpleeu tgwvpfr akxfggr ubgexpg ucwpdnb vcwacma vdnhssf axepkks waiuwra wbltyay xbpkslh xcwuxdf yadnmvd ycsuaow aadlfsp ahmvexp aktmarv amqdjnb aetqyxf aitujkj aeyfnqh asnnsge ahpgpag auuohxl aybuobm aaqotak acxpcis ajaatkj 
aathxis aaupbyx agxsywj baaixvx bbcpewr bbfiauv caopdqt cbmdyhk darggfx dcbaykv dcvaujv earnwoa ebpihba faewhxp faiqmtc fcnqtey gbspcvg gcldwbo haxenql hbfgrai iaoiufo ihmucof jbctich jkwoaxc jkysmem jkyxfaw kaclphq kakxfxl kclfvlm lakuoxt lbevlwj lbkvmbd mabobaw mbfbmvx nabtpyq natemnu nbdjyip obwqdfr ocrmffe pibxbrt pipkaqd pkitsti pkwuiho qafgfwg qafaooi qbwhhwc qbyacxh rblujkl reajkxa rercnnl serxqma sjarlmw sjnhrmf tdnkofa tgpleeu tgwvpfr akxfggr ubgexpg ucwpdnb vcwacma vdnhssf axepkks waiuwra wantldf wbltyay xbpkslh xcwuxdf yadnmvd ycsuaow aadlfsp ahmvexp aktmarv amqdjnb aetqyxf aitujkj aeyfnqh asnnsge ahpgpag auuohxl aybuobm aaqotak acxpcis ajaatkj aybbxda 
FALSE 
aathxis aaupbyx agxsywj baaixvx bbcpewr bbfiauv caopdqt cbmdyhk darggfx dcbaykv dcvaujv earnwoa ebpihba faewhxp faiqmtc fcnqtey gbspcvg gcldwbo haxenql hbfgrai iaoiufo ihmucof jbctich jkwoaxc jkysmem jkyxfaw kaclphq kakxfxl kclfvlm lakuoxt lbevlwj lbkvmbd mabobaw mbfbmvx nabtpyq natemnu nbdjyip obwqdfr ocrmffe pibxbrt pipkaqd pkitsti pkwuiho qafgfwg qafaooi qbwhhwc qbyacxh rblujkl reajkxa rercnnl serxqma sjarlmw sjnhrmf tdnkofa tgpleeu tgwvpfr akxfggr ubgexpg ucwpdnb vcwacma vdnhssf axepkks waiuwra wantldf wbltyay xbpkslh xcwuxdf yadnmvd ycsuaow aadlfsp ahmvexp aktmarv amqdjnb aetqyxf aitujkj aeyfnqh asnnsge ahpgpag auuohxl aybuobm aaqotak acxpcis ajaatkj aybbxda 
FALSE 
107.494898 
FALSE 

ptrfvpr 
aathxis aaupbyx agxsywj baaixvx bbcpewr bbfiauv caopdqt cbmdyhk darggfx dcbaykv dcvaujv earnwoa ebpihba faewhxp faiqmtc fcnqtey gbspcvg gcldwbo haxenql hbfgrai iaoiufo ihmucof jbctich jkwoaxc jkysmem jkyxfaw kaclphq kakxfxl kclfvlm lakuoxt lbevlwj lbkvmbd mabobaw mbfbmvx nabtpyq natemnu nbdjyip obwqdfr ocrmffe pcvqhiv pibxbrt pipkaqd qafgfwg qafaooi qbwhhwc qbyacxh rblujkl reajkxa rercnnl serxqma sjarlmw sjnhrmf tdnkofa tgpleeu tgwvpfr akxfggr ubgexpg ucwpdnb vcwacma vdnhssf axepkks waiuwra wantldf wbltyay xbpkslh xcwuxdf yadnmvd ycsuaow aadlfsp ahmvexp aktmarv amqdjnb aetqyxf aitujkj aeyfnqh asnnsge ahpgpag auuohxl aybuobm aaqotak acxpcis ajaatkj aybbxda 
aathxis aaupbyx agxsywj baaixvx bbcpewr bbfiauv caopdqt cbmdyhk darggfx dcbaykv dcvaujv earnwoa ebpihba faewhxp faiqmtc fcnqtey gbspcvg gcldwbo haxenql hbfgrai iaoiufo ihmucof jbctich jkwoaxc jkysmem jkyxfaw kaclphq kakxfxl kclfvlm lakuoxt lbevlwj lbkvmbd mabobaw mbfbmvx nabtpyq natemnu nbdjyip obwqdfr ocrmffe pcvqhiv pibxbrt pipkaqd qafgfwg qafaooi qbwhhwc qbyacxh rblujkl reajkxa rercnnl serxqma sjarlmw sjnhrmf tdnkofa tgpleeu tgwvpfr akxfggr ubgexpg ucwpdnb vcwacma vdnhssf axepkks waiuwra wantldf wbltyay xbpkslh xcwuxdf yadnmvd ycsuaow aadlfsp ahmvexp aktmarv amqdjnb aetqyxf aitujkj aeyfnqh asnnsge ahpgpag auuohxl aybuobm aaqotak acxpcis ajaatkj aybbxda 
2trfvpr 2ufhdae 2ufjjga atrfvpr aufhdae aufjjga btrfvpr bufhdae bufjjga ctrfvpr cufhdae cufjjga ctrfvpr cufhdae cufjjga 
aathxis aaupbyx agxsywj baaixvx bbcpewr bbfiauv caopdqt cbmdyhk darggfx dcbaykv dcvaujv earnwoa ebpihba faewhxp faiqmtc fcnqtey gbspcvg gcldwbo haxenql hbfgrai iaoiufo ihmucof jbctich jkwoaxc jkysmem jkyxfaw kaclphq kakxfxl kclfvlm lakuoxt lbevlwj lbkvmbd mabobaw mbfbmvx nabtpyq natemnu nbdjyip obwqdfr ocrmffe pcvqhiv pibxbrt pipkaqd qafgfwg qafaooi qbwhhwc qbyacxh rblujkl reajkxa rercnnl sbpamnf serxqma tdnkofa tgpleeu tgwvpfr akxfggr ubgexpg ucwpdnb vcwacma vdnhssf axepkks waiuwra wantldf wbltyay xbpkslh xcwuxdf yadnmvd ycsuaow aadlfsp ahmvexp aktmarv amqdjnb aetqyxf aitujkj aeyfnqh asnnsge ahpgpag auuohxl aybuobm aaqotak acxpcis ajaatkj aybbxda 
aathxis aaupbyx agxsywj baaixvx bbcpewr bbfiauv caopdqt cbmdyhk darggfx dcbaykv dcvaujv earnwoa ebpihba faewhxp faiqmtc fcnqtey gbspcvg gcldwbo haxenql hbfgrai iaoiufo ihmucof jbctich jkwoaxc jkysmem jkyxfaw kaclphq kakxfxl kclfvlm lakuoxt lbevlwj lbkvmbd mabobaw mbfbmvx nabtpyq natemnu nbdjyip obwqdfr ocrmffe pcvqhiv pibxbrt pipkaqd qafgfwg qafaooi qbwhhwc qbyacxh rblujkl reajkxa rercnnl sbpamnf serxqma tdnkofa tgpleeu tgwvpfr akxfggr ubgexpg ucwpdnb vcwacma vdnhssf axepkks waiuwra wantldf wbltyay xbpkslh xcwuxdf yadnmvd ycsuaow aadlfsp ahmvexp aktmarv amqdjnb aetqyxf aitujkj aeyfnqh asnnsge ahpgpag auuohxl aybuobm aaqotak acxpcis ajaatkj aybbxda 
aathxis aaupbyx agxsywj baaixvx bbcpewr bbfiauv caopdqt cbmdyhk darggfx dcbaykv dcvaujv earnwoa ebpihba faewhxp faiqmtc fcnqtey gbspcvg gcldwbo haxenql hbfgrai iaoiufo ihmucof jbctich jkwoaxc jkysmem jkyxfaw kaclphq kakxfxl kclfvlm lakuoxt lbevlwj lbkvmbd mabobaw mbfbmvx nabtpyq natemnu nbdjyip obwqdfr ocrmffe pcvqhiv pibxbrt pipkaqd qafgfwg qafaooi qbwhhwc qbyacxh rblujkl reajkxa rercnnl sbpamnf serxqma tdnkofa tgpleeu tgwvpfr akxfggr ubgexpg ucwpdnb vcwacma vdnhssf axepkks waiuwra wantldf wbltyay xbpkslh xcwuxdf yadnmvd ycsuaow aadlfsp ahmvexp aktmarv amqdjnb aetqyxf aitujkj aeyfnqh asnnsge ahpgpag auuohxl aybuobm aaqotak acxpcis ajaatkj aybbxda 



107.368330 
107.318815 
tufhdae tufjjga tuqckmb 

aathxis aaupbyx agxsywj baaixvx bbcpewr bbfiauv caopdqt cbmdyhk darggfx dcbaykv dcvaujv earnwoa ebpihba faewhxp faiqmtc fcnqtey gbspcvg gcldwbo haxenql hbfgrai iafavvh iaoiufo ihmucof jbctich jetgysr kaclphq kakxfxl kclfvlm lakuoxt lbevlwj lbkvmbd mabobaw mbfbmvx nabtpyq natemnu nbdjyip obwqdfr ocrmffe pcvqhiv pibxbrt pipkaqd qafgfwg qafaooi qbwhhwc qbyacxh rblujkl reajkxa rercnnl sbpamnf serxqma tbsixqu tdnkofa akxfggr ubgexpg ucwpdnb vcwacma vdnhssf axepkks waiuwra wantldf wbltyay xbpkslh xcwuxdf yadnmvd ycsuaow aadlfsp ahmvexp aktmarv amqdjnb aetqyxf aitujkj aeyfnqh asnnsge ahpgpag auuohxl aybuobm aaqotak acxpcis ajaatkj aybbxda 
aathxis aaupbyx agxsywj baaixvx bbcpewr bbfiauv caopdqt cbmdyhk darggfx dcbaykv dcvaujv earnwoa ebpihba faewhxp faiqmtc fcnqtey gbspcvg gcldwbo haxenql hbfgrai iafavvh iaoiufo ihmucof jbctich jetgysr kaclphq kakxfxl kclfvlm lakuoxt lbevlwj lbkvmbd mabobaw mbfbmvx nabtpyq natemnu nbdjyip obwqdfr ocrmffe pcvqhiv pibxbrt pipkaqd qafgfwg qafaooi qbwhhwc qbyacxh rblujkl reajkxa rercnnl sbpamnf serxqma tbsixqu tdnkofa akxfggr ubgexpg ucwpdnb vcwacma vdnhssf axepkks waiuwra wantldf wbltyay xbpkslh xcwuxdf yadnmvd ycsuaow aadlfsp ahmvexp aktmarv amqdjnb aetqyxf aitujkj aeyfnqh asnnsge ahpgpag auuohxl aybuobm aaqotak acxpcis ajaatkj aybbxda 
aathxis aaupbyx agxsywj baaixvx bbcpewr bbfiauv caopdqt cbmdyhk darggfx dcbaykv dcvaujv earnwoa ebpihba faewhxp faiqmtc fcnqtey gbspcvg gcldwbo haxenql hbfgrai iafavvh iaoiufo ihmucof jbctich jetgysr kaclphq kakxfxl kclfvlm lakuoxt lbevlwj lbkvmbd mabobaw mbfbmvx nabtpyq natemnu nbdjyip obwqdfr ocrmffe pcvqhiv pibxbrt pipkaqd qafgfwg qafaooi qbwhhwc qbyacxh rblujkl reajkxa rercnnl sbpamnf serxqma tbsixqu tdnkofa akxfggr ubgexpg ucwpdnb vcwacma vdnhssf axepkks waiuwra wantldf wbltyay xbpkslh xcwuxdf yadnmvd ycsuaow aadlfsp ahmvexp aktmarv amqdjnb aetqyxf aitujkj aeyfnqh asnnsge ahpgpag auuohxl aybuobm aaqotak acxpcis ajaatkj aybbxda 
nwopdvi 
3jkvnoc 3kgocmb djkvnoc dkgocmb ejkvnoc ekgocmb fjkvnoc fkgocmb fjkvnoc fkgocmb 

aathxis aaupbyx agxsywj baaixvx bbcpewr bbfiauv caopdqt cbmdyhk darggfx dcbaykv dcvaujv earnwoa ebpihba faewhxp faiqmtc fcnqtey gbspcvg gcldwbo haxenql hbfgrai iafavvh iaoiufo ihmucof jbctich jetgysr kaclphq kakxfxl kclfvlm lakuoxt lbevlwj lbkvmbd mabobaw mbfbmvx nabtpyq natemnu nbdjyip obwqdfr ocrmffe pcvqhiv pibxbrt pipkaqd qafgfwg qafaooi qbwhhwc qbyacxh rblujkl reajkxa rercnnl sbpamnf serxqma tbsixqu tcdeskp akxfggr ubgexpg ucwpdnb vcwacma vdnhssf axepkks waiuwra wantldf wbltyay xbpkslh xcwuxdf yadnmvd ycsuaow aadlfsp ahmvexp aktmarv amqdjnb aetqyxf aitujkj aeyfnqh asnnsge ahpgpag auuohxl aybuobm aaqotak acxpcis ajaatkj aybbxda 

owopdvi 



aathxis aaupbyx agxsywj baaixvx bbcpewr bbfiauv caopdqt cbmdyhk darggfx dcbaykv dcvaujv earnwoa ebpihba faewhxp faiqmtc fbayawt gbspcvg gcldwbo haxenql hbfgrai iafavvh iaoiufo ihmucof jbctich jetgysr kaclphq kakxfxl kclfvlm lakuoxt lbevlwj lbkvmbd mabobaw mbfbmvx nabtpyq natemnu nbdjyip obwqdfr ocrmffe pcvqhiv pibxbrt pipkaqd qafgfwg qafaooi qbwhhwc qbyacxh rblujkl reajkxa rercnnl sbpamnf serxqma tbsixqu tcdeskp akxfggr ubgexpg ucwpdnb vcwacma vdnhssf axepkks waiuwra wantldf wbltyay xbpkslh xcwuxdf yadnmvd ycsuaow aadlfsp ahmvexp aktmarv amqdjnb aetqyxf aitujkj aeyfnqh asnnsge ahpgpag auuohxl aybuobm aaqotak acxpcis ajaatkj aybbxda ahvsigu 
FALSE 
8pjkstl 8rcasby 8rrjueh 8srncwu tpjkstl trcasby trrjueh tsrncwu upjkstl urcasby urrjueh usrncwu vpjkstl vrcasby vrrjueh vsrncwu vpjkstl vrcasby vrrjueh vsrncwu 
FALSE 
FALSE 
aathxis aaupbyx agxsywj baaixvx baqaubo bbcpewr bbfiauv caopdqt cbmdyhk darggfx dcbaykv dcvaujv earnwoa ebpihba faewhxp faiqmtc fbayawt gbspcvg gcldwbo haxenql hbfgrai iafavvh iaoiufo ihmucof jbctich jetgysr kaclphq kakxfxl kclfvlm lakuoxt lbevlwj lbkvmbd mabobaw mbfbmvx nabtpyq natemnu nbdjyip obwqdfr ocrmffe pcvqhiv pibxbrt pipkaqd qafgfwg qafaooi qbwhhwc qbyacxh rblujkl reajkxa rercnnl sbpamnf serxqma tbsixqu tcdeskp akxfggr ubgexpg ucwpdnb vcwacma vdnhssf axepkks waiuwra wantldf wbltyay xbpkslh xcwuxdf yadnmvd ycsuaow aadlfsp ahmvexp aktmarv amqdjnb aetqyxf aitujkj aeyfnqh asnnsge ahpgpag auuohxl aybuobm aaqotak acxpcis ajaatkj aybbxda ahvsigu aayhoml 
2athxis 2aupbyx aathxis aaupbyx bathxis baupbyx cathxis caupbyx cathxis caupbyx 


1trfvpr 1ufhdae 1ufjjga 1uqckmb 1trfvpr 1ufhdae 1ufjjga 1uqckmb 
107.310924 



