FALSE 

FALSE 
107.047619 


FALSE 




ypaamre 
aceuhqx akfoiis bttawam buwbxiv ewjahda fewncko gidaagh hbeasfe hxybiue isiduow ktlokru kwmjmvm mlldoyd mqhfjsp mqlxmdn nvbcrdl sjxamgh vitbcor vuwcwya wueovck ypaamre ywlbxit 

FALSE 
aceuhqx akfoiis baaaxwt bttawam ewjahda fewncko gidaagh hbeasfe hxybiue isiduow ktlokru kwmjmvm mlldoyd mqhfjsp mqlxmdn nhbqqqb nvbcrdl ogogcjf rddradn sjxamgh sssbaxa vitbcor vuwcwya wueovck xsxaloo ypaamre ywlbxit 
FALSE 
aceuhqx akfoiis baaaxwt bttawam ewjahda fewncko gidaagh hbeasfe hxybiue isiduow ktlokru kwmjmvm mlldoyd mqhfjsp mqlxmdn nhbqqqb nvbcrdl ogogcjf rddradn sjxamgh sssbaxa vitbcor vuwcwya wueovck xsxaloo ypaamre ywlbxit 
FALSE 
ywlbxit 
abwymob aceuhqx baaaxwt bttawam dnloebh dppuicr ewjahda fewncko gidaagh gikrcay hbeasfe hxybiue isiduow ktlokru kwmjmvm lwimbmw mlldoyd mqhfjsp mqlxmdn nhbqqqb nvbcrdl ogogcjf rddradn rvbeeor sjxamgh skulybk vitbcor vuwcwya wcqqwkx wlubadi xsxaloo ypaamre ywlbxit aehxits 
isiduow isiduow 
abwymob aceuhqx baaaxwt bttawam dhrcckt dnloebh ewjahda fewncko fhjfsfl gidaagh gikrcay hbeasfe htmmhxj iaslasj isiduow kcjqcyc ktlokru lwimbmw lxvvxgq mlldoyd mqhfjsp mqlxmdn nhbqqqb nvbcrdl ogogcjf qftcwtb rahjrjw rddradn sjxamgh skulybk vitbcor vuwcwya wcqqwkx wlubadi wlygfxq xsxaloo ypaamre ywlbxit aehxits 
abwymob aceuhqx baaaxwt bttawam dhrcckt dnloebh ewjahda fewncko fhjfsfl gidaagh gikrcay hbeasfe htmmhxj iaslasj isiduow kcjqcyc ktlokru lwimbmw lxvvxgq mlldoyd mqhfjsp mqlxmdn nhbqqqb nmyocqp ogogcjf qftcwtb rahjrjw rddradn sducxje sjxamgh vitbcor vuwcwya wcqqwkx wlubadi wlygfxq xsxaloo ypaamre ywlbxit aehxits 


abwymob aceuhqx baaaxwt bttawam dhrcckt djctqtr ewjahda fewncko fhjfsfl gidaagh gikrcay gvbinjn hbeasfe htmmhxj iaslasj iiupoya jerglie jxerxxr kcjqcyc ktlokru lwimbmw lxvvxgq mlldoyd mqhfjsp mqlxmdn nhbqqqb nmyocqp ogogcjf onarqqb qftcwtb qfuiarb rahjrjw rddradn sducxje sjxamgh vitbcor vuwcwya wcqqwkx wcyowbi wlubadi wlygfxq xsxaloo ypaamre ywlbxit aehxits aofqmef 
108.094225 

abwymob aceuhqx baaaxwt bsamvni couhgeh cuklmab dhrcckt djctqtr enmjeof ewjahda fewncko fhjfsfl gidaagh gikrcay gvbinjn hbeasfe htmmhxj iaslasj iiupoya jerglie jgktamt kcjqcyc ktlokru luisbnx lwimbmw mlldoyd mqhfjsp mqlxmdn nhbqqqb nmyocqp ogogcjf onarqqb psqbdra pxrhdfw qftcwtb qfuiarb rahjrjw rddradn sducxje sjxamgh vhylpwu vitbcor wcqqwkx wcyowbi wlubadi wlygfxq xsxaloo yhdlfjg ypaamre aehxits aofqmef 
FALSE 

FALSE 
ibwmgcu 
abwymob aceuhqx baaaxwt bsamvni couhgeh cuklmab dhrcckt djctqtr enmjeof eqnttnf fewncko fhjfsfl gidaagh gikrcay gvbinjn hbeasfe hiaattj iaslasj iiupoya jerglie jgktamt kcjqcyc ktlokru luisbnx lwimbmw mlldoyd mqhfjsp mqlxmdn nhbqqqb nmyocqp ogogcjf oijefut plmsoar psqbdra qftcwtb qfuiarb rahjrjw rddradn sducxje sjxamgh taffdsn vhylpwu vitbcor wcqqwkx wcyowbi wlubadi wlygfxq xsxaloo yhdlfjg ypaamre aehxits aofqmef 
abwymob aceuhqx baaaxwt bsamvni couhgeh cuklmab dhrcckt djctqtr enmjeof eqnttnf fewncko fhjfsfl gidaagh gikrcay gvbinjn hbeasfe hiaattj iaslasj iiupoya jerglie jgktamt kcjqcyc ktlokru luisbnx lwimbmw mlldoyd mqhfjsp mqlxmdn nhbqqqb nmyocqp ogogcjf oijefut plmsoar psqbdra qftcwtb qfuiarb rahjrjw rddradn sducxje sjxamgh taffdsn vhylpwu vitbcor wcqqwkx wcyowbi wlubadi wlygfxq xsxaloo yhdlfjg ypaamre aehxits aofqmef 
arcgvfp bsamvni 

hbeasfe 


abwymob aceuhqx baaaxwt bkajhff chafyku couhgeh dhrcckt djctqtr enmjeof eqnttnf fewncko fhjfsfl gidaagh gikrcay gvbinjn hbeasfe hiaattj iaslasj iiupoya jerglie jgktamt kcjqcyc krgqlwd luisbnx lwimbmw mlldoyd mqhfjsp mqlxmdn nhbqqqb nmyocqp ogmmhxc ogogcjf oijefut plmsoar psqbdra qftcwtb qfuiarb qkrhduh rahjrjw rddradn sducxje sjxamgh taffdsn vhylpwu vitbcor wcqqwkx wcyowbi wlubadi wlygfxq xsxaloo yhdlfjg ypaamre aehxits aofqmef 


abwymob aceuhqx baaaxwt bkajhff chafyku couhgeh dhrcckt djctqtr enmjeof eqnttnf fewncko fhjfsfl gidaagh gikrcay gvbinjn hbeasfe hblnjcv hiaattj iaslasj iiupoya jdsldlr jerglie kcjqcyc krgqlwd luisbnx lwimbmw mlldoyd mqhfjsp mqlxmdn nhbqqqb nmyocqp ogmmhxc ogogcjf oijefut plmsoar psqbdra qftcwtb qfuiarb qkrhduh rahjrjw rddradn sducxje sjxamgh taffdsn vhylpwu vitbcor wcqqwkx wcyowbi wlubadi wlygfxq xsxaloo xtqphao yhdlfjg ypaamre aehxits aofqmef akauwvf 
abwymob aceuhqx baaaxwt bkajhff chafyku couhgeh dhrcckt djctqtr enmjeof eqnttnf fewncko fhjfsfl gidaagh gikrcay gvbinjn hbeasfe hblnjcv hiaattj iaslasj iiupoya jdsldlr jerglie kcjqcyc krgqlwd luisbnx lwimbmw mlldoyd mqhfjsp mqlxmdn nhbqqqb nmyocqp ogmmhxc ogogcjf oijefut plmsoar psqbdra qftcwtb qfuiarb qkrhduh rahjrjw rddradn sducxje sjxamgh taffdsn vhylpwu vitbcor wcqqwkx wcyowbi wlubadi wlygfxq xsxaloo xtqphao yhdlfjg ypaamre aehxits aofqmef akauwvf 
abwymob aceuhqx baaaxwt bkajhff chafyku couhgeh dhrcckt djctqtr enmjeof eqnttnf fewncko fhjfsfl gidaagh gikrcay gvbinjn hbeasfe hblnjcv hiaattj iaslasj iiupoya jdsldlr jerglie kcjqcyc krgqlwd luisbnx lwimbmw mlldoyd mqhfjsp mqlxmdn nhbqqqb nmyocqp ogmmhxc ogogcjf oijefut plmsoar psqbdra qftcwtb qfuiarb qkrhduh rahjrjw rddradn sducxje sjxamgh taffdsn vhylpwu vitbcor wcqqwkx wcyowbi wlubadi wlygfxq xsxaloo xtqphao yhdlfjg ypaamre aehxits aofqmef akauwvf 

abwymob aceuhqx baaaxwt bkajhff chafyku couhgeh dhrcckt djctqtr enmjeof eqnttnf fewncko fhjfsfl gidaagh gikrcay gvbinjn hbeasfe hblnjcv hiaattj iaslasj iiupoya jdsldlr jerglie kcjqcyc krgqlwd lrhynot luisbnx mlldoyd mqhfjsp mqlxmdn nhbqqqb nmyocqp ogmmhxc ogogcjf oijefut plmsoar psqbdra qftcwtb qfuiarb qkrhduh rahjrjw rddradn sducxje sjxamgh taffdsn vhylpwu vitbcor wcqqwkx wcyowbi wlubadi wlygfxq xsxaloo xtqphao yfpxpse yhdlfjg aehxits aofqmef akauwvf 
abwymob aceuhqx baaaxwt bkajhff chafyku couhgeh dhrcckt djctqtr enmjeof eqnttnf fewncko fhjfsfl gidaagh gikrcay gvbinjn hbeasfe hblnjcv hiaattj iaslasj iiupoya jdsldlr jerglie kcjqcyc krgqlwd lrhynot luisbnx mlldoyd mqhfjsp mqlxmdn nhbqqqb nmyocqp ogmmhxc ogogcjf oijefut plmsoar psqbdra qftcwtb qfuiarb qkrhduh rahjrjw rddradn sducxje sjxamgh taffdsn vhylpwu vitbcor wcqqwkx wcyowbi wlubadi wlygfxq xpmmcgf xsxaloo yfpxpse yhdlfjg aehxits aofqmef akauwvf 
abwymob aceuhqx baaaxwt bkajhff chafyku couhgeh dhrcckt djctqtr enmjeof eqnttnf fewncko fhjfsfl gidaagh gikrcay gvbinjn hbeasfe hblnjcv hiaattj iaslasj iiupoya jdsldlr jerglie kcjqcyc krgqlwd lrhynot luisbnx mlldoyd mqhfjsp mqlxmdn nhbqqqb nmyocqp ogmmhxc ogogcjf oijefut plmsoar psqbdra qftcwtb qfuiarb qkrhduh rahjrjw rddradn sducxje sjxamgh taffdsn vhylpwu vitbcor wcqqwkx wcyowbi wlubadi wlygfxq xpmmcgf xsxaloo yfpxpse yhdlfjg aehxits aofqmef akauwvf 
abwymob aceuhqx baaaxwt bkajhff chafyku couhgeh dhrcckt djctqtr enmjeof eqnttnf fewncko fhjfsfl gidaagh gikrcay gvbinjn hbeasfe hblnjcv hiaattj iaslasj iiupoya jdsldlr jerglie kaqdnxa kcjqcyc lrhynot luisbnx mlldoyd mqhfjsp mqlxmdn nhbqqqb nmyocqp ogmmhxc ogogcjf oijefut plmsoar psqbdra qftcwtb qfuiarb qkrhduh rahjrjw rddradn sducxje sjxamgh taffdsn vhylpwu vitbcor wcqqwkx wcyowbi wlubadi wlygfxq xpmmcgf xsxaloo yfpxpse yhdlfjg aehxits aofqmef akauwvf 
vwimbmw 
abwymob aceuhqx baaaxwt bkajhff chafyku couhgeh dhrcckt djctqtr enmjeof eqnttnf fewncko fhjfsfl gidaagh gikrcay gvbinjn hbeasfe hblnjcv hiaattj iaslasj iiupoya jagbdra jdsldlr kaqdnxa kcjqcyc lrhynot luisbnx mlldoyd mqhfjsp mqlxmdn nhbqqqb nmyocqp ogmmhxc ogogcjf oijefut plmsoar psqbdra qftcwtb qfuiarb qkrhduh rahjrjw rddradn sducxje sjxamgh taffdsn vauxlbt vhylpwu wcqqwkx wcyowbi wlubadi wlygfxq xpmmcgf xsxaloo yfpxpse yhdlfjg aehxits aofqmef akauwvf 
abwymob aceuhqx baaaxwt bkajhff chafyku couhgeh dhrcckt djctqtr enmjeof eqnttnf fewncko fhjfsfl gidaagh gikrcay gvbinjn hbeasfe hblnjcv hiaattj hidewxo iaslasj iiupoya jagbdra jdsldlr kaqdnxa kcjqcyc lrhynot luisbnx mlldoyd mqhfjsp mqlxmdn nhbqqqb nmyocqp ogmmhxc ogogcjf oijefut plmsoar psqbdra qftcwtb qfuiarb qkrhduh rahjrjw rddradn sducxje sjxamgh taffdsn vauxlbt vhylpwu wcqqwkx wcyowbi wlubadi wlygfxq xpmmcgf xsxaloo yfpxpse yhdlfjg aehxits aofqmef akauwvf 



107.653753 
abwymob aceuhqx baaaxwt bkajhff chafyku couhgeh dhrcckt djctqtr enmjeof eqnttnf fewncko fhjfsfl gidaagh gikrcay gnpxllk hbeasfe hblnjcv hiaattj hidewxo iaslasj iiupoya jagbdra jdfotfn jdsldlr kaqdnxa kcjqcyc lrhynot luisbnx mlldoyd moranxj nhbqqqb nmyocqp ogmmhxc ogogcjf oijefut plmsoar psqbdra qftcwtb qfuiarb qkrhduh rahjrjw rddradn sducxje sjxamgh taffdsn tvpjeip vauxlbt vhylpwu wcqqwkx wcyowbi wlubadi wlygfxq xpmmcgf xsxaloo yfpxpse yhdlfjg aehxits aofqmef akauwvf 
jgktamt jinbogg 
jgktamt jinbogg 
abwymob aceuhqx baaaxwt bkajhff chafyku couhgeh dhrcckt djctqtr enmjeof eqnttnf fewncko fhjfsfl gidaagh gikrcay gnpxllk hbeasfe hblnjcv hiaattj hidewxo iaslasj iiupoya jagbdra jdfotfn jdsldlr kaqdnxa kcjqcyc lrhynot luisbnx mlldoyd moranxj nhbqqqb nmyocqp ogmmhxc ogogcjf oijefut plmsoar psqbdra qftcwtb qfuiarb qkrhduh rahjrjw rddradn sducxje sjxamgh taffdsn tvpjeip vauxlbt vhylpwu wcqqwkx wcyowbi wlubadi wlygfxq xpmmcgf xsxaloo yfpxpse yhdlfjg aehxits aofqmef akauwvf 

xrhynot 
abwymob aceuhqx baaaxwt bkajhff chafyku couhgeh dhrcckt djctqtr enmjeof eqnttnf fewncko fhjfsfl gidaagh gikrcay gnpxllk hbeasfe hblnjcv hcknwfg iaslasj iiupoya jagbdra jdfotfn jdsldlr kaqdnxa kbryxcq lmjamxw lrhynot mlldoyd moranxj nhbqqqb nmyocqp ogmmhxc ogogcjf oijefut plmsoar psqbdra qftcwtb qfuiarb qkrhduh rahjrjw rddradn sducxje sjxamgh taffdsn tvpjeip vauxlbt vfdprsb wcqqwkx wcyowbi wlubadi wlygfxq xpmmcgf xsxaloo yfpxpse yhdlfjg aehxits aofqmef akauwvf 
abwymob aceuhqx baaaxwt bkajhff chafyku couhgeh dhrcckt dhvacvi djctqtr enmjeof eqnttnf fewncko fhjfsfl gidaagh gikrcay gnpxllk hbeasfe hblnjcv hcknwfg iaslasj iiupoya jagbdra jdfotfn jdsldlr kaqdnxa kbryxcq lmjamxw loojras mlldoyd moranxj nhbqqqb nmyocqp ogmmhxc ogogcjf oijefut plmsoar plyvejv psqbdra qftcwtb qfuiarb qkrhduh rahjrjw rddradn sducxje sjxamgh taffdsn tapgflu tvpjeip vauxlbt vfdprsb wcqqwkx wcyowbi wlubadi wlygfxq xpmmcgf xsxaloo yfpxpse yhdlfjg aehxits aofqmef akauwvf 
abwymob aceuhqx baaaxwt bkajhff chafyku couhgeh dhrcckt dhvacvi djctqtr enmjeof eqnttnf fewncko fhjfsfl gidaagh gikrcay gnpxllk hbeasfe hblnjcv hcknwfg iaslasj iiupoya jagbdra jdfotfn jdsldlr kaqdnxa kbryxcq lmjamxw loojras mlldoyd moranxj nhbqqqb nmyocqp ogmmhxc ogogcjf oijefut plmsoar plyvejv psqbdra qftcwtb qfuiarb qkrhduh rahjrjw rddradn sducxje sjxamgh taffdsn tapgflu tvpjeip vauxlbt vfdprsb wcqqwkx wcyowbi wlubadi wlygfxq xpmmcgf xsxaloo yfpxpse yhdlfjg aehxits aofqmef akauwvf 

107.623583 

abwymob aceuhqx baaaxwt bawhlcy bhjnxls chafyku couhgeh dhrcckt dhvacvi djctqtr enmjeof eqnttnf fewncko fhjfsfl gidaagh gikrcay gnpxllk hbeasfe hblnjcv hcknwfg iaslasj iiupoya jagbdra jdcyopx jdfotfn kaqdnxa kbryxcq lmjamxw loojras mlldoyd moranxj nhbqqqb nmyocqp oaobpjv ogmmhxc ogogcjf plmsoar plyvejv psqbdra qftcwtb qfuiarb qkrhduh rahjrjw rddradn sdhcmnu sducxje sghdaua taffdsn tapgflu tvpjeip vauxlbt vfdprsb wcqqwkx wcyowbi wlubadi wlygfxq xpmmcgf xsxaloo yfpxpse yhdlfjg aehxits aofqmef akauwvf ayiwosg 
abwymob aceuhqx baaaxwt bawhlcy bhjnxls chafyku couhgeh dhrcckt dhvacvi djctqtr enmjeof eqnttnf fewncko fhjfsfl gidaagh gikrcay gknfntl hbeasfe hblnjcv hcknwfg iaslasj iiupoya jagbdra jdcyopx jdfotfn kaqdnxa kbryxcq lmjamxw loojras mlldoyd moranxj nhbqqqb nmyocqp oaobpjv ogmmhxc ogogcjf plmsoar plyvejv psqbdra qftcwtb qfuiarb qkrhduh rahjrjw rddradn sdhcmnu sducxje sghdaua taffdsn tapgflu tvpjeip vauxlbt vfdprsb wcqqwkx wcyowbi wlubadi wlygfxq xpmmcgf xsxaloo yfpxpse yhdlfjg aehxits aofqmef akauwvf ayiwosg 
7uisbnx puisbnx quisbnx ruisbnx suisbnx suisbnx 

FALSE 
6uisbnx 6uqbloe muisbnx muqbloe nuisbnx nuqbloe ouisbnx ouqbloe ouisbnx ouqbloe 
abwymob aceuhqx baaaxwt bavimxm bhjnxls chafyku ciretry dgutrso dhrcckt dhvacvi enmjeof eqnttnf fasacob fewncko gidaagh gikrcay gknfntl hbeasfe hblnjcv hcknwfg iaslasj iiupoya jagbdra jdcyopx jdfotfn kaqdnxa kbryxcq lmjamxw loojras mlldoyd moranxj nhbqqqb nmyocqp oahtaol oaobpjv ogmmhxc ogogcjf plmsoar plyvejv psqbdra qftcwtb qfuiarb qkrhduh rahjrjw rddradn sdhcmnu sducxje sghdaua taffdsn tapgflu thiqmih uvpaalk vauxlbt vfdprsb wcqqwkx wcyowbi wlubadi wlygfxq xpmmcgf xsxaloo yfpxpse yhdlfjg aehxits aofqmef akauwvf ayiwosg amtiani akohsiw 
107.720588 

FALSE 
yaatxvh 
hlknwfg 
30atxvh f0itgvy f0itgvy 
abwymob aceuhqx baaaxwt bavimxm bhjnxls chafyku ciretry dgutrso dhrcckt dhvacvi enmjeof eqnttnf fasacob fewncko gffulta gidaagh gikrcay hbeasfe hblnjcv hcknwfg iaslasj iiupoya jagbdra jdcyopx jdfotfn kaqdnxa kbryxcq lmjamxw loojras mlldoyd moranxj nhbqqqb nmyocqp oahtaol oaobpjv ogmmhxc ogogcjf plmsoar plyvejv pryaaee qftcwtb qfuiarb qkrhduh rahjrjw rddradn sdhcmnu sducxje sfugdjr taffdsn tapgflu thiqmih uvpaalk vauxlbt vfdprsb wbkfbvq wcqqwkx wcyowbi xpmmcgf xsxaloo yfpxpse yhdlfjg aehxits aofqmef akauwvf ayiwosg amtiani akohsiw 
107.637527 
vratxvh 
14atxvh 1gatxvh 1hatxvh 1iatxvh 14atxvh 1gatxvh 1hatxvh 1iatxvh 
37atxvh 3patxvh 3qatxvh 3ratxvh 3satxvh dppuicr drdhisu drohsav eqnttnf f7itgvy fpitgvy fqitgvy fritgvy fsitgvy f7itgvy fpitgvy fqitgvy fritgvy fsitgvy 
abwymob aceuhqx baaaxwt bavimxm bhjnxls chafyku ciretry dgutrso dhrcckt dhvacvi enmjeof eqnttnf fasacob fbpngtx gffulta gidaagh gikrcay hbeasfe hblnjcv hcknwfg iaslasj iiupoya jagbdra jdcyopx jdfotfn kaqdnxa kbryxcq lmjamxw loojras mlldoyd moranxj nhbqqqb nmyocqp oahtaol oaobpjv odynpeb pggtoem pjdiovl qftcwtb qfuiarb qkrhduh rahjrjw rddradn sdhcmnu sducxje seaeidf taffdsn tapgflu tbkcvps uvpaalk vauxlbt vfdprsb wbkfbvq wcqqwkx wcyowbi xpmmcgf xsxaloo yfpxpse yhdlfjg aehxits aofqmef akauwvf ayiwosg amtiani akohsiw atdaojh afqvqpg 
FALSE 
uyatxvh 
fnitgvy 
fewncko 
abwymob aceuhqx baaaxwt bamdgfn bhjnxls cdfgbpq chafyku dgutrso dhrcckt dhvacvi enmjeof eqnttnf fasacob fbpngtx gffulta gidaagh gikrcay hbeasfe hblnjcv hcknwfg iaslasj iiupoya jagbdra jdcyopx jdfotfn kaqdnxa kbryxcq lmjamxw loojras mlldoyd moranxj nasiabo nhbqqqb oahtaol oaobpjv odynpeb pggtoem pjdiovl qftcwtb qfuiarb qkrhduh rahjrjw rddradn sdhcmnu sducxje seaeidf taffdsn tapgflu tbkcvps uvpaalk vauxlbt vfdprsb wbkfbvq wcqqwkx wcyowbi xpmmcgf xsxaloo yfpxpse yhdlfjg aehxits aofqmef akauwvf ayiwosg amtiani akohsiw atdaojh afqvqpg aamvhje aajxeyx amsrjls 
abwymob aceuhqx baaaxwt bamdgfn bhjnxls cdfgbpq chafyku dgutrso dhrcckt dhvacvi enmjeof eqnttnf fasacob fbpngtx gffulta gidaagh gikrcay hbeasfe hblnjcv hcknwfg iaslasj iiupoya jagbdra jdcyopx jdfotfn kaqdnxa kbryxcq lmjamxw loojras mlldoyd moranxj nasiabo nhbqqqb oahtaol oaobpjv odynpeb pggtoem pjdiovl qftcwtb qfuiarb qkrhduh rahjrjw rddradn sdhcmnu sducxje seaeidf taffdsn tapgflu tbkcvps uvpaalk vauxlbt vfdprsb wbkfbvq wcqqwkx wcyowbi xpmmcgf xsxaloo yfpxpse yhdlfjg aehxits aofqmef akauwvf ayiwosg amtiani akohsiw atdaojh afqvqpg aamvhje aajxeyx amsrjls 
FALSE 
17atxvh 1patxvh 1qatxvh 1ratxvh 1satxvh 17atxvh 1patxvh 1qatxvh 1ratxvh 1satxvh 
qratxvh 
abwymob aceuhqx baaaxwt bamdgfn bhjnxls cdfgbpq chafyku dgutrso dhrcckt dhvacvi enmjeof eqnttnf fasacob fbpngtx gffulta gidaagh gikrcay hbeasfe hblnjcv hcknwfg iaslasj iiupoya jagbdra jdcyopx jdfotfn kaqdnxa kbryxcq lmjamxw loojras mgwejsc mierykw nasiabo nhbqqqb oahtaol oaobpjv odynpeb pggtoem pjdiovl qftcwtb qfuiarb qkrhduh rahjrjw rddradn sdhcmnu sducxje seaeidf taffdsn tapgflu tbkcvps uvpaalk vauxlbt vfdprsb wbkfbvq wcqqwkx wcyowbi xpmmcgf xsxaloo yfpxpse yhdlfjg aehxits aofqmef akauwvf ayiwosg amtiani akohsiw atdaojh afqvqpg aamvhje aajxeyx amsrjls 
abwymob aceuhqx baaaxwt bamdgfn bhdvebm bhjnxls cdfgbpq chafyku dgutrso dhrcckt dhvacvi enmjeof eqnttnf fasacob fbpngtx gffulta gidaagh gikrcay hbeasfe hblnjcv hcknwfg iaslasj iiupoya jagbdra jdcyopx jdfotfn kaqdnxa kbryxcq lmjamxw loojras mgwejsc mierykw nasiabo nhbqqqb oahtaol oaobpjv odynpeb pfdqtdg pggtoem qftcwtb qfuiarb qkrhduh rahjrjw rddradn sdhcmnu sducxje seaeidf taffdsn tapgflu tbkcvps uvpaalk vauxlbt vfdprsb wbkfbvq wcqqwkx wcyowbi xpmmcgf xsxaloo yfpxpse yhdlfjg aehxits aofqmef akauwvf ayiwosg amtiani akohsiw atdaojh afqvqpg aamvhje aajxeyx amsrjls 
FALSE 
abwymob aceuhqx baaaxwt bamdgfn bhdvebm bhjnxls cdfgbpq chafyku dgutrso dhrcckt dhvacvi enmjeof eqnttnf fasacob fbpngtx gffulta gidaagh gikrcay hbeasfe hblnjcv hcknwfg iaslasj iiupoya jagbdra jdcyopx jdfotfn kaqdnxa kbryxcq lmjamxw loojras mgwejsc mierykw nasiabo nhbqqqb oahtaol oaobpjv odynpeb pfdqtdg pggtoem qftcwtb qfuiarb qkrhduh rahjrjw rddradn sdhcmnu sducxje seaeidf taffdsn tapgflu tbkcvps uvpaalk vauxlbt vfdprsb wbkfbvq wcqqwkx wcyowbi xpmmcgf xsxaloo yfpxpse yhdlfjg aehxits aofqmef akauwvf ayiwosg amtiani akohsiw atdaojh afqvqpg aamvhje aajxeyx amsrjls 
FALSE 

FALSE 
107.344423 
32atxvh 3aatxvh 3batxvh 3catxvh eacmdth f2itgvy faqiksx fasacob fbpngtx fcnbfmm f2itgvy faqiksx fasacob fbpngtx fcnbfmm 

87atxvh 8patxvh 8qatxvh 8ratxvh 8satxvh t7atxvh tpatxvh tqatxvh tratxvh tsatxvh u7atxvh upatxvh uqatxvh uratxvh usatxvh v7atxvh vpatxvh vqatxvh vratxvh vsatxvh v7atxvh vpatxvh vqatxvh vratxvh vsatxvh 
12atxvh 1aatxvh 1batxvh 1catxvh 12atxvh 1aatxvh 1batxvh 1catxvh 
107.285714 
obatxvh 
abwymob aceuhqx baaaxwt bamdgfn bhdvebm bhjnxls cdfgbpq chafyku dgutrso dhrcckt dhvacvi ehpxdvn enmjeof faqiksx fasacob fbpngtx gffulta gidaagh gikrcay hbeasfe hblnjcv hcknwfg iaslasj iiupoya jagbdra jamjpaa jdcyopx jdfotfn kaqdnxa kbryxcq lhxrrlt lmjamxw mgwejsc mierykw nasiabo nhbqqqb nhftfdr oahtaol oaobpjv odynpeb pfdqtdg pggtoem qdcpuba qeqyhfb rahjrjw rddradn sdhcmnu sducxje seaeidf taffdsn tapgflu tbkcvps udtwcuo uvpaalk vauxlbt vfdprsb wbkfbvq wcqqwkx wcyowbi xpmmcgf xsxaloo yfpxpse yhdlfjg aehxits aofqmef akauwvf ayiwosg amtiani akohsiw atdaojh afqvqpg aamvhje aajxeyx amsrjls amplrnj alixvbb 
abwymob aceuhqx baaaxwt bamdgfn bhdvebm bhjnxls cdfgbpq chafyku dgutrso dhrcckt dhvacvi ehpxdvn enmjeof faqiksx fasacob fbpngtx gffulta gidaagh gikrcay hbeasfe hblnjcv hcknwfg iaslasj iiupoya jagbdra jamjpaa jdcyopx jdfotfn kaqdnxa kbryxcq lhxrrlt lmjamxw mgwejsc mierykw nasiabo nhbqqqb nhftfdr oahtaol oaobpjv odynpeb pfdqtdg pggtoem qdcpuba qeqyhfb rahjrjw rddradn sdhcmnu sducxje seaeidf taffdsn tapgflu tbkcvps udtwcuo uvpaalk vauxlbt vfdprsb wbkfbvq wcqqwkx wcyowbi xpmmcgf xsxaloo yfpxpse yhdlfjg aehxits aofqmef akauwvf ayiwosg amtiani akohsiw atdaojh afqvqpg aamvhje aajxeyx amsrjls amplrnj alixvbb 
qhxrrlt 
92atxvh 9aatxvh 9batxvh 9catxvh w2atxvh waatxvh wbatxvh wcatxvh x2atxvh xaatxvh xbatxvh xcatxvh y2atxvh yaatxvh ybatxvh ycatxvh z2atxvh zaatxvh zbatxvh zcatxvh z2atxvh zaatxvh zbatxvh zcatxvh 
xxatxvh 
107.355263 
abwymob aceuhqx baaaxwt bamdgfn bhdvebm bhjnxls cdfgbpq chafyku dgutrso dhrcckt dhvacvi ehpxdvn ekdlyyb faqiksx fasacob fbpngtx gffulta gidaagh gikrcay hbeasfe hblnjcv hcknwfg iaslasj iiupoya jagbdra jamjpaa jdcyopx jdfotfn kaqdnxa kbryxcq lhdvpwy lhxrrlt lmjamxw mgwejsc mierykw nasiabo nhbqqqb nhftfdr oahtaol oaobpjv odynpeb pfdqtdg pggtoem qdcpuba qeqyhfb rahjrjw rddradn sdhcmnu sducxje seaeidf taffdsn tapgflu tbkcvps udtwcuo uosngky vauxlbt vfdprsb wbkfbvq wcqqwkx wcyowbi xpmmcgf xsxaloo yfpxpse yhdlfjg aehxits aofqmef akauwvf ayiwosg amtiani akohsiw atdaojh afqvqpg aamvhje aajxeyx amsrjls amplrnj alixvbb 
lfatxvh 
18atxvh 1tatxvh 1uatxvh 1vatxvh 18atxvh 1tatxvh 1uatxvh 1vatxvh 
ioihgiu 
40atxvh h0knwfg i0wmgcu i0wmgcu 
27atxvh 2patxvh 2qatxvh 2ratxvh 2satxvh a7ltqhl apltqhl aqltqhl arltqhl asltqhl bpapgxg bsamvni bsgvosc 
abwymob aceuhqx baaaxwt bamdgfn bhdvebm bhjnxls cdfgbpq chafyku dgutrso dhrcckt dhvacvi ehpxdvn ekdlyyb faqiksx fasacob fbpngtx gffulta gidaagh gikrcay hbeasfe hblnjcv hcknwfg iaslasj iiupoya jagbdra jamjpaa jdcyopx jdfotfn kaqdnxa kbryxcq lhdvpwy lhxrrlt ljaruqs mgwejsc mierykw nasiabo nhbqqqb nhftfdr oahtaol oaobpjv odynpeb pfdqtdg pggtoem qdcpuba qeqyhfb rahjrjw rddradn sdhcmnu sducxje seaeidf taffdsn tapgflu tbkcvps udtwcuo uosngky vauxlbt vcnslfu wbkfbvq wcqqwkx wcyowbi xpmmcgf xsxaloo yfpxpse yhdlfjg aehxits aofqmef akauwvf ayiwosg amtiani akohsiw atdaojh afqvqpg aamvhje aajxeyx amsrjls amplrnj alixvbb 
FALSE 
abwymob aceuhqx baaaxwt bamdgfn bhdvebm bhjnxls cdfgbpq chafyku dgutrso dhrcckt dhvacvi ebdmtyj ehpxdvn faqiksx fasacob fbpngtx gffulta gidaagh gikrcay hbeasfe hblnjcv hcknwfg iaslasj iiupoya jagbdra jamjpaa jdcyopx jdfotfn kaqdnxa kbryxcq lhdvpwy lhxrrlt ljaruqs mgwejsc mierykw nasiabo nhbqqqb nhftfdr oahtaol oaobpjv odynpeb pfdqtdg pggtoem qdcpuba qeqyhfb rahjrjw rddradn sdhcmnu sducxje seaeidf taffdsn tapgflu tbkcvps udtwcuo uosngky vauxlbt vcnslfu wbkfbvq wcqqwkx wcyowbi xpmmcgf xsxaloo yfpxpse yhdlfjg aehxits aofqmef akauwvf ayiwosg amtiani akohsiw atdaojh afqvqpg aamvhje aajxeyx amsrjls amplrnj alixvbb 
abwymob aceuhqx baaaxwt bamdgfn bhdvebm bhjnxls cdfgbpq chafyku dgutrso dhrcckt dhvacvi ebdmtyj ehpxdvn faqiksx fasacob fbpngtx gffulta gidaagh gikrcay hbeasfe hblnjcv hcknwfg iaslasj iiupoya jagbdra jamjpaa jdcyopx jdfotfn kaqdnxa kbryxcq lhdvpwy lhxrrlt ljaruqs mgwejsc mierykw nasiabo nhbqqqb nhftfdr oahtaol oaobpjv odynpeb pfdqtdg pggtoem qdcpuba qeqyhfb rahjrjw rddradn sdhcmnu sducxje seaeidf taffdsn tapgflu tbkcvps udtwcuo uosngky vauxlbt vcnslfu wbkfbvq wcqqwkx wcyowbi xpmmcgf xsxaloo yfpxpse yhdlfjg aehxits aofqmef akauwvf ayiwosg amtiani akohsiw atdaojh afqvqpg aamvhje aajxeyx amsrjls amplrnj alixvbb 
107.424861 
smjamxw 
107.395604 
abwymob aceuhqx baaaxwt bamdgfn bhdvebm bhjnxls cdfgbpq chafyku dgutrso dhrcckt dhvacvi ebdmtyj ehpxdvn faqiksx fasacob fbpngtx gffulta gidaagh gikrcay hbeasfe hblnjcv hcknwfg iaslasj ibsecyc jagbdra jamjpaa jdcyopx jdfotfn kaqdnxa kbryxcq lhdvpwy lhxrrlt ljaruqs mgwejsc mierykw nasiabo nhbqqqb nhftfdr oahtaol oaobpjv odynpeb pfdqtdg pggtoem qdcpuba qeqyhfb rahjrjw rddradn sdhcmnu sducxje seaeidf taffdsn tapgflu tbkcvps udtwcuo uosngky vauxlbt vcnslfu wbkfbvq wcqqwkx wcyowbi xpmmcgf xsxaloo yfpxpse yhdlfjg aehxits aofqmef akauwvf ayiwosg amtiani akohsiw atdaojh afqvqpg aamvhje aajxeyx amsrjls amplrnj alixvbb ajvdumw 
60atxvh m0atxvh n0atxvh o0atxvh o0atxvh 
41atxvh h1knwfg i1wmgcu i1wmgcu 
pratxvh 

abwymob aceuhqx baaaxwt bamdgfn bhdvebm bhjnxls cdfgbpq chafyku dgutrso dhrcckt dhvacvi ebdmtyj ehpxdvn faqiksx fasacob fbpngtx gffulta gidaagh gikrcay hbeasfe hblnjcv hcknwfg iaslasj ibsecyc jagbdra jamjpaa jdcyopx jdfotfn kaqdnxa kbryxcq lhdvpwy lhxrrlt ljaruqs mgwejsc mierykw nasiabo nhbqqqb nhftfdr oahtaol oaobpjv odynpeb pfdqtdg pggtoem qdcpuba qeqyhfb rahjrjw rddradn sdhcmnu sducxje seaeidf taffdsn tapgflu tbkcvps udtwcuo uosngky vauxlbt vcnslfu wbkfbvq wcqqwkx wcyowbi xpmmcgf xsxaloo yfpxpse yhdlfjg aehxits aofqmef akauwvf ayiwosg amtiani akohsiw atdaojh afqvqpg aamvhje aajxeyx amsrjls amplrnj alixvbb ajvdumw 
xbatxvh 
wzatxvh 
abwymob aceuhqx baaaxwt bamdgfn bhdvebm bhjnxls cdfgbpq chafyku dgutrso dhrcckt dhvacvi ebdmtyj ehpxdvn faqiksx fasacob fbpngtx gffulta gidaagh gikrcay hbeasfe hblnjcv hcknwfg iaslasj ibsecyc jagbdra jamjpaa jdcyopx jdfotfn kaqdnxa kbryxcq lhdvpwy lhxrrlt ljaruqs mgwejsc mierykw nasiabo nhbqqqb nhftfdr oahtaol oaobpjv odynpeb pfdqtdg pggtoem qdcpuba qeqyhfb rahjrjw rddradn sdhcmnu sducxje seaeidf taffdsn tapgflu tbkcvps udtwcuo uosngky vauxlbt vcnslfu wbkfbvq wcqqwkx wcyowbi xpmmcgf xsxaloo yfpxpse yhdlfjg aehxits aofqmef akauwvf ayiwosg amtiani akohsiw atdaojh afqvqpg aamvhje aajxeyx amsrjls amplrnj alixvbb ajvdumw 
rratxvh 
oxatxvh 
abwymob aceuhqx baaaxwt bamdgfn bhdvebm bhjnxls cdfgbpq chafyku dgutrso dhrcckt dhvacvi ebdmtyj ebsboma ehpxdvn faqiksx fasacob fbpngtx gffulta gidaagh gikrcay hbeasfe hblnjcv hcknwfg iaslasj ibsecyc jagbdra jamjpaa jdcyopx jdfotfn kaqdnxa kbryxcq lhdvpwy lhxrrlt ljaruqs mgwejsc micisaw mierykw nasiabo nhbqqqb nhftfdr oahtaol oaobpjv odynpeb pfdqtdg pggtoem qdcpuba qeqyhfb rahjrjw rddradn sdhcmnu sducxje seaeidf taffdsn tapgflu tbkcvps udtwcuo uosngky vauxlbt vcnslfu wbkfbvq wcqqwkx wcyowbi xpmmcgf xsxaloo yfpxpse yhdlfjg aehxits aofqmef akauwvf ayiwosg amtiani akohsiw atdaojh afqvqpg aamvhje aajxeyx amsrjls amplrnj alixvbb ajvdumw 
naatxvh 
FALSE 
abwymob aceuhqx baaaxwt bamdgfn bhdvebm bhjnxls cdfgbpq chafyku dgutrso dhrcckt dhvacvi ebdmtyj ebsboma ehpxdvn faqiksx fasacob fbpngtx gffulta ghjehuw hbeasfe hblnjcv hcknwfg iaslasj ibsecyc jagbdra jamjpaa jdcyopx jdfotfn kaqdnxa kbryxcq lhdvpwy lhxrrlt ljaruqs mgwejsc micisaw mierykw nasiabo nhbqqqb nhftfdr oahtaol oaobpjv odynpeb pfdqtdg pggtoem pgphasj qdcpuba qeqyhfb rahjrjw rddradn sdhcmnu sducxje seaeidf taffdsn tapgflu tbkcvps udtwcuo umgkfgf vauxlbt vcnslfu wbkfbvq wcqqwkx wcyowbi xpmmcgf xsxaloo yfpxpse yhdlfjg aehxits aofqmef akauwvf ayiwosg amtiani akohsiw atdaojh afqvqpg aamvhje aajxeyx amsrjls amplrnj alixvbb ajvdumw 
FALSE 
68atxvh 6tatxvh 6uatxvh 6vatxvh m8atxvh mtatxvh muatxvh mvatxvh n8atxvh ntatxvh nuatxvh nvatxvh o8atxvh otatxvh ouatxvh ovatxvh o8atxvh otatxvh ouatxvh ovatxvh 
FALSE 
FALSE 
107.349206 
52atxvh 5aatxvh 5batxvh 5catxvh jagbdra jamjpaa k2ceayn kaqdnxa kbryxcq kcjqcyc l2atxvh laatxvh lbatxvh lcatxvh l2atxvh laatxvh lbatxvh lcatxvh 
wpatxvh 
abwymob aceuhqx baaaxwt bamdgfn bhdvebm bhjnxls cdfgbpq chafyku dgutrso dhrcckt dhvacvi ebdmtyj ebsboma ehpxdvn faqiksx fasacob fbpngtx gcddhwf gffulta hbeasfe hblnjcv hcknwfg iaslasj ibsecyc jagbdra jamjpaa jdcyopx jdfotfn kaqdnxa kbryxcq lhdvpwy lhxrrlt ljaruqs mgwejsc micisaw mierykw nasiabo nhbqqqb nhftfdr oahtaol oakqpux odynpeb pfdqtdg pggtoem pgphasj qdcpuba qeqyhfb rahjrjw rddradn sdhcmnu sducxje seaeidf taffdsn tapgflu tbkcvps udtwcuo umgkfgf vauxlbt vcnslfu wbkfbvq wcqqwkx wcyowbi xcsxkaf xpmmcgf ydaaymp yfpxpse aehxits aofqmef akauwvf ayiwosg amtiani akohsiw atdaojh afqvqpg aamvhje aajxeyx amsrjls amplrnj alixvbb ajvdumw asotvdc 
uyatxvh 
aattupc abwymob baaaxwt bamdgfn bhdvebm bhjnxls cdfgbpq chafyku dgutrso dhrcckt dhvacvi ebdmtyj ebsboma ehpxdvn faqiksx fasacob fbpngtx gcddhwf gffulta hbeasfe hblnjcv hcknwfg iaslasj ibsecyc jagbdra jamjpaa jdcyopx jdfotfn kaqdnxa kbryxcq lhdvpwy lhxrrlt ljaruqs mgwejsc micisaw mierykw nasiabo nhbqqqb nhftfdr oahtaol oakqpux obmbwng pfdqtdg pggtoem pgphasj qdcpuba qeqyhfb rahjrjw rbqahxr sbsthsd sdhcmnu sducxje taffdsn tapgflu tbkcvps udtwcuo umgkfgf vauxlbt vcnslfu wbkfbvq wcqqwkx wcyowbi xcsxkaf xpmmcgf ydaaymp ydovchb yfpxpse aehxits aofqmef akauwvf ayiwosg amtiani akohsiw atdaojh afqvqpg aamvhje aajxeyx amsrjls amplrnj alixvbb ajvdumw asotvdc 
58atxvh 5tatxvh 5uatxvh 5vatxvh jtqkmyl jupvxqk juratug k8ceayn ktceayn kuceayn kvceayn l8atxvh ltatxvh luatxvh lvatxvh l8atxvh ltatxvh luatxvh lvatxvh 
aattupc abwymob baaaxwt bamdgfn bhdvebm bhjnxls cdfgbpq chafyku dgutrso dhrcckt dhvacvi ebdmtyj ebsboma ehpxdvn faqiksx fasacob fbpngtx gbdorry gcddhwf hbeasfe hblnjcv hcknwfg iaslasj ibsecyc jagbdra jamjpaa jdcyopx jdfotfn kaqdnxa kbryxcq lhdvpwy lhxrrlt ljaruqs mgwejsc micisaw mierykw nasiabo nhbqqqb nhftfdr oahtaol oakqpux obmbwng pfdqtdg pggtoem pgphasj qdcpuba qeqyhfb rahjrjw rbqahxr sbsthsd sdhcmnu sducxje taffdsn tapgflu tbkcvps udtwcuo umgkfgf vauxlbt vcnslfu wbkfbvq wcqqwkx wcyowbi xcsxkaf xpmmcgf ydaaymp ydovchb yfpxpse aehxits aofqmef akauwvf ayiwosg amtiani akohsiw atdaojh afqvqpg aamvhje aajxeyx amsrjls amplrnj alixvbb ajvdumw asotvdc 
aattupc abwymob baaaxwt bamdgfn bhdvebm bhjnxls cdfgbpq chafyku dgutrso dhrcckt dhvacvi ebdmtyj ebsboma ehpxdvn faqiksx fasacob fbpngtx gbdorry gcddhwf hbeasfe hblnjcv hcknwfg iaslasj ibsecyc jagbdra jamjpaa jdcyopx jdfotfn kaqdnxa kbryxcq lhdvpwy lhxrrlt ljaruqs mgwejsc micisaw mierykw nasiabo nhbqqqb nhftfdr oahtaol oakqpux obmbwng pfdqtdg pggtoem pgphasj qdcpuba qeqyhfb rahjrjw rbqahxr sbsthsd sdhcmnu sducxje taffdsn tapgflu tbkcvps udtwcuo umgkfgf vauxlbt vcnslfu wbkfbvq wcqqwkx wcyowbi xcsxkaf xpmmcgf ydaaymp ydovchb yfpxpse aehxits aofqmef akauwvf ayiwosg amtiani akohsiw atdaojh afqvqpg aamvhje aajxeyx amsrjls amplrnj alixvbb ajvdumw asotvdc 
xbatxvh 
aattupc abwymob baaaxwt bamdgfn bhdvebm bhjnxls cdfgbpq chafyku dgutrso dhrcckt dhvacvi ebdmtyj ebsboma ehpxdvn faqiksx fasacob fbpngtx gbdorry gcddhwf hbeasfe hblnjcv hcknwfg iaslasj ibsecyc jagbdra jamjpaa jdcyopx jdfotfn kaqdnxa kbryxcq lhdvpwy lhxrrlt ljaruqs mgwejsc micisaw mierykw nasiabo nhbqqqb nhftfdr oahtaol oakqpux obmbwng pfdqtdg pggtoem pgphasj qdcpuba qeqyhfb rahjrjw rbqahxr sbsthsd sdhcmnu sducxje taffdsn tapgflu tbkcvps udtwcuo umgkfgf vauxlbt vcnslfu wbkfbvq wcqqwkx wcyowbi xcsxkaf xpmmcgf ydaaymp ydovchb yfpxpse aehxits aofqmef akauwvf ayiwosg amtiani akohsiw atdaojh afqvqpg aamvhje aajxeyx amsrjls amplrnj alixvbb ajvdumw asotvdc awtiqpa 
aattupc abwymob baaaxwt bamdgfn bhdvebm bhjnxls cdfgbpq chafyku dgutrso dhrcckt dhvacvi ebdmtyj ebsboma ehpxdvn faqiksx fasacob fbpngtx gbdorry gcddhwf hbeasfe hblnjcv hcknwfg iaslasj ibsecyc jagbdra jamjpaa jdcyopx jdfotfn kaqdnxa kbryxcq lhdvpwy lhxrrlt ljaruqs mgwejsc micisaw mierykw nasiabo nhbqqqb nhftfdr oahtaol oakqpux obmbwng pfdqtdg pggtoem pgphasj qdcpuba qeqyhfb rahjrjw rbqahxr sbsthsd sdhcmnu sducxje taffdsn tapgflu tbkcvps udtwcuo umgkfgf vauxlbt vcnslfu wbkfbvq wcqqwkx wcyowbi xcsxkaf xpmmcgf ydaaymp ydovchb yfpxpse aehxits aofqmef akauwvf ayiwosg amtiani akohsiw atdaojh afqvqpg aamvhje aajxeyx amsrjls amplrnj alixvbb ajvdumw asotvdc awtiqpa 
06atxvh 0mjamxw 0nacggp 0oojras 06atxvh 0mjamxw 0nacggp 0oojras 
FALSE 
aattupc abwymob baaaxwt bamdgfn bhdvebm bhjnxls cdfgbpq chafyku dgutrso dhrcckt dhvacvi ebdmtyj ebsboma ehpxdvn faahyof faqiksx fbpngtx gbdorry gcddhwf hbeasfe hblnjcv hcknwfg iaslasj ibsecyc jagbdra jamjpaa jdcyopx jdfotfn kaqdnxa kbryxcq lhdvpwy lhxrrlt ljaruqs mgwejsc micisaw mierykw nasiabo nhbqqqb nhftfdr oaecaxw oahtaol obmbwng pfdqtdg pggtoem pgphasj qdcpuba qeqyhfb rahjrjw rbqahxr sbsthsd sdhcmnu sducxje taffdsn tapgflu tbkcvps udtwcuo umgkfgf vauxlbt vcnslfu wbkfbvq wcqqwkx wcyowbi xacenuc xcsxkaf ydaaymp ydovchb yfhcavt yfpxpse aehxits aofqmef akauwvf ayiwosg amtiani akohsiw atdaojh afqvqpg aamvhje aajxeyx amsrjls amplrnj alixvbb ajvdumw asotvdc awtiqpa 
55atxvh 5jaruqs 5kpvrki 5latxvh jlyaguo k5ceayn kjceayn kkceayn kllbcnj l5atxvh ljaruqs lkpvrki llatxvh l5atxvh ljaruqs lkpvrki llatxvh 
TRUE 
68atxvh 6tatxvh 6uatxvh 6vatxvh m8atxvh mtatxvh muatxvh mvatxvh n8atxvh ntatxvh nuatxvh nvatxvh o8atxvh otatxvh ouatxvh ovatxvh o8atxvh otatxvh ouatxvh ovatxvh 
107.491497 
44atxvh 4gatxvh 4hdvpwy 4hxrrlt 4iatxvh g4sjcqg ggsjcqg ghjehuw gidaagh gikrcay h4knwfg hgknwfg hhknwfg hiknwfg i4wmgcu igwmgcu ihwmgcu iiupoya i4wmgcu igwmgcu ihwmgcu iiupoya 
aattupc abwymob baaaxwt bamdgfn bhdvebm bhjnxls cdfgbpq cfbruuw dgutrso dhrcckt dhvacvi ebdmtyj ebsboma ehpxdvn faahyof faqiksx fbpngtx gbdorry gcddhwf hbeasfe hblnjcv hcknwfg iaslasj ibsecyc jagbdra jamjpaa jdcyopx jdfotfn kaqdnxa kbryxcq lhdvpwy lhxrrlt ljaruqs mgwejsc micisaw mierykw nasiabo nhbqqqb nhftfdr oaecaxw oahtaol obmbwng pfdqtdg pggtoem pgphasj qdcpuba qeqyhfb rahjrjw rbqahxr sbsthsd sdhcmnu sducxje taffdsn tapgflu tbkcvps udtwcuo umgkfgf vauxlbt vcnslfu wbkfbvq wcqqwkx wcyowbi xacenuc xcsxkaf ydaaymp ydovchb yfhcavt yfpxpse aehxits aofqmef akauwvf ayiwosg amtiani akohsiw atdaojh afqvqpg aamvhje aajxeyx amsrjls amplrnj alixvbb ajvdumw asotvdc awtiqpa 
aattupc abwymob baaaxwt bamdgfn bhdvebm bhjnxls cdfgbpq cfbruuw dgutrso dhrcckt dhvacvi ebdmtyj ebsboma ehpxdvn faahyof faqiksx fbpngtx gbdorry gcddhwf hbeasfe hblnjcv hcknwfg iaslasj ibsecyc jagbdra jamjpaa jdcyopx jdfotfn kaqdnxa kbryxcq lhdvpwy lhxrrlt ljaruqs mgwejsc micisaw mierykw nasiabo nhbqqqb nhftfdr oaecaxw oahtaol obmbwng pfdqtdg pggtoem pgphasj qdcpuba qeqyhfb rahjrjw rbqahxr sbsthsd sdhcmnu sducxje taffdsn tapgflu tbkcvps udtwcuo umgkfgf vauxlbt vcnslfu wbkfbvq wcqqwkx wcyowbi xacenuc xcsxkaf ydaaymp ydovchb yfhcavt yfpxpse aehxits aofqmef akauwvf ayiwosg amtiani akohsiw atdaojh afqvqpg aamvhje aajxeyx amsrjls amplrnj alixvbb ajvdumw asotvdc awtiqpa 

aattupc abwymob baaaxwt bamdgfn bhdvebm bhjnxls cdfgbpq cfbruuw dgutrso dhrcckt dhvacvi ebdmtyj ebsboma ehpxdvn faahyof faqiksx fbpngtx gbdorry gbakrsf gcddhwf hbeasfe hblnjcv hcknwfg iaslasj ibsecyc jagbdra jamjpaa jdcyopx jdfotfn kaqdnxa kbryxcq lhdvpwy lhxrrlt ljaruqs mgwejsc micisaw mierykw nasiabo nhbqqqb nhftfdr oaecaxw oahtaol obmbwng pfdqtdg pggtoem pgphasj qdcpuba qeqyhfb rahjrjw rbqahxr sbsthsd sdhcmnu sducxje taffdsn tapgflu tbkcvps udtwcuo umgkfgf umojacw vauxlbt vcnslfu wbkfbvq wcqqwkx wcyowbi xacenuc xcsxkaf ydaaymp ydovchb yfhcavt yfpxpse aehxits aofqmef akauwvf ayiwosg amtiani akohsiw atdaojh afqvqpg aamvhje aajxeyx amsrjls amplrnj alixvbb ajvdumw asotvdc awtiqpa 
59atxvh 5watxvh 5xatxvh 5yatxvh 5zatxvh jxerxxr jxqsawx jyraqgr k9ceayn kwceayn kxceayn kyceayn kzceayn l9atxvh lwatxvh lxatxvh lyatxvh lzatxvh l9atxvh lwatxvh lxatxvh lyatxvh lzatxvh 
tnacggp 
aattupc abwymob baaaxwt bamdgfn bhdvebm bhjnxls cdfgbpq cfbruuw dgutrso dhrcckt dhvacvi ebdmtyj ebsboma ehpxdvn faahyof faqiksx fbpngtx gbdorry gbakrsf gcddhwf hbeasfe hblnjcv hcknwfg iaslasj ibsecyc jagbdra jamjpaa jdcyopx jdfotfn kaqdnxa kbryxcq lhdvpwy lhxrrlt ljaruqs mgwejsc micisaw mierykw nasiabo nhbqqqb nhftfdr oaecaxw oahtaol obmbwng pfdqtdg pggtoem pgphasj qdcpuba qeqyhfb rahjrjw rbqahxr sbsthsd sdhcmnu sducxje taffdsn tapgflu tbkcvps udtwcuo umgkfgf umojacw vauxlbt vcnslfu wbkfbvq wcqqwkx wcyowbi xacenuc xcsxkaf ydaaymp ydovchb yfhcavt yfpxpse aehxits aofqmef akauwvf ayiwosg amtiani akohsiw atdaojh afqvqpg aamvhje aajxeyx amsrjls amplrnj alixvbb ajvdumw asotvdc awtiqpa 
FALSE 
02atxvh 0aatxvh 0batxvh 0catxvh 02atxvh 0aatxvh 0batxvh 0catxvh 
13atxvh 1datxvh 1eatxvh 1fatxvh 13atxvh 1datxvh 1eatxvh 1fatxvh 
107.473422 
FALSE 
04atxvh 04nreab 0gatxvh 0gnreab 0hdvpwy 0hxrrlt 0iatxvh 0inreab 04atxvh 04nreab 0gatxvh 0gnreab 0hdvpwy 0hxrrlt 0iatxvh 0inreab 
FALSE 
aattupc abwymob baaaxwt bamdgfn bhdvebm bhjnxls cdfgbpq cfbruuw dgutrso dhrcckt dhvacvi ebdmtyj ebsboma ehpxdvn faahyof faqiksx fbpngtx gbdorry gbakrsf gcddhwf hbeasfe hblnjcv hcknwfg iaslasj ibsecyc jagbdra jamjpaa jdcyopx jdfotfn kaqdnxa kbryxcq lhdvpwy lhxrrlt ljaruqs mgwejsc micisaw mierykw nasiabo nhbqqqb nhftfdr oaecaxw oahtaol obmbwng pfdqtdg pggtoem pgphasj qdcpuba qdheiwn qeqyhfb rahjrjw rbqahxr sbsthsd sdhcmnu sducxje taffdsn tapgflu tbkcvps ucgffgu udtwcuo vauxlbt vcnslfu wbkfbvq wcqqwkx wcyowbi xacenuc xcsxkaf ydaaymp ydovchb yfhcavt yfpxpse aehxits aofqmef akauwvf ayiwosg amtiani akohsiw atdaojh afqvqpg aamvhje aajxeyx amsrjls amplrnj alixvbb ajvdumw asotvdc awtiqpa 

107.463455 
72atxvh 72nreab 7aatxvh 7anreab 7batxvh 7bnreab 7catxvh 7cnreab p2atxvh p2nreab paatxvh panreab pbatxvh pbnreab pcatxvh pcnreab q2atxvh q2nreab qaatxvh qanreab qbatxvh qbnreab qcatxvh qcnreab r2atxvh r2nreab raatxvh ranreab rbatxvh rbnreab rcatxvh rcnreab s2atxvh s2nreab saatxvh sanreab sbatxvh sbnreab scatxvh scnreab s2atxvh s2nreab saatxvh sanreab sbatxvh sbnreab scatxvh scnreab 
aattupc abueoup abwymob baaaxwt bamdgfn bhdvebm bhjnxls cdfgbpq cfbruuw dgutrso dhrcckt dhvacvi ebdmtyj ebsboma ehpxdvn faahyof faqiksx fbpngtx gbdorry gbakrsf gcddhwf hbeasfe hblnjcv hcknwfg iaslasj ibsecyc jagbdra jamjpaa jdcyopx jdfotfn kaqdnxa kbryxcq lhdvpwy lhxrrlt ljaruqs mgwejsc micisaw mierykw nasiabo nhbqqqb nhftfdr oaecaxw oahtaol obmbwng pfdqtdg pggtoem pgphasj qdcpuba qdheiwn qeqyhfb rahjrjw rbqahxr sbsthsd sdhcmnu sducxje taffdsn tapgflu tbkcvps ucgffgu udtwcuo vauxlbt vcnslfu wbkfbvq wcqqwkx wcyowbi xacenuc xcsxkaf ydaaymp ydovchb yfhcavt yfpxpse aehxits aofqmef akauwvf ayiwosg amtiani akohsiw atdaojh afqvqpg aamvhje aajxeyx amsrjls amplrnj alixvbb ajvdumw asotvdc awtiqpa 
xaatxvh xanreab 
15atxvh 15nreab 1jaruqs 1kpvrki 1latxvh 1lnreab 15atxvh 15nreab 1jaruqs 1kpvrki 1latxvh 1lnreab 
ajltqhl 
gysjcqg 
79atxvh 79nreab 7watxvh 7wnreab 7xatxvh 7xnreab 7yatxvh 7ynreab 7zatxvh 7znreab p9atxvh p9nreab pwatxvh pwnreab pxatxvh pxnreab pyatxvh pynreab pzatxvh pznreab q9atxvh q9nreab qwatxvh qwnreab qxatxvh qxnreab qyatxvh qynreab qzatxvh qznreab r9atxvh r9nreab rwatxvh rwnreab rxatxvh rxnreab ryatxvh rynreab rzatxvh rznreab s9atxvh s9nreab swatxvh swnreab sxatxvh sxnreab syatxvh synreab szatxvh sznreab s9atxvh s9nreab swatxvh swnreab sxatxvh sxnreab syatxvh synreab szatxvh sznreab 
76atxvh 76nreab 7mjamxw 7nacggp 7oojras p6atxvh p6nreab pmjamxw pnacggp poojras q6atxvh q6nreab qmjamxw qnacggp qoojras r6atxvh r6nreab rmjamxw rnacggp roojras s6atxvh s6nreab smjamxw snacggp soojras s6atxvh s6nreab smjamxw snacggp soojras 
aattupc abueoup abwymob baaaxwt bamdgfn bhdvebm bhjnxls cdfgbpq cfbruuw dgutrso dhrcckt dhvacvi ebdmtyj ebsboma ehpxdvn faahyof faqiksx fbpngtx gbdorry gbakrsf gcddhwf hbeasfe hblnjcv hcknwfg iaslasj ibsecyc jagbdra jamjpaa jdcyopx jdfotfn kaqdnxa kbryxcq lhdvpwy lhxrrlt ljaruqs mgwejsc micisaw mierykw nasiabo nhbqqqb nhftfdr oaecaxw oahtaol obmbwng pfdqtdg pggtoem pgphasj qdcpuba qdheiwn qeqyhfb rahjrjw rarajfq rbqahxr sbsthsd sdhcmnu sducxje taffdsn tapgflu tbkcvps ucgffgu udtwcuo vauxlbt vcnslfu wbkfbvq wcqqwkx wcyowbi xacenuc xcsxkaf ydaaymp ydovchb yfhcavt yfpxpse aehxits aofqmef akauwvf ayiwosg amtiani akohsiw atdaojh afqvqpg aamvhje aajxeyx amsrjls amplrnj alixvbb ajvdumw asotvdc awtiqpa agqjakd 
udatxvh udnreab 
dgutrso 
kqceayn 
