apjthfk guwvain lilsxpc suahecx tthbytw 



abritwq apjthfk boaqdsp ccnbfal cdknrva eltpgre gbhiadw gogdhss govewqc hhflkpk ijhrqpr khantbc krulqmd lilsxpc ltqlami oblsaiv pcnkfpe qmeqcje qxmshcj sepurvw suahecx tthbytw wnlects wvrrakg akdglvi apopeeu yofnrvw ysvqyak aqteeuo 

108.373272 
FALSE 
abritwq apjthfk boaqdsp ccnbfal cdknrva dvlxrmh ecslvbe ediutql fglrgoc gbhiadw gogdhss govewqc hhflkpk ijhrqpr irkycrn khantbc klgrqdi lilsxpc ltqlami oblsaiv otoxlml pcnkfpe puqcwlt qmeqcje qxmshcj sepurvw smqrahr tthbytw wnlects wttmtfq akdglvi apopeeu yofnrvw ysvqyak aqteeuo 
abritwq apjthfk boaqdsp ccnbfal cdknrva dvlxrmh ecslvbe ediutql fglrgoc gbhiadw gogdhss govewqc hhflkpk ijhrqpr irkycrn khantbc klgrqdi lilsxpc ltqlami oblsaiv otoxlml pcnkfpe puqcwlt qmeqcje qxmshcj rutjgcm sepurvw smqrahr tthbytw wnlects wttmtfq akdglvi apopeeu yofnrvw ysvqyak aqteeuo 
abritwq apjthfk boaqdsp ccnbfal cdknrva dvlxrmh ecslvbe ediutql fglrgoc gbhiadw gogdhss govewqc hhflkpk ijhrqpr irkycrn khantbc klgrqdi lilsxpc ltqlami oblsaiv otoxlml pcnkfpe puqcwlt qmeqcje qxmshcj rutjgcm sepurvw smqrahr tthbytw wnlects wttmtfq akdglvi apopeeu yofnrvw ysvqyak aqteeuo 
FALSE 
abritwq apjthfk boaqdsp ccnbfal cdknrva dvlxrmh ecslvbe ediutql fglrgoc gbhiadw gogdhss govewqc hhflkpk ijhrqpr irkycrn khantbc klgrqdi lilsxpc ltqlami oblsaiv otoxlml pcnkfpe puqcwlt qmeqcje qxmshcj rutjgcm sepurvw smqrahr tthbytw wnlects wttmtfq akdglvi apopeeu xhsyojh yofnrvw ysvqyak aqteeuo 
wttmtfq wvrrakg yuiyatp 
abritwq apjthfk boaqdsp ccnbfal cdknrva dvlxrmh ecslvbe ediutql fglrgoc gbhiadw gogdhss govewqc hhflkpk ijhrqpr irkycrn khantbc klgrqdi lilsxpc ltqlami oblsaiv otoxlml pcnkfpe puqcwlt qmeqcje qxmshcj rutjgcm sepurvw smqrahr tthbytw wnlects wttmtfq akdglvi apopeeu xhsyojh yofnrvw ysvqyak aqteeuo 

dvlxrmh 
TRUE 
FALSE 

FALSE 
eltpgre 


FALSE 
abritwq apjthfk bbdcnax bivwmja ccnbfal cdknrva ddwruft dhuguxl ecslvbe ediutql fglrgoc fuclnnt gbhiadw gbmbjby gogdhss govewqc hhflkpk iewaasq ijhrqpr khantbc klgrqdi laehbta lilsxpc mntyotq nsfpgrx oblsaiv otoxlml pcnkfpe puqcwlt qmeqcje qnqjciq rcgfeax rcvhsbo rutjgcm sepurvw sftunoo tthbytw uyaeenf vbsqcma vamklmn wnlects wttmtfq akdglvi apopeeu xhsyojh xppdrmu yiasmyk yofnrvw aqteeuo 
FALSE 
abritwq apjthfk bbdcnax bivwmja ccnbfal cdknrva ddwruft dhuguxl ecslvbe ediutql fglrgoc fuclnnt gbhiadw gbmbjby gogdhss govewqc hhflkpk iewaasq ijhrqpr khantbc klgrqdi laehbta lilsxpc mntyotq nsfpgrx oblsaiv otoxlml pcnkfpe puqcwlt qmeqcje qnqjciq rcgfeax rcvhsbo rutjgcm sepurvw sftunoo tthbytw uyaeenf vbsqcma vamklmn wnlects wttmtfq akdglvi apopeeu xhsyojh xppdrmu yiasmyk ykehumi aqteeuo 

gbhiadw gbmbjby 
108.190476 
108.142857 
abritwq apjthfk bbdcnax bivwmja ccnbfal cdknrva ddwruft dhuguxl ecslvbe ediutql fglrgoc fuclnnt gbhiadw gbmbjby gogdhss govewqc hhflkpk iewaasq ijhrqpr kfojsgx khantbc laehbta lilsxpc meregcl mntyotq nsfpgrx oblsaiv onsurde pcnkfpe puqcwlt qmeqcje qnqjciq rcgfeax rcvhsbo rduxuoa sepurvw sftunoo tslpjki tthbytw uyaeenf vbsqcma vamklmn wnlects wttmtfq akdglvi apopeeu xhsyojh xppdrmu yiasmyk ykehumi aqteeuo aipkyso 
FALSE 
abritwq apjthfk bbdcnax bivwmja ccnbfal cdknrva ddwruft dhuguxl ecslvbe ediutql fglrgoc fuclnnt gbhiadw gbmbjby gogdhss govewqc hhflkpk iewaasq ijhrqpr kfojsgx khantbc laehbta lilsxpc meregcl mntyotq nsfpgrx oblsaiv onsurde pcnkfpe puqcwlt qmeqcje qnqjciq rcgfeax rcvhsbo rduxuoa sepurvw sftunoo tslpjki tthbytw uyaeenf vbsqcma vamklmn wnlects wttmtfq akdglvi apopeeu xhsyojh xppdrmu yiasmyk ykehumi aqteeuo aipkyso 

FALSE 



abritwq apjthfk bbdcnax bivwmja ccnbfal cdknrva ddwruft dhuguxl ecslvbe ediutql fglrgoc fuclnnt gbhiadw gbmbjby gogdhss govewqc hhflkpk hrqiwcp iewaasq ijhrqpr jtdonup kfojsgx khantbc laehbta lilsxpc meregcl mjjskiu nsfpgrx oblsaiv oheyqse pbjxdyx pcnkfpe qmeqcje qnqjciq rcgfeax rcvhsbo rduxuoa sepurvw sftunoo tslpjki tthbytw uyaeenf vbsqcma vamklmn wnlects wttmtfq akdglvi apopeeu xhsyojh xijcdtd yafpqyl yiasmyk aqteeuo aipkyso 
abritwq apjthfk bbdcnax bivwmja ccnbfal cdknrva ddwruft dhuguxl ecslvbe ediutql fglrgoc fuclnnt gbhiadw gbmbjby gogdhss govewqc hdecrfj hhflkpk iewaasq ijhrqpr jtdonup kfojsgx khantbc laehbta lilsxpc meregcl mjjskiu nsfpgrx oblsaiv oheyqse pbjxdyx pcnkfpe qmeqcje qnqjciq rcgfeax rcvhsbo rduxuoa sepurvw sftunoo tslpjki tthbytw uyaeenf vbsqcma vamklmn wnlects wttmtfq akdglvi apopeeu xhsyojh xijcdtd yafpqyl yiasmyk aqteeuo aipkyso 
abritwq apjthfk bbdcnax bivwmja ccnbfal cdknrva ddwruft dhuguxl ecslvbe ediutql fglrgoc fuclnnt gbhiadw gbmbjby gogdhss govewqc hdecrfj hhflkpk iewaasq ijhrqpr jtdonup kfojsgx khantbc laehbta lilsxpc meregcl mjjskiu nsfpgrx oblsaiv oheyqse pbjxdyx pcnkfpe qmeqcje qnqjciq rcgfeax rcvhsbo rduxuoa sepurvw sftunoo tslpjki tthbytw uyaeenf vbsqcma vamklmn wnlects wttmtfq akdglvi apopeeu xhsyojh xijcdtd yafpqyl yiasmyk aqteeuo aipkyso 
107.979221 
abritwq apjthfk bbdcnax bivwmja ccnbfal cdknrva ddwruft dhuguxl ecslvbe ediutql fglrgoc fuclnnt gbhiadw gbmbjby gogdhss govewqc hdecrfj hhflkpk iewaasq ijhrqpr jtdonup kfojsgx khantbc laehbta lilsxpc meregcl mjjskiu nsfpgrx oblsaiv oheyqse pbjxdyx pcnkfpe qmeqcje qnqjciq rcgfeax rcvhsbo rduxuoa sepurvw sftunoo tslpjki tthbytw ulcfmby uyaeenf vbsqcma vamklmn wnlects wttmtfq akdglvi apopeeu xhsyojh xijcdtd yafpqyl yiasmyk aqteeuo aipkyso 

FALSE 
108.105263 
abritwq apjthfk bbdcnax bivwmja ccnbfal cdknrva ddwruft dhuguxl ecslvbe ediutql fglrgoc fuclnnt gbhiadw gbmbjby gogdhss govewqc hdecrfj hhflkpk iewaasq ijhrqpr jnrywtw jqvhupw kexmrbk kfojsgx laehbta lilsxpc meregcl mjjskiu nsfpgrx oblsaiv oghddxj pbjxdyx pcnkfpe qmeqcje qnqjciq rcgfeax rcvhsbo rduxuoa sepurvw sevqoiv sftunoo tslpjki tthbytw ulcfmby uyaeenf vbsqcma vamklmn wnlects wttmtfq akdglvi apopeeu xhsyojh xijcdtd yafpqyl yiasmyk aqteeuo aipkyso aecxgrg 

TRUE 
abritwq apjthfk bbdcnax bivwmja ccnbfal cdknrva ddwruft dhuguxl ecslvbe ediutql fglrgoc fuclnnt gbhiadw gbmbjby gogdhss govewqc hdecrfj hhflkpk ibmbica iewaasq jnrywtw jqvhupw kexmrbk kfojsgx laehbta lilsxpc meregcl mjjskiu nsfpgrx ntfhkga oblsaiv oghddxj pbjxdyx pcnkfpe qlceodj qmeqcje rcgfeax rcvhsbo rduxuoa sepurvw sevqoiv sftunoo tslpjki tthbytw ulcfmby uyaeenf vbsqcma vamklmn widgqye wnlects akdglvi apopeeu xhsyojh xijcdtd yafpqyl yiasmyk aqteeuo aipkyso aecxgrg 
FALSE 

abritwq acbjfkr bbdcnax bivwmja ccnbfal cdknrva ddwruft dhuguxl ecslvbe ediutql fglrgoc fuclnnt gbhiadw gbmbjby gjthqfh hdecrfj hhflkpk ibmbica iewaasq jnrywtw jqvhupw kccglji kexmrbk laehbta lawyrqg lilsxpc meregcl mjjskiu nkphaab nsfpgrx oblsaiv oghddxj pbjxdyx pcnkfpe qlceodj qmeqcje rbarqrh rcgfeax rcvhsbo sepurvw sevqoiv sftunoo tslpjki tthbytw ugacaqd ulcfmby vbsqcma vamklmn widgqye wnlects akdglvi apopeeu xhsyojh xijcdtd yafpqyl yiasmyk aqteeuo aipkyso aecxgrg 
ugacaqd 
nkphaab 
klaapqw klgrqdi 
FALSE 
abritwq acbjfkr bbdcnax bivwmja ccnbfal cdknrva ddwruft dhuguxl ecslvbe ediutql fglrgoc fhbtjfi gbhiadw gbmbjby gjthqfh hdecrfj hhflkpk ibmbica iewaasq jnrywtw jqvhupw kccglji kexmrbk laehbta lawyrqg lilsxpc meregcl mjjskiu nkphaab nsfpgrx oblsaiv oghddxj pbjxdyx pcnkfpe qlceodj qmeqcje rbarqrh rcgfeax rcvhsbo sepurvw sevqoiv sftunoo tslpjki tthbytw ugacaqd ulcfmby vbsqcma vamklmn widgqye wnlects akdglvi apopeeu xhsyojh xijcdtd yafpqyl yiasmyk aqteeuo aipkyso aecxgrg avyfaua 
abritwq acbjfkr bbdcnax bivwmja ccnbfal cdknrva ddwruft dhuguxl ecslvbe ediutql fglrgoc fhbtjfi gbhiadw gbmbjby gjthqfh hdecrfj hhflkpk ibmbica iewaasq jnrywtw jqvhupw kccglji kexmrbk laehbta lawyrqg lilsxpc meregcl mjjskiu nkphaab nsfpgrx oblsaiv oghddxj pbjxdyx pcnkfpe qlceodj qmeqcje rbarqrh rcgfeax rcvhsbo sepurvw sevqoiv sftunoo tslpjki tthbytw ugacaqd ulcfmby vbsqcma vamklmn widgqye wnlects akdglvi apopeeu xhsyojh xijcdtd yafpqyl yiasmyk aqteeuo aipkyso aecxgrg avyfaua akfqhfr 
gbhiadw gbmbjby ibmbica ibmbica 
yqneymg 
abritwq abtmacv acbjfkr bbdcnax bivwmja ccnbfal cdknrva ddwruft dhuguxl ecslvbe ediutql fglrgoc fhbtjfi gbhiadw gbmbjby gckwaaw hdecrfj hhflkpk ibmbica iewaasq jnrywtw jqvhupw kccglji kexmrbk laehbta lawyrqg lilsxpc mbmxtid meregcl nggykaa nkphaab oblsaiv ofpajnp pbjxdyx pcnkfpe qlceodj qmeqcje rbarqrh rcgfeax rcvhsbo sdpjmjp sepurvw sevqoiv tslpjki tthbytw ugacaqd ulcfmby vbsqcma vamklmn widgqye wnlects akdglvi apopeeu xhsyojh xijcdtd yafpqyl yiasmyk aqteeuo aipkyso aecxgrg avyfaua akfqhfr 
glaaajt 
oghddxj 
abritwq abtmacv acbjfkr bbdcnax bivwmja ccnbfal cdknrva ddwruft dhuguxl ecslvbe ediutql fglrgoc fhbtjfi gbhiadw gbmbjby gckwaaw hdecrfj hhflkpk ibmbica iewaasq jnrywtw jqvhupw kccglji kexmrbk laehbta lawyrqg lilsxpc mbmxtid meregcl nggykaa nkphaab oblsaiv ofpajnp pbjxdyx pcnkfpe qlceodj qmeqcje rbarqrh rcgfeax rcvhsbo sdpjmjp sepurvw sevqoiv tslpjki tthbytw ueiadim ugacaqd vbsqcma vamklmn waeetnc widgqye akdglvi apopeeu xhsyojh xijcdtd yafpqyl yiasmyk aqteeuo aipkyso aecxgrg avyfaua akfqhfr auglgvq 

abritwq abtmacv acbjfkr bbdcnax bivwmja ccnbfal cdknrva ddwruft dhuguxl ecslvbe ediutql fglrgoc fhbtjfi gbhiadw gbmbjby gckwaaw hdecrfj hhflkpk ibmbica iewaasq jnrywtw jqvhupw kccglji kexmrbk laehbta lawyrqg lilsxpc mbmxtid meregcl nggykaa nkphaab oblsaiv ofpajnp pbjxdyx pcnkfpe qlceodj qmeqcje rbarqrh rcgfeax rcvhsbo sdpjmjp sepurvw sevqoiv tslpjki tthbytw ueiadim ugacaqd vbsqcma vamklmn waeetnc widgqye akdglvi apopeeu xhsyojh xijcdtd yafpqyl yiasmyk aqteeuo aipkyso aecxgrg avyfaua akfqhfr auglgvq aowebep 
abritwq abtmacv acbjfkr bbdcnax bivwmja ccnbfal cdknrva ddwruft dhuguxl ecslvbe ediutql fglrgoc fhbtjfi gbhiadw gbmbjby gckwaaw hdecrfj hhflkpk ibmbica iewaasq jekgdpu jnrywtw kccglji kexmrbk laehbta lawyrqg lilsxpc mbmxtid meregcl nggykaa nkphaab oblsaiv ofpajnp pbjxdyx pcnkfpe qlceodj qmeqcje rbarqrh rcgfeax rcvhsbo scecuol sdpjmjp tslpjki tthbytw ueiadim ugacaqd vbsqcma vamklmn waeetnc widgqye akdglvi apopeeu xhsyojh xijcdtd yafpqyl yiasmyk aqteeuo aipkyso aecxgrg avyfaua akfqhfr auglgvq aowebep alygyau attajad 
abritwq abtmacv acbjfkr bbdcnax bivwmja ccnbfal cdknrva ddwruft dhuguxl ecslvbe ediutql fglrgoc fhbtjfi gbhiadw gbmbjby gckwaaw hdecrfj hhflkpk ibmbica iewaasq jekgdpu jnrywtw kccglji kexmrbk laehbta lawyrqg lilsxpc mbmxtid meregcl nggykaa nkphaab oblsaiv ofpajnp pbjxdyx pcnkfpe qlceodj qmeqcje rbarqrh rcgfeax rcvhsbo scecuol sdpjmjp tslpjki tthbytw ueiadim ugacaqd vbsqcma vamklmn waeetnc widgqye akdglvi apopeeu xhsyojh xijcdtd yafpqyl yiasmyk aqteeuo aipkyso aecxgrg avyfaua akfqhfr auglgvq aowebep alygyau attajad 
abritwq abtmacv acbjfkr bbdcnax bivwmja ccnbfal cdknrva ddwruft dhuguxl ecslvbe ediutql fglrgoc fhbtjfi gbhiadw gbmbjby gckwaaw hdecrfj hhflkpk ibmbica iewaasq jekgdpu jnrywtw kccglji kexmrbk laehbta lawyrqg lilsxpc mbmxtid meregcl nggykaa nkphaab oblsaiv ofpajnp pbjxdyx pcnkfpe qlceodj qmeqcje rbarqrh rcgfeax rcvhsbo scecuol sdpjmjp tslpjki tthbytw ueiadim ugacaqd vbsqcma vamklmn waeetnc widgqye akdglvi apopeeu xhsyojh xijcdtd yafpqyl yiasmyk aqteeuo aipkyso aecxgrg avyfaua akfqhfr auglgvq aowebep alygyau attajad 

FALSE 

FALSE 

FALSE 





aakkieg abritwq abtmacv bbdcnax bejtkux ccnbfal cdknrva ddwruft dhtmlqt dhuguxl ecslvbe ecacbuh ediutql fdwvigh fglrgoc gbhiadw gbmbjby gckwaaw hchocxf hdecrfj ibmbica iewaasq jekgdpu jnrywtw kccglji kexmrbk laehbta lawyrqg lctegem mbgbxrx mbmxtid meregcl nggykaa nipgdya oblsaiv ofpajnp pbjxdyx pcnkfpe qajtgtl qlceodj rbarqrh rcgfeax rcvhsbo scecuol sdpjmjp tslpjki tthbytw ueiadim ugacaqd vbsqcma vamklmn waeetnc widgqye akdglvi apopeeu xbleasg xejagrd yafpqyl yiasmyk aqteeuo aipkyso aecxgrg avyfaua akfqhfr auglgvq aowebep alygyau attajad aykvyvq afobaww apymhte agcxiad 
106.751984 
fmugcsi 

FALSE 
nggykaa nipgdya o4jrlvm oghddxj oheyqse oijrlvm o4jrlvm oghddxj oheyqse oijrlvm 
FALSE 
FALSE 
mbgbxrx mbmxtid n2raaya naagoxw nbraaya ncraaya o2jrlvm oajrlvm oblsaiv ocjrlvm o2jrlvm oajrlvm oblsaiv ocjrlvm 
jqvhupw jsgtxxe jsykkow krulqmd 


TRUE 
ungmqak uolqfue uoxdqaa vmtaybw vmtaybw 
aakkieg abritwq abtmacv bbdcnax bdagsjj ccnbfal cdknrva ddwruft dhtmlqt dhuguxl ecslvbe ecacbuh ediutql fdwvigh fglrgoc gbhiadw gbmbjby gckwaaw hchocxf hdecrfj ibmbica iewaasq jdhnuua jekgdpu kccglji kexmrbk laehbta lawyrqg lctegem mbgbxrx mbmxtid meregcl nggykaa nipgdya oblsaiv ofpajnp pbjxdyx pcnkfpe qajtgtl qjvqorg rbarqrh rcgfeax rcvhsbo scecuol sdpjmjp sdsxmga tahylaa trxnnch ucoayqf ueiadim vbsqcma vamklmn waeetnc widgqye akdglvi apopeeu xbleasg xejagrd yafpqyl yiasmyk aqteeuo aipkyso aecxgrg avyfaua akfqhfr auglgvq aowebep alygyau attajad aykvyvq afobaww apymhte agcxiad aeplkjn 
meregcl 
h4hkcwn h4unyhk hghkcwn hgunyhk hhflkpk hilghtj i4kkjwh igjbvis igpxpvf ihkkjwh iikkjwh i4kkjwh igjbvis igpxpvf ihkkjwh iikkjwh 
106.735238 
aakkieg abritwq abtmacv bbdcnax bdagsjj ccnbfal cdknrva ddwruft dhtmlqt dhuguxl ecslvbe ecacbuh ediutql fdwvigh fglrgoc gbhiadw gbmbjby gckwaaw hchocxf hdecrfj ibmbica iewaasq jdhnuua jekgdpu kccglji kdwemhc laehbta lawyrqg lctegem mbgbxrx mbmxtid meregcl nggykaa ngvlalc nipgdya oblsaiv ofpajnp pbjxdyx pcnkfpe qajtgtl qjvqorg rbarqrh rcgfeax rctpbgk scecuol sdpjmjp sdsxmga tahylaa trxnnch ucoayqf ueiadim vbsqcma vamklmn waeetnc widgqye akdglvi apopeeu xbleasg xejagrd yafpqyl yiasmyk aqteeuo aipkyso aecxgrg avyfaua akfqhfr auglgvq aowebep alygyau attajad aykvyvq afobaww apymhte agcxiad aeplkjn 
106.735238 
oqjrlvm 


gwcjdae gxaafla gyvhava h9hkcwn h9unyhk hwhkcwn hwunyhk hxhkcwn hxunyhk hyhkcwn hyunyhk hzhkcwn hzunyhk i9kkjwh iwkkjwh ixkkjwh iykkjwh izkkjwh i9kkjwh iwkkjwh ixkkjwh iykkjwh izkkjwh 
ccnbfal 
FALSE 
aakkieg abritwq abtmacv bbdcnax bdagsjj ccnbfal cdknrva ddwruft dhtmlqt dhuguxl ecslvbe ecacbuh ediutql fdwvigh fglrgoc gbhiadw gbmbjby gckwaaw hchocxf hdabnlu hdecrfj ibmbica iewaasq jdhnuua jekgdpu kccglji kdwemhc laehbta lawyrqg lctegem mbgbxrx mbmxtid meregcl nggykaa ngvlalc nipgdya oblsaiv ofpajnp pbjxdyx pcnkfpe qajtgtl qjvqorg rbarqrh rcgfeax rctpbgk scecuol sdpjmjp sdsxmga tahylaa tdjjiqw ucoayqf ueiadim vbsqcma vamklmn waeetnc widgqye akdglvi apopeeu xbleasg xejagrd yafpqyl yhicprs aqteeuo aipkyso aecxgrg avyfaua akfqhfr auglgvq aowebep alygyau attajad aykvyvq afobaww apymhte agcxiad aeplkjn 
aakkieg abritwq abtmacv bbdcnax bdagsjj ccnbfal cdknrva ddwruft dhtmlqt dhuguxl ecslvbe ecacbuh ediutql fdwvigh fglrgoc gbhiadw gbmbjby gckwaaw hchocxf hdabnlu hdecrfj ibmbica iewaasq jdhnuua jekgdpu kccglji kdwemhc laehbta lawyrqg lctegem mbgbxrx mbmxtid meregcl nggykaa ngvlalc nipgdya oblsaiv ofpajnp pbjxdyx pcnkfpe qajtgtl qjvqorg rbarqrh rcgfeax rctpbgk scecuol sdpjmjp sdsxmga tahylaa tdjjiqw ucoayqf ueiadim vbsqcma vamklmn waeetnc widgqye akdglvi apopeeu xbleasg xejagrd yafpqyl yhicprs aqteeuo aipkyso aecxgrg avyfaua akfqhfr auglgvq aowebep alygyau attajad aykvyvq afobaww apymhte agcxiad aeplkjn 
aakkieg abritwq abtmacv bbdcnax bdagsjj ccnbfal cdknrva ddwruft dhtmlqt dhuguxl ecslvbe ecacbuh ediutql fdwvigh fglrgoc gbhiadw gbmbjby gckwaaw hchocxf hdabnlu hdecrfj ibmbica iewaasq jdhnuua jekgdpu kccglji kdwemhc laehbta lawyrqg lctegem mbgbxrx mbmxtid meregcl nggykaa ngvlalc nipgdya oblsaiv ofpajnp pbjxdyx pcnkfpe qajtgtl qjvqorg rbarqrh rcgfeax rctpbgk scecuol sdpjmjp sdsxmga tahylaa tdjjiqw ucoayqf ueiadim vbsqcma vamklmn waeetnc widgqye akdglvi apopeeu xbleasg xejagrd yafpqyl yhicprs aqteeuo aipkyso aecxgrg avyfaua akfqhfr auglgvq aowebep alygyau attajad aykvyvq afobaww apymhte agcxiad aeplkjn 

smqrahr 
aakkieg abritwq abtmacv bbdcnax bdagsjj ccnbfal cdknrva ddwruft dhtmlqt dhuguxl ecslvbe ecacbuh ediutql fdwvigh fglrgoc gbhiadw gbmbjby gckwaaw hchocxf hdabnlu hdecrfj ibmbica iewaasq jdhnuua jekgdpu kccglji kdwemhc laehbta lawyrqg lctegem mbgbxrx mbmxtid meregcl nggykaa ngvlalc nipgdya oblsaiv ofpajnp pbjxdyx pcnkfpe qajtgtl qjvqorg rbarqrh rcgfeax rctpbgk scecuol sdpjmjp sdsxmga taherhs tahylaa tdjjiqw ucoayqf ueiadim vbsqcma vamklmn waeetnc wdvkdbi akdglvi apopeeu xbleasg xejagrd yafpqyl yhicprs aqteeuo aipkyso aecxgrg avyfaua akfqhfr auglgvq aowebep alygyau attajad aykvyvq afobaww apymhte agcxiad aeplkjn 
106.677656 

r1rkhpe 
106.707052 


apjthfk 



aakkieg abritwq abtmacv bbdcnax bdagsjj ccnbfal cdknrva ddwruft dhtmlqt dhuguxl ecslvbe ecacbuh ediutql fdwvigh fglrgoc gbhiadw gbmbjby gckwaaw hchocxf hdabnlu hdecrfj ibmbica iewaasq jdhnuua jekgdpu kccglji kdwemhc laehbta lawyrqg lctegem mbgbxrx mbmxtid meregcl nggykaa ngvlalc nipgdya oblsaiv ofpajnp pbjxdyx pcnkfpe qajtgtl qjvqorg rbarqrh rcgfeax rctpbgk scecuol sdpjmjp sdsxmga taherhs tahylaa tdjjiqw tdsbwal ucoayqf ueiadim vbsqcma vamklmn waeetnc wdvkdbi akdglvi apopeeu xbleasg xejagrd yafpqyl yhicprs aqteeuo aipkyso aecxgrg avyfaua akfqhfr auglgvq aowebep alygyau attajad aykvyvq afobaww apymhte agcxiad aeplkjn aynbygq arsmokq atnxrrp 

c1knrva c1knrva 
c5knrva cjknrva ckknrva clknrva c5knrva cjknrva ckknrva clknrva 
aakkieg abritwq abtmacv bbdcnax bdagsjj ccnbfal cdknrva ddwruft dhtmlqt dhuguxl ecslvbe ecacbuh ediutql fdwvigh fglrgoc gbhiadw gbmbjby gckwaaw hchocxf hdabnlu hdecrfj ibmbica iewaasq jdhnuua jekgdpu kccglji kdwemhc laehbta lawyrqg lctegem mbgbxrx mbmxtid meregcl nggykaa ngvlalc nipgdya oblsaiv ofpajnp pbjxdyx pcnkfpe qajtgtl qjvqorg rbarqrh rcgfeax rctpbgk scecuol sdpjmjp sdsxmga taherhs tahylaa tdjjiqw tdsbwal ucoayqf ueiadim vbsqcma vamklmn waeetnc wdvkdbi akdglvi apopeeu xbleasg xejagrd yafpqyl yhicprs aqteeuo aipkyso aecxgrg avyfaua akfqhfr auglgvq aowebep alygyau attajad aykvyvq afobaww apymhte agcxiad aeplkjn aynbygq arsmokq atnxrrp 
aakkieg abritwq abtmacv bbdcnax bdagsjj ccnbfal cdknrva ddwruft dhtmlqt dhuguxl ecslvbe ecacbuh ediutql fdwvigh fglrgoc gbhiadw gbmbjby gckwaaw hchocxf hdabnlu hdecrfj ibmbica iewaasq jdhnuua jekgdpu kccglji kdwemhc laehbta lawyrqg lctegem mbgbxrx mbmxtid meregcl nggykaa ngvlalc nipgdya oblsaiv ofpajnp pbjxdyx pcnkfpe qajtgtl qjvqorg rbarqrh rcgfeax rctpbgk scecuol sdpjmjp sdsxmga taherhs tahylaa tdjjiqw tdsbwal ucoayqf ueiadim vbsqcma vamklmn waeetnc wdvkdbi akdglvi apopeeu xbleasg xejagrd yafpqyl yhicprs aqteeuo aipkyso aecxgrg avyfaua akfqhfr auglgvq aowebep alygyau attajad aykvyvq afobaww apymhte agcxiad aeplkjn aynbygq arsmokq atnxrrp 
grdhlgr h7hkcwn h7unyhk hphkcwn hpunyhk hqhkcwn hqunyhk hrqiwcp hshkcwn hsunyhk i7kkjwh ipkkjwh iqkkjwh irkkjwh iskkjwh i7kkjwh ipkkjwh iqkkjwh irkkjwh iskkjwh 
waeetnc 

106.731497 
aakkieg abritwq abtmacv bbdcnax bdagsjj ccnbfal cdknrva ddwruft dhtmlqt dhuguxl ecslvbe ecacbuh ediutql fdwvigh fglrgoc gbhiadw gbmbjby gckwaaw hchocxf hdabnlu hdecrfj ibmbica iewaasq jdhnuua jekgdpu kccglji kdwemhc laehbta lawyrqg lctegem mbgbxrx mbmxtid meregcl nggykaa ngvlalc nipgdya oblsaiv ofpajnp pbjxdyx pcnkfpe qajtgtl qjvqorg rbarqrh rbjpgog rcgfeax rctpbgk scecuol sdpjmjp sdsxmga taherhs tahylaa tdjjiqw tdsbwal ucoayqf ueiadim vbsqcma vamklmn waeetnc wdvkdbi akdglvi apopeeu xbleasg xejagrd yafpqyl yhicprs aqteeuo aipkyso aecxgrg avyfaua akfqhfr auglgvq aowebep alygyau attajad aykvyvq afobaww apymhte agcxiad aeplkjn aynbygq arsmokq atnxrrp abgealf 
aakkieg abritwq abtmacv bbdcnax bdagsjj ccnbfal cdknrva ddwruft dhtmlqt dhuguxl ecslvbe ecacbuh ediutql fdwvigh fglrgoc gbhiadw gbmbjby gckwaaw hchocxf hdabnlu hdecrfj ibmbica iewaasq jdhnuua jekgdpu kccglji kdwemhc laehbta lawyrqg lctegem mbgbxrx mbmxtid meregcl nggykaa ngvlalc nipgdya oblsaiv ofpajnp pbjxdyx pcnkfpe qajtgtl qjvqorg rbarqrh rbjpgog rcgfeax rctpbgk scecuol sdpjmjp sdsxmga taherhs tahylaa tdjjiqw tdsbwal ucoayqf ueiadim vbsqcma vamklmn waeetnc wdvkdbi akdglvi apopeeu xbleasg xejagrd yafpqyl yhicprs aqteeuo aipkyso aecxgrg avyfaua akfqhfr auglgvq aowebep alygyau attajad aykvyvq afobaww apymhte agcxiad aeplkjn aynbygq arsmokq atnxrrp abgealf 
opjrlvm 
d0svvsp 
jpjunsm jqvhupw jrwpnja jsgtxxe jsykkow k7uteyq kputeyq kquteyq kruteyq ksuteyq 
aakkieg abritwq abtmacv bbdcnax bdagsjj ccnbfal cdknrva ddwruft dhtmlqt dhuguxl ecslvbe ecacbuh ediutql fdwvigh fglrgoc gbhiadw gbmbjby gckwaaw hchocxf hdabnlu hdecrfj ibmbica iewaasq jdhnuua jekgdpu kccglji kdwemhc laehbta lawyrqg lctegem mbgbxrx mbmxtid meregcl nggykaa ngvlalc nipgdya oblsaiv ofpajnp pbjxdyx pcnkfpe qajtgtl qjvqorg rbarqrh rbjpgog rcgfeax rctpbgk scecuol sdpjmjp sdsxmga taherhs tahylaa tdjjiqw tdsbwal ucoayqf ueiadim vbsqcma vamklmn waeetnc wdvkdbi akdglvi apopeeu xbleasg xejagrd yafpqyl yhicprs yhapchi aqteeuo aipkyso aecxgrg avyfaua akfqhfr auglgvq aowebep alygyau attajad aykvyvq afobaww apymhte agcxiad aeplkjn aynbygq arsmokq atnxrrp abgealf 
aakkieg abritwq abtmacv bbdcnax bdagsjj ccnbfal cdknrva ddwruft dhtmlqt dhuguxl ecslvbe ecacbuh ediutql fdwvigh fglrgoc gbhiadw gbmbjby gckwaaw hchocxf hdabnlu hdecrfj ibmbica iewaasq jdhnuua jekgdpu kccglji kdwemhc laehbta lawyrqg lctegem mbgbxrx mbmxtid meregcl nggykaa ngvlalc nipgdya oblsaiv ofpajnp pbjxdyx pcnkfpe qajtgtl qjvqorg rbarqrh rbjpgog rcgfeax rctpbgk scecuol sdpjmjp sdsxmga taherhs tahylaa tdjjiqw tdsbwal ucoayqf ueiadim vbsqcma vamklmn waeetnc wdvkdbi akdglvi apopeeu xbleasg xejagrd yafpqyl yhicprs yhapchi aqteeuo aipkyso aecxgrg avyfaua akfqhfr auglgvq aowebep alygyau attajad aykvyvq afobaww apymhte agcxiad aeplkjn aynbygq arsmokq atnxrrp abgealf 


aakkieg abritwq abtmacv bbdcnax bdagsjj ccnbfal cdknrva ddwruft dhtmlqt dhuguxl ecslvbe ecacbuh ediutql fdwvigh fglrgoc gbhiadw gbmbjby gckwaaw hchocxf hdabnlu hdecrfj ibmbica iewaasq jdhnuua jekgdpu kccglji kdwemhc laehbta lawyrqg lctegem mbgbxrx mbmxtid meregcl nggykaa ngvlalc nipgdya oblsaiv ofpajnp pbjxdyx pcnkfpe qajtgtl qjvqorg rbarqrh rbjpgog rcgfeax rctpbgk scecuol sdpjmjp sdsxmga taherhs tahylaa tdjjiqw tdsbwal ucoayqf ueiadim vbsqcma vamklmn waeetnc wdvkdbi akdglvi apopeeu xbleasg xejagrd yafpqyl yhicprs yhapchi aqteeuo aipkyso aecxgrg avyfaua akfqhfr auglgvq aowebep alygyau attajad aykvyvq afobaww apymhte agcxiad aeplkjn aynbygq arsmokq atnxrrp abgealf 
FALSE 
aakkieg abritwq abtmacv bbdcnax bdagsjj ccnbfal cdknrva ddwruft dhtmlqt dhuguxl ecslvbe ecacbuh ediutql fdwvigh fglrgoc gbhiadw gbmbjby gckwaaw hchocxf hdabnlu hdecrfj ibmbica iewaasq jdhnuua jekgdpu kccglji kdwemhc laehbta lawyrqg lctegem mbgbxrx mbmxtid meregcl nggykaa ngvlalc nipgdya oblsaiv ofpajnp pbjxdyx pcnkfpe qajtgtl qjvqorg rbarqrh rbjpgog rcgfeax rctpbgk scecuol sdpjmjp sdsxmga taherhs tahylaa tdjjiqw tdsbwal ucoayqf ueiadim vbsqcma vamklmn waeetnc wdvkdbi akdglvi apopeeu xbleasg xejagrd yafpqyl yhicprs yhapchi aqteeuo aipkyso aecxgrg avyfaua akfqhfr auglgvq aowebep alygyau attajad aykvyvq afobaww apymhte agcxiad aeplkjn aynbygq arsmokq atnxrrp abgealf 
7fobaww peempta pehyawu r3rkhpe rduxuoa remwrti rfrkhpe sdpjmjp sdsxmga sepurvw sevqoiv sftunoo sdpjmjp sdsxmga sepurvw sevqoiv sftunoo 
gwcjdae gwilcha gxaafla gyvhava h9hkcwn h9unyhk hwhkcwn hwunyhk hxhkcwn hxunyhk hyhkcwn hyunyhk hzhkcwn hzunyhk i9kkjwh iwkkjwh ixkkjwh iykkjwh izkkjwh i9kkjwh iwkkjwh ixkkjwh iykkjwh izkkjwh 
aakkieg abritwq abtmacv bbdcnax bdagsjj ccnbfal cdknrva ddwruft dhtmlqt dhuguxl ecslvbe ecacbuh ediutql fdwvigh fglrgoc gbhiadw gbmbjby gckwaaw hchocxf hdabnlu hdecrfj ibmbica iewaasq jdhnuua jekgdpu kccglji kdwemhc laehbta lawyrqg lctegem mbgbxrx mbmxtid meregcl nggykaa ngvlalc nipgdya oblsaiv ofpajnp pbjxdyx pcnkfpe qajtgtl qjvqorg rbarqrh rbjpgog rcgfeax rctpbgk scecuol sdpjmjp sdsxmga taherhs tahylaa tdjjiqw tdsbwal ucoayqf ueiadim vbsqcma vamklmn waeetnc wdvkdbi akdglvi apopeeu xbleasg xejagrd yafpqyl yexslgb aqteeuo aipkyso aecxgrg avyfaua akfqhfr auglgvq aowebep alygyau attajad aykvyvq afobaww apymhte agcxiad aeplkjn aynbygq arsmokq atnxrrp abgealf aabyrei 
5fobaww jdhnuua jekgdpu k3uteyq kdwemhc kexmrbk kfojsgx 


aakkieg abritwq abtmacv bbdcnax bbvsimb bdagsjj ccnbfal cdknrva ddwruft dhtmlqt dhuguxl ecslvbe ecacbuh ediutql fdwvigh fglrgoc gaklvog gbhiadw gbmbjby hchocxf hdabnlu hdecrfj ibmbica iewaasq jcbaaar jdhnuua kccglji kdwemhc laehbta lawyrqg lctegem mbgbxrx mbmxtid meregcl nggykaa ngvlalc nipgdya oblsaiv ofpajnp pbjxdyx pcnkfpe qajtgtl qjvqorg rbarqrh rbjpgog rcgfeax rctpbgk scecuol sdpjmjp sdsxmga taherhs tahylaa tdjjiqw tdsbwal ucoayqf ueiadim vbsqcma vamklmn waeetnc wdvkdbi akdglvi apopeeu xbleasg xejagrd yafpqyl yexslgb aqteeuo aipkyso aecxgrg avyfaua akfqhfr auglgvq aowebep alygyau attajad aykvyvq afobaww apymhte agcxiad aeplkjn aynbygq arsmokq atnxrrp abgealf aabyrei akyrchh 
yuaelqt yufgakr 
FALSE 
aoffkvb boaqdsp c6knrva cmknrva cnknrva coknrva c6knrva cmknrva cnknrva coknrva 
aakkieg abritwq abtmacv bbdcnax bbvsimb bdagsjj ccnbfal cdknrva ddwruft dhtmlqt dhuguxl ecslvbe ecacbuh ediutql fdwvigh fglrgoc gaklvog gbhiadw gbmbjby hchocxf hdabnlu hdecrfj ibmbica iewaasq jcbaaar jdhnuua kccglji kdwemhc laehbta lawyrqg lctegem mbgbxrx mbmxtid meregcl nggykaa ngvlalc nipgdya oblsaiv ofpajnp pbjxdyx pcnkfpe qajtgtl qjvqorg rbarqrh rbjpgog rcgfeax rctpbgk scecuol sdpjmjp sdsxmga taherhs tahylaa tdjjiqw tdsbwal ucoayqf ueiadim vbsqcma vamklmn waeetnc wdvkdbi akdglvi apopeeu xbleasg xejagrd yafpqyl yexslgb aqteeuo aipkyso aecxgrg avyfaua akfqhfr auglgvq aowebep alygyau attajad aykvyvq afobaww apymhte agcxiad aeplkjn aynbygq arsmokq atnxrrp abgealf aabyrei akyrchh 
aakkieg abritwq abtmacv bbdcnax bbvsimb bdagsjj ccnbfal cdknrva ddwruft dhtmlqt dhuguxl ecslvbe ecacbuh ediutql fdwvigh fglrgoc gaklvog gbhiadw gbmbjby hchocxf hdabnlu hdecrfj ibmbica iewaasq jcbaaar jdhnuua kccglji kdwemhc laehbta lawyrqg lctegem mbgbxrx mbmxtid meregcl nggykaa ngvlalc nipgdya oblsaiv ofpajnp pbjxdyx pcnkfpe qajtgtl qjvqorg rbarqrh rbjpgog rcgfeax rctpbgk scecuol sdpjmjp sdsxmga taherhs tahylaa tdjjiqw tdsbwal ucoayqf ueiadim vbsqcma vamklmn waeetnc wdvkdbi akdglvi apopeeu xbleasg xejagrd yafpqyl yexslgb aqteeuo aipkyso aecxgrg avyfaua akfqhfr auglgvq aowebep alygyau attajad aykvyvq afobaww apymhte agcxiad aeplkjn aynbygq arsmokq atnxrrp abgealf aabyrei akyrchh 

aakkieg abritwq abtmacv bbdcnax bbvsimb bdagsjj ccnbfal cdknrva ddwruft dhtmlqt dhuguxl ecslvbe ecacbuh ediutql fdwvigh fglrgoc gaklvog gbhiadw gbmbjby hchocxf hdabnlu hdecrfj ibmbica iewaasq jcbaaar jdhnuua kccglji kdwemhc laehbta lawyrqg lctegem mbgbxrx mbmxtid meregcl nggykaa ngvlalc nipgdya oblsaiv ofpajnp pbjxdyx pcnkfpe qajtgtl qjvqorg rbarqrh rbjpgog rcgfeax rctpbgk scecuol sdpjmjp sdsxmga taherhs tahylaa tdjjiqw tdsbwal ucoayqf ueiadim vbsqcma vamklmn waeetnc wdvkdbi akdglvi apopeeu xbleasg xejagrd yafpqyl yexslgb aqteeuo aipkyso aecxgrg avyfaua akfqhfr auglgvq aowebep alygyau attajad aykvyvq afobaww apymhte agcxiad aeplkjn aynbygq arsmokq atnxrrp abgealf aabyrei akyrchh 
rorkhpe 
aakkieg abritwq abtmacv bbdcnax bbvsimb bdagsjj ccnbfal cdknrva ddwruft dhtmlqt dhuguxl ecslvbe ecacbuh ediutql fdwvigh fglrgoc gaklvog gbhiadw gbmbjby hchocxf hdabnlu hdecrfj ibmbica iewaasq jcbaaar jdhnuua kccglji kdwemhc laehbta lawyrqg lctegem mbgbxrx mbmxtid meregcl nggykaa ngvlalc nipgdya oblsaiv ofpajnp pbjxdyx pcnkfpe qajtgtl qjvqorg rbarqrh rbjpgog rcgfeax rctpbgk scecuol sdpjmjp sdsxmga taherhs tahylaa tdjjiqw tdsbwal ucoayqf ueiadim vbsqcma vamklmn waeetnc wdvkdbi akdglvi apopeeu xbleasg xejagrd yafpqyl yexslgb aqteeuo aipkyso aecxgrg avyfaua akfqhfr auglgvq aowebep alygyau attajad aykvyvq afobaww apymhte agcxiad aeplkjn aynbygq arsmokq atnxrrp abgealf aabyrei akyrchh 
ecslvbe ecacbuh 
FALSE 
mptbydi mrlnimt mrxejha msumqgk msvbfcg n7raaya npraaya nqraaya nraymdo nsfpgrx o7jrlvm opjrlvm oqjrlvm orjrlvm osjrlvm o7jrlvm opjrlvm oqjrlvm orjrlvm osjrlvm 

jtdonup jtycmlk 
aakkieg abritwq abtmacv bbdcnax bbvsimb bdagsjj ccnbfal cdknrva ddwruft dhtmlqt dhuguxl ecslvbe ecacbuh ediutql fdwvigh fglrgoc gaklvog gbhiadw gbmbjby hchocxf hdabnlu hdecrfj ibmbica iewaasq jcbaaar jdhnuua kccglji kdwemhc laehbta lawyrqg lctegem mbgbxrx mbmxtid meregcl nggykaa ngvlalc nipgdya oblsaiv ofpajnp pbjxdyx pcnkfpe qajtgtl qjvqorg rbarqrh rbjpgog rcgfeax rctpbgk scecuol sdpjmjp sdsxmga taherhs tahylaa tdjjiqw tdsbwal ucoayqf ueiadim vbsqcma vamklmn waeetnc wdvkdbi akdglvi apopeeu xbleasg xejagrd yafpqyl yexslgb aqteeuo aipkyso aecxgrg avyfaua akfqhfr auglgvq aowebep alygyau attajad aykvyvq afobaww apymhte agcxiad aeplkjn aynbygq arsmokq atnxrrp abgealf aabyrei akyrchh 
ogfuysc oghddxj 
gjthqfh glaaajt glvmbax h5hkcwn h5unyhk hjvkuoy hkhkcwn hkunyhk hlhkcwn hlunyhk i5kkjwh ijhrqpr ijljelk ikkkjwh ilkkjwh i5kkjwh ijhrqpr ijljelk ikkkjwh ilkkjwh 
106.659468 
aakkieg abritwq abtmacv bbdcnax bbvsimb bdagsjj ccnbfal cdknrva ddwruft dhtmlqt dhuguxl ecslvbe ecacbuh ediutql fdwvigh fglrgoc gaklvog gbhiadw gbmbjby hchocxf hdabnlu hdecrfj ibmbica iewaasq jcbaaar jdhnuua kccglji kdwemhc laehbta lawyrqg lctegem mbgbxrx mbmxtid meregcl nggykaa ngvlalc nipgdya oblsaiv ofpajnp pbjxdyx pcnkfpe qajtgtl qjvqorg rbarqrh rbjpgog rcgfeax rctpbgk scecuol sdpjmjp sdsxmga taherhs tahylaa tdjjiqw tdsbwal ucoayqf ueiadim vbsqcma vamklmn waeetnc wdvkdbi akdglvi apopeeu xbleasg xdfcwkl yafpqyl yexslgb aqteeuo aipkyso aecxgrg avyfaua akfqhfr auglgvq aowebep alygyau attajad aykvyvq afobaww apymhte agcxiad aeplkjn aynbygq arsmokq atnxrrp abgealf aabyrei akyrchh 
106.702791 

prryijo 
aakkieg abritwq abtmacv bbdcnax bbvsimb bdagsjj ccnbfal cdknrva ddwruft dhtmlqt dhuguxl ecslvbe ecacbuh ediutql fdwvigh fglrgoc gaklvog gbhiadw gbmbjby hchocxf hdabnlu hdecrfj ibmbica iewaasq jcbaaar jdhnuua kccglji kdwemhc laehbta lawyrqg lctegem mbgbxrx mbmxtid meregcl nggykaa ngvlalc nipgdya oblsaiv ofpajnp pbjxdyx pcnkfpe qajtgtl qjvqorg rbarqrh rbjpgog rcgfeax rciimaj scecuol sdpjmjp sdsxmga taherhs tahylaa tdjjiqw tdsbwal uaouswq ucoayqf vbsqcma vamklmn waeetnc wdvkdbi akdglvi apopeeu xbleasg xdfcwkl yafpqyl yexslgb aqteeuo aipkyso aecxgrg avyfaua akfqhfr auglgvq aowebep alygyau attajad aykvyvq afobaww apymhte agcxiad aeplkjn aynbygq arsmokq atnxrrp abgealf aabyrei akyrchh anmanel avamaqb 
drwmanf 
whwdbtk 
wmjiiio 
aakkieg abritwq abtmacv bbdcnax bbvsimb bdagsjj ccnbfal cdknrva ddwruft dhtmlqt dhuguxl ecslvbe ecacbuh ediutql fdwvigh fglrgoc gaklvog gbhiadw gbmbjby hchocxf hdabnlu hdecrfj ibmbica iewaasq jcbaaar jdhnuua kccglji kckdgwb kdwemhc laehbta lawyrqg lctegem mbgbxrx mbmxtid mchpkra nggykaa ngvlalc nipgdya oaxveiw oblsaiv pbjxdyx pcnkfpe qajtgtl qjvqorg rbarqrh rbjpgog rcgfeax rciimaj scecuol sdpjmjp sdsxmga taherhs tahylaa tdjjiqw tdsbwal uaouswq ucoayqf vbsqcma vamklmn waeetnc wdvkdbi akdglvi apopeeu xbleasg xdfcwkl yafpqyl yexslgb aqteeuo aipkyso aecxgrg avyfaua akfqhfr auglgvq aowebep alygyau attajad aykvyvq afobaww apymhte agcxiad aeplkjn aynbygq arsmokq atnxrrp abgealf aabyrei akyrchh anmanel avamaqb ajmsjgm 
aakkieg abritwq abtmacv bbdcnax bbvsimb bdagsjj ccnbfal cdknrva ddwruft dhtmlqt dhuguxl ecslvbe ecacbuh ediutql fdwvigh fglrgoc gaklvog gbhiadw gbmbjby hchocxf hdabnlu hdecrfj ibmbica iewaasq jcbaaar jdhnuua kccglji kckdgwb kdwemhc laehbta lawyrqg lctegem mbgbxrx mbmxtid mchpkra nggykaa ngvlalc nipgdya oaxveiw oblsaiv pbjxdyx pcnkfpe qajtgtl qjvqorg rbarqrh rbjpgog rcgfeax rciimaj scecuol sdpjmjp sdsxmga taherhs tahylaa tdjjiqw tdsbwal uaouswq ucoayqf vbsqcma vamklmn waeetnc wdvkdbi akdglvi apopeeu xbleasg xdfcwkl yafpqyl yexslgb aqteeuo aipkyso aecxgrg avyfaua akfqhfr auglgvq aowebep alygyau attajad aykvyvq afobaww apymhte agcxiad aeplkjn aynbygq arsmokq atnxrrp abgealf aabyrei akyrchh anmanel avamaqb ajmsjgm 
nvraaya 
aakkieg abritwq abtmacv bbdcnax bbvsimb bdagsjj ccgpexg ccnbfal cdknrva ddwruft dhtmlqt dhuguxl ecslvbe ecacbuh ediutql fdwvigh fglrgoc gaklvog gbhiadw gbmbjby hchocxf hdabnlu hdecrfj ibmbica iewaasq jcbaaar jdhnuua kccglji kckdgwb kdwemhc laehbta lawyrqg lctegem mbgbxrx mbmxtid mchpkra nggykaa ngvlalc nipgdya oaxveiw oblsaiv pbjxdyx pcnkfpe qajtgtl qjvqorg rbarqrh rbjpgog rcgfeax rciimaj scecuol sdpjmjp sdsxmga taherhs tahylaa tdjjiqw tdsbwal uaouswq ucoayqf vbsqcma vamklmn waeetnc wdvkdbi akdglvi apopeeu xbleasg xdfcwkl yafpqyl yexslgb aqteeuo aipkyso aecxgrg avyfaua akfqhfr auglgvq aowebep alygyau attajad aykvyvq afobaww apymhte agcxiad aeplkjn aynbygq arsmokq atnxrrp abgealf aabyrei akyrchh anmanel avamaqb ajmsjgm 
aakkieg abritwq abtmacv bbdcnax bbvsimb bdagsjj ccgpexg ccnbfal cdknrva ddwruft dhtmlqt dhuguxl ecslvbe ecacbuh ediutql fdwvigh fglrgoc gaklvog gbhiadw gbmbjby hchocxf hdabnlu hdecrfj ibmbica iewaasq jcbaaar jdhnuua kccglji kckdgwb kdwemhc laehbta lawyrqg lctegem mbgbxrx mbmxtid mchpkra nggykaa ngvlalc nipgdya oaxveiw obcutao oblsaiv pbjxdyx pcnkfpe qajtgtl qjvqorg rbarqrh rbjpgog rcgfeax rciimaj scecuol sdpjmjp sdsxmga taherhs tahylaa tdjjiqw tdsbwal uaouswq ucoayqf vbsqcma vamklmn waeetnc wdvkdbi akdglvi apopeeu xbleasg xdfcwkl yafpqyl yexslgb aqteeuo aipkyso aecxgrg avyfaua akfqhfr auglgvq aowebep alygyau attajad aykvyvq afobaww apymhte agcxiad aeplkjn aynbygq arsmokq atnxrrp abgealf aabyrei akyrchh anmanel avamaqb ajmsjgm 
7fobaww peempta pehpktt pehyawu r3mimph rduxuoa remwrti rfmimph sdpjmjp sdsxmga sepurvw sevqoiv sftunoo sdpjmjp sdsxmga sepurvw sevqoiv sftunoo 
maooclg mbgbxrx mbmxtid mchpkra n2raaya naagoxw nbraaya ncraaya o2jrlvm oaxveiw obcutao oblsaiv ocjrlvm o2jrlvm oaxveiw obcutao oblsaiv ocjrlvm 
106.648233 
myhytdm n9raaya nwraaya nxraaya nyraaya nzraaya o9jrlvm owjrlvm oxjrlvm oyjrlvm ozjrlvm o9jrlvm owjrlvm oxjrlvm oyjrlvm ozjrlvm 
aakkieg abritwq abtmacv bbdcnax bbvsimb bdagsjj ccgpexg ccnbfal cdknrva ddwruft dhtmlqt dhuguxl ecslvbe ecacbuh ediutql fbkaymq fdwvigh gaklvog gatamhc gbhiadw gbmbjby hchocxf hdabnlu hdecrfj ibmbica iewaasq jcbaaar jdhnuua kccglji kckdgwb kdwemhc laehbta lawyrqg lctegem mbgbxrx mbmxtid mchpkra nggykaa ngvlalc nipgdya oaxveiw obcutao oblsaiv pbjxdyx pcnkfpe qajtgtl qfuoytn rbarqrh rbjpgog rcgfeax rciimaj scecuol sdpjmjp sdsxmga taherhs tahylaa tdjjiqw tdsbwal uaouswq ucoayqf vbsqcma vamklmn waeetnc wdvkdbi akdglvi apopeeu xbleasg xdfcwkl yafpqyl yexslgb aqteeuo aipkyso aecxgrg avyfaua akfqhfr auglgvq aowebep alygyau attajad aykvyvq afobaww apymhte agcxiad aeplkjn aynbygq arsmokq atnxrrp abgealf aabyrei akyrchh anmanel avamaqb ajmsjgm 

aakkieg abritwq abtmacv bbdcnax bbvsimb bdagsjj ccgpexg ccnbfal cdknrva ddwruft dhtmlqt dhuguxl ecslvbe ecacbuh ediutql fbkaymq fdwvigh gaklvog gatamhc gbhiadw gbmbjby hchocxf hdabnlu hdecrfj ibmbica iewaasq jcbaaar jdhnuua kccglji kckdgwb kdwemhc laehbta lawyrqg lctegem mbgbxrx mbmxtid mchpkra nggykaa ngvlalc nipgdya oaxveiw obcutao oblsaiv pbjxdyx pcnkfpe qajtgtl qfuoytn rbarqrh rbjpgog rcgfeax rciimaj scecuol sdpjmjp sdsxmga taherhs tahylaa tdjjiqw tdsbwal uaouswq ucoayqf vbsqcma vamklmn waeetnc wdvkdbi akdglvi apopeeu xbleasg xdfcwkl yafpqyl yexslgb aqteeuo aipkyso aecxgrg avyfaua akfqhfr auglgvq aowebep alygyau attajad aykvyvq afobaww apymhte agcxiad aeplkjn aynbygq arsmokq atnxrrp abgealf aabyrei akyrchh anmanel avamaqb ajmsjgm 
106.687218 
aakkieg abritwq abtmacv bbdcnax bbvsimb bdagsjj ccgpexg ccnbfal cdknrva ddwruft dhtmlqt dhuguxl ecslvbe ecacbuh ediutql fbkaymq fdwvigh gaklvog gatamhc gbhiadw gbmbjby hchocxf hdabnlu hdecrfj ibmbica iewaasq jcbaaar jdhnuua kccglji kckdgwb kdwemhc laehbta lawyrqg lctegem mbgbxrx mbmxtid mchpkra nggykaa ngvlalc nipgdya oaxveiw obcutao oblsaiv pbjxdyx pcnkfpe qajtgtl qfuoytn rbarqrh rbjpgog rcgfeax rciimaj scecuol sdpjmjp sdsxmga tadgabl taherhs tahylaa tdjjiqw tdsbwal uaouswq ucoayqf vbsqcma vamklmn waeetnc wdvkdbi wdypwkg akdglvi apopeeu xbleasg xdfcwkl yafpqyl yexslgb aqteeuo aipkyso aecxgrg avyfaua akfqhfr auglgvq aowebep alygyau attajad aykvyvq afobaww apymhte agcxiad aeplkjn aynbygq arsmokq atnxrrp abgealf aabyrei akyrchh anmanel avamaqb ajmsjgm 

TRUE 
aakkieg abritwq abtmacv bbdcnax bbvsimb bdagsjj ccgpexg ccnbfal cdknrva ddwruft dhtmlqt dhuguxl ecslvbe ecacbuh ediutql fbkaymq fdwvigh gaklvog gatamhc gbhiadw gbmbjby hchocxf hdabnlu hdecrfj ibmbica iewaasq jcbaaar jdhnuua kccglji kckdgwb kdwemhc laehbta lawyrqg lctegem matonap mbgbxrx mbmxtid nggykaa ngvlalc nipgdya oaxveiw obcutao oblsaiv pbjxdyx pcnkfpe qajtgtl qbrlbfu rbarqrh rbjpgog rcgfeax rciimaj scecuol sdpjmjp sdsxmga tadgabl taherhs tahylaa tdjjiqw tdsbwal uaouswq ubmngrp vbsqcma vamklmn waeetnc wdvkdbi wdypwkg akdglvi apopeeu xbleasg xdfcwkl yafpqyl yexslgb aqteeuo aipkyso aecxgrg avyfaua akfqhfr auglgvq aowebep alygyau attajad aykvyvq afobaww apymhte agcxiad aeplkjn aynbygq arsmokq atnxrrp abgealf aabyrei akyrchh anmanel avamaqb ajmsjgm 
trxnnch tslpjki uqanwdc uqjvisv urcjkuw ureqitd uskfpui vpdrcgs vracivo vshvmjb vsjnjie vpdrcgs vracivo vshvmjb vsjnjie 
tjavfoe tkkuusv tltfyel ulcfmby vjkeein vjkeein 
aakkieg abritwq abtmacv bbdcnax bbvsimb bdagsjj ccgpexg ccnbfal cdknrva ddwruft dhtmlqt dhuguxl ecslvbe ecacbuh ediutql fbkaymq fdwvigh gaklvog gatamhc gbhiadw gbmbjby hchocxf hdabnlu hdecrfj ibmbica iewaasq jcbaaar jdhnuua kccglji kckdgwb kdwemhc laehbta lawyrqg lctegem matonap mbgbxrx mbmxtid nggykaa ngvlalc nipgdya oaxveiw obcutao oblsaiv pbjxdyx pcnkfpe qajtgtl qbrlbfu rbarqrh rbjpgog rcgfeax rciimaj scecuol sdpjmjp sdsxmga tadgabl taherhs tahylaa tdjjiqw tdsbwal uaouswq ubmngrp vbsqcma vamklmn waeetnc wdvkdbi wdypwkg akdglvi apopeeu xbleasg xdfcwkl yafpqyl yexslgb aqteeuo aipkyso aecxgrg avyfaua akfqhfr auglgvq aowebep alygyau attajad aykvyvq afobaww apymhte agcxiad aeplkjn aynbygq arsmokq atnxrrp abgealf aabyrei akyrchh anmanel avamaqb ajmsjgm 
