
cmqfksm 



cmqfksm feadnig xrsjash 
106.809524 

cmqfksm cmqfksm 
bbnbynw bvjoxpu cmqfksm cuwtaap dsltgtu feadnig geeidwx kjetukf lsutxlb ncrduau oxnosun papoxvx rdifdye thwrtxp uuggdgi vdarhjg vdyuchv xrsjash 
bbnbynw bvjoxpu cmqfksm cuwtaap dsltgtu feadnig geeidwx jpjurfa kjetukf lsutxlb ncrduau oxnosun papoxvx rdifdye thwrtxp uuggdgi vdarhjg vdyuchv xrsjash 
bbnbynw bvjoxpu cmqfksm cuwtaap dsltgtu feadnig geeidwx jpjurfa kjetukf lsutxlb ncrduau oxnosun papoxvx rdifdye thwrtxp uuggdgi vdarhjg vdyuchv xrsjash 
bbnbynw bvjoxpu cmqfksm cuwtaap dsltgtu feadnig geeidwx jpjurfa kjetukf lsutxlb ncrduau oxnosun papoxvx rdifdye rgipxym thwrtxp uuggdgi vdarhjg vdyuchv whrhqey xrsjash yfavpva 
109.366460 
FALSE 
bbnbynw bvjoxpu cmqfksm cuwtaap dsltgtu edfakvg feadnig geeidwx htdpomi irbyhuq jpjurfa kjetukf lsutxlb ncrduau ownwjck oxnosun papoxvx rdifdye rgipxym thwrtxp urulayl uuggdgi vdarhjg vdyuchv whrhqey wioluhe xrsjash yfavpva 
109.299539 
bbnbynw bvjoxpu cmqfksm cuwtaap dsltgtu edfakvg feadnig geeidwx hacyyvh htdpomi irbyhuq jpjurfa jrcaqjt kjetukf lsutxlb ncrduau nmutlou ownwjck oxnosun papoxvx rdifdye rgipxym spwaflp thwrtxp urulayl uuggdgi vdarhjg vdtaomw whrhqey wioluhe xrsjash yfavpva 

bbnbynw belmyrk cjkyayy cmqfksm dsltgtu edfakvg feadnig geeidwx goacrbj hacyyvh htdpomi irbyhuq jpjurfa jrcaqjt kjetukf lsutxlb ncrduau nhpminy ownwjck oxnosun papoxvx rdifdye rgipxym spwaflp thwrtxp urulayl uuggdgi vdarhjg vdtaomw vpbfexq whrhqey wioluhe xrsjash yfavpva 


bbnbynw belmyrk cjkyayy cldadlk dsltgtu dykoxlv edfakvg feadnig geeidwx goacrbj hacyyvh htdpomi irbyhuq jpjurfa jrcaqjt kjetukf lsutxlb mclwlpp mndrytb ncrduau nhpminy ofamhhp ownwjck papoxvx rdifdye rgipxym scwryaa sksbxta thwrtxp urulayl uuggdgi vdarhjg vdtaomw vpbfexq whrhqey wioluhe xrsjash yclgwjn yfavpva ayidvxi 
bbnbynw belmyrk cjkyayy cldadlk dsltgtu dykoxlv edfakvg feadnig geeidwx goacrbj hacyyvh htdpomi irbyhuq jpjurfa jrcaqjt kjetukf lsutxlb maleulm mclwlpp ncrduau nhpminy ofamhhp ownwjck papoxvx qmshhgb rdifdye rgipxym scwryaa sksbxta thwrtxp urulayl uuggdgi vdarhjg vdtaomw vpbfexq whrhqey wioluhe xrsjash yclgwjn yfavpva ayidvxi 

bbnbynw belmyrk ciofgkf cjkyayy cjydflj dsltgtu dykoxlv edfakvg feadnig geeidwx goacrbj hacyyvh hmpxxua irbyhuq jpjurfa jrcaqjt kjetukf lsutxlb maleulm mclwlpp ncrduau nhpminy ofamhhp ogngiyt papoxvx qmshhgb qrfdbwb rdifdye rgipxym scwryaa sksbxta tfsbcbk thwrtxp urulayl uuggdgi vdarhjg vdtaomw vnvjtlo whrhqey wioluhe xrsjash yclgwjn yfavpva ayidvxi 
108.623377 


1ymnwub 1ymnwub 
bbnbynw belmyrk ciofgkf cjkyayy cjydflj dsltgtu dykoxlv ebqjpej edfakvg feadnig geeidwx goacrbj hacyyvh hmpxxua iarnays ifcvlml ifjboca jpjurfa jrcaqjt kjetukf licishb lsutxlb maleulm mclwlpp ncrduau nhpminy ofamhhp ogngiyt papoxvx pymnwub qiokbtl qmshhgb rdifdye rgipxym scwryaa sksbxta tfsbcbk thwrtxp urulayl uuggdgi vdarhjg vdtaomw vjgaeyf wbdxksf whrhqey xrsjash yclgwjn yfavpva ayidvxi 
108.274052 

108.274052 

8apoxvx tapoxvx uapoxvx vapoxvx vapoxvx 

7apoxvx papoxvx qapoxvx rapoxvx sapoxvx sapoxvx 
agmlivi bbnbynw belmyrk cfltnkp ciofgkf dhbtivh dsltgtu ebqjpej edfakvg feadnig forgxti geeidwx goacrbj hacyyvh hmpxxua iarnays ifcvlml ifjboca jpjurfa jrcaqjt kfcxqqh kjetukf licishb lsutxlb maleulm mclwlpp ncrduau nhpminy ofamhhp ogngiyt papoxvx pixhmha qiokbtl qmshhgb rdifdye rgipxym scwryaa sksbxta tfsbcbk thwrtxp urruyji urulayl uuggdgi vdarhjg vdtaomw vjgaeyf wbdxksf wekedyt xjqwgiw xrsjash yalnaju yclgwjn ayidvxi 
FALSE 
108.272487 

agmlivi bavvtjw bbnbynw cfltnkp ciofgkf dhbtivh dsltgtu ebqjpej edfakvg feadnig forgxti geeidwx goacrbj hacyyvh hmpxxua iarnays ifcvlml ifjboca jpjurfa jrcaqjt kfcxqqh kjetukf licishb lsutxlb maleulm mclwlpp ncrduau nhpminy ofamhhp ogngiyt papoxvx pixhmha qbvhxxj qiokbtl rdifdye rgipxym scwryaa sksbxta tfsbcbk thwrtxp urruyji urulayl uuggdgi vdarhjg vdtaomw vjgaeyf wbdxksf wekedyt xjqwgiw xrsjash yalnaju yclgwjn ayidvxi apicqbx 
4apoxvx hacyyvh iarnays iarnays 
108.097884 
108.148148 
agmlivi bavvtjw bbnbynw ccqwydv cfltnkp daehfdp dhbtivh ebqjpej edfakvg feadnig flaswpi geeidwx goacrbj hacyyvh hksikkd iarnays ifcvlml ifjboca jbljvnm jfjjxov kfcxqqh kjetukf licishb lsutxlb maleulm mclwlpp ncrduau nhpminy ofamhhp ogngiyt papoxvx pixhmha qbvhxxj qiokbtl rdifdye rgipxym scwryaa sksbxta tfsbcbk thwrtxp urruyji urulayl uuggdgi vdarhjg vdtaomw vjgaeyf wbdxksf wekedyt xjqwgiw xrsjash yalnaju yclgwjn ayidvxi apicqbx 
FALSE 

agmlivi alqdvnq bavvtjw bbnbynw ccqwydv cfltnkp daehfdp dhbtivh ebqjpej edfakvg feadnig flaswpi geeidwx goacrbj hacyyvh hayxfaq hksikkd iarnays ifcvlml ifjboca jbljvnm jfjjxov kfcxqqh kjetukf licishb lsutxlb maleulm mauqwwu mclwlpp nchkxjf ncrduau nhpminy ofamhhp ogngiyt papoxvx pixhmha qbvhxxj qiokbtl qirvtix rdifdye rgipxym rgljaqg scwryaa sksbxta tfsbcbk thwrtxp urruyji urulayl uuggdgi vdarhjg vdtaomw vjgaeyf wbdxksf wekedyt xjqwgiw xrsjash yalnaju yclgwjn ayidvxi apicqbx afdqear 
mndrytb nmutlou oovrhiq oovrhiq 
6ixhmha nhpminy ogngiyt ogngiyt 
108.175644 

FALSE 

FALSE 
ypexwjy 
2pexwjy crddvku crddvku 
0ymnwub 0ymnwub 
btiundc bvjoxpu cuwtaap cuwtaap 
agmlivi alqdvnq bavvtjw bbnbynw ccqwydv cfltnkp daehfdp ddeaioo ebqjpej edfakvg fdbhwls feadnig geeidwx goacrbj hacyyvh hayxfaq hksikkd iarnays ifcvlml ifjboca jbljvnm jfjjxov kfcxqqh kjetukf licishb lsutxlb maleulm mauqwwu mclwlpp nchkxjf ncrduau nhpminy ofamhhp ogngiyt papoxvx pixhmha qbvhxxj qiokbtl qirvtix rdifdye rgipxym rgljaqg scwryaa sidskwv tfsbcbk thwrtxp urruyji urulayl uuggdgi vdarhjg vdtaomw vjgaeyf wbdxksf wekedyt xjqwgiw xrsjash yalnaju yclgwjn ayidvxi apicqbx afdqear ayfwvkm 
agmlivi alqdvnq bavvtjw bbnbynw ccqwydv cfltnkp daehfdp ddeaioo ebqjpej edfakvg fdbhwls feadnig geeidwx goacrbj hacyyvh hayxfaq hksikkd iarnays ifcvlml ifjboca jbljvnm jfjjxov kfcxqqh kjetukf licishb lsutxlb maleulm mauqwwu mclwlpp nchkxjf ncrduau nhpminy ofamhhp ogngiyt papoxvx pixhmha qbvhxxj qiokbtl qirvtix rdifdye rgipxym rgljaqg sbniilx scwryaa tfsbcbk thwrtxp urruyji urulayl uuggdgi vdarhjg vdtaomw vjgaeyf wbdxksf wekedyt xjqwgiw xrsjash yalnaju yclgwjn ayidvxi apicqbx afdqear ayfwvkm 
agmlivi alqdvnq bavvtjw bbnbynw ccqwydv cfltnkp daehfdp ddeaioo ebqjpej edfakvg fdbhwls feadnig geeidwx goacrbj hacyyvh hayxfaq hksikkd iarnays ifcvlml ifjboca jbljvnm jfjjxov kfcxqqh kjetukf licishb lsutxlb maleulm mauqwwu mclwlpp nchkxjf ncrduau nhpminy ofamhhp ogngiyt papoxvx pixhmha qbvhxxj qiokbtl qirvtix rdifdye rgipxym rgljaqg sbniilx scwryaa tfsbcbk thwrtxp urruyji urulayl uuggdgi vdarhjg vdtaomw vjgaeyf wbdxksf wekedyt xjqwgiw xrsjash yalnaju yclgwjn ayidvxi apicqbx afdqear ayfwvkm 
agmlivi alqdvnq bavvtjw bbnbynw ccqwydv cfltnkp daehfdp ddeaioo ebqjpej edfakvg fdbhwls feadnig geeidwx goacrbj hacyyvh hayxfaq hksikkd iarnays ifcvlml ifjboca jbljvnm jfjjxov kfcxqqh kjetukf licishb lsutxlb maleulm mauqwwu mclwlpp nchkxjf ncrduau nhpminy ofamhhp ogngiyt papoxvx pixhmha qbvhxxj qiokbtl qirvtix rdifdye rgipxym rgljaqg sbniilx scwryaa tfsbcbk thwrtxp urruyji urulayl uuggdgi vdarhjg vdtaomw vjgaeyf wbdxksf wekedyt xjqwgiw xrsjash yalnaju yclgwjn ayidvxi apicqbx afdqear ayfwvkm 
FALSE 
TRUE 
afiaqlb agmlivi bavvtjw bbnbynw ccqwydv cfltnkp daehfdp ddeaioo ebqjpej edfakvg fdbhwls feadnig geeidwx goacrbj hacyyvh hayxfaq hkegbjp hksikkd iarnays ifcvlml ifjboca jbljvnm jfjjxov kfcxqqh kjetukf licishb lsutxlb maleulm mauqwwu mclwlpp nchkxjf ncrduau nhpminy ofamhhp ogngiyt papoxvx pixhmha qbvhxxj qiokbtl qirvtix rdifdye rgipxym rgljaqg sbniilx scwryaa tfsbcbk thwrtxp udtwubf urruyji urulayl vdarhjg vdtaomw vjgaeyf wbdxksf wekedyt xjqwgiw xrsjash yalnaju yclgwjn ayidvxi apicqbx afdqear ayfwvkm 
9ymnwub wymnwub xymnwub yymnwub zymnwub zymnwub 
5ixhmha j4caqjt jgcaqjt jhcaqjt jicaqjt l4hbxfb l4ijvul lghbxfb lgijvul lhhbxfb lhijvul licishb l4hbxfb l4ijvul lghbxfb lgijvul lhhbxfb lhijvul licishb 
5ymnwub j9caqjt jwcaqjt jxcaqjt jycaqjt jzcaqjt l9hbxfb l9ijvul lwhbxfb lwijvul lxhbxfb lxijvul lyhbxfb lyijvul lzhbxfb lzijvul l9hbxfb l9ijvul lwhbxfb lwijvul lxhbxfb lxijvul lyhbxfb lyijvul lzhbxfb lzijvul 

afiaqlb agmlivi bavvtjw bbnbynw ccqwydv cfltnkp daehfdp ddeaioo ebqjpej edfakvg fdbhwls feadnig geeidwx goacrbj hacyyvh hayxfaq hkegbjp hksikkd iarnays ifcvlml ifjboca jaxhovl jbljvnm kfcxqqh kjetukf licishb lpkoaps maleulm mauqwwu mclwlpp nchkxjf ncrduau nhpminy ofamhhp ogngiyt papoxvx pixhmha qbvhxxj qiokbtl qirvtix rdifdye rgipxym rgljaqg sbniilx scwryaa tfsbcbk thwrtxp udtwubf urruyji urulayl vdarhjg vdtaomw vjgaeyf wbdxksf wekedyt xjqwgiw xrsjash yalnaju yclgwjn ayidvxi apicqbx afdqear ayfwvkm ajoktts 
lbhbxfb lbijvul 
afiaqlb agmlivi bavvtjw bbnbynw ccqwydv cfltnkp daehfdp ddeaioo ddoafvf ebqjpej edfakvg eduaerm fdbhwls feadnig gbnakkh geeidwx hacyyvh hayxfaq hkegbjp hksikkd iarnays ifcvlml ifjboca jaxhovl jbljvnm kfcxqqh kjetukf licishb lnlaxpn maleulm mauqwwu mclwlpp nbaedau nchkxjf ncrduau ofamhhp ofikcpm ogngiyt papoxvx pixhmha qbvhxxj qhfnxov rdifdye rgipxym rgljaqg sbniilx scwryaa tfsbcbk tfyrwjo thwrtxp ucmhrur udtwubf vdarhjg vdtaomw vjgaeyf wbdxksf wekedyt xjqwgiw xrsjash yalnaju yclgwjn ayidvxi apicqbx afdqear ayfwvkm ajoktts aiqqidd 
FALSE 
9ixhmha wixhmha xixhmha yixhmha zixhmha zixhmha 
afiaqlb agmlivi bavvtjw bbnbynw ccqwydv cfltnkp daehfdp ddeaioo ddoafvf ebqjpej edfakvg eduaerm fdbhwls feadnig gbnakkh geeidwx hacyyvh hayxfaq hkegbjp hksikkd iarnays ifcvlml ifjboca jaxhovl jbljvnm kfcxqqh kjetukf licishb lnlaxpn maleulm mauqwwu mclwlpp nbaedau nchkxjf ncrduau ofamhhp ofikcpm ogngiyt papoxvx pixhmha qbvhxxj qhfnxov rdifdye rgipxym rgljaqg sbniilx scwryaa tfsbcbk tfyrwjo thwrtxp ucmhrur udtwubf vdarhjg vdtaomw vjgaeyf wbdxksf wekedyt xjqwgiw xrsjash yalnaju yclgwjn ayidvxi apicqbx afdqear ayfwvkm ajoktts aiqqidd 
8pexwjy tpexwjy upexwjy vpexwjy vpexwjy 
lvhbxfb lvijvul 
afiaqlb agmlivi bavvtjw bbnbynw ccqwydv cfltnkp daehfdp ddeaioo ddoafvf ebqjpej edfakvg eduaerm fdbhwls feadnig gbnakkh geeidwx hacyyvh hayxfaq hkegbjp hksikkd iarnays ifcvlml ifjboca jaxhovl jbljvnm kfcxqqh kjetukf licishb lnlaxpn maleulm mauqwwu mclwlpp nbaedau nchkxjf ncrduau ofamhhp ofikcpm ogngiyt papoxvx pixhmha qbvhxxj qerdhjb rdifdye rgipxym rgljaqg sbniilx scwryaa tfsbcbk tfyrwjo thwrtxp ucmhrur udtwubf vdarhjg vdtaomw vjgaeyf wbdxksf wekedyt xjqwgiw xrsjash yalnaju yclgwjn ayidvxi apicqbx afdqear ayfwvkm ajoktts aiqqidd 
d0ltgtu 


FALSE 
2pexwjy cpfuhas crddvku cpfuhas crddvku 
6pexwjy mpmsack nqkdaal nrylndk nsaufkt 

dlgwgfd 
FALSE 
afiaqlb belmyrk cfltnkp cfltnkp 
afiaqlb agmlivi bavvtjw bbnbynw ccqwydv cfltnkp daehfdp ddeaioo ddoafvf ebqjpej edfakvg edpapxw fdbhwls feadnig gbnakkh geeidwx hacyyvh hayxfaq hkegbjp hksikkd iarnays ifcvlml ifjboca jaxhovl jbljvnm kfcxqqh kjetukf kjjhjli landqrn licishb maleulm mauqwwu mclwlpp nbaedau nchkxjf ncrduau ofamhhp ofikcpm ogngiyt papoxvx pixhmha qbvhxxj qerdhjb rdifdye rgipxym rgljaqg sbniilx scwryaa tfsbcbk tfyrwjo thwrtxp ucmhrur udtwubf vdarhjg vdtaomw vjgaeyf wbdxksf wekedyt xicltix xjqwgiw yalnaju yclgwjn ayidvxi apicqbx afdqear ayfwvkm ajoktts aiqqidd 
wuoerfo wuakedp 
afiaqlb agmlivi bavvtjw bbkbsyq bbnbynw ccqwydv cfltnkp daehfdp ddeaioo ddoafvf ebqjpej edfakvg edpapxw fdbhwls feadnig gbnakkh geeidwx hacyyvh hayxfaq hkegbjp hksikkd iarnays ifcvlml ifjboca jaxhovl jbljvnm kfcxqqh kjetukf kjjhjli landqrn licishb maleulm mauqwwu mclwlpp nbaedau nchkxjf ncrduau ofamhhp ofikcpm ogngiyt papoxvx pixhmha qbvhxxj qerdhjb rdifdye rgipxym rgljaqg sbniilx scwryaa tfsbcbk tfyrwjo thwrtxp ucmhrur udtwubf vdarhjg vdtaomw vjgaeyf wbdxksf wekedyt xicltix xjqwgiw yalnaju yclgwjn ayidvxi apicqbx afdqear ayfwvkm ajoktts aiqqidd 
licishb 
107.540816 
afiaqlb agmlivi bavvtjw bbkbsyq bbnbynw ccqwydv cfltnkp daehfdp ddeaioo ddoafvf ebqjpej edfakvg edkbtho fdbhwls feadnig gbnakkh geeidwx hacyyvh hayxfaq hkegbjp hksikkd iarnays ifcvlml ifjboca jaxhovl jbljvnm kfcxqqh kjetukf kjjhjli landqrn licishb maleulm mauqwwu mclwlpp nbaedau nchkxjf ncrduau ofamhhp ofikcpm ogngiyt papoxvx pixhmha qbvhxxj qerdhjb rdifdye rgipxym rgljaqg sbniilx scolnlq scwryaa tfsbcbk tfyrwjo thwrtxp ucmhrur udtwubf vdarhjg vdtaomw vjgaeyf wbdxksf wekedyt xicltix xjqwgiw yalnaju yclgwjn ayidvxi apicqbx afdqear ayfwvkm ajoktts aiqqidd 
FALSE 
FALSE 

9pexwjy wpexwjy xpexwjy ypexwjy zpexwjy zpexwjy 
FALSE 
afiaqlb agmlivi bavvtjw bbkbsyq bbnbynw ccqwydv cfltnkp daehfdp ddeaioo ddoafvf ebqjpej edfakvg edkbtho fdbhwls feadnig gbnakkh geeidwx hacyyvh hayxfaq hkegbjp hksikkd iarnays ifcvlml ifjboca jaxhovl jbljvnm kfcxqqh kjetukf kjjhjli landqrn licishb maleulm mauqwwu mclwlpp mcvqbou nbaedau nbvagqa nchkxjf ncrduau ofamhhp ofikcpm ogngiyt papoxvx pboyjgu qacqufi qbvhxxj rdifdye rgipxym rgljaqg sbniilx scolnlq scwryaa tfsbcbk tfyrwjo thwrtxp ubqbhxy ucmhrur vdarhjg vdtaomw vjgaeyf wbdxksf wekedyt xicltix xjqwgiw yalnaju yclgwjn ayidvxi apicqbx afdqear ayfwvkm ajoktts aiqqidd arhueda 
afiaqlb agmlivi bavvtjw bbkbsyq bbnbynw ccqwydv cfltnkp daehfdp ddeaioo ddoafvf ebqjpej edfakvg edkbtho fdbhwls feadnig gbnakkh geeidwx hacyyvh hayxfaq hkegbjp hksikkd iarnays ifcvlml ifjboca jaxhovl jbljvnm kfcxqqh kjetukf kjjhjli landqrn licishb maleulm mauqwwu mclwlpp mcvqbou nbaedau nbvagqa nchkxjf ncrduau ofamhhp ofikcpm ogngiyt papoxvx pboyjgu qacqufi qbvhxxj rdifdye rgipxym rgljaqg sbniilx scolnlq scwryaa tfsbcbk tfyrwjo thwrtxp ubqbhxy ucmhrur vdarhjg vdtaomw vjgaeyf wbdxksf wekedyt xicltix xjqwgiw yalnaju yclgwjn ayidvxi apicqbx afdqear ayfwvkm ajoktts aiqqidd arhueda 
hkegbjp hksikkd 
FALSE 
afiaqlb agmlivi bavvtjw bbkbsyq bbnbynw ccqwydv cfltnkp daehfdp ddeaioo ddoafvf ebqjpej edfakvg edkbtho fdbhwls feadnig gbnakkh geeidwx hacyyvh hayxfaq hkegbjp hksikkd iarnays ifcvlml ifjboca jaxhovl jbljvnm kadrxbq kfcxqqh landqrn licishb maleulm mauqwwu mclwlpp mcvqbou nbaedau nbvagqa nchkxjf ncrduau ofamhhp ofikcpm ogngiyt papoxvx pboyjgu qacqufi qbvhxxj rdifdye rgipxym rgljaqg sbniilx scolnlq scwryaa tfsbcbk tfyrwjo thwrtxp ubqbhxy ucmhrur ucwbofq vdarhjg vdtaomw vjgaeyf wbdxksf wekedyt xicltix xjqwgiw yalnaju yclgwjn ayidvxi apicqbx afdqear ayfwvkm ajoktts aiqqidd arhueda audppvo 
afiaqlb agmlivi bavvtjw bbkbsyq bbnbynw ccqwydv cfltnkp daehfdp ddeaioo ddoafvf ebqjpej edfakvg edkbtho fdbhwls feadnig gbnakkh geeidwx hacyyvh hayxfaq hkegbjp hksikkd iarnays ifcvlml ifjboca jaxhovl jbljvnm kadrxbq kfcxqqh landqrn licishb maleulm mauqwwu mclwlpp mcvqbou nbaedau nbvagqa nchkxjf ncrduau ofamhhp ofikcpm ogngiyt papoxvx pboyjgu qacqufi qbvhxxj rdifdye rgipxym rgljaqg sbniilx scolnlq scwryaa tfsbcbk tfyrwjo thwrtxp ubqbhxy ucmhrur ucwbofq vdarhjg vdtaomw vjgaeyf wbdxksf wekedyt xicltix xjqwgiw yalnaju yclgwjn ayidvxi apicqbx afdqear ayfwvkm ajoktts aiqqidd arhueda audppvo afliakx aidgqpv 
afiaqlb agmlivi bavvtjw bbkbsyq bbnbynw ccqwydv cfltnkp daehfdp ddeaioo ddoafvf ebqjpej edfakvg edkbtho fdbhwls feadnig gbnakkh geeidwx hacyyvh hayxfaq hkegbjp hksikkd iarnays ifcvlml ifjboca jaxhovl jbljvnm kadrxbq kfcxqqh landqrn licishb maleulm mauqwwu mclwlpp mcvqbou nbaedau nbvagqa nchkxjf ncrduau ofamhhp ofikcpm ogngiyt papoxvx pboyjgu qacqufi qbvhxxj rdifdye rgipxym rgljaqg sbniilx scolnlq scwryaa tfsbcbk tfyrwjo thwrtxp ubqbhxy ucmhrur ucwbofq vdarhjg vdtaomw vjgaeyf wbdxksf wekedyt xicltix xjqwgiw yalnaju yclgwjn ayidvxi apicqbx afdqear ayfwvkm ajoktts aiqqidd arhueda audppvo afliakx aidgqpv 

107.595865 

wuoerfo wuakedp 
FALSE 



goacrbj hmpxxua i6mcwme immcwme inmcwme iomcwme i6mcwme immcwme inmcwme iomcwme 
adeerau aergdso bavvtjw bbkbsyq bbnbynw ccqwydv cfltnkp daehfdp ddeaioo ddoafvf ebqjpej edfakvg edkbtho fdbhwls feadnig gaasdha gbnakkh hacyyvh haleeda hkegbjp hksikkd iarnays icmcwme jaimjhe jaxhovl jbljvnm kadrxbq kfcxqqh landqrn lgjiunn maleulm mauqwwu mclwlpp mcvqbou nbaedau nbvagqa nchkxjf ncrduau ofamhhp ofikcpm ogngiyt papoxvx pboyjgu qacqufi qbvhxxj rdifdye rgipxym rgljaqg sbniilx scolnlq scwryaa tfsbcbk tfyrwjo thwrtxp ubqbhxy ucmhrur ucwbofq vdarhjg vdtaomw vjgaeyf wbdxksf wekedyt xbvrywh xicltix yalnaju yclgwjn ayidvxi apicqbx afdqear ayfwvkm ajoktts aiqqidd arhueda audppvo afliakx aidgqpv ajhiuxf aaqjyyf axmwrnv 

FALSE 
adeerau aergdso bavvtjw bbkbsyq bbnbynw ccqwydv cfltnkp daehfdp dcyixdm ebqjpej edfakvg edkbtho fdbhwls feadnig gaasdha gbnakkh hacyyvh haleeda hkegbjp hksikkd iarnays icmcwme jaimjhe jaxhovl jbljvnm kadrxbq kfcxqqh landqrn lgjiunn maleulm mauqwwu mclwlpp mcvqbou nbaedau nbvagqa nchkxjf ncrduau ofamhhp ofikcpm ogngiyt papoxvx pboyjgu qacqufi qbvhxxj rdifdye recobwa sbniilx scolnlq scwryaa tfsbcbk tfyrwjo thwrtxp ubqbhxy ucmhrur ucwbofq vdarhjg vdtaomw vjgaeyf wbdxksf wctpnga xbvrywh xicltix yalnaju yclgwjn ayidvxi apicqbx afdqear ayfwvkm ajoktts aiqqidd arhueda audppvo afliakx aidgqpv ajhiuxf aaqjyyf axmwrnv 
maleulm mauqwwu 
mclwlpp mcvqbou 
adeerau aergdso bavvtjw bbkbsyq bbnbynw cbjfcua ccqwydv daehfdp dcyixdm ebqjpej edfakvg edkbtho fdbhwls feadnig gaasdha gbnakkh hacyyvh haleeda hkegbjp hksikkd iarnays icmcwme jaimjhe jaxhovl jbljvnm kadrxbq kfcxqqh landqrn lgjiunn maleulm mauqwwu mclwlpp mcvqbou nbaedau nbvagqa nchkxjf ncrduau ofamhhp ofikcpm ogngiyt papoxvx pboyjgu qacqufi qbvhxxj rdifdye recobwa sbniilx scolnlq scwryaa tfsbcbk tfyrwjo thwrtxp ubqbhxy ucmhrur ucwbofq vdarhjg vdtaomw vjgaeyf wbdxksf wctpnga xbvrywh xicltix yalnaju yclgwjn ayidvxi apicqbx afdqear ayfwvkm ajoktts aiqqidd arhueda audppvo afliakx aidgqpv ajhiuxf aaqjyyf axmwrnv 

adeerau aergdso bavvtjw bbkbsyq bbnbynw cbjfcua ccqwydv daehfdp dcyixdm ebqjpej edfakvg edkbtho fdbhwls feadnig gaasdha gbnakkh hacyyvh haleeda hkegbjp hksikkd iarnays icmcwme jaimjhe jaxhovl jbljvnm kadrxbq kfcxqqh landqrn lgjiunn maleulm mauqwwu mclwlpp mcvqbou nbaedau nbvagqa nchkxjf ncrduau ofamhhp ofikcpm ogngiyt papoxvx pboyjgu qacqufi qbvhxxj rdifdye recobwa sbniilx scolnlq scwryaa tfsbcbk tfyrwjo thwrtxp ubqbhxy ucmhrur ucwbofq vdarhjg vdtaomw vjgaeyf wbdxksf wctpnga xbvrywh xicltix yalnaju yclgwjn ayidvxi apicqbx afdqear ayfwvkm ajoktts aiqqidd arhueda audppvo afliakx aidgqpv ajhiuxf aaqjyyf axmwrnv 
adeerau aergdso bavvtjw bbkbsyq bbnbynw cbjfcua ccqwydv daehfdp dcyixdm ebqjpej edfakvg edkbtho fdbhwls feadnig gaasdha gbnakkh hacyyvh haleeda hkegbjp hksikkd iarnays icmcwme jaimjhe jaxhovl jbljvnm kadrxbq kfcxqqh landqrn lgjiunn maleulm mauqwwu mclwlpp mcvqbou nbaedau nbvagqa nchkxjf ncrduau ofamhhp ofikcpm ogngiyt papoxvx pboyjgu qacqufi qbvhxxj rdifdye recobwa sbniilx scolnlq scwryaa tfsbcbk tfyrwjo thwrtxp ubqbhxy ucmhrur ucwbofq vdarhjg vdtaomw vjgaeyf wbdxksf wctpnga xbvrywh xicltix yalnaju yclgwjn ayidvxi apicqbx afdqear ayfwvkm ajoktts aiqqidd arhueda audppvo afliakx aidgqpv ajhiuxf aaqjyyf axmwrnv 


107.459707 
idmcwme 
adeerau aergdso bavvtjw bbkbsyq bbnbynw cbjfcua ccqwydv daehfdp dcyixdm ebqjpej edfakvg edkbtho fdbhwls feadnig gaasdha gbnakkh hacyyvh haleeda hkegbjp hksikkd iarnays icmcwme jaimjhe jaxhovl jbljvnm kadrxbq kfcxqqh landqrn lgjiunn maleulm mauqwwu mclwlpp mcvqbou nbaedau nbvagqa nchkxjf ncrduau ofamhhp ofikcpm ogngiyt papoxvx pboyjgu qacqufi qbvhxxj rdifdye recobwa sbniilx scolnlq scwryaa tfsbcbk tfyrwjo thwrtxp ubqbhxy ucmhrur ucwbofq vdarhjg vdtaomw vjgaeyf wbdxksf wctpnga xbvrywh xhahyxq yalnaju yclgwjn ayidvxi apicqbx afdqear ayfwvkm ajoktts aiqqidd arhueda audppvo afliakx aidgqpv ajhiuxf aaqjyyf axmwrnv amgajwg 

adeerau aergdso bavvtjw bbkbsyq bbnbynw cbjfcua ccqwydv daehfdp dcyixdm ebqjpej edfakvg edkbtho fdbhwls feadnig gaasdha gbnakkh hacyyvh haleeda hkegbjp hksikkd iarnays icmcwme jaimjhe jaxhovl jbljvnm kadrxbq kfcxqqh landqrn lgjiunn maleulm mauqwwu mclwlpp mcvqbou nbaedau nbvagqa nchkxjf ncrduau ofamhhp ofikcpm ogngiyt papoxvx pboyjgu qacqufi qbvhxxj rdifdye recobwa sbniilx scolnlq scwryaa tfsbcbk tfyrwjo thwrtxp ubqbhxy ucmhrur ucwbofq vdarhjg vdtaomw vjgaeyf wbdxksf wctpnga xbvrywh xgmwavn yalnaju yclgwjn ayidvxi apicqbx afdqear ayfwvkm ajoktts aiqqidd arhueda audppvo afliakx aidgqpv ajhiuxf aaqjyyf axmwrnv amgajwg 
adeerau aergdso bavvtjw bbkbsyq bbnbynw cbjfcua ccqwydv daehfdp dcyixdm ebqjpej edfakvg edkbtho fdbhwls feadnig gaasdha gbnakkh hacyyvh haleeda hkegbjp hksikkd iarnays icmcwme jaimjhe jaxhovl jbibmbh jbljvnm kadrxbq kfcxqqh landqrn lgjiunn maleulm mauqwwu mclwlpp mcvqbou nbaedau nbvagqa nchkxjf ncrduau ofamhhp ofikcpm ogngiyt papoxvx pboyjgu qacqufi qbvhxxj rdifdye recobwa sbniilx scolnlq scwryaa tfsbcbk tfyrwjo thwrtxp ubqbhxy ucmhrur ucwbofq vdarhjg vdtaomw vjgaeyf wbdxksf wctpnga xbvrywh xgmwavn yalnaju yclgwjn ayidvxi apicqbx afdqear ayfwvkm ajoktts aiqqidd arhueda audppvo afliakx aidgqpv ajhiuxf aaqjyyf axmwrnv amgajwg 
ozakxoj 
trbmyay 
otakxoj 
FALSE 
6apoxvx 6boyjgu maleulm mauqwwu mclwlpp mcvqbou n2qlvac naqlvac nbaedau nbvagqa nchkxjf ncrduau o2akxoj oaakxoj obakxoj ocakxoj o2akxoj oaakxoj obakxoj ocakxoj 
FALSE 
FALSE 
5apoxvx 5boyjgu j2caqjt jaimjhe jaxhovl jbibmbh jbljvnm jccaqjt k2egdbl kadrxbq kbegdbl kcegdbl l2hbxfb l2ijvul landqrn lbhbxfb lbijvul lchbxfb lcijvul l2hbxfb l2ijvul landqrn lbhbxfb lbijvul lchbxfb lcijvul 
adeerau aergdso bavvtjw bbkbsyq bbnbynw cbjfcua ccqwydv daehfdp daruvhb dcyixdm ebqjpej edfakvg edkbtho fdbhwls feadnig gaasdha gbnakkh hacyyvh haleeda hkegbjp hksikkd iarnays icmcwme jaimjhe jaxhovl jbibmbh jbljvnm kadrxbq kfcxqqh landqrn lgjiunn maleulm mauqwwu mcevuap mclwlpp nbaedau nbvagqa nchkxjf ncrduau ofamhhp ofikcpm ogngiyt papoxvx pboyjgu qacqufi qbvhxxj rdifdye recobwa sbniilx scolnlq scwryaa tfsbcbk tfyrwjo thwrtxp ubqbhxy ucmhrur ucwbofq vdarhjg vdtaomw vjgaeyf wbdxksf wctpnga xbvrywh xecghns yalnaju yclgwjn ayidvxi apicqbx afdqear ayfwvkm ajoktts aiqqidd arhueda audppvo afliakx aidgqpv ajhiuxf aaqjyyf axmwrnv amgajwg 

adeerau aergdso bavvtjw bbkbsyq bbnbynw cbjfcua ccqwydv daehfdp daruvhb dcyixdm ebqjpej edfakvg edkbtho fdbhwls feadnig gaasdha gbnakkh hacyyvh haleeda hkegbjp hksikkd iarnays icmcwme jaimjhe jaxhovl jbibmbh jbljvnm kadrxbq kfcxqqh landqrn lgjiunn maleulm mauqwwu mcevuap mclwlpp nbaedau nbvagqa nchkxjf ncrduau ofamhhp ofikcpm ogngiyt papoxvx pboyjgu qacqufi qbvhxxj rdifdye recobwa sbniilx scolnlq scwryaa tfsbcbk tfyrwjo thwrtxp ubqbhxy ucmhrur ucwbofq vdarhjg vdtaomw vjgaeyf wbdxksf wctpnga xbvrywh xecghns yalnaju yclgwjn ayidvxi apicqbx afdqear ayfwvkm ajoktts aiqqidd arhueda audppvo afliakx aidgqpv ajhiuxf aaqjyyf axmwrnv amgajwg 
adeerau aergdso bavvtjw bbkbsyq bbnbynw cbjfcua ccqwydv daehfdp daruvhb dcyixdm ebqjpej edfakvg edkbtho fdbhwls feadnig gaasdha gbnakkh hacyyvh haleeda hkegbjp hksikkd iarnays icmcwme jaimjhe jaxhovl jbibmbh jbljvnm kadrxbq kfcxqqh landqrn lgjiunn maleulm mauqwwu mcevuap mclwlpp nbaedau nbvagqa nchkxjf ncrduau ofamhhp ofikcpm ogngiyt papoxvx pboyjgu qacqufi qbvhxxj rdifdye recobwa sbniilx scolnlq scwryaa tfsbcbk tfyrwjo thwrtxp ubqbhxy ucmhrur ucwbofq vdarhjg vdtaomw vjgaeyf wbdxksf wctpnga xbvrywh xecghns yalnaju yclgwjn ayidvxi apicqbx afdqear ayfwvkm ajoktts aiqqidd arhueda audppvo afliakx aidgqpv ajhiuxf aaqjyyf axmwrnv amgajwg 
gsekytm 
ndqlvac 
adeerau aergdso bavvtjw bbkbsyq bbnbynw cbjfcua ccqwydv daehfdp daruvhb dcyixdm ebqjpej edfakvg edkbtho fdbhwls feadnig gaasdha gbnakkh hacyyvh haleeda hkegbjp hksikkd iarnays icmcwme jaimjhe jaxhovl jbibmbh jbljvnm kadrxbq kfcxqqh landqrn lgjiunn maleulm mauqwwu mcevuap mclwlpp nbaedau nbvagqa nchkxjf ncrduau ofamhhp ofikcpm ogngiyt papoxvx pboyjgu qacqufi qbvhxxj rdifdye recobwa sbniilx scolnlq scwryaa tfsbcbk tfyrwjo thwrtxp ubqbhxy ucmhrur ucwbofq vdarhjg vdtaomw vjgaeyf wbdxksf wctpnga xbvrywh xecghns yalnaju yclgwjn ayidvxi apicqbx afdqear ayfwvkm ajoktts aiqqidd arhueda audppvo afliakx aidgqpv ajhiuxf aaqjyyf axmwrnv amgajwg 

adeerau aergdso bavvtjw bbkbsyq bbnbynw cbjfcua ccqwydv daehfdp daruvhb dcyixdm ebqjpej edfakvg edkbtho fdbhwls feadnig gaasdha gbnakkh hacyyvh haleeda hkegbjp hksikkd iarnays icmcwme jaimjhe jaxhovl jbibmbh jbljvnm kadrxbq kfcxqqh landqrn lgjiunn maleulm mauqwwu mcevuap mclwlpp nbaedau nbvagqa nchkxjf ncrduau ofamhhp ofikcpm ogngiyt papoxvx pboyjgu qacqufi qbvhxxj rdifdye recobwa sbniilx scolnlq scwryaa tfsbcbk tfyrwjo thwrtxp ubqbhxy ucmhrur ucwbofq vdarhjg vdtaomw vjgaeyf wbdxksf wctpnga xbvrywh xecghns yalnaju yclgwjn ayidvxi apicqbx afdqear ayfwvkm ajoktts aiqqidd arhueda audppvo afliakx aidgqpv ajhiuxf aaqjyyf axmwrnv amgajwg 
FALSE 

qgvqwpf 

adeerau aergdso bavvtjw bbkbsyq bbnbynw cbjfcua ccqwydv daehfdp daruvhb dcyixdm ebqjpej edfakvg edkbtho fdbhwls feadnig gaasdha gbnakkh hacyyvh haleeda hjknflm iarnays icmcwme jaimjhe jaxhovl jbibmbh jbljvnm kadrxbq kfcxqqh landqrn lgjiunn maleulm mauqwwu mcevuap mclwlpp nbaedau nbpovfn nchkxjf ncrduau ofamhhp ofikcpm ogngiyt papoxvx pboyjgu qacqufi qbvhxxj rdifdye recobwa sbniilx scolnlq scwryaa tfsbcbk tfyrwjo thwrtxp ubqbhxy ucmhrur ucwbofq vdarhjg vdtaomw vjgaeyf vjjwwwm wbdxksf wctpnga xbvrywh xecghns yalnaju yclgwjn ayidvxi apicqbx afdqear ayfwvkm ajoktts aiqqidd arhueda audppvo afliakx aidgqpv ajhiuxf aaqjyyf axmwrnv amgajwg acsduga 
TRUE 
FALSE 
adeerau aergdso bavvtjw bbkbsyq bbnbynw cbjfcua ccqwydv daehfdp daruvhb dcyixdm ebqjpej edfakvg edkbtho fdbhwls feadnig gaasdha gbnakkh hacyyvh haleeda hjknflm iarnays icmcwme jaimjhe jaxhovl jbibmbh jbljvnm kadrxbq keuiava landqrn lgjiunn maleulm mauqwwu mcevuap mclwlpp nbaedau nbpovfn nchkxjf ncrduau ofamhhp ofikcpm ogngiyt papoxvx pboyjgu qacqufi qbvhxxj rdifdye recobwa sbniilx scolnlq scwryaa tfsbcbk tfyrwjo thwrtxp ubqbhxy ucmhrur ucwbofq vdarhjg vdtaomw vjgaeyf vjjwwwm wbdxksf wctpnga xbtpvum xbvrywh xecghns yalnaju yclgwjn ayidvxi apicqbx afdqear ayfwvkm ajoktts aiqqidd arhueda audppvo afliakx aidgqpv ajhiuxf aaqjyyf axmwrnv amgajwg acsduga 
6dlysfi mfisbpf mfqapag n3qlvac ndqlvac nepftaa nfyauba o3akxoj odakxoj oeakxoj ofamhhp ofikcpm o3akxoj odakxoj oeakxoj ofamhhp ofikcpm 
ghjmsac 
FALSE 
adeerau aergdso bavvtjw bbkbsyq bbnbynw cbjfcua ccqwydv daehfdp daruvhb dcyixdm ebqjpej edfakvg edkbtho fdbhwls feadnig gaasdha gbnakkh gbxrxdl hacyyvh haleeda hjknflm iarnays icmcwme jaimjhe jaxhovl jbibmbh jbljvnm kadrxbq keuiava landqrn lgjiunn maleulm mauqwwu mcevuap mclwlpp nbaedau nbpovfn nchkxjf ncrduau ofamhhp ofikcpm ogngiyt papoxvx pboyjgu qacqufi qbvhxxj rdifdye recobwa sbniilx scolnlq scwryaa tfsbcbk tfyrwjo thwrtxp ubqbhxy ucmhrur ucwbofq vdarhjg vdtaomw vjgaeyf vjjwwwm wbdxksf wctpnga xbtpvum xbvrywh xecghns yalnaju yclgwjn ayidvxi apicqbx afdqear ayfwvkm ajoktts aiqqidd arhueda audppvo afliakx aidgqpv ajhiuxf aaqjyyf axmwrnv amgajwg acsduga 
adeerau aergdso bavvtjw bbkbsyq bbnbynw cbjfcua ccqwydv daehfdp daruvhb dcyixdm ebqjpej edfakvg edkbtho fdbhwls feadnig gaasdha gbnakkh gbxrxdl hacyyvh haleeda hedydfh iarnays icmcwme jaimjhe jaxhovl jbibmbh jbljvnm kadrxbq keuiava landqrn lgjiunn maleulm mauqwwu mcevuap mclwlpp nbaedau nbpovfn nchkxjf ncrduau ofamhhp ofikcpm ogngiyt pajguct papoxvx pboyjgu qacqufi qbvhxxj rdifdye recobwa sbniilx scolnlq scwryaa tfsbcbk tfyrwjo thwrtxp ubqbhxy ucmhrur ucwbofq vdarhjg vdtaomw vjgaeyf vjjwwwm wbdxksf wctpnga xbtpvum xbvrywh xecghns yalnaju yclgwjn ayidvxi apicqbx afdqear ayfwvkm ajoktts aiqqidd arhueda audppvo afliakx aidgqpv ajhiuxf aaqjyyf axmwrnv amgajwg acsduga 
8ajguct 8apoxvx 8boyjgu 8cdrnfx tajguct tapoxvx tboyjgu tcdrnfx uajguct uapoxvx uboyjgu ucdrnfx vajguct vapoxvx vboyjgu vcdrnfx vajguct vapoxvx vboyjgu vcdrnfx 
3gvqwpf 3ixhmha d4ltgtu dgltgtu dhbtivh diltgtu e4anwda e4csgup eganwda egcsgup ehahewb eianwda eicsgup fgstrfb fgstrfb 
0gvqwpf 0ixhmha 0gvqwpf 0ixhmha 
FALSE 
yixhmha 
adeerau aergdso bavvtjw bbkbsyq bbnbynw cbjfcua ccqwydv daehfdp daruvhb dcyixdm ebqjpej edfakvg edkbtho fdbhwls feadnig gaasdha gbnakkh gbxrxdl hacyyvh haleeda hedydfh iarnays icmcwme jaimjhe jaxhovl jbibmbh jbljvnm kadrxbq keuiava landqrn lgjiunn maleulm mauqwwu mcevuap mclwlpp nbaedau nbpovfn nchkxjf ncrduau ofamhhp ofikcpm ogngiyt pajguct papoxvx pbdrdmn pboyjgu qacqufi qbvhxxj rdifdye recobwa sbniilx scolnlq scwryaa tfsbcbk tfyrwjo thwrtxp ubqbhxy ucmhrur ucwbofq vdarhjg vdtaomw vhaltvf wbdxksf wctpnga xbtpvum xbvrywh xecghns yalnaju yclgwjn ayidvxi apicqbx afdqear ayfwvkm ajoktts aiqqidd arhueda audppvo afliakx aidgqpv ajhiuxf aaqjyyf axmwrnv amgajwg acsduga akosdhx 
kxoroiq 

adeerau aergdso bavvtjw bbkbsyq bbnbynw cbjfcua ccqwydv daehfdp daruvhb dcyixdm ebqjpej edfakvg edkbtho fdbhwls feadnig gaasdha gbnakkh gbxrxdl hacyyvh haleeda hedydfh iarnays icmcwme jaimjhe jaxhovl jbibmbh jbljvnm kadrxbq keuiava landqrn lgjiunn maleulm mauqwwu mcevuap mclwlpp nbaedau nbpovfn nchkxjf ncrduau ofamhhp ofikcpm ogngiyt pajguct papoxvx pbdrdmn pboyjgu qacqufi qbvhxxj rdifdye recobwa sbniilx scolnlq scwryaa tfsbcbk tfyrwjo thwrtxp ubqbhxy ucmhrur ucwbofq vdarhjg vdtaomw vhaltvf wbdxksf wctpnga xbtpvum xbvrywh xecghns yalnaju yclgwjn ayidvxi apicqbx afdqear ayfwvkm ajoktts aiqqidd arhueda audppvo afliakx aidgqpv ajhiuxf aaqjyyf axmwrnv amgajwg acsduga akosdhx 
107.408403 
jzcaqjt 
1dlysfi 1dxioic 1dlysfi 1dxioic 
adeerau aergdso bavvtjw bbkbsyq bbnbynw cbjfcua ccqwydv daehfdp daruvhb dcyixdm ebqjpej edfakvg edkbtho fdbhwls feadnig gaasdha gbnakkh gbxrxdl hacyyvh haleeda hedydfh iarnays icmcwme jaimjhe jaxhovl jbibmbh jbljvnm kadrxbq kdwereb landqrn lgjiunn maleulm mauqwwu mcevuap mclwlpp nbaedau nbpovfn nchkxjf ncrduau ofamhhp ofikcpm ogngiyt pajguct papoxvx pbdrdmn pboyjgu qacqufi qbvhxxj rdifdye recobwa sbniilx scolnlq scwryaa tfsbcbk tfyrwjo thwrtxp ubqbhxy ucmhrur ucwbofq vdarhjg vdtaomw vhaltvf wbdxksf wctpnga xbtpvum xbvrywh xecghns yalnaju yclgwjn ayidvxi apicqbx afdqear ayfwvkm ajoktts aiqqidd arhueda audppvo afliakx aidgqpv ajhiuxf aaqjyyf axmwrnv amgajwg acsduga akosdhx 
9dlysfi 9dxioic wdlysfi wdxioic xdlysfi xdxioic ydlysfi ydxioic zdlysfi zdxioic zdlysfi zdxioic 
adeerau aergdso bavvtjw bbkbsyq bbnbynw caxnpfn cbjfcua daehfdp daruvhb dcyixdm ebqjpej edfakvg edkbtho fdbhwls feadnig gaasdha gbnakkh gbxrxdl hacyyvh haleeda hedydfh iarnays icmcwme jaimjhe jaxhovl jbibmbh jbljvnm kadrxbq kdwereb landqrn lgjiunn maleulm mauqwwu mcevuap mclwlpp nbaedau nbpovfn nchkxjf ncrduau ofamhhp ofikcpm ogngiyt pajguct papoxvx pbdrdmn pboyjgu qacqufi qbvhxxj rdifdye recobwa sbniilx scolnlq scwryaa tfsbcbk tfyrwjo thwrtxp ubqbhxy ucmhrur ucwbofq vdarhjg vdtaomw vhaltvf wbdxksf wctpnga xbtpvum xbvrywh xecghns yalnaju yclgwjn ayidvxi apicqbx afdqear ayfwvkm ajoktts aiqqidd arhueda audppvo afliakx aidgqpv ajhiuxf aaqjyyf axmwrnv amgajwg acsduga akosdhx 
adeerau aergdso bavvtjw bbkbsyq bbnbynw caxnpfn cbjfcua daehfdp daruvhb dcyixdm ebqjpej edfakvg edkbtho fdbhwls feadnig gaasdha gbnakkh gbxrxdl hacyyvh haleeda hedydfh iarnays icmcwme jaimjhe jaxhovl jbibmbh jbljvnm kadrxbq kdwereb landqrn lgjiunn maleulm mauqwwu mcevuap mclwlpp nbaedau nbpovfn nchkxjf ncrduau ofamhhp ofikcpm ogngiyt pajguct papoxvx pbdrdmn pboyjgu qacqufi qbvhxxj rdifdye recobwa sbniilx scolnlq scwryaa tfsbcbk tfyrwjo thwrtxp ubqbhxy ucmhrur ucwbofq vdarhjg vdtaomw vhaltvf wbdxksf wctpnga xbtpvum xbvrywh xecghns yalnaju yclgwjn ayidvxi apicqbx afdqear ayfwvkm ajoktts aiqqidd arhueda audppvo afliakx aidgqpv ajhiuxf aaqjyyf axmwrnv amgajwg acsduga akosdhx 
6wfrhsw 6xrlefv 6ymnwub n9qlvac nwqlvac nxqlvac nyqlvac nzqlvac o9akxoj owakxoj oxakxoj oyakxoj ozakxoj o9akxoj owakxoj oxakxoj oyakxoj ozakxoj 
0pexwjy 0rbmyay 0pexwjy 0rbmyay 
afaksxs afiaqlb 
7gvqwpf 7ixhmha pgvqwpf pixhmha qgvqwpf qixhmha rgvqwpf rixhmha sgvqwpf sixhmha sgvqwpf sixhmha 
twfrhsw 
adeerau aergdso bavvtjw baathae bbkbsyq bbnbynw caxnpfn cbjfcua daehfdp daruvhb dcyixdm ebqjpej edfakvg edkbtho fdbhwls feadnig gaasdha gbnakkh gbxrxdl hacyyvh haleeda hedydfh iarnays icmcwme jaimjhe jaxhovl jbibmbh jbljvnm kadrxbq kdwereb landqrn lgjiunn maleulm mauqwwu mblqtgj nbaedau nbpovfn nchkxjf ncrduau ofamhhp ofikcpm ogngiyt pajguct papoxvx pbdrdmn pboyjgu qacqufi qbvhxxj rdifdye recobwa sbniilx scolnlq scwryaa takxach tetjvkt ubqbhxy ucmhrur ucwbofq vdarhjg vdtaomw vhaltvf wakiwfa wbdxksf xbtpvum xbvrywh xecghns yalnaju yclgwjn ayidvxi apicqbx afdqear ayfwvkm ajoktts aiqqidd arhueda audppvo afliakx aidgqpv ajhiuxf aaqjyyf axmwrnv amgajwg acsduga akosdhx aknmahd 
goacrbj govapal 
3uoerfo 3uakedp d8aryhe dtaryhe duaryhe dvaryhe e8anwda e8csgup etanwda etcsgup euanwda eucsgup evanwda evcsgup 
0gvqwpf 0ixhmha 0gvqwpf 0ixhmha 
adeerau aergdso bavvtjw baathae bbkbsyq bbnbynw caxnpfn cbjfcua daehfdp daruvhb dcyixdm ebqjpej edfakvg edkbtho fdbhwls feadnig gaasdha gbnakkh gbxrxdl hacyyvh haleeda hedydfh iarnays icmcwme jaimjhe jaxhovl jbibmbh jbljvnm kadrxbq kdwereb landqrn lgjiunn maleulm mauqwwu mblqtgj nbaedau nbpovfn nchkxjf ncrduau ofamhhp ofikcpm ogngiyt pajguct papoxvx pbdrdmn pboyjgu qacqufi qbvhxxj rdifdye recobwa sbniilx scolnlq scwryaa takxach tetjvkt ubqbhxy ucmhrur ucwbofq vdarhjg vdtaomw vhaltvf wakiwfa wbdxksf xbtpvum xbvrywh xecghns yalnaju yclgwjn ayidvxi apicqbx afdqear ayfwvkm ajoktts aiqqidd arhueda audppvo afliakx aidgqpv ajhiuxf aaqjyyf axmwrnv amgajwg acsduga akosdhx aknmahd aoayabw 
107.107973 
adeerau aergdso bavvtjw baathae bbkbsyq bbnbynw caxnpfn cbjfcua daehfdp daruvhb dcyixdm ebqjpej edfakvg edkbtho fdbhwls feadnig gaasdha gbnakkh gbxrxdl hacyyvh haleeda hedydfh iarnays icmcwme jaimjhe jaxhovl jbibmbh jbljvnm kadrxbq kdwereb landqrn lbjptlk maleulm mauqwwu mblqtgj nbaedau nbpovfn nchkxjf ncrduau ofamhhp ofikcpm ogngiyt pajguct papoxvx pbdrdmn pboyjgu qacqufi qbvhxxj rdifdye recobwa sbniilx scolnlq scwryaa takxach tetjvkt ubqbhxy ucmhrur ucwbofq vdarhjg vdtaomw vhaltvf wakiwfa wbdxksf xbtpvum xbvrywh xecghns yalnaju yclgwjn ayidvxi apicqbx afdqear ayfwvkm ajoktts aiqqidd arhueda audppvo afliakx aidgqpv ajhiuxf aaqjyyf axmwrnv amgajwg acsduga akosdhx aknmahd aoayabw 
FALSE 
0wfrhsw 0xrlefv 0ymnwub 0wfrhsw 0xrlefv 0ymnwub 
euanwda eucsgup 
adeerau aergdso bavvtjw baathae bbkbsyq bbnbynw caxnpfn cbjfcua daehfdp daruvhb dcyixdm ebqjpej edfakvg edkbtho fdbhwls feadnig gaasdha gbnakkh gbxrxdl hacyyvh haleeda hedydfh iarnays icmcwme jaimjhe jaxhovl jbibmbh jbljvnm kadrxbq kdwereb landqrn lbjptlk maleulm mauqwwu mblqtgj nbaedau nbpovfn nchkxjf ncrduau ofamhhp ofikcpm ogngiyt pajguct papoxvx pbdrdmn pboyjgu qacqufi qbvhxxj rdifdye recobwa sbniilx scolnlq scwryaa takxach tetjvkt ubqbhxy ucmhrur ucwbofq vdarhjg vdtaomw vhaltvf wakiwfa wbdxksf xaljbis xbtpvum xbvrywh yalnaju yclgwjn ayidvxi apicqbx afdqear ayfwvkm ajoktts aiqqidd arhueda audppvo afliakx aidgqpv ajhiuxf aaqjyyf axmwrnv amgajwg acsduga akosdhx aknmahd aoayabw atedajt 
xpexwjy 
6gvqwpf 6ixhmha mgmgbbj mgnmiaf mhhueoy mhwqkjo n4qlvac ngfjrtp nglmthr nhpminy nibrvql o4akxoj ogngiyt ohakxoj oiakxoj o4akxoj ogngiyt ohakxoj oiakxoj 
