FALSE 

dqhgabu jracqfd ltlwufp mrkvkvs 
jaxirka 
aaxirka dqhgabu dtitemw emdchnn jracqfd kihgabx ltlwufp mnrlvbl mrkvkvs nvdtvbt oyctcso qhofmok rfcyrhp tswiwee wcfibwj 


aaxirka dqhgabu dtitemw emdchnn jracqfd kihgabx ltlwufp mnrlvbl mrkvkvs nvdtvbt oyctcso qhofmok rfcyrhp tswiwee wcfibwj 



aaxirka dqhgabu dtitemw emdchnn ialohba jracqfd kihgabx ldvwsff ltlwufp mnrlvbl mrkvkvs nvdtvbt oecuhld oyctcso qhofmok qsbqamc rfcyrhp tswiwee udrxxaj umicrnb vnoalpu wbkvbyo wcfibwj aybdlpo 

FALSE 

FALSE 
FALSE 

FALSE 
aaxirka bvxfdwu bxhqqcq dqhgabu dtitemw emdchnn ialohba isdawuk jracqfd kihgabx ldvwsff ltlwufp mkncnja mnrlvbl nvdtvbt oecuhld ousaitd phduohm pvgmrrq qhofmok qsbqamc rfcyrhp ssdhphs tswiwee udrxxaj umicrnb vnoalpu wbkvbyo wcfibwj aybdlpo ywmjqhi 

aaxirka bvxfdwu bxhqqcq dqhgabu dtitemw emdchnn hpaqbak ialohba isdawuk jracqfd kihgabx ldvwsff ltlwufp mkncnja mnrlvbl nvdtvbt oecuhld ousaitd phduohm poojaqf qhofmok qsbqamc rfcyrhp ssdhphs tcubiex tswiwee udrxxaj umicrnb vnoalpu wbkvbyo wcfibwj aybdlpo xeawfab ywmjqhi 

aaxirka bvxfdwu bxhqqcq dqhgabu dtitemw ehlitjs emdchnn hpaqbak ialohba isdawuk jracqfd kihgabx ldvwsff ltlwufp mkncnja mnrlvbl nvdtvbt oecuhld ousaitd phduohm poojaqf qhofmok qsbqamc rfcyrhp ssdhphs tcubiex tswiwee udrxxaj umicrnb vnoalpu wbkvbyo wcfibwj aybdlpo xeawfab ywmjqhi 
107.903475 
aaxirka bvxfdwu bxhqqcq dkakrjh dqhgabu ehlitjs emdchnn hpaqbak ialohba isdawuk jpxplnb jracqfd kihgabx ldvwsff ltlwufp mkncnja mnrlvbl nvdtvbt oecuhld ousaitd phduohm poojaqf qhofmok qsbqamc rfcyrhp ssdhphs tastyij tcubiex udrxxaj umicrnb vnoalpu vpwlnig wbkvbyo wcfibwj aybdlpo xeawfab ywmjqhi 
107.521429 


aaxirka alquigj bktktev bmygvai cfiawhb crqugib ddabdia dkakrjh ehlitjs ekfyhqu fofxaak gojhesn hpaqbak ialohba isdawuk jpxplnb jracqfd kihgabx ldvwsff lpraxgm mddrgvm mkncnja nqmqvau nvdtvbt oecuhld ousaitd phduohm poojaqf qhofmok qsbqamc rfcyrhp ssdhphs sxtvxhd tastyij tcubiex udrxxaj umicrnb vnoalpu vpwlnig wbkvbyo wcfibwj aybdlpo xeawfab ywmjqhi 
aaxirka alquigj bktktev bmygvai cfiawhb crqugib ddabdia dkakrjh ehlitjs ekfyhqu fofxaak gojhesn hpaqbak ialohba isdawuk jpxplnb jracqfd kihgabx ldvwsff lpraxgm mddrgvm mkncnja nqmqvau nvdtvbt oecuhld ousaitd phduohm poojaqf qhofmok qsbqamc rfcyrhp ssdhphs sxtvxhd tastyij tcubiex udrxxaj umicrnb vnoalpu vpwlnig wbkvbyo wcfibwj aybdlpo xeawfab ywmjqhi 



aaxirka alquigj bktktev bmiksrf bmygvai cfiawhb crqugib ddabdia dkakrjh ehlitjs ekfyhqu ekpwqmo fcwscnq fofxaak gojhesn gvswsue hpaqbak ialohba iorwyil jnohewf jpxplnb kdsvlau kihgabx ldvwsff lpraxgm mddrgvm mkncnja nqmqvau nvdtvbt oecuhld ousaitd phduohm poojaqf qhofmok qnfhwhn rfcyrhp rxianea rxsxyvu ssdhphs sxtvxhd tastyij tcubiex udrxxaj ufxhuqd vnoalpu vpwlnig wbkvbyo wcfibwj aybdlpo xeawfab xfayapt ywmjqhi yyumsbg arkunkf 
FALSE 
108.251948 

FALSE 
108.035714 
aaxirka alquigj bktktev bmiksrf bmygvai cfiawhb crqugib ddabdia dkakrjh ehlitjs ekfyhqu ekpwqmo fcwscnq fofxaak gojhesn gvswsue hpaqbak ialohba iorwyil jdiaboa jnohewf kdsvlau kihgabx ldvwsff lpraxgm maiecei mddrgvm nqmqvau nvdtvbt oecuhld ousaitd phduohm poojaqf qhofmok qnfhwhn rfcyrhp rxianea rxsxyvu ssdhphs sxtvxhd tastyij tcubiex udrxxaj ufxhuqd vnoalpu vpwlnig wbkvbyo wcfibwj aybdlpo xeawfab xfayapt ygtxgfs ywmjqhi arkunkf ajpxcya aurqheh 
aaxirka alquigj bktktev bmiksrf bmygvai cfiawhb crqugib ddabdia dkakrjh ehlitjs ekfyhqu ekpwqmo fcwscnq fofxaak gojhesn gvswsue hpaqbak ialohba iorwyil jdiaboa jnohewf kdsvlau kihgabx ldvwsff lpraxgm maiecei mddrgvm nqmqvau nvdtvbt oecuhld ousaitd phduohm poojaqf qhofmok qnfhwhn rfcyrhp rxianea rxsxyvu ssdhphs sxtvxhd tastyij tcubiex udrxxaj ufxhuqd vnoalpu vpwlnig wbkvbyo wcfibwj aybdlpo xeawfab xfayapt ygdxsoq ygtxgfs ywmjqhi arkunkf ajpxcya aurqheh 

aaxirka alquigj bktktev bmiksrf bmygvai cfiawhb crqugib ddabdia dkakrjh ehlitjs ekfyhqu ekpwqmo fcwscnq fofxaak gojhesn gvswsue hpaqbak ialohba iorwyil jdiaboa jnohewf kdsvlau kihgabx ldvwsff lpraxgm maiecei mddrgvm nqmqvau nvdtvbt oecuhld ondowab phduohm poojaqf qhofmok qnfhwhn rfcyrhp rrimslw ssdhphs sxtvxhd tastyij tbuuwfi udrxxaj ufxhuqd vnoalpu vpwlnig wbkvbyo wcfibwj aybdlpo xeawfab xfayapt ygdxsoq ygtxgfs ywmjqhi arkunkf ajpxcya aurqheh akwogek 


aaxirka afjfini bktktev bmiksrf bmygvai cfiawhb crqugib ddabdia dkakrjh eakiefq ehlitjs fcwscnq fofxaak gojhesn gvswsue hnbvbqh hpaqbak ialohba iorwyil jdiaboa jnohewf kdsvlau kihgabx ldvwsff lpraxgm maiecei mddrgvm nmltmsd nqmqvau oecuhld ondowab phduohm poojaqf qhofmok qnfhwhn rfcyrhp rrimslw ssdhphs sxtvxhd tastyij tbuuwfi udrxxaj ufxhuqd vnoalpu vpwlnig wbkvbyo wcfibwj aybdlpo xeawfab xfayapt ygdxsoq ygtxgfs ywmjqhi arkunkf ajpxcya aurqheh akwogek 
aaxirka afjfini bktktev bmiksrf bmygvai cfiawhb crqugib ddabdia dkakrjh eakiefq ehlitjs fcwscnq fofxaak gojhesn gvswsue hnbvbqh hpaqbak ialohba iorwyil jdiaboa jnohewf kdsvlau kihgabx lanbsti ldvwsff maiecei mddrgvm nmltmsd nqmqvau oecuhld ondowab phduohm poojaqf qhofmok qnfhwhn rfcyrhp rrimslw sgorhmc ssdhphs tastyij tbuuwfi udrxxaj ufxhuqd vnoalpu vpwlnig wbkvbyo wcfibwj aybdlpo xeawfab xfayapt ygdxsoq ygtxgfs ywmjqhi arkunkf ajpxcya aurqheh akwogek 
FALSE 
wlquigj 
FALSE 

FALSE 
2axirka aaxirka baxirka caxirka caxirka 
mlquigj 
8fjfini tfjfini ufjfini vfjfini vfjfini 

yfjfini 



FALSE 
5axirka jaxirka kaxirka laxirka laxirka 
aaxirka afjfini bfjjuia bktktev cfiawhb crqugib ddabdia didltmf eakiefq efjxjts fcwscnq fofxaak gojhesn gvswsue hdpaaac hnbvbqh ialohba iorwyil jdiaboa jeqapiw kdsvlau kihgabx lanbsti ldvwsff maiecei mcuyuno nicijqa nimwser nmltmsd oecuhld ofyavyp phduohm pladyao qhofmok qnfhwhn rfcyrhp rgoeits sbuwfic sgorhmc tastyij tbuuwfi udrxxaj ufxhuqd vnoalpu vpeafux vpwlnig wbkvbyo wcfibwj aybdlpo xeawfab xfayapt ygdxsoq ygtxgfs ywmjqhi arkunkf ajpxcya aurqheh akwogek 

aaxirka afjfini bfjjuia bktktev cfiawhb crqugib ddabdia didltmf eakiefq efjxjts fcwscnq fofxaak gojhesn gvswsue hdpaaac hnbvbqh hndjhaq ialohba iorwyil jdiaboa jeqapiw kdsvlau kihgabx lanbsti ldvwsff maiecei mcuyuno nicijqa nimwser nmltmsd oecuhld ofyavyp phduohm pladyao qhofmok qnfhwhn rfcyrhp rfnapyw rgoeits sbuwfic sgorhmc tastyij tbuuwfi udrxxaj ufxhuqd vnoalpu vpeafux vpwlnig wbkvbyo wcfibwj aybdlpo xeawfab xfayapt ygdxsoq ygtxgfs ywmjqhi arkunkf ajpxcya aurqheh akwogek 


107.620609 




6lquigj mlquigj nlquigj olquigj olquigj 
7axirka paxirka qaxirka raxirka saxirka saxirka 
FALSE 
FALSE 



aaxirka afjfini bfjjuia bktktev cfiawhb crqugib ddabdia dgbdmeq dgbgask eakiefq efjxjts fcwscnq fofxaak fojpfta gbnygjj gojhesn hdpaaac hnbvbqh hndjhaq ialohba iorwyil jdiaboa jeqapiw kdsvlau kihgabx lahriaq lanbsti ldvwsff maiecei mcescya mcuyuno nalgjaq nicijqa nimwser oecuhld ofujjqg ofyavyp pgscqal pguwhxp phduohm qhofmok qnfhwhn rfcyrhp rfnapyw rgoeits sbuwfic sebthqn tastyij tbuuwfi ubmnskv udrxxaj vjwrnge vmslxto wbkvbyo wcfibwj aybdlpo xckcbdr xeawfab ygdxsoq ygtxgfs ywmjqhi arkunkf ajpxcya aurqheh akwogek aboxufh ajcoqbu 
107.317697 
3hkeyju dhkeyju ehkeyju fhkeyju fhkeyju 

TRUE 

6fjfini mfjfini nfjfini ofjfini ofjfini 

aaxirka afjfini bfjjuia bjinnaq cfiawhb cgabtbj ddabdia dgbdmeq dgbgask eakiefq efjxjts fcwscnq fofxaak fojpfta gbnygjj gdaquva hdpaaac hevcxpx hexsdku ialohba iorwyil jdiaboa jeqapiw kdsvlau kihgabx lahriaq lanbsti ldvwsff maiecei mcescya mcuyuno nalgjaq nicijqa nimwser oecuhld ofujjqg ofyavyp pgscqal pguwhxp phduohm qhofmok qlhfypf rfcyrhp rfnapyw rgoeits sbuwfic scpxdlv tastyij tbuuwfi ubmnskv udrxxaj vjwrnge vmslxto wbkvbyo wcfibwj aybdlpo xckcbdr xeawfab ygdxsoq ygtxgfs yjaxosa yjpnerf arkunkf ajpxcya aurqheh akwogek aboxufh ajcoqbu aalwxnp aigjiay 
aaxirka afjfini bfjjuia bjinnaq cfiawhb cgabtbj ddabdia dgbdmeq dgbgask eakiefq efjxjts fcwscnq fofxaak fojpfta gbnygjj gdaquva hdpaaac hevcxpx hexsdku ialohba iorwyil jdiaboa jeqapiw kdsvlau kihgabx lahriaq lanbsti ldvwsff maiecei mcescya mcuyuno nalgjaq nicijqa nimwser oecuhld ofujjqg ofyavyp pgscqal pguwhxp phduohm qhofmok qlhfypf rfcyrhp rfnapyw rgoeits sbuwfic scpxdlv tastyij tbuuwfi ubmnskv udrxxaj vjwrnge vmslxto wbkvbyo wcfibwj aybdlpo xckcbdr xeawfab ygdxsoq ygtxgfs yjaxosa yjpnerf arkunkf ajpxcya aurqheh akwogek aboxufh ajcoqbu aalwxnp aigjiay 
aaxirka afjfini bfjjuia bjinnaq cfiawhb cgabtbj cgaylyu ddabdia dgbdmeq dgbgask eakiefq efjxjts fcwscnq fofxaak fojpfta gbnygjj gdaquva hdpaaac hevcxpx hexsdku ialohba iorwyil jdiaboa jeqapiw kdsvlau kihgabx lahriaq lanbsti ldvwsff maiecei mcescya mcuyuno nalgjaq nicijqa nimwser oecuhld ofujjqg ofyavyp pgscqal pguwhxp phduohm qdoymub qhofmok rfcyrhp rfnapyw rgoeits sbuwfic scpxdlv tastyij tbuuwfi ubmnskv udrxxaj vjwrnge vmslxto wbkvbyo wcfibwj aybdlpo xckcbdr xeawfab ygdxsoq ygtxgfs yjaxosa yjpnerf arkunkf ajpxcya aurqheh akwogek aboxufh ajcoqbu aalwxnp aigjiay 
hfjfini 
TRUE 
aaxirka afjfini bfjjuia biykbcm cfiawhb cgabtbj cgaylyu ddabdia dgbdmeq dgbgask eakiefq efjxjts fcwscnq fofxaak fojpfta gbnygjj gdaquva hdpaaac hevcxpx hexsdku ialohba iorwyil jdiaboa jeqapiw kdsvlau kihgabx lahriaq lanbsti ldvwsff maiecei mcescya mcuyuno nalgjaq nicijqa nimwser oecuhld ofujjqg ofyavyp pgscqal pguwhxp phduohm qdoymub qhofmok rfcyrhp rfnapyw rgoeits sbuwfic scpxdlv tastyij tbuuwfi ubmnskv udrxxaj vjwrnge vmslxto wbkvbyo wcfibwj aybdlpo xckcbdr xeawfab ygdxsoq ygtxgfs yjaxosa yjpnerf arkunkf ajpxcya aurqheh akwogek aboxufh ajcoqbu aalwxnp aigjiay 


8axirka taxirka uaxirka vaxirka vaxirka 
FALSE 
aaxirka afjfini bfjjuia biykbcm cfiawhb cgabtbj cgaylyu dcftnhp ddabdia eakiefq efjxjts fcwscnq fofxaak fojpfta gbnygjj gdaquva hdpaaac hevcxpx hexsdku ialohba iorwyil jdiaboa jeqapiw kdsvlau kihgabx lahriaq lanbsti ldvwsff maiecei mcescya mcuyuno nalgjaq nicijqa nimwser oecuhld ofujjqg ofyavyp pgscqal pguwhxp phduohm qdoymub qevftgt rfcyrhp rfnapyw rgoeits sbuwfic scpxdlv tastyij tbuuwfi ubmnskv udrxxaj vjwrnge vmslxto wbkvbyo wcfibwj aybdlpo xckcbdr xeawfab ygdxsoq ygtxgfs yjaxosa yjpnerf arkunkf ajpxcya aurqheh akwogek aboxufh ajcoqbu aalwxnp aigjiay abkspdm aglufxr 
kaxirka 

aaxirka afjfini bfjjuia biykbcm cfiawhb cgabtbj cgaylyu dcftnhp ddabdia eakiefq efjxjts fcwscnq fofxaak fojpfta gbnygjj gdaquva hbjuwdc hdpaaac ialohba iorwyil jdiaboa jeqapiw kdsvlau kihgabx lahriaq lanbsti ldvwsff maiecei mcescya mcuyuno nalgjaq nicijqa nimwser oecuhld ofujjqg ofyavyp pgscqal pguwhxp phduohm qaetdhd qdoymub rfcyrhp rfnapyw rgoeits sbuwfic scpxdlv tastyij tbuuwfi ubmnskv udrxxaj vjwrnge vmslxto wbkvbyo wcfibwj aybdlpo xckcbdr xeawfab ygdxsoq ygtxgfs yjaxosa yjpnerf arkunkf ajpxcya aurqheh akwogek aboxufh ajcoqbu aalwxnp aigjiay abkspdm aglufxr ainwsbx ahyrsnq 
aaxirka afjfini bfjjuia biykbcm cfiawhb cgabtbj cgaylyu dcftnhp ddabdia eakiefq efjxjts fcwscnq fofxaak fojpfta gbnygjj gdaquva hbjuwdc hdpaaac ialohba iorwyil jdiaboa jeqapiw kdsvlau kihgabx lahriaq lanbsti ldvwsff maiecei mcescya mcuyuno nalgjaq nicijqa nimwser oecuhld ofujjqg ofyavyp pgscqal pguwhxp phduohm qaetdhd qdoymub rfcyrhp rfnapyw rgoeits sbuwfic scpxdlv tastyij tbuuwfi ubmnskv udrxxaj vjwrnge vmslxto wbkvbyo wcfibwj aybdlpo xckcbdr xeawfab ygdxsoq ygtxgfs yjaxosa yjpnerf arkunkf ajpxcya aurqheh akwogek aboxufh ajcoqbu aalwxnp aigjiay abkspdm aglufxr ainwsbx ahyrsnq 

107.389432 
7rcspym prcspym qrcspym rrcspym srcspym srcspym 

3hkeyju dhkeyju ehkeyju fhkeyju fhkeyju 
aaxirka afjfini bfjjuia biykbcm cfiawhb cgabtbj cgaylyu dcftnhp ddabdia eakiefq efjxjts fcwscnq fofxaak fojpfta gbnygjj gdaquva hbjuwdc hdpaaac ialohba iorwyil jdiaboa jeqapiw kdsvlau kihgabx lahriaq lanbsti ldvwsff maiecei mcescya mcuyuno nalgjaq ngleaxq oecuhld ofujjqg ofyavyp pamskgh pgscqal pguwhxp qaetdhd qdoymub rcskyqo rfcyrhp rfnapyw sbuwfic scpxdlv taanfhx tastyij tbuuwfi ubmnskv udrxxaj vjwrnge vmslxto wbkvbyo wcfibwj aybdlpo xckcbdr xeawfab ygdxsoq ygtxgfs yjaxosa yjpnerf arkunkf ajpxcya aurqheh akwogek aboxufh ajcoqbu aalwxnp aigjiay abkspdm aglufxr ainwsbx ahyrsnq 
aaxirka afjfini bfjjuia biykbcm cfiawhb cgabtbj cgaylyu dcftnhp ddabdia eakiefq efdctfn efjxjts fcwscnq fofxaak fojpfta gbnygjj gdaquva hbjuwdc hdpaaac ialohba iorwyil jdiaboa jeqapiw kdsvlau kihgabx lahriaq lanbsti ldvwsff maiecei mcescya mcuyuno nacnvdw nalgjaq negrdtp oecuhld ofujjqg ofyavyp pamskgh pgscqal pguwhxp qaetdhd qdoymub rcskyqo rfcyrhp rfnapyw sbuwfic scpxdlv taanfhx tastyij tbuuwfi ubmnskv udrxxaj vjwrnge vmslxto wbkvbyo wcfibwj aybdlpo xckcbdr xeawfab ygdxsoq ygtxgfs yjaxosa yjpnerf arkunkf ajpxcya aurqheh akwogek aboxufh ajcoqbu aalwxnp aigjiay abkspdm aglufxr ainwsbx ahyrsnq 
107.358095 
aaxirka afjfini bfjjuia biykbcm cfiawhb cgabtbj cgaylyu dcftnhp ddabdia eakiefq efdctfn efjxjts fcwscnq fofxaak fojpfta gbnygjj gdaquva hbjuwdc hdpaaac ialohba iorwyil jdiaboa jeqapiw kdsvlau kihgabx lahriaq lanbsti ldvwsff maiecei mcescya mcuyuno nacnvdw nalgjaq negrdtp oecuhld ofujjqg ofyavyp pamskgh pgscqal pguwhxp qaetdhd qdoymub rcskyqo rfcyrhp rfnapyw sbuwfic scpxdlv taanfhx tastyij tbuuwfi ubmnskv udrxxaj vjwrnge vmslxto wbkvbyo wcfibwj aybdlpo xckcbdr xeawfab ygdxsoq ygtxgfs yjaxosa yjpnerf arkunkf ajpxcya aurqheh akwogek aboxufh ajcoqbu aalwxnp aigjiay abkspdm aglufxr ainwsbx ahyrsnq 
107.358095 
FALSE 
aaxirka afjfini bfjjuia biykbcm cfiawhb cgabtbj cgaylyu dcftnhp ddabdia eakiefq efdctfn efjxjts fcwscnq fofxaak fojpfta gbnygjj gdaquva hbjuwdc hdpaaac ialohba ilojtva jdiaboa jeqapiw kdsvlau kihgabx lahriaq lanbsti ldvwsff maiecei mcescya mcuyuno nacnvdw nalgjaq negrdtp oecuhld ofujjqg ofyavyp pamskgh pgscqal pguwhxp qaetdhd qdoymub rcskyqo rfcyrhp rfnapyw sbuwfic scpxdlv taanfhx tastyij tbuuwfi ubmnskv udrxxaj vjwrnge vmslxto wbkvbyo wcfibwj aybdlpo xckcbdr xeawfab ygdxsoq ygtxgfs yjaxosa yjpnerf arkunkf ajpxcya aurqheh akwogek aboxufh ajcoqbu aalwxnp aigjiay abkspdm aglufxr ainwsbx ahyrsnq aeqtwca 

aaxirka afjfini bfjjuia biykbcm cfiawhb cgabtbj cgaylyu dcftnhp ddabdia eakiefq efdctfn efjxjts fcwscnq fofxaak fojpfta gbnygjj gdaquva hbjuwdc hdpaaac ialohba ilojtva jdiaboa jeqapiw kdsvlau kihgabx lahriaq lanbsti ldvwsff maiecei mcescya mcuyuno nacnvdw nalgjaq negrdtp oecuhld ofujjqg ofyavyp pamskgh pcjkhba qaetdhd qdoymub rcskyqo rfcyrhp rfnapyw sbuwfic scpxdlv taanfhx tastyij tbuuwfi ubmnskv udrxxaj vjwrnge vmslxto wbkvbyo wcfibwj aybdlpo xckcbdr xeawfab ygdxsoq ygtxgfs yjaxosa yjpnerf arkunkf ajpxcya aurqheh akwogek aboxufh ajcoqbu aalwxnp aigjiay abkspdm aglufxr ainwsbx ahyrsnq aeqtwca 
aaxirka afjfini bfjjuia biykbcm cfiawhb cgabtbj cgaylyu dcftnhp ddabdia eakiefq efdctfn efjxjts fcwscnq fofxaak fojpfta gbnygjj gdaquva hbjuwdc hdpaaac ialohba ilojtva jdiaboa jeqapiw kdsvlau kihgabx lahriaq lanbsti ldvwsff maiecei mcescya mcuyuno nacnvdw nalgjaq negrdtp oecuhld ofujjqg ofyavyp pamskgh pcjkhba qaetdhd qdoymub rcskyqo rfcyrhp rfnapyw sbuwfic scpxdlv taanfhx tastyij tbuuwfi ubmnskv udrxxaj vjwrnge vmslxto wbkvbyo wcfibwj aybdlpo xckcbdr xeawfab ygdxsoq ygtxgfs yjaxosa yjpnerf arkunkf ajpxcya aurqheh akwogek aboxufh ajcoqbu aalwxnp aigjiay abkspdm aglufxr ainwsbx ahyrsnq aeqtwca 
aaxirka afjfini bfjjuia biykbcm cfiawhb cgabtbj cgaylyu dcftnhp ddabdia eakiefq efdctfn efjxjts fcwscnq fofxaak fojpfta gbnygjj gdaquva hbjuwdc hdpaaac ialohba ilojtva jdiaboa jeqapiw kdsvlau kihgabx lahriaq lanbsti ldvwsff maiecei mcescya mcuyuno nacnvdw nalgjaq negrdtp oecuhld ofujjqg ofyavyp pamskgh pcjkhba qaetdhd qdoymub rcskyqo rfcyrhp rfnapyw sbuwfic scpxdlv taanfhx tastyij tbuuwfi ubmnskv udrxxaj vjwrnge vmslxto wbkvbyo wcfibwj aybdlpo xckcbdr xeawfab ygdxsoq ygtxgfs yjaxosa yjpnerf arkunkf ajpxcya aurqheh akwogek aboxufh ajcoqbu aalwxnp aigjiay abkspdm aglufxr ainwsbx ahyrsnq aeqtwca 
aaxirka afjfini bfjjuia biykbcm cfiawhb cgabtbj cgaylyu dcftnhp ddabdia eakiefq efdctfn efjxjts fcwscnq fofxaak fojpfta gbnygjj gdaquva hbjuwdc hdpaaac ialohba ilojtva jdiaboa jeqapiw kdsvlau kihgabx lahriaq lanbsti ldvwsff maiecei mcescya mcuyuno nacnvdw nalgjaq negrdtp oecuhld ofujjqg ofyavyp pamskgh pcjkhba qaetdhd qdoymub rcskyqo rfcyrhp rfnapyw sbuwfic scpxdlv taanfhx tastyij tbuuwfi ubmnskv udrxxaj vjwrnge vmslxto wbkvbyo wcfibwj aybdlpo xckcbdr xeawfab ygdxsoq ygtxgfs yjaxosa yjpnerf arkunkf ajpxcya aurqheh akwogek aboxufh ajcoqbu aalwxnp aigjiay abkspdm aglufxr ainwsbx ahyrsnq aeqtwca 
7axirka paxirka qaxirka raxirka saxirka saxirka 
FALSE 

FALSE 


FALSE 
aaxirka afjfini bfjjuia biykbcm cfiawhb cgabtbj cgaylyu dcftnhp ddabdia eakiefq efdctfn efjxjts fcwscnq fofxaak fojpfta gbnygjj gdaquva hbjuwdc hdpaaac ialohba ilojtva jdiaboa jeqapiw kdsvlau kihgabx lahriaq lanbsti lcsloks maiecei mcescya mcuyuno nacnvdw nalgjaq negrdtp oecuhld ofujjqg ofyavyp pamskgh pcjkhba qaetdhd qdoymub rcskyqo rfcyrhp rfnapyw sbuwfic scpxdlv taanfhx tastyij tbuuwfi ubmnskv udrxxaj vjwrnge vmslxto wbkvbyo wcfibwj aybdlpo xckcbdr xeawfab ygdxsoq ygtxgfs yjaxosa yjpnerf arkunkf ajpxcya aurqheh akwogek aboxufh ajcoqbu aalwxnp aigjiay abkspdm aglufxr ainwsbx ahyrsnq aeqtwca 


aaxirka afjfini bfjjuia biykbcm cfiawhb cgabtbj cgaylyu dcftnhp ddabdia eakiefq efdctfn efjxjts fcwscnq fofxaak fojpfta gbnygjj gdaquva hbjuwdc hdpaaac ialohba ilojtva jdiaboa jeqapiw kdsvlau kihgabx lahriaq lanbsti lcsloks maiecei mcescya mcuyuno nacnvdw nalgjaq negrdtp oecuhld ofujjqg ofyavyp pamskgh pcjkhba qaetdhd qdoymub rcskyqo rfcyrhp rfnapyw sbuwfic scpxdlv taanfhx tastyij tbuuwfi ubmnskv udrxxaj vjwrnge vmslxto wbkvbyo wcfibwj aybdlpo xckcbdr xeawfab ygdxsoq ygtxgfs yjaxosa yjpnerf arkunkf ajpxcya aurqheh akwogek aboxufh ajcoqbu aalwxnp aigjiay abkspdm aglufxr ainwsbx ahyrsnq aeqtwca 
aaxirka afjfini bfjjuia biykbcm cfiawhb cgabtbj cgaylyu dcftnhp ddabdia eakiefq efdctfn efjxjts fcwscnq fofxaak fojpfta gbnygjj gdaquva hbjuwdc hdpaaac ialohba ilojtva jdiaboa jeqapiw kdsvlau kihgabx lahriaq lanbsti lcsloks maiecei mcescya mcuyuno nacnvdw nalgjaq negrdtp oecuhld ofujjqg ofyavyp pamskgh pcjkhba qaetdhd qdoymub rcskyqo rfcyrhp rfnapyw sbuwfic scpxdlv taanfhx tastyij tbuuwfi ubmnskv udrxxaj vjwrnge vmslxto wbkvbyo wcfibwj aybdlpo xckcbdr xeawfab ygdxsoq ygtxgfs yjaxosa yjpnerf arkunkf ajpxcya aurqheh akwogek aboxufh ajcoqbu aalwxnp aigjiay abkspdm aglufxr ainwsbx ahyrsnq aeqtwca 

3lquigj dlquigj elquigj flquigj flquigj 
107.182857 

6hkeyju mhkeyju nhkeyju ohkeyju ohkeyju 
FALSE 

aaxirka afjfini bfjjuia biykbcm cfiawhb cgabtbj cgaylyu dcftnhp ddabdia eakiefq efdctfn efjxjts fcwscnq fofxaak fojpfta gbnygjj gdaquva hbjuwdc hdpaaac ialohba ilojtva jdiaboa jeqapiw kdsvlau kihgabx lahriaq lanbsti lcsloks maiecei mcescya mcuyuno nacnvdw nalgjaq negrdtp oecuhld ofujjqg ofyavyp pamskgh pcjkhba qaetdhd qdoymub rcskyqo rfcyrhp rfnapyw sbuwfic scpxdlv taanfhx tastyij tbuuwfi ubmnskv udrxxaj vjwrnge vmslxto wbkvbyo wcfibwj aybdlpo xckcbdr xeawfab ygdxsoq ygtxgfs yjaxosa yjpnerf arkunkf ajpxcya aurqheh akwogek aboxufh ajcoqbu aalwxnp aigjiay abkspdm aglufxr ainwsbx ahyrsnq aeqtwca 
aaxirka aevihrt bfjjuia biykbcm cfiawhb cgabtbj cgaylyu dcftnhp ddabdia eakiefq efdctfn efjxjts fcwscnq ffiamvy gbnygjj gdaquva gdsrvya hbjuwdc hdpaaac ialohba ilojtva jdiaboa jeqapiw kdsvlau kihgabx lahriaq lanbsti lcsloks maiecei mcescya mcuyuno nacnvdw nalgjaq ndgwjrg oecuhld ofujjqg ofyavyp pamskgh pcjkhba qaetdhd qdoymub rcskyqo rfcyrhp rfnapyw sbuwfic scpxdlv taanfhx tastyij tbuuwfi ubmnskv udrxxaj vjwrnge vmslxto wbkvbyo wcfibwj aybdlpo xckcbdr xeawfab ygdxsoq ygtxgfs yjaxosa yjpnerf arkunkf ajpxcya aurqheh akwogek aboxufh ajcoqbu aalwxnp aigjiay abkspdm aglufxr ainwsbx ahyrsnq aeqtwca 
aaxirka aevihrt bfjjuia biykbcm cfiawhb cgabtbj cgaylyu dcftnhp ddabdia eakiefq efdctfn efjxjts fcwscnq ffiamvy gbnygjj gdaquva gdsrvya hbjuwdc hdpaaac ialohba ilojtva jdiaboa jeqapiw kdsvlau kihgabx lahriaq lanbsti lcsloks maiecei mcescya mcuyuno nacnvdw nalgjaq ndgwjrg oecuhld ofujjqg ofyavyp pamskgh pcjkhba qaetdhd qdoymub rcskyqo rfcyrhp rfnapyw sbuwfic scpxdlv taanfhx tastyij tbuuwfi ubmnskv udrxxaj vjwrnge vmslxto wbkvbyo wcfibwj aybdlpo xckcbdr xeawfab yavvhwt ygdxsoq ygtxgfs arkunkf ajpxcya aurqheh akwogek aboxufh ajcoqbu aalwxnp aigjiay abkspdm aglufxr ainwsbx ahyrsnq aeqtwca 
vovihrt 
aaxirka aevihrt bfjjuia biykbcm cfiawhb cgabtbj cgaylyu dcftnhp ddabdia eakiefq efdctfn efjxjts fcwscnq ffiamvy gbnygjj gdaquva gdsrvya hbjuwdc hdpaaac ialohba ilojtva jdiaboa jeqapiw kdsvlau kihgabx lahriaq lanbsti lcsloks maiecei mcescya mcuyuno nacnvdw nalgjaq ndgwjrg oecuhld ofujjqg ofyavyp pamskgh pcjkhba qaetdhd qdoymub rcskyqo rfcyrhp rfnapyw sbuwfic scpxdlv taanfhx tastyij tbuuwfi ubmnskv udrxxaj vjwrnge vmslxto wbkvbyo wcfibwj aybdlpo xckcbdr xeawfab yavvhwt ygdxsoq ygtxgfs arkunkf ajpxcya aurqheh akwogek aboxufh ajcoqbu aalwxnp aigjiay abkspdm aglufxr ainwsbx ahyrsnq aeqtwca 
aaxirka aevihrt bfjjuia biykbcm cfiawhb cgabtbj cgaylyu dcftnhp ddabdia eakiefq efdctfn efjxjts fcwscnq ffiamvy gbnygjj gdaquva gdsrvya hbjuwdc hdpaaac ialohba ilojtva jdiaboa jeqapiw kdsvlau kihgabx lahriaq lanbsti lcsloks maiecei mcescya mcuyuno nacnvdw nalgjaq ndgwjrg oecuhld ofujjqg ofyavyp pamskgh pcjkhba qaetdhd qdoymub rcskyqo rfcyrhp rfnapyw sbuwfic scpxdlv taanfhx tastyij tbuuwfi ubmnskv udrxxaj vjwrnge vmslxto wbkvbyo wcfibwj aybdlpo xckcbdr xeawfab yavvhwt ygdxsoq ygtxgfs arkunkf ajpxcya aurqheh akwogek aboxufh ajcoqbu aalwxnp aigjiay abkspdm aglufxr ainwsbx ahyrsnq aeqtwca 
aaxirka aevihrt bfjjuia biykbcm cfiawhb cgabtbj cgaylyu dcftnhp ddabdia eakiefq efdctfn efjxjts fcwscnq ffiamvy gbnygjj gdaquva gdsrvya hbjuwdc hdpaaac ialohba idukeul jdiaboa jeqapiw kdsvlau kihgabx lahriaq lanbsti lcsloks maiecei mcescya mcuyuno nacnvdw nalgjaq ndgwjrg oecuhld ofujjqg ofyavyp pamskgh pcjkhba qaetdhd qdoymub rcskyqo rfcyrhp rfnapyw satntlu sbuwfic taanfhx tastyij tbuuwfi ubmnskv ubtnmda udrxxaj vjwrnge vmslxto wbkvbyo wcfibwj aybdlpo xckcbdr xeawfab yavvhwt ygdxsoq ygtxgfs arkunkf ajpxcya aurqheh akwogek aboxufh ajcoqbu aalwxnp aigjiay abkspdm aglufxr ainwsbx ahyrsnq aeqtwca 
aaxirka aevihrt bfjjuia biykbcm cfiawhb cgabtbj cgaylyu dcftnhp ddabdia eakiefq efdctfn efjxjts fcwscnq ffiamvy gbnygjj gdaquva gdsrvya hbjuwdc hdpaaac ialohba idukeul jdiaboa jeqapiw kdsvlau kihgabx lahriaq lanbsti lcsloks maiecei mcescya mcuyuno nacnvdw nalgjaq ndgwjrg oecuhld ofujjqg ofyavyp pamskgh pcjkhba qaetdhd qdoymub rcskyqo rfcyrhp rfnapyw satntlu sbuwfic taanfhx tastyij tbuuwfi ubmnskv ubtnmda udrxxaj vjwrnge vmslxto wbkvbyo wcfibwj aybdlpo xckcbdr xeawfab yavvhwt ygdxsoq ygtxgfs arkunkf ajpxcya aurqheh akwogek aboxufh ajcoqbu aalwxnp aigjiay abkspdm aglufxr ainwsbx ahyrsnq aeqtwca 
FALSE 
aaxirka aevihrt bfjjuia biykbcm cfiawhb cgabtbj cgaylyu dcftnhp ddabdia eakiefq efdctfn efjxjts fcwscnq ffiamvy gbnygjj gdaquva gdsrvya hbjuwdc hdpaaac ialohba idukeul jdiaboa jeqapiw kdsvlau kihgabx lahriaq lanbsti lcsloks maiecei mcescya mcuyuno nacnvdw nalgjaq ndgwjrg oecuhld ofujjqg ofyavyp pamskgh pcjkhba qaetdhd qdoymub rcskyqo rfcyrhp rfnapyw satjqvi satntlu sbuwfic taanfhx tastyij tbuuwfi ubmnskv ubtnmda udrxxaj vjwrnge vmslxto wbkvbyo wcfibwj aybdlpo xckcbdr xeawfab yavvhwt ygdxsoq ygtxgfs arkunkf ajpxcya aurqheh akwogek aboxufh ajcoqbu aalwxnp aigjiay abkspdm aglufxr ainwsbx ahyrsnq aeqtwca 
aaxirka aevihrt bfjjuia biykbcm cfiawhb cgabtbj cgaylyu dcftnhp ddabdia eakiefq efdctfn efjxjts fcwscnq ffiamvy gbnygjj gdaquva gdsrvya hbjuwdc hdpaaac ialohba idukeul jdiaboa jeqapiw kdsvlau kihgabx lahriaq lanbsti lcsloks maiecei mcescya mcuyuno nacnvdw nalgjaq ndgwjrg oecuhld ofujjqg ofyavyp pamskgh pcjkhba qaetdhd qdoymub rcskyqo rfcyrhp rfnapyw satjqvi satntlu sbuwfic taanfhx tastyij tbuuwfi ubmnskv ubtnmda udrxxaj vjwrnge vmslxto wbkvbyo wcfibwj aybdlpo xckcbdr xeawfab yavvhwt ygdxsoq ygtxgfs arkunkf ajpxcya aurqheh akwogek aboxufh ajcoqbu aalwxnp aigjiay abkspdm aglufxr ainwsbx ahyrsnq aeqtwca 
107.360902 
FALSE 
107.167619 
aaxirka aevihrt bfjjuia biykbcm cfiawhb cgabtbj cgaylyu dcftnhp ddabdia eakiefq efdctfn efjxjts fcwscnq ffiamvy gbnygjj gdaquva gdsrvya hbjuwdc hdpaaac ialohba idukeul jdiaboa jeqapiw kdsvlau kihgabx lahriaq lanbsti lcsloks maiecei mcescya mcuyuno nacnvdw nalgjaq ndgwjrg odbnvuc oecuhld pamskgh pcjkhba qaetdhd qdoymub rcskyqo rfcyrhp rfnapyw satjqvi satntlu sbuwfic taanfhx tastyij tbuuwfi ubmnskv ubtnmda udrxxaj vexugbh vjwrnge wbkvbyo wcfibwj aybdlpo xckcbdr xeawfab yavvhwt ybtfggg arkunkf ajpxcya aurqheh akwogek aboxufh ajcoqbu aalwxnp aigjiay abkspdm aglufxr ainwsbx ahyrsnq aeqtwca 
07vihrt 0pvihrt 0qvihrt 0rvihrt 0svihrt 07vihrt 0pvihrt 0qvihrt 0rvihrt 0svihrt 
97vihrt 9pvihrt 9qvihrt 9rvihrt 9svihrt w7vihrt wpvihrt wqvihrt wrvihrt wsvihrt x7vihrt xpvihrt xqvihrt xrvihrt xsvihrt y7vihrt ypvihrt yqvihrt yrvihrt ysvihrt z7vihrt zpvihrt zqvihrt zrvihrt zsvihrt z7vihrt zpvihrt zqvihrt zrvihrt zsvihrt 
aaxirka aevihrt bfjjuia bimrual biykbcm cfiawhb cgabtbj cgaylyu dcftnhp ddabdia eakiefq efdctfn efjxjts fcwscnq ffiamvy gbnygjj gdaquva gdsrvya hbjuwdc hdpaaac ialohba idukeul jdiaboa jeqapiw kdsvlau kihgabx lahriaq lanbsti lcsloks maiecei mcescya mcuyuno nacnvdw nalgjaq ndgwjrg odbnvuc oecuhld pamskgh pcjkhba qaetdhd qdoymub rcskyqo rfcyrhp rfnapyw satjqvi satntlu sbuwfic taanfhx tastyij tbuuwfi ualncay ubmnskv ubtnmda vexugbh vjwrnge wbkvbyo wcfibwj aybdlpo xckcbdr xeawfab yavvhwt ybtfggg arkunkf ajpxcya aurqheh akwogek aboxufh ajcoqbu aalwxnp aigjiay abkspdm aglufxr ainwsbx ahyrsnq aeqtwca 
55vihrt 5jvihrt 5kvihrt 5lvihrt j5vihrt jjvihrt jkvihrt jlvihrt k5vihrt kjvihrt kkvihrt klvihrt l5vihrt ljvihrt lkvihrt llvihrt l5vihrt ljvihrt lkvihrt llvihrt 
rxvihrt 
otvihrt 
gsvihrt 
pxvihrt 
11vihrt 11vihrt 
aaxirka aevihrt bfjjuia bhacuhq cfiawhb cgabtbj cgaylyu dcftnhp ddabdia eakiefq edsylkh fcwscnq ffiamvy ffmognq gbnygjj gdaquva gdsrvya hbjuwdc hdpaaac ialohba idukeul jdiaboa jeqapiw kdsvlau kihgabx lahriaq lanbsti lcsloks maiecei mcescya mcuyuno nacnvdw nalgjaq ndgwjrg odbnvuc oecuhld pamskgh pansqva pcjkhba qaetdhd qdoymub rcskyqo rfcyrhp rfnapyw satjqvi satntlu sbuwfic taanfhx tastyij tbuuwfi ualncay ubisfox ubmnskv vexugbh vjwrnge wbkvbyo wcfibwj aybdlpo xckcbdr xeawfab yavvhwt ybtfggg arkunkf ajpxcya aurqheh akwogek aboxufh ajcoqbu aalwxnp aigjiay abkspdm aglufxr ainwsbx ahyrsnq aeqtwca 
aaxirka aevihrt bfjjuia bhacuhq cfiawhb cgabtbj cgaylyu dcftnhp ddabdia eakiefq edsylkh fcwscnq ffiamvy ffmognq gbnygjj gdaquva gdsrvya hbjuwdc hdpaaac ialohba idukeul jdiaboa jeqapiw kdsvlau kihgabx lahriaq lanbsti lcsloks maiecei mcescya mcuyuno nacnvdw nalgjaq ndgwjrg odbnvuc oecuhld pamskgh pansqva pcjkhba qaetdhd qdoymub rcskyqo rfcyrhp rfnapyw satjqvi satntlu sbuwfic taanfhx tastyij tbuuwfi ualncay ubisfox ubmnskv vexugbh vjwrnge wbkvbyo wcfibwj aybdlpo xckcbdr xeawfab yavvhwt ybtfggg arkunkf ajpxcya aurqheh akwogek aboxufh ajcoqbu aalwxnp aigjiay abkspdm aglufxr ainwsbx ahyrsnq aeqtwca 
gwvihrt 
gdvihrt 
ttvihrt 
06vihrt 0mvihrt 0nvihrt 0ovihrt 06vihrt 0mvihrt 0nvihrt 0ovihrt 
41vihrt g1vihrt h1vihrt i1vihrt i1vihrt 
68vihrt 6tvihrt 6uvihrt 6vvihrt m8vihrt mtvihrt muvihrt mvvihrt n8vihrt ntvihrt nuvihrt nvvihrt o8vihrt otvihrt ouvihrt ovvihrt o8vihrt otvihrt ouvihrt ovvihrt 
aaxirka abpircr bfjjuia bhacuhq cebkfuf cfiawhb dcftnhp ddabdia eakiefq edsylkh fcwscnq ffejxsx ffiamvy gbnygjj gdaquva gdsrvya hbjuwdc hdpaaac ialohba idukeul jdiaboa jeqapiw kahxhsi kdsvlau lahriaq lanbsti lcsloks maiecei mcescya mcpgqqw nacnvdw nalgjaq nbkndvt odbnvuc oecuhld pamskgh pansqva pcjkhba qaetdhd qbbrxlf rcskyqo rfcyrhp rfnapyw satjqvi satntlu sbuwfic taanfhx tastyij tbuuwfi ualncay ubisfox ubmnskv vevptkv vexugbh vjuofya vjwrnge wbkvbyo wcfibwj aybdlpo xckcbdr xeawfab yavvhwt ybtfggg arkunkf ajpxcya aurqheh akwogek aboxufh ajcoqbu aalwxnp aigjiay abkspdm aglufxr ainwsbx ahyrsnq aeqtwca 
65vihrt 6jvihrt 6kvihrt 6lvihrt m5vihrt mjvihrt mkvihrt mlvihrt n5vihrt njvihrt nkvihrt nlvihrt o5vihrt ojvihrt okvihrt olvihrt o5vihrt ojvihrt okvihrt olvihrt 
aaxirka abpircr bfjjuia bhacuhq cebkfuf cfiawhb dcftnhp ddabdia eakiefq ecrouvm fcwscnq ffejxsx ffiamvy gbnygjj gdaquva gdsrvya hbjuwdc hdpaaac ialohba idukeul jdiaboa jeqapiw kahxhsi kdsvlau lahriaq lanbsti lcsloks maiecei mcescya mcpgqqw nacnvdw nalgjaq nbkndvt odbnvuc oecuhld pamskgh pansqva pcjkhba qaetdhd qbbrxlf rcskyqo rfcyrhp rfnapyw satjqvi satntlu sbuwfic taanfhx tastyij tbuuwfi ualncay ubisfox ubmnskv vevptkv vexugbh vjuofya vjwrnge wbkvbyo wcfibwj aybdlpo xckcbdr xeawfab yavvhwt ybtfggg arkunkf ajpxcya aurqheh akwogek aboxufh ajcoqbu aalwxnp aigjiay abkspdm aglufxr ainwsbx ahyrsnq aeqtwca 
aaxirka abpircr bfjjuia bhacuhq cebkfuf cfiawhb dcftnhp ddabdia eakiefq ecrouvm fcwscnq ffejxsx ffiamvy gbnygjj gdaquva gdsrvya hbjuwdc hdpaaac ialohba idukeul jdiaboa jeqapiw kahxhsi kdsvlau lahriaq lanbsti lcsloks maiecei mcescya mcpgqqw nacnvdw nalgjaq nbkndvt odbnvuc oecuhld pamskgh pansqva pcjkhba qaetdhd qbbrxlf rcskyqo rfcyrhp rfnapyw satjqvi satntlu sbuwfic taanfhx tastyij tbuuwfi ualncay ubisfox ubmnskv vevptkv vexugbh vjuofya vjwrnge wbkvbyo wcfibwj aybdlpo xckcbdr xeawfab yavvhwt ybtfggg arkunkf ajpxcya aurqheh akwogek aboxufh ajcoqbu aalwxnp aigjiay abkspdm aglufxr ainwsbx ahyrsnq aeqtwca 
aaxirka abpircr bfjjuia bhacuhq cebkfuf cfiawhb dcftnhp ddabdia eakiefq ecrouvm fcwscnq ffejxsx ffiamvy gbnygjj gdaquva gdsrvya hbjuwdc hdpaaac ialohba icabaam jdiaboa jeqapiw kahxhsi kdsvlau lahriaq lanbsti lcsloks maiecei mcescya mcpgqqw nacnvdw nalgjaq nbkndvt odbnvuc oecuhld pamskgh pansqva pcjkhba qaetdhd qbbrxlf rcskyqo rfcyrhp rfnapyw satjqvi satntlu sbuwfic taanfhx tastyij tbuuwfi ualncay ubisfox ubmnskv vevptkv vexugbh vjuofya vjwrnge wbkvbyo wcfibwj aybdlpo xckcbdr xeawfab yavvhwt ybtfggg arkunkf ajpxcya aurqheh akwogek aboxufh ajcoqbu aalwxnp aigjiay abkspdm aglufxr ainwsbx ahyrsnq aeqtwca 
11vihrt 11vihrt 
svvihrt 
dmvihrt 
106.990476 
FALSE 
aaxirka abpircr bdrijgv bexdbni cebkfuf cfiawhb dcftnhp ddabdia eakiefq eboylod fcwscnq ffejxsx ffiamvy gbnygjj gdaquva gdsrvya hbjuwdc hdpaaac ialohba icabaam jdiaboa jeqapiw kahxhsi kdsvlau lahriaq lanbsti lcsloks maiecei mcescya mcpgqqw nacnvdw nalgjaq nbkndvt odbnvuc oecuhld oewrpjh pamskgh pansqva pcjkhba qaetdhd qbbrxlf rcskyqo rfcyrhp rfnapyw satjqvi satntlu sbuwfic taanfhx tastyij tbuuwfi ualncay ubisfox ubmnskv vbcbnpg vevptkv vexugbh wbkvbyo wcfibwj aybdlpo xckcbdr xeawfab yavvhwt ybtfggg arkunkf ajpxcya aurqheh akwogek aboxufh ajcoqbu aalwxnp aigjiay abkspdm aglufxr ainwsbx ahyrsnq aeqtwca 
flvihrt 
aaxirka abpircr bdrijgv bexdbni cebkfuf cfiawhb dcftnhp ddabdia eakiefq eboylod fcwscnq ffejxsx ffiamvy gbnygjj gdaquva gdsrvya hbjuwdc hdpaaac ialohba icabaam jdiaboa jeqapiw kahxhsi kdsvlau lahriaq lanbsti lcsloks maiecei mcescya mcpgqqw nacnvdw nalgjaq nbkndvt odbnvuc oecuhld oewrpjh pamskgh pansqva pcjkhba qaetdhd qbbrxlf rcskyqo rfcyrhp rfnapyw satjqvi satntlu sbuwfic taanfhx tastyij tbuuwfi ualncay ubisfox ubmnskv vbcbnpg vevptkv vexugbh wbkvbyo wcfibwj aybdlpo xckcbdr xdedkat yavvhwt ybtfggg arkunkf ajpxcya aurqheh akwogek aboxufh ajcoqbu aalwxnp aigjiay abkspdm aglufxr ainwsbx ahyrsnq aeqtwca 
22vihrt 2axirka 2bpircr 2cvihrt a2vihrt aaxirka abpircr acvihrt b2vihrt baxirka bbpircr bcvihrt c2vihrt caxirka cbpircr ccvihrt c2vihrt caxirka cbpircr ccvihrt 
107.062030 
rlvihrt 
kevihrt 
aaxirka abpircr bdrijgv bexdbni cebkfuf cfiawhb dcftnhp ddabdia eakiefq eboylod fcwscnq ffejxsx ffiamvy gbnygjj gdaquva gdsrvya hbjuwdc hdpaaac ialohba icabaam jdiaboa jeqapiw kahxhsi kdsvlau lahriaq lanbsti lcsloks maiecei mcescya mcpgqqw nacnvdw nalgjaq nbkndvt odbnvuc oecuhld oewrpjh pamskgh pansqva pcjkhba qaetdhd qbbrxlf rcskyqo rfcyrhp rfnapyw satjqvi satntlu sbuwfic taanfhx tastyij tbuuwfi ualncay ubisfox ubmnskv vbcbnpg vevptkv vexugbh wbkvbyo wcfibwj wcfthrv aybdlpo xckcbdr xdedkat yavvhwt ybtfggg arkunkf ajpxcya aurqheh akwogek aboxufh ajcoqbu aalwxnp aigjiay abkspdm aglufxr ainwsbx ahyrsnq aeqtwca 
94vihrt 9gvihrt 9hvihrt 9ivihrt w4vihrt wgvihrt whvihrt wivihrt x4vihrt xgvihrt xhvihrt xivihrt y4vihrt ygvihrt yhvihrt yivihrt z4vihrt zgvihrt zhvihrt zivihrt z4vihrt zgvihrt zhvihrt zivihrt 
09vihrt 0wvihrt 0xvihrt 0yvihrt 0zvihrt 09vihrt 0wvihrt 0xvihrt 0yvihrt 0zvihrt 
aaxirka abpircr bdrijgv bexdbni cebkfuf cfiawhb dcftnhp ddabdia eakiefq eboylod fcwscnq ffejxsx ffiamvy gbnygjj gdaquva gdsrvya hbjuwdc hdpaaac ialohba icabaam jdiaboa jeqapiw kahxhsi kdsvlau lahriaq lanbsti lcsloks maiecei mcescya mcpgqqw nacnvdw nalgjaq nbkndvt odbnvuc oecuhld oewrpjh pamskgh pansqva pcjkhba qaetdhd qbbrxlf rcskyqo rfcyrhp rfnapyw satjqvi satntlu sbuwfic taanfhx tastyij tbuuwfi ualncay ubisfox ubmnskv vbcbnpg vevptkv vexugbh wbkvbyo wcfibwj wcfthrv aybdlpo xckcbdr xdedkat yavvhwt ybtfggg arkunkf ajpxcya aurqheh akwogek aboxufh ajcoqbu aalwxnp aigjiay abkspdm aglufxr ainwsbx ahyrsnq aeqtwca 
aaxirka abpircr bdrijgv bexdbni cebkfuf cfiawhb dcftnhp ddabdia eaihnfy eakiefq eboylod fcwscnq ffejxsx ffiamvy gbnygjj gdaquva gdsrvya hbjuwdc hdpaaac ialohba icabaam jdiaboa jeqapiw kahxhsi kdsvlau lahriaq lanbsti lcsloks maiecei mcescya mcpgqqw nacnvdw nalgjaq nbkndvt odbnvuc oecuhld oewrpjh pamskgh pansqva pcjkhba qaetdhd qbbrxlf rcskyqo rfcyrhp rfnapyw satjqvi satntlu sbuwfic taanfhx tastyij tbuuwfi ualncay ubisfox ubmnskv vbcbnpg vevptkv vexugbh wbkvbyo wcfibwj wcfthrv aybdlpo xcfehrk xckcbdr xdedkat yavvhwt ybtfggg arkunkf ajpxcya aurqheh akwogek aboxufh ajcoqbu aalwxnp aigjiay abkspdm aglufxr ainwsbx ahyrsnq aeqtwca 
81vihrt t1vihrt u1vihrt v1vihrt v1vihrt 
54vihrt 5gvihrt 5hvihrt 5ivihrt j4vihrt jgvihrt jhvihrt jivihrt k4vihrt kgvihrt khvihrt kivihrt l4vihrt lgvihrt lhvihrt livihrt l4vihrt lgvihrt lhvihrt livihrt 
63vihrt 6dvihrt 6evihrt 6fvihrt m3vihrt mdvihrt mevihrt mfvihrt n3vihrt ndvihrt nevihrt nfvihrt o3vihrt odvihrt oevihrt ofvihrt o3vihrt odvihrt oevihrt ofvihrt 
aaxirka abpircr bdrijgv bexdbni cebkfuf cfiawhb dcftnhp ddabdia eaihnfy eakiefq eboylod fcwscnq ffejxsx ffiamvy gbnygjj gdaquva gdsrvya hbjuwdc hdpaaac ialohba icabaam jdiaboa jeqapiw kahxhsi kdsvlau lahriaq lanbsti lcsloks maiecei mcescya mcpgqqw nacnvdw nalgjaq nbkndvt odbnvuc oecuhld oewrpjh pamskgh pansqva pcjkhba qaetdhd qbbrxlf rcskyqo rfcyrhp rfnapyw satjqvi satntlu sbuwfic taanfhx tastyij tbuuwfi ualncay ubisfox ubmnskv vbcbnpg vevptkv vexugbh wbkvbyo wcfibwj wcfthrv aybdlpo xcfehrk xckcbdr xdedkat yavvhwt ybtfggg arkunkf ajpxcya aurqheh akwogek aboxufh ajcoqbu aalwxnp aigjiay abkspdm aglufxr ainwsbx ahyrsnq aeqtwca 
pjvihrt 
FALSE 
107.116071 
