FALSE 



ialqeck ibhnoor qsnghsi uxvytdk vapaqsd 
108.897959 
FALSE 

djuccel elvelaq ialqeck ibhnoor mdvdqbg njsrbkw piotjgs qicgdjv qsnghsi rdwhyii uxvytdk vapaqsd vnhpija wlijggh ygtefux 


djuccel elvelaq fyapcps ialqeck ibhnoor kwveioo mdvdqbg njsrbkw piotjgs qicgdjv qsnghsi rdwhyii uhmauly uxvytdk vapaqsd vnhpija wlijggh ygtefux 
djuccel elvelaq fyapcps ialqeck ibhnoor kwveioo mdvdqbg njsrbkw nylfgra ojchqfr piotjgs qicgdjv qsnghsi rdwhyii uhmauly uxvytdk vapaqsd vnhpija wlijggh ygtefux 
djuccel dqexuaq elvelaq fyapcps gyvqavs ialqeck ianyhra ibhnoor kwveioo lampnmo lroynmk mdvdqbg msixwci nbaybck njsrbkw ojchqfr piotjgs qicgdjv qsnghsi rdwhyii rwymkfx ssbpmfp uhmauly uxvytdk vapaqsd vnhpija wlijggh ygtefux 
TRUE 
djqsryb djuccel dqexuaq elvelaq fyapcps gyvqavs hwwqgcp ialqeck ianyhra ibhnoor kwveioo lampnmo lroynmk mdvdqbg msixwci nbaybck njsrbkw ojchqfr piotjgs qicgdjv qsnghsi rdwhyii rwymkfx skvwldo ssbpmfp uhmauly unmcywa vapaqsd vnhpija wlijggh ygtefux yodqqmb 
FALSE 
djqsryb djuccel dqexuaq elvelaq fyapcps gijhndj gyvqavs hwwqgcp ialqeck ianyhra ibhnoor kwveioo lampnmo lroynmk mdvdqbg msixwci nbaybck njsrbkw ojchqfr ouksecv piotjgs pvxjhqv qicgdjv qrpdyta rdwhyii rwymkfx skvwldo ssbpmfp uhmauly unmcywa vapaqsd vnhpija wlijggh ygtefux yodqqmb 




FALSE 



apjgxix arlwmop budqgtu cqtqepy djqsryb djuccel dqexuaq ejbnxjl elvelaq fyapcps gijhndj gyvqavs hoyyrek hwwqgcp ialqeck ianyhra ibhnoor kwveioo lampnmo lroynmk mdvdqbg msixwci nbaybck njsrbkw oawknnb ojchqfr piotjgs pjdwpqu qicgdjv qrpdyta rdwhyii rwymkfx skvwldo ssbpmfp uhmauly unmcywa vapaqsd vnhpija wlijggh xdjwaao xvvjmiw yejuviq ygtefux aalxplo ahdsthy 


apjgxix arlwmop budqgtu cqtqepy cxfwlax djqsryb djuccel dqexuaq ejbnxjl elvelaq fyapcps gijhndj gvlgoaw hoyyrek hwwqgcp ialqeck ianyhra ibhnoor kwveioo lampnmo lroynmk mdvdqbg msixwci nbaybck njsrbkw oawknnb ojchqfr piotjgs pjdwpqu qicgdjv qrpdyta rdwhyii runadea skvwldo ssbpmfp uhmauly unmcywa vapaqsd vnhpija wlijggh xdjwaao xvvjmiw yejuviq ygtefux aalxplo ahdsthy 
FALSE 
aedelkf apjgxix budqgtu cerrilv cqtqepy djqsryb djuccel dqexuaq ejbnxjl elvelaq fyapcps gijhndj gnenppx hhcduab hoyyrek ialqeck ianyhra ibhnoor kwveioo lampnmo lroynmk mdvdqbg msixwci nbaybck njsrbkw oawknnb ojchqfr piotjgs pjdwpqu qicgdjv qrpdyta rdwhyii runadea skvwldo ssbpmfp ugqqnav uhmauly vapaqsd vnhpija wlijggh wugydvx xdjwaao xvvjmiw yejuviq ygtefux aalxplo ahdsthy axbahio 
FALSE 
aedelkf apjgxix budqgtu cerrilv cqtqepy djqsryb djuccel dqexuaq ejbnxjl elvelaq fyapcps gijhndj gnenppx hhcduab hoyyrek ialqeck ianyhra ibhnoor kwveioo lampnmo lroynmk mdvdqbg msixwci nbaybck njsrbkw oawknnb ojchqfr piotjgs pjdwpqu qicgdjv qrpdyta rdwhyii runadea skvwldo ssbpmfp ugqqnav uhmauly vapaqsd vnhpija wlijggh wugydvx xdjwaao xvljikf xvvjmiw yejuviq ygtefux aalxplo ahdsthy axbahio aawnskt 
TRUE 
aedelkf apjgxix budqgtu cerrilv cqtqepy djqsryb djuccel dqexuaq ejbnxjl elvelaq fyapcps gijhndj gnenppx hhcduab hoyyrek ialqeck ianyhra ibhnoor kwveioo lampnmo lroynmk mdvdqbg msixwci nbaybck njsrbkw oawknnb ojchqfr piotjgs pjdwpqu qicgdjv qrpdyta rdwhyii runadea skvwldo ssbpmfp ugqqnav uhmauly vapaqsd vnhpija wlijggh wugydvx xdjwaao xvljikf xvvjmiw yejuviq ygtefux aalxplo ahdsthy axbahio aawnskt 


108.115385 



lampnmo lampnmo 
kwveioo kxmekbs 
aacuufr aedelkf bkfasms budqgtu cerrilv cfeotae ddickjb djqsryb djuccel ejbnxjl elvelaq elyiumo fknmbgn fwnkkti gfeqkbd gijhndj hhcduab hoyyrek ialqeck ianyhra ibhnoor kecixmy kqnjaxa lampnmo lroynmk mdvdqbg mdadfnd mnbwkdg nbaybck nipdlau oawknnb ofwbwsa pglkhxr piotjgs qicgdjv qrpdyta rdmanid rdwhyii runadea senpuvj skvwldo tntyvcp ugqqnav uhmauly vapaqsd vbncaff wlijggh wugydvx xdjwaao xsvudsi yejuviq ygtefux aalxplo ahdsthy axbahio aawnskt 
FALSE 
msixwci 

FALSE 



aacuufr aedelkf bkfasms budqgtu cerrilv cfeotae ddickjb djqsryb djuccel ejbnxjl elvelaq elyiumo fknmbgn fnlhyif gfeqkbd gijhndj hhcduab hoyyrek ialqeck ianyhra ibhnoor kecixmy knlvdcr lampnmo lroynmk mdvdqbg mdadfnd mnbwkdg nbaybck nhdwiaa oawknnb ofwbwsa pglkhxr piotjgs qicgdjv qrpdyta rdmanid rdwhyii rngnmjs senpuvj skvwldo tjjkoec tntyvcp ugqqnav uhmauly vapaqsd vbncaff wlijggh wugydvx xdjwaao xsvudsi yejuviq ygtefux aalxplo ahdsthy axbahio aawnskt aijfrfr 


aacuufr aedelkf bkfasms budqgtu cerrilv cfeotae ddickjb djqsryb djuccel ejbnxjl elvelaq elyiumo fknmbgn fnlhyif gfeqkbd gijhndj hhcduab hoyyrek ialqeck ianyhra ibhnoor kecixmy knlvdcr lampnmo lroynmk mdvdqbg mdadfnd mnbwkdg nbaybck nhdwiaa oawknnb ofwbwsa pglkhxr piotjgs qicgdjv qrpdyta rdmanid rdwhyii rngnmjs senpuvj skvwldo tjjkoec tntyvcp ugqqnav uhmauly vapaqsd vbncaff wlijggh wugydvx xdjwaao xsvudsi yejuviq ygtefux aalxplo ahdsthy axbahio aawnskt aijfrfr 
aacuufr aedelkf bkfasms budqgtu cerrilv cfeotae ddickjb djqsryb djuccel ejbnxjl elvelaq elyiumo fjvgype fknmbgn gfeqkbd gijhndj hhcduab hoyyrek ialqeck ianyhra ibhnoor kecixmy knlvdcr lampnmo lroynmk mdvdqbg mdadfnd mnbwkdg napwfww nbaybck oawknnb oecycaf pglkhxr piotjgs qicgdjv qrpdyta rdmanid rdwhyii rngnmjs senpuvj skvwldo tjjkoec tntyvcp ubvpxoy ugqqnav vapaqsd vbncaff wlijggh wugydvx xdjwaao xsvudsi yejuviq ygtefux aalxplo ahdsthy axbahio aawnskt aijfrfr 

aacuufr aedelkf bkfasms budqgtu cerrilv cfeotae ddickjb djqsryb djuccel ejbnxjl elvelaq elyiumo fjvgype fknmbgn gfeqkbd gijhndj hhcduab hoyyrek ialqeck ianyhra ibhnoor kecixmy knlvdcr lampnmo lffjvda mdvdqbg mdadfnd mnbwkdg napwfww nbaybck oawknnb oecycaf pglkhxr piotjgs qicgdjv qrpdyta rdmanid rdwhyii rngnmjs senpuvj skvwldo tjjkoec tntyvcp ubvpxoy ugqqnav vapaqsd vbncaff wlijggh wugydvx xdjwaao xsvudsi yejuviq ygtefux aalxplo ahdsthy axbahio aawnskt aijfrfr 



b8nviyb btnviyb bunviyb bvnviyb 
107.545238 
FALSE 
hoyyrek 

107.301339 
tntyvcp topubgy unmcywa vnhpija voeqqvo vnhpija voeqqvo 
rngnmjs soochdl soochdl 
FALSE 
uxvytdk uyvcmqh vwdyedc vxgxqhg vwdyedc vxgxqhg 
jdbveyb jdxxaah 


yraavlf 
107.324675 

ialqeck ianyhra 

aacuufr abaqixa bkfasms blnviyb cerrilv cfeotae ddickjb dirrdar ejbnxjl elsekve elvelaq fdkxvha fjerykr fjvgype gfeqkbd gijhndj hawvcwq hcnmima ialqeck ianyhra ibhnoor jdbveyb jdxxaah jeacnvk kecixmy kecmsaf knlotir knlvdcr lampnmo lffjvda mdvdqbg mdadfnd mnbwkdg mnloste napwfww nbaybck oawknnb oecycaf pglkhxr piotjgs qbvvwxg qicgdjv rdmanid rdwhyii rngnmjs sauwicq scclxrl tgnorsx tgagcmq tjjkoec ubvpxoy udhncod vapaqsd vbncaff wlijggh wugydvx xcfiadr xdjwaao yatbpjl yejuviq aalxplo ahdsthy axbahio aawnskt aijfrfr aawecpk actrowy abbluij 
aacuufr abaqixa bkfasms blnviyb cerrilv cfeotae ddickjb dirrdar ejbnxjl elsekve elvelaq fdkxvha fjerykr fjvgype gfeqkbd gijhndj hawvcwq hcnmima ialqeck ianyhra ibhnoor jdbveyb jdxxaah jeacnvk kecixmy kecmsaf knlotir knlvdcr lampnmo lffjvda mdvdqbg mdadfnd mnbwkdg mnloste napwfww nbaybck oawknnb oecycaf pglkhxr piotjgs qbvvwxg qicgdjv rdmanid rdwhyii rngnmjs sauwicq scclxrl tgnorsx tgagcmq tjjkoec ubvpxoy udhncod vapaqsd vbncaff wlijggh wugydvx xcfiadr xdjwaao yatbpjl yejuviq aalxplo ahdsthy axbahio aawnskt aijfrfr aawecpk actrowy abbluij 

FALSE 
FALSE 

aacuufr abaqixa bhpimkq bkfasms cerrilv cfeotae ddickjb dirrdar eipneto ejbnxjl fdkxvha fjerykr fjvgype gfeqkbd gijhndj hawvcwq hcnmima ialqeck ianyhra ibhnoor jcxiyga jdbveyb jdxxaah kecixmy kecmsaf knlotir knlvdcr lampnmo lffjvda mdvdqbg mdadfnd mnbwkdg mnloste napwfww nbaybck oawknnb oecycaf pglkhxr piotjgs qbvvwxg qicgdjv rdmanid rdwhyii rikcrxs sauwicq scclxrl tgnorsx tgagcmq tjjkoec ubvpxoy udhncod vapaqsd vbncaff wlijggh wugydvx xcfiadr xdjwaao yatbpjl ycdlxiu aalxplo ahdsthy axbahio aawnskt aijfrfr aawecpk actrowy abbluij ablrgcf awbphjx 
107.217391 
107.217391 
guqlspq gvlgoaw i8jqwav i8ampvv itjqwav itampvv iujqwav iuampvv ivjqwav ivampvv i8jqwav i8ampvv itjqwav itampvv iujqwav iuampvv ivjqwav ivampvv 
napwfww nbaybck oawknnb oawknnb 
FALSE 
aacuufr abaqixa bhpimkq bkfasms cerrilv cfeotae ddickjb dirrdar ebyopvf eipneto fdkxvha femfcqf gfeqkbd gijhndj hawvcwq hcnmima ialqeck ianyhra ibhnoor jcxiyga jdbveyb jdxxaah kecixmy kecmsaf knlotir knlvdcr lampnmo lffjvda mdvdqbg mdadfnd mnbwkdg mnloste napwfww nbaybck oawknnb odiamlr pglkhxr piotjgs qbvvwxg qicgdjv rdmanid rdwhyii rikcrxs sauwicq scclxrl tgnorsx tgagcmq tjjkoec ubvpxoy udhncod udlfbqm vapaqsd vbncaff wlijggh wugydvx xcfiadr xdjwaao yatbpjl ycdlxiu aalxplo ahdsthy axbahio aawnskt aijfrfr aawecpk actrowy abbluij ablrgcf awbphjx 
p7jrqos ppjrqos pqjrqos prjrqos psjrqos qrpdyta qshimlx qsnghsi spfcams sqafcga ssbpmfp spfcams sqafcga ssbpmfp 
aacuufr abaqixa bhpimkq bkfasms cerrilv cfeotae ddickjb dirrdar ebyopvf eipneto fdkxvha femfcqf gfeqkbd gijhndj hawvcwq hcnmima ialqeck ianyhra ibhnoor jcxiyga jdbveyb jdxxaah kecixmy kecmsaf knlotir knlvdcr lampnmo lffjvda mdvdqbg mdadfnd mnbwkdg mnloste napwfww nbaybck oawknnb odiamlr pglkhxr piotjgs qbvvwxg qicgdjv rdmanid rdwhyii rikcrxs sauwicq scclxrl tgnorsx tgagcmq tjjkoec ubvpxoy udhncod udlfbqm vapaqsd vbncaff wlijggh wugydvx xcfiadr xdjwaao yatbpjl ycdlxiu aalxplo ahdsthy axbahio aawnskt aijfrfr aawecpk actrowy abbluij ablrgcf awbphjx 
hhcduab 
wugydvx xvljikf xvvjmiw yvneqdn 
FALSE 
aacuufr abaqixa bhpimkq bkfasms cerrilv cfeotae ddickjb dirrdar ebyopvf eipneto fdkxvha femfcqf gcxtvay gfeqkbd hawvcwq hcnmima ialqeck ianyhra ibhnoor jcxiyga jdbveyb jdxxaah kecixmy kecmsaf knlotir knlvdcr lampnmo lffjvda mdlbsgv mdvdqbg mhlwkty napwfww nbaybck oawknnb odiamlr pglkhxr piotjgs qbvvwxg qhyxutt rcevfvg rcgelya rdmanid rdwhyii sauwicq scclxrl tgnorsx tgagcmq tjjkoec ubvpxoy udhncod udlfbqm vapaqsd vbncaff wjpqwog wlijggh xcfiadr xdjwaao yatbpjl ycdlxiu aalxplo ahdsthy axbahio aawnskt aijfrfr aawecpk actrowy abbluij ablrgcf awbphjx 


fpmqeps 
gaxfxwh gcxtvay hawvcwq hbsrfir hcnmima i2jqwav i2ampvv ialqeck ianyhra ibhnoor icjqwav icampvv i2jqwav i2ampvv ialqeck ianyhra ibhnoor icjqwav icampvv 
aacuufr abaqixa banktle bhpimkq cerrilv cfeotae ddickjb dirrdar ebyopvf eipneto fdkxvha femfcqf gcxtvay gfeqkbd hawvcwq hbsrfir ialqeck ianyhra ibhnoor jcxiyga jdbveyb jdxxaah kbtygxa kecixmy kecmsaf lampnmo lffjvda mdlbsgv mdvdqbg mhhjuwa mhlwkty napwfww nbaybck oawknnb odiamlr pglkhxr piotjgs qbvvwxg qbwrnuw qhyxutt rcevfvg rcgelya rdmanid rdwhyii sauwicq scclxrl tgnorsx tgagcmq tjjkoec ubvpxoy udhncod udlfbqm vapaqsd vbncaff wjpqwog wlijggh xcfiadr xdjwaao yatbpjl ycdlxiu aalxplo ahdsthy axbahio aawnskt aijfrfr aawecpk actrowy abbluij ablrgcf awbphjx 

aacuufr abaqixa banktle bhpimkq cerrilv cfeotae ddickjb dirrdar ebyopvf eipneto fdkxvha femfcqf gcxtvay gfeqkbd hawvcwq hbsrfir ialqeck ianyhra ibhnoor jcxiyga jdbveyb jdxxaah kbtygxa kecixmy kecmsaf lampnmo lffjvda mdlbsgv mdvdqbg mhhjuwa mhlwkty napwfww nbaybck oawknnb odiamlr pglkhxr piotjgs qbvvwxg qbwrnuw qhyxutt rcevfvg rcgelya rdmanid rdwhyii sauwicq scclxrl tgnorsx tgagcmq tjjkoec ubvpxoy udhncod udlfbqm vapaqsd vbncaff wjpqwog wlijggh xcfiadr xdjwaao yatbpjl ycdlxiu aalxplo ahdsthy axbahio aawnskt aijfrfr aawecpk actrowy abbluij ablrgcf awbphjx 
aacuufr abaqixa banktle bhpimkq cerrilv cfeotae ddickjb dirrdar ebyopvf eipneto fdkxvha femfcqf gcxtvay gfeqkbd hawvcwq hbsrfir ialqeck ianyhra ibhnoor jcxiyga jdbveyb jdxxaah kbtygxa kecixmy kecmsaf lampnmo lffjvda mdlbsgv mdvdqbg mhhjuwa mhlwkty napwfww nbaybck oawknnb odiamlr pglkhxr piotjgs qbvvwxg qbwrnuw qhyxutt rcevfvg rcgelya rdmanid rdwhyii sauwicq scclxrl tgnorsx tgagcmq tjjkoec ubvpxoy udhncod udlfbqm vapaqsd vbncaff wjpqwog wlijggh xcfiadr xdjwaao yatbpjl ycdlxiu aalxplo ahdsthy axbahio aawnskt aijfrfr aawecpk actrowy abbluij ablrgcf awbphjx 
107.350101 

m6hjuwa m6lwkty mmhjuwa mmlwkty mnhjuwa mnlwkty mohjuwa molwkty omdxddc ommpouv omdxddc ommpouv 
aacuufr abaqixa banktle bhpimkq cerrilv cfeotae ddgfdiq ddickjb dirrdar ebyopvf eipneto fdkxvha femfcqf gcxtvay gfeqkbd hawvcwq hbsrfir ialqeck ianyhra ibhnoor jcxiyga jdbveyb jdxxaah kbtygxa kecixmy kecmsaf lampnmo lffjvda mdlbsgv mdvdqbg mhhjuwa mhlwkty napwfww nbaybck oawknnb odiamlr pbgvdta pglkhxr qbvvwxg qbwrnuw qhyxutt rcevfvg rcgelya rdmanid rdwhyii sauwicq scclxrl tgnorsx tgagcmq tjjkoec ubvpxoy udhncod udlfbqm vapaqsd vbncaff wjpqwog wlijggh xcfiadr xdjwaao yatbpjl ycdlxiu aalxplo ahdsthy axbahio aawnskt aijfrfr aawecpk actrowy abbluij ablrgcf awbphjx 
jxjvcjn kwveioo kxkqrlb kxmekbs 
gppssml gqqbyqj hqimegx i7jqwav i7ampvv ipjqwav ipampvv iqjqwav iqampvv irjqwav irampvv isjqwav isampvv i7jqwav i7ampvv ipjqwav ipampvv iqjqwav iqampvv irjqwav irampvv isjqwav isampvv 
107.350101 
aacuufr abaqixa banktle bhpimkq cerrilv cfeotae ddgfdiq ddickjb dirrdar ebyopvf eipneto fdkxvha femfcqf gcxtvay gfeqkbd hawvcwq hbsrfir ialqeck ianyhra ibhnoor jcxiyga jdbveyb jdxxaah kbtygxa kecixmy kecmsaf lampnmo lffjvda mdlbsgv mdvdqbg mhhjuwa mhlwkty napwfww nbaybck oawknnb odiamlr pbgvdta pglkhxr qbvvwxg qbwrnuw qhyxutt rcevfvg rcgelya rdmanid rdwhyii sauwicq scclxrl tgnorsx tgagcmq tjjkoec ubvpxoy udhncod udlfbqm vapaqsd vbncaff wjpqwog wlijggh xcfiadr xdjwaao yatbpjl ycdlxiu aalxplo ahdsthy axbahio aawnskt aijfrfr aawecpk actrowy abbluij ablrgcf awbphjx 
aacuufr abaqixa banktle bhpimkq cerrilv cfeotae ddgfdiq ddickjb dirrdar ebyopvf eipneto fdkxvha femfcqf gccddlh gcxtvay gfeqkbd hawvcwq hbsrfir ialqeck ianyhra ibhnoor jcxiyga jdbveyb jdxxaah kbtygxa kecixmy kecmsaf lampnmo lffjvda mdlbsgv mdvdqbg mhhjuwa mhlwkty napwfww nbaybck oawknnb odiamlr pbgvdta pglkhxr qbvvwxg qbwrnuw qhyxutt rcevfvg rcgelya rdmanid rdwhyii sauwicq scclxrl tgnorsx tgagcmq tjjkoec ubvpxoy udhncod udlfbqm vapaqsd vbncaff wiaghqc wjpqwog xcfiadr xdjwaao yatbpjl ycdlxiu aalxplo ahdsthy axbahio aawnskt aijfrfr aawecpk actrowy abbluij ablrgcf awbphjx 
aedelkf 
aacuufr abaqixa banktle bhpimkq cerrilv cfeotae ddgfdiq ddickjb dirrdar ebyopvf eipneto fdkxvha femfcqf gccddlh gcxtvay gfeqkbd hawvcwq hbsrfir ialqeck ianyhra ibhnoor jcxiyga jdbveyb jdxxaah kbtygxa kecixmy kecmsaf lampnmo lffjvda mdlbsgv mdvdqbg mhhjuwa mhlwkty napwfww nbaybck oawknnb odiamlr pbgvdta pglkhxr qbvvwxg qbwrnuw qhyxutt rcevfvg rcgelya rdmanid rdwhyii sauwicq scclxrl tgnorsx tgagcmq tjjkoec ubvpxoy udhncod udlfbqm vapaqsd vbncaff wiaghqc wjpqwog xcfiadr xdjwaao yatbpjl ycdlxiu aalxplo ahdsthy axbahio aawnskt aijfrfr aawecpk actrowy abbluij ablrgcf awbphjx 
aacuufr abaqixa abicgkn banktle bhpimkq cerrilv cfeotae ddgfdiq ddickjb dirrdar ebyopvf eipneto fdkxvha femfcqf gaqblhq gccddlh gcxtvay hawvcwq hbsrfir ialqeck ianyhra ibhnoor jcxiyga jdbveyb jdxxaah kbtygxa kecixmy kecmsaf lampnmo lffjvda mdlbsgv mdvdqbg mhhjuwa mhlwkty napwfww nbaybck oawknnb odiamlr pbgvdta pglkhxr qbvvwxg qbwrnuw qhyxutt rcevfvg rcgelya rdmanid rdwhyii sauwicq scclxrl tgnorsx tgagcmq tjjkoec ubvpxoy udhncod udlfbqm vapaqsd vbncaff wiaghqc wjpqwog xcfiadr xdjwaao yatbpjl ycdlxiu aalxplo ahdsthy axbahio aawnskt aijfrfr aawecpk actrowy abbluij ablrgcf awbphjx 
klbrnpp klpvako llvrrua llvrrua 
mfhjuwa mflwkty 

gnenppx gocbdvc hmarvah hoyyrek i6jqwav i6ampvv imjqwav imampvv injqwav inampvv iojqwav ioampvv i6jqwav i6ampvv imjqwav imampvv injqwav inampvv iojqwav ioampvv 

FALSE 
jhuyaag kifaurw lgajggi lgajggi 
FALSE 
aacuufr abaqixa abicgkn banktle bdgdfev cerrilv cfeotae ddgfdiq ddickjb dirrdar ebyopvf eipneto fdkxvha femfcqf gaqblhq gccddlh gcxtvay hawvcwq hbqqicb hbsrfir ialqeck ianyhra ibhnoor jcxiyga jdbveyb jdxxaah kbtygxa kcdoiab lampnmo lffjvda mdlbsgv mdvdqbg mhhjuwa mhlwkty napwfww nbaybck oawknnb odiamlr pbgvdta peahvcu qbvvwxg qbwrnuw qhyxutt rcevfvg rcgelya rdmanid rdwhyii sauwicq scclxrl tcadafb tgnorsx tgagcmq ubvpxoy udhncod udlfbqm vapaqsd vbncaff waexkqb wiaghqc xatdaxg xcfiadr yatbpjl ycdlxiu aalxplo ahdsthy axbahio aawnskt aijfrfr aawecpk actrowy abbluij ablrgcf awbphjx asgkdjt aiqaakv 
aacuufr abaqixa abicgkn banktle bdgdfev cerrilv cfeotae ddgfdiq ddickjb dirrdar ebyopvf eipneto fdkxvha femfcqf gaqblhq gccddlh gcxtvay hawvcwq hbqqicb hbsrfir ialqeck ianyhra ibhnoor jcxiyga jdbveyb jdxxaah kbtygxa kcdoiab lampnmo lffjvda mdlbsgv mdvdqbg mhhjuwa mhlwkty napwfww nbaybck oawknnb odiamlr pbgvdta peahvcu qbvvwxg qbwrnuw qhyxutt rcevfvg rcgelya rdmanid rdwhyii sauwicq scclxrl tcadafb tgnorsx tgagcmq ubvpxoy udhncod udlfbqm vapaqsd vbncaff waexkqb wiaghqc xatdaxg xcfiadr yatbpjl ycdlxiu aalxplo ahdsthy axbahio aawnskt aijfrfr aawecpk actrowy abbluij ablrgcf awbphjx asgkdjt aiqaakv 
p3ahvcu pdahvcu peahvcu pfahvcu rdmanid rdwhyii sdcnvpr sectunv senpuvj sdcnvpr sectunv senpuvj 
rjnooov 
p5ahvcu pjahvcu pkahvcu plahvcu rjnooov skvwldo skvwldo 
aacuufr abaqixa abicgkn banktle bdgdfev cerrilv cfeotae ddgfdiq ddickjb dirrdar ebyopvf eipneto eisawyx fdkxvha femfcqf gaqblhq gccddlh gcxtvay hawvcwq hbqqicb hbsrfir ialqeck ianyhra ibhnoor jcxiyga jdbveyb jdxxaah kbtygxa kcdoiab lampnmo lffjvda mdlbsgv mdvdqbg mhhjuwa mhlwkty napwfww nbaybck oawknnb odiamlr pbgvdta peahvcu qbvvwxg qbwrnuw qhyxutt rcevfvg rcgelya rdmanid rdwhyii sauwicq scclxrl tcadafb tgnorsx tgagcmq ubvpxoy udhncod udlfbqm vapaqsd vbncaff waexkqb wiaghqc xatdaxg xcfiadr yatbpjl ycdlxiu aalxplo ahdsthy axbahio aawnskt aijfrfr aawecpk actrowy abbluij ablrgcf awbphjx asgkdjt aiqaakv adtwtom 
aacuufr abaqixa abicgkn banktle bdgdfev cerrilv cfeotae ddgfdiq ddickjb dirrdar ebyopvf eipneto eisawyx fdkxvha femfcqf gaqblhq gccddlh gcxtvay hawvcwq hbqqicb hbsrfir ialqeck ianyhra ibhnoor jcxiyga jdbveyb jdxxaah kbtygxa kcdoiab lampnmo lffjvda mdlbsgv mdvdqbg mhhjuwa mhlwkty napwfww nbaybck oawknnb odiamlr pbgvdta peahvcu qbvvwxg qbwrnuw qhyxutt rcevfvg rcgelya rdmanid rdwhyii sauwicq scclxrl tcadafb tgnorsx tgagcmq ubvpxoy udhncod udlfbqm vapaqsd vbncaff waexkqb wiaghqc xatdaxg xcfiadr yatbpjl ycdlxiu aalxplo ahdsthy axbahio aawnskt aijfrfr aawecpk actrowy abbluij ablrgcf awbphjx asgkdjt aiqaakv adtwtom 
foreeyg 
mohjuwa molwkty 
106.975881 
aacuufr abaqixa abicgkn banktle bdgdfev cerrilv cfeotae ddgfdiq ddickjb dirrdar ebyopvf eipneto eisawyx fdkxvha femfcqf gaqblhq gccddlh gcxtvay hawvcwq hbqqicb hbsrfir ialqeck ianyhra ibhnoor jcxiyga jdbveyb jdxxaah kbtygxa kcdoiab lampnmo lffjvda mdlbsgv mdvdqbg mhhjuwa mhlwkty napwfww nbaybck oawknnb odiamlr pbgvdta peahvcu qbvvwxg qbwrnuw qhyxutt rcevfvg rcgelya rdmanid rdwhyii sauwicq scclxrl tcadafb tgnorsx tgagcmq ubvpxoy udhncod udlfbqm vapaqsd vbncaff waexkqb wiaghqc xatdaxg xcfiadr yatbpjl ycdlxiu aalxplo ahdsthy axbahio aawnskt aijfrfr aawecpk actrowy abbluij ablrgcf awbphjx asgkdjt aiqaakv adtwtom 
v1nmuwx v1nmuwx 
aacuufr abaqixa abicgkn banktle bdgdfev cerrilv cfeotae ddgfdiq ddickjb dirrdar ebyopvf eipneto eisawyx fdkxvha femfcqf gaqblhq gccddlh gcxtvay hawvcwq hbqqicb hbsrfir ialqeck ianyhra ibhnoor jcxiyga jdbveyb jdxxaah kbtygxa kcdoiab lampnmo lffjvda mdlbsgv mdvdqbg mhhjuwa mhlwkty napwfww nbaybck oawknnb odiamlr pbgvdta peahvcu qbvvwxg qbwrnuw qhyxutt rcevfvg rcgelya rdmanid rdwhyii sauwicq scclxrl tcadafb tgnorsx tgagcmq ubvpxoy udhncod udlfbqm vapaqsd vbncaff waexkqb wiaghqc xatdaxg xcfiadr yatbpjl ycdlxiu aalxplo ahdsthy axbahio aawnskt aijfrfr aawecpk actrowy abbluij ablrgcf awbphjx asgkdjt aiqaakv adtwtom 

djcmjdv djqsryb dkycdmh ejbnxjl elsekve elvelaq fjerykr fjvgype fknmbgn fjerykr fjvgype fknmbgn 
aacuufr abaqixa abicgkn banktle bdgdfev cerrilv cfeotae ddgfdiq ddickjb dirrdar ebyopvf eipneto eisawyx fdkxvha femfcqf gaqblhq gccddlh gcxtvay hawvcwq hbqqicb hbsrfir ialqeck ianyhra ibhnoor jcxiyga jdbveyb jdxxaah kbtygxa kcdoiab lampnmo lffjvda mdlbsgv mdvdqbg mhhjuwa mhlwkty napwfww nbaybck oawknnb odiamlr pbgvdta peahvcu qauohxr qbvvwxg qbwrnuw rcevfvg rcgelya rdmanid rdwhyii sauwicq scclxrl tcadafb tgnorsx tgagcmq ubvpxoy udhncod udlfbqm vapaqsd vbncaff waexkqb wiaghqc xatdaxg xcfiadr yatbpjl ycdlxiu aalxplo ahdsthy axbahio aawnskt aijfrfr aawecpk actrowy abbluij ablrgcf awbphjx asgkdjt aiqaakv adtwtom 
TRUE 

blmlfln blnviyb 
TRUE 
aacuufr abaqixa abicgkn banktle bdgdfev cerrilv cfeotae ddgfdiq ddickjb dirrdar ebyopvf eipneto eisawyx fdkxvha femfcqf gaqblhq gbdatlr hawvcwq hbqqicb hbsrfir ialqeck ianyhra ibhnoor ibpsvie jahxpag jckgghc jcxiyga kbtygxa kcdoiab lampnmo lffjvda mdlbsgv mdvdqbg mggfkru napwfww nbaybck oawknnb odiamlr pbgvdta pdftcmr qauohxr qbvvwxg qbwrnuw rcevfvg rcgelya rdmanid rdwhyii sauwicq scclxrl tcadafb tgnorsx tgagcmq ubvpxoy udhncod udlfbqm vapaqsd vbncaff waexkqb wiaghqc xatdaxg xcfiadr yatbpjl ycdlxiu aalxplo ahdsthy axbahio aawnskt aijfrfr aawecpk actrowy abbluij ablrgcf awbphjx asgkdjt aiqaakv adtwtom 
aacuufr abaqixa abicgkn banktle bdgdfev cerrilv cfeotae ddgfdiq ddickjb dirrdar ebyopvf eipneto eisawyx fdkxvha femfcqf gaqblhq gbdatlr hawvcwq hbqqicb hbsrfir ialqeck ianyhra ibhnoor ibpsvie jahxpag jckgghc jcxiyga kbtygxa kcdoiab lampnmo lffjvda mdlbsgv mdvdqbg mggfkru napwfww nbaybck oawknnb odiamlr pbgvdta pdftcmr qauohxr qbvvwxg qbwrnuw rcevfvg rcgelya rdmanid rdwhyii sauwicq scclxrl tcadafb tgnorsx tgagcmq ubvpxoy udhncod udlfbqm vapaqsd vbncaff waexkqb wiaghqc xatdaxg xcfiadr yatbpjl ycdlxiu aalxplo ahdsthy axbahio aawnskt aijfrfr aawecpk actrowy abbluij ablrgcf awbphjx asgkdjt aiqaakv adtwtom 
aacuufr abaqixa abicgkn banktle bdgdfev cerrilv cfeotae ddgfdiq ddickjb dirrdar ebyopvf eipneto eisawyx fdkxvha femfcqf gaqblhq gbdatlr hawvcwq hbqqicb hbsrfir ialqeck ianyhra ibhnoor ibpsvie jahxpag jckgghc jcxiyga kbtygxa kcdoiab lampnmo lffjvda mdlbsgv mdvdqbg mggfkru napwfww nbaybck oawknnb odiamlr pbgvdta pdftcmr qauohxr qbvvwxg qbwrnuw rcevfvg rcgelya rdmanid rdwhyii sauwicq scclxrl tcadafb tgnorsx tgagcmq ubvpxoy udhncod udlfbqm vapaqsd vbncaff waexkqb wiaghqc xatdaxg xcfiadr yatbpjl ycdlxiu aalxplo ahdsthy axbahio aawnskt aijfrfr aawecpk actrowy abbluij ablrgcf awbphjx asgkdjt aiqaakv adtwtom 
106.813910 
iljqwav ilampvv 

FALSE 
p7ahvcu ppahvcu pqahvcu prahvcu psahvcu qpldrit qqabobs qrpdyta qrvrhif qshimlx qsnghsi rsmqgma s7udaig spfcams sqafcga srudaig ssbpmfp s7udaig spfcams sqafcga srudaig ssbpmfp 
FALSE 
anskjoe b6mlfln b6nviyb bmmlfln bmnviyb bnmlfln bnnviyb bomlfln bonviyb cmekvda cmekvda 
aacuufr aamefqb abaqixa abicgkn banktle bdgdfev cerrilv cfeotae ddgfdiq ddickjb dirrdar ebyopvf eipneto eisawyx fdkxvha femfcqf gaqblhq gbdatlr hawvcwq hbqqicb hbsrfir ialqeck ianyhra ibhnoor ibpsvie jahxpag jckgghc jcxiyga kbtygxa kcdoiab lampnmo lffjvda mdlbsgv mdvdqbg mggfkru napwfww nbaybck oawknnb odiamlr pbgvdta pdftcmr qauohxr qbvvwxg qbwrnuw rcevfvg rcgelya rdmanid rdwhyii sauwicq scclxrl tcadafb tgnorsx tgagcmq ubvpxoy udhncod udlfbqm vapaqsd vbncaff waexkqb wiaghqc xatdaxg xcfiadr yagajtm yatbpjl ycdlxiu ycqnobo aalxplo ahdsthy axbahio aawnskt aijfrfr aawecpk actrowy abbluij ablrgcf awbphjx asgkdjt aiqaakv adtwtom 
d0dwwnv d0jhxtk 
aacuufr aamefqb abaqixa abicgkn banktle bdgdfev cerrilv cfeotae ddgfdiq ddickjb dirrdar ebyopvf eipneto eisawyx fdkxvha femfcqf gaqblhq gbdatlr hawvcwq hbqqicb hbsrfir ialqeck ianyhra ibhnoor ibpsvie jahxpag jckgghc jcxiyga kbtygxa kcdoiab lampnmo lffjvda mdlbsgv mdvdqbg mggfkru napwfww nbaybck oaeajnv oawknnb odiamlr pbgvdta pdftcmr qauohxr qbvvwxg qbwrnuw rcevfvg rcgelya rdmanid rdwhyii sauwicq scclxrl tcadafb tgnorsx tgagcmq ubvpxoy udhncod udlfbqm vapaqsd vbncaff waexkqb wiaghqc xatdaxg xcfiadr yagajtm yatbpjl ycdlxiu ycqnobo aalxplo ahdsthy axbahio aawnskt aijfrfr aawecpk actrowy abbluij ablrgcf awbphjx asgkdjt aiqaakv adtwtom 
aacuufr aamefqb abaqixa abicgkn banktle bdgdfev cerrilv cfeotae ddgfdiq ddickjb dirrdar ebyopvf eipneto eisawyx fdkxvha femfcqf gaqblhq gbdatlr hawvcwq hbqqicb hbsrfir ialqeck ianyhra ibhnoor ibpsvie jahxpag jckgghc jcxiyga kbtygxa kcdoiab lampnmo lffjvda mdlbsgv mdvdqbg mggfkru napwfww nbaybck oaeajnv oawknnb odiamlr pbgvdta pdftcmr qauohxr qbvvwxg qbwrnuw rcevfvg rcgelya rdmanid rdwhyii sauwicq scclxrl tcadafb tgnorsx tgagcmq ubvpxoy udhncod udlfbqm vapaqsd vbncaff waexkqb wiaghqc xatdaxg xcfiadr yagajtm yatbpjl ycdlxiu ycqnobo aalxplo ahdsthy axbahio aawnskt aijfrfr aawecpk actrowy abbluij ablrgcf awbphjx asgkdjt aiqaakv adtwtom 
106.775000 
oaeajnv oawknnb 
aacuufr aamefqb abaqixa abicgkn banktle bdgdfev cerrilv cfeotae ddgfdiq ddickjb dirrdar ebyopvf eipneto eisawyx fdkxvha femfcqf gaqblhq gbdatlr hawvcwq hbqqicb hbsrfir ialqeck ianyhra ibhnoor ibpsvie jahxpag jckgghc jcxiyga kbtygxa kcdoiab lampnmo lffjvda mdlbsgv mdvdqbg mggfkru napwfww nbaybck oaeajnv oawknnb odiamlr pbgvdta pdftcmr qauohxr qbvvwxg qbwrnuw rcevfvg rcgelya rdmanid rdwhyii sauwicq scclxrl tcadafb tgnorsx tgagcmq ubvpxoy ucvaxck vapaqsd vbncaff waexkqb wiaghqc xatdaxg xcfiadr yagajtm yatbpjl ycdlxiu ycqnobo aalxplo ahdsthy axbahio aawnskt aijfrfr aawecpk actrowy abbluij ablrgcf awbphjx asgkdjt aiqaakv adtwtom 
aacuufr aamefqb abaqixa abicgkn banktle bdgdfev cerrilv cfeotae ddgfdiq ddickjb dirrdar ebyopvf ehxnfin fdkxvha femfcqf gaqblhq gbdatlr hawvcwq hbqqicb hbsrfir ialqeck ianyhra ibhnoor ibpsvie jahxpag jckgghc jcxiyga kbtygxa kcdoiab lampnmo lffjvda mdlbsgv mdvdqbg mggfkru napwfww nbaybck oaeajnv oawknnb odiamlr pbgvdta pdftcmr qauohxr qbvvwxg qbwrnuw rcevfvg rcgelya rdmanid rdwhyii sauwicq scclxrl tcadafb tgnorsx tgagcmq ubvpxoy ucvaxck vapaqsd vbncaff waexkqb wiaghqc xatdaxg xcfiadr yagajtm yatbpjl ycdlxiu ycqnobo aalxplo ahdsthy axbahio aawnskt aijfrfr aawecpk actrowy abbluij ablrgcf awbphjx asgkdjt aiqaakv adtwtom 


udhncod udlfbqm v3nmuwx vdnmuwx venmuwx vflgbrc vftjywd v3nmuwx vdnmuwx venmuwx vflgbrc vftjywd 
ugmbkrp ugqqnav 
aacuufr aamefqb abaqixa abicgkn banktle bdgdfev cerrilv cfeotae ddgfdiq ddickjb dirrdar ebyopvf ehxnfin fdkxvha femfcqf gaqblhq gbdatlr hawvcwq hbqqicb hbsrfir ialqeck ianyhra ibhnoor ibpsvie jahxpag jckgghc jcxiyga kbtygxa kcdoiab lampnmo lffjvda mdlbsgv mdvdqbg mggfkru napwfww nbaybck oaeajnv oawknnb odiamlr pbgvdta pdftcmr qauohxr qavxijo qbvvwxg qbwrnuw rcevfvg rcgelya rdmanid rdwhyii sauwicq scclxrl tcadafb tgnorsx tgagcmq ubvpxoy ucvaxck vapaqsd vbncaff waexkqb wiaghqc xatdaxg xcfiadr yagajtm yatbpjl ycdlxiu ycqnobo aalxplo ahdsthy axbahio aawnskt aijfrfr aawecpk actrowy abbluij ablrgcf awbphjx asgkdjt aiqaakv adtwtom amlslvd 
qnfumwq qnramur 
aacuufr aamefqb abaqixa abicgkn banktle bdgdfev cerrilv cfeotae ddgfdiq ddickjb dirrdar ebyopvf ehxnfin fdkxvha femfcqf gaqblhq gbdatlr hawvcwq hbqqicb hbsrfir ialqeck ianyhra ibhnoor ibpsvie jahxpag jckgghc jcxiyga kbtygxa kcdoiab lampnmo lffjvda mdlbsgv mdvdqbg mggfkru napwfww nbaybck oaeajnv oawknnb odiamlr pbgvdta pdftcmr qauohxr qavxijo qbvvwxg qbwrnuw rcevfvg rcgelya rdmanid rdwhyii sauwicq scclxrl tcadafb tgnorsx tgagcmq ubvpxoy ucvaxck vapaqsd vbncaff waexkqb wiaghqc xatdaxg xcfiadr yagajtm yatbpjl ycdlxiu ycqnobo aalxplo ahdsthy axbahio aawnskt aijfrfr aawecpk actrowy abbluij ablrgcf awbphjx asgkdjt aiqaakv adtwtom amlslvd 

aacuufr aamefqb abaqixa abicgkn banktle bdgdfev cerrilv cfeotae ddgfdiq ddickjb dirrdar ebyopvf ehxnfin fdkxvha femfcqf gaqblhq gbdatlr hawvcwq hbqqicb hbsrfir ialqeck ianyhra ibhnoor ibpsvie jahxpag jckgghc jcxiyga kbtygxa kcdoiab lampnmo lffjvda mdlbsgv mdvdqbg mggfkru napwfww nbaybck oaeajnv oawknnb odiamlr pbgvdta pdftcmr qauohxr qavxijo qbvvwxg qbwrnuw rcevfvg rcgelya rdmanid rdwhyii sauwicq scclxrl tcadafb tgnorsx tgagcmq ubvpxoy ucvaxck vapaqsd vbncaff waexkqb wiaghqc xatdaxg xcfiadr yagajtm yatbpjl ycdlxiu ycqnobo aalxplo ahdsthy axbahio aawnskt aijfrfr aawecpk actrowy abbluij ablrgcf awbphjx asgkdjt aiqaakv adtwtom amlslvd arackpl 
FALSE 
aacuufr aamefqb abaqixa abicgkn banktle bdgdfev cerrilv cfeotae ddgfdiq ddickjb dirrdar ebyopvf ehxnfin fdkxvha femfcqf gaqblhq gbdatlr hawvcwq hbqqicb hbsrfir ialqeck ianyhra ibhnoor ibpsvie jahxpag jckgghc jcxiyga kbtygxa kcdoiab lampnmo lffjvda mdlbsgv mdvdqbg mggfkru napwfww nbaybck oaeajnv oawknnb odiamlr pbgvdta pdftcmr qauohxr qavxijo qbvvwxg qbwrnuw rcevfvg rcgelya rdmanid rdwhyii sauwicq scclxrl tcadafb tgnorsx tgagcmq ubvpxoy ucvaxck vapaqsd vbncaff waexkqb wiaghqc xasvwnx xatdaxg xcfiadr yagajtm yatbpjl ycdlxiu ycqnobo aalxplo ahdsthy axbahio aawnskt aijfrfr aawecpk actrowy abbluij ablrgcf awbphjx asgkdjt aiqaakv adtwtom amlslvd arackpl 
aacuufr aamefqb abaqixa abicgkn banktle bdgdfev cerrilv cfeotae ddgfdiq ddickjb dirrdar ebyopvf ehxnfin fdkxvha femfcqf gaqblhq gbdatlr hawvcwq hbqqicb hbsrfir ialqeck ianyhra ibhnoor ibpsvie jahxpag jckgghc jcxiyga kbtygxa kcdoiab lampnmo lffjvda mdlbsgv mdvdqbg mggfkru napwfww nbaybck oaeajnv oawknnb odiamlr pbgvdta pdftcmr qauohxr qavxijo qbvvwxg qbwrnuw rcevfvg rcgelya rdmanid rdwhyii sauwicq scclxrl tcadafb tgnorsx tgagcmq ubvpxoy ucvaxck vapaqsd vbncaff waexkqb wejjigc xasvwnx xatdaxg xcfiadr yagajtm yatbpjl ycdlxiu ycqnobo aalxplo ahdsthy axbahio aawnskt aijfrfr aawecpk actrowy abbluij ablrgcf awbphjx asgkdjt aiqaakv adtwtom amlslvd arackpl 
aacuufr aamefqb abaqixa abicgkn banktle bdgdfev cerrilv cfeotae ddgfdiq ddickjb dirrdar ebyopvf ehxnfin fdkxvha femfcqf gaqblhq gbdatlr hawvcwq hbqqicb hbsrfir ialqeck ianyhra ibhnoor ibpsvie jahxpag jckgghc jcxiyga kbtygxa kcdoiab lampnmo lffjvda mdlbsgv mdvdqbg mggfkru napwfww nbaybck oaeajnv oawknnb odiamlr pbgvdta pctlytm qauohxr qavxijo qbvvwxg qbwrnuw rcevfvg rcgelya rdmanid rdwhyii sauwicq scclxrl tcadafb tgnorsx tgagcmq ubvpxoy ucvaxck vapaqsd vbncaff waexkqb wejjigc xasvwnx xatdaxg xcfiadr yagajtm yatbpjl ycdlxiu ycqnobo aalxplo ahdsthy axbahio aawnskt aijfrfr aawecpk actrowy abbluij ablrgcf awbphjx asgkdjt aiqaakv adtwtom amlslvd arackpl 
aacuufr aamefqb abaqixa abicgkn banktle bdgdfev cerrilv cfeotae ddgfdiq ddickjb dirrdar ebyopvf ehxnfin fdkxvha femfcqf gaqblhq gbdatlr hawvcwq hbqqicb hbsrfir ialqeck ianyhra ibhnoor ibpsvie jahxpag jckgghc jcxiyga kbtygxa kcdoiab lampnmo lffjvda mdlbsgv mdvdqbg mggfkru napwfww nbaybck oaeajnv oawknnb odiamlr pbgvdta pctlytm qauohxr qavxijo qbvvwxg qbwrnuw rcevfvg rcgelya rdmanid rdwhyii sauwicq scclxrl tcadafb tgnorsx tgagcmq ubvpxoy ucvaxck vapaqsd vbncaff waexkqb wejjigc xasvwnx xatdaxg xcfiadr yagajtm yatbpjl ycdlxiu ycqnobo aalxplo ahdsthy axbahio aawnskt aijfrfr aawecpk actrowy abbluij ablrgcf awbphjx asgkdjt aiqaakv adtwtom amlslvd arackpl 
aacuufr aamefqb abaqixa abicgkn banktle bdgdfev cerrilv cfeotae ddgfdiq ddickjb dirrdar ebyopvf ehxnfin fdkxvha femfcqf gaqblhq gbdatlr hawvcwq hbqqicb hbsrfir ialqeck ianyhra ibhnoor ibpsvie jahxpag jckgghc jcxiyga kbtygxa kcdoiab lampnmo lffjvda mbjarmt mdlbsgv mdvdqbg napwfww nbaybck oaeajnv oawknnb odiamlr pbgvdta pctlytm qauohxr qavxijo qbvvwxg qbwrnuw rcevfvg rcgelya rdmanid rdwhyii sauwicq scclxrl tcadafb tgnorsx tgagcmq ubvpxoy ucvaxck vapaqsd vbncaff waexkqb wejjigc xasvwnx xatdaxg xcfiadr yagajtm yatbpjl ycdlxiu ycqnobo aalxplo ahdsthy axbahio aawnskt aijfrfr aawecpk actrowy abbluij ablrgcf awbphjx asgkdjt aiqaakv adtwtom amlslvd arackpl 
aacuufr aamefqb abaqixa abicgkn banktle bdgdfev cerrilv cfeotae ddgfdiq ddickjb dirrdar ebyopvf ehxnfin fdkxvha femfcqf gaqblhq gbdatlr hawvcwq hbqqicb hbsrfir ialqeck ianyhra ibhnoor ibpsvie jahxpag jckgghc jcxiyga kbtygxa kcdoiab lampnmo lffjvda mbjarmt mdlbsgv mdvdqbg napwfww nbaybck oaeajnv oawknnb odiamlr pbgvdta pctlytm qauohxr qavxijo qbvvwxg qbwrnuw rcevfvg rcgelya rdmanid rdwhyii sauwicq scclxrl tcadafb tgnorsx tgagcmq ubvpxoy ucvaxck vapaqsd vbncaff waexkqb wejjigc xasvwnx xatdaxg xcfiadr yagajtm yatbpjl ycdlxiu ycqnobo aalxplo ahdsthy axbahio aawnskt aijfrfr aawecpk actrowy abbluij ablrgcf awbphjx asgkdjt aiqaakv adtwtom amlslvd arackpl 
d2dwwnv d2jhxtk dadwwnv dajhxtk dbdwwnv dbjhxtk dcdwwnv dcjhxtk eaooppd ebyopvf 
m9hjuwa m9lwkty mwhjuwa mwlwkty mxhjuwa mxlwkty myhjuwa mylwkty mzhjuwa mzlwkty nyhwrth nylfgra o9vupcb owvupcb oxvupcb oyvupcb ozvupcb o9vupcb owvupcb oxvupcb oyvupcb ozvupcb 
d2dwwnv d2jhxtk dadwwnv dajhxtk dbdwwnv dbjhxtk dcdwwnv dcjhxtk eaooppd ebyopvf 
aacuufr aamefqb abaqixa abicgkn banktle bdgdfev cerrilv cfeotae ddgfdiq ddickjb dirrdar ebyopvf ehxnfin fdkxvha femfcqf gaqblhq gbdatlr hawvcwq hbqqicb hbsrfir ialqeck ianyhra ibhnoor ibpsvie jahxpag jckgghc jcxiyga kbtygxa kcdoiab lampnmo lffjvda lffqcco mbjarmt mdlbsgv mdvdqbg napwfww nbaybck oaeajnv oawknnb odiamlr pbgvdta pctlytm qauohxr qavxijo qbvvwxg qbwrnuw rcevfvg rcgelya rdmanid rdwhyii sauwicq scclxrl tcadafb tgnorsx tgagcmq ubvpxoy ucvaxck vapaqsd vbncaff waexkqb wejjigc xasvwnx xatdaxg xcfiadr yagajtm yatbpjl ycdlxiu ycqnobo aalxplo ahdsthy axbahio aawnskt aijfrfr aawecpk actrowy abbluij ablrgcf awbphjx asgkdjt aiqaakv adtwtom amlslvd arackpl 
106.876076 
aacuufr aamefqb abaqixa abicgkn banktle bdgdfev cerrilv cfeotae ddgfdiq ddickjb dirrdar ebyopvf ehxnfin fdkxvha femfcqf gaqblhq gbdatlr hawvcwq hbqqicb hbsrfir ialqeck ianyhra ibhnoor ibpsvie jahxpag jckgghc jcxiyga kbtygxa kcdoiab lampnmo lffjvda lffqcco mbjarmt mdlbsgv mdvdqbg napwfww nbaybck oaeajnv oawknnb odiamlr pbgvdta pctlytm qauohxr qavxijo qbvvwxg qbwrnuw rcevfvg rcgelya rdmanid rdwhyii sauwicq scclxrl tcadafb tgnorsx tgagcmq ubvpxoy ucvaxck vapaqsd vbncaff waexkqb wejjigc xasvwnx xatdaxg xcfiadr yagajtm yatbpjl ycdlxiu ycqnobo aalxplo ahdsthy axbahio aawnskt aijfrfr aawecpk actrowy abbluij ablrgcf awbphjx asgkdjt aiqaakv adtwtom amlslvd arackpl 
106.912220 
aacuufr aamefqb abaqixa abicgkn banktle bdgdfev cerrilv cfeotae ddgfdiq ddickjb dhsjwmp ebyopvf ehxnfin fdkxvha femfcqf gaqblhq gbdatlr hawvcwq hbqqicb hbsrfir ialqeck ianyhra ibhnoor ibpsvie jahxpag jckgghc jcxiyga kbtygxa kcdoiab lampnmo lffjvda lffqcco mbjarmt mdlbsgv mdvdqbg napwfww nbaybck oaeajnv oawknnb odiamlr pbgvdta pctlytm qauohxr qavxijo qbvvwxg qbwrnuw rcevfvg rcgelya rdmanid rdwhyii sauwicq scclxrl tcadafb tgnorsx tgagcmq ubvpxoy ucvaxck vapaqsd vbncaff waexkqb wejjigc xasvwnx xatdaxg xcfiadr yagajtm yatbpjl ycdlxiu ycqnobo aalxplo ahdsthy axbahio aawnskt aijfrfr aawecpk actrowy abbluij ablrgcf awbphjx asgkdjt aiqaakv adtwtom amlslvd arackpl 
FALSE 


106.920068 

aacuufr aamefqb abaqixa abicgkn banktle bdgdfev cerrilv cfeotae ddgfdiq ddickjb dhsjwmp ebyopvf ehxnfin fdkxvha femfcqf gaoatwn gaqblhq gbdatlr hawvcwq hbqqicb hbsrfir ialqeck ianyhra ibhnoor ibpsvie jahxpag jckgghc jcxiyga kbtygxa kcdoiab lampnmo lffjvda lffqcco mbjarmt mdlbsgv mdvdqbg napwfww nbaybck oaeajnv oawknnb odiamlr pbgvdta pctlytm qauohxr qavxijo qbvvwxg qbwrnuw rcevfvg rcgelya rdmanid rdwhyii sauwicq scclxrl tcadafb tgnorsx tgagcmq ubvpxoy ucvaxck vapaqsd vbncaff waexkqb wejjigc xasvwnx xatdaxg xcfiadr yagajtm yatbpjl ycdlxiu ycqnobo aalxplo ahdsthy axbahio aawnskt aijfrfr aawecpk actrowy abbluij ablrgcf awbphjx asgkdjt aiqaakv adtwtom amlslvd arackpl 
aacuufr aamefqb 
aacuufr aamefqb abaqixa abicgkn banktle bdgdfev cerrilv cfeotae ddgfdiq ddickjb dhsjwmp ebyopvf ehxnfin fdkxvha femfcqf gaoatwn gaqblhq gbdatlr hawvcwq hbqqicb hbsrfir ialqeck ianyhra ibhnoor ibpsvie jahxpag jckgghc jcxiyga kbtygxa kcdoiab lampnmo lffjvda lffqcco mbjarmt mdlbsgv mdovqiu napwfww nbaybck oaeajnv oawknnb odiamlr pbgvdta pctlytm qauohxr qavxijo qbvvwxg qbwrnuw rcevfvg rcgelya rdmanid rdwhyii sauwicq scclxrl tcadafb tgnorsx tgagcmq ubvpxoy ucvaxck vapaqsd vbncaff waexkqb wejjigc xasvwnx xatdaxg xcfiadr yagajtm yatbpjl ycdlxiu ycqnobo aalxplo ahdsthy axbahio aawnskt aijfrfr aawecpk actrowy abbluij ablrgcf awbphjx asgkdjt aiqaakv adtwtom amlslvd arackpl 
m9hjuwa m9lwkty mwhjuwa mwlwkty mxhjuwa mxlwkty myhjuwa mylwkty mzhjuwa mzlwkty nyhwrth nylfgra o9vupcb owvupcb oxvupcb oyvupcb ozvupcb o9vupcb owvupcb oxvupcb oyvupcb ozvupcb 
d8dwwnv d8jhxtk dtdwwnv dtjhxtk dudwwnv dujhxtk dvdwwnv dvjhxtk fvhfknx fvhfknx 
TRUE 
