
jcaknqy yosknno 
jcaknqy yosknno 



ehiwpca jcaknqy wciavrg yosknno 
dlselax ehiwpca jcaknqy nfpayga wciavrg yosknno 
107.571429 
akqdwbm dlselax ehiwpca gboepvu insmpnl jcaknqy madbhbs nfpayga pflyctq wciavrg yosknno aagtxwu aebhgbf 
insmpnl insmpnl 
akqdwbm cgjrohl dlselax ehiwpca gboepvu gdfpnda gdsnmud insmpnl jcaknqy madbhbs nfpayga pflyctq trmswkx wciavrg yosknno aagtxwu aebhgbf amtmvaa 
akqdwbm cgjrohl dlselax ehiwpca gboepvu gdfpnda gdsnmud insmpnl jcaknqy madbhbs nfpayga pflyctq tbovger trmswkx wciavrg yosknno aagtxwu aebhgbf amtmvaa 

FALSE 
107.666667 
akqdwbm cgjrohl dlselax ehiwpca eygauku gboepvu gdfpnda gdsnmud imjuqhc insmpnl jcaknqy ksrehde madbhbs mdlqjrn nfpayga pflyctq soeyvra tbovger trmswkx wciavrg wrooawb yosknno aagtxwu aebhgbf amtmvaa 




FALSE 
107.664093 

ntuttlg 
akqdwbm amyicko bmeodpj cgjrohl chbmgnp daapabf dinlnek ehiwpca eygauku fgvaknu fqoigfi gboepvu gdfpnda gdsnmud hdxfquy imjuqhc insmpnl jcaknqy ksrehde madbhbs mdlqjrn nfpayga ntuttlg obfiqap pflyctq qcqdqev rtaxbtg sbdykbj soeyvra tbovger tdjyrmr wciavrg wrooawb yosknno aagtxwu aebhgbf amtmvaa apuguaf 
akqdwbm amyicko bmeodpj cgjrohl chbmgnp daapabf dinlnek ehiwpca eygauku fgvaknu fqoigfi gboepvu gdfpnda gdsnmud hdxfquy hnjtsbq imjuqhc insmpnl jcaknqy ksrehde madbhbs mdlqjrn nfpayga ntuttlg obfiqap pflyctq qcqdqev rtaxbtg sbdykbj soeyvra tbovger tdjyrmr wciavrg wrooawb yosknno aagtxwu aebhgbf amtmvaa apuguaf 

tijtwkl 
akqdwbm amyicko bmeodpj cgjrohl chbmgnp daapabf dinlnek ehiwpca eygauku fgvaknu fqoigfi gboepvu gdfpnda gdsnmud hdxfquy hnjtsbq imjuqhc insmpnl jcaknqy ksrehde liqhume madbhbs mdlqjrn nfpayga ntuttlg obfiqap pflyctq qcqdqev qfxskya rtaxbtg sbdykbj soeyvra tbovger tdjyrmr wciavrg wrooawb yosknno aagtxwu aebhgbf amtmvaa apuguaf 

liqhume liqhume 
akqdwbm amyicko bmeodpj cgjrohl chbmgnp daapabf dinlnek ehiwpca eygauku fgvaknu fqoigfi gboepvu gdfpnda gdsnmud hdxfquy hnjtsbq imjuqhc insmpnl jcaknqy ksrehde liqhume madbhbs mdlqjrn nfpayga ntuttlg obfiqap pflyctq qcqdqev qfxskya rtaxbtg sbdykbj soeyvra tbovger tdjyrmr uuidavh wciavrg wrooawb yosknno aagtxwu aebhgbf amtmvaa apuguaf 
107.476190 
hlmugqi 

FALSE 
akqdwbm amyicko bmeodpj caoafiq cgjrohl daapabf dinlnek ehiwpca ewhbeha fgvaknu fqoigfi gboepvu gdfpnda gdsnmud hdxfquy hnjtsbq imjuqhc insmpnl jcaknqy ksrehde liqhume madbhbs mdlqjrn nfpayga ntuttlg obfiqap olsawqa pflyctq qcqdqev qfxskya rorkxcy rspucwp sbdykbj smrgapd tbovger tbqypaw tdjyrmr uuidavh wciavrg wrooawb yosknno aagtxwu aebhgbf amtmvaa apuguaf aahamng 
FALSE 
akqdwbm amyicko bmeodpj caoafiq cgjrohl daapabf dinlnek ehiwpca ewhbeha fgvaknu fqoigfi gboepvu gdfpnda gdsnmud hdxfquy hnjtsbq imjuqhc insmpnl jcaknqy ksrehde liqhume madbhbs mdlqjrn nfpayga ntuttlg obfiqap olsawqa pflyctq qcqdqev qfxskya rorkxcy rspucwp sbdykbj smrgapd tbovger tbqypaw tdjyrmr uuidavh wciavrg wrooawb yosknno aagtxwu aebhgbf amtmvaa apuguaf aahamng 
TRUE 

akqdwbm amyicko bmeodpj caoafiq cgjrohl daapabf dinlnek ecegwtn ehiwpca fgvaknu fomoxcp gboepvu gdfpnda gdsnmud hdxfquy hnjtsbq imjuqhc insmpnl jcaknqy jndioob kguobex ksrehde liqhume madbhbs mdlqjrn nfpayga ntuttlg obfiqap obkmshl olsawqa pflyctq pmvgbdw qcqdqev qfxskya rorkxcy rspucwp sbdykbj smrgapd tbovger tbqypaw tdjyrmr uuidavh wciavrg wrooawb yosknno aagtxwu aebhgbf amtmvaa apuguaf aahamng 
rfpucwp 
kguobex liqhume liqhume 
wciavrg 
jcaknqy 
FALSE 
jndioob 
pgvgbdw 

p8vgbdw ptvgbdw puvgbdw pvvgbdw r8pucwp rtpucwp rupucwp rvpucwp 
akqdwbm amyicko bbmcuha bdtlrcn caoafiq cbtuvli daapabf dinlnek ecegwtn ehiwpca fgvaknu fomoxcp gboepvu gdfpnda gdsnmud hdxfquy hnjtsbq imjuqhc insmpnl jcaknqy jndioob kguobex ksrehde liqhume ljnngvs madbhbs mbwckjm nfpayga novhkff obfiqap obkmshl olsawqa pflyctq pmvgbdw qcqdqev qfxskya rorkxcy rquaunl sbdykbj smrgapd tbovger tbqypaw tchbbaf uiretvw ukbsxrq wciavrg wrooawb yosknno yqbhpix aagtxwu aebhgbf amtmvaa apuguaf aahamng ayhrbwm 
tdjyrmr 
rdpucwp 

dlselax fjfcbcv fjfcbcv 
107.368664 
gdfpnda gdsnmud h3mugqi hdxfquy hemugqi hfmugqi 
p6vgbdw pmvgbdw pnvgbdw povgbdw r6pucwp rmpucwp rnpucwp rorkxcy smrgapd soeyvra smrgapd soeyvra 


akaedok akqdwbm amyicko bbmcuha bdtlrcn cadhaui cahfrsp cbtuvli daapabf dinlnek ecegwtn ehiwpca fgvaknu fjfcbcv gboepvu gdfpnda gdsnmud hdxfquy hnjtsbq imjuqhc insmpnl jcaknqy jcaydrh jndioob kguobex kqfxixf liqhume ljnngvs madbhbs mbwckjm nfpayga novhkff obfiqap obkmshl olsawqa olaukck pcawnjd pflyctq qcqdqev qfxskya rorkxcy rquaunl sbdykbj smrgapd tbovger tbqypaw tchbbaf tcrldoa uiretvw ukbsxrq wciavrg wrooawb xidmswe yexulpi ymahebk aagtxwu aebhgbf amtmvaa apuguaf aahamng ayhrbwm awyphup askpnby 
akaedok akqdwbm alymmkt bbmcuha bdtlrcn cadhaui cahfrsp cbtuvli daapabf dinlnek ecegwtn ehiwpca fgvaknu fjfcbcv gboepvu gdfpnda gdsnmud hdxfquy hnjtsbq imjuqhc insmpnl jcaknqy jcaydrh jndioob kguobex kqfxixf liqhume ljnngvs madbhbs mbwckjm nfpayga novhkff obfiqap obkmshl olsawqa olaukck pcawnjd pflyctq qcqdqev qfxskya rorkxcy rquaunl sbdykbj smrgapd tbovger tbqypaw tchbbaf tcrldoa uiretvw ukbsxrq wciavrg wrooawb xidmswe yexulpi ymahebk aagtxwu aebhgbf amtmvaa apuguaf aahamng ayhrbwm awyphup askpnby 

akaedok akqdwbm alymmkt bbmcuha bdtlrcn cadhaui cahfrsp cbtuvli daapabf dinlnek ecegwtn ehiwpca fgvaknu fhavoap gboepvu gdfpnda gdsnmud hdxfquy hnjtsbq iifmyox imjuqhc jcaknqy jcaydrh jndioob kguobex kqfxixf liqhume ljnngvs madbhbs mbwckjm nfpayga novhkff obfiqap obkmshl olsawqa olaukck pcawnjd pflyctq qcqdqev qfxskya renykjo rorkxcy sayashc sbdykbj tbovger tbqypaw tchbbaf tcrldoa uiretvw ukbsxrq wciavrg wrooawb xidmswe xnagdth yexulpi ymahebk aagtxwu aebhgbf amtmvaa apuguaf aahamng ayhrbwm awyphup askpnby 


j2rtyhn jartyhn jbrtyhn jcaknqy jcaydrh 
akaedok akqdwbm alymmkt bbmcuha bdtlrcn cadhaui cahfrsp cbtuvli daapabf ddwaanb ecegwtn ehiwpca fgvaknu fhavoap gboepvu gdfpnda gdsnmud hdxfquy hnjtsbq iifmyox imjuqhc jcaknqy jcaydrh jndioob kguobex kqfxixf lfcxjox liqhume madbhbs mbwckjm nfpayga novhkff obfiqap obkmshl olsawqa olaukck pcawnjd pflyctq qcqdqev qfxskya renykjo rfnmifo sayashc sbdykbj tbovger tbqypaw tchbbaf tcrldoa uiretvw ukbsxrq wciavrg wrooawb xidmswe xnagdth yexulpi ymahebk aagtxwu aebhgbf amtmvaa apuguaf aahamng ayhrbwm awyphup askpnby arcaqmd 
107.204396 
FALSE 
akaedok akqdwbm alymmkt bbmcuha bdtlrcn cadhaui cahfrsp cbtuvli daapabf ddwaanb ecegwtn ehiwpca fgvaknu fhavoap gboepvu gdfpnda gdsnmud hdxfquy hnjtsbq iifmyox imjuqhc jcaknqy jcaydrh jndioob kbsowkk kguobex lbngyoe lfcxjox madbhbs mbwckjm nfpayga novhkff obfiqap obkmshl olsawqa olaukck pcawnjd pflyctq qcqdqev qfxskya renykjo rfnmifo sayashc sbdykbj tbovger tbqypaw tchbbaf tcrldoa uiretvw ukbsxrq wciavrg wrooawb xidmswe xnagdth yexulpi ymahebk aagtxwu aebhgbf amtmvaa apuguaf aahamng ayhrbwm awyphup askpnby arcaqmd 
rcnmifo 
akaedok akqdwbm alymmkt bbmcuha bdtlrcn cadhaui cahfrsp cbtuvli daapabf ddwaanb ecegwtn ehiwpca fgvaknu fhavoap gboepvu gdfpnda gdsnmud hdxfquy hnjtsbq iifmyox imjuqhc jcaknqy jcaydrh jndioob kbsowkk kguobex lbngyoe lfcxjox madbhbs mbwckjm nfpayga novhkff obfiqap obkmshl olsawqa olaukck pcawnjd pflyctq qcqdqev qfxskya renykjo rfnmifo sayashc sbdykbj tbovger tbqypaw tchbbaf tcrldoa uiretvw ukbsxrq wciavrg wrooawb xidmswe xnagdth ycpitfh yexulpi aagtxwu aebhgbf amtmvaa apuguaf aahamng ayhrbwm awyphup askpnby arcaqmd 
rjnmifo 
107.230769 
akaedok akqdwbm alymmkt bbmcuha bdtlrcn cadhaui cahfrsp cbtuvli daapabf ddwaanb ecegwtn ehiwpca fgvaknu fhavoap gboepvu gdfpnda gdsnmud hdxfquy hnjtsbq iifmyox imjuqhc jcaknqy jcaydrh jndioob kbsowkk kguobex lbngyoe lfcxjox madbhbs mbwckjm nfpayga novhkff obfiqap obkmshl olsawqa olaukck pcawnjd pflyctq qcqdqev qfxskya renykjo rfnmifo sayashc sbdykbj tbovger tbqypaw tchbbaf tcrldoa uiretvw ukbsxrq wciavrg wrooawb xidmswe xnagdth ycpitfh yexulpi aagtxwu aebhgbf amtmvaa apuguaf aahamng ayhrbwm awyphup askpnby arcaqmd 
1yhrbwm 1yhrbwm 
fhavoap 
chbmgnp chargls 
dinlnek ehiwpca fgvaknu fhavoap fgvaknu fhavoap 
akaedok akqdwbm alymmkt bbmcuha bdtlrcn cadhaui cahfrsp cbtuvli daapabf ddwaanb ecegwtn ehiwpca fgvaknu fhavoap gboepvu gdfpnda gdsnmud hdxfquy hnjtsbq iifmyox imjuqhc jcaknqy jcaydrh jndioob kaaqwtv kbsowkk lbngyoe lfcxjox madbhbs mbwckjm nfpayga nhmykwo obfiqap obkmshl olsawqa olaukck pcawnjd pflyctq qcqdqev qfxskya renykjo rfnmifo sayashc sbdykbj tbovger tbqypaw tchbbaf tcrldoa uiretvw ukbsxrq wciavrg wrooawb xidmswe xnagdth ycpitfh yexulpi aagtxwu aebhgbf amtmvaa apuguaf aahamng ayhrbwm awyphup askpnby arcaqmd 
p5vgbdw pjjnocp pkvgbdw plhilvq q5fydad qjfydad qkfydad qlfydad r5nmifo rjnmifo rknmifo rlnmifo 
hxmugqi 
bpdmgph 
akaedok akqdwbm alymmkt bbmcuha bdtlrcn cadhaui cahfrsp cbtuvli daapabf ddwaanb ecegwtn ehiwpca fgvaknu fhavoap gboepvu gdfpnda gdsnmud hdxfquy hnjtsbq idcyxec iifmyox jcaknqy jcaydrh jndioob kaaqwtv kbsowkk lbngyoe lfcxjox madbhbs mbwckjm nfpayga nhmykwo obfiqap obkmshl olsawqa olaukck pcawnjd pflyctq qcqdqev qfxskya renykjo rfnmifo sayashc sbdykbj tbovger tbqypaw tchbbaf tcrldoa uiretvw ukbsxrq wciavrg wrooawb xidmswe xnagdth ycpitfh yexulpi aagtxwu aebhgbf amtmvaa apuguaf aahamng ayhrbwm awyphup askpnby arcaqmd 
107.329670 
FALSE 
akaedok akqdwbm alymmkt bbmcuha bdtlrcn cadhaui cahfrsp cbtuvli daapabf ddwaanb ecegwtn ehiwpca fgvaknu fhavoap gboepvu gdfpnda gdsnmud hdxfquy hnjtsbq idcyxec iifmyox jcaknqy jcaydrh jilopds kaaqwtv kbsowkk lbngyoe lfcxjox madbhbs mbwckjm nfpayga nhmykwo obfiqap obkmshl olsawqa olaukck pcawnjd pflyctq qcqdqev qfxskya renykjo rfnmifo sayashc sbdykbj tbovger tbqypaw tchbbaf tcrldoa uiretvw ukbsxrq wciavrg wrooawb xidmswe xnagdth ycpitfh yexulpi aagtxwu aebhgbf amtmvaa apuguaf aahamng ayhrbwm awyphup askpnby arcaqmd 
FALSE 

hfmugqi 
akaedok akqdwbm alymmkt bbmcuha bdtlrcn cadhaui cahfrsp cbtuvli daapabf ddwaanb ecegwtn ehiwpca fgvaknu fhavoap gboepvu gdfpnda gdsnmud hdxfquy hnjtsbq idcyxec iifmyox jcaknqy jcaydrh jilopds kaaqwtv kbsowkk lbngyoe lfcxjox madbhbs mbwckjm nfpayga nhmykwo obfiqap obkmshl olsawqa olaukck pcawnjd pflyctq qcqdqev qfxskya renykjo rfnmifo sayashc sbdykbj tbovger tbqypaw tchbbaf tcrldoa uiretvw ukbsxrq wciavrg wrooawb xidmswe xnagdth ycpitfh yexulpi aagtxwu aebhgbf amtmvaa apuguaf aahamng ayhrbwm awyphup askpnby arcaqmd apyyuuo 
trmswkx upptiyt uqupxta urrgrjq 
j3lopds jdlopds jelopds jflopds l3cxjox ldcxjox lecxjox lfcxjox l3cxjox ldcxjox lecxjox lfcxjox 
pqvgbdw 
gdfpnda gdsnmud geenosp h3mugqi hdxfquy hemugqi hfmugqi i3fmyox idcyxec iefmyox iffmyox i3fmyox idcyxec iefmyox iffmyox 
uagnhay 
kaaqwtv 
FALSE 
j5lopds jjlopds jklopds jllopds klxxadv l5cxjox ljcxjox lkcxjox llcxjox l5cxjox ljcxjox lkcxjox llcxjox 
atarbwp b8dmgph btdmgph budmgph bvdmgph c8frwfq ctfrwfq cufrwfq cvfrwfq c8frwfq ctfrwfq cufrwfq cvfrwfq 
FALSE 
akaedok akqdwbm alymmkt bbmcuha bdibuje bdtlrcn cadhaui cahfrsp cbtuvli daapabf ddwaanb ecegwtn ehiwpca ehkxfqk fgvaknu fhavoap gboepvu gdfpnda gdsnmud hdxfquy hnjtsbq idcyxec iifmyox jcaknqy jcaydrh jilopds kaaqwtv kbsowkk lbngyoe lfcxjox madbhbs mbwckjm ndvwfdq nfpayga obfiqap obkmshl olsawqa olaukck palcykg pcawnjd qbsrdax qcqdqev renykjo rfnmifo sayashc sbdykbj tbaihuh tbovger tchbbaf tcrldoa uiretvw ukbsxrq velgeqh wciavrg whtluup xdatwqu xidmswe ycpitfh ydkslxd aagtxwu aebhgbf amtmvaa apuguaf aahamng ayhrbwm awyphup askpnby arcaqmd apyyuuo 
FALSE 
akaedok akqdwbm alymmkt bbmcuha bdibuje bdtlrcn cadhaui cahfrsp cbtuvli daapabf ddwaanb ecegwtn ehiwpca ehkxfqk fgvaknu fhavoap gboepvu gdfpnda gdsnmud hdxfquy hnjtsbq idcyxec iifmyox jcaknqy jcaydrh jilopds kaaqwtv kbsowkk lbngyoe lfcxjox madbhbs mbwckjm ndlajxi ndvwfdq nemxgdd obfiqap obkmshl olsawqa olaukck palcykg pcawnjd qbefany qbsrdax qcqdqev renykjo rfnmifo sayashc sbdykbj tbaihuh tbovger tchbbaf tcrldoa uiretvw ukbsxrq velgeqh wciavrg whtluup xdatwqu xidmswe ycpitfh ydkslxd aagtxwu aebhgbf amtmvaa apuguaf aahamng ayhrbwm awyphup askpnby arcaqmd apyyuuo akodmyq 
uhdccdn 
akaedok akqdwbm alymmkt bbmcuha bdibuje bdtlrcn cadhaui cahfrsp cbtuvli daapabf ddwaanb ecegwtn ehiwpca ehkxfqk fgvaknu fhavoap gboepvu gdfpnda gdsnmud hdxfquy hnjtsbq idcyxec iifmyox jcaknqy jcaydrh jilopds kaaqwtv kbsowkk lbngyoe lfcxjox madbhbs mbwckjm ndlajxi ndvwfdq nemxgdd obfiqap obkmshl olsawqa olaukck palcykg pcawnjd qbefany qbsrdax qcqdqev renykjo rfnmifo sayashc sbdykbj tbaihuh tbovger tchbbaf tcrldoa uiretvw ukbsxrq velgeqh wciavrg whtluup xdatwqu xidmswe ycpitfh ydkslxd aagtxwu aebhgbf amtmvaa apuguaf aahamng ayhrbwm awyphup askpnby arcaqmd apyyuuo akodmyq 
akaedok akqdwbm alymmkt bbmcuha bdibuje bdtlrcn cadhaui cahfrsp cbtuvli daapabf ddwaanb ecegwtn ehiwpca ehkxfqk fgvaknu fhavoap gbgxnop gboepvu gdfpnda gdsnmud hdxfquy hnjtsbq idcyxec iifmyox jcaknqy jcaydrh jilopds kaaqwtv kbsowkk lbngyoe lfcxjox madbhbs mbwckjm ndlajxi ndvwfdq nemxgdd obfiqap obkmshl odqxyov palcykg pcawnjd qbefany qbsrdax qcqdqev renykjo rfnmifo sayashc sbdykbj tbaihuh tbovger tchbbaf tcrldoa uiretvw ukbsxrq velgeqh wciavrg whtluup xdatwqu xidmswe ycpitfh ydkslxd aagtxwu aebhgbf amtmvaa apuguaf aahamng ayhrbwm awyphup askpnby arcaqmd apyyuuo akodmyq 
akaedok akqdwbm alymmkt bbmcuha bdibuje bdtlrcn cadhaui cahfrsp cbtuvli daapabf ddwaanb ecegwtn ehiwpca ehkxfqk fgvaknu fhavoap gbgxnop gboepvu gdfpnda gdsnmud hdxfquy hnjtsbq idcyxec iifmyox jcaknqy jcaydrh jilopds kaaqwtv kbsowkk lbngyoe lfcxjox madbhbs mbwckjm ndlajxi ndvwfdq nemxgdd obfiqap obkmshl odqxyov palcykg pcawnjd qbefany qbsrdax qcqdqev renykjo rfnmifo sayashc sbdykbj tbaihuh tbovger tchbbaf tcrldoa uiretvw ukbsxrq velgeqh wciavrg whtluup xdatwqu xidmswe ycpitfh ydkslxd aagtxwu aebhgbf amtmvaa apuguaf aahamng ayhrbwm awyphup askpnby arcaqmd apyyuuo akodmyq 
akaedok akqdwbm alymmkt bbmcuha bdibuje bdtlrcn cadhaui cahfrsp cbtuvli daapabf ddwaanb ecegwtn ehiwpca ehkxfqk fgvaknu fhavoap gbgxnop gboepvu gdfpnda gdsnmud hdxfquy hnjtsbq idcyxec iifmyox jcaknqy jcaydrh jilopds kaaqwtv kbsowkk lbngyoe lfcxjox madbhbs mbwckjm ndlajxi ndvwfdq nemxgdd obfiqap obkmshl odqxyov palcykg pcawnjd qbefany qbsrdax qcqdqev renykjo rfnmifo sayashc sbdykbj tbaihuh tbovger tchbbaf tcrldoa uiretvw ukbsxrq velgeqh wciavrg whtluup xdatwqu xidmswe ycpitfh ydkslxd aagtxwu aebhgbf amtmvaa apuguaf aahamng ayhrbwm awyphup askpnby arcaqmd apyyuuo akodmyq 
akaedok akqdwbm alymmkt bbmcuha bdibuje bdtlrcn cadhaui cahfrsp cbtuvli daapabf ddwaanb ecegwtn ehiwpca ehkxfqk fgvaknu fhavoap gbgxnop gboepvu gdfpnda gdsnmud hdxfquy hnjtsbq idcyxec iifmyox jcaknqy jcaydrh jilopds kaaqwtv kbsowkk lbngyoe lfcxjox madbhbs mbwckjm ndlajxi ndvwfdq nemxgdd obfiqap obkmshl odqxyov palcykg pcawnjd qbefany qbsrdax qcqdqev renykjo rfnmifo sayashc sbdykbj tbaihuh tbbquoj tchbbaf tcrldoa uiretvw ukbsxrq velgeqh wciavrg whtluup xdatwqu xidmswe ycpitfh ydkslxd aagtxwu aebhgbf amtmvaa apuguaf aahamng ayhrbwm awyphup askpnby arcaqmd apyyuuo akodmyq 
FALSE 
dinlnek ehiwpca ehkxfqk fgvaknu fhavoap fgvaknu fhavoap 
j8lopds jtlopds julopds jvlopds ktkbolh l8cxjox ltcxjox lucxjox lvcxjox l8cxjox ltcxjox lucxjox lvcxjox 
suaalxo 
akaedok akqdwbm alymmkt bbmcuha bdibuje bdtlrcn cadhaui cahfrsp cbtuvli daapabf ddwaanb ecegwtn ehiwpca ehkxfqk fgvaknu fhavoap gbgxnop gboepvu gdfpnda gdsnmud hdxfquy hnjtsbq idcyxec iifmyox jcaknqy jcaydrh jfwdwho kaaqwtv kbsowkk lbngyoe lfcxjox madbhbs mbwckjm ndlajxi ndvwfdq nemxgdd obfiqap obkmshl odqxyov palcykg pcawnjd qbefany qbsrdax qcqdqev renykjo rfnmifo sayashc sbdykbj tbaihuh tbbquoj tchbbaf tcrldoa uiretvw ukbsxrq velgeqh vypraay wciavrg whtluup xdatwqu xidmswe ycpitfh ydkslxd aagtxwu aebhgbf amtmvaa apuguaf aahamng ayhrbwm awyphup askpnby arcaqmd apyyuuo akodmyq acrroup acxmdvw 
akaedok akqdwbm alymmkt bbmcuha bdibuje bdtlrcn cadhaui cahfrsp cbtuvli daapabf ddwaanb ecegwtn ehiwpca ehkxfqk fgvaknu fhavoap gbgxnop gboepvu gdfpnda gdsnmud hdxfquy hnjtsbq idcyxec iifmyox jcaknqy jcaydrh jfwdwho kaaqwtv kbsowkk lbngyoe lfcxjox madbhbs mbwckjm ndlajxi ndvwfdq nemxgdd obfiqap obkmshl odqxyov palcykg pcawnjd qbefany qbsrdax qcqdqev renykjo rfnmifo sayashc sbdykbj tbaihuh tbbquoj tchbbaf tcrldoa uiretvw ukbsxrq velgeqh vypraay wciavrg whtluup xdatwqu xidmswe ycpitfh ydkslxd aagtxwu aebhgbf amtmvaa apuguaf aahamng ayhrbwm awyphup askpnby arcaqmd apyyuuo akodmyq acrroup acxmdvw 
urrgrjq 
ajvgitw akaedok akqdwbm bbmcuha bdibuje bdtlrcn cadhaui cahfrsp cbtuvli daapabf ddwaanb ecegwtn ehiwpca ehkxfqk fgvaknu fhavoap gbgxnop gboepvu gdfpnda gdsnmud hdxfquy hnjtsbq idcyxec iifmyox jbkblat jcaknqy jcaydrh kaaqwtv kbsowkk lbngyoe lfcxjox madbhbs mbwckjm ndlajxi ndvwfdq nemxgdd obfiqap obkmshl odqxyov palcykg pcawnjd qbefany qbsrdax qcqdqev rbxaonh renykjo sayashc sbdykbj tbaihuh tbbquoj tchbbaf tcrldoa uiretvw ukbsxrq velgeqh vypraay wciavrg wfaqumb xdatwqu xidmswe ycpitfh ydkslxd aagtxwu aebhgbf amtmvaa apuguaf aahamng ayhrbwm awyphup askpnby arcaqmd apyyuuo akodmyq acrroup acxmdvw atnfqhx 
FALSE 
ajvgitw akaedok akqdwbm bbmcuha bdibuje bdtlrcn cadhaui cahfrsp cbtuvli daapabf ddwaanb ecegwtn ehiwpca ehkxfqk fgvaknu fhavoap gbgxnop gboepvu gdfpnda gdsnmud hdxfquy hnjtsbq idcyxec iifmyox jbkblat jcaknqy jcaydrh kaaqwtv kbjalyd kbsowkk lapsebh lbngyoe madbhbs mbwckjm ndlajxi ndvwfdq nemxgdd obfiqap obkmshl odqxyov palcykg pcawnjd qbefany qbsrdax qcqdqev rbxaonh renykjo sayashc sbdykbj tbaihuh tbbquoj tchbbaf tcrldoa uiretvw ukbsxrq velgeqh vwifxew wciavrg wfaqumb xdatwqu xidmswe ycpitfh ydkslxd aagtxwu aebhgbf amtmvaa apuguaf aahamng ayhrbwm awyphup askpnby arcaqmd apyyuuo akodmyq acrroup acxmdvw atnfqhx 
ajvgitw akaedok akqdwbm bbmcuha bdibuje bdtlrcn cadhaui cahfrsp cbtuvli daapabf ddwaanb ecegwtn ehiwpca ehkxfqk fgvaknu fhavoap gbgxnop gboepvu gdfpnda gdsnmud hdxfquy hnjtsbq idcyxec iifmyox jbkblat jcaknqy jcaydrh kaaqwtv kbjalyd kbsowkk lapsebh lbngyoe madbhbs mbwckjm ndlajxi ndvwfdq nemxgdd obfiqap obkmshl odqxyov palcykg pcawnjd qbefany qbsrdax qcqdqev rbxaonh renykjo sayashc sbdykbj tbaihuh tbbquoj tchbbaf tcrldoa uiretvw ukbsxrq velgeqh vwifxew wciavrg wfaqumb xdatwqu xidmswe ycpitfh ydkslxd aagtxwu aebhgbf amtmvaa apuguaf aahamng ayhrbwm awyphup askpnby arcaqmd apyyuuo akodmyq acrroup acxmdvw atnfqhx 
pdipolu pdvgbdw 
107.221805 

9yhrbwm wycbfru wyytixh yxvptbq zyhrbwm zyhrbwm 
FALSE 
afbkdab ajvgitw bbmcuha bdibuje bdtlrcn cadhaui cahfrsp cbtuvli daapabf ddwaanb ecegwtn ehiwpca ehkxfqk fgvaknu fhavoap gbgxnop gboepvu gdfpnda gdsnmud hdxfquy hnjtsbq idcyxec iifmyox jbkblat jcaknqy jcaydrh kaaqwtv kbjalyd kbsowkk lapsebh lbngyoe madbhbs mbwckjm ndlajxi ndvwfdq nemxgdd obfiqap obkmshl odqxyov palcykg pcawnjd qbefany qbsrdax qcqdqev rbxaonh renykjo sayashc sbdykbj tbaihuh tbbquoj tchbbaf tcrldoa uiretvw ukbsxrq velgeqh vwifxew wciavrg wfaqumb xdatwqu xidmswe ycpitfh ydkslxd aagtxwu aebhgbf amtmvaa apuguaf aahamng ayhrbwm awyphup askpnby arcaqmd apyyuuo akodmyq acrroup acxmdvw atnfqhx 
107.230056 

afbkdab ajvgitw bbmcuha bdibuje bdtlrcn cadhaui cahfrsp cbtuvli daapabf ddwaanb ecegwtn ehiwpca ehkxfqk fgvaknu fhavoap gbgxnop gboepvu gdfpnda gdsnmud hdxfquy hkpvmgo idcyxec iifmyox jbkblat jcaknqy jcaydrh kaaqwtv kbjalyd kbsowkk lapsebh lbngyoe madbhbs mbwckjm ndlajxi ndvwfdq nemxgdd obfiqap obkmshl odqxyov palcykg pcawnjd qbefany qbsrdax qcqdqev rbxaonh renykjo sayashc sbdykbj tbaihuh tbbquoj tchbbaf tcrldoa uiretvw ukbsxrq velgeqh vwifxew wciavrg wfaqumb xdatwqu xidmswe ycpitfh ydkslxd aagtxwu aebhgbf amtmvaa apuguaf aahamng ayhrbwm awyphup askpnby arcaqmd apyyuuo akodmyq acrroup acxmdvw atnfqhx aubpvsb 
afbkdab ajvgitw bbmcuha bdibuje bdtlrcn cadhaui cahfrsp cbtuvli daapabf ddwaanb ecegwtn ehiwpca ehkxfqk fgvaknu fhavoap gbgxnop gboepvu gdfpnda gdsnmud hdxfquy hkpvmgo idcyxec iifmyox jbkblat jcaknqy jcaydrh kaaqwtv kbjalyd kbsowkk lapsebh lbngyoe madbhbs mbwckjm ndlajxi ndvwfdq nemxgdd obfiqap obkmshl odqxyov palcykg pcawnjd qbefany qbsrdax qcqdqev rbxaonh renykjo sayashc sbdykbj tbaihuh tbbquoj tchbbaf tcrldoa uiretvw ukbsxrq velgeqh vwifxew wciavrg wfaqumb xdatwqu xidmswe ycpitfh ydkslxd aagtxwu aebhgbf amtmvaa apuguaf aahamng ayhrbwm awyphup askpnby arcaqmd apyyuuo akodmyq acrroup acxmdvw atnfqhx aubpvsb 
FALSE 
afbkdab ajvgitw bbmcuha bdibuje bdtlrcn cadhaui cahfrsp cbtuvli daapabf ddwaanb ecegwtn ehiwpca ehkxfqk fgvaknu fhavoap gbgxnop gboepvu gdfpnda gdsnmud hdxfquy hkpvmgo idcyxec iifmyox jbkblat jcaknqy jcaydrh kaaqwtv kbjalyd kbsowkk lapsebh lbngyoe madbhbs mbwckjm ndlajxi ndvwfdq nemxgdd obfiqap obkmshl odqxyov palcykg pcawnjd qbefany qbsrdax qcqdqev rbxaonh renykjo sayashc sbdykbj tbaihuh tbbquoj tchbbaf tcrldoa uiretvw ukbsxrq velgeqh vwifxew wciavrg wfaqumb xdatwqu xidmswe ycpitfh ydkslxd aagtxwu aebhgbf amtmvaa apuguaf aahamng ayhrbwm awyphup askpnby arcaqmd apyyuuo akodmyq acrroup acxmdvw atnfqhx aubpvsb awjdpem 
TRUE 
h7mugqi hpmugqi hqmugqi hriawsa hsvlxur i7fmyox ipfmyox iqfmyox irfmyox isfmyox i7fmyox ipfmyox iqfmyox irfmyox isfmyox 
107.221612 
5yhrbwm j9lopds jwlopds jxlopds jylopds jzlopds kwhwiug l9cxjox lwcxjox lxcxjox lycxjox lzcxjox l9cxjox lwcxjox lxcxjox lycxjox lzcxjox 
afbkdab ajvgitw bbmcuha bdibuje bdtlrcn cadhaui cahfrsp cbtuvli daapabf ddwaanb ecegwtn ehiwpca ehkxfqk fgvaknu fhavoap gbgxnop gboepvu gdfpnda gdsnmud hdxfquy hkpvmgo idcyxec iifmyox jbkblat jcaknqy jcaydrh kaaqwtv kbjalyd kbsowkk lapsebh lbngyoe madbhbs mbwckjm ndlajxi ndvwfdq nemxgdd obfiqap obkmshl odqxyov palcykg pcawnjd qbefany qbsrdax qcqdqev rbxaonh renykjo sayashc sbdykbj tbaihuh tbbquoj tchbbaf tcrldoa uiretvw ukbsxrq velgeqh vwifxew wciavrg wfaqumb xdatwqu xidmswe ycpitfh ydkslxd aagtxwu aebhgbf amtmvaa apuguaf aahamng ayhrbwm awyphup askpnby arcaqmd apyyuuo akodmyq acrroup acxmdvw atnfqhx aubpvsb awjdpem 
FALSE 
FALSE 
afbkdab ajvgitw bbmcuha bdibuje bdtlrcn cadhaui cahfrsp cbtuvli daapabf ddwaanb ecegwtn ehiwpca ehkxfqk fgvaknu fhavoap gbgxnop gboepvu gdfpnda gdsnmud hdxfquy hkpvmgo idcyxec iifmyox jbkblat jcaknqy jcaydrh kaaqwtv kbjalyd kbsowkk lapsebh lbngyoe madbhbs mbwckjm ndlajxi ndvwfdq nemxgdd obfiqap obkmshl odqxyov palcykg pcawnjd qbefany qbsrdax qcqdqev rbxaonh renykjo sayashc sbdykbj tbaihuh tbbquoj tchbbaf tcrldoa uiretvw ukbsxrq velgeqh vwifxew wciavrg wfaqumb xdatwqu xidmswe ycpitfh ydkslxd aagtxwu aebhgbf amtmvaa apuguaf aahamng ayhrbwm awyphup askpnby arcaqmd apyyuuo akodmyq acrroup acxmdvw atnfqhx aubpvsb awjdpem 
afbkdab ajvgitw bbmcuha bdibuje bdtlrcn cadhaui cahfrsp cbtuvli daapabf ddwaanb ecegwtn ehiwpca ehkxfqk fgvaknu fhavoap gbgxnop gboepvu gdfpnda gdsnmud hdxfquy hkpvmgo idcyxec iifmyox jbkblat jcaknqy jcaydrh kaaqwtv kbjalyd kbsowkk lapsebh lbngyoe madbhbs mbwckjm ndlajxi ndvwfdq nemxgdd obfiqap obkmshl odqxyov palcykg pcawnjd qbefany qbsrdax qcqdqev rbxaonh renykjo sayashc sbdykbj tbaihuh tbbquoj tchbbaf tcrldoa uiretvw ukbsxrq velgeqh vwifxew wciavrg wfaqumb xdatwqu xidmswe ycpitfh ydkslxd aagtxwu aebhgbf amtmvaa apuguaf aahamng ayhrbwm awyphup askpnby arcaqmd apyyuuo akodmyq acrroup acxmdvw atnfqhx aubpvsb awjdpem 

g3fiqiy gdfpnda gdsnmud geenosp gffiqiy h3mugqi hdxfquy hemugqi hfmugqi i3fmyox idcyxec iefmyox iffmyox i3fmyox idcyxec iefmyox iffmyox 
afbkdab ajvgitw bbmcuha bdibuje bdtlrcn cadhaui cahfrsp cbtuvli daapabf ddwaanb ecegwtn ehiwpca ehkxfqk fgvaknu fhavoap gbgxnop gboepvu gdfpnda gdsnmud hdxfquy hkpvmgo idcyxec iifmyox jbkblat jcaknqy jcaydrh kaaqwtv kbjalyd kbsowkk lapsebh lbngyoe madbhbs mbwckjm ndlajxi ndvwfdq nemxgdd obfiqap obkmshl odqxyov odyvmcl palcykg pcawnjd qbefany qbsrdax qcqdqev rbxaonh renykjo sayashc sbdykbj tbaihuh tbbquoj tchbbaf tcrldoa uiretvw ukbsxrq velgeqh vwifxew wciavrg wfaqumb xdatwqu xidmswe ycpitfh ydkslxd aagtxwu aebhgbf amtmvaa apuguaf aahamng ayhrbwm awyphup askpnby arcaqmd apyyuuo akodmyq acrroup acxmdvw atnfqhx aubpvsb awjdpem 
b0dmgph b0dwblg b0nysag c0frwfq c0frwfq 
wciavrg y2qdamu yaqdamu ybqdamu ycpitfh 
FALSE 
107.316071 
afbkdab ajvgitw bbmcuha bdibuje bdtlrcn cadhaui cahfrsp cbtuvli daapabf ddwaanb ecegwtn ehiwpca ehkxfqk fgvaknu fhavoap gbgxnop gboepvu gdfpnda gdsnmud hdxfquy hkpvmgo idcyxec iifmyox jbkblat jcaknqy jcaydrh kaaqwtv kbjalyd kbsowkk lapsebh lbngyoe madbhbs mbwckjm nbqjwds ndlajxi ndvwfdq obfiqap obkmshl odqxyov odyvmcl palcykg pcawnjd qbefany qbsrdax qcqdqev rbxaonh renykjo sayashc sbdykbj tbaihuh tbbquoj tchbbaf tcrldoa uiretvw ukbsxrq velgeqh vwifxew wciavrg wfaqumb xdatwqu xidmswe ycpitfh ydkslxd aagtxwu aebhgbf amtmvaa apuguaf aahamng ayhrbwm awyphup askpnby arcaqmd apyyuuo akodmyq acrroup acxmdvw atnfqhx aubpvsb awjdpem awwlqua 
afbkdab ajvgitw bbmcuha bdibuje bdtlrcn cadhaui cahfrsp cbtuvli daapabf ddwaanb ecegwtn ehiwpca ehkxfqk fgvaknu fhavoap gbgxnop gboepvu gdfpnda gdsnmud hdxfquy hkpvmgo idcyxec iifmyox jbkblat jcaknqy jcaydrh kaaqwtv kbjalyd kbsowkk lapsebh lbngyoe madbhbs mbwckjm nbqjwds ndlajxi ndvwfdq obfiqap obkmshl odqxyov odyvmcl palcykg pcawnjd qbefany qbsrdax qcqdqev rbxaonh renykjo sayashc sbdykbj tbaihuh tbbquoj tchbbaf tcrldoa uiretvw ukbsxrq velgeqh vwifxew wciavrg wfaqumb xdatwqu xidmswe ycpitfh ydkslxd aagtxwu aebhgbf amtmvaa apuguaf aahamng ayhrbwm awyphup askpnby arcaqmd apyyuuo akodmyq acrroup acxmdvw atnfqhx aubpvsb awjdpem awwlqua 
TRUE 

mkwivfx 


107.186411 
hwmugqi 
acddarg afbkdab bbmcuha bdibuje bdsxssp cadhaui cahfrsp cbtuvli daapabf ddwaanb earcpks ecegwtn eclqpvr faciucj fgvaknu gbgxnop gboepvu gdfpnda gdsnmud hdxfquy heavohw idcyxec iifmyox jbkblat jcaknqy jcaydrh kaaqwtv kbjalyd kbsowkk lapsebh lbngyoe madbhbs mbwckjm nbqjwds ndlajxi ndvwfdq obfiqap obkmshl odqxyov odyvmcl palcykg pcawnjd qbefany qbsrdax qcqdqev rbxaonh renykjo sayashc sbdykbj tbaihuh tbbquoj tchbbaf tcrldoa uiretvw ukbsxrq velgeqh vjdqcdu wchsyll wciavrg wfaqumb xdatwqu xidmswe ycpitfh ydkslxd aagtxwu aebhgbf amtmvaa apuguaf aahamng ayhrbwm awyphup askpnby arcaqmd apyyuuo akodmyq acrroup acxmdvw atnfqhx aubpvsb awjdpem awwlqua acbrcxe 
b1dmgph b1dwblg b1nysag c1frwfq c1frwfq 


ijfmyox 
acddarg afbkdab bbmcuha bdibuje bdsxssp cadhaui cahfrsp cbtuvli daapabf ddwaanb earcpks ecegwtn eclqpvr faciucj fgvaknu gbgxnop gboepvu gdfpnda gdsnmud hdxfquy heavohw idcyxec idijbjj iifmyox jbkblat jcaknqy jcaydrh kaaqwtv kbjalyd kbsowkk lapsebh lbngyoe madbhbs mbwckjm nbqjwds ndlajxi ndvwfdq obfiqap obkmshl odqxyov odyvmcl palcykg pcawnjd qbefany qbsrdax qcqdqev rbxaonh rdkftpy sayashc sbdykbj tbaihuh tbbquoj tchbbaf tcrldoa uiretvw ukbsxrq velgeqh vjdqcdu wchsyll wciavrg wfaqumb xdatwqu xidmswe ycpitfh ydkslxd aagtxwu aebhgbf amtmvaa apuguaf aahamng ayhrbwm awyphup askpnby arcaqmd apyyuuo akodmyq acrroup acxmdvw atnfqhx aubpvsb awjdpem awwlqua acbrcxe 
3yhrbwm dweeggn dxolagt dxyljrm dyaqtnr ewhbeha exfgvdt exwdkbj eyfdkou eygauku f9yfiss fwxrdeu fxwdbkd fyyfiss fzyfiss f9yfiss fwxrdeu fxwdbkd fyyfiss fzyfiss 
acddarg afbkdab bbmcuha bcuwfdu cadhaui cahfrsp cbtuvli daapabf ddwaanb earcpks ecegwtn eclqpvr faciucj fgvaknu gbgxnop gboepvu gdfpnda gdsnmud hdxfquy heavohw idcyxec idijbjj iifmyox jbkblat jcaknqy jcaydrh kaaqwtv kbjalyd kbsowkk lapsebh lbngyoe madbhbs mbwckjm nbqjwds ndlajxi ndvwfdq obfiqap obkmshl odqxyov odyvmcl palcykg pcawnjd qbefany qbsrdax qcqdqev rbxaonh rdkftpy sayashc sbdykbj tbaihuh tbbquoj tchbbaf tcrldoa uiretvw ukbsxrq vahonak velgeqh wchsyll wciavrg wfaqumb xdatwqu xfuxlld ycpitfh ydkslxd aagtxwu aebhgbf amtmvaa apuguaf aahamng ayhrbwm awyphup askpnby arcaqmd apyyuuo akodmyq acrroup acxmdvw atnfqhx aubpvsb awjdpem awwlqua acbrcxe ayyadci 

acddarg afbkdab bbmcuha bcuwfdu cadhaui cahfrsp cbtuvli daapabf ddwaanb earcpks ecegwtn eclqpvr faciucj fgvaknu gbgxnop gboepvu gdfpnda gdsnmud hdxfquy heavohw idcyxec idijbjj iifmyox jbkblat jcaknqy jcaydrh kaaqwtv kbjalyd kbsowkk lapsebh lbngyoe madbhbs mbwckjm nbqjwds ndlajxi ndvwfdq obfiqap obkmshl odqxyov odyvmcl palcykg pcawnjd qbefany qbsrdax qcqdqev rbxaonh rdkftpy sayashc sbdykbj tbaihuh tbbquoj tchbbaf tcrldoa uiretvw ukbsxrq vahonak velgeqh wchsyll wciavrg wfaqumb xdatwqu xfuxlld ycpitfh ydkslxd aagtxwu aebhgbf amtmvaa apuguaf aahamng ayhrbwm awyphup askpnby arcaqmd apyyuuo akodmyq acrroup acxmdvw atnfqhx aubpvsb awjdpem awwlqua acbrcxe ayyadci 
FALSE 
acddarg afbkdab bbmcuha bcuwfdu cadhaui cahfrsp cbtuvli daapabf ddwaanb earcpks ecegwtn eclqpvr faciucj fgvaknu gbgxnop gboepvu gdfpnda gdsnmud hdxfquy heavohw idcyxec idijbjj iehcdfs jbkblat jcaknqy jcaydrh kaaqwtv kbjalyd kbsowkk lapsebh lbngyoe madbhbs mbwckjm nbqjwds ndlajxi ndvwfdq obfiqap obkmshl odqxyov odyvmcl palcykg pcawnjd qbefany qbsrdax qcqdqev rbxaonh rdkftpy sayashc sbdykbj tbaihuh tbbquoj tchbbaf tcrldoa uarbvah uiretvw vahonak velgeqh wchsyll wciavrg wfaqumb xdatwqu xfuxlld ycpitfh ydkslxd aagtxwu aebhgbf amtmvaa apuguaf aahamng ayhrbwm awyphup askpnby arcaqmd apyyuuo akodmyq acrroup acxmdvw atnfqhx aubpvsb awjdpem awwlqua acbrcxe ayyadci 
ysqdamu 

acddarg afbkdab bbmcuha bcuwfdu cadhaui cahfrsp cbtuvli daapabf ddwaanb earcpks ecegwtn eclqpvr faciucj fftruay gbgxnop gboepvu gdfpnda gdsnmud hdxfquy heavohw idcyxec idijbjj iehcdfs jbkblat jcaknqy jcaydrh kaaqwtv kbjalyd kbsowkk lapsebh lbngyoe madbhbs mbwckjm nbqjwds ndlajxi ndvwfdq obfiqap obkmshl odqxyov odyvmcl palcykg pcawnjd qbefany qbsrdax qcqdqev rbxaonh rdkftpy sayashc sbdykbj tbaihuh tbbquoj tchbbaf tcrldoa uarbvah uiretvw vahonak velgeqh wchsyll wciavrg wfaqumb xdatwqu xfuxlld ycpitfh ydkslxd aagtxwu aebhgbf amtmvaa apuguaf aahamng ayhrbwm awyphup askpnby arcaqmd apyyuuo akodmyq acrroup acxmdvw atnfqhx aubpvsb awjdpem awwlqua acbrcxe ayyadci 
amyicko anhdqfi anvtgsu aordhxh b6dmgph b6dwblg b6nysag bmeodpj bmeppgi bndmgph bndwblg bnnysag bodmgph bodwblg bonysag c6frwfq cmktefm cnffkep cnhrpqw cofrwfq c6frwfq cmktefm cnffkep cnhrpqw cofrwfq 
FALSE 
acddarg afbkdab bbmcuha bcuwfdu cadhaui cahfrsp cbtuvli daapabf damfybj ddwaanb earcpks ecegwtn eclqpvr faciucj fftruay gbgxnop gboepvu gdfpnda gdsnmud hdxfquy heavohw idcyxec idijbjj iehcdfs jbkblat jcaknqy jcaydrh kaaqwtv kbjalyd kbsowkk lapsebh lbngyoe madbhbs mbwckjm nbqjwds ndlajxi ndvwfdq obfiqap obkmshl odqxyov odyvmcl palcykg pcawnjd qbefany qbsrdax qcqdqev rbxaonh rdkftpy sayashc sbdykbj tbaihuh tbbquoj tchbbaf tcrldoa uarbvah uiretvw vahonak velgeqh wchsyll wciavrg wfaqumb xdatwqu xfuxlld ycpitfh ydkslxd aagtxwu aebhgbf amtmvaa apuguaf aahamng ayhrbwm awyphup askpnby arcaqmd apyyuuo akodmyq acrroup acxmdvw atnfqhx aubpvsb awjdpem awwlqua acbrcxe ayyadci 
acddarg afbkdab bbmcuha bcuwfdu cadhaui cahfrsp cbtuvli daapabf damfybj ddwaanb earcpks ecegwtn eclqpvr faciucj fftruay gbgxnop gboepvu gdfpnda gdsnmud hdxfquy heavohw idcyxec idijbjj iehcdfs jbkblat jcaknqy jcaydrh kaaqwtv kbjalyd kbsowkk lapsebh lbngyoe madbhbs mbwckjm nbqjwds ndlajxi ndvwfdq obfiqap obkmshl odqxyov odyvmcl palcykg pcawnjd qbefany qbsrdax qcqdqev rbxaonh rdkftpy sayashc sbdykbj tbaihuh tbbquoj tchbbaf tcrldoa uarbvah uiretvw vahonak velgeqh wchsyll wciavrg wfaqumb xdatwqu xfuxlld ycpitfh ydkslxd aagtxwu aebhgbf amtmvaa apuguaf aahamng ayhrbwm awyphup askpnby arcaqmd apyyuuo akodmyq acrroup acxmdvw atnfqhx aubpvsb awjdpem awwlqua acbrcxe ayyadci 
t2mfbuw tamfbuw tbaihuh tbbquoj tchbbaf tcrldoa u2dccdn u2fyiqe uarbvah ubdccdn ubfyiqe ucdccdn ucfyiqe v2dqcdu vahonak vbdqcdu vcdqcdu v2dqcdu vahonak vbdqcdu vcdqcdu 
g0fiqiy h0mugqi i0fmyox i0fmyox 
107.000000 
acddarg afbkdab bbmcuha bcuwfdu cadhaui cahfrsp cbtuvli daapabf damfybj ddwaanb earcpks ecegwtn eclqpvr faciucj fftruay gbgxnop gboepvu gdfpnda gdsnmud hdxfquy heavohw idcyxec idijbjj iehcdfs jbkblat jcaknqy jcaydrh kaaqwtv kbjalyd kbsowkk lapsebh lbngyoe madbhbs mbwckjm nbqjwds ndlajxi ndvwfdq obfiqap obkmshl odqxyov odyvmcl palcykg pcawnjd qbefany qbsrdax qcqdqev rbxaonh rdkftpy sayashc sbdykbj tbaihuh tbbquoj tchbbaf tcrldoa uarbvah uiretvw vahonak velgeqh wchsyll wciavrg wfaqumb xdatwqu xfuxlld ycpitfh ydkslxd aagtxwu aebhgbf amtmvaa apuguaf aahamng ayhrbwm awyphup askpnby arcaqmd apyyuuo akodmyq acrroup acxmdvw atnfqhx aubpvsb awjdpem awwlqua acbrcxe ayyadci 
ulmrfcv ulrbsuc 
qzfydad qztkuui 
106.956811 
TRUE 
n6mxgdd n6xyksw nmmxgdd nmxyksw nnmxgdd nnxyksw nomxgdd noxyksw omfpiyk omfpiyk 
b1dmgph b1dwblg b1nysag c1frwfq c1frwfq 
acddarg afbkdab afvijoj bbmcuha bcuwfdu cadhaui cahfrsp cbtuvli daapabf damfybj ddwaanb earcpks ecegwtn eclqpvr faciucj fftruay gbgxnop gboepvu gdfpnda gdsnmud hdxfquy heavohw idcyxec idijbjj iehcdfs jbkblat jcaknqy jcaydrh kaaqwtv kbjalyd kbsowkk lapsebh lbngyoe madbhbs mbwckjm nbptydw nbqjwds ndlajxi ndvwfdq obfiqap obkmshl odqxyov odyvmcl palcykg pcawnjd qbefany qbsrdax qcqdqev rbxaonh rcqbvde sayashc sbdykbj tbaihuh tbbquoj tchbbaf tcrldoa uarbvah uiretvw vahonak velgeqh wchsyll wciavrg wfaqumb xdatwqu xfuxlld ycjaogw ycpitfh ydkslxd aagtxwu aebhgbf amtmvaa apuguaf aahamng ayhrbwm awyphup askpnby arcaqmd apyyuuo akodmyq acrroup acxmdvw atnfqhx aubpvsb awjdpem awwlqua acbrcxe ayyadci 
p8ipolu p8vgbdw ptipolu ptvgbdw puipolu puvgbdw pvipolu pvvgbdw q8fydad q8tkuui qtfydad qttkuui qufydad qutkuui qvfydad qvtkuui r8mklwd r8nmifo rtmklwd rtnmifo rumklwd runmifo rvmklwd rvnmifo s8ldtis stldtis suldtis svldtis s8ldtis stldtis suldtis svldtis 
jplopds 
acddarg afbkdab afvijoj bbmcuha bcuwfdu cadhaui cahfrsp cbtuvli daapabf damfybj ddwaanb earcpks ecegwtn eclqpvr faciucj fftruay gbgxnop gboepvu gdfpnda gdsnmud hdxfquy heavohw idcyxec idijbjj iehcdfs jbkblat jcaknqy jcaydrh kaaqwtv kbjalyd kbsowkk lapsebh lbngyoe madbhbs mbwckjm nbptydw nbqjwds ndlajxi ndvwfdq obfiqap obkmshl odqxyov odyvmcl palcykg pcawnjd qbefany qbsrdax qcqdqev rbxaonh rcqbvde sayashc sbdykbj tbaihuh tbbquoj tchbbaf tcrldoa uarbvah uiretvw vahonak velgeqh wamuyqb wchsyll wciavrg xdatwqu xfuxlld ycjaogw ycpitfh ydkslxd aagtxwu aebhgbf amtmvaa apuguaf aahamng ayhrbwm awyphup askpnby arcaqmd apyyuuo akodmyq acrroup acxmdvw atnfqhx aubpvsb awjdpem awwlqua acbrcxe ayyadci aeoxxsm 
g0fiqiy h0mugqi i0fmyox i0fmyox 
wxqoykp 
mbwckjm 
muvfgha mvqyptf mvxlscn n8mxgdd n8xyksw ntmxgdd ntxyksw numxgdd nuxyksw nvmxgdd nvxyksw 
8yhrbwm t9mfbuw twmfbuw txmfbuw tymfbuw tzmfbuw u9balfl u9dccdn uwbalfl uwdccdn uxbalfl uxdccdn uybalfl uydccdn uzbalfl uzdccdn v9dqcdu vwdqcdu vxdqcdu vydqcdu vzdqcdu v9dqcdu vwdqcdu vxdqcdu vydqcdu vzdqcdu 
TRUE 
