<>


110.035714 

anjsxaf bnjficc bxvoevt ekapnew gxcbgth hvdpomo ibwiwud llyists luoratl movymoq nepwroo oyeabre rvufcth tvqlffl xqfpbdm yhpwnul 

FALSE 


bxvoevt 


anjsxaf atooral bnjficc bxvoevt chcukxc ekapnew gxcbgth hpdwdby hvdpomo ibwiwud iurluje krggxla llyists luoratl mjcyvfy mkklmnp nepwroo njyvlal obnbwud ocboabm qtdcsjw qywfyaf rigjako rvufcth slrbqew tvqlffl ubwudvg uneayyq xqfpbdm yhpwnul yjiwcaa ahvkjdn 

anjsxaf atooral bnjficc bxvoevt chcukxc dachawn ekapnew febagmt gxcbgth hpdwdby hvdpomo ibwiwud iurluje knavsdl krggxla llyists luoratl mjcyvfy mkklmnp nepwroo njyvlal obnbwud ocboabm pbfhsfk qtdcsjw qywfyaf rigjako rrawmxo slrbqew tfqtfbi tvqlffl ubwudvg uneayyq xqfpbdm yhpwnul yjiwcaa ahvkjdn 
anjsxaf atooral bcbwdel bnjficc chcukxc dachawn ekapnew febagmt gxcbgth hpdwdby hvdpomo ibwiwud iegaura knavsdl krggxla llyists luoratl mfhhapx mhevmrk nepwroo njyvlal obnbwud ocboabm pbfhsfk qtdcsjw qywfyaf rigjako riqlwht rrawmxo slrbqew tfqtfbi tvqlffl ubwudvg uneayyq xqfpbdm yhpwnul yjiwcaa ahvkjdn 
FALSE 
5ypcxjo jypcxjo 
anjsxaf atooral bcbwdel bnjficc chcukxc dachawn ekapnew febagmt gxcbgth hpdwdby hvdpomo ibwiwud iegaura knavsdl krggxla llyists luoratl mfhhapx mhevmrk nepwroo njyvlal obnbwud ocboabm pbfhsfk qtdcsjw qywfyaf rigjako riqlwht rrawmxo slrbqew tfqtfbi tnjygij ubwudvg uneayyq xqfpbdm yhpwnul yjiwcaa ahvkjdn aehkhli 
anjsxaf atooral bcbwdel bnjficc chcukxc dachawn ekapnew febagmt gxcbgth hpdwdby hvdpomo ibwiwud iegaura knavsdl krggxla llyists ltuquqm mfhhapx mhevmrk nepwroo njyvlal obnbwud ocboabm pbfhsfk qtdcsjw qywfyaf rigjako riqlwht rrawmxo slrbqew tfqtfbi tjiqcaq ubwudvg uneayyq xqfpbdm yhpwnul yjiwcaa ahvkjdn aehkhli 

anjsxaf atooral bcbwdel bnjficc chcukxc dachawn ehaekor ekapnew febagmt gxcbgth hpdwdby hvdpomo ibwiwud iegaura knavsdl krggxla llyists ltuquqm mfhhapx mhevmrk nepwroo njyvlal obnbwud ocboabm pbfhsfk qtdcsjw qywfyaf rigjako riqlwht rrawmxo slrbqew tfqtfbi tjiqcaq ubwudvg uneayyq xqfpbdm yhpwnul yjiwcaa ahvkjdn aehkhli 
107.742857 
FALSE 
FALSE 

FALSE 
anjsxaf astdfhe bcbwdel bnjficc chcukxc dachawn dkelsph ehaekor ekapnew febagmt gxcbgth hajeumj hpdwdby ibwiwud iegaura jyeynwv knavsdl krggxla llyists ltuquqm mburjcs mfhhapx nepwroo njyvlal obnbwud ocboabm pbfhsfk pyuvddr qtdcsjw qywfyaf rigjako riqlwht rrawmxo slrbqew tfqtfbi tgisclj ubwudvg uneayyq vjkcjsv xqfpbdm yhpwnul yjiwcaa ahvkjdn aehkhli amifrts anafxau 




anjsxaf astdfhe bcbwdel bnjficc cbqrpuv chcukxc dachawn dkelsph ehaekor ekapnew fbncxqy febagmt gxcbgth hajeumj hpdwdby ibwiwud iegaura jyeynwv knavsdl krggxla llyists ltuquqm mburjcs mfhhapx nepwroo njyvlal obnbwud ocboabm pbfhsfk pyuvddr qiqlung qtdcsjw rigjako riqlwht rrawmxo slrbqew tfqtfbi tgisclj ubwudvg uneayyq vjkcjsv xqfpbdm yhpwnul yjiwcaa ahvkjdn aehkhli amifrts anafxau 
a7vwqca apvwqca aqvwqca arvwqca astdfhe 



agihdss anjsxaf bcbwdel bnjficc cbqrpuv chcukxc dachawn dfjqast ehaekor ekapnew fbncxqy febagmt gxcbgth hajeumj hpdwdby ibwiwud iegaura jgvlqpn jyeynwv knavsdl krggxla llyists ltuquqm mburjcs mfhhapx nepwroo njyvlal obnbwud ocboabm pbfhsfk pkrcwbi qiqlung qtdcsjw rigjako riqlwht rrawmxo slrbqew tfqtfbi tgisclj ubwudvg ufghatu vjkcjsv wyrmgkn xqfpbdm yhpwnul yjiwcaa ahvkjdn aehkhli amifrts anafxau 
lgvlqpn 



a3vwqca advwqca aevwqca afvwqca 
4johhvt 
vyeynwv 
FALSE 
107.686224 

cvlouua 
agihdss anjsxaf annbwww bapmjsa bbadmdk cbqrpuv cdlouua dachawn dfjqast ehaekor ekapnew fbncxqy febagmt geecakq gglbspu hajeumj hgynann ibwiwud iegaura jgvlqpn jjohhvt kfadrgs khoceas llyists ltuquqm mburjcs mfhhapx nepwroo njyvlal obnbwud ocboabm pbfhsfk pkrcwbi qiqlung qtdcsjw rigjako riqlwht rrawmxo sgamscv slrbqew tfqtfbi tfxdije tgisclj ubwudvg ufffiln ufghatu vjkcjsv voauahj wnbkxkc wowanme xiicvts xqfpbdm yhpwnul yjiwcaa ahvkjdn aehkhli amifrts anafxau aqwbnkv abogitb 
agihdss anjsxaf annbwww bapmjsa bbadmdk cbqrpuv cdlouua dachawn dfjqast ehaekor ekapnew fbncxqy febagmt geecakq gglbspu hajeumj hgynann ibwiwud iegaura jgvlqpn jjohhvt kfadrgs khoceas llyists ltuquqm mburjcs mfhhapx nepwroo njyvlal obnbwud ocboabm pbfhsfk pkrcwbi qiqlung qtdcsjw rigjako riqlwht rrawmxo sgamscv slrbqew tfqtfbi tfxdije tgisclj ubwudvg ufffiln ufghatu vjkcjsv voauahj wnbkxkc wowanme xiicvts xqfpbdm yhpwnul yjiwcaa ahvkjdn aehkhli amifrts anafxau aqwbnkv abogitb 
agihdss anjsxaf annbwww bapmjsa bbadmdk cbqrpuv cdlouua dachawn dfjqast ehaekor ekapnew fbncxqy febagmt geecakq gglbspu hajeumj hgynann ibwiwud iegaura jgvlqpn jjohhvt kfadrgs khoceas llyists ltuquqm mburjcs mfhhapx nepwroo njyvlal obnbwud ocboabm pbfhsfk pkrcwbi qiqlung qtdcsjw rigjako riqlwht rrawmxo sgamscv slrbqew tfqtfbi tfxdije tgisclj ubwudvg ufffiln ufghatu vjkcjsv voauahj wnbkxkc wowanme xiicvts xqfpbdm yhpwnul yjiwcaa ahvkjdn aehkhli amifrts anafxau aqwbnkv abogitb 
hsaonli 
agihdss anjsxaf annbwww bapmjsa bbadmdk cbqrpuv cdlouua dachawn dfjqast ehaekor ekapnew fbncxqy febagmt geecakq gglbspu hajeumj hgynann ibwiwud iegaura jgvlqpn jjohhvt kfadrgs khoceas llyists lptjahe mburjcs mfhhapx nepwroo njyvlal obnbwud ocboabm pbfhsfk pkdaagl pkrcwbi qiqlung qtdcsjw rbopvbg rigjako riqlwht sgamscv slrbqew tfqtfbi tfxdije tgisclj ubwudvg ufffiln ufghatu vejvddu vjkcjsv wnbkxkc wowanme xaqwkkq xiicvts yhpwnul yjiwcaa ahvkjdn aehkhli amifrts anafxau aqwbnkv abogitb apmggky 
TRUE 
agihdss alodfii bapmjsa bbadmdk cbqrpuv cdlouua dachawn dfjqast ehaekor ekapnew fbncxqy febagmt geecakq gglbspu hajeumj hgynann ibwiwud iegaura jgvlqpn jjohhvt kfadrgs khoceas llyists lptjahe mburjcs mfhhapx nepwroo njyvlal obnbwud ocboabm pbfhsfk pkdaagl pkrcwbi qiqlung qtdcsjw rbopvbg rigjako riqlwht sgamscv slrbqew tfqtfbi tfxdije tgisclj ubwudvg ufffiln ufghatu vejvddu vjkcjsv wnbkxkc wowanme xaqwkkq xiicvts yhpwnul yjiwcaa ahvkjdn aehkhli amifrts anafxau aqwbnkv abogitb apmggky 
agihdss alodfii bapmjsa bbadmdk cbqrpuv cdlouua dachawn dfjqast ehaekor ekapnew fbncxqy febagmt geecakq gglbspu hajeumj hgynann ibwiwud iegaura jgvlqpn jjohhvt kfadrgs khoceas llyists lptjahe mburjcs mfhhapx nepwroo nhsescs obnbwud ocboabm pbfhsfk pkdaagl pkrcwbi qiqlung qtdcsjw rbopvbg rigjako riqlwht sgamscv slrbqew tfqtfbi tfxdije tgisclj ubwudvg ufffiln ufghatu vejvddu vjkcjsv wnbkxkc wowanme xaqwkkq xiicvts yhpwnul yjiwcaa ahvkjdn aehkhli amifrts anafxau aqwbnkv abogitb apmggky 
7yeynwv pyeynwv qyeynwv ryeynwv syeynwv syeynwv 
2yeynwv a9vwqca awvwqca axvwqca ayvwqca azvwqca bxvoevt c9louua cwlouua cxlouua cylouua czlouua c9louua cwlouua cxlouua cylouua czlouua 
agihdss aihvbaq bapmjsa bbadmdk cbqrpuv cdlouua dachawn dfjqast ehaekor ekapnew fbncxqy febagmt geecakq gglbspu hajeumj hgynann ibwiwud iegaura jgvlqpn jjohhvt kfadrgs khoceas llyists lptjahe mburjcs mfhhapx nepwroo nhsescs oaoadaj obnbwud pbfhsfk pkdaagl pkrcwbi qiqlung qtdcsjw rbopvbg rigjako riqlwht sgamscv slrbqew tfqtfbi tfxdije tgisclj ubwudvg ufffiln ufghatu vejvddu vjkcjsv wnbkxkc wowanme xaqwkkq xiicvts yhpwnul yjiwcaa ahvkjdn aehkhli amifrts anafxau aqwbnkv abogitb apmggky 
107.365340 
107.374707 
6yeynwv myeynwv nyeynwv oyeynwv oyeynwv 
FALSE 
dmuxqhr 

advajpm agihdss bapmjsa bbadmdk cbqrpuv cdlouua dachawn ddhctaa ehaekor ehnodgc ekapnew fbncxqy febagmt fetxkrg geecakq gglbspu hajeumj hgynann ibwiwud iegaura jgvlqpn jjohhvt kfadrgs khoceas llyists lmjvxwk mburjcs mfhhapx nepwroo nhsescs oaoadaj obnbwud pbfhsfk pdrpdhs qhhymwr qiqlung rbopvbg rigjako riqlwht sgamscv skatiqg tfqtfbi tfxdije tgisclj ubwudvg ufffiln ufghatu vejvddu vjkcjsv wnbkxkc wngyorl wowanme xaqwkkq xbgddlq yhpwnul yjiwcaa ahvkjdn aehkhli amifrts anafxau aqwbnkv abogitb apmggky asfxvvy 
44mbayy 4gvlqpn 4hmbayy 4imbayy gglbspu h4aonli h4fcgde hgynann hhsraai hiaonli hifcgde iheldlm iheldlm 
advajpm agihdss bapmjsa bbadmdk cbqrpuv cdlouua dachawn ddhctaa ehaekor ehnodgc ekapnew fbncxqy febagmt fetxkrg gbtogyc geecakq hajeumj hgynann ibwiwud iegaura jgvlqpn jjohhvt kfadrgs khoceas llyists lmjvxwk mburjcs mfhhapx nepwroo nhsescs oaoadaj obnbwud pbfhsfk pbjemta pdrpdhs qhhymwr qiqlung rbopvbg rigjako riqlwht sgamscv skatiqg tfjafxi tfqtfbi tgisclj ubwudvg ufffiln ufghatu vejvddu vjkcjsv whtfena whtuvmd wnbkxkc wngyorl xaqwkkq xbgddlq yhpwnul yjiwcaa ahvkjdn aehkhli amifrts anafxau aqwbnkv abogitb apmggky asfxvvy 
advajpm agihdss bapmjsa bbadmdk cbqrpuv cdlouua dachawn ddhctaa ehaekor ehnodgc ekapnew fbncxqy febagmt fetxkrg gbtogyc geecakq hajeumj hgynann ibwiwud iegaura jgvlqpn jjohhvt kfadrgs khoceas llyists lmjvxwk mburjcs mfhhapx nepwroo nhsescs oaoadaj obnbwud pbfhsfk pbjemta pdrpdhs qhhymwr qiqlung rbopvbg rigjako riqlwht sgamscv skatiqg tfjafxi tfqtfbi tgisclj ubwudvg ufffiln ufghatu vejvddu vjkcjsv whtfena whtuvmd wnbkxkc wngyorl xaqwkkq xbgddlq yhpwnul yjiwcaa ahvkjdn aehkhli amifrts anafxau aqwbnkv abogitb apmggky asfxvvy 
17mbayy 1pmbayy 1qmbayy 1rmbayy 1smbayy 17mbayy 1pmbayy 1qmbayy 1rmbayy 1smbayy 
wvmbayy 
advajpm agihdss bapmjsa bbadmdk cbqrpuv cdlouua dachawn ddhctaa ehaekor ehnodgc ekapnew fbncxqy febagmt fetxkrg gbtogyc geecakq hajeumj hgynann ibwiwud iegaura jeaelxr jgvlqpn kfadrgs khoceas llyists lmjvxwk mburjcs mfhhapx ncrklut nepwroo oaoadaj obnbwud pbfhsfk pbjemta pdrpdhs qhhymwr qiqlung rbopvbg rigjako riqlwht sgamscv skatiqg tfjafxi tfqtfbi tgisclj ubwudvg ufffiln ufghatu vejvddu vjkcjsv whtfena whtuvmd wnbkxkc wngyorl xaqwkkq xbgddlq yhpwnul yjiwcaa ahvkjdn aehkhli amifrts anafxau aqwbnkv abogitb apmggky asfxvvy 
lombayy 
FALSE 
95mbayy 9johhvt 9kmbayy 9lmbayy w5mbayy wjohhvt wkmbayy wlmbayy x5mbayy xjohhvt xkmbayy xlmbayy y5mbayy yjohhvt ykmbayy ylmbayy z5mbayy zjohhvt zkmbayy zlmbayy z5mbayy zjohhvt zkmbayy zlmbayy 
98mbayy 9tpinsn 9umbayy 9vmbayy w8mbayy wtpinsn wumbayy wvmbayy x8mbayy xtpinsn xumbayy xvmbayy y8mbayy ytpinsn yumbayy yvmbayy z8mbayy ztpinsn zumbayy zvmbayy z8mbayy ztpinsn zumbayy zvmbayy 
advajpm agihdss bapmjsa bbadmdk cbqrpuv cdlouua dachawn ddhctaa ehaekor ehnodgc ekapnew fbncxqy febagmt fetxkrg gbtogyc geecakq hajeumj hgynann ibwiwud iegaura jeaelxr jgvlqpn kfadrgs khoceas llyists lmjvxwk mburjcs mfhhapx ncrklut nepwroo oaoadaj obnbwud pbfhsfk pbjemta pdrpdhs qhhymwr qiqlung rbopvbg rigjako riqlwht sgamscv skatiqg tfjafxi tfqtfbi tgisclj ubwudvg ufffiln ufghatu vejvddu vjkcjsv whtfena whtuvmd wnbkxkc wngyorl xaqwkkq xbgddlq yhpwnul yjiwcaa ahvkjdn aehkhli amifrts anafxau aqwbnkv abogitb apmggky asfxvvy acpqfyg 
oombayy 
advajpm agihdss bapmjsa bbadmdk cbqrpuv cdlouua dachawn ddhctaa ehaekor ehnodgc ekapnew fbncxqy febagmt fetxkrg gbtogyc geecakq hajeumj hgynann ibwiwud iegaura jeaelxr jgvlqpn kfadrgs khoceas llyists lmjvxwk mburjcs mfhhapx ncrklut nepwroo oaoadaj obnbwud pbfhsfk pbjemta pdrpdhs qhhymwr qiqlung rbopvbg rigjako riqlwht sgamscv skatiqg tfjafxi tfqtfbi tgisclj ubwudvg ufffiln ufghatu vejvddu vjkcjsv whtfena whtuvmd wnbkxkc wngyorl xaqwkkq xbgddlq yhpwnul yjiwcaa ahvkjdn aehkhli amifrts anafxau aqwbnkv abogitb apmggky asfxvvy acpqfyg 

64mbayy 6gvlqpn 6hmbayy 6imbayy m4mbayy mgvlqpn mhmbayy mimbayy n4mbayy ngvlqpn nhmbayy nimbayy o4mbayy ogvlqpn ohmbayy oimbayy o4mbayy ogvlqpn ohmbayy oimbayy 
advajpm agihdss bapmjsa bbadmdk cbqrpuv cdlouua dachawn ddhctaa ehaekor ehnodgc ekapnew fbncxqy febagmt fetxkrg gbtogyc geecakq hajeumj hgynann ibwiwud iegaura jeaelxr jgvlqpn kfadrgs khoceas llyists lmjvxwk mburjcs mfhhapx ncrklut nepwroo oaoadaj obnbwud pbfhsfk pbjemta pdrpdhs qhhymwr qiqlung rbopvbg rigjako riqlwht sgamscv skatiqg tfjafxi tfqtfbi tgisclj ubwudvg ufffiln ufghatu vejvddu vjkcjsv whtfena whtuvmd wnbkxkc wngyorl xaqwkkq xbgddlq yhpwnul yjiwcaa ahvkjdn aehkhli amifrts anafxau aqwbnkv abogitb apmggky asfxvvy acpqfyg 
FALSE 
advajpm agihdss bapmjsa bbadmdk cbqrpuv cdlouua dachawn ddhctaa ehaekor ehnodgc ekapnew fbncxqy febagmt fetxkrg gbtogyc geecakq hajeumj hgynann ibwiwud iegaura jeaelxr jgvlqpn kfadrgs khoceas llyists lmjvxwk mburjcs mfhhapx ncrklut nepwroo oaoadaj obnbwud pbfhsfk pbjemta pdrpdhs qhhymwr qiqlung rbopvbg rigjako riqlwht sgamscv skatiqg tfjafxi tfqtfbi tgisclj ubwudvg ufffiln ufghatu vejvddu vjkcjsv whtfena whtuvmd wnbkxkc wngyorl xaqwkkq xbgddlq yhpwnul yjiwcaa ahvkjdn aehkhli amifrts anafxau aqwbnkv abogitb apmggky asfxvvy acpqfyg aehhacj 
enqnjxi 
90mbayy w0mbayy x0mbayy y0mbayy z0mbayy z0mbayy 
54mbayy 5gvlqpn 5hmbayy 5imbayy j4mbayy jgvlqpn jhmbayy jimbayy k4mbayy kgvlqpn khmbayy kimbayy l4mbayy lgvlqpn lhmbayy limbayy l4mbayy lgvlqpn lhmbayy limbayy 
FALSE 
advajpm agihdss bapmjsa bbadmdk cbqrpuv cdlouua dachawn ddhctaa ehaekor ehnodgc ekapnew fbncxqy febagmt fetxkrg gbtogyc geecakq hajeumj hgynann ibwiwud iegaura jeaelxr jgvlqpn kanhnve kfadrgs llyists lmjvxwk mburjcs mfhhapx ncrklut nepwroo oaoadaj obnbwud pbfhsfk pbjemta pdrpdhs qhhymwr qiqlung rbopvbg rigjako riqlwht sgamscv skatiqg tfjafxi tfqtfbi tgisclj ubwudvg ufffiln ufghatu vejvddu vjkcjsv whtfena whtuvmd wnbkxkc wngyorl xaqwkkq xbgddlq yhpwnul yjiwcaa ahvkjdn aehkhli amifrts anafxau aqwbnkv abogitb apmggky asfxvvy acpqfyg aehhacj aongrvb 
nwmbayy 

advajpm agihdss bapmjsa bbadmdk cbqrpuv cdlouua dachawn ddhctaa ehaekor ehnodgc ekapnew fbncxqy febagmt fetxkrg gbtogyc geecakq hajeumj hgynann ibwiwud ieebfya iegaura jeaelxr jgvlqpn kanhnve kfadrgs llyists lmjvxwk mburjcs mfhhapx ncrklut nepwroo oaoadaj obnbwud pbfhsfk pbjemta pdrpdhs qhhymwr qiqlung rbopvbg rigjako riqlwht sgamscv skatiqg tbgbkas tfjafxi tfqtfbi ubwudvg ufffiln ufghatu vejvddu vjkcjsv whtfena whtuvmd wnbkxkc wngyorl xaqwkkq xbgddlq yhpwnul yjiwcaa ahvkjdn aehkhli amifrts anafxau aqwbnkv abogitb apmggky asfxvvy acpqfyg aehhacj aongrvb 
107.316327 
95mbayy 9johhvt 9kmbayy 9lmbayy w5mbayy wjohhvt wkmbayy wlmbayy x5mbayy xjohhvt xkmbayy xlmbayy y5mbayy yjohhvt ykmbayy ylmbayy z5mbayy zjohhvt zkmbayy zlmbayy z5mbayy zjohhvt zkmbayy zlmbayy 
advajpm agihdss bapmjsa bbadmdk cbqrpuv cdlouua dachawn ddhctaa ehaekor ehnodgc ekapnew fbncxqy febagmt fetxkrg gbtogyc geecakq hajeumj hgynann ibwiwud ieebfya iegaura jeaelxr jgvlqpn kanhnve kfadrgs llyists lmjvxwk mburjcs mfhhapx ncrklut nepwroo oaoadaj obnbwud pbfhsfk pbjemta pdrpdhs qhhymwr qiqlung rbopvbg rigjako riqlwht sgamscv skatiqg tbgbkas tfjafxi tfqtfbi ubwudvg ufffiln ufghatu vejvddu vjkcjsv whtfena whtuvmd wnbkxkc wngyorl xaqwkkq xbgddlq yhpwnul yjiwcaa ahvkjdn aehkhli amifrts anafxau aqwbnkv abogitb apmggky asfxvvy acpqfyg aehhacj aongrvb 
gxcbgth 
advajpm agihdss bapmjsa bbadmdk cbqrpuv cdlouua dachawn ddhctaa ehaekor ehnodgc ekapnew fbncxqy febagmt fetxkrg gbtogyc geecakq hajeumj hgynann ibwiwud ieebfya iegaura jeaelxr jgvlqpn kanhnve kfadrgs llyists lmjvxwk mburjcs mfhhapx ncrklut nepwroo oaoadaj obnbwud pbfhsfk pbjemta pdrpdhs qhhymwr qiqlung rbopvbg rigjako riqlwht sgamscv skatiqg tbgbkas tfjafxi tfqtfbi ubwudvg ufffiln ufghatu vejvddu vjkcjsv whtfena whtuvmd wnbkxkc wngyorl xaqwkkq xbgddlq yhpwnul yjiwcaa ahvkjdn aehkhli amifrts anafxau aqwbnkv abogitb apmggky asfxvvy acpqfyg aehhacj aongrvb 
FALSE 
107.245473 
hgynann 
68mbayy 6tpinsn 6umbayy 6vmbayy m8mbayy mtpinsn mumbayy mvmbayy n8mbayy ntpinsn numbayy nvmbayy o8mbayy otpinsn oumbayy ovmbayy o8mbayy otpinsn oumbayy ovmbayy 
wcmbayy 
07mbayy 0pmbayy 0qmbayy 0rmbayy 0srycjv 07mbayy 0pmbayy 0qmbayy 0rmbayy 0srycjv 
advajpm agihdss bapmjsa bbadmdk cbqrpuv cdlouua dachawn ddhctaa ehaekor ehnodgc ekapnew fbncxqy febagmt fetxkrg gbtogyc geecakq hajeumj hgynann ibwiwud ieebfya iegaura jeaelxr jeokcir jfwhtvm kanhnve kfadrgs llyists lmjvxwk mburjcs mfhhapx ncrklut nepwroo oaoadaj obnbwud pbfhsfk pbjemta pdrpdhs qhhymwr qiqlung rbopvbg rigjako riqlwht sgamscv skatiqg tbgbkas tfjafxi tfqtfbi ubpmolw ubwudvg ufffiln ufghatu vejvddu viadvka whtfena whtuvmd wnbkxkc wngyorl xaqwkkq xbgddlq yhpwnul yjiwcaa ahvkjdn aehkhli amifrts anafxau aqwbnkv abogitb apmggky asfxvvy acpqfyg aehhacj aongrvb 
advajpm aetcgdj bapmjsa bbadmdk cbqrpuv cdlouua dachawn ddhctaa ehaekor ehnodgc ekapnew fbncxqy febagmt fetxkrg gbtogyc geecakq hajeumj hgynann ibwiwud ieebfya iegaura jeaelxr jeokcir jfwhtvm kanhnve kfadrgs llyists lmjvxwk mburjcs mfhhapx ncrklut nepwroo oaoadaj obnbwud pbfhsfk pbjemta pdrpdhs qhhymwr qiqlung rbopvbg rigjako riqlwht sgamscv skatiqg tbgbkas tfjafxi tfqtfbi ubpmolw ubwudvg ufffiln ufghatu vejvddu viadvka whtfena whtuvmd wnbkxkc wngyorl xaqwkkq xbgddlq yhpwnul yjiwcaa ahvkjdn aehkhli amifrts anafxau aqwbnkv abogitb apmggky asfxvvy acpqfyg aehhacj aongrvb adtegdp 
mfwhtvm 
qmenemr 
advajpm aetcgdj bapmjsa bbadmdk cbqrpuv cdlouua dachawn ddhctaa ehaekor ehnodgc ekapnew fbncxqy febagmt fetxkrg gbtogyc geecakq hajeumj hgynann ibwiwud ieebfya iegaura jeaelxr jeokcir jfwhtvm kanhnve kfadrgs llyists lmjvxwk mburjcs mfhhapx ncrklut nepwroo oaoadaj obnbwud pbfhsfk pbjemta pdrpdhs qhhymwr qiqlung rbopvbg rigjako riqlwht sgamscv skatiqg tbgbkas tfjafxi tfqtfbi ubpmolw ubwudvg ufffiln ufghatu vejvddu viadvka whtfena whtuvmd wnbkxkc wngyorl xaqwkkq xbgddlq yhpwnul yjiwcaa ahvkjdn aehkhli amifrts anafxau aqwbnkv abogitb apmggky asfxvvy acpqfyg aehhacj aongrvb adtegdp 
advajpm aetcgdj bapmjsa bbadmdk cbqrpuv cdlouua dachawn ddhctaa ehaekor ehnodgc ekapnew fbncxqy febagmt fetxkrg gbtogyc geecakq hajeumj hgynann ibwiwud ieebfya iegaura jeaelxr jeokcir jfwhtvm kanhnve kfadrgs llyists lmjvxwk mburjcs mfhhapx ncrklut nepwroo oaoadaj obnbwud pbfhsfk pbjemta pdrpdhs qhhymwr qiqlung rbopvbg rigjako riqlwht sgamscv skatiqg tbgbkas tfjafxi tfqtfbi ubpmolw ubwudvg ufffiln ufghatu vejvddu viadvka whtfena whtuvmd wnbkxkc wngyorl xaqwkkq xbgddlq yhpwnul yjiwcaa ahvkjdn aehkhli amifrts anafxau aqwbnkv abogitb apmggky asfxvvy acpqfyg aehhacj aongrvb adtegdp 
ormbayy 
81mbayy t1mbayy u1mbayy v1mbayy v1mbayy 
15mbayy 1johhvt 1jpkmbc 1kmbayy 1lmbayy 15mbayy 1johhvt 1jpkmbc 1kmbayy 1lmbayy 
advajpm aetcgdj bapmjsa bbadmdk cbqrpuv cdlouua dachawn ddhctaa ehaekor ehnodgc ekapnew famqnob fbncxqy gboveog gbtogyc geecakq hajeumj hgynann ibwiwud ieebfya iegaura jeaelxr jeokcir jfwhtvm kanhnve kfadrgs llyists lmjvxwk mburjcs mfhhapx ncrklut nepwroo oaoadaj obnbwud pbfhsfk pbjemta pdrpdhs qhhymwr qiqlung rbopvbg rigjako riqlwht sgamscv skatiqg tbgbkas tfjafxi tfqtfbi ubpmolw ubwudvg ufffiln ufghatu vejvddu viadvka whtfena whtuvmd wnbkxkc wngyorl xaqwkkq xbgddlq yhpwnul yjiwcaa ahvkjdn aehkhli amifrts anafxau aqwbnkv abogitb apmggky asfxvvy acpqfyg aehhacj aongrvb adtegdp 
advajpm aetcgdj bapmjsa bbadmdk cbqrpuv cdlouua dachawn ddhctaa ehaekor ehnodgc ekapnew famqnob fbncxqy gboveog gbtogyc geecakq hajeumj hgynann ibwiwud ieebfya iegaura jeaelxr jeokcir jfwhtvm kanhnve kfadrgs llyists lmjvxwk mburjcs mfhhapx nbwypda ncrklut oaoadaj obnbwud pbfhsfk pbjemta pdrpdhs qhhymwr qiqlung rbopvbg rigjako riqlwht sbegjnf sgamscv tbgbkas tfjafxi tfqtfbi ubpmolw ubwudvg ufffiln ufghatu vejvddu viadvka whtfena whtuvmd wnbkxkc wngyorl xaqwkkq xbgddlq yhpwnul yjiwcaa ahvkjdn aehkhli amifrts anafxau aqwbnkv abogitb apmggky asfxvvy acpqfyg aehhacj aongrvb adtegdp 
FALSE 
ogvlqpn 
advajpm aetcgdj bapmjsa bbadmdk cbqrpuv cdlouua dachawn ddhctaa ehaekor ehnodgc ekapnew famqnob fbncxqy gboveog gbtogyc geecakq hajeumj hgynann ibwiwud ieebfya iegaura jeaelxr jeokcir jfwhtvm kanhnve kfadrgs llyists lmjvxwk mburjcs mfhhapx nbwypda ncrklut oaoadaj obnbwud pbfhsfk pbjemta pdrpdhs qhhymwr qiqlung rbopvbg rigjako riqlwht sbegjnf sgamscv tbgbkas tfjafxi tfqtfbi ubpmolw ubwudvg ufffiln ufghatu vejvddu viadvka whtfena whtuvmd wnbkxkc wngyorl xaqwkkq xbgddlq yhpwnul yjiwcaa ahvkjdn aehkhli amifrts anafxau aqwbnkv abogitb apmggky asfxvvy acpqfyg aehhacj aongrvb adtegdp 
41mbayy h1aonli h1fcgde i1kmfrq i1kmfrq 
FALSE 
advajpm aetcgdj bapmjsa bbadmdk cbqrpuv cdlouua dachawn ddhctaa ehaekor ehnodgc ekapnew famqnob fbncxqy gboveog gbtogyc geecakq hajeumj hgynann ibwiwud ieebfya iegaura jeaelxr jeokcir jfwhtvm kanhnve kfadrgs llyists lmjvxwk mburjcs mfhhapx nbwypda ncrklut oaoadaj obnbwud pbfhsfk pbjemta pdrpdhs qhhymwr qiqlung rbopvbg rigjako riqlwht sbegjnf sgamscv tbgbkas tfjafxi tfqtfbi ubpmolw ubwudvg ufffiln ufghatu vejvddu viadvka whtfena whtuvmd wnbkxkc wngyorl xaqwkkq xbgddlq yhpwnul yjiwcaa ahvkjdn aehkhli amifrts anafxau aqwbnkv abogitb apmggky asfxvvy acpqfyg aehhacj aongrvb adtegdp 
sbmbayy 
FALSE 
ivkmfrq 
107.137066 
ksrycjv 
78mbayy 7tpinsn 7umbayy 7vmbayy p8mbayy ptpinsn pumbayy pvmbayy q8mbayy qtpinsn qumbayy qvmbayy r8mbayy rtpinsn rumbayy rvmbayy s8mbayy stpinsn sumbayy svmbayy s8mbayy stpinsn sumbayy svmbayy 
69mbayy 6wmbayy 6xmbayy 6ymbayy 6zmbayy m9mbayy mwmbayy mxmbayy mymbayy mzmbayy n9mbayy nwmbayy nxmbayy nymbayy nzmbayy o9mbayy owmbayy oxmbayy oymbayy ozmbayy o9mbayy owmbayy oxmbayy oymbayy ozmbayy 
advajpm aetcgdj bapmjsa bbadmdk cbqrpuv cdlouua dachawn ddhctaa ehaekor ehnodgc ekapnew famqnob fbncxqy gboveog gbtogyc geecakq hajeumj hgirkcm hgynann ibgltyx ibwiwud idhwabl jarytkd jeaelxr jeokcir kanhnve kfadrgs leakxns lhfauad mburjcs mespqku nbwypda ncrklut oaoadaj obnbwud pbfhsfk pbjemta pdrpdhs qhhymwr qiqlung rbopvbg rigjako riqlwht sbegjnf sgamscv sgypqip tbgbkas tfjafxi tfqtfbi ubpmolw ubwudvg ufffiln ufghatu vejvddu viadvka whtfena whtuvmd wnbkxkc wngyorl xaqwkkq xbgddlq yhpwnul yjiwcaa ahvkjdn aehkhli amifrts anafxau aqwbnkv abogitb apmggky asfxvvy acpqfyg aehhacj aongrvb adtegdp 
advajpm aetcgdj bapmjsa bbadmdk cbqrpuv cdlouua dachawn ddhctaa ehaekor ehnodgc ekapnew famqnob fbncxqy gboveog gbtogyc geecakq hajeumj hgirkcm hgynann ibgltyx ibwiwud idhwabl jarytkd jeaelxr jeokcir kanhnve kfadrgs leakxns lhfauad mburjcs mespqku nbwypda ncrklut oaoadaj obnbwud pbfhsfk pbjemta pdrpdhs qhhymwr qiqlung rbopvbg rigjako riqlwht sbegjnf sgamscv sgypqip tbgbkas tfjafxi tfqtfbi ubpmolw ubwudvg ufffiln ufghatu vejvddu viadvka whtfena whtuvmd wnbkxkc wngyorl xaqwkkq xbgddlq yhpwnul yjiwcaa ahvkjdn aehkhli amifrts anafxau aqwbnkv abogitb apmggky asfxvvy acpqfyg aehhacj aongrvb adtegdp 
advajpm aetcgdj bapmjsa bbadmdk cbqrpuv cdlouua dachawn ddhctaa ehaekor ehnodgc ekapnew famqnob fbncxqy gboveog gbtogyc geecakq hajeumj hgirkcm hgynann ibgltyx ibwiwud idhwabl jarytkd jeaelxr jeokcir kanhnve kfadrgs leakxns lhfauad mburjcs mespqku nbwypda ncrklut oaoadaj obnbwud pbfhsfk pbjemta pdrpdhs qhhymwr qiqlung rbopvbg rigjako riqlwht sbegjnf sgamscv sgypqip tbgbkas tfjafxi tfqtfbi ubpmolw ubwudvg ufffiln ufghatu vejvddu viadvka whtfena whtuvmd wnbkxkc wngyorl xaqwkkq xbgddlq yhpwnul yjiwcaa ahvkjdn aehkhli amifrts anafxau aqwbnkv abogitb apmggky asfxvvy acpqfyg aehhacj aongrvb adtegdp 
advajpm aetcgdj bapmjsa bbadmdk cbqrpuv cdlouua dachawn ddhctaa ehaekor ehnodgc ekapnew famqnob fbncxqy gboveog gbtogyc geecakq hajeumj hgirkcm hgynann ibgltyx ibwiwud idhwabl jarytkd jeaelxr jeokcir kanhnve kfadrgs leakxns lhfauad mburjcs mespqku nbwypda ncrklut oaoadaj obnbwud pbfhsfk pbjemta pdrpdhs qhhymwr qiqlung rbopvbg rigjako riqlwht sbegjnf sgamscv sgypqip tbgbkas tfjafxi tfqtfbi ubpmolw ubwudvg ufffiln ufghatu vejvddu viadvka whtfena whtuvmd wnbkxkc wngyorl xaqwkkq xbgddlq yhpwnul yjiwcaa ahvkjdn aehkhli amifrts anafxau aqwbnkv abogitb apmggky asfxvvy acpqfyg aehhacj aongrvb adtegdp 
advajpm aetcgdj bapmjsa bbadmdk cbqrpuv cdlouua dachawn ddhctaa ehaekor ehnodgc ekapnew famqnob fbncxqy gboveog gbtogyc geecakq hajeumj hgirkcm hgynann ibgltyx ibwiwud idhwabl jarytkd jeaelxr jeokcir kanhnve kbiocqk leakxns lhfauad mburjcs mespqku nbwypda ncrklut oaoadaj obnbwud pbfhsfk pbjemta pdrpdhs qhhymwr qiqlung rbopvbg rigjako riqlwht sbegjnf sgamscv sgypqip tbgbkas tfjafxi tfqtfbi ubpmolw ubwudvg ufffiln ufghatu vejvddu viadvka whtfena whtuvmd wnbkxkc wngyorl xaqwkkq xbgddlq yhpwnul yjiwcaa ahvkjdn aehkhli amifrts anafxau aqwbnkv abogitb apmggky asfxvvy acpqfyg aehhacj aongrvb adtegdp ayvykxw 
60mbayy m0mbayy n0mbayy o0mbayy o0mbayy 
80mbayy t0mbayy u0mbayy v0mbayy v0mbayy 
abalhrw advajpm bapmjsa bbadmdk cbqrpuv cdlouua dachawn ddhctaa ehaekor ehnodgc ekapnew famqnob fbncxqy gboveog gbtogyc geecakq hajeumj hgirkcm hgynann ibgltyx ibwiwud idhwabl jarytkd jeaelxr jeokcir kanhnve kbiocqk leakxns lhfauad mburjcs mespqku nbwypda ncrklut oaoadaj objkoso obnbwud pbfhsfk pbjemta pdrpdhs qhhymwr qiqlung rbopvbg rigjako riqlwht sbegjnf sgamscv sgypqip tbgbkas tfjafxi tfqtfbi ubpmolw ubwudvg ufffiln ufghatu vejvddu viadvka whtfena whtuvmd wnbkxkc wngyorl xaqwkkq xbgddlq yhpwnul yjiwcaa ahvkjdn aehkhli amifrts anafxau aqwbnkv abogitb apmggky asfxvvy acpqfyg aehhacj aongrvb adtegdp ayvykxw 
abalhrw advajpm bapmjsa bbadmdk cbqrpuv cdlouua dachawn ddhctaa ehaekor ehnodgc ekapnew famqnob fbncxqy gboveog gbtogyc geecakq hajeumj hgirkcm hgynann ibgltyx ibwiwud idhwabl jarytkd jeaelxr jeokcir kanhnve kbiocqk leakxns lhfauad mburjcs mespqku nbwypda ncrklut oaoadaj objkoso obnbwud pbfhsfk pbjemta pdrpdhs qhhymwr qiqlung rbopvbg rigjako riqlwht sbegjnf sgamscv sgypqip tbgbkas tfjafxi tfqtfbi ubpmolw ubwudvg ufffiln ufghatu vejvddu viadvka whtfena whtuvmd wnbkxkc wngyorl xaqwkkq xbgddlq yhpwnul yjiwcaa ahvkjdn aehkhli amifrts anafxau aqwbnkv abogitb apmggky asfxvvy acpqfyg aehhacj aongrvb adtegdp ayvykxw 
02mbayy 0arytkd 0bmbayy 0cmbayy 02mbayy 0arytkd 0bmbayy 0cmbayy 
107.254174 
abalhrw advajpm bapmjsa bbadmdk cbqrpuv cdlouua dachawn ddhctaa ehaekor ehnodgc ekapnew famqnob fbncxqy gboveog gbtogyc geecakq hajeumj hgirkcm hgynann ibgltyx ibwiwud idhwabl jarytkd jeaelxr jeokcir kanhnve kbiocqk leakxns lhfauad mburjcs mespqku nbwypda ncrklut oaoadaj objkoso obnbwud pbfhsfk pbjemta pdrpdhs qhhymwr qiqlung rbopvbg rigjako riqlwht sbegjnf sgamscv sgypqip tbgbkas tfjafxi tfqtfbi ubpmolw ubwudvg ufffiln ufghatu vejvddu viadvka whtfena whtuvmd wnbkxkc wngyorl xaqwkkq xbgddlq yhpwnul yjiwcaa ahvkjdn aehkhli amifrts anafxau aqwbnkv abogitb apmggky asfxvvy acpqfyg aehhacj aongrvb adtegdp ayvykxw 
abalhrw advajpm bapmjsa bbadmdk cbqrpuv cdlouua dachawn ddhctaa ehaekor ehnodgc ekapnew famqnob fbncxqy gboveog gbtogyc geecakq hajeumj hgirkcm hgynann ibgltyx ibwiwud idhwabl jarytkd jeaelxr jeokcir kanhnve kbiocqk leakxns lhfauad mburjcs mespqku nbwypda ncrklut oaoadaj objkoso obnbwud pbfhsfk pbjemta pdrpdhs qhhymwr qiqlung rbopvbg rigjako riqlwht sbegjnf sgamscv sgypqip tbgbkas tfjafxi tfqtfbi ubpmolw ubwudvg ufffiln ufghatu vejvddu viadvka whtfena whtuvmd wnbkxkc wngyorl xaqwkkq xbgddlq yhpwnul yjiwcaa ahvkjdn aehkhli amifrts anafxau aqwbnkv abogitb apmggky asfxvvy acpqfyg aehhacj aongrvb adtegdp ayvykxw 
abalhrw advajpm bapmjsa bbadmdk cbqrpuv cdlouua dachawn ddhctaa ehaekor ehnodgc ekapnew famqnob fbncxqy gboveog gbtogyc geecakq hajeumj hgirkcm hgynann ibgltyx ibwiwud idhwabl jarytkd jeaelxr jeokcir kanhnve kbiocqk leakxns lhfauad mburjcs mespqku nbwypda ncrklut oaoadaj objkoso obnbwud pbfhsfk pbjemta pdrpdhs qhhymwr qiqlung rbopvbg rigjako riqlwht sbegjnf sgamscv sgypqip tbgbkas tfjafxi tfqtfbi ubpmolw ubwudvg ufffiln ufghatu vejvddu viadvka whtfena whtuvmd wnbkxkc wngyorl xaqwkkq xbgddlq yhpwnul yjiwcaa ahvkjdn aehkhli amifrts anafxau aqwbnkv abogitb apmggky asfxvvy acpqfyg aehhacj aongrvb adtegdp ayvykxw 
pwmbayy 
107.254174 
93mbayy 9dmbayy 9eaelxr 9eokcir 9femxgb 9fwhtvm w3mbayy wdmbayy weaelxr weokcir wfemxgb wfwhtvm x3mbayy xdmbayy xeaelxr xeokcir xfemxgb xfwhtvm y3mbayy ydmbayy yeaelxr yeokcir yfemxgb yfwhtvm z3mbayy zdmbayy zeaelxr zeokcir zfemxgb zfwhtvm z3mbayy zdmbayy zeaelxr zeokcir zfemxgb zfwhtvm 
107.396617 
25mbayy 2johhvt 2jpkmbc 2kmbayy 2lmbayy a5vwqca ajvwqca akvwqca aleyhas alodfii alovxro b5glvwt b5ulrnd bjglvwt bjulrnd bkglvwt bkulrnd blglvwt blulrnd c5louua cjlouua cklouua cllouua c5louua cjlouua cklouua cllouua 
71mbayy p1mbayy q1mbayy r1mbayy s1mbayy s1mbayy 
107.358071 
cplouua 
abalhrw advajpm bapmjsa bbadmdk cbqrpuv cdlouua dachawn ddhctaa ehaekor ehnodgc ekapnew famqnob fbncxqy gaaeawa gboveog gbtogyc hajeumj hgirkcm hgynann ibgltyx ibwiwud icnwocp jarytkd jeaelxr jeokcir kanhnve kbiocqk leakxns lhfauad mburjcs mespqku nbwypda ncrklut oaoadaj objkoso obnbwud pbfhsfk pbjemta pdrpdhs qevajdb qhhymwr rbopvbg rgreptt sbegjnf sgamscv sgypqip tbgbkas tfjafxi tfqtfbi ubpmolw ubwudvg ufffiln ufghatu vbttmoy vejvddu wgrveba whbaicm whtfena whtuvmd xaqwkkq xbgddlq yhpwnul yjiwcaa yjnakna ahvkjdn aehkhli amifrts anafxau aqwbnkv abogitb apmggky asfxvvy acpqfyg aehhacj aongrvb adtegdp ayvykxw atxpvav 
FALSE 
86mbayy 8menemr 8nhbfso 8oyvnub t6mbayy tmenemr tnhbfso toyvnub u6mbayy umenemr unhbfso uoyvnub v6mbayy vmenemr vnhbfso voyvnub v6mbayy vmenemr vnhbfso voyvnub 
FALSE 
abalhrw advajpm bapmjsa bbadmdk cbqrpuv cdlouua dachawn ddhctaa ehaekor ehnodgc ekapnew famqnob fbncxqy gaaeawa gboveog gbtogyc hajeumj hgirkcm hgynann ibgltyx ibwiwud icnwocp jarytkd jeaelxr jeokcir kanhnve kbiocqk leakxns lhfauad mburjcs mespqku nbwypda ncrklut oaoadaj objkoso obnbwud pbfhsfk pbjemta pdrpdhs qevajdb qhhymwr rbopvbg rgreptt sbegjnf sgamscv sgypqip tbgbkas tfjafxi tfqtfbi ubpmolw ubwudvg ufffiln ufghatu vbttmoy vejvddu wgrveba whbaicm whtfena whtuvmd xaqwkkq xaxtwak xbgddlq yhpwnul yjiwcaa yjnakna ahvkjdn aehkhli amifrts anafxau aqwbnkv abogitb apmggky asfxvvy acpqfyg aehhacj aongrvb adtegdp ayvykxw atxpvav auqgtbh ahorhap 
fptrajc 
22mbayy 2arytkd 2bmbayy 2cmbayy a2vwqca aavwqca abalhrw acvwqca b2glvwt b2ulrnd bapmjsa bbadmdk bcbwdel c2louua calouua cbqrpuv cclouua c2louua calouua cbqrpuv cclouua 
abalhrw advajpm bapmjsa bbadmdk cbqrpuv cdlouua dachawn ddhctaa ehaekor ehnodgc ekapnew famqnob fbncxqy gaaeawa gboveog gbtogyc hajeumj hgirkcm hgynann ibgltyx ibwiwud icnwocp jarytkd jeaelxr jeokcir kanhnve kbiocqk leakxns lhfauad mburjcs mespqku nbsuifq nbwypda ncrklut oaoadaj objkoso obnbwud pbfhsfk pbjemta pdrpdhs qevajdb qhhymwr rbopvbg rgreptt sbegjnf sgamscv sgypqip tbgbkas tfjafxi tfqtfbi ubpmolw ubwudvg ufffiln ufghatu vbttmoy vejvddu wgrveba whbaicm whtfena whtuvmd xaqwkkq xaxtwak xbgddlq yfpbrkn yhpwnul ahvkjdn aehkhli amifrts anafxau aqwbnkv abogitb apmggky asfxvvy acpqfyg aehhacj aongrvb adtegdp ayvykxw atxpvav auqgtbh ahorhap atxwsmk 
59mbayy 5wmbayy 5xmbayy 5ymbayy 5zmbayy j9mbayy jwmbayy jxmbayy jymbayy jzmbayy k9mbayy kwmbayy kxmbayy kymbayy kzmbayy l9mbayy lwmbayy lxmbayy lymbayy lzmbayy l9mbayy lwmbayy lxmbayy lymbayy lzmbayy 
abalhrw advajpm bapmjsa bbadmdk cbqrpuv cdlouua dachawn ddhctaa ehaekor ehnodgc eipnlsl famqnob fbncxqy gaaeawa gboveog gbtogyc hajeumj hgirkcm hgynann ibgltyx ibwiwud icnwocp jarytkd jeaelxr jeokcir kanhnve kbiocqk leakxns lgmnady mburjcs mespqku nbsuifq nbwypda ncrklut oaoadaj objkoso obnbwud pbfhsfk pbjemta pdrpdhs qevajdb qhhymwr rbopvbg rgreptt sbegjnf sgamscv sgypqip tbgbkas tfjafxi tfqtfbi ubpmolw ubwudvg ufffiln ufghatu vbttmoy vejvddu wgrveba whbaicm whtfena whtuvmd xaqwkkq xaxtwak xbgddlq yfpbrkn yhpwnul ahvkjdn aehkhli amifrts anafxau aqwbnkv abogitb apmggky asfxvvy acpqfyg aehhacj aongrvb adtegdp ayvykxw atxpvav auqgtbh ahorhap atxwsmk 
12mbayy 1arytkd 1bmbayy 1cmbayy 12mbayy 1arytkd 1bmbayy 1cmbayy 
sfemxgb sfwhtvm 
FALSE 
abalhrw advajpm bapmjsa bbadmdk cbqrpuv cdlouua dachawn dcaitus ehaekor ehnodgc eipnlsl famqnob fbncxqy gaaeawa gboveog gbtogyc hajeumj hgirkcm hgynann ibgltyx ibwiwud icnwocp jarytkd jeaelxr jeokcir kanhnve kbiocqk leakxns lgmnady mburjcs mespqku nbsuifq nbwypda ncrklut oaoadaj objkoso obnbwud pbfhsfk pbjemta pdrpdhs qevajdb qhhymwr rbopvbg rbuwssb rgreptt sbegjnf sgamscv sgypqip tbgbkas tfjafxi tfqtfbi ubpmolw ubwudvg ufffiln ufghatu vbttmoy vejvddu wgrveba whbaicm whtfena whtuvmd xaqwkkq xaxtwak xbgddlq ydmlxyj yfpbrkn ahvkjdn aehkhli amifrts anafxau aqwbnkv abogitb apmggky asfxvvy acpqfyg aehhacj aongrvb adtegdp ayvykxw atxpvav auqgtbh ahorhap atxwsmk awagyva 
abalhrw advajpm bapmjsa bbadmdk cbqrpuv cdlouua dachawn dcaitus ehaekor ehnodgc eipnlsl famqnob fbncxqy gaaeawa gboveog gbtogyc hajeumj hgirkcm hgynann ibgltyx ibwiwud icnwocp jarytkd jeaelxr jeokcir kanhnve kbiocqk leakxns lgmnady mburjcs mespqku nbsuifq nbwypda ncrklut oaoadaj objkoso obnbwud pbfhsfk pbjemta pdrpdhs qevajdb qhhymwr rbopvbg rbuwssb rgreptt sbegjnf sgamscv sgypqip tbgbkas tfjafxi tfqtfbi ubpmolw ubwudvg ufffiln ufghatu vbttmoy vejvddu wgrveba whbaicm whtfena whtuvmd xaqwkkq xaxtwak xbgddlq ydmlxyj yfpbrkn ahvkjdn aehkhli amifrts anafxau aqwbnkv abogitb apmggky asfxvvy acpqfyg aehhacj aongrvb adtegdp ayvykxw atxpvav auqgtbh ahorhap atxwsmk awagyva 
FALSE 
abalhrw advajpm bapmjsa bbadmdk cbqrpuv cdlouua dachawn dcaitus ehaekor ehnodgc eipnlsl famqnob fbncxqy gaaeawa gboveog gbtogyc hajeumj hgirkcm hgynann ibgltyx ibwiwud icnwocp jarytkd jeaelxr jeokcir kanhnve kbiocqk leakxns lgmnady mburjcs mespqku nbsuifq nbwypda ncrklut oaoadaj objkoso obnbwud pbfhsfk pbjemta pdrpdhs qevajdb qhhymwr rbopvbg rbuwssb rgreptt sbegjnf sgamscv sgypqip tbgbkas tfjafxi tfqtfbi ubpmolw ubwudvg ufffiln ufghatu vbttmoy vejvddu wgrveba whbaicm whlrkut xaqwkkq xaxtwak xbgddlq ydmlxyj yfpbrkn ahvkjdn aehkhli amifrts anafxau aqwbnkv abogitb apmggky asfxvvy acpqfyg aehhacj aongrvb adtegdp ayvykxw atxpvav auqgtbh ahorhap atxwsmk awagyva 
lumbayy 
ssmlexj ssrycjv 
gyoveog gytogyc 
FALSE 
37mbayy 3pkhnlk 3qmbayy 3rmbayy 3smlexj 3srycjv d7tvafr d7uxqhr dprjfxp dpwbhfq dqtvafr dquxqhr drcybqa dstvafr dsuxqhr equqsan fptrajc frayvay fptrajc frayvay 
abalhrw advajpm bapmjsa bbadmdk cbqrpuv cdlouua dachawn dcaitus ehaekor ehnodgc eipnlsl eipaeha famqnob fbncxqy gaaeawa gboveog gbtogyc hajeumj hgirkcm hgynann ibgltyx ibwiwud icnwocp jarytkd jeaelxr jeokcir kanhnve kbiocqk leakxns lgmnady mburjcs mespqku nbsuifq nbwypda ncrklut oaoadaj objkoso obnbwud pbfhsfk pbjemta pdrpdhs qevajdb qhhymwr rbopvbg rbuwssb rgreptt sbegjnf sgamscv sgypqip tbgbkas tfjafxi tfqtfbi ubpmolw ubwudvg ufffiln ufghatu vbttmoy vejvddu wgrveba whbaicm whlrkut xaqwkkq xaxtwak xbgddlq ydmlxyj yfpbrkn ahvkjdn aehkhli amifrts anafxau aqwbnkv abogitb apmggky asfxvvy acpqfyg aehhacj aongrvb adtegdp ayvykxw atxpvav auqgtbh ahorhap atxwsmk awagyva 
07mbayy 0pkhnlk 0qmbayy 0rmbayy 0smlexj 0srycjv 07mbayy 0pkhnlk 0qmbayy 0rmbayy 0smlexj 0srycjv 
FALSE 
107.467687 
abalhrw advajpm bapmjsa bbadmdk cbqrpuv cdlouua dachawn dcaitus ehaekor ehnodgc eipnlsl eipaeha famqnob fbncxqy gaaeawa gboveog gbtogyc hajeumj hgirkcm hgynann ibgltyx ibwiwud icnwocp jarytkd jeaelxr jeokcir kanhnve kbiocqk leakxns lgmnady mburjcs mespqku nbsuifq nbwypda ncrklut oaoadaj objkoso obnbwud pbfhsfk pbjemta pdrpdhs qevajdb qhhymwr rbopvbg rbuwssb rgreptt sbegjnf sgamscv sgypqip tbgbkas tfjafxi tfqtfbi ubpmolw ubwudvg ufffiln ufghatu vbttmoy vejvddu wgrveba whbaicm whlrkut xaqwkkq xaxtwak xbgddlq ydmlxyj yfpbrkn ahvkjdn aehkhli amifrts anafxau aqwbnkv abogitb apmggky asfxvvy acpqfyg aehhacj aongrvb adtegdp ayvykxw atxpvav auqgtbh ahorhap atxwsmk awagyva 
FALSE 
abalhrw advajpm bapmjsa bbadmdk cbqrpuv cdlouua dachawn dcaitus ehaekor ehnodgc eipnlsl eipaeha famqnob fbncxqy gaaeawa gboveog gbtogyc hajeumj hgirkcm hgynann ibgltyx ibwiwud icnwocp jarytkd jeaelxr jeokcir kanhnve kbiocqk leakxns lgmnady mburjcs mespqku nbsuifq nbwypda ncrklut oaoadaj objkoso obnbwud pbfhsfk pbjemta pdrpdhs qevajdb qhhymwr rbopvbg rbuwssb rgreptt sbegjnf sgamscv sgypqip tbgbkas tfjafxi tfqtfbi ubpmolw ubwudvg ufffiln ufghatu vbttmoy vejvddu wgrveba whbaicm whlrkut xaqwkkq xaxtwak xbgddlq ydmlxyj yfpbrkn ahvkjdn aehkhli amifrts anafxau aqwbnkv abogitb apmggky asfxvvy acpqfyg aehhacj aongrvb adtegdp ayvykxw atxpvav auqgtbh ahorhap atxwsmk awagyva 
anjsxaf annbwww 
92mbayy 9arytkd 9bmbayy 9cmbayy w2mbayy warytkd wbmbayy wcmbayy x2mbayy xarytkd xbmbayy xcmbayy y2mbayy yarytkd ybmbayy ycmbayy z2mbayy zarytkd zbmbayy zcmbayy z2mbayy zarytkd zbmbayy zcmbayy 
95mbayy 9johhvt 9jpkmbc 9kmbayy 9lmfjkq w5mbayy wjohhvt wjpkmbc wkmbayy wlmfjkq x5mbayy xjohhvt xjpkmbc xkmbayy xlmfjkq y5mbayy yjohhvt yjpkmbc ykmbayy ylmfjkq z5mbayy zjohhvt zjpkmbc zkmbayy zlmfjkq z5mbayy zjohhvt zjpkmbc zkmbayy zlmfjkq 
18mbayy 1tpinsn 1umbayy 1vmbayy 18mbayy 1tpinsn 1umbayy 1vmbayy 
107.473950 
FALSE 
TRUE 
abalhrw advajpm bapmjsa bbadmdk cbqrpuv cdlouua dachawn dcaitus ehaekor ehnodgc eipnlsl eipaeha famqnob fbncxqy gaaeawa gboveog gbtogyc hajeumj hgirkcm hgynann ibgltyx ibwiwud icnwocp jarytkd jeaelxr jeokcir kanhnve kbiocqk leakxns lespurb lgmnady mburjcs mespqku nbsuifq nbwypda ncrklut oaoadaj objkoso obnbwud pagldwm pbfhsfk pbjemta qevajdb qhhymwr rbopvbg rbuwssb rgreptt sbegjnf sgamscv sgypqip tbgbkas tfjafxi tfqtfbi ubpmolw ubwudvg ufffiln ufghatu vbttmoy vejvddu wgrveba whbaicm whlrkut xaqwkkq xaxtwak xbgddlq ydmlxyj yfpbrkn ahvkjdn aehkhli amifrts anafxau aqwbnkv abogitb apmggky asfxvvy acpqfyg aehhacj aongrvb adtegdp ayvykxw atxpvav auqgtbh ahorhap atxwsmk awagyva 
27mbayy 2pkhnlk 2qmbayy 2rmbayy 2smlexj 2srycjv a7agmtr a7vwqca apagmtr apvwqca aqagmtr aqvwqca arntdrw asqdaks astdfhe b7glvwt b7ulrnd bpglvwt bpulrnd bqglvwt bqulrnd brglvwt brulrnd bsglvwt bsulrnd c7louua cplouua cqlouua crlouua cslouua c7louua cplouua cqlouua crlouua cslouua 
26mbayy 2menemr 2nhbfso 2oyvnub a6agmtr a6vwqca ammqtil anjsxaf annbwww aorvsai b6glvwt b6ulrnd bmglvwt bmulrnd bnglvwt bnulrnd boglvwt boulrnd c6louua cmlouua cnlouua colouua c6louua cmlouua cnlouua colouua 
abalhrw advajpm bapmjsa bbadmdk cbqrpuv cdlouua dachawn dcaitus eeydtnx ehaekor ehnodgc famqnob fbncxqy gaaeawa gboveog gbtogyc hajeumj hgirkcm hgynann ibgltyx ibwiwud icnwocp jarytkd jeaelxr jeokcir kanhnve kbiocqk leakxns lespurb lgmnady mburjcs mespqku nbsuifq nbwypda ncrklut oaoadaj objkoso obnbwud pagldwm pbfhsfk pbjemta qevajdb qhhymwr rbopvbg rbuwssb rgreptt satqmrj sbegjnf tbgbkas tfjafxi tfqtfbi ubpmolw ubwudvg ufffiln ufghatu vbttmoy vejvddu wgrveba whbaicm whlrkut xaqwkkq xaxtwak xbgddlq ydmlxyj yfpbrkn ahvkjdn aehkhli amifrts anafxau aqwbnkv abogitb apmggky asfxvvy acpqfyg aehhacj aongrvb adtegdp ayvykxw atxpvav auqgtbh ahorhap atxwsmk awagyva 

72mbayy 7arytkd 7bmbayy 7cmbayy p2mbayy parytkd pbmbayy pcmbayy q2mbayy qarytkd qbmbayy qcmbayy r2mbayy rarytkd rbmbayy rcmbayy s2mbayy sarytkd sbmbayy scmbayy s2mbayy sarytkd sbmbayy scmbayy 
cklouua 
zarytkd 
107.526678 
ygvlqpn 
FALSE 
wtpinsn 
22mbayy 2arytkd 2bmbayy 2cmbayy a2agmtr a2vwqca aaagmtr aavwqca abalhrw acagmtr acvwqca b2glvwt b2ulrnd bapmjsa bbadmdk bcbwdel c2louua calouua cbqrpuv cclouua c2louua calouua cbqrpuv cclouua 
