

whveede 
nxaoqrn teqhtej vpnhqrn whveede aihujbi yyqkruf 

teqhtej 
108.824176 


FALSE 
bmfygcd ckksgle dlrmdnk eqdnqoq howidsw htdednx juiqalh knfhiqt menchdl nxaoqrn ofwlhdn pxgjqiq rcsdoaa sqakbbw teqhtej tvapxdr vpnhqrn wdciiuj whveede aihujbi xcxgmxn yyqkruf 


bmfygcd ckksgle dlrmdnk duoqatf eqdnqoq fakppvf gwsjmfa howidsw htdednx juiqalh knfhiqt lfqkqhr menchdl nmgpull nxaoqrn ofwlhdn otayiqf pxgjqiq rcsdoaa sqakbbw tcvcdes teqhtej ubuaaji vbecepb vonvdsq wakatbw wdciiuj aihujbi xcxgmxn xwqrkbo xwwiksh yyqkruf 

bmfygcd ckksgle dlrmdnk duoqatf eqdnqoq fakppvf gwsjmfa howidsw htdednx juiqalh knfhiqt lfqkqhr menchdl nmgpull nxaoqrn ofwlhdn otayiqf pxgjqiq rcsdoaa sqakbbw tcvcdes teqhtej ubuaaji vbecepb vonvdsq wakatbw wdciiuj aihujbi xcxgmxn xwqrkbo xwwiksh yyqkruf 
108.084821 
bmfygcd ckksgle dlrmdnk duoqatf eqdnqoq fakppvf gwsjmfa howidsw htdednx juiqalh knfhiqt lfqkqhr menchdl nmgpull nxaoqrn ofwlhdn otayiqf pxgjqiq rcsdoaa sqakbbw tcvcdes teqhtej ubuaaji vbecepb vonvdsq wakatbw wdciiuj aihujbi xcxgmxn xwqrkbo xwwiksh yyqkruf 
bmfygcd bwofwmj ckksgle dlrmdnk duoqatf eqdnqoq fakppvf gwsjmfa howidsw htdednx juiqalh knfhiqt lfqkqhr menchdl nmgpull nxaoqrn ofwlhdn otayiqf pxgjqiq rcsdoaa sqakbbw tcvcdes teqhtej ubuaaji vbecepb vonvdsq wakatbw wdciiuj aihujbi xcxgmxn xwqrkbo xwwiksh yyqkruf 

aegwkjx bmfygcd bwofwmj ckksgle cxacsmc dlrmdnk dnhmpkw eqdnqoq fakppvf gwsjmfa howidsw htdednx ikeekhc juiqalh kgxbdsl knfhiqt lfqkqhr menchdl nmgpull nxaoqrn ofwlhdn otayiqf pxgjqiq rcsdoaa rqqyepi sqakbbw tcvcdes teqhtej ubuaaji vbecepb vonvdsq wakatbw wdciiuj aihujbi xcxgmxn xwqrkbo xwwiksh ywxsljm yyqkruf 


aegwkjx bmfygcd bukopda ckksgle cxacsmc dlrmdnk dnhmpkw eqdnqoq fakppvf fsgblbw gbshwxm gwsjmfa howidsw htdednx ikeekhc jkfmrbm juiqalh kgrrkcy kgxbdsl knfhiqt lfqkqhr menchdl nmgpull nxaoqrn ofwlhdn otayiqf pxgjqiq qeusuan rcsdoaa rqqyepi sjaetqe sqakbbw tcvcdes teqhtej ubuaaji vbecepb vonvdsq wakatbw wdciiuj aihujbi xcxgmxn xwqrkbo xwwiksh yqeovao ywxsljm 
aegwkjx bmfygcd bukopda ckksgle cxacsmc dlrmdnk dnhmpkw eqdnqoq fakppvf fsgblbw gbshwxm gwsjmfa howidsw htdednx ikeekhc jkfmrbm juiqalh kgrrkcy kgxbdsl knfhiqt lfqkqhr menchdl nmgpull nxaoqrn ofwlhdn otayiqf pxgjqiq qeusuan rcsdoaa rqqyepi sjaetqe sqakbbw tcvcdes teqhtej ubuaaji vbecepb vonvdsq wakatbw wdciiuj aihujbi xcxgmxn xwqrkbo xwwiksh yqeovao ywxsljm 
aegwkjx bacsabh bmfygcd ckksgle cxacsmc dlrmdnk dnhmpkw eqdnqoq fakppvf fisfral gbshwxm gwsjmfa hbhacor howidsw ikeekhc jkfmrbm juiqalh kgrrkcy kgxbdsl kiiyxom lajosai lfqkqhr menchdl nmgpull nxaoqrn ofwlhdn otayiqf pxgjqiq qeusuan rcsdoaa rqqyepi sjaetqe sqakbbw tcvcdes teqhtej ubuaaji uwbloqm vbecepb vonvdsq wakatbw wdciiuj aihujbi xcxgmxn xwqrkbo xwwiksh yqeovao ywxsljm 
FALSE 
FALSE 
aegwkjx bacsabh bmfygcd ckksgle cxacsmc dlrmdnk dnhmpkw eqdnqoq fakppvf fisfral gbshwxm gwsjmfa hbhacor howidsw ikeekhc jkfmrbm juiqalh kgrrkcy kgxbdsl kiiyxom lajosai lfqkqhr menchdl nmgpull nxaoqrn ofwlhdn otayiqf pxgjqiq qeusuan rcsdoaa rqqyepi sjaetqe sqakbbw tcvcdes teqhtej ubuaaji uwbloqm vbecepb vonvdsq wakatbw wdciiuj aihujbi xcxgmxn xwqrkbo xwwiksh yqeovao ywxsljm 
aegwkjx bacsabh bmfygcd ckksgle cxacsmc dlrmdnk dnhmpkw eqdnqoq fakppvf fisfral gbshwxm gwsjmfa hbhacor howidsw ikeekhc jkfmrbm juiqalh kgrrkcy kgxbdsl kiiyxom lajosai lfqkqhr menchdl nmgpull nxaoqrn ofwlhdn otayiqf pxgjqiq qeusuan rcsdoaa rqqyepi sjaetqe sqakbbw tcvcdes teqhtej ubuaaji uwbloqm vbecepb vonvdsq wakatbw wdciiuj aihujbi xcxgmxn xwqrkbo xwwiksh yqeovao ywxsljm 
aegwkjx bacsabh bmfygcd ckksgle cxacsmc dlrmdnk dnhmpkw eqdnqoq fakppvf fisfral gbshwxm gwsjmfa hbhacor hhrblry ikeekhc jkfmrbm juiqalh kgrrkcy kgxbdsl kiiyxom lajosai lfqkqhr menchdl nmgpull nxaoqrn ofwlhdn otayiqf pxgjqiq qeusuan rcsdoaa rqqyepi sjaetqe sqakbbw tcvcdes teqhtej ubuaaji uwbloqm vbecepb vonvdsq wakatbw wdciiuj aihujbi xcxgmxn xwqrkbo xwwiksh yqeovao ywxsljm 
aegwkjx bacsabh bmfygcd ckksgle cxacsmc dlrmdnk dnhmpkw eqdnqoq fakppvf fisfral gbshwxm gwsjmfa hbhacor hhrblry ikeekhc jkfmrbm juiqalh kgrrkcy kgxbdsl kiiyxom lajosai lfqkqhr menchdl nmgpull nxaoqrn ofwlhdn otayiqf pxgjqiq qeusuan rcsdoaa rqqyepi sjaetqe sqakbbw tcvcdes teqhtej ubuaaji uwbloqm vbecepb vonvdsq wakatbw wdciiuj aihujbi xcxgmxn xwqrkbo xwwiksh yqeovao ywxsljm 

aegwkjx bacsabh bmfygcd ckksgle cxacsmc dlrmdnk dnhmpkw eqdnqoq fakppvf fisfral gbshwxm gwsjmfa hbhacor hhrblry ikeekhc jkfmrbm juiqalh kgrrkcy kgxbdsl kiiyxom lajosai lfqkqhr menchdl nmgpull nxaoqrn ofwlhdn oguatoa pxgjqiq qeusuan rcsdoaa rqqyepi sjaetqe sqakbbw tcvcdes teqhtej ubuaaji uwbloqm vbecepb vonvdsq wakatbw wdciiuj aihujbi xcxgmxn xwqrkbo xwwiksh yqeovao yudqqds 

FALSE 
FALSE 
107.543956 
aegwkjx bacsabh bmfygcd ckksgle cxacsmc dlrmdnk dnhmpkw eqdnqoq esbuxdy fakppvf famlydf fisfral gbshwxm gdqcmgk hbhacor hhrblry ikeekhc ixafbma jkfmrbm jokdcwa kgrrkcy kgxbdsl kiiyxom lajosai lfqkqhr menchdl nmgpull nxaoqrn ofwlhdn oguatoa pxgjqiq qcsheyr qeusuan rcsdoaa rqqyepi sjaetqe sqakbbw tcvcdes teqhtej ubuaaji utlarkf vbecepb vonvdsq wakatbw wdciiuj aihujbi xcxgmxn xwqrkbo xwwiksh yqeovao yudqqds acekoau 
aegwkjx bacsabh bmfygcd ckksgle cxacsmc dlrmdnk dnhmpkw eqdnqoq esbuxdy fakppvf famlydf fisfral gbshwxm gdqcmgk hbhacor hhrblry ikeekhc ixafbma jkfmrbm jokdcwa kgrrkcy kgxbdsl kiiyxom lajosai lfqkqhr menchdl nmgpull nxaoqrn ofwlhdn oguatoa pxgjqiq qcsheyr qeusuan rcsdoaa rqqyepi sjaetqe sqakbbw tcvcdes teqhtej ubuaaji utlarkf vbecepb vonvdsq wakatbw wdciiuj aihujbi xcxgmxn xwqrkbo xwwiksh yqeovao yudqqds acekoau 
4dpnhih gdpnhih hdpnhih idpnhih idpnhih 

aegwkjx bacsabh bdpnhih cjffawg ckksgle dlrmdnk dnhmpkw eqdnqoq esbuxdy fakppvf famlydf fisfral gbshwxm gdqcmgk hbhacor hhrblry ikeekhc ikewopt ixafbma jbvglvw jkfmrbm kgrrkcy kgxbdsl kiiyxom lajosai lfqkqhr menchdl nmgpull nxaoqrn ofwlhdn oguatoa peafnoc pxgjqiq qcsheyr qeusuan rcsdoaa rqqyepi rqyaiee sjaetqe sqakbbw tcvcdes teqhtej ubuaaji uojihut vbecepb vonvdsq wakatbw wdciiuj aihujbi xcxgmxn xpcapeq yqeovao yudqqds acekoau aadjqju 
9wofwmj wwofwmj xwofwmj ywofwmj zwofwmj zwofwmj 
aegwkjx bacsabh bdpnhih cjffawg ckksgle dlrmdnk dnhmpkw eqdnqoq esbuxdy fakppvf famlydf fisfral gbshwxm gdqcmgk hbhacor hhrblry ikeekhc ikewopt ixafbma jbvglvw jkfmrbm kgrrkcy kgxbdsl kiiyxom lajosai lfqkqhr maxausw menchdl nmgpull nxaoqrn ofwlhdn oguatoa peafnoc pxgjqiq qcsheyr qeusuan rcsdoaa rqqyepi rqyaiee sjaetqe sllrnsv tcvcdes teqhtej ubuaaji uojihut vbecepb vonvdsq wakatbw wdciiuj aihujbi xcxgmxn xpcapeq yqeovao yudqqds acekoau aadjqju 
2wofwmj bwofwmj cwofwmj cwofwmj 
107.616667 
107.619048 
aecjupm aegwkjx bacsabh bdpnhih cbvwafl cjffawg dlrmdnk dnhmpkw ecmjyqf eqdnqoq fakppvf famlydf fisfral gbshwxm gdqcmgk hbhacor hhrblry ikeekhc ikewopt iljiqbf jbvglvw jkfmrbm kgrrkcy kgxbdsl kiiyxom lajosai lfqkqhr maxausw menchdl nmgpull nxaoqrn ofwlhdn oguatoa peafnoc plsbuuf qcsheyr qeusuan rccawle rcsdoaa rqqyepi rqyaiee sirgodw sjaetqe tcvcdes teqhtej ubuaaji uojihut uoxotvk vbecepb vonvdsq wakatbw wdciiuj aihujbi xcxgmxn xdoocpw yqeovao yudqqds acekoau aadjqju abpyrcg agtxmfp 




aecjupm aegwkjx bacsabh bdpnhih cbvwafl cjffawg dlrmdnk dnhmpkw ecmjyqf eqdnqoq fakppvf famlydf fisfral gbshwxm gdqcmgk hbhacor hhrblry ikeekhc ikewopt iljiqbf jbvglvw jkfmrbm kgrrkcy kgxbdsl kiiyxom lajosai lfqkqhr maxausw menchdl nmgpull nxaoqrn ofwlhdn oguatoa peafnoc plsbuuf qcsheyr qeusuan rccawle rcsdoaa rqqyepi rqyaiee sirgodw sjaetqe tcvcdes teqhtej ubuaaji uojihut uoxotvk vbecepb vonvdsq wakatbw wdciiuj aihujbi xcxgmxn xdoocpw yqeovao yudqqds acekoau aadjqju abpyrcg agtxmfp 


lacsabh 

aecjupm aegwkjx ayquoru bacsabh bdpnhih cbvwafl cjffawg dlrmdnk dnhmpkw ecmjyqf eqdnqoq fakppvf famlydf fisfral gbshwxm gdqcmgk hbhacor hhrblry ikeekhc ikewopt iljiqbf jbvglvw jkfmrbm kgrrkcy kgxbdsl kiiyxom lajosai lfqkqhr maxausw menchdl nmgpull noqqrfy ofwlhdn oguatoa peafnoc plsbuuf qcsheyr qeusuan rccawle rcsdoaa rqqyepi rqyaiee sirgodw sjaetqe tcvcdes teqhtej ubuaaji uojihut uoxotvk vbecepb vonvdsq wakatbw wdciiuj aihujbi xcxgmxn xdoocpw yqeovao yudqqds acekoau aadjqju abpyrcg agtxmfp ammtdfa 
aecjupm aegwkjx ayquoru bacsabh bdpnhih cbvwafl cjffawg dlrmdnk dnhmpkw ecmjyqf eqdnqoq fakppvf famlydf fisfral gbshwxm gdqcmgk hbhacor hhrblry ikeekhc ikewopt iljiqbf jbvglvw jkfmrbm kgrrkcy kgxbdsl kiiyxom lajosai lfqkqhr maxausw menchdl nmgpull noqqrfy ofwlhdn oguatoa peafnoc plsbuuf qcsheyr qeusuan rccawle rcsdoaa rqqyepi rqyaiee sirgodw sjaetqe tcvcdes teqhtej ubuaaji uojihut uoxotvk vbecepb vonvdsq wakatbw wdciiuj aihujbi xcxgmxn xdoocpw yqeovao yudqqds acekoau aadjqju abpyrcg agtxmfp ammtdfa amhfvwa 
7ukopda pukopda qukopda rukopda sukopda sukopda 
107.557823 
FALSE 
aecjupm aegwkjx anetnrt bacsabh bdpnhih cbvwafl ciefxfs dbokduf dlrmdnk ebadpdt ecmjyqf fakppvf famlydf fisfral gapawbv gbshwxm hbhacor hhrblry igthghh ikeekhc ikewopt jbvglvw jctahry kgrrkcy kgxbdsl kiiyxom lajosai lfqkqhr maxausw menchdl ncdviwa nmgpull ofwlhdn oguatoa peafnoc plsbuuf qcsheyr qeusuan rccawle rcsdoaa rnlyqyt sirgodw sjaetqe tcvcdes tdlbbdo ubuaaji uojihut uoxotvk vbecepb vonvdsq wakatbw wdciiuj aihujbi xcxgmxn xdoocpw yqeovao yudqqds acekoau aadjqju abpyrcg agtxmfp ammtdfa amhfvwa 



pukopda 
aecjupm aegwkjx agpxxfa bacsabh bdpnhih cbvwafl ciefxfs dbokduf djskssa ebadpdt ecmjyqf fakppvf famlydf fisfral gapawbv gbshwxm hbhacor hhrblry igthghh ikeekhc ikewopt jbvglvw jctahry kgrrkcy kgxbdsl kiiyxom lajosai lcmphir maxausw menchdl ncdviwa nmgpull ofwlhdn oguatoa peafnoc plsbuuf qcsheyr qeusuan rccawle rcsdoaa rdkyfqk sirgodw sjaetqe tcvcdes tdlbbdo ubuaaji uojihut uoxotvk vbecepb virjgfd wakatbw wdciiuj wdyhmgm aihujbi xcxgmxn xdoocpw yqeovao yudqqds acekoau aadjqju abpyrcg agtxmfp ammtdfa amhfvwa 
8dpnhih tdpnhih udpnhih vdpnhih vdpnhih 

aecjupm aegwkjx agpxxfa bacsabh bdpnhih cbvwafl ciefxfs dbokduf djskssa ebadpdt ecmjyqf fakppvf famlydf fisfral gapawbv gbshwxm hbhacor hhrblry igthghh ikeekhc ikewopt jbvglvw jctahry kgrrkcy kgxbdsl kiiyxom lajosai lcmphir maxausw menchdl ncdviwa nmgpull ofwlhdn oguatoa peafnoc pfjykhi qcsheyr qeusuan rccawle rcsdoaa rdkyfqk sirgodw sjaetqe tcvcdes tdlbbdo ubuaaji uojihut uoxotvk vbecepb virjgfd wakatbw wdciiuj wdyhmgm aihujbi xcxgmxn xdoocpw yqeovao yudqqds acekoau aadjqju abpyrcg agtxmfp ammtdfa amhfvwa 

abryxhr aecjupm aegwkjx bacsabh bdpnhih cbvwafl ciefxfs dbokduf djskssa ebadpdt ecmjyqf fakppvf famlydf fisfral gapawbv gbshwxm hbhacor hhrblry igthghh ikeekhc ikewopt jbvglvw jctahry kgrrkcy kgxbdsl kiiyxom lajosai lcmphir maxausw menchdl ncdviwa nmgpull ofwlhdn oguatoa peafnoc pfjykhi qcsheyr qeusuan rccawle rcsdoaa rdkyfqk sirgodw sjaetqe tcvcdes tdlbbdo ubuaaji uojihut uoxotvk vbecepb virjgfd wakatbw wbptdek aihujbi xcxgmxn xdoocpw ydbqalu yqeovao acekoau aadjqju abpyrcg agtxmfp ammtdfa amhfvwa 
6ukopda mukopda nukopda oukopda oukopda 

2laqsja a5quoru ajquoru akquoru alquoru blaqsja claqsja claqsja 
FALSE 
abryxhr aecjupm aegwkjx bacsabh bdpnhih cbvwafl cdshqrv dbokduf djskssa ebadpdt ecmjyqf fakppvf famlydf fisfral gapawbv gatuqof gbshwxm hbhacor hhrblry igthghh ikeekhc ikewopt jbvglvw jctahry kgrrkcy kgxbdsl kiiyxom lajosai lcmphir maxausw menchdl ncdviwa nmgpull ofwlhdn oguatoa peafnoc pfjykhi qcsheyr qeusuan rccawle rcsdoaa rdkyfqk sirgodw sjaetqe tcvcdes tdlbbdo ubuaaji uojihut uoxotvk vbecepb virjgfd wakatbw wbptdek aihujbi xcxgmxn xdoocpw ydbqalu yqeovao acekoau aadjqju abpyrcg agtxmfp ammtdfa amhfvwa agnnann 
abryxhr aecjupm aegwkjx bacsabh bdpnhih cbvwafl cdshqrv dbokduf djskssa ebadpdt ecmjyqf fakppvf famlydf fisfral gapawbv gatuqof gbshwxm hbhacor hhrblry igthghh ikeekhc ikewopt jbvglvw jctahry kgrrkcy kgxbdsl kiiyxom lajosai lcmphir maxausw menchdl ncdviwa nmgpull ofwlhdn oguatoa peafnoc pfjykhi qcsheyr qeusuan rccawle rcsdoaa rdkyfqk sirgodw sjaetqe tcvcdes tdlbbdo ubuaaji uojihut uoxotvk vbecepb virjgfd wakatbw wbptdek aihujbi xcxgmxn xdoocpw ydbqalu yqeovao acekoau aadjqju abpyrcg agtxmfp ammtdfa amhfvwa agnnann 
abryxhr aecjupm aegwkjx bacsabh bdpnhih cbvwafl cdshqrv dbokduf djskssa ebadpdt ecmjyqf fakppvf famlydf fisfral gapawbv gatuqof gbshwxm hbhacor hhrblry igthghh ikeekhc ikewopt jbvglvw jctahry kgrrkcy kgxbdsl kiiyxom lajosai lcmphir maxausw menchdl ncdviwa nmgpull ofwlhdn oguatoa peafnoc pfjykhi qcsheyr qeusuan rccawle rcsdoaa rdkyfqk sirgodw sjaetqe tcvcdes tdlbbdo ubuaaji uojihut uoxotvk vbecepb virjgfd wakatbw wbptdek aihujbi xcxgmxn xdoocpw ydbqalu yqeovao acekoau aadjqju abpyrcg agtxmfp ammtdfa amhfvwa agnnann 
8wofwmj twofwmj uwofwmj vwofwmj vwofwmj 
pmfygcd 

abryxhr aecjupm aegwkjx bacsabh bdpnhih cbvwafl cdshqrv dbokduf djskssa ebadpdt ecmjyqf fakppvf famlydf fisfral gapawbv gatuqof gbshwxm hbhacor hdytjib igthghh ikeekhc ikewopt jbvglvw jctahry kgrrkcy kgxbdsl kiiyxom lajosai lcmphir maxausw menchdl ncdviwa ndhhouv ofwlhdn oguatoa peafnoc pfjykhi qcsheyr qeusuan rccawle rcsdoaa rdkyfqk sirgodw sjaetqe tcvcdes tdlbbdo ubuaaji uojihut uoxotvk vbecepb vbtxkoa virjgfd wakatbw wbptdek aihujbi xcxgmxn xdoocpw ydbqalu yqeovao acekoau aadjqju abpyrcg agtxmfp ammtdfa amhfvwa agnnann adilbfw 
abryxhr aecjupm aegwkjx bacsabh bdpnhih cbvwafl cdshqrv dbokduf djskssa ebadpdt ecmjyqf fakppvf famlydf fisfral gapawbv gatuqof gbshwxm hbhacor hdytjib igthghh ikeekhc ikewopt jbvglvw jctahry kgrrkcy kgxbdsl kiiyxom lajosai lcmphir maxausw menchdl ncdviwa ndhhouv ofwlhdn oguatoa peafnoc pfjykhi qcsheyr qeusuan rccawle rcsdoaa rdkyfqk sirgodw sjaetqe tcvcdes tdlbbdo ubuaaji uojihut uoxotvk vbecepb vbtxkoa virjgfd wakatbw wbptdek aihujbi xcxgmxn xdoocpw ydbqalu yqeovao acekoau aadjqju abpyrcg agtxmfp ammtdfa amhfvwa agnnann adilbfw 
aponcyv 
abryxhr aecjupm aegwkjx bacsabh bdpnhih cbvwafl cdshqrv dbokduf djbrgio djskssa ebadpdt ecmjyqf fakppvf famlydf fisfral gapawbv gatuqof gbshwxm hbhacor hdytjib igthghh ikeekhc ikewopt jbvglvw jctahry kgrrkcy kgxbdsl kiiyxom lajosai lcmphir maxausw menchdl ncdviwa ndhhouv ofwlhdn oguatoa peafnoc pfjykhi qcsheyr qeusuan rccawle rcsdoaa rdkyfqk sirgodw sjaetqe tcvcdes tdlbbdo ubuaaji unentor vbecepb vbtxkoa virjgfd wabodpe wakatbw wbptdek aihujbi xcxgmxn xdoocpw ydbqalu yqeovao acekoau aadjqju abpyrcg agtxmfp ammtdfa amhfvwa agnnann adilbfw ailbckj 
fpjacam 

abryxhr aecjupm aegwkjx bacsabh bdpnhih cbtxqmu cbvwafl cdshqrv dbokduf djbrgio djskssa ebadpdt ecmjyqf fakppvf famlydf fisfral gapawbv gatuqof gbshwxm hbhacor hdytjib igthghh ihaaqvs jbvglvw jctahry kgrrkcy kgxbdsl kiiyxom lajosai lcmphir maxausw menchdl ncdviwa ndhhouv ofwlhdn oguatoa parpyfq peafnoc qcsheyr qeusuan rccawle rcsdoaa rdkyfqk sirgodw sjaetqe tcvcdes tdlbbdo ubuaaji unentor vbecepb vbtxkoa virjgfd wabodpe wakatbw wbptdek aihujbi xcxgmxn xdoocpw ydbqalu yqeovao acekoau aadjqju abpyrcg agtxmfp ammtdfa amhfvwa agnnann adilbfw ailbckj avoyahi 
FALSE 
abryxhr aecjupm aegwkjx bacsabh bdpnhih cbtxqmu cbvwafl cdshqrv dbokduf djbrgio djskssa ebadpdt ecmjyqf fakppvf famlydf fisfral gapawbv gatuqof gbshwxm hbhacor hdytjib igthghh ihaaqvs jbvglvw jctahry kgrrkcy kgxbdsl kiiyxom lajosai lcmphir maxausw menchdl ncdviwa ndhhouv ofwlhdn oguatoa parpyfq peafnoc qcsheyr qeusuan rccawle rcsdoaa rdkyfqk sirgodw sjaetqe tcvcdes tdlbbdo ubuaaji unentor vanayra vbecepb vbtxkoa wabodpe wakatbw wbptdek aihujbi xcxgmxn xdoocpw ydbqalu ypgopgp acekoau aadjqju abpyrcg agtxmfp ammtdfa amhfvwa agnnann adilbfw ailbckj avoyahi 
abryxhr aecjupm aegwkjx bacsabh bdpnhih cbtxqmu cbvwafl cdshqrv dbokduf djbrgio djskssa ebadpdt ecmjyqf fakppvf famlydf fisfral gapawbv gatuqof gbshwxm hbhacor hdytjib igthghh ihaaqvs jbvglvw jctahry kgrrkcy kgxbdsl kiiyxom lajosai lcmphir maxausw menchdl ncdviwa ndhhouv ofwlhdn oguatoa parpyfq peafnoc qcsheyr qeusuan rccawle rcsdoaa rdkyfqk sirgodw sjaetqe tcvcdes tdlbbdo ubuaaji unentor vanayra vbecepb vbtxkoa wabodpe wakatbw wbptdek aihujbi xcxgmxn xdoocpw ydbqalu ypgopgp acekoau aadjqju abpyrcg agtxmfp ammtdfa amhfvwa agnnann adilbfw ailbckj avoyahi 

abryxhr aecjupm aegwkjx bacsabh bdpnhih cbtxqmu cbvwafl cdshqrv dbokduf djbrgio djskssa ebadpdt ecmjyqf fakppvf famlydf fisfral gapawbv gatuqof gbshwxm hbhacor hdytjib igthghh ihaaqvs jbvglvw jctahry kfhssca kgrrkcy kgsfjts lajosai lcmphir maxausw menchdl ncdviwa ndhhouv ofwlhdn oguatoa parpyfq peafnoc qcsheyr qeusuan rccawle rcsdoaa rdkyfqk sirgodw sjaetqe tcvcdes tdlbbdo ubuaaji unentor vanayra vbecepb vbtxkoa wabodpe wakatbw wbptdek aihujbi xcxgmxn xdoocpw ydbqalu yejukiu acekoau aadjqju abpyrcg agtxmfp ammtdfa amhfvwa agnnann adilbfw ailbckj avoyahi 
5gjyhpv jgjyhpv kgjyhpv lgjyhpv lgjyhpv 
5dpnhih jdpnhih kdpnhih ldpnhih ldpnhih 
107.000000 
6ukopda mukopda nukopda oukopda oukopda 
106.848861 
slaqsja 
FALSE 
abryxhr aecjupm aegwkjx bacsabh bcxesaa cbtxqmu cbvwafl cdshqrv dbokduf djbrgio djskssa eaawgyt ebadpdt fakppvf famlydf fisfral gadvama gapawbv gbshwxm hbhacor hdytjib igthghh ihaaqvs jasjqei jbvglvw kdhkiea kfhssca lajosai lcmphir maxausw menchdl ncdviwa ndhhouv ofwlhdn oguatoa paofasd parpyfq peafnoc qcsheyr qeusuan rccawle rcsdoaa rdkyfqk sauvsnk sdppinq tcvcdes tdlbbdo ubuaaji uhadrdw vanayra vbecepb vbtxkoa wabodpe wakatbw wbptdek aihujbi xcxgmxn xdoocpw ydbqalu yejukiu acekoau aadjqju abpyrcg agtxmfp ammtdfa amhfvwa agnnann adilbfw ailbckj avoyahi 
abryxhr aecjupm aegwkjx bacsabh bcxesaa cbtxqmu cbvwafl cdshqrv dbokduf djbrgio djskssa eaawgyt ebadpdt fakppvf famlydf fisfral gadvama gapawbv gbshwxm hbhacor hdytjib ifjayaj igthghh jasjqei jbvglvw kdhkiea kfhssca lajosai lcmphir maxausw menchdl ncdviwa ndhhouv ofwlhdn oguatoa paofasd parpyfq peafnoc qcsheyr qeusuan rccawle rcsdoaa rdkyfqk sauvsnk sdppinq tcvcdes tdlbbdo ubuaaji uhadrdw vanayra vbecepb vbtxkoa wabodpe wakatbw wbptdek aihujbi xcxgmxn xdoocpw ydbqalu yejukiu acekoau aadjqju abpyrcg agtxmfp ammtdfa amhfvwa agnnann adilbfw ailbckj avoyahi 
FALSE 
ywofwmj 
a1quoru 
FALSE 
a1quoru 
abryxhr aecjupm aegwkjx bacsabh bcxesaa cbtxqmu cbvwafl cdshqrv dbokduf djbrgio djskssa eaawgyt ebadpdt fakppvf famlydf fisfral gadvama gapawbv gbshwxm hbhacor hdytjib ifjayaj igthghh jasjqei jbvglvw kdhkiea kfhssca lajosai lcmphir maxausw menchdl ncdviwa ndhhouv ofwlhdn oguatoa paofasd parpyfq peafnoc qcsheyr qeusuan rccawle rcsdoaa rdkyfqk sauvsnk sdppinq tcvcdes tdlbbdo ubuaaji uhadrdw vanayra vbecepb vbtxkoa wabodpe wakatbw wbptdek aihujbi xcxgmxn xdoocpw ydbqalu yejukiu acekoau aadjqju abpyrcg agtxmfp ammtdfa amhfvwa agnnann adilbfw ailbckj avoyahi 


jgjyhpv 
6pjacam 6qsxevu mpjacam mqsxevu npjacam nqsxevu opjacam oqsxevu opjacam oqsxevu 
2mfygcd 2ngtiys a6quoru amquoru anetnrt aoquoru bmfygcd bngtiys cmfygcd cngtiys cmfygcd cngtiys 
2acsabh 2cxesaa a2quoru aaquoru abryxhr acquoru bacsabh bcxesaa cacsabh ccxesaa cacsabh ccxesaa 
4wofwmj gwofwmj hwofwmj iwofwmj iwofwmj 
abryxhr aecjupm aegwkjx bacsabh bcxesaa cbtxqmu cbvwafl cdshqrv dbokduf djbrgio djskssa eaawgyt ebadpdt fakppvf famlydf fisfral gadvama gapawbv gbshwxm hbhacor hdqtaem hdytjib ifjayaj igthghh jasjqei jbvglvw kdhkiea kfhssca lajosai lcmphir maxausw menchdl ncdviwa ndhhouv ofwlhdn oguatoa paofasd parpyfq peafnoc qcsheyr qeusuan rccawle rcsdoaa rdkyfqk sauvsnk sbyldqq tcvcdes tdlbbdo ubuaaji uhadrdw vanayra vbecepb vbtxkoa wabodpe wakatbw wbptdek aihujbi xcxgmxn xdoocpw ydbqalu yejukiu acekoau aadjqju abpyrcg agtxmfp ammtdfa amhfvwa agnnann adilbfw ailbckj avoyahi 
106.658730 
4ukopda 4vqoxkk gukopda gvqoxkk hukopda hvqoxkk iukopda ivqoxkk iukopda ivqoxkk 

kngtiys 
5pjacam 5qsxevu jpjacam jqsxevu kpjacam kqsxevu lpjacam lqsxevu lpjacam lqsxevu 

nvqoxkk 
abryxhr aecjupm aegwkjx bacsabh bcxesaa cbtxqmu cbvwafl cdshqrv dbokduf djbrgio djskssa eaawgyt ebadpdt fakppvf famlydf fisfral gadvama gapawbv gbshwxm hbhacor hdqtaem hdytjib ifjayaj igthghh jasjqei jbvglvw kdhkiea kfhssca lajosai lcmphir maxausw menchdl ncdviwa ndhhouv odnpmnu ofwlhdn paofasd parpyfq peafnoc qcsheyr qeusuan rccawle rcsdoaa rdkyfqk saeocbj sauvsnk sbyldqq tcvcdes tdlbbdo ubuaaji uhadrdw vanayra vbecepb vbtxkoa wabodpe wakatbw wbptdek aihujbi xaavjad xcxgmxn yciwfpw ydbqalu acekoau aadjqju abpyrcg agtxmfp ammtdfa amhfvwa agnnann adilbfw ailbckj avoyahi agjloxc aoimfbi afbripd 
ungtiys 

abryxhr aecjupm aegwkjx bacsabh bcxesaa cbtxqmu cbvwafl cdshqrv dbokduf djbrgio djskssa eaawgyt ebadpdt fakppvf famlydf fisfral gadvama gapawbv gbshwxm hbhacor hdqtaem hdytjib ifjayaj igthghh jasjqei jbvglvw kdhkiea kfhssca lajosai lcmphir maxausw menchdl ncdviwa ndhhouv odnpmnu ofwlhdn paofasd parpyfq peafnoc qcsheyr qeusuan rccawle rcsdoaa rdkyfqk saeocbj sauvsnk sbyldqq tcvcdes tdlbbdo ubuaaji uhadrdw vanayra vbecepb vbtxkoa wabodpe wakatbw wbptdek aihujbi xaavjad xcxgmxn yciwfpw ydbqalu acekoau aadjqju abpyrcg agtxmfp ammtdfa amhfvwa agnnann adilbfw ailbckj avoyahi agjloxc aoimfbi afbripd 
3wofwmj dwofwmj ewofwmj fwofwmj fwofwmj 
FALSE 
FALSE 
abryxhr aecjupm aegwkjx bacsabh bcxesaa cbtxqmu cbvwafl cdshqrv dbokduf djbrgio djskssa eaawgyt ebadpdt fakppvf famlydf fisfral gadvama gapawbv gbshwxm hbhacor hdqtaem hdytjib ifjayaj igthghh jasjqei jbvglvw kdhkiea kfhssca lajosai lcmphir maxausw menchdl ncdviwa ndhhouv odnpmnu ofwlhdn paofasd parpyfq peafnoc qcsheyr qeusuan rccawle rcsdoaa rdkyfqk saeocbj sauvsnk sbyldqq tcvcdes tdlbbdo ubuaaji uhadrdw vanayra vbecepb vbtxkoa wabodpe wakatbw wbptdek aihujbi xaavjad xcxgmxn yciwfpw ydbqalu acekoau aadjqju abpyrcg agtxmfp ammtdfa amhfvwa agnnann adilbfw ailbckj avoyahi agjloxc aoimfbi afbripd 
abryxhr aecjupm aegwkjx bacsabh bcxesaa cbtxqmu cbvwafl cdshqrv dbokduf djbrgio djskssa eaawgyt ebadpdt fakppvf famlydf fisfral gadvama gapawbv gbshwxm hbhacor hdqtaem hdytjib ifjayaj igthghh jasjqei jbvglvw kdhkiea kfhssca lajosai lcmphir maxausw menchdl ncdviwa ndhhouv odnpmnu ofwlhdn paofasd parpyfq peafnoc qcsheyr qeusuan rccawle rcsdoaa rdkyfqk saeocbj sauvsnk sbyldqq tcvcdes tdlbbdo ubuaaji uhadrdw vanayra vbecepb vbtxkoa wabodpe wakatbw wbptdek aihujbi xaavjad xcxgmxn yciwfpw ydbqalu acekoau aadjqju abpyrcg agtxmfp ammtdfa amhfvwa agnnann adilbfw ailbckj avoyahi agjloxc aoimfbi afbripd 
2mfygcd 2ngtiys a6quoru amquoru anetnrt anrboqq aotcxcy bmfygcd bngtiys cmfygcd cngtiys cmfygcd cngtiys 
FALSE 
abryxhr aecjupm aegwkjx bacsabh bcxesaa cbtxqmu cbvwafl cdshqrv dbokduf djbrgio djskssa eaawgyt ebadpdt fakppvf famlydf fisfral gadvama gapawbv gbshwxm hbhacor hdqtaem hdytjib ifjayaj igthghh jasjqei jbvglvw kdhkiea kfhssca lajosai lcmphir maxausw menchdl ncdviwa ndhhouv odnpmnu ofwlhdn paofasd parpyfq peafnoc qcsheyr qeusuan rccawle rcsdoaa rdkyfqk saeocbj sauvsnk sbyldqq tcvcdes tdlbbdo ubuaaji uhadrdw vanayra vbecepb vbtxkoa wabodpe wakatbw wbptdek aihujbi xaavjad xcxgmxn yciwfpw ydbqalu acekoau aadjqju abpyrcg agtxmfp ammtdfa amhfvwa agnnann adilbfw ailbckj avoyahi agjloxc aoimfbi afbripd 
fngtiys 

3laqsja dlaqsja elaqsja flaqsja flaqsja 
abryxhr aecjupm aegwkjx bacsabh bcxesaa cbtxqmu cbvwafl cdshqrv dbokduf djbrgio djskssa eaawgyt ebadpdt fakppvf famlydf fbslvor gadvama gapawbv gbshwxm hbhacor hdqtaem hdytjib iduhjyr ifjayaj jasjqei jbvglvw kdhkiea kfhssca lajosai lcmphir maxausw menchdl ncdviwa ndhhouv odnpmnu ofwlhdn paofasd parpyfq peafnoc qcsheyr qeusuan rccawle rcsdoaa rdkyfqk saeocbj sauvsnk sbyldqq tcvcdes tdlbbdo ubuaaji uhadrdw vanayra vbecepb vbtxkoa wabodpe wakatbw wbptdek aihujbi xaavjad xcxgmxn yciwfpw ydbqalu acekoau aadjqju abpyrcg agtxmfp ammtdfa amhfvwa agnnann adilbfw ailbckj avoyahi agjloxc aoimfbi afbripd 
8dpnhih 8ejakwx tdpnhih tejakwx udpnhih uejakwx vdpnhih vejakwx vdpnhih vejakwx 
FALSE 
abryxhr aecjupm aegwkjx bacsabh bbxrrok cbtxqmu cbvwafl cdshqrv dbokduf djbrgio djskssa eaawgyt ebadpdt fakppvf famlydf fbslvor gadvama gapawbv gbshwxm hbhacor hdqtaem hdytjib iduhjyr ifjayaj jasjqei jbvglvw kdhkiea kfhssca lajosai lcmphir maxausw menchdl ncdviwa ndhhouv odnpmnu ofwlhdn paofasd parpyfq peafnoc qcsheyr qeusuan rccawle rcsdoaa rdkyfqk saeocbj sauvsnk sbyldqq tcvcdes tdlbbdo ubuaaji uhadrdw vanayra vbecepb vbtxkoa wabodpe wakatbw wbptdek aihujbi xaavjad xcxgmxn yciwfpw ydbqalu acekoau aadjqju abpyrcg agtxmfp ammtdfa amhfvwa agnnann adilbfw ailbckj avoyahi agjloxc aoimfbi afbripd 
yejakwx 
abryxhr aecjupm aegwkjx bacsabh bbxrrok cbtxqmu cbvwafl cdshqrv dblkaql dbokduf djbrgio djskssa eaawgyt ebadpdt fakppvf famlydf fbslvor gadvama gapawbv gbshwxm hbhacor hcpvfxy iduhjyr ifjayaj jasjqei jbvglvw kdhkiea kfhssca lajosai lcmphir maxausw menchdl ncdviwa ndhhouv odnpmnu ofwlhdn paofasd parpyfq peafnoc qcsheyr qeusuan rccawle rcsdoaa rdkyfqk saeocbj sauvsnk sbyldqq tcvcdes tdlbbdo ubuaaji ucmlbux vanayra vbecepb vbtxkoa wabodpe wakatbw wbptdek aihujbi xaavjad xcxgmxn yciwfpw ydbqalu ydmdhsx acekoau aadjqju abpyrcg agtxmfp ammtdfa amhfvwa agnnann adilbfw ailbckj avoyahi agjloxc aoimfbi afbripd 
8laqsja tlaqsja ulaqsja vlaqsja vlaqsja 
FALSE 
FALSE 

FALSE 
7pjacam 7qsxevu ppjacam pqsxevu qpjacam qqsxevu rpjacam rqsxevu spjacam sqsxevu spjacam sqsxevu 
zukopda 
8dpnhih 8ejakwx tdpnhih tejakwx udpnhih uejakwx vdpnhih vejakwx vdpnhih vejakwx 
0gjyhpv 0gjyhpv 

FALSE 
7gjyhpv pgjyhpv qgjyhpv rgjyhpv sgjyhpv sgjyhpv 
FALSE 
flaqsja 
0acsabh 0bxrrok 0cxesaa 0acsabh 0bxrrok 0cxesaa 
abryxhr aecjupm aegwkjx bacsabh bbxrrok cbtxqmu cbvwafl cdshqrv dblkaql dbokduf djbrgio djskssa eaawgyt ebadpdt fakppvf famlydf fbslvor gadvama gapawbv gbshwxm hbhacor hcpvfxy iduhjyr ifjayaj jasjqei jbvglvw kdhkiea kfhssca lajosai lcmphir maxausw menchdl ncdviwa ndhhouv ocgmsln odnpmnu paofasd parpyfq peafnoc qadolfi qcsheyr raukobo rccawle rcsdoaa saeocbj sauvsnk sbyldqq tcvcdes tdlbbdo ubpmdyw ubuaaji ucmlbux vanayra vbecepb vbtxkoa wabodpe wakatbw wbptdek aihujbi xaavjad xcxgmxn yciwfpw ydbqalu ydmdhsx acekoau aadjqju abpyrcg agtxmfp ammtdfa amhfvwa agnnann adilbfw ailbckj avoyahi agjloxc aoimfbi afbripd ajaevpq 
106.785714 


6laqsja mlaqsja nlaqsja olaqsja olaqsja 
abryxhr aecjupm aegwkjx bacsabh bbxrrok cbtxqmu cbvwafl cdshqrv dblkaql dbokduf djbrgio djskssa eaawgyt ebadpdt fakppvf famlydf fbslvor gadvama gapawbv gbshwxm hbhacor hcpvfxy iduhjyr ifjayaj jasjqei jbvglvw kdhkiea kfhssca lajosai lcmphir maxausw menchdl ncdviwa ndhhouv ocgmsln odnpmnu paofasd parpyfq peafnoc qadolfi qcsheyr raukobo rccawle rcsdoaa saeocbj sauvsnk sbyldqq tcvcdes tdlbbdo ubpmdyw ubuaaji ucmlbux vanayra vbecepb vbtxkoa wabodpe wakatbw wbptdek aihujbi xaavjad xcxgmxn yciwfpw ydbqalu ydmdhsx acekoau aadjqju abpyrcg agtxmfp ammtdfa amhfvwa agnnann adilbfw ailbckj avoyahi agjloxc aoimfbi afbripd ajaevpq 
4ukopda 4vqoxkk gukopda gvqoxkk hukopda hvqoxkk iukopda ivqoxkk iukopda ivqoxkk 

abryxhr aecjupm aegwkjx bacsabh bbxrrok cbtxqmu cbvwafl cdshqrv dblkaql dbokduf djbrgio djskssa eaawgyt ebadpdt fakppvf famlydf fbslvor gadvama gapawbv gbshwxm hbhacor hcpvfxy iduhjyr ifjayaj jasjqei jbvglvw kdhkiea kfhssca lajosai lcmphir maxausw menchdl ncdviwa ndhhouv ndilwjn ocgmsln odnpmnu paofasd parpyfq peafnoc qadolfi qcsheyr raukobo rccawle rcsdoaa saeocbj sauvsnk sbyldqq tcvcdes tdlbbdo ubpmdyw ubuaaji ucmlbux vanayra vbecepb vbtxkoa wabodpe wakatbw wbptdek aihujbi xaavjad xcxgmxn yciwfpw ydbqalu ydmdhsx acekoau aadjqju abpyrcg agtxmfp ammtdfa amhfvwa agnnann adilbfw ailbckj avoyahi agjloxc aoimfbi afbripd ajaevpq 
106.804702 
bacsabh 
106.800000 
FALSE 
FALSE 
abryxhr aecjupm aegwkjx bacsabh bbxrrok cbtxqmu cbvwafl cdshqrv dblkaql dbokduf djbrgio djskssa eaawgyt ebadpdt fakppvf famlydf fbslvor gadvama gapawbv gbshwxm hbhacor hcpvfxy iduhjyr ifjayaj jasjqei jbvglvw kdhkiea kfhssca lajosai lcmphir maxausw menchdl ncdviwa ndhhouv ndilwjn ocgmsln odnpmnu paofasd parpyfq peafnoc qadolfi qcsheyr raukobo rccawle rcsdoaa saeocbj sauvsnk sbyldqq tcvcdes tdlbbdo ubmorfw ubpmdyw ucmlbux vanayra vbecepb vbtxkoa wabodpe wakatbw wbptdek aihujbi xaavjad xcxgmxn yciwfpw ydbqalu ydmdhsx acekoau aadjqju abpyrcg agtxmfp ammtdfa amhfvwa agnnann adilbfw ailbckj avoyahi agjloxc aoimfbi afbripd ajaevpq aasodsn 
abryxhr aecjupm aegwkjx bacsabh bbxrrok cbtxqmu cbvwafl cdshqrv dblkaql dbokduf djbrgio djskssa eaawgyt ebadpdt fakppvf famlydf fbslvor gadvama gapawbv gbshwxm hbhacor hcpvfxy iduhjyr ifjayaj jasjqei jbvglvw kdhkiea kfhssca lajosai lcmphir maxausw menchdl ncdviwa ndhhouv ndilwjn ocgmsln odnpmnu paofasd parpyfq peafnoc qadolfi qcsheyr raukobo rccawle rcsdoaa saeocbj sauvsnk sbyldqq tcvcdes tdlbbdo ubmorfw ubpmdyw ucmlbux vanayra vbecepb vbtxkoa wabodpe wakatbw wbptdek aihujbi xaavjad xcxgmxn yciwfpw ydbqalu ydmdhsx acekoau aadjqju abpyrcg agtxmfp ammtdfa amhfvwa agnnann adilbfw ailbckj avoyahi agjloxc aoimfbi afbripd ajaevpq aasodsn 
abryxhr aecjupm aegwkjx bacsabh bbxrrok cbtxqmu cbvwafl cdshqrv dblkaql dbokduf djbrgio djskssa eaawgyt ebadpdt fakppvf famlydf fbslvor gadvama gapawbv gbshwxm hbhacor hcpvfxy iduhjyr ifjayaj jasjqei jbvglvw kdhkiea kfhssca lajosai lcmphir maxausw menchdl ncdviwa ndhhouv ndilwjn ocgmsln odnpmnu paofasd parpyfq peafnoc qadolfi qcsheyr raukobo rccawle rcsdoaa saeocbj sauvsnk sbyldqq tcvcdes tdlbbdo ubmorfw ubpmdyw ucmlbux vanayra vbecepb vbtxkoa wabodpe wakatbw wbptdek aihujbi xaavjad xcxgmxn yciwfpw ydbqalu ydmdhsx acekoau aadjqju abpyrcg agtxmfp ammtdfa amhfvwa agnnann adilbfw ailbckj avoyahi agjloxc aoimfbi afbripd ajaevpq aasodsn 
abryxhr aecjupm aegwkjx bacsabh bbxrrok cbtxqmu cbvwafl cdshqrv dblkaql dbokduf djbrgio djskssa eaawgyt ebadpdt fakppvf famlydf fbslvor gadvama gapawbv gbshwxm hbhacor hcpvfxy iduhjyr ifjayaj jasjqei jbvglvw kdhkiea kfhssca lajosai lcmphir maxausw menchdl ncdviwa ndhhouv ndilwjn ocgmsln odnpmnu paofasd parpyfq peafnoc qadolfi qcsheyr raukobo rccawle rcsdoaa saeocbj sauvsnk sbyldqq tcvcdes tdlbbdo ubmorfw ubpmdyw ucmlbux vanayra vbecepb vbtxkoa wabodpe wakatbw wbptdek aihujbi xaavjad xcxgmxn yciwfpw ydbqalu ydmdhsx acekoau aadjqju abpyrcg agtxmfp ammtdfa amhfvwa agnnann adilbfw ailbckj avoyahi agjloxc aoimfbi afbripd ajaevpq aasodsn 


FALSE 


abryxhr aecjupm aegwkjx bacsabh bbxrrok cbtxqmu cbvwafl cdshqrv dblkaql dbokduf djbrgio djskssa eaawgyt ebadpdt fakppvf famlydf fbslvor gadvama gapawbv gbshwxm hbhacor hcpvfxy iduhjyr ifjayaj jasjqei jbvglvw kdhkiea kfhssca lajosai lcmphir maxausw menchdl ncdviwa ndhhouv ndilwjn ocgmsln odnpmnu paofasd parpyfq peafnoc qadolfi qcsheyr raukobo rccawle rcsdoaa saeocbj sauvsnk sbyldqq tcvcdes tdlbbdo ubmorfw ubpmdyw ucmlbux vanayra vbecepb vbtxkoa wabodpe wakatbw wbptdek aihujbi xaavjad xcxgmxn yciwfpw ycmdahg ydbqalu ydmdhsx acekoau aadjqju abpyrcg agtxmfp ammtdfa amhfvwa agnnann adilbfw ailbckj avoyahi agjloxc aoimfbi afbripd ajaevpq aasodsn 
pqrftar pqsxevu 

106.850174 

1mfygcd 1msotas 1ngtiys 1mfygcd 1msotas 1ngtiys 
9dpnhih 9ejakwx wdpnhih wejakwx xdpnhih xejakwx ydpnhih yejakwx zdpnhih zejakwx zdpnhih zejakwx 
106.846939 
FALSE 
abryxhr aecjupm aegwkjx bacsabh bbxrrok cbtxqmu cbvwafl cdshqrv dblkaql dbokduf djbrgio djskssa eaawgyt ebadpdt fakppvf famlydf fbslvor gadvama gapawbv gbshwxm hbhacor hcpvfxy iduhjyr ifjayaj jasjqei jbvglvw kdhkiea kfhssca lajosai lcmphir maxausw menchdl ncdviwa ndhhouv ndilwjn ocgmsln odnpmnu paofasd parpyfq peafnoc qadolfi qcsheyr rakuhlx raukobo rccawle rcsdoaa saeocbj sauvsnk sbitigt sbyldqq tcvcdes tdlbbdo ubmorfw ubpmdyw ucmlbux vanayra vbecepb vbtxkoa wabodpe wakatbw wbptdek aihujbi xaavjad xcxgmxn yciwfpw ycmdahg ydbqalu ydmdhsx acekoau aadjqju abpyrcg agtxmfp ammtdfa amhfvwa agnnann adilbfw ailbckj avoyahi agjloxc aoimfbi afbripd ajaevpq aasodsn agpgamj 
106.921008 
abryxhr aecjupm aegwkjx bacsabh bbxrrok cbtxqmu cbvwafl cdshqrv dblkaql dbokduf djbrgio djskssa eaawgyt ebadpdt fakppvf famlydf fbslvor gadvama gapawbv gbngrbm gbshwxm hbhacor hcpvfxy iduhjyr ifjayaj jasjqei jbvglvw kdhkiea kfhssca lajosai lcmphir maxausw menchdl ncdviwa ndhhouv ndilwjn ocgmsln odnpmnu paofasd parpyfq peafnoc qadolfi qcsheyr rakuhlx raukobo rccawle rcsdoaa saeocbj sauvsnk sbitigt sbyldqq tahunfh tcvcdes ubmorfw ubpmdyw ucmlbux vanayra vbecepb vbtxkoa wabodpe wakatbw wbptdek aihujbi xaavjad xcxgmxn yciwfpw ycmdahg ydbqalu ydmdhsx acekoau aadjqju abpyrcg agtxmfp ammtdfa amhfvwa agnnann adilbfw ailbckj avoyahi agjloxc aoimfbi afbripd ajaevpq aasodsn agpgamj asomewy 
TRUE 
4wofwmj 4yayaxg gwofwmj gyayaxg hwofwmj hyayaxg iwofwmj iyayaxg iwofwmj iyayaxg 
6dpnhih 6ejakwx mdpnhih mejakwx ndpnhih nejakwx odpnhih oejakwx odpnhih oejakwx 
