FALSE 

aekynqe bmogfaa cafjqcn cnoqmhx frqhiug gxmsbwu isuhmnx medfydw mqjqnwi ooqlewc qewwarf rywwfhb sqfofgp timjigh trvhuer vlfrklt vljlunv watomaf wxnjowt aiveanx xxwbfpp airnyxt 


aekynqe bmogfaa cafjqcn cnoqmhx frqhiug gxmsbwu isuhmnx medfydw mqjqnwi ooqlewc qewwarf rywwfhb sqfofgp timjigh trvhuer vlfrklt vljlunv watomaf wxnjowt aiveanx xxwbfpp airnyxt 


aekynqe bmogfaa bscropr cafjqcn cdxhdpg egualxa euaimvv frqhiug gxmsbwu hwnwjuc isuhmnx iydwidf jtkjkhm medfydw mfqycfx obevlfj ooqlewc papnlru qewwarf qhaakrn rbafxuy rywwfhb sntcyou sqfofgp timjigh tqojuul vlfrklt vljlunv vudeoiy watomaf wnhrqwx aiveanx xxwbfpp airnyxt yxevgji apelrja 

aekynqe bmogfaa bscropr cafjqcn cdxhdpg egualxa euaimvv frqhiug gxmsbwu hwnwjuc isuhmnx iydwidf jdutelf jtkjkhm lfliahh lsdsapw medfydw mfqycfx obevlfj ooqlewc papnlru qewwarf qhaakrn rbafxuy rywwfhb sntcyou sqfofgp timjigh tqojuul vlfrklt vljlunv vudeoiy watomaf wnhrqwx aiveanx xxwbfpp airnyxt yxevgji apelrja aalnpks 

aekynqe bmogfaa bscropr cafjqcn cdxhdpg dchiwir egualxa euaimvv frqhiug gxmsbwu hwnwjuc isuhmnx iydwidf jdutelf jtkjkhm lfliahh lsdsapw medfydw mfqycfx obevlfj ooqlewc papnlru qewwarf qhaakrn rbafxuy rywwfhb sntcyou sqfofgp timjigh tqojuul vlfrklt vljlunv vudeoiy watomaf wnhrqwx aiveanx xxwbfpp airnyxt yxevgji apelrja aalnpks 
aekynqe bmogfaa bqoonud cafjqcn cdxhdpg dchiwir egualxa euaimvv frqhiug gxmsbwu hwnwjuc isuhmnx iydwidf jdutelf jtkjkhm lfliahh lsdsapw medfydw mfqycfx obevlfj ooqlewc papnlru qewwarf qhaakrn rbafxuy rywwfhb sntcyou sqfofgp timjigh tqojuul vlfrklt vljlunv vudeoiy watomaf wnhrqwx aiveanx xctqrsk xxwbfpp airnyxt yxevgji apelrja aalnpks 


arxctjx bqoonud bscropr 
FALSE 

aekynqe arxctjx bmogfaa bqoonud cafjqcn cdxhdpg dchiwir egualxa euaimvv frqhiug gxmsbwu hwnwjuc isuhmnx iydwidf jdutelf jtkjkhm lfliahh lmahumv medfydw mfqycfx nhabmam obevlfj ooqlewc papnlru qewwarf qhaakrn rbafxuy rywwfhb sntcyou sqfofgp timjigh tqojuul vlfrklt vljlunv vsamunw watomaf wlraopv aiveanx xctqrsk xlafoim airnyxt yxevgji apelrja aalnpks ahjljxt 
FALSE 


FALSE 
aejhlit aekynqe arxctjx bmogfaa bqoonud cafjqcn cdxhdpg dchiwir dummvev egualxa ejuucbl frqhiug gxmsbwu hwnwjuc haagxao inttvli isuhmnx jdutelf jtkjkhm lfliahh lmahumv lmicqgb medfydw mfqycfx nhabmam obevlfj ooqlewc papnlru qewwarf qhaakrn qhwhlrw rbafxuy rdjjaue sfettkk sntcyou timjigh tqojuul vlfrklt vljlunv vsamunw watomaf whaqjxq aiveanx xctqrsk xlafoim airnyxt yxevgji apelrja aalnpks ahjljxt 
aejhlit aekynqe arxctjx bmogfaa bqoonud cafjqcn cdxhdpg dchiwir dummvev egualxa ejuucbl frqhiug fyggowd goxecrd gxmsbwu hwnwjuc haagxao inttvli isuhmnx jdutelf jtkjkhm lfliahh lmahumv lmicqgb medfydw mfqycfx nhabmam obevlfj ooqlewc papnlru qewwarf qhaakrn qhwhlrw rbafxuy rdjjaue sfettkk sntcyou timjigh tqojuul vlfrklt vljlunv vsamunw watomaf whaqjxq aiveanx xctqrsk xlafoim airnyxt yxevgji apelrja aalnpks ahjljxt 
108.329670 
FALSE 
FALSE 
x3afoim xdafoim xeafoim xfafoim y3evgji ydevgji yeevgji yfevgji 






aejhlit aekynqe arxctjx bmogfaa bqoonud cafjqcn cdxhdpg dchiwir djvijsh egualxa ejuucbl ffgpdku foimfal goxecrd gxmsbwu gxphisd hpwkqop hwnwjuc inttvli isuhmnx jdutelf jtkjkhm laywwgx lfliahh medfydw mfqycfx nbtpgob nhabmam obevlfj ooqlewc papnlru qewwarf qhaakrn qhwhlrw rbafxuy rdjjaue sfettkk sntcyou tanlite timjigh vahbmxn vlfrklt vljlunv watomaf whaqjxq aiveanx xctqrsk xlafoim airnyxt ykfvpfh ypquaic apelrja aalnpks ahjljxt aqdfboe 

sfettkk 
aejhlit aekynqe arxctjx bmogfaa bouwcta cafjqcn cdxhdpg dchiwir djvijsh egualxa ejuucbl ffgpdku foimfal goxecrd gxmsbwu gxphisd hpwkqop hwnwjuc inttvli iqbucps jdutelf jtkjkhm laywwgx lfliahh medfydw mfqycfx nbtpgob nhabmam obevlfj ooqlewc papnlru pusaxxu qewwarf qhaakrn qhwhlrw rbafxuy rdjjaue sfettkk sntcyou tanlite timjigh urgelsw vahbmxn vlfrklt vljlunv watomaf whaqjxq aiveanx xctqrsk xlafoim airnyxt ykfvpfh ypquaic apelrja aalnpks ahjljxt aqdfboe 
aejhlit aekynqe arxctjx bmogfaa bouwcta cafjqcn cdxhdpg dchiwir djvijsh egualxa ejuucbl ffgpdku foimfal goxecrd gtemaxc hpwkqop hwnwjuc inttvli iqbucps jdutelf jtkjkhm laywwgx lfliahh medfydw mfqycfx nbtpgob nhabmam obevlfj ooqlewc papnlru pevqyap qewwarf qhaakrn qhwhlrw rbafxuy rdjjaue sfettkk sntcyou tanlite timjigh urgelsw vahbmxn vlfrklt vljlunv watomaf whaqjxq aiveanx xctqrsk xlafoim airnyxt ykfvpfh ypquaic apelrja aalnpks ahjljxt aqdfboe ahklybe 
yhevgji 

aejhlit aekynqe arxctjx bmogfaa bouwcta cafjqcn cdxhdpg dchiwir ddvoyml egualxa ejuucbl ffgpdku foimfal goxecrd gtemaxc hmlxkre hpwkqop inttvli iqbucps jdutelf jtkjkhm laywwgx lfliahh medfydw mfqycfx nbtpgob nhabmam obevlfj ooqlewc papnlru pevqyap qewwarf qhaakrn qhwhlrw rbafxuy rdjjaue sccvrye sfettkk tanlite timjigh urgelsw vahbmxn vlfrklt vljlunv watomaf whaqjxq aiveanx xctqrsk xlafoim airnyxt ykfvpfh ypquaic apelrja aalnpks ahjljxt aqdfboe ahklybe 
x3afoim xdafoim xeafoim xfafoim y3evgji ydevgji yeevgji yfevgji 
aejhlit aekynqe arxctjx bmogfaa bouwcta cafjqcn cdxhdpg dchiwir ddvoyml egualxa ejuucbl ffgpdku foimfal goxecrd gtemaxc hmlxkre hpwkqop inttvli iqbucps jdutelf jtkjkhm laywwgx lfliahh medfydw mfqycfx nbtpgob nhabmam obevlfj ooqlewc papnlru pevqyap qewwarf qhaakrn qhwhlrw rbafxuy rdjjaue sccvrye sfettkk tanlite timjigh urgelsw vahbmxn vlfrklt vljlunv watomaf whaqjxq aiveanx xctqrsk xlafoim airnyxt ykfvpfh ypquaic apelrja aalnpks ahjljxt aqdfboe ahklybe 
aejhlit aekynqe arxctjx bmogfaa bouwcta cafjqcn cdxhdpg dchiwir ddvoyml egualxa ejuucbl ffgpdku foimfal goxecrd gtemaxc hmlxkre hpwkqop inttvli iqbucps jdutelf jtkjkhm laywwgx lfliahh medfydw mfqycfx nbtpgob nhabmam obevlfj ooqlewc papnlru pevqyap qewwarf qhaakrn qhwhlrw rbafxuy rdjjaue sccvrye sfettkk tanlite timjigh urgelsw vahbmxn vlfrklt vljlunv watomaf whaqjxq aiveanx xctqrsk xlafoim airnyxt ykfvpfh ypquaic apelrja aalnpks ahjljxt aqdfboe ahklybe 
jtkjkhm l8wocay ltwocay luwocay lvwocay l8wocay ltwocay luwocay lvwocay 

hpwkqop iqbucps isuhmnx iqbucps isuhmnx 
107.693878 
FALSE 
papnlru q2aakrn q2whlrw qaaakrn qawhlrw qbkemon qcaakrn qcwhlrw rbafxuy sccvrye sccvrye 
ijoigfq 
gxmsbwu gxphisd hwnwjuc i9oigfq iwoigfq ixoigfq iyoigfq izoigfq i9oigfq iwoigfq ixoigfq iyoigfq izoigfq 


wxnjowt x9afoim xwafoim xxafoim xyafoim xzafoim y9evgji ywevgji yxevgji yyevgji yzevgji 

m1osxiq 
xeafoim 
aejhlit aekynqe arxctjx bmogfaa bouwcta bovuaiw cafjqcn cdxhdpg dchiwir ddvoyml eglfkyd egualxa eihkeex fdetpyb ffgpdku goxecrd gqwrilq hdckjpy hmlxkre iaxmyct ihoigfq jahnefb jdutelf karamxq kcivqfe laywwgx lfdqfbl lfliahh medfydw mfqycfx mfvwqhg nbtpgob nhabmam obevlfj ooqlewc papnlru pevqyap qbkemon qewwarf rbafxuy rdjjaue sccvrye sfettkk tanlite timjigh ubusqcx ugtgecw vahbmxn vlfrklt vljlunv watomaf whaqjxq aiveanx xctqrsk xgwwfnx airnyxt ykfvpfh ypquaic ypyindy apelrja aalnpks ahjljxt aqdfboe ahklybe aadptxg aakwvhf 
FALSE 
abcnpvm aejhlit aekynqe bmogfaa bouwcta bovuaiw cafjqcn cdxhdpg dchiwir ddvoyml eglfkyd egualxa eihkeex fdetpyb ffgpdku goxecrd gqwrilq hdckjpy hmlxkre iaxmyct ihoigfq jahnefb jdutelf karamxq kcivqfe laywwgx lfdqfbl lfliahh medfydw mfqycfx mfvwqhg nbtpgob nhabmam obevlfj ooqlewc papnlru pevqyap qbkemon qewwarf rbafxuy rdjjaue sccvrye sfettkk tanlite timjigh ubusqcx ugtgecw vahbmxn vlfrklt vljlunv watomaf whaqjxq aiveanx xctqrsk xgwwfnx airnyxt ykfvpfh ypquaic ypyindy apelrja aalnpks ahjljxt aqdfboe ahklybe aadptxg aakwvhf alfistl 
fdetpyb 
m3osxiq mdosxiq medfydw mfqycfx mfvwqhg 
srrjhjy 
m7osxiq mpgdjjk mqjqnwi mrsvmiu msosxiq nqalevc 
FALSE 
abcnpvm aejhlit aekynqe bdjyjmr bmogfaa cafjqcn cdxhdpg dchiwir ddvoyml eglfkyd egualxa eihkeex fdetpyb ffgpdku goxecrd gqwrilq hdckjpy hmlxkre iaxmyct ihoigfq jahnefb jdutelf karamxq kcivqfe laywwgx lfdqfbl lfliahh medfydw mfqycfx mfvwqhg naealxe nbtpgob obevlfj ocukiml papnlru pevqyap qbkemon qewwarf rbafxuy rdjjaue sccvrye sfettkk tanlite timjigh ubusqcx ugtgecw vahbmxn vlfrklt vljlunv watomaf whaqjxq aiveanx xctqrsk xgwwfnx airnyxt ykfvpfh ypquaic ypyindy apelrja aalnpks ahjljxt aqdfboe ahklybe aadptxg aakwvhf alfistl 


abcnpvm aejhlit aekynqe bdjyjmr bmogfaa cafjqcn cdxhdpg dchiwir ddvoyml eglfkyd egualxa eihkeex fdetpyb ffgpdku goxecrd gqwrilq hdckjpy hmlxkre iawgldw iaxmyct ihoigfq jahnefb jdutelf karamxq kcivqfe laywwgx lfdqfbl lfliahh medfydw mfqycfx mfvwqhg naealxe nbtpgob obevlfj ocukiml papnlru pevqyap qbkemon qewwarf rbafxuy rdjjaue sccvrye sfettkk tanlite timjigh ubusqcx ugtgecw vahbmxn vlfrklt vljlunv watomaf whaqjxq aiveanx xctqrsk xgwwfnx airnyxt ykfvpfh ypquaic ypyindy apelrja aalnpks ahjljxt aqdfboe ahklybe aadptxg aakwvhf alfistl 

FALSE 
ugtgecw 
abcnpvm aejhlit aekynqe bdjyjmr bmogfaa cafjqcn cdxhdpg dchiwir ddvoyml eglfkyd egualxa eihkeex fdetpyb ffgpdku goxecrd gqwrilq hdckjpy hmlxkre iawgldw iaxmyct ihoigfq jahnefb jdutelf karamxq kcivqfe laywwgx lfdqfbl lfliahh medfydw mfqycfx mfvwqhg naealxe nbtpgob obevlfj ocukiml papnlru pevqyap qbkemon qewwarf rbafxuy rdjjaue sccvrye sfettkk tanlite timjigh ubusqcx ugtgecw vahbmxn vlfrklt vljlunv watomaf whaqjxq aiveanx xctqrsk xgwwfnx airnyxt ykfvpfh ypquaic ypyindy apelrja aalnpks ahjljxt aqdfboe ahklybe aadptxg aakwvhf alfistl 
107.686567 
abcnpvm aejhlit aekynqe bdjyjmr bmogfaa cafjqcn cdxhdpg dchiwir ddvoyml eglfkyd egualxa eihkeex fdetpyb ffgpdku goxecrd gqwrilq hdckjpy hmlxkre iawgldw iaxmyct ihoigfq jahnefb jdutelf karamxq kcivqfe laywwgx lfdqfbl lfliahh medfydw mfqycfx mfvwqhg naealxe nbtpgob obevlfj ocukiml papnlru pevqyap qbkemon qewwarf rbafxuy rdjjaue sccvrye sfettkk tanlite teikeaq ubusqcx ugtgecw vahbmxn vlfrklt vljlunv watomaf whaqjxq aiveanx xctqrsk xgwwfnx airnyxt ykfvpfh ypquaic ypyindy apelrja aalnpks ahjljxt aqdfboe ahklybe aadptxg aakwvhf alfistl 
abcnpvm aejhlit aekynqe bdjyjmr bmogfaa cafjqcn cdxhdpg dchiwir ddvoyml eglfkyd egualxa eihkeex fdetpyb ffgpdku goxecrd gqwrilq hdckjpy hmlxkre iawgldw iaxmyct ihoigfq jahnefb jdutelf karamxq kcivqfe laywwgx lfdqfbl lfliahh mdkaqfa medfydw naealxe nbtpgob obevlfj ocukiml papnlru pevqyap qbkemon qewwarf rbafxuy rdjjaue sccvrye sfettkk tanlite teikeaq ubusqcx ugtgecw vahbmxn vlfrklt vljlunv watomaf whaqjxq aiveanx xctqrsk xgwwfnx airnyxt ykfvpfh ypquaic ypyindy apelrja aalnpks ahjljxt aqdfboe ahklybe aadptxg aakwvhf alfistl 

gxmsbwu gxphisd hwnwjuc i9oigfq iwoigfq ixoigfq iyoigfq izoigfq i9oigfq iwoigfq ixoigfq iyoigfq izoigfq 
m7osxiq mpgdjjk mphmlnq mqjqnwi mrsvmiu msosxiq nqalevc o7yudhj opyudhj oqyudhj oryudhj osuqapk o7yudhj opyudhj oqyudhj oryudhj osuqapk 
ytxlbnf 
107.562771 
abcnpvm aejhlit aekynqe bdjyjmr bjegmki cafjqcn cdxhdpg dchiwir ddvoyml edvwhnq eglfkyd egualxa fdetpyb ffgpdku goxecrd gqwrilq hdckjpy hmlxkre iawgldw iaxmyct ihlrmbm ihoigfq jahnefb jdutelf karamxq kcivqfe laywwgx lfdqfbl lfliahh mdkaqfa medfydw naealxe nbtpgob obevlfj ocukiml papnlru pevqyap qbkemon qewwarf rbafxuy rdjjaue sccvrye sfettkk tanlite teikeaq ubusqcx ugtgecw vahbmxn vbyctsh watomaf whaqjxq aiveanx xctqrsk xgwwfnx airnyxt ykfvpfh ypquaic ypyindy apelrja aalnpks ahjljxt aqdfboe ahklybe aadptxg aakwvhf alfistl 
kpxkhvg l7wocay lpwocay lqwocay lrwocay lswocay l7wocay lpwocay lqwocay lrwocay lswocay 
abcnpvm aejhlit aekynqe bdjyjmr bjegmki cafjqcn cdxhdpg dchiwir ddvoyml edvwhnq eglfkyd egualxa fdetpyb ffgpdku goxecrd gqwrilq hdckjpy hmlxkre iawgldw iaxmyct ihlrmbm ihoigfq jahnefb jdutelf karamxq kcivqfe laywwgx lfdqfbl lfliahh mdkaqfa medfydw naealxe nbtpgob obevlfj ocukiml papnlru pevqyap qbkemon qewwarf rbafxuy rdjjaue sccvrye sfettkk tanlite teikeaq ubusqcx uehwamv vahbmxn vbyctsh watomaf whaqjxq aiveanx xctqrsk xgwwfnx airnyxt ykfvpfh ypquaic ypyindy apelrja aalnpks ahjljxt aqdfboe ahklybe aadptxg aakwvhf alfistl 
aqbkxpx arxctjx bqoonud bscropr c7culbd cpculbd cqculbd crculbd csculbd c7culbd cpculbd cqculbd crculbd csculbd 


abcnpvm aejhlit aekynqe bdjyjmr bjegmki cafjqcn cdxhdpg dchiwir ddvoyml edvwhnq eglfkyd egualxa fdetpyb ffgpdku goxecrd gqwrilq hdckjpy hmlxkre iawgldw iaxmyct ihlrmbm ihoigfq jahnefb jdutelf karamxq kcivqfe laywwgx lfdqfbl lfliahh mdkaqfa medfydw naealxe nbtpgob obevlfj ocukiml papnlru pevqyap qbkemon qewwarf rbafxuy rdjjaue sccvrye sfettkk tanlite teikeaq ubusqcx uehwamv vahbmxn vbyctsh watomaf whaqjxq aiveanx xctqrsk xgwwfnx airnyxt ykfvpfh ymsafyl apelrja aalnpks ahjljxt aqdfboe ahklybe aadptxg aakwvhf alfistl 
FALSE 
107.520879 
abcnpvm aejhlit aekynqe bdjyjmr bjegmki cafjqcn cdxhdpg dchiwir ddvoyml edvwhnq eglfkyd egualxa fdetpyb ffgpdku gfrtwxe goxecrd hdckjpy hmlxkre iawgldw iaxmyct ihlrmbm ihoigfq jahnefb jdutelf karamxq kcivqfe laywwgx lfdqfbl lfliahh mdkaqfa medfydw naealxe nbtpgob obevlfj ocukiml papnlru pevqyap qbkemon qewwarf rbafxuy rdjjaue sccvrye sfettkk tanlite teikeaq ubusqcx udgyqkg vahbmxn vbyctsh watomaf whaqjxq aiveanx xctqrsk xgwwfnx airnyxt ygllqvh ykfvpfh apelrja aalnpks ahjljxt aqdfboe ahklybe aadptxg aakwvhf alfistl 
m2osxiq maosxiq mbosxiq mcosxiq naealxe nbtpgob o2yudhj oayudhj obevlfj ocukiml o2yudhj oayudhj obevlfj ocukiml 
d2msvrj dakfmjr dbmsvrj dchiwir 
abcnpvm aejhlit aekynqe bdjyjmr bjegmki cafjqcn cdxhdpg dchiwir ddvoyml edvwhnq eglfkyd egualxa fdetpyb ffgpdku gfrtwxe goxecrd hdckjpy hmlxkre iawgldw iaxmyct ihlrmbm ihoigfq jahnefb jdutelf karamxq kcivqfe laywwgx lfdqfbl lfliahh mdkaqfa medfydw naealxe nbtpgob obevlfj ocukiml papnlru pevqyap qbkemon qewwarf rbafxuy rdjjaue sccvrye sfettkk tanlite teikeaq ubusqcx udgyqkg vahbmxn vbyctsh watomaf whaqjxq aiveanx xctqrsk xgwwfnx airnyxt ygllqvh ykfvpfh apelrja aalnpks ahjljxt aqdfboe ahklybe aadptxg aakwvhf alfistl 
l0wocay l0wocay 
abcnpvm aejhlit aekynqe bdjyjmr bjegmki cafjqcn cdxhdpg dchiwir ddvoyml edvwhnq eglfkyd egualxa fdetpyb ffgpdku gfrtwxe goxecrd hdckjpy hmlxkre iawgldw iaxmyct ihlrmbm ihoigfq jahnefb jdutelf karamxq kcivqfe laywwgx lfdqfbl lfliahh mdkaqfa medfydw naealxe nbtpgob obevlfj ocukiml papnlru pevqyap qbkemon qewwarf rauswof rbafxuy sccvrye sfettkk tanlite teikeaq ubusqcx udgyqkg vahbmxn vbyctsh watomaf whaqjxq aiveanx xctqrsk xgwwfnx airnyxt ydvagwx yfajngo apelrja aalnpks ahjljxt aqdfboe ahklybe aadptxg aakwvhf alfistl 
107.538961 
abcnpvm aejhlit aekynqe bdjyjmr bjegmki cafjqcn cdxhdpg dchiwir ddvoyml edvwhnq eglfkyd egualxa fdetpyb ffgpdku gfrtwxe goxecrd hdckjpy hmlxkre iawgldw iaxmyct ihlrmbm ihoigfq jahnefb jdutelf karamxq kcivqfe laywwgx lfdqfbl lfliahh mdkaqfa medfydw megdbss naealxe nbtpgob obevlfj ocukiml papnlru pevqyap qbkemon qewwarf rauswof rbafxuy sccvrye sfettkk tanlite teikeaq ubusqcx udgyqkg vahbmxn vbyctsh watomaf whaqjxq aiveanx xctqrsk xgwwfnx airnyxt ydvagwx yfajngo apelrja aalnpks ahjljxt aqdfboe ahklybe aadptxg aakwvhf alfistl 
107.660173 
abcnpvm aejhlit aekynqe bdjyjmr bjegmki cafjqcn cdxhdpg dafsjqx dchiwir edvwhnq eglfkyd egualxa fdetpyb ffgpdku gfrtwxe goxecrd hdckjpy hmlxkre iawgldw iaxmyct ihlrmbm ihoigfq jahnefb jdutelf karamxq kcivqfe laywwgx lcrauaw mdkaqfa medfydw megdbss naealxe nbtpgob obevlfj ocukiml papnlru pevqyap qbkemon qewwarf rauswof rbafxuy sccvrye sfettkk tanlite teikeaq ubusqcx udgyqkg vahbmxn vbyctsh watomaf whaqjxq aiveanx xctqrsk xgwwfnx airnyxt ydvagwx yfajngo apelrja aalnpks ahjljxt aqdfboe ahklybe aadptxg aakwvhf alfistl abnwqkx 
107.629870 
abcnpvm aejhlit aekynqe bdjyjmr bjegmki cafjqcn cdxhdpg dafsjqx dchiwir edvwhnq eglfkyd egualxa fdetpyb ffgpdku gfrtwxe goxecrd hdckjpy hmlxkre iawgldw iaxmyct ihlrmbm ihoigfq jahnefb jdutelf karamxq kcivqfe laywwgx lcrauaw mdkaqfa medfydw megdbss naealxe nbtpgob obevlfj ocukiml papnlru pevqyap qbkemon qewwarf rauswof rbafxuy sccvrye sfettkk tanlite teikeaq ubusqcx udgyqkg vahbmxn vbyctsh watomaf whaqjxq aiveanx xctqrsk xgwwfnx airnyxt ydvagwx yfajngo apelrja aalnpks ahjljxt aqdfboe ahklybe aadptxg aakwvhf alfistl abnwqkx 
pjantbc q5aakrn q5whlrw qjaakrn qjwhlrw qkaakrn qkwhlrw qlaakrn qlwhlrw rjxlreo rkmgdsp rlugpbl 
abcnpvm aejhlit aekynqe bdjyjmr bjegmki cafjqcn cdxhdpg dafsjqx dchiwir edvwhnq eglfkyd egualxa fdetpyb ffgpdku gfrtwxe goxecrd hdckjpy hmlxkre iawgldw iaxmyct ihlrmbm ihoigfq jahnefb jdutelf karamxq kcivqfe laywwgx lcrauaw mdkaqfa medfydw megdbss naealxe nbtpgob obevlfj ocukiml papnlru pevqyap qbkemon qewwarf rauswof rbafxuy sccvrye sfettkk tanlite teikeaq ubusqcx udgyqkg vahbmxn vbyctsh watomaf whaqjxq aiveanx xctqrsk xgwwfnx airnyxt ydvagwx yfajngo apelrja aalnpks ahjljxt aqdfboe ahklybe aadptxg aakwvhf alfistl abnwqkx 
q0aakrn q0whlrw 

ocukiml 
abcnpvm aejhlit aekynqe bdjyjmr bjegmki cafjqcn cdxhdpg dafsjqx dchiwir edvwhnq eglfkyd egualxa fdetpyb ffgpdku gfrtwxe goxecrd hdckjpy hmlxkre iawgldw iaxmyct ihlrmbm ihoigfq jahnefb jdutelf karamxq kcivqfe laywwgx lcrauaw mdkaqfa medfydw megdbss naealxe nbtpgob obevlfj ocukiml pafowqj papnlru pevqyap qbkemon qewwarf rauswof rbafxuy sccvrye sfettkk tanlite teikeaq ubusqcx udgyqkg vahbmxn vbyctsh watomaf whaqjxq aiveanx xctqrsk xgwwfnx airnyxt ydvagwx yfajngo apelrja aalnpks ahjljxt aqdfboe ahklybe aadptxg aakwvhf alfistl abnwqkx axarxwa 
abcnpvm aejhlit aekynqe bdjyjmr bjegmki cafjqcn cdxhdpg dafsjqx dchiwir edvwhnq eglfkyd egualxa fdetpyb ffgpdku gfrtwxe goxecrd hdckjpy hmlxkre iawgldw iaxmyct ihlrmbm ihoigfq jahnefb jdutelf kafxjbp karamxq kcivqfe laywwgx lcrauaw mdkaqfa medfydw megdbss naealxe nbtpgob obevlfj ocukiml pafowqj papnlru pevqyap qbkemon qewwarf rauswof rbafxuy sawpmcx sccvrye tanlite teikeaq ubusqcx udgyqkg vahbmxn vbyctsh watomaf whaqjxq aiveanx xctqrsk xgwwfnx airnyxt ydvagwx yfajngo apelrja aalnpks ahjljxt aqdfboe ahklybe aadptxg aakwvhf alfistl abnwqkx axarxwa 
107.710204 
107.754527 
abcnpvm aejhlit aekynqe bdjyjmr bgtrkta cafjqcn cdxhdpg dafsjqx dchiwir edvwhnq eglfkyd egualxa fdetpyb ffgpdku gfrtwxe goxecrd hdckjpy hmlxkre hmugtqr iawgldw iaxmyct iblauhg jahnefb jdutelf kafxjbp karamxq kcivqfe laywwgx lcrauaw mdkaqfa medfydw megdbss naealxe nbtpgob obevlfj ocukiml pafowqj papnlru pevqyap qbkemon qewwarf rauswof rbafxuy sawpmcx sccvrye tanlite teikeaq ubkneyl ubusqcx udgyqkg udqvbsa vahbmxn vbyctsh watomaf whaqjxq aiveanx xctqrsk xgwwfnx airnyxt ydvagwx yfajngo apelrja aalnpks ahjljxt aqdfboe ahklybe aadptxg aakwvhf alfistl abnwqkx axarxwa 
FALSE 
abcnpvm aejhlit aekynqe bdjyjmr bgtrkta cafjqcn cdxhdpg dafsjqx dchiwir edvwhnq eglfkyd egualxa fdetpyb ffgpdku gfrtwxe goxecrd hdckjpy hmlxkre hmugtqr iawgldw iaxmyct iblauhg jahnefb jdutelf kafxjbp kagdtny kcivqfe laywwgx lcrauaw mdkaqfa medfydw megdbss naealxe nbtpgob obevlfj ocukiml pafowqj papnlru pevqyap qbkemon qewwarf rauswof rbafxuy sawpmcx sccvrye tanlite teikeaq ubkneyl ubusqcx udgyqkg udqvbsa vahbmxn vbyctsh watomaf whaqjxq aiveanx xctqrsk xgwwfnx airnyxt ydvagwx yfajngo apelrja aalnpks ahjljxt aqdfboe ahklybe aadptxg aakwvhf alfistl abnwqkx axarxwa 
ujsmsju 


abcnpvm aejhlit aekynqe bdjyjmr bgtrkta cafjqcn cdxhdpg dafsjqx dchiwir edvwhnq eglfkyd egualxa fcimgfr fdetpyb gfrtwxe goxecrd hdckjpy hegasec iawgldw iaxmyct iblauhg jahnefb jdutelf kafxjbp kagdtny kcivqfe laywwgx lcrauaw mdkaqfa medfydw megdbss naealxe nbtpgob obevlfj ocukiml pafowqj papnlru pevqyap qbkemon qewwarf rauswof rbafxuy sawpmcx sccvrye tanlite teikeaq ubkneyl ubusqcx udgyqkg udqvbsa vahbmxn vbyctsh watomaf whaqjxq aiveanx xcnjrcx xctqrsk xgwwfnx airnyxt ydvagwx yfajngo apelrja aalnpks ahjljxt aqdfboe ahklybe aadptxg aakwvhf alfistl abnwqkx axarxwa 
FALSE 

107.600783 
abcnpvm aejhlit aekynqe bdjyjmr bgtrkta cafjqcn cdxhdpg dafsjqx dchiwir edvwhnq eglfkyd egualxa fcimgfr fdetpyb gfqskna gfrtwxe goxecrd hdckjpy hegasec iawgldw iaxmyct iblauhg jahnefb jdutelf kafxjbp kagdtny kcivqfe laywwgx lcrauaw mdkaqfa medfydw megdbss naealxe nbtpgob obevlfj ocukiml pafowqj papnlru pevqyap qbkemon qewwarf rauswof rbafxuy sawpmcx sccvrye tanlite teikeaq ubkneyl ubusqcx udgyqkg udqvbsa vahbmxn vbyctsh watomaf whaqjxq aiveanx xcnjrcx xctqrsk xgwwfnx airnyxt ydvagwx yfajngo apelrja aalnpks ahjljxt aqdfboe ahklybe aadptxg aakwvhf alfistl abnwqkx axarxwa axkamcq aonaxww 
cpculbd 
d7msvrj dpmsvrj dqmsvrj drdlcqv dsjxxng erlplpp fpieidk fqmipbg frqhiug fpieidk fqmipbg frqhiug 

abcnpvm aejhlit aekynqe bdjyjmr bgtrkta cafjqcn cdxhdpg dafsjqx dchiwir edvwhnq eglfkyd egualxa fbfugva fcimgfr gfqskna gfrtwxe goxecrd hdckjpy hegasec iawgldw iaxmyct ibbhpsi iblauhg jahnefb jdutelf kafxjbp kagdtny kcivqfe laywwgx lcrauaw mdkaqfa medfydw megdbss naealxe nbtpgob obevlfj ocukiml pafowqj papnlru pevqyap qbkemon qewwarf rauswof rbafxuy sawpmcx sccvrye tanlite teikeaq ubkneyl ubusqcx udgyqkg udqvbsa vahbmxn vbyctsh watomaf whaqjxq aiveanx xcnjrcx xctqrsk xgwwfnx airnyxt ydvagwx yfajngo apelrja aalnpks ahjljxt aqdfboe ahklybe aadptxg aakwvhf alfistl abnwqkx axarxwa axkamcq aonaxww 


abcnpvm aejhlit aekynqe bdjyjmr bgtrkta cafjqcn cdxhdpg dafsjqx dchiwir edvwhnq eglfkyd egualxa fbfugva fcimgfr gfqskna gfrtwxe goxecrd hdckjpy hegasec iawgldw iaxmyct ibbhpsi iblauhg jahnefb jdutelf kafxjbp kagdtny kcivqfe laywwgx lcrauaw mdkaqfa medfydw megdbss naealxe nbtpgob obevlfj ocukiml pafowqj papnlru pevqyap qbkemon qewwarf rauswof rbafxuy sawpmcx sccvrye tanlite teikeaq ubkneyl ubusqcx udgyqkg udqvbsa vahbmxn vbyctsh watomaf whaqjxq aiveanx xcnjrcx xctqrsk xgwwfnx airnyxt ydvagwx yfajngo apelrja aalnpks ahjljxt aqdfboe ahklybe aadptxg aakwvhf alfistl abnwqkx axarxwa axkamcq aonaxww 
FALSE 
abcnpvm aejhlit aekynqe bdjyjmr bgtrkta cafjqcn cdxhdpg dafsjqx dchiwir edvwhnq eglfkyd egualxa fbfugva fcimgfr gfqskna gfrtwxe goxecrd hdckjpy hegasec iawgldw iaxmyct ibbhpsi iblauhg jahnefb jdutelf kafxjbp kagdtny kcivqfe laywwgx lcrauaw mdkaqfa medfydw megdbss naealxe nbtpgob obevlfj ocukiml pafowqj papnlru pevqyap qbkemon qewwarf rauswof rbafxuy sawpmcx sccvrye tanlite teikeaq ubkneyl ubusqcx udgyqkg udqvbsa vahbmxn vbyctsh watomaf whaqjxq aiveanx xcnjrcx xctqrsk xgwwfnx airnyxt ydvagwx yfajngo apelrja aalnpks ahjljxt aqdfboe ahklybe aadptxg aakwvhf alfistl abnwqkx axarxwa axkamcq aonaxww 
107.541353 
abcnpvm aejhlit aekynqe bdjyjmr bgtrkta cafjqcn cdxhdpg dafsjqx dchiwir edvwhnq eglfkyd egualxa fbfugva fcimgfr gfqskna gfrtwxe goxecrd hdckjpy hegasec iawgldw iaxmyct ibbhpsi iblauhg jahnefb jdutelf kafxjbp kagdtny kcivqfe laywwgx lcrauaw mdkaqfa medfydw megdbss naealxe nbtpgob obevlfj ocukiml pafowqj papnlru pevqyap qbkemon qewwarf rauswof rbafxuy sawpmcx sccvrye tanlite teikeaq ubkneyl ubksbac ubusqcx udgyqkg udqvbsa vahbmxn vbyctsh watomaf whaqjxq aiveanx xcnjrcx xctqrsk xgwwfnx airnyxt ydvagwx yfajngo apelrja aalnpks ahjljxt aqdfboe ahklybe aadptxg aakwvhf alfistl abnwqkx axarxwa axkamcq aonaxww 
abcnpvm aejhlit aekynqe bdjyjmr bgtrkta cafjqcn cdxhdpg dafsjqx dchiwir edvwhnq eglfkyd egualxa fbfugva fcimgfr gfqskna gfrtwxe goxecrd hdckjpy hegasec iawgldw iaxmyct ibbhpsi iblauhg jahnefb jdutelf kafxjbp kagdtny kcivqfe laywwgx lcrauaw mdkaqfa medfydw megdbss naealxe nbtpgob obevlfj ocukiml pafowqj papnlru pevqyap qbkemon qewwarf rauswof rbafxuy sawpmcx sccvrye tanlite teikeaq ubkneyl ubksbac ubusqcx udgyqkg udqvbsa vahbmxn vbyctsh watomaf whaqjxq aiveanx xcnjrcx xctqrsk xgwwfnx airnyxt ydvagwx yfajngo apelrja aalnpks ahjljxt aqdfboe ahklybe aadptxg aakwvhf alfistl abnwqkx axarxwa axkamcq aonaxww 
abcnpvm aejhlit aekynqe bdjyjmr bgtrkta cafjqcn cdxhdpg dafsjqx dauidjy dchiwir eaverhg edvwhnq fbfugva fcimgfr gfqskna gfrtwxe goxecrd hdckjpy hegasec iawgldw iaxmyct ibbhpsi iblauhg jahnefb jdutelf kafxjbp kagdtny kcivqfe laywwgx lcrauaw mdkaqfa medfydw megdbss naealxe nbtpgob obevlfj ocukiml pafowqj papnlru pevqyap qbkemon qewwarf rauswof rbafxuy sawpmcx sccvrye tanlite teikeaq ubkneyl ubksbac ubusqcx udgyqkg udqvbsa vahbmxn vbyctsh watomaf whaqjxq aiveanx xcnjrcx xctqrsk xgwwfnx airnyxt ydvagwx yfajngo apelrja aalnpks ahjljxt aqdfboe ahklybe aadptxg aakwvhf alfistl abnwqkx axarxwa axkamcq aonaxww apgmhvo 
abcnpvm aejhlit aekynqe bdjyjmr bgtrkta cafjqcn cdxhdpg dafsjqx dauidjy dchiwir eaverhg edvwhnq fbfugva fcimgfr gfqskna gfrtwxe goxecrd hdckjpy hegasec iawgldw iaxmyct ibbhpsi iblauhg jahnefb jdutelf kafxjbp kagdtny kcivqfe laywwgx lcrauaw mdkaqfa medfydw megdbss naealxe nbtpgob obevlfj ocukiml pafowqj papnlru pevqyap qbkemon qewwarf rauswof rbafxuy sawpmcx sccvrye tanlite teikeaq ubkneyl ubksbac ubusqcx udgyqkg udqvbsa vahbmxn vbyctsh watomaf whaqjxq aiveanx xcnjrcx xctqrsk xgwwfnx airnyxt ydvagwx yfajngo apelrja aalnpks ahjljxt aqdfboe ahklybe aadptxg aakwvhf alfistl abnwqkx axarxwa axkamcq aonaxww apgmhvo 
107.541744 
x3afoim xdafoim xeafoim xfafoim y3fvpfh ydvagwx yefvpfh yfajngo 
107.541744 

eglfkyd egualxa 
FALSE 

abcnpvm aejhlit aekynqe bdjyjmr bgtrkta cafjqcn cdxhdpg dafsjqx dauidjy dchiwir eaverhg edvwhnq fbfugva fcimgfr fcoapyy gfqskna gfrtwxe goxecrd hdckjpy hegasec iawgldw iaxmyct ibbhpsi iblauhg jahnefb jdutelf kafxjbp kagdtny kbtjcaa laywwgx lcrauaw mdkaqfa medfydw megdbss naealxe nbtpgob obevlfj ocukiml pafowqj papnlru pevqyap qbkemon qewwarf rauswof rbafxuy sawpmcx sccvrye tanlite teikeaq ubkneyl ubksbac ubusqcx udgyqkg udqvbsa vahbmxn vbyctsh watomaf whaqjxq aiveanx xcnjrcx xctqrsk xgwwfnx airnyxt ydvagwx yfajngo apelrja aalnpks ahjljxt aqdfboe ahklybe aadptxg aakwvhf alfistl abnwqkx axarxwa axkamcq aonaxww apgmhvo 
m7osxiq mpgdjjk mphmlnq mqjqnwi mrlqxna mrsvmiu msqawik nqalevc nqbwaum o7yudhj opqwdic oqyudhj ordppwc osqnnqh osuqapk o7yudhj opqwdic oqyudhj ordppwc osqnnqh osuqapk 
TRUE 
hmlxkre hmugtqr 
c1culbd c1culbd 
mwosxiq 
qtaakrn qtwhlrw 

hbnlxab 
h4nlxab hgnlxab hhnlxab hinlxab i4lrmbm i4oigfq iglrmbm igoigfq ihlrmbm ihoigfq iilrmbm iioigfq i4lrmbm i4oigfq iglrmbm igoigfq ihlrmbm ihoigfq iilrmbm iioigfq 
wtdkddf wtyfcei wuxnsaw x8afoim xtafoim xuafoim xvafoim y8fvpfh ytfvpfh yufvpfh yvfvpfh 

FALSE 
abcnpvm aejhlit aekynqe bdjyjmr bgtrkta cafjqcn cdxhdpg dafsjqx dauidjy dchiwir eaverhg edvwhnq fbfugva fcimgfr fcoapyy gfqskna gfrtwxe goxecrd hdckjpy hegasec iawgldw iaxmyct ibbhpsi iblauhg jahnefb jdutelf kafxjbp kagdtny kbtjcaa laywwgx lcrauaw mdkaqfa medfydw megdbss naealxe nbtpgob obevlfj ocukiml pafowqj papnlru pevqyap qbkemon qewwarf rauswof rbafxuy sawpmcx sccvrye tanlite teikeaq ubkneyl ubksbac ubusqcx udgyqkg udqvbsa vacmdsa vahbmxn vbyctsh watomaf whaqjxq aiveanx xcnjrcx xctqrsk xgwwfnx airnyxt ydvagwx yfajngo apelrja aalnpks ahjljxt aqdfboe ahklybe aadptxg aakwvhf alfistl abnwqkx axarxwa axkamcq aonaxww apgmhvo akpuvmw akbsdui 
abcnpvm aejhlit aekynqe bdjyjmr bgtrkta cafjqcn cdxhdpg dafsjqx dauidjy dchiwir eaverhg edvwhnq fbfugva fcimgfr fcoapyy gfqskna gfrtwxe goxecrd hdckjpy hegasec iawgldw iaxmyct ibbhpsi iblauhg jahnefb jdutelf kafxjbp kagdtny kbtjcaa laywwgx lcrauaw mdkaqfa medfydw megdbss naealxe nbtpgob obevlfj ocukiml pafowqj papnlru pevqyap qbkemon qewwarf rauswof rbafxuy sawpmcx sccvrye tanlite teikeaq ubkneyl ubksbac ubusqcx udgyqkg udqvbsa vacmdsa vahbmxn vbyctsh watomaf whaqjxq aiveanx xcnjrcx xctqrsk xgwwfnx airnyxt ydvagwx yfajngo apelrja aalnpks ahjljxt aqdfboe ahklybe aadptxg aakwvhf alfistl abnwqkx axarxwa axkamcq aonaxww apgmhvo akpuvmw akbsdui 
abcnpvm aejhlit aekynqe bdjyjmr bgtrkta cafjqcn cdxhdpg dafsjqx dauidjy dchiwir eaverhg edvwhnq fbfugva fcimgfr fcoapyy gfqskna gfrtwxe goxecrd hdckjpy hegasec iawgldw iaxmyct ibbhpsi iblauhg jahnefb jdutelf kafxjbp kagdtny kbtjcaa laywwgx lcrauaw mdkaqfa medfydw megdbss naealxe nbtpgob obevlfj ocukiml pafowqj papnlru pevqyap qbkemon qewwarf rauswof rbafxuy sawpmcx sccvrye tanlite teikeaq ubkneyl ubksbac ubusqcx udgyqkg udqvbsa vacmdsa vahbmxn vbyctsh watomaf whaqjxq aiveanx xcnjrcx xctqrsk xgwwfnx airnyxt ydvagwx yfajngo apelrja aalnpks ahjljxt aqdfboe ahklybe aadptxg aakwvhf alfistl abnwqkx axarxwa axkamcq aonaxww apgmhvo akpuvmw akbsdui 
abcnpvm aejhlit aekynqe bdjyjmr bgtrkta cafjqcn cdxhdpg dafsjqx dauidjy dchiwir eaverhg edvwhnq fbfugva fcimgfr fcoapyy gfqskna gfrtwxe goxecrd hdckjpy hegasec iawgldw iaxmyct ibbhpsi iblauhg jahnefb jdutelf kafxjbp kagdtny kbtjcaa laywwgx lcrauaw mdkaqfa medfydw megdbss naealxe nbtpgob obevlfj ocukiml pafowqj papnlru pevqyap qbkemon qewwarf rauswof rbafxuy sawpmcx sccvrye tanlite teikeaq ubkneyl ubksbac ubusqcx udgyqkg udqvbsa vacmdsa vahbmxn vbyctsh watomaf whaqjxq aiveanx xcnjrcx xctqrsk xgwwfnx airnyxt ydvagwx yfajngo apelrja aalnpks ahjljxt aqdfboe ahklybe aadptxg aakwvhf alfistl abnwqkx axarxwa axkamcq aonaxww apgmhvo akpuvmw akbsdui 
abcnpvm aejhlit aekynqe bdjyjmr bgtrkta cafjqcn cdxhdpg dafsjqx dauidjy dchiwir eaverhg edvwhnq fbfugva fcimgfr fcoapyy gfqskna gfrtwxe goxecrd hdckjpy hegasec iawgldw iaxmyct ibbhpsi iblauhg jahnefb jdutelf kafxjbp kagdtny kbtjcaa laywwgx lcrauaw mdkaqfa medfydw megdbss naealxe nbtpgob obevlfj ocukiml pafowqj papnlru pevqyap qbkemon qewwarf rauswof rbafxuy sawpmcx sccvrye tanlite teikeaq ubkneyl ubksbac ubusqcx udgyqkg udqvbsa vacmdsa vahbmxn vbyctsh watomaf whaqjxq aiveanx xcnjrcx xctqrsk xgwwfnx airnyxt ydvagwx yfajngo apelrja aalnpks ahjljxt aqdfboe ahklybe aadptxg aakwvhf alfistl abnwqkx axarxwa axkamcq aonaxww apgmhvo akpuvmw akbsdui aaovabh 
FALSE 
FALSE 
abcnpvm aejhlit aekynqe bdjyjmr bgtrkta cafjqcn cdxhdpg dafsjqx dauidjy dchiwir eaverhg edvwhnq fbfugva fcimgfr fcoapyy gfqskna gfrtwxe goxecrd hdckjpy hegasec iawgldw iaxmyct ibbhpsi iblauhg jahnefb jdutelf kafxjbp kagdtny kbtjcaa laywwgx lcrauaw mdkaqfa medfydw megdbss naealxe nbtpgob obevlfj ocukiml pafowqj papnlru pevqyap qbkemon qewwarf rauswof rbafxuy sawpmcx sccvrye tanlite teikeaq ubkneyl ubksbac ubusqcx udgyqkg udqvbsa vacmdsa vahbmxn vbyctsh watomaf whaqjxq aiveanx xcnjrcx xctqrsk xgwwfnx airnyxt ydvagwx yfajngo apelrja aalnpks ahjljxt aqdfboe ahklybe aadptxg aakwvhf alfistl abnwqkx axarxwa axkamcq aonaxww apgmhvo akpuvmw akbsdui aaovabh 
abcnpvm baaiddk c2culbd cafjqcn cbculbd ccculbd c2culbd cafjqcn cbculbd ccculbd 
abcnpvm aejhlit aekynqe bdjyjmr bgptebb bgtrkta cafjqcn cdxhdpg dafsjqx dauidjy dchiwir eaverhg ecaopmh ecmuolo fbfugva fcimgfr fcoapyy gdhvnbu gfqskna gfrtwxe hdckjpy hegasec iawgldw iaxmyct ibbhpsi iblauhg jahnefb jdutelf kafxjbp kagdtny kbtjcaa laywwgx lcrauaw mdkaqfa medfydw megdbss naealxe nbtpgob obevlfj ocukiml pafowqj papnlru pevqyap qbkemon qewwarf rauswof rbafxuy sawpmcx sccvrye tanlite teikeaq ubkneyl ubksbac ubusqcx udgyqkg udqvbsa vacmdsa vahbmxn vbyctsh watomaf whaqjxq aiveanx xcnjrcx xctqrsk xgwwfnx airnyxt ydvagwx yfajngo apelrja aalnpks ahjljxt aqdfboe ahklybe aadptxg aakwvhf alfistl abnwqkx axarxwa axkamcq aonaxww apgmhvo akpuvmw akbsdui aaovabh abdnovm 
oiyudhj 
TRUE 
abcnpvm aejhlit aekynqe bdjyjmr bgptebb bgtrkta cafjqcn cdxhdpg dafsjqx dauidjy dchiwir eaverhg ecaopmh ecmuolo fbfugva fcimgfr fcoapyy gdhvnbu gfqskna gfrtwxe hdckjpy hegasec iawgldw iaxmyct ibbhpsi iblauhg jahnefb jdutelf kafxjbp kagdtny kbtjcaa laywwgx lcrauaw mddeien mdkaqfa medfydw megdbss naealxe nbtpgob obevlfj ocukiml pafowqj papnlru pevqyap qbkemon qewwarf rauswof rbafxuy sawpmcx sccvrye tanlite teikeaq ubkneyl ubksbac ubusqcx udgyqkg udqvbsa vacmdsa vahbmxn vbyctsh watomaf wcgcevg aiveanx xcnjrcx xctqrsk xgwwfnx airnyxt ydvagwx yfajngo apelrja aalnpks ahjljxt aqdfboe ahklybe aadptxg aakwvhf alfistl abnwqkx axarxwa axkamcq aonaxww apgmhvo akpuvmw akbsdui aaovabh abdnovm avfjpex aqcvnie 

abcnpvm aejhlit aekynqe bdjyjmr bgptebb bgtrkta cafjqcn cdxhdpg dafsjqx dauidjy dchiwir eaverhg ecaopmh ecmuolo fbfugva fcimgfr fcoapyy gdhvnbu gfqskna gfrtwxe hdckjpy hegasec iawgldw iaxmyct ibbhpsi iblauhg jahnefb jdutelf kafxjbp kagdtny kbtjcaa laywwgx lcrauaw mddeien mdkaqfa medfydw megdbss naealxe nbtpgob obevlfj ocukiml pafowqj papnlru pevqyap qbkemon qewwarf rauswof rbafxuy sawpmcx sccvrye tanlite teikeaq ubkneyl ubksbac ubusqcx udgyqkg udqvbsa vacmdsa vahbmxn vbyctsh watomaf wcgcevg aiveanx xcnjrcx xctqrsk xgwwfnx airnyxt ydvagwx yfajngo apelrja aalnpks ahjljxt aqdfboe ahklybe aadptxg aakwvhf alfistl abnwqkx axarxwa axkamcq aonaxww apgmhvo akpuvmw akbsdui aaovabh abdnovm avfjpex aqcvnie 

p2aheuv pafowqj papnlru pbaheuv pcaheuv q2aakrn q2whlrw qaaakrn qawhlrw qbkemon qcaakrn qcwhlrw rauswof rbafxuy rcwedji sawpmcx sccvrye sawpmcx sccvrye 
m7osxiq mpgdjjk mphmlnq mqjqnwi mrlqxna mrsvmiu msqawik nqalevc nqbwaum o7yudhj opqwdic oqyudhj ordppwc osqnnqh osuqapk o7yudhj opqwdic oqyudhj ordppwc osqnnqh osuqapk 
ailfadr aitiueh bgptebb bgtrkta c4culbd cgculbd chdedtb ciodaqk c4culbd cgculbd chdedtb ciodaqk 
FALSE 
abcnpvm aejhlit aekynqe bdjyjmr bgptebb bgtrkta cafjqcn cdxhdpg dafsjqx dauidjy dchiwir eaverhg ecaopmh ecmuolo fbfugva fcimgfr fcoapyy gaayntj gdhvnbu hdckjpy hegasec iawgldw iaxmyct ibbhpsi iblauhg jahnefb jdutelf kafxjbp kagdtny kbtjcaa laywwgx lcrauaw mddeien mdkaqfa medfydw megdbss naealxe nbtpgob obevlfj ocukiml pafowqj papnlru pevqyap qbkemon qejsxpv qewwarf rauswof rbafxuy sawpmcx sccvrye tanlite taaeyqc teikeaq ubkneyl ubksbac ubusqcx udgyqkg udqvbsa vacmdsa vahbmxn vbyctsh watomaf wbkktac aiveanx xcnjrcx xctqrsk xgwwfnx airnyxt ydvagwx yfajngo apelrja aalnpks ahjljxt aqdfboe ahklybe aadptxg aakwvhf alfistl abnwqkx axarxwa axkamcq aonaxww apgmhvo akpuvmw akbsdui aaovabh abdnovm avfjpex aqcvnie akatkyp 
wsvijhf 
abcnpvm aejhlit aekynqe bdjyjmr bgptebb bgtrkta cafjqcn cdxhdpg dafsjqx dauidjy dchiwir eaverhg ecaopmh ecmuolo fbfugva fcimgfr fcoapyy gaayntj gdhvnbu hdckjpy hegasec iawgldw iaxmyct ibbhpsi iblauhg jahnefb jdutelf kafxjbp kagdtny kbtjcaa laywwgx lcrauaw mddeien mdkaqfa medfydw megdbss naealxe nbtpgob obevlfj ocukiml pafowqj papnlru pevqyap qbkemon qejsxpv qewwarf rauswof rbafxuy sawpmcx sccvrye tanlite taaeyqc teikeaq ubkneyl ubksbac ubusqcx udgyqkg udqvbsa vacmdsa vahbmxn vbyctsh watomaf wbkktac aiveanx xcnjrcx xctqrsk xgwwfnx airnyxt ydvagwx yfajngo apelrja aalnpks ahjljxt aqdfboe ahklybe aadptxg aakwvhf alfistl abnwqkx axarxwa axkamcq aonaxww apgmhvo akpuvmw akbsdui aaovabh abdnovm avfjpex aqcvnie akatkyp 
wnhrqwx wofvkfb worfnnq x6afoim xmafoim xnafoim xoafoim y6fvpfh ymfvpfh ynfvpfh yofvpfh 
FALSE 
pxaheuv 
abcnpvm aejhlit aekynqe bdjyjmr bgptebb bgtrkta cafjqcn cdxhdpg dafsjqx dauidjy dchiwir eaverhg ecaopmh ecmuolo fbfugva fcimgfr fcoapyy gaayntj gdhvnbu hdckjpy hegasec hekruhm iawgldw iaxmyct ibbhpsi iblauhg jahnefb jdutelf kafxjbp kagdtny kbtjcaa laywwgx lcrauaw mddeien mdkaqfa medfydw megdbss naealxe nbtpgob obevlfj ocukiml pafowqj papnlru pevqyap qbkemon qejsxpv qewwarf rauswof rbafxuy sawpmcx sccvrye tanlite taaeyqc teikeaq ubkneyl ubksbac ubusqcx udgyqkg udqvbsa vacmdsa vahbmxn vbyctsh watomaf wbkktac aiveanx xcnjrcx xctqrsk xgwwfnx airnyxt ydvagwx yfajngo apelrja aalnpks ahjljxt aqdfboe ahklybe aadptxg aakwvhf alfistl abnwqkx axarxwa axkamcq aonaxww apgmhvo akpuvmw akbsdui aaovabh abdnovm avfjpex aqcvnie akatkyp 

eihkeex eiaqynq 
jdutelf 
TRUE 

kpeqgdt kpxkhvg l7wocay lpwocay lqwocay lrwocay lswocay l7wocay lpwocay lqwocay lrwocay lswocay 
abcnpvm aejhlit aekynqe bdjyjmr bgptebb bgtrkta cafjqcn cdxhdpg dafsjqx daignmt dchiwir eaverhg ecaopmh ecmuolo fbfugva fcimgfr fcoapyy gaayntj gdhvnbu hakkbtg hdckjpy iawgldw iaxmyct ibbhpsi iblauhg jahnefb jdutelf kafxjbp kagdtny kbtjcaa laywwgx lcrauaw mddeien mdkaqfa medfydw megdbss naealxe nathgqg nbtpgob obevlfj ocukiml pafowqj papnlru pevqyap qbkemon qejsxpv qewwarf rauswof rbafxuy sakgben sawpmcx sccvrye tanlite taaeyqc tdavwes ubkneyl ubksbac ubusqcx udgyqkg udqvbsa vacmdsa vahbmxn vbyctsh watomaf wbkktac aiveanx xcnjrcx xctqrsk xgwwfnx airnyxt ydvagwx yfajngo apelrja aalnpks ahjljxt aqdfboe ahklybe aadptxg aakwvhf alfistl abnwqkx axarxwa axkamcq aonaxww apgmhvo akpuvmw akbsdui aaovabh abdnovm avfjpex aqcvnie akatkyp 
107.285714 
FALSE 
g2hvnbu gaayntj gbhvnbu gchvnbu h2nlxab h2uvjgh hakkbtg hbnlxab hbuvjgh hcnlxab hcuvjgh i2lrmbm i2oigfq iawgldw iaxmyct ibbhpsi iblauhg iclrmbm icoigfq i2lrmbm i2oigfq iawgldw iaxmyct ibbhpsi iblauhg iclrmbm icoigfq 
abcnpvm aejhlit aekynqe bcapuwo bdjyjmr cadcgpf cafjqcn cdxhdpg dafsjqx daignmt dchiwir eaverhg ecaopmh ecmuolo fbfugva fcimgfr fcoapyy gaayntj gdhvnbu hakkbtg hdckjpy iawgldw iaxmyct ibbhpsi iblauhg jahnefb jdutelf kafxjbp kagdtny kbtjcaa laywwgx lcrauaw mddeien mdkaqfa medfydw megdbss naealxe nathgqg nbtpgob obevlfj ocukiml pafowqj papnlru pevqyap qbkemon qejsxpv qewwarf rauswof rbafxuy sakgben sawpmcx sccvrye tanlite taaeyqc tdavwes ubkneyl ubksbac ubusqcx udgyqkg udqvbsa vacmdsa vahbmxn vbyctsh watomaf wbkktac aiveanx xcnjrcx xctqrsk xgwwfnx airnyxt ydvagwx yfajngo apelrja aalnpks ahjljxt aqdfboe ahklybe aadptxg aakwvhf alfistl abnwqkx axarxwa axkamcq aonaxww apgmhvo akpuvmw akbsdui aaovabh abdnovm avfjpex aqcvnie akatkyp 
vokxmwf 
TRUE 
