
FALSE 
ikvexok mgeavuk qwrsqja rntasxt 

dothaak fkljvyr grvqblo ikvexok mdemjfa mgeavuk okolnfo qwrsqja rntasxt 

dothaak fkljvyr fvtrosx grvqblo ikvexok mdemjfa mgeavuk okolnfo qwrsqja rkhaxcq rntasxt swmxqwv yiwyjbk 
dothaak fkljvyr fvtrosx grvqblo ikvexok mdemjfa mgeavuk okolnfo qjkwfet qwrsqja rkhaxcq rntasxt swmxqwv tmruahr yiwyjbk 
dothaak fkljvyr fvtrosx grvqblo ikvexok mdemjfa mgeavuk ogtqpcb okolnfo qjkwfet qwrsqja rkhaxcq rntasxt swmxqwv tmruahr yiwyjbk 
dothaak fkljvyr fvtrosx grvqblo ikvexok mdemjfa mgeavuk ogtqpcb okolnfo qjkwfet qwrsqja rkhaxcq rntasxt swmxqwv tmruahr yiwyjbk 


108.369048 

ceraxhd dfheaan dothaak eaavmfr eglitde fehdtyy fiyrkfd gmfuyir grvqblo hoqhsub ibkjnwc ikvexok jfxfaad jglvyon lvswnnq mdemjfa menopuy ogtqpcb okolnfo pvebgaj qjkwfet qsjhbvr rkhaxcq rntasxt smswiuy swmxqwv tmruahr uacpeks uanhrmj varlmmj yiwyjbk abrkpfk 
ceraxhd dfheaan dothaak eaavmfr eglitde fehdtyy fiyrkfd gmfuyir grvqblo hoqhsub ibkjnwc ikvexok jfxfaad jglvyon lvswnnq mdemjfa menopuy ogtqpcb okolnfo pvebgaj qjkwfet qsjhbvr rkhaxcq rntasxt smswiuy swmxqwv tmruahr uacpeks uanhrmj varlmmj yiwyjbk abrkpfk 
ceraxhd dfheaan dothaak eaavmfr eglitde fehdtyy fiyrkfd gmfuyir grvqblo hoqhsub ibkjnwc ikvexok jfxfaad jglvyon lvswnnq mdemjfa menopuy ogtqpcb okolnfo pvebgaj qjkwfet qsjhbvr rkhaxcq rntasxt smswiuy swmxqwv tmruahr uacpeks uanhrmj varlmmj yiwyjbk abrkpfk 
ceraxhd dfheaan dothaak eaavmfr eglitde fehdtyy fiyrkfd gmfuyir grvqblo hoqhsub ibkjnwc ikvexok jfxfaad jglvyon lvswnnq mdemjfa menopuy ogtqpcb okolnfo pvebgaj qjkwfet qsjhbvr rkhaxcq rntasxt smswiuy swmxqwv tmruahr uacpeks uanhrmj varlmmj yiwyjbk abrkpfk 


ceraxhd dfheaan dothaak eaavmfr eglitde fehdtyy fiyrkfd gmfuyir grvqblo hoqhsub ibkjnwc ikvexok jfxfaad jglvyon lmwkbqa lvswnnq mdemjfa menopuy ogtqpcb okolnfo pvebgaj qjkwfet qsjhbvr radsaib rkhaxcq smswiuy swmxqwv tmruahr uacpeks uanhrmj varlmmj vmlhtak wwjapkf yiwyjbk abrkpfk 
FALSE 

gfltynj 
ahhtuuu ceraxhd dfheaan dothaak eaavmfr eglitde fehdtyy fiyrkfd gbwefqq gfltynj hoqhsub ibkjnwc ikvexok jfxfaad jglvyon lmwkbqa lvswnnq mdemjfa menixai menopuy ngsaxcs ogtqpcb okolnfo pvebgaj pxfwapm qegfbxa qjkwfet radsaib rkhaxcq smswiuy swmxqwv tmruahr uacpeks uanhrmj varlmmj vmhumda vmlhtak wwjapkf xtpcdaa yiwyjbk yyjwxwp abrkpfk 





FALSE 
ahhtuuu amhkuyu bcltkwy ceraxhd dfheaan dothaak dovrpju eaavmfr eglitde fehdtyy fiyrkfd gbwefqq gfltynj harpteb hoqhsub ibkjnwc ikvexok jfxfaad jglvyon lmwkbqa lvswnnq mdemjfa menixai menopuy ngsaxcs ogtqpcb okolnfo pvebgaj pxfwapm qegfbxa qiatioy radsaib ribbwct siiincb smswiuy tjypxlu tmruahr uacpeks uanhrmj varlmmj vmhumda vmlhtak whqrwnr wwjapkf xfauksw xtpcdaa yggphfe yiwyjbk abrkpfk abyvilp 
ahhtuuu amhkuyu bcltkwy ceraxhd dfheaan dothaak dovrpju eaavmfr eglitde fehdtyy fiyrkfd gbwefqq gfltynj harpteb hoqhsub ibkjnwc ikvexok jfxfaad jglvyon ldcdpfo lmwkbqa mdemjfa menixai menopuy ngsaxcs ogtqpcb okolnfo pvebgaj pxfwapm qegfbxa qiatioy radsaib ribbwct siiincb smswiuy tjypxlu tmruahr uacpeks uanhrmj varlmmj vmhumda vmlhtak whqrwnr wwjapkf xfauksw xtpcdaa yggphfe yiwyjbk abrkpfk abyvilp 

FALSE 
0dcdpfo 0dcdpfo 

ahhtuuu amhkuyu bcltkwy ceraxhd dfheaan dothaak dovrpju eaavmfr eglitde fehdtyy fiyrkfd gbwefqq gfltynj harpteb hoqhsub ibkjnwc ikvexok jfxfaad jglvyon kmecjpt kumjbgj ldcdpfo lmwkbqa mdemjfa menixai menopuy ngsaxcs ogtqpcb okolnfo picbiob pjwahtm qegfbxa qiatioy radsaib ribbwct siiincb smswiuy thrckeq tjypxlu uacpeks uanhrmj varlmmj vmhumda vmlhtak whqrwnr wsvgdph xfauksw xtpcdaa yggphfe yiwyjbk abrkpfk abyvilp 
ahhtuuu amhkuyu bcltkwy ceraxhd dfheaan dothaak dovrpju eaavmfr eglitde fehdtyy fiyrkfd gbwefqq gfltynj harpteb hoqhsub ibkjnwc ikvexok jfxfaad jglvyon kmecjpt kumjbgj ldcdpfo lmwkbqa mdemjfa menixai menopuy ngsaxcs ogtqpcb okolnfo picbiob pjwahtm qegfbxa qiatioy radsaib ribbwct siiincb smswiuy thrckeq tjypxlu uacpeks uanhrmj varlmmj vmhumda vmlhtak whqrwnr wsvgdph xfauksw xgwplfm yggphfe yiwyjbk abrkpfk abyvilp 
ahhtuuu amhkuyu bcltkwy ceraxhd dfheaan dothaak dovrpju eaavmfr eglitde fehdtyy fiagyjb fiyrkfd gbwefqq gfltynj harpteb hoqhsub ibkjnwc ikvexok jfxfaad jglvyon kmecjpt kumjbgj ldcdpfo lmwkbqa mdemjfa menixai menopuy ngsaxcs ogtqpcb okolnfo picbiob pjwahtm qegfbxa qiatioy radsaib ribbwct siiincb smswiuy thrckeq tjypxlu uacpeks uanhrmj varlmmj vmhumda vmlhtak whqrwnr wsvgdph xfauksw xgwplfm yggphfe yiwyjbk abrkpfk abyvilp 
FALSE 

ahhtuuu amhkuyu bcltkwy berreah ceraxhd dfheaan dothaak dovrpju eaavmfr eglitde fehdtyy fiagyjb fiyrkfd gbwefqq gfltynj harpteb hoqhsub ibkjnwc ikvexok jepfvrf jfxfaad kmecjpt kumjbgj ldcdpfo lmwkbqa mdemjfa menixai menopuy ngsaxcs ogtqpcb okolnfo picbiob pjwahtm qegfbxa qiatioy radsaib ribbwct siiincb smswiuy thrckeq tjypxlu uacpeks uanhrmj varlmmj vmhumda vmlhtak whqrwnr wsvgdph xfauksw xgwplfm yggphfe yiwyjbk abrkpfk abyvilp 
ahhtuuu amhkuyu bcltkwy berreah ceraxhd dfheaan dothaak dovrpju eaavmfr eglitde fehdtyy fiagyjb fiyrkfd gbwefqq gfltynj harpteb hoqhsub ibkjnwc ikvexok jepfvrf jfxfaad kmecjpt kumjbgj ldcdpfo lmwkbqa mdemjfa menixai menopuy ngsaxcs ogtqpcb okolnfo picbiob pjwahtm qegfbxa qiatioy radsaib ribbwct siiincb smswiuy thrckeq tjypxlu uacpeks uanhrmj udjnyje varlmmj vmhumda vmlhtak whqrwnr wsvgdph xfauksw xgwplfm yggphfe yiwyjbk abrkpfk abyvilp 

ahhtuuu amhkuyu bcltkwy berreah ceraxhd dfheaan dothaak dovrpju eaavmfr eglitde faweodu fehdtyy gbwefqq gfltynj harpteb heiacbg ibkjnwc ikvexok jepfvrf jfxfaad kmecjpt knhabfa ldcdpfo lmwkbqa mdemjfa menixai menopuy ngsaxcs nvjmxtg ogtqpcb okolnfo picbiob pjwahtm qegfbxa qiatioy radsaib ribbwct siiincb smswiuy thrckeq tjypxlu uacpeks uanhrmj udjnyje varlmmj vmhumda vmlhtak whqrwnr wsvgdph xfauksw xgwplfm yggphfe yiwyjbk abrkpfk abyvilp 


FALSE 

107.550265 




9vswnnq wvswnnq xvswnnq yvswnnq zvswnnq zvswnnq 


ahhtuuu amhkuyu bcltkwy berreah ceraxhd ddqbwpc dfheaan eaavmfr eglitde faweodu fehdtyy gbwefqq gfltynj harpteb heiacbg ibkjnwc ikvexok jepfvrf jfxfaad kdpmbcn kelkihr ldcdpfo lmwkbqa mdemjfa menixai menopuy ngsaxcs nvjmxtg ogtqpcb okolnfo pbphupc picbiob qegfbxa qiatioy radsaib ribbwct siiincb smswiuy tapwdhh tbdhqcn uacpeks uanhrmj udjnyje varlmmj vmhumda vmlhtak whqrwnr wsvgdph xfauksw xgwplfm yfofjba yggphfe abrkpfk abyvilp aryjktj aytmqex 

xmwkbqa 
gbwefqq 
FALSE 
107.104116 
ahhtuuu amhkuyu bcltkwy berreah ceraxhd ddqbwpc dfheaan eaavmfr eglitde faweodu fdtecle gbwefqq geacnya harpteb heiacbg ibkjnwc ikvexok jepfvrf jfxfaad kdpmbcn kelkihr ldcdpfo lmwkbqa mdemjfa mdlbbba menixai menopuy ngsaxcs nowjtbh ogtqpcb okolnfo pbphupc picbiob qegfbxa qiatioy radsaib ribbwct ritkjfl siiincb smswiuy tapwdhh tbdhqcn uacpeks uanhrmj udjnyje varlmmj vjwolmt whqrwnr wsvgdph xfauksw xgwplfm yfofjba yggphfe abrkpfk abyvilp aryjktj aytmqex aiylnya 

FALSE 
FALSE 
ahhtuuu amhkuyu bcltkwy berreah ceraxhd cohfaky ddqbwpc dfheaan eaavmfr eglitde faweodu fdtecle gbwefqq geacnya harpteb heiacbg ibkjnwc icpddwj jepfvrf jfxfaad kdpmbcn kelkihr ldcdpfo lmwkbqa mdemjfa mdlbbba menixai menopuy ngsaxcs njvasgr ogtqpcb okolnfo pbphupc picbiob qegfbxa qiatioy radsaib ribbwct ritkjfl siiincb smswiuy tapwdhh tbdhqcn uacpeks uanhrmj udjnyje varlmmj vjwolmt whqrwnr wsvgdph xfauksw xgwplfm yfofjba yggphfe abrkpfk abyvilp aryjktj aytmqex aiylnya 
oqxgmha 
ahhtuuu amhkuyu bcltkwy berreah ceraxhd cohfaky ddqbwpc dfheaan eaavmfr eglitde faweodu fdtecle gbwefqq geacnya harpteb heiacbg ibkjnwc icpddwj jepfvrf jfxfaad kdpmbcn kelkihr ldcdpfo lfpwoij mdemjfa mdlbbba menixai menopuy ngsaxcs njvasgr ogtqpcb okolnfo pbphupc picbiob qegfbxa qiatioy radsaib ribbwct ritkjfl siiincb smswiuy tapwdhh tbdhqcn uacpeks uanhrmj udjnyje varlmmj vjwolmt whqrwnr wsvgdph xfauksw xgwplfm yfofjba yggphfe abrkpfk abyvilp aryjktj aytmqex aiylnya aeccfqu 
ahhtuuu amhkuyu bcltkwy berreah ceraxhd cohfaky ddqbwpc dfheaan eaavmfr eglitde faweodu fdtecle gbwefqq geacnya harpteb heiacbg ibkjnwc icpddwj jepfvrf jfxfaad kdpmbcn kelkihr ldcdpfo lfpwoij mdemjfa mdlbbba menixai menopuy ngsaxcs njvasgr ogtqpcb okolnfo pbphupc pgjqfpp qegfbxa qiatioy radsaib ribbwct ritkjfl siiincb smswiuy tapwdhh tbdhqcn uacpeks uanhrmj udjnyje varlmmj vjwolmt whqrwnr wsvgdph xfauksw xgwplfm yfofjba yggphfe abrkpfk abyvilp aryjktj aytmqex aiylnya aeccfqu 
107.223810 
ahhtuuu amhkuyu bcltkwy berreah ceraxhd cohfaky ddqbwpc dfheaan eaavmfr eglitde faweodu fdtecle gbwefqq geacnya harpteb heiacbg ibkjnwc icpddwj jepfvrf jfxfaad kdpmbcn kelkihr ldcdpfo lfpwoij mdemjfa mdlbbba menixai menopuy ngsaxcs njvasgr ogtqpcb okolnfo pbphupc pgjqfpp qegfbxa qiatioy radsaib ribbwct ritkjfl siiincb smswiuy tapwdhh tbdhqcn uacpeks uanhrmj udjnyje varlmmj vjwolmt whqrwnr wsvgdph xfauksw xgwplfm ybyutsd yfofjba abrkpfk abyvilp aryjktj aytmqex aiylnya aeccfqu 


hctwyod 

ahhtuuu amhkuyu bcltkwy berreah ceraxhd cohfaky ddqbwpc dfheaan eaavmfr eglitde faweodu fdtecle gbwefqq geacnya harpteb heiacbg ibkjnwc icpddwj jepfvrf jfxfaad kdpmbcn kelkihr ldcdpfo lfpwoij mdemjfa mdlbbba menixai menopuy ngsaxcs njvasgr ogtqpcb okolnfo pbphupc pgjqfpp qegfbxa qiatioy radsaib ribbwct ritkjfl siiincb smswiuy tapwdhh tbdhqcn uacpeks uanhrmj udjnyje varlmmj vjwolmt whqrwnr wsvgdph xfauksw xgwplfm ybyutsd yfofjba abrkpfk abyvilp aryjktj aytmqex aiylnya aeccfqu aktywra 
6dcdpfo 6fpwoij mdcdpfo mfpwoij ndcdpfo nfpwoij odcdpfo ofpwoij odcdpfo ofpwoij 
FALSE 
ahhtuuu amhkuyu bcltkwy berreah ceraxhd cohfaky ddqbwpc dfheaan eaavmfr eglitde faweodu fdtecle gbwefqq geacnya harpteb heiacbg ibkjnwc icpddwj jepfvrf jfxfaad kdpmbcn kelkihr ldcdpfo lfpwoij mdemjfa mdlbbba menixai menopuy ngsaxcs njvasgr odsgbnv ogtqpcb pbphupc pgjqfpp pgwarba qegfbxa qiatioy radsaib reaqwmn siiincb smswiuy tapwdhh tbdhqcn uacpeks uanhrmj udjnyje varlmmj vjwolmt whqrwnr wsvgdph xfauksw xgwplfm ybyutsd yfofjba abrkpfk abyvilp aryjktj aytmqex aiylnya aeccfqu aktywra 
ahhtuuu amhkuyu bcltkwy berreah ceraxhd cohfaky ddqbwpc dfheaan eaavmfr eglitde faweodu fdtecle gbwefqq geacnya harpteb heiacbg ibkjnwc icpddwj jepfvrf jfxfaad kdpmbcn kelkihr ldcdpfo lfpwoij mdemjfa mdlbbba menixai menopuy ngsaxcs njvasgr odsgbnv ogtqpcb pbphupc pgjqfpp pgwarba qegfbxa qiatioy radsaib reaqwmn siiincb smswiuy tapwdhh tbdhqcn uacpeks uanhrmj udjnyje varlmmj vjwolmt whqrwnr wsvgdph xfauksw xgwplfm ybyutsd yfofjba abrkpfk abyvilp aryjktj aytmqex aiylnya aeccfqu aktywra 
FALSE 

FALSE 
107.265306 

2dcdpfo 2fpwoij berreah ceraxhd ceraxhd 
107.379464 
ahhtuuu amhkuyu bcltkwy berreah ceraxhd clepxlh ddqbwpc dfheaan eaavmfr eglitde faweodu fdtecle gbwefqq geacnya harpteb heiacbg ibkjnwc icpddwj jepfvrf jfxfaad kdpmbcn kelkihr ldcdpfo lfpwoij mdemjfa mdlbbba menixai menopuy ngsaxcs njvasgr odkomma odsgbnv ogtqpcb pbphupc pbtrynx pgjqfpp pgwarba qegfbxa qiatioy radsaib reaqwmn siiincb smswiuy tapwdhh tbdhqcn uacpeks uanhrmj udjnyje varlmmj vjwolmt whqrwnr wsvgdph xfauksw xgwplfm ybyutsd yfkxgar yfofjba abrkpfk abyvilp aryjktj aytmqex aiylnya aeccfqu aktywra 
107.379464 


8mqicxs 8mwkbqa tmqicxs tmwkbqa umqicxs umwkbqa vmqicxs vmwkbqa vmqicxs vmwkbqa 
agktklr ahhtuuu bcltkwy berreah ceraxhd clepxlh ddqbwpc dfheaan eaavmfr eglitde faweodu fdtecle gbwefqq geacnya harpteb heiacbg ibkjnwc icpddwj jepfvrf jfxfaad kdpmbcn kelkihr ldcdpfo lfpwoij mdemjfa mdlbbba menixai menopuy ngsaxcs njvasgr odkomma odsgbnv ogtqpcb pbphupc pbtrynx pgjqfpp pgwarba qegfbxa qiatioy radsaib reaqwmn siiincb smswiuy tapwdhh tbdhqcn uacpeks uanhrmj udjnyje varlmmj vjwolmt whqrwnr wsvgdph xfauksw xgwplfm ybyutsd yfkxgar yfofjba abrkpfk abyvilp aryjktj aytmqex aiylnya aeccfqu aktywra 
107.334821 
mxgmjbd 

107.323077 
FALSE 

agktklr ahhtuuu bcltkwy berreah ceraxhd clepxlh ddqbwpc dfheaan eaavmfr ebtdyaf faweodu fdtecle fdylwju gbwefqq gdndfyn harpteb heiacbg ibkjnwc icpddwj jepfvrf jfxfaad kdpmbcn kelkihr ldcdpfo lfpwoij mdemjfa mdlbbba menixai menopuy ngsaxcs njcfkaf njeaunl odkomma odsgbnv oeqlifr pbphupc pbtrynx pgjqfpp pgwarba qegfbxa qiatioy radsaib reaqwmn siiincb smswiuy tapwdhh tbdhqcn uacpeks uanhrmj udjnyje varlmmj vjwolmt wdscddl whqrwnr xfauksw xgwplfm ybyutsd yfkxgar yfofjba abrkpfk abyvilp aryjktj aytmqex aiylnya aeccfqu aktywra apgoyao 
nxgemuq 
agktklr ahhtuuu bcltkwy berreah ceraxhd clepxlh ddqbwpc dfheaan eaavmfr ebtdyaf faweodu fdtecle fdylwju gbwefqq gdndfyn harpteb heiacbg ibkjnwc icpddwj jepfvrf jfxfaad kdpmbcn kelkihr ldcdpfo lfpwoij mdemjfa mdlbbba menixai menopuy ngsaxcs njcfkaf njeaunl odkomma odsgbnv oeqlifr pbphupc pbtrynx pgjqfpp pgwarba qegfbxa qiatioy radsaib reaqwmn siiincb smswiuy tapwdhh tbdhqcn uacpeks uanhrmj udjnyje varlmmj vjwolmt wdscddl whqrwnr xfauksw xgwplfm ybyutsd yfkxgar yfofjba abrkpfk abyvilp aryjktj aytmqex aiylnya aeccfqu aktywra apgoyao 
64gemuq 6ggemuq 6hgemuq 6igemuq m4gemuq mggemuq mhgemuq migemuq n4gemuq nggemuq nhgemuq nigemuq o4gemuq oggemuq ohgemuq oigemuq o4gemuq oggemuq ohgemuq oigemuq 
75gemuq 7jgemuq 7kgemuq 7lgemuq p5gemuq pjgemuq pkgemuq plgemuq q5gemuq qjgemuq qkgemuq qlgemuq r5gemuq rjgemuq rkgemuq rlgemuq s5gemuq sjgemuq skgemuq slgemuq s5gemuq sjgemuq skgemuq slgemuq 
15gemuq 1jgemuq 1kgemuq 1lgemuq 15gemuq 1jgemuq 1kgemuq 1lgemuq 
79gemuq 7wgemuq 7xgemuq 7ygemuq 7zgemuq p9gemuq pwgemuq pxgemuq pygemuq pzgemuq q9gemuq qwgemuq qxgemuq qygemuq qzgemuq r9gemuq rwgemuq rxgemuq rygemuq rzgemuq s9gemuq swgemuq sxgemuq sygemuq szgemuq s9gemuq swgemuq sxgemuq sygemuq szgemuq 
agktklr ahhtuuu bcltkwy berreah ceraxhd clepxlh ddqbwpc dfheaan eaavmfr ebtdyaf faweodu fdtecle fdylwju gbwefqq gdndfyn harpteb heiacbg ibkjnwc icpddwj jepfvrf jfxfaad kabthbl kdpmbcn ldcdpfo lfpwoij mdemjfa mdlbbba menixai menopuy ngsaxcs njcfkaf njeaunl odkomma odsgbnv oeqlifr pbphupc pbtrynx pgjqfpp pgwarba qegfbxa qiatioy radsaib reaqwmn sarmalm siiincb tapwdhh tbdhqcn uacpeks uanhrmj udjnyje varlmmj vjwolmt wdscddl whqrwnr xfauksw xgwplfm ybkofxp ybyutsd yfkxgar yfofjba abrkpfk abyvilp aryjktj aytmqex aiylnya aeccfqu aktywra apgoyao aasaopm 
37gemuq 3pgemuq 3qgemuq 3rgemuq 3sgemuq dpilhef dpqkrty dqhppgm e7natsa epnatsa eqnatsa ernatsa esnatsa frsgetc fslhqod frsgetc fslhqod 
rqgemuq 
agktklr ahhtuuu bcltkwy berreah ceraxhd clepxlh cluxaxg ddqbwpc dfheaan eaavmfr ebtdyaf faweodu fawxrab fdtecle fdylwju gbwefqq gdndfyn harpteb heiacbg ibkjnwc icpddwj jepfvrf jfxfaad kabthbl kdpmbcn ldcdpfo lfpwoij mdemjfa mdlbbba menixai menopuy ngsaxcs njcfkaf njeaunl odkomma odsgbnv oeqlifr pbphupc pbtrynx pgjqfpp pgwarba qegfbxa qiatioy radsaib reaqwmn sarmalm siiincb tapwdhh tbdhqcn uacpeks uanhrmj udjnyje varlmmj vjwolmt wdscddl whqrwnr xfauksw xgwplfm ybkofxp ybyutsd yfkxgar yfofjba abrkpfk abyvilp aryjktj aytmqex aiylnya aeccfqu aktywra apgoyao aasaopm 
agktklr ahhtuuu bcltkwy berreah ceraxhd clepxlh cluxaxg ddqbwpc dfheaan eaavmfr ebtdyaf faweodu fawxrab fdtecle fdylwju gbwefqq gdndfyn harpteb heiacbg ibkjnwc icpddwj jepfvrf jfxfaad kabthbl kdpmbcn ldcdpfo lfpwoij mdemjfa mdlbbba menixai menopuy ngsaxcs njcfkaf njeaunl odkomma odsgbnv oeqlifr pbphupc pbtrynx pgjqfpp pgwarba qegfbxa qiatioy radsaib reaqwmn sarmalm siiincb tapwdhh tbdhqcn uacpeks uanhrmj udjnyje varlmmj vjwolmt wdscddl whqrwnr xfauksw xgwplfm ybkofxp ybyutsd yfkxgar yfofjba abrkpfk abyvilp aryjktj aytmqex aiylnya aeccfqu aktywra apgoyao aasaopm 
agktklr ahhtuuu bcltkwy berreah ceraxhd clepxlh cluxaxg ddqbwpc dfheaan eaavmfr ebtdyaf faweodu fawxrab fdtecle fdylwju gbwefqq gdndfyn harpteb heiacbg ibkjnwc icpddwj jepfvrf jfxfaad kabthbl kdpmbcn ldcdpfo lfpwoij mdemjfa mdlbbba menixai menopuy ngsaxcs njcfkaf njeaunl odkomma odsgbnv oeqlifr pbphupc pbtrynx pgjqfpp pgwarba qegfbxa qiatioy radsaib reaqwmn sarmalm siiincb tapwdhh tbdhqcn uacpeks uanhrmj udjnyje varlmmj vjwolmt wdscddl whqrwnr xfauksw xgwplfm ybkofxp ybyutsd yfkxgar yfofjba abrkpfk abyvilp aryjktj aytmqex aiylnya aeccfqu aktywra apgoyao aasaopm 
47gemuq 4pgemuq 4qgemuq 4rgemuq 4sgemuq g7ndfyn gpndfyn gqndfyn grndfyn gsndfyn h7twyod hptwyod hqtwyod hrtwyod hstwyod isnnyja isnnyja 
agktklr ahhtuuu bcltkwy berreah ceraxhd clepxlh cluxaxg ddqbwpc dfheaan eaavmfr ebtdyaf faweodu fawxrab fdtecle fdylwju gbwefqq gdndfyn harpteb heiacbg ibkjnwc icpddwj jepfvrf jfxfaad kabthbl kdpmbcn ldcdpfo lfpwoij mdemjfa mdlbbba menixai menopuy ngsaxcs njcfkaf njeaunl odkomma odsgbnv oeqlifr pbphupc pbtrynx pgjqfpp pgwarba qegfbxa qiatioy radsaib reaqwmn sarmalm sgxcqmb tapwdhh tbdhqcn uacpeks uanhrmj udjnyje varlmmj vjwolmt wdscddl whqrwnr xfauksw xgwplfm ybkofxp ybyutsd yfkxgar yfofjba abrkpfk abyvilp aryjktj aytmqex aiylnya aeccfqu aktywra apgoyao aasaopm 
agktklr ahhtuuu bcltkwy berreah ceraxhd clepxlh cluxaxg ddqbwpc dfheaan eaavmfr ebtdyaf faweodu fawxrab fdtecle fdylwju gbwefqq gdndfyn harpteb heiacbg ibkjnwc icpddwj jepfvrf jfxfaad kabthbl kcnixfm ldcdpfo lfpwoij mdemjfa mdlbbba menixai menopuy ngsaxcs njcfkaf njeaunl odkomma odsgbnv oeqlifr pbphupc pbtrynx pgjqfpp pgwarba qegfbxa qiatioy radsaib reaqwmn sarmalm sgxcqmb tapwdhh tbdhqcn uacpeks uanhrmj udjnyje varlmmj vjwolmt wdscddl whqrwnr xfauksw xgwplfm ybkofxp ybyutsd yfkxgar yfofjba abrkpfk abyvilp aryjktj aytmqex aiylnya aeccfqu aktywra apgoyao aasaopm 
52gemuq 5agemuq 5bgemuq 5cgemuq jarfwxa kabthbl kcnixfm l2gemuq lagemuq lbgemuq lcgemuq l2gemuq lagemuq lbgemuq lcgemuq 
41gemuq g1ndfyn h1twyod 
92gemuq 9agemuq 9bgemuq 9cgemuq w2gemuq wagemuq wbgemuq wcgemuq x2gemuq xagemuq xbgemuq xcgemuq y2gemuq yagemuq ybgemuq ycgemuq z2gemuq zagemuq zbgemuq zcgemuq z2gemuq zagemuq zbgemuq zcgemuq 
agktklr ahhtuuu bcltkwy berreah ceraxhd clepxlh cluxaxg ddqbwpc dfheaan eaavmfr ebtdyaf faweodu fawxrab fdtecle fdylwju gbwefqq gdndfyn harpteb heiacbg ibkjnwc icpddwj jdjygko jepfvrf kabthbl kcnixfm ldcdpfo lfpwoij mdemjfa mdlbbba menixai menopuy ngsaxcs njcfkaf njeaunl odkomma odsgbnv oeqlifr pbphupc pbtrynx pgjqfpp pgwarba qegfbxa qiatioy radsaib reaqwmn sarmalm sbpyjio tapwdhh tbdhqcn uacpeks uanhrmj udjnyje varlmmj vjwolmt wdscddl whqrwnr xfauksw xgwplfm yasaags ybkofxp ybyutsd abrkpfk abyvilp aryjktj aytmqex aiylnya aeccfqu aktywra apgoyao aasaopm 
dpilhef dpqkrty 
56gemuq 5mqicxs 5mwkbqa 5ngemuq 5ogemuq jmevpou jnataxv jnxxhns kmecjpt knhabfa l6gemuq lmqicxs lmwkbqa lngemuq logemuq l6gemuq lmqicxs lmwkbqa lngemuq logemuq 
agktklr ahhtuuu bcltkwy berreah ceraxhd clepxlh cluxaxg ddqbwpc dfheaan eaavmfr ebtdyaf faweodu fawxrab fdtecle fdylwju gbwefqq gdndfyn harpteb heiacbg ibkjnwc icpddwj jaumkdy jdjygko kabthbl kcnixfm ldcdpfo lfpwoij mdemjfa mdlbbba menixai menopuy ngsaxcs njcfkaf njeaunl odkomma odsgbnv oeqlifr pbphupc pbtrynx pgjqfpp pgwarba qegfbxa qiatioy radsaib reaqwmn sarmalm sbpyjio tapwdhh tbdhqcn uacpeks uanhrmj udjnyje varlmmj vjwolmt wdscddl wdaalgn whqrwnr xfauksw xgwplfm yasaags ybkofxp ybyutsd abrkpfk abyvilp aryjktj aytmqex aiylnya aeccfqu aktywra apgoyao aasaopm 
FALSE 
83gemuq 8dcdpfo 8egemuq 8fpwoij t3gemuq tdcdpfo tegemuq tfpwoij u3gemuq udcdpfo uegemuq ufpwoij v3gemuq vdcdpfo vegemuq vfpwoij v3gemuq vdcdpfo vegemuq vfpwoij 
15gemuq 1jgemuq 1kgemuq 1lgemuq 15gemuq 1jgemuq 1kgemuq 1lgemuq 
FALSE 
48gemuq 4tgemuq 4ugemuq 4vgemuq g8ndfyn gtndfyn gundfyn gvndfyn h8twyod httwyod hutwyod hvtwyod 
107.230920 
73gemuq 7dcdpfo 7egemuq 7fpwoij p3gemuq pdcdpfo pegemuq pfpwoij q3gemuq qdcdpfo qegemuq qfpwoij r3gemuq rdcdpfo regemuq rfpwoij s3gemuq sdcdpfo segemuq sfpwoij s3gemuq sdcdpfo segemuq sfpwoij 
agktklr ahhtuuu bcltkwy berreah ceraxhd clepxlh cluxaxg ddqbwpc dfheaan eaavmfr ebtdyaf faweodu fawxrab fdtecle fdylwju gbwefqq gdndfyn harpteb heiacbg ibkjnwc icpddwj jaumkdy jdjygko kabthbl kcnixfm ldcdpfo lfpwoij mdemjfa mdlbbba menixai menopuy ngsaxcs njcfkaf njeaunl odkomma odsgbnv oeqlifr pbphupc pbtrynx pgjqfpp pgwarba qegfbxa qiatioy radsaib reaqwmn sarmalm sbpyjio tapwdhh tbdhqcn uacpeks uanhrmj udjnyje varlmmj vjwolmt wdscddl wdaalgn whqrwnr xfauksw xgwplfm yasaags ybkofxp ybyutsd abrkpfk abyvilp aryjktj aytmqex aiylnya aeccfqu aktywra apgoyao aasaopm aumealx amaoawa 
ktyabmc 
84gemuq 8ggemuq 8hgemuq 8igemuq t4gemuq tggemuq thgemuq tigemuq u4gemuq uggemuq uhgemuq uigemuq v4gemuq vggemuq vhgemuq vigemuq v4gemuq vggemuq vhgemuq vigemuq 
agktklr ahhtuuu bcltkwy berreah ceraxhd clepxlh cluxaxg ddqbwpc dfheaan eaavmfr ebtdyaf faweodu fawxrab fdtecle fdylwju gbwefqq gdndfyn harpteb heiacbg ibkjnwc icpddwj jaumkdy jdjygko kabthbl kcnixfm ldcdpfo lfpwoij mbimqsj mdemjfa mdlbbba ngsaxcs njcfkaf njeaunl odkomma odsgbnv oeqlifr pbphupc pbtrynx pgjqfpp pgwarba qegfbxa qiatioy radsaib reaqwmn sarmalm sbpyjio tapwdhh tbdhqcn uacpeks uanhrmj udjnyje varlmmj vjwolmt wdscddl wdaalgn whqrwnr xfauksw xgwplfm yasaags ybkofxp ybyutsd abrkpfk abyvilp aryjktj aytmqex aiylnya aeccfqu aktywra apgoyao aasaopm aumealx amaoawa 
FALSE 
107.186508 
agktklr ahhtuuu bcltkwy berreah ceraxhd clepxlh cluxaxg ddqbwpc dfheaan eaavmfr ebtdyaf faweodu fawxrab fdtecle fdylwju gbwefqq gdndfyn harpteb heiacbg ibkjnwc icpddwj jaumkdy jdjygko kabthbl kcnixfm ldcdpfo lfpwoij mbimqsj mdemjfa mdlbbba ngsaxcs njcfkaf njeaunl odkomma odsgbnv oeqlifr pbphupc pbtrynx pgjqfpp pgwarba qegfbxa qeuhltv qiatioy radsaib reaqwmn sarmalm sbpyjio tapwdhh tbdhqcn uacpeks uanhrmj uccjaew varlmmj vjwolmt wdscddl wdaalgn whqrwnr xfauksw xgwplfm yasaags ybkofxp ybyutsd abrkpfk abyvilp aryjktj aytmqex aiylnya aeccfqu aktywra apgoyao aasaopm aumealx amaoawa 
szgemuq 
wxgemuq 
FALSE 
agktklr ahhtuuu bcltkwy berreah ceraxhd clepxlh cluxaxg ddqbwpc dfheaan eaavmfr ebtdyaf faemsil faweodu fawxrab fdtecle fdylwju gbwefqq gdndfyn harpteb heiacbg ibkjnwc icpddwj jaumkdy jdjygko kabthbl kberaxd ldcdpfo lfpwoij mbimqsj mdemjfa mdlbbba nexmyss ngsaxcs odkomma odsgbnv oeqlifr pbphupc pbtrynx pgjqfpp pgwarba qegfbxa qeuhltv qiatioy radsaib reaqwmn sarmalm sbpyjio tapwdhh tbdhqcn uacpeks uanhrmj uccjaew varlmmj vjwolmt wdscddl wdaalgn whqrwnr xdavocn xfauksw yasaags ybkofxp ybyutsd abrkpfk abyvilp aryjktj aytmqex aiylnya aeccfqu aktywra apgoyao aasaopm aumealx amaoawa acaobkb 
FALSE 
agktklr ahhtuuu bcltkwy berreah ceraxhd clepxlh cluxaxg ddqbwpc dfheaan eaavmfr ebtdyaf faemsil faweodu fawxrab fdtecle fdylwju gbwefqq gdndfyn harpteb heiacbg ibkjnwc icpddwj jaumkdy jdjygko kabthbl kberaxd ldcdpfo lfpwoij mbimqsj mdemjfa mdlbbba nexmyss ngsaxcs odkomma odsgbnv oeqlifr pbphupc pbtrynx pgjqfpp pgwarba qegfbxa qeuhltv qiatioy radsaib reaqwmn sarmalm sbpyjio tapwdhh tbdhqcn uacpeks uanhrmj uccjaew varlmmj vjwolmt wdscddl wdaalgn whqrwnr xdavocn xfauksw yasaags ybkofxp ybyutsd abrkpfk abyvilp aryjktj aytmqex aiylnya aeccfqu aktywra apgoyao aasaopm aumealx amaoawa acaobkb 
agktklr ahhtuuu bcltkwy berreah ceraxhd clepxlh cluxaxg ddqbwpc dfheaan eaavmfr ebtdyaf faemsil faweodu fawxrab fdtecle fdylwju gbwefqq gdndfyn harpteb heiacbg ibkjnwc icpddwj jaumkdy jdjygko kabthbl kberaxd ldcdpfo lfpwoij mbimqsj mdemjfa mdlbbba nexmyss ngsaxcs odkomma odsgbnv oeqlifr pbphupc pbtrynx pgjqfpp pgwarba qegfbxa qeuhltv qiatioy radsaib reaqwmn sarmalm sbpyjio tapwdhh tbdhqcn uacpeks uanhrmj uccjaew varlmmj vjwolmt wdscddl wdaalgn whqrwnr xdavocn xfauksw yasaags ybkofxp ybyutsd abrkpfk abyvilp aryjktj aytmqex aiylnya aeccfqu aktywra apgoyao aasaopm aumealx amaoawa acaobkb 
exnatsa 
23gemuq 2dcdpfo 2egemuq 2fpwoij b3srbuh bdsrbuh berreah bfqasnc ceraxhd ceraxhd 
87gemuq 8pgemuq 8qgemuq 8rgemuq 8sgemuq t7gemuq tpgemuq tqgemuq trgemuq tsgemuq u7gemuq upgemuq uqgemuq urgemuq usgemuq v7gemuq vpgemuq vqgemuq vrgemuq vsgemuq v7gemuq vpgemuq vqgemuq vrgemuq vsgemuq 
lggemuq 
agktklr ahhtuuu bcltkwy berreah caajvmm ceraxhd ddqbwpc dfheaan eaavmfr ebtdyaf faemsil faweodu fawxrab fdtecle fdylwju gbwefqq gdndfyn harpteb heiacbg ibkjnwc icpddwj jaumkdy jdjygko kabthbl katcyyr kberaxd ldcdpfo lfpwoij mbimqsj mdemjfa mdlbbba nexmyss ngsaxcs odkomma odsgbnv oeqlifr pbphupc pbtrynx pgjqfpp pgwarba qegfbxa qeuhltv qiatioy radsaib raxjybl reaqwmn sarmalm sbpyjio tapwdhh tbdhqcn uacpeks uanhrmj uccjaew varlmmj vjwolmt wdscddl wdaalgn whqrwnr xdavocn xfauksw yasaags ybkofxp ybyutsd abrkpfk abyvilp aryjktj aytmqex aiylnya aeccfqu aktywra apgoyao aasaopm aumealx amaoawa acaobkb 
FALSE 
agktklr ahhtuuu bcltkwy berreah caajvmm ceraxhd ddqbwpc dfheaan eaavmfr ebtdyaf faemsil faweodu fawxrab fdtecle fdylwju gbwefqq gdndfyn harpteb heiacbg ibkjnwc icpddwj jaumkdy jdjygko kabthbl katcyyr kberaxd ldcdpfo lfpwoij mbimqsj mdemjfa mdlbbba naaoqaw nexmyss odkomma odsgbnv oeqlifr pbphupc pbtrynx pgjqfpp pgwarba qegfbxa qesgugm qiatioy radsaib raxjybl reaqwmn sarmalm sbpyjio tapwdhh tbdhqcn uacpeks uanhrmj uccjaew varlmmj vbgilme wdscddl wdaalgn whqrwnr xdavocn xfauksw yasaags ybkofxp ybyutsd abrkpfk abyvilp aryjktj aytmqex aiylnya aeccfqu aktywra apgoyao aasaopm aumealx amaoawa acaobkb ainxwkf 
107.045113 
92gemuq 9agemuq 9bgemuq 9cgemuq w2gemuq wagemuq wbgemuq wcgemuq x2gemuq xagemuq xbgemuq xcgemuq y2gemuq yagemuq ybgemuq ycgemuq z2gemuq zagemuq zbgemuq zcgemuq z2gemuq zagemuq zbgemuq zcgemuq 
23gemuq 2dcdpfo 2egemuq 2fpwoij b3srbuh bdsrbuh berreah bfqasnc ceraxhd ceraxhd 
FALSE 
zmqicxs zmwkbqa 

agktklr ahhtuuu bcltkwy berreah caajvmm ceraxhd ddqbwpc denopqg eaavmfr ebtdyaf faemsil favglxj fdtecle fdylwju gbwefqq gdndfyn harpteb heiacbg ibkjnwc icpddwj jaumkdy jdjygko kabthbl katcyyr kberaxd ldcdpfo lfpwoij mbimqsj mdemjfa mdlbbba naaoqaw nexmyss odkomma odsgbnv oeqlifr pbphupc pbtrynx pgjqfpp pgwarba qegfbxa qenalsq qiatioy radsaib raxjybl reaqwmn sarmalm sbpyjio tapwdhh tbdhqcn uacpeks uanhrmj uccjaew varlmmj vbgilme wcoebbq wdscddl wdaalgn xdavocn xeawxqp yasaags ybkofxp ybyutsd abrkpfk abyvilp aryjktj aytmqex aiylnya aeccfqu aktywra apgoyao aasaopm aumealx amaoawa acaobkb ainxwkf 
qnpwlqg 
96gemuq 9mqicxs 9mwkbqa 9npwlqg 9ogemuq w6gemuq wmqicxs wmwkbqa wnpwlqg wogemuq x6gemuq xmqicxs xmwkbqa xnpwlqg xogemuq y6gemuq ymqicxs ymwkbqa ynpwlqg yogemuq z6gemuq zmqicxs zmwkbqa znpwlqg zogemuq z6gemuq zmqicxs zmwkbqa znpwlqg zogemuq 
kyperpe 
agktklr ahhtuuu bcltkwy berreah caajvmm ceraxhd ddqbwpc denopqg eaavmfr ebtdyaf faemsil favglxj fdtecle fdylwju gbwefqq gdndfyn harpteb heiacbg ibkjnwc icpddwj jaumkdy jdjygko kabthbl katcyyr kberaxd ldcdpfo lfpwoij mbimqsj mdemjfa mdlbbba naaoqaw nexmyss odkomma odsgbnv oeqlifr pbphupc pbtrynx pgjqfpp pgwarba qegfbxa qenalsq qiatioy radsaib raxjybl reaqwmn sarmalm sbpyjio tapwdhh tbdhqcn uacpeks uanhrmj uccjaew varlmmj vbgilme wcoebbq wdscddl wdaalgn xdavocn xeawxqp yasaags ybkofxp ybyutsd abrkpfk abyvilp aryjktj aytmqex aiylnya aeccfqu aktywra apgoyao aasaopm aumealx amaoawa acaobkb ainxwkf 
jglvyon jgxcrxj 
64gemuq 6ggemuq 6hgemuq 6igemuq m4gemuq mggemuq mhgemuq migemuq n4gemuq nggemuq nhgemuq nigemuq o4gemuq oggemuq ohgemuq oigemuq o4gemuq oggemuq ohgemuq oigemuq 
agktklr ahhtuuu bcltkwy berreah caajvmm ceraxhd ddqbwpc denopqg eaavmfr ebtdyaf faemsil favglxj fdtecle fdylwju gbwefqq gdndfyn harpteb heiacbg ibkjnwc icpddwj jaumkdy jdjygko kabthbl katcyyr kberaxd ldcdpfo lfpwoij mbimqsj mdemjfa mdlbbba naaoqaw nexmyss odkomma odsgbnv oeqlifr oevqfiy pbphupc pbtrynx pgjqfpp pgwarba qdbfnou qegfbxa qenalsq radsaib raxjybl reaqwmn sarmalm sbpyjio tapwdhh tbdhqcn uacpeks uanhrmj uccjaew varlmmj vbgilme wcoebbq wdscddl wdaalgn xdavocn xeawxqp yasaags ybkofxp ybyutsd abrkpfk abyvilp aryjktj aytmqex aiylnya aeccfqu aktywra apgoyao aasaopm aumealx amaoawa acaobkb ainxwkf 
agktklr ahhtuuu bcltkwy berreah caajvmm ceraxhd ddqbwpc denopqg eaavmfr ebtdyaf faemsil favglxj fdtecle fdylwju gbwefqq gdndfyn harpteb heiacbg ibkjnwc icpddwj jaumkdy jdjygko kabthbl katcyyr kberaxd ldcdpfo lfpwoij mbimqsj mdemjfa mdlbbba naaoqaw nexmyss odkomma odsgbnv oeqlifr oevqfiy pbphupc pbtrynx pgjqfpp pgwarba qdbfnou qegfbxa qenalsq radsaib raxjybl reaqwmn sarmalm sbpyjio tapwdhh tbdhqcn uacpeks uanhrmj uccjaew varlmmj vbgilme wcoebbq wdscddl wdaalgn xdavocn xeawxqp yasaags ybkofxp ybyutsd abrkpfk abyvilp aryjktj aytmqex aiylnya aeccfqu aktywra apgoyao aasaopm aumealx amaoawa acaobkb ainxwkf 
62gemuq 6agemuq 6bgemuq 6cgemuq m2gemuq magemuq mbgemuq mcgemuq n2gemuq nagemuq nbgemuq ncgemuq o2gemuq oagemuq obgemuq ocgemuq o2gemuq oagemuq obgemuq ocgemuq 
qdcdpfo 
31gemuq d1nopqg e1natsa f1gfiju f1gfiju 
agktklr ahhtuuu bcltkwy berreah caajvmm ceraxhd ddqbwpc denopqg eaavmfr ebtdyaf faemsil favglxj fdtecle fdylwju gbwefqq gdndfyn harpteb heiacbg ibkjnwc icpddwj jaumkdy jdjygko kabthbl katcyyr kberaxd kbtakiu ldcdpfo lfpwoij mbimqsj mdemjfa mdlbbba naaoqaw nexmyss odkomma odsgbnv oeqlifr oevqfiy pbphupc pbtrynx pgjqfpp pgwarba qdbfnou qegfbxa qenalsq radsaib raxjybl reaqwmn sarmalm sbpyjio tapwdhh tbdhqcn uacpeks uanhrmj uccjaew varlmmj vbgilme wcoebbq wdscddl wdaalgn xdavocn xeawxqp yasaags ybkofxp ybyutsd abrkpfk abyvilp aryjktj aytmqex aiylnya aeccfqu aktywra apgoyao aasaopm aumealx amaoawa acaobkb ainxwkf 
FALSE 
14gemuq 1ggemuq 1hgemuq 1igemuq 14gemuq 1ggemuq 1hgemuq 1igemuq 

pfpwoij 
FALSE 
wlssgpy 
xbgemuq 
61gemuq m1gemuq n1gemuq o1gemuq o1gemuq 
agktklr ahhtuuu bcltkwy berreah caajvmm ceraxhd ddqbwpc denopqg eaavmfr ebtdyaf faemsil favglxj fdtecle fdylwju gbwefqq gdndfyn harpteb heiacbg ibkjnwc icpddwj jaumkdy jdjygko kabthbl katcyyr kberaxd kbtakiu ldcdpfo lerjowq mbimqsj mdemjfa mdlbbba naaoqaw nexmyss odkomma odsgbnv oeqlifr oevqfiy pbphupc pbtrynx pgjqfpp pgwarba qdbfnou qegfbxa qenalsq radsaib raxjybl reaqwmn sarmalm sbpyjio tapwdhh tbdhqcn uacpeks uanhrmj uccjaew varlmmj vbgilme wcoebbq wdscddl wdaalgn xdavocn xeawxqp yasaags ybkofxp ybyutsd abrkpfk abyvilp aryjktj aytmqex aiylnya aeccfqu aktywra apgoyao aasaopm aumealx amaoawa acaobkb ainxwkf 
89gemuq 8wgemuq 8xgemuq 8ygemuq 8zgemuq t9gemuq twgemuq txgemuq tygemuq tzgemuq u9gemuq uwgemuq uxgemuq uygemuq uzgemuq v9gemuq vwgemuq vxgemuq vygemuq vzgemuq v9gemuq vwgemuq vxgemuq vygemuq vzgemuq 
agktklr ahhtuuu bcltkwy bdwtstx caajvmm ceraxhd ddqbwpc denopqg eaavmfr ebtdyaf faemsil favglxj fdtecle fdylwju gbwefqq gdndfyn harpteb heiacbg ibkjnwc icpddwj jaumkdy jdjygko kabthbl katcyyr kberaxd kbtakiu ldcdpfo lerjowq mbimqsj mdemjfa mdlbbba naaoqaw nexmyss odkomma odsgbnv oeqlifr oevqfiy pbphupc pbtrynx pgjqfpp pgwarba qdbfnou qegfbxa qenalsq radsaib raxjybl reaqwmn sarmalm sbpyjio tapwdhh tbdhqcn uacpeks uanhrmj uccjaew varlmmj vbgilme wcoebbq wdscddl wdaalgn xdavocn xeawxqp yasaags ybkofxp ybyutsd abrkpfk abyvilp aryjktj aytmqex aiylnya aeccfqu aktywra apgoyao aasaopm aumealx amaoawa acaobkb ainxwkf 
agktklr ahhtuuu bcltkwy bdwtstx caajvmm ceraxhd ddqbwpc denopqg eaavmfr ebtdyaf faemsil favglxj fdtecle fdylwju gbwefqq gdndfyn harpteb heiacbg ibkjnwc icpddwj jaumkdy jdjygko kabthbl katcyyr kberaxd kbtakiu ldcdpfo lerjowq mbimqsj mdemjfa mdlbbba naaoqaw nexmyss odkomma odsgbnv oeqlifr oevqfiy pbphupc pbtrynx pgjqfpp pgwarba qdbfnou qegfbxa qenalsq radsaib raxjybl reaqwmn sarmalm sbpyjio tapwdhh tbdhqcn uacpeks uanhrmj uccjaew varlmmj vbgilme wcoebbq wdscddl wdaalgn xdavocn xeawxqp yasaags ybkofxp ybyutsd abrkpfk abyvilp aryjktj aytmqex aiylnya aeccfqu aktywra apgoyao aasaopm aumealx amaoawa acaobkb ainxwkf 
107.159555 
86gemuq 8mqicxs 8mwkbqa 8npwlqg 8ogemuq t6gemuq tmqicxs tmwkbqa tnpwlqg togemuq u6gemuq umqicxs umwkbqa unpwlqg uogemuq v6gemuq vmqicxs vmwkbqa vnpwlqg vogemuq v6gemuq vmqicxs vmwkbqa vnpwlqg vogemuq 
mrgemuq 
107.135531 
50gemuq l0gemuq l0gemuq 
88cdpfo 8tcdpfo 8ucdpfo 8vcdpfo t8cdpfo ttcdpfo tucdpfo tvcdpfo u8cdpfo utcdpfo uucdpfo uvcdpfo v8cdpfo vtcdpfo vucdpfo vvcdpfo v8cdpfo vtcdpfo vucdpfo vvcdpfo 
ulcdpfo 
107.082418 
agktklr ahhtuuu bcltkwy bdwtstx caajvmm caamosm ceraxhd ddqbwpc denopqg eaavmfr ebtdyaf faemsil favglxj fdtecle fdylwju gbwefqq gdndfyn harpteb heiacbg iaqaaln ibkjnwc jaumkdy jdjygko kabthbl katcyyr kberaxd kbtakiu lcaconw ldcdpfo mbimqsj mdemjfa mdlbbba naaoqaw nexmyss odkomma odsgbnv oeqlifr oevqfiy pbphupc pbtrynx pgjqfpp pgwarba qdbfnou qegfbxa qenalsq radsaib raxjybl reaqwmn sarmalm sbpyjio tapwdhh tbdhqcn uacpeks uanhrmj uccjaew varlmmj vbgilme wcoebbq wdscddl wdaalgn xdavocn xeawxqp yasaags ybkofxp ybyutsd abrkpfk abyvilp aryjktj aytmqex aiylnya aeccfqu aktywra apgoyao aasaopm aumealx amaoawa acaobkb ainxwkf 
TRUE 
FALSE 
76cdpfo 7mcdpfo 7ncdpfo 7ocdpfo p6cdpfo pmcdpfo pncdpfo pocdpfo q6cdpfo qmcdpfo qncdpfo qocdpfo r6cdpfo rmcdpfo rncdpfo rocdpfo s6cdpfo smcdpfo sncdpfo socdpfo s6cdpfo smcdpfo sncdpfo socdpfo 
FALSE 
afkgcbm agktklr bcltkwy bdwtstx caajvmm caamosm ccshpsf ddqbwpc denopqg eaavmfr ebncmbc ebtdyaf faemsil favglxj fdtecle fdylwju gbwefqq gdndfyn harpteb heiacbg iaqaaln ibkjnwc jalgcgu jaumkdy jdjygko kabthbl katcyyr kberaxd kbtakiu lcaconw ldcdpfo mbimqsj mdemjfa mdlbbba naaoqaw nadjwuc nexmyss odkomma odsgbnv oeqlifr oevqfiy pbphupc pbtrynx pgjqfpp pgwarba qdbfnou qegfbxa qenalsq radsaib raxjybl reaqwmn sarmalm sbpyjio tapwdhh tbdhqcn tbwjmak uacpeks uanhrmj uccjaew varlmmj vbgilme wcoebbq wdscddl wdaalgn xdavocn xeawxqp yasaags ybkofxp ybyutsd abrkpfk abyvilp aryjktj aytmqex aiylnya aeccfqu aktywra apgoyao aasaopm aumealx amaoawa acaobkb ainxwkf apkngmn 
adplwry afkgcbm bcltkwy bdwtstx caajvmm caamosm ccshpsf ddqbwpc denopqg eaavmfr ebncmbc ebtdyaf faemsil favglxj fdtecle fdylwju gbwefqq gdndfyn harpteb heiacbg iaqaaln ibkjnwc jalgcgu jaumkdy jdjygko kabthbl katcyyr kberaxd kbtakiu lcaconw ldcdpfo mbimqsj mdemjfa mdlbbba naaoqaw nadjwuc nexmyss odkomma odsgbnv oeqlifr oevqfiy pbphupc pbtrynx pgjqfpp pgwarba qdbfnou qegfbxa qenalsq radsaib raxjybl reaqwmn sarmalm sbpyjio tapwdhh tbdhqcn tbwjmak uacpeks uanhrmj uccjaew varlmmj vbgilme wcoebbq wdscddl wdaalgn xdavocn xeawxqp yasaags ybkofxp ybyutsd abrkpfk abyvilp aryjktj aytmqex aiylnya aeccfqu aktywra apgoyao aasaopm aumealx amaoawa acaobkb ainxwkf apkngmn 
51cdpfo l1cdpfo l1cdpfo 
