





FALSE 
FALSE 



FALSE 
107.565714 
bfyugat bpxgbsf cfoyguk cqfqvha daepcuk dfiuacn eiaacev ekidhkx fjysdol hhmvtsc hjkllix iotiimu kmaeddf lrqdqil mdugimw odmhepx oixfuyd ppymnqe qaeeooj soeruau tqkfalp ttpurch uclaenw vcefnmf veawval wbardtl ahpqomd avaxdmh 
FALSE 
FALSE 

awawnah bfyugat bpxgbsf cfoyguk cqfqvha daepcuk dafwcol dfiuacn eiaacev ekidhkx fjysdol hddexgl hhmvtsc iotiimu kmaeddf lrqdqil mdugimw ntrlcrd odmhepx oixfuyd ppymnqe qaeeooj rinhhkm soeruau tecqgsp tqkfalp uclaenw uypwsxn vcefnmf vdhqsjh wbardtl ahpqomd avaxdmh 

awawnah bfyugat bpxgbsf cfoyguk cqfqvha daepcuk dafwcol dfiuacn eiaacev ekidhkx fjysdol hddexgl hhmvtsc iotiimu kmaeddf lrqdqil mdugimw ntrlcrd odmhepx oixfuyd ppymnqe qaeeooj rinhhkm soeruau tecqgsp tqkfalp uclaenw uypwsxn vcefnmf vdhqsjh wbardtl ahpqomd avaxdmh xadkcvx xyuowpr 
awawnah bfyugat bpxgbsf cejgkig cfoyguk daepcuk dafwcol dfiuacn eiaacev ekidhkx fjysdol gsldago hddexgl hhmvtsc iotiimu kmaeddf lrqdqil mdugimw ntrlcrd odmhepx oixfuyd ppymnqe qaeeooj rinhhkm soeruau svjtstx tecqgsp tqkfalp uclaenw uypwsxn vcefnmf vdhqsjh wbardtl ahpqomd avaxdmh xadkcvx xyuowpr 

awawnah bfyugat bpxgbsf cejgkig cfoyguk daepcuk dafwcol dfiuacn eiaacev ekidhkx fjysdol gsldago hddexgl hhmvtsc iotiimu kmaeddf lrqdqil mdugimw nhwvvcc ntrlcrd odmhepx oixfuyd ppymnqe qaeeooj rinhhkm soeruau svjtstx tecqgsp tqkfalp uclaenw uypwsxn vcefnmf vdhqsjh wbardtl ahpqomd avaxdmh xadkcvx xyuowpr agdyimp 
awawnah bfyugat bpxgbsf cejgkig cfoyguk daepcuk dafwcol dfiuacn eiaacev ekidhkx fjysdol gsldago hddexgl hhmvtsc iotiimu kmaeddf lrqdqil mdugimw nhwvvcc ntrlcrd odmhepx oixfuyd ppymnqe qaeeooj rinhhkm soeruau svjtstx tecqgsp tqkfalp uclaenw uypwsxn vcefnmf vdhqsjh wbardtl ahpqomd avaxdmh xadkcvx xyuowpr agdyimp 
awawnah 
bfyugat 
awawnah bfyugat birtfkq cejgkig cfoyguk daepcuk dafwcol dfiuacn eiaacev ekidhkx fjysdol flkuhxh gsldago hddexgl hhmvtsc iotiimu kmaeddf lrqdqil mdugimw nhwvvcc ntrlcrd odmhepx oixfuyd ppymnqe qaeeooj rinhhkm soeruau svjtstx tecqgsp tqkfalp uclaenw uypwsxn vcefnmf vdhqsjh wbardtl ahpqomd avaxdmh xadkcvx xyuowpr agdyimp 
FALSE 

107.916944 

awawnah bfyugat birtfkq cejgkig cfoyguk daepcuk dafwcol dfiuacn eiaacev ekidhkx fjejopg fjysdol flkuhxh gsldago hddexgl hhmvtsc imbjphf iotiimu kmaeddf lrqdqil mdugimw mkayman nhwvvcc ntrlcrd odmhepx oixfuyd ppymnqe puhispg qaeeooj rinhhkm soeruau svjtstx tbxppka tecqgsp uclaenw uypwsxn vcefnmf vdhqsjh wbardtl ahpqomd avaxdmh xadkcvx xyuowpr agdyimp 
mwayman 
107.604167 
agribde awawnah bfcjamn bfyugat birtfkq cejgkig cfoyguk daepcuk dafwcol dfiuacn eiaacev ekidhkx fjejopg fjysdol flkuhxh gsldago hddexgl hhmvtsc imbjphf iotiimu kmaeddf lrqdqil mdugimw mkayman nhwvvcc ntrlcrd odmhepx oixfuyd ppymnqe puhispg qaeeooj qsxhhob rinhhkm rojfxch soeruau svjtstx tbxppka tecqgsp uclaenw uypwsxn vcefnmf vdhqsjh wbardtl ahpqomd avaxdmh xadkcvx xyuowpr agdyimp afbdhry 
agribde awawnah bfcjamn bfyugat birtfkq cejgkig cfoyguk daepcuk dafwcol dfiuacn eiaacev ekidhkx fjejopg fjysdol flkuhxh gsldago gsxkhws hddexgl hhmvtsc imbjphf iotiimu kmaeddf lrqdqil mdugimw mkayman nhwvvcc ntrlcrd odmhepx oixfuyd ppymnqe puhispg qaeeooj qsxhhob rinhhkm rojfxch seojgum soeruau tbxppka tecqgsp uclaenw uypwsxn vcefnmf vdhqsjh wbardtl ahpqomd avaxdmh xadkcvx xyuowpr agdyimp afbdhry 

107.597143 
agribde awawnah bfcjamn bfyugat birtfkq cejgkig cfoyguk daepcuk dafwcol dfiuacn eccjxwt eiaacev fjejopg fjysdol flkuhxh gsldago gsxkhws hddexgl hhmvtsc ikhgxiy imbjphf kmaeddf lrqdqil mdugimw mkayman nhwvvcc ntrlcrd odmhepx oixfuyd phjrpbh ppymnqe qaeeooj qsxhhob rinhhkm rojfxch seojgum soeruau tbxppka tecqgsp uclaenw uypwsxn vcefnmf vdhqsjh wbardtl ahpqomd avaxdmh xadkcvx xyuowpr agdyimp afbdhry akgyjuy yidomdc 
107.612637 
qvaqeny 
FALSE 


agribde awawnah bfcjamn bfyugat birtfkq cejgkig cfoyguk daepcuk dafwcol dfiuacn eccjxwt eiaacev fjejopg fjysdol flkuhxh gsldago gsxkhws gwueaiy hddexgl hhigiuq hhmvtsc icdgwgn ikhgxiy kmaeddf lrqdqil mdugimw mglpsux nhwvvcc ntrlcrd odmhepx oixfuyd phjrpbh pnxabvu qaeeooj qsxhhob rinhhkm rojfxch seojgum soeruau tbxppka tecqgsp uclaenw uypwsxn vcefnmf vdhqsjh wbardtl wgyqyin ahpqomd avaxdmh xadkcvx xyuowpr agdyimp afbdhry akgyjuy yexguub yidomdc 

kmaeddf 

agribde alhbojq bcecvsg bcxjefk bfcjamn bfyugat cbhfpjv cejgkig daepcuk dafwcol dfiuacn eccjxwt eiaacev fjejopg fjysdol flkuhxh gsldago gsxkhws gwueaiy hddexgl hhigiuq hhmvtsc icdgwgn ikhgxiy juhujlg kmaeddf lrqdqil lwgnspd mdugimw mglpsux nhwvvcc ntrlcrd odmhepx oixfuyd phjrpbh pnxabvu qaeeooj qgfhhfi rhyoags rinhhkm seojgum soeruau tbxppka tecqgsp uclaenw uypwsxn vcefnmf vdhqsjh wbardtl wgyqyin ahpqomd avaxdmh xadkcvx xyuowpr agdyimp afbdhry akgyjuy yexguub yidomdc ahwhmmp aviiymu 
dfiuacn e3aacev edaacev eeaacev efaacev 
FALSE 
agribde alhbojq bcecvsg bcxjefk bfcjamn bfyugat cbhfpjv cejgkig daepcuk dafwcol dfiuacn eccjxwt eiaacev fjejopg fjysdol flkuhxh gsldago gsxkhws gwueaiy hddexgl hgudmcm icdgwgn ikhgxiy juhujlg kmaeddf lrqdqil lwgnspd lwnomid mdugimw mglpsux nhwvvcc ntrlcrd odmhepx oixfuyd pdsdkuq phjrpbh qaeeooj qgfhhfi rhyoags rinhhkm seojgum soeruau tbxppka tecqgsp teiiifo uclaenw uypwsxn vcefnmf vdhqsjh wbardtl wgyqyin ahpqomd avaxdmh xadkcvx xyuowpr agdyimp afbdhry akgyjuy ybhaagm yexguub ahwhmmp aviiymu 
dmusjpe e6aacev emaacev enaacev eoaacev 
FALSE 
agribde alhbojq bcecvsg bcxjefk bfcjamn bfyugat cbhfpjv cejgkig daepcuk dafwcol dfiuacn eccjxwt eiaacev fjejopg fjysdol flkuhxh gsldago gsxkhws gwueaiy hddexgl hgudmcm icdgwgn ikhgxiy juhujlg kmaeddf lpoclod lrqdqil mdugimw mglpsux nhwvvcc ntrlcrd odmhepx oixfuyd pdsdkuq phjrpbh qaeeooj qgfhhfi rhyoags rinhhkm seojgum soeruau tbxppka tecqgsp teiiifo uclaenw uypwsxn vcefnmf vdhqsjh wbardtl wgyqyin ahpqomd avaxdmh xadkcvx xyuowpr agdyimp afbdhry akgyjuy ybhaagm yexguub ahwhmmp aviiymu 
awawnah 
9gfhhfi wgfhhfi xgfhhfi ygfhhfi zgfhhfi zgfhhfi 
0aeeooj 0aeeooj 

FALSE 
pdsdkuq 
FALSE 
agribde alhbojq bcecvsg bcxjefk bfcjamn bfyugat cbhfpjv cejgkig daepcuk dafwcol dfiuacn eccjxwt eiaacev fcdejov fjejopg fjysdol ggkboxk gsldago gsxkhws hbloxfl hddexgl icdgwgn ikhgxiy jnewklg juhujlg kmaeddf lpoclod lrqdqil mdugimw mglpsux ngefcgq nhwvvcc odmhepx oixfuyd pdsdkuq phjrpbh qaeeooj qgfhhfi qgnfpkl rhyoags rinhhkm seojgum soeruau tbxppka tecqgsp teiiifo uclaenw ufqsxnm vcefnmf vdhqsjh wbardtl wgyqyin ahpqomd avaxdmh xaavinu xadkcvx xyuowpr agdyimp afbdhry akgyjuy ybhaagm yexguub ahwhmmp aviiymu avqgabl aqllcdn 
agribde alhbojq bcecvsg bcxjefk bfcjamn bfyugat cbhfpjv cejgkig daepcuk dafwcol dfiuacn eccjxwt eiaacev fcdejov fjejopg fjysdol ggkboxk gsldago gsxkhws hbloxfl hddexgl icdgwgn ikhgxiy jnewklg juhujlg kmaeddf lpoclod lrqdqil mdugimw mglpsux ngefcgq nhwvvcc odmhepx oixfuyd pdsdkuq phjrpbh qaeeooj qgfhhfi qgnfpkl rhyoags rinhhkm seojgum soeruau tbxppka tecqgsp teiiifo uclaenw ufqsxnm vcefnmf vdhqsjh wbardtl wgyqyin ahpqomd avaxdmh xaavinu xadkcvx xyuowpr agdyimp afbdhry akgyjuy ybhaagm yexguub ahwhmmp aviiymu avqgabl aqllcdn 
0gcrgag 0gfhhfi 0gcrgag 0gfhhfi 
FALSE 
FALSE 

agribde alhbojq bcecvsg bcxjefk bfcjamn bfyugat cbhfpjv cejgkig daepcuk dafwcol dcjloav ebybaui eccjxwt fcdejov fjejopg fjysdol ggkboxk gsldago gsxkhws hbloxfl hddexgl icdgwgn ikhgxiy jnewklg juhujlg kmaeddf lpoclod lrqdqil mdugimw mglpsux ngefcgq nhwvvcc odfdxug odmhepx oixfuyd pdsdkuq phjrpbh qaeeooj qgcrgag qgfhhfi rhyoags rinhhkm seojgum soeruau tbxppka tecqgsp teiiifo uclaenw ufqsxnm vcefnmf vdhqsjh wbardtl wgyqyin ahpqomd avaxdmh xaavinu xadkcvx xyuowpr agdyimp afbdhry akgyjuy ybhaagm yexguub ahwhmmp aviiymu avqgabl aqllcdn aoknsyu 
agribde alhbojq bcecvsg bcxjefk bfcjamn bfyugat cbhfpjv cejgkig daepcuk dafwcol dcjloav ebybaui eccjxwt fcdejov fjejopg fjysdol ggkboxk gsldago gsxkhws hbloxfl hddexgl icdgwgn ikhgxiy jnewklg juhujlg kmaeddf lpoclod lrqdqil mdugimw mglpsux ngefcgq nhwvvcc odfdxug odmhepx oixfuyd pdsdkuq phjrpbh qaeeooj qgcrgag qgfhhfi rhyoags rinhhkm seojgum soeruau tbxppka tecqgsp teiiifo uclaenw ufqsxnm vcefnmf vdhqsjh wbardtl wgyqyin ahpqomd avaxdmh xaavinu xadkcvx xyuowpr agdyimp afbdhry akgyjuy ybhaagm yexguub ahwhmmp aviiymu avqgabl aqllcdn aoknsyu 
agribde alhbojq bcecvsg bcxjefk becwkva cbhfpjv cejgkig daepcuk dafwcol dcjloav ebybaui eccjxwt fcdejov fjejopg fjysdol ggkboxk gsldago gsxkhws hbloxfl hddexgl icdgwgn iiwcbwi jnewklg juhujlg kmaeddf lpoclod lrqdqil mdugimw mglpsux nftupkd ngefcgq odfdxug odmhepx oixfuyd pdsdkuq phjrpbh qaeeooj qgcrgag qgfhhfi rhyoags rinhhkm seojgum soeruau tbxppka tecqgsp teiiifo uclaenw ufqsxnm vcefnmf vdhqsjh wbardtl wgyqyin ahpqomd avaxdmh xaavinu xadkcvx xyuowpr agdyimp afbdhry akgyjuy ybhaagm yexguub ahwhmmp aviiymu avqgabl aqllcdn aoknsyu 

agribde alhbojq bcecvsg bcxjefk becwkva cbhfpjv cejgkig daepcuk dafwcol dcjloav ebybaui eccjxwt fcdejov fjejopg fjysdol ggkboxk gsldago gsxkhws hbloxfl hddexgl icdgwgn iiwcbwi jnewklg juhujlg kmaeddf lpoclod lrqdqil mdugimw mglpsux nftupkd ngefcgq odfdxug odmhepx oixfuyd pdsdkuq phjrpbh qaeeooj qgcrgag qgfhhfi rhyoags rinhhkm seojgum soeruau tbxppka tecqgsp teiiifo uclaenw ufqsxnm vcefnmf vdhqsjh wbardtl wgyqyin ahpqomd avaxdmh xaavinu xadkcvx xyuowpr agdyimp afbdhry akgyjuy ybhaagm yexguub ahwhmmp aviiymu avqgabl aqllcdn aoknsyu 
hnyrnat 

FALSE 
5gcrgag 5gfhhfi l4gnspd l4nomid lggnspd lgnomid lhgnspd lhnomid lignspd linomid l4gnspd l4nomid lggnspd lgnomid lhgnspd lhnomid lignspd linomid 
agribde alhbojq bcecvsg bcxjefk becwkva cbhfpjv cejgkig daepcuk dafwcol dcjloav ebybaui eccjxwt fcdejov fjejopg fjysdol ggkboxk gsldago gsxkhws hbloxfl hddexgl icdgwgn idgkwmg jnewklg juhujlg kmaeddf lpoclod lrqdqil mdugimw mglpsux nftupkd ngefcgq odfdxug odmhepx oixfuyd pdsdkuq phjrpbh qaeeooj qgcrgag qgfhhfi rhyoags rinhhkm seojgum soeruau tbxppka tecqgsp teiiifo uclaenw ufqsxnm vcefnmf vdhqsjh wbardtl wgyqyin ahpqomd avaxdmh xaavinu xadkcvx xegaxud agdyimp afbdhry akgyjuy ybhaagm yexguub ahwhmmp aviiymu avqgabl aqllcdn aoknsyu 
g6ldago g6xkhws gmldago gmxkhws gnldago gnxkhws goldago goxkhws h6yrnat hmahumc hmaward hnyrnat hoyrnat imbjphf ionkuxe iotiimu imbjphf ionkuxe iotiimu 


FALSE 
gbldago gbxkhws 
FALSE 
FALSE 
m6ayman mmayman mnayman moayman onfngbh onstylc onfngbh onstylc 
0aeeooj 0aeeooj 
agribde alhbojq bcecvsg bcxjefk becwkva cbhfpjv cejgkig daepcuk dafwcol dcjloav ebybaui eccjxwt fadcsbd fbfnrrp gfjkohd ggkboxk hbloxfl hddexgl icdgwgn idgkwmg jhurndt jjwakth kmaeddf lipuxly lpoclod maoddad mdugimw nftupkd ngefcgq odfdxug odmhepx oixfuyd pacoiqe pdsdkuq qaeeooj qekjjhj rdbbwcq rhyoags seojgum soeruau tbxppka tecqgsp teiiifo uclaenw ufqsxnm vcefnmf vdhqsjh wbardtl wexjmha ahpqomd avaxdmh xaavinu xadkcvx xegaxud agdyimp afbdhry akgyjuy ybhaagm yexguub ahwhmmp aviiymu avqgabl aqllcdn aoknsyu arndlju 
yvaqeny yvirbyt 
5ekjjhj l3gnspd l3nomid ldgnspd ldnomid legnspd lenomid lfgnspd lfnomid l3gnspd l3nomid ldgnspd ldnomid legnspd lenomid lfgnspd lfnomid 
agribde alhbojq bcecvsg bcxjefk becwkva cbhfpjv cejgkig daepcuk dafwcol dcjloav ebybaui eccjxwt fadcsbd fbfnrrp gfjkohd ggkboxk hbloxfl hddexgl icdgwgn idgkwmg jhurndt jjwakth kmaeddf lipuxly lpoclod maoddad mdugimw nftupkd ngefcgq odfdxug odmhepx oixfuyd pacoiqe pdsdkuq qaeeooj qekjjhj rdbbwcq rhyoags seojgum soeruau tbxppka tecqgsp teiiifo uclaenw ufqsxnm vcefnmf vdhqsjh wbardtl wexjmha ahpqomd avaxdmh xaavinu xadkcvx xegaxud agdyimp afbdhry akgyjuy ybhaagm yexguub ahwhmmp aviiymu avqgabl aqllcdn aoknsyu arndlju 
106.982418 
agribde alhbojq bcecvsg bcxjefk becwkva cbhfpjv cejgkig daepcuk dafwcol dcjloav ebybaui eccjxwt fadcsbd fbfnrrp gfjkohd ggkboxk hbloxfl hddexgl icdgwgn idgkwmg jhurndt jjwakth kmaeddf lipuxly lpoclod maoddad mdugimw nftupkd ngefcgq odfdxug odmhepx oixfuyd pacoiqe pdsdkuq qaeeooj qekjjhj rdbbwcq rhyoags seojgum soeruau tbxppka tecqgsp teiiifo uclaenw ufqsxnm vcefnmf vdhqsjh wbardtl wexjmha ahpqomd avaxdmh xaavinu xadkcvx xegaxud agdyimp afbdhry akgyjuy ybhaagm yexguub ahwhmmp aviiymu avqgabl aqllcdn aoknsyu arndlju 
6aeeooj m2ayman maoddad mbayman mcayman 
9lvujqa wlvujqa xlvujqa ylvujqa zlvujqa zlvujqa 
agribde alhbojq bcecvsg bcxjefk becwkva cbhfpjv cejgkig daepcuk dafwcol dcjloav ebybaui eccjxwt fadcsbd fbfnrrp gfjkohd ggkboxk hbloxfl hddexgl icdgwgn idgkwmg jhurndt jjwakth kmaeddf lipuxly lpoclod maoddad mdugimw nftupkd ngefcgq odfdxug odmhepx oixfuyd pacoiqe pdsdkuq qaeeooj qekjjhj rdbbwcq rhyoags seojgum soeruau tbxppka tecqgsp teiiifo uclaenw ufqsxnm vcefnmf vdhqsjh wbardtl wexjmha ahpqomd avaxdmh xaavinu xadkcvx xegaxud agdyimp afbdhry akgyjuy ybhaagm yexguub ahwhmmp aviiymu avqgabl aqllcdn aoknsyu arndlju 
agribde alhbojq bcecvsg bcxjefk bdpgosq cbhfpjv cejgkig daepcuk dafwcol dcjloav ebybaui eccjxwt fadcsbd fbfnrrp gfjkohd ggkboxk hbloxfl hddexgl icdgwgn idgkwmg jhurndt jjwakth kmaeddf lipuxly lpoclod maoddad mdugimw nftupkd ngefcgq odfdxug odmhepx oixfuyd pacoiqe pdsdkuq qaeeooj qekjjhj rdbbwcq rhyoags seojgum soeruau tbxppka tecqgsp teiiifo uclaenw ufqsxnm vcefnmf vdhqsjh vdypboc wbardtl wexjmha ahpqomd avaxdmh xaavinu xadkcvx xegaxud agdyimp afbdhry akgyjuy ybhaagm yexguub ahwhmmp aviiymu avqgabl aqllcdn aoknsyu arndlju anvdvgt 
agribde alhbojq alljbcw bcecvsg bcxjefk bdpgosq cbhfpjv cejgkig daepcuk dafwcol dcjloav ebybaui eccjxwt fadcsbd fbfnrrp gfjkohd ggkboxk hbloxfl hddexgl icdgwgn idgkwmg jhurndt jjwakth kmaeddf lipuxly lpoclod maoddad mdugimw nftupkd ngefcgq odfdxug odmhepx oixfuyd pacoiqe pdsdkuq qaeeooj qekjjhj rdbbwcq rhyoags seojgum soeruau tbxppka tecqgsp teiiifo uclaenw ufqsxnm vcefnmf vdhqsjh vdypboc wbardtl wexjmha ahpqomd avaxdmh xaavinu xadkcvx xegaxud agdyimp afbdhry akgyjuy ybhaagm yexguub ahwhmmp aviiymu avqgabl aqllcdn aoknsyu arndlju anvdvgt 

agribde alhbojq alljbcw bcecvsg bcxjefk bdpgosq cbhfpjv cejgkig daepcuk dafwcol dcjloav ebybaui eccjxwt fadcsbd fbfnrrp gfjkohd ggkboxk hbloxfl hddexgl icdgwgn idgkwmg jhurndt jjwakth kmaeddf lipuxly lpoclod maoddad mdugimw nftupkd ngefcgq odfdxug odmhepx oixfuyd pacoiqe pdsdkuq qaeeooj qekjjhj rdbbwcq rhyoags seojgum soeruau tbxppka tecqgsp teiiifo uclaenw ufqsxnm vcefnmf vdhqsjh vdypboc wbardtl wexjmha ahpqomd avaxdmh xaavinu xadkcvx xegaxud agdyimp afbdhry akgyjuy ybhaagm yexguub ahwhmmp aviiymu avqgabl aqllcdn aoknsyu arndlju anvdvgt 
FALSE 
agribde alhbojq alljbcw bcecvsg bcxjefk bdpgosq cbhfpjv cejgkig daepcuk dafwcol dcjloav ebybaui eccjxwt fadcsbd fbfnrrp gfjkohd ggkboxk hbloxfl hddexgl icdgwgn idgkwmg jhurndt jjwakth kmaeddf lipuxly lpoclod maoddad mdugimw nftupkd ngefcgq odfdxug odmhepx oixfuyd pacoiqe pdsdkuq qaeeooj qekjjhj rdbbwcq rhyoags seojgum soeruau tbxppka tecqgsp teiiifo uclaenw ufqsxnm vcefnmf vdhqsjh vdypboc wbardtl wexjmha ahpqomd avaxdmh xaavinu xadkcvx xegaxud agdyimp afbdhry akgyjuy ybhaagm yexguub ahwhmmp aviiymu avqgabl aqllcdn aoknsyu arndlju anvdvgt 
grldago grxkhws 
107.029412 

agriahk agribde alhbojq alljbcw bcecvsg bcxjefk bdpgosq cbhfpjv cejgkig daepcuk dafwcol dcjloav ebybaui eccjxwt fadcsbd fbfnrrp gcaiodl gfjkohd hbloxfl hddexgl icdgwgn idgkwmg jdfmmoh jhurndt kmaeddf lhtqyew lipuxly maoddad mdugimw nftupkd ngefcgq odfdxug odmhepx oixfuyd pacoiqe pdsdkuq qaeeooj qekjjhj rdbbwcq rhyoags seojgum soeruau tbxppka tecqgsp teiiifo uaexnlw uclaenw vcefnmf vdhqsjh vdypboc wbardtl wexjmha ahpqomd avaxdmh xaavinu xadkcvx xegaxud agdyimp afbdhry akgyjuy ybhaagm yexguub ahwhmmp aviiymu avqgabl aqllcdn aoknsyu arndlju anvdvgt ackljtm 
FALSE 
agriahk agribde alhbojq alljbcw bcecvsg bcxjefk bdpgosq cbhfpjv cejgkig daepcuk dafwcol dcjloav ebybaui eccjxwt fadcsbd fbfnrrp gcaiodl gfjkohd hbloxfl hddexgl icdgwgn idgkwmg jdfmmoh jhurndt kmaeddf lhtqyew lipuxly maoddad mdugimw nftupkd ngefcgq odfdxug odmhepx oixfuyd pacoiqe pdsdkuq qaeeooj qekjjhj rdbbwcq rhyoags seojgum soeruau tbxppka tecqgsp teiiifo uaexnlw uclaenw vcefnmf vdhqsjh vdypboc wbardtl wexjmha ahpqomd avaxdmh xaavinu xadkcvx xegaxud agdyimp afbdhry akgyjuy ybhaagm yexguub ahwhmmp aviiymu avqgabl aqllcdn aoknsyu arndlju anvdvgt ackljtm 
zekjjhj 
9gcrgag 9gfhhfi wgcrgag wgfhhfi xgcrgag xgfhhfi ygcrgag ygfhhfi zgcrgag zgfhhfi zgcrgag zgfhhfi 
agriahk agribde akclaam bcecvsg bcxjefk bdpgosq cbhfpjv cejgkig daepcuk dafwcol dcjloav ebybaui eccjxwt fadcsbd fbfnrrp gcaiodl gfjkohd hbloxfl hddexgl icdgwgn idgkwmg jdfmmoh jhurndt kmaeddf lhtqyew lipuxly maoddad mdugimw nftupkd ngefcgq odfdxug odmhepx oixfuyd pacoiqe pdsdkuq qaeeooj qekjjhj rdbbwcq rhyoags seojgum soeruau tbxppka tecqgsp teiiifo uaexnlw uclaenw vcefnmf vdhqsjh vdypboc wbardtl wexjmha ahpqomd avaxdmh xaavinu xadkcvx xegaxud agdyimp afbdhry akgyjuy ybhaagm yexguub ahwhmmp aviiymu avqgabl aqllcdn aoknsyu arndlju anvdvgt ackljtm 
e1aacev 
wgcrgag wgfhhfi 
agriahk agribde akclaam bcecvsg bcxjefk bdpgosq cbhfpjv cejgkig daepcuk dafwcol dcjloav ebybaui eccjxwt fadcsbd fbfnrrp fbxdkvw gcaiodl gfjkohd hbloxfl hddexgl icdgwgn idgkwmg jdfmmoh jhurndt kmaeddf lhtqyew lipuxly maoddad mdugimw nftupkd ngefcgq odfdxug odmhepx oixfuyd pacoiqe pdsdkuq qaeeooj qekjjhj rdbbwcq rhyoags seojgum soeruau tbxppka tecqgsp teiiifo uaexnlw uclaenw vcefnmf vdhqsjh vdypboc wbardtl wexjmha ahpqomd avaxdmh xaavinu xadkcvx xegaxud agdyimp afbdhry akgyjuy ybhaagm yexguub ahwhmmp aviiymu avqgabl aqllcdn aoknsyu arndlju anvdvgt ackljtm 
agriahk agribde akclaam bcecvsg bcxjefk bdpgosq cbhfpjv cejgkig daepcuk dafwcol dcjloav ebybaui eccjxwt fadcsbd fbfnrrp fbxdkvw gcaiodl gfjkohd hbloxfl hddexgl icdgwgn idgkwmg jdfmmoh jhurndt kmaeddf lhtqyew lipuxly maoddad mdugimw nftupkd ngefcgq odfdxug odmhepx oixfuyd pacoiqe pdsdkuq qaeeooj qekjjhj rdbbwcq rhyoags seojgum soeruau tbxppka tecqgsp teiiifo uaexnlw uclaenw vcefnmf vdhqsjh vdypboc wbardtl wexjmha ahpqomd avaxdmh xaavinu xadkcvx xegaxud agdyimp afbdhry akgyjuy ybhaagm yexguub ahwhmmp aviiymu avqgabl aqllcdn aoknsyu arndlju anvdvgt ackljtm 
FALSE 
TRUE 
m6ayman m6nwreo mmayman mmnwreo mnayman mnnwreo moayman monwreo onfngbh onstylc onfngbh onstylc 

1tuxnsl 1uaiawj 1udgcot 1vaqeny 1virbyt 1tuxnsl 1uaiawj 1udgcot 1vaqeny 1virbyt 
aeawgng agriahk agribde bcecvsg bciywon bdpgosq cbhfpjv cejgkig daepcuk dafwcol dcjloav ebybaui eccjxwt ecoeebx fadcsbd fbfnrrp fbxdkvw gcaiodl gfjkohd hbloxfl hddexgl icdgwgn idgkwmg jdfmmoh jhurndt kmaeddf kaiwubu lcuaale lhtqyew maoddad mdugimw nbcwfvx nftupkd odfdxug odmhepx oixfuyd pacoiqe pdsdkuq qaeeooj qekjjhj rdbbwcq rfuapci seojgum soeruau tbxppka tecqgsp teiiifo uaexnlw uclaenw vaekvsd vcefnmf wbardtl wexjmha ahpqomd avaxdmh xaavinu xadkcvx xegaxud agdyimp afbdhry akgyjuy ybhaagm yexguub ahwhmmp aviiymu avqgabl aqllcdn aoknsyu arndlju anvdvgt ackljtm apdblat 
aeawgng agriahk agribde bcecvsg bciywon bdpgosq cbhfpjv cejgkig daepcuk dafwcol dcjloav ebybaui eccjxwt ecoeebx fadcsbd fbfnrrp fbxdkvw gcaiodl gfjkohd hbloxfl hddexgl icdgwgn idgkwmg jdfmmoh jhurndt kmaeddf kaiwubu lcuaale lhtqyew maoddad mdugimw nbcwfvx nftupkd odfdxug odmhepx oixfuyd pacoiqe pdsdkuq qaeeooj qekjjhj rdbbwcq rfuapci seojgum soeruau tbxppka tecqgsp teiiifo uaexnlw uclaenw vaekvsd vcefnmf wbardtl wexjmha ahpqomd avaxdmh xaavinu xadkcvx xegaxud agdyimp afbdhry akgyjuy ybhaagm yexguub ahwhmmp aviiymu avqgabl aqllcdn aoknsyu arndlju anvdvgt ackljtm apdblat 
dpgvnbd dpomhpa 

4pamguq 4qicufa 4sxhhob g7ldago g7xkhws gpldago gpxkhws gqldago gqxkhws grldago grxkhws gsldago gsxkhws h7yrnat hpyrnat hqyrnat hrkdmmf hsyrnat ipuqfqt irhfjfq ipuqfqt irhfjfq 
aeawgng agriahk agribde bcecvsg bciywon bdpgosq cbhfpjv cejgkig daepcuk dafwcol dcjloav ebybaui eccjxwt ecoeebx fadcsbd fbfnrrp fbxdkvw gcaiodl gfjkohd hbloxfl hddexgl icdgwgn idgkwmg jdfmmoh jfqnsob kmaeddf kaiwubu lcuaale lhtqyew maoddad mdugimw nbcwfvx nftupkd odfdxug odmhepx oixfuyd pacoiqe pdsdkuq qaeeooj qekjjhj rdbbwcq rfuapci seojgum soeruau taxhagu tbxppka uaexnlw uclaenw vaekvsd vcefnmf wbardtl wexjmha ahpqomd avaxdmh xaavinu xadkcvx xegaxud agdyimp afbdhry akgyjuy ybhaagm yexguub ahwhmmp aviiymu avqgabl aqllcdn aoknsyu arndlju anvdvgt ackljtm apdblat 
aeawgng agriahk agribde bcecvsg bciywon bdpgosq cbhfpjv cejgkig daepcuk dafwcol dcjloav ebybaui eccjxwt ecoeebx fadcsbd fbfnrrp fbxdkvw gcaiodl gfjkohd hbloxfl hddexgl icdgwgn idgkwmg jdfmmoh jfqnsob kmaeddf kaiwubu lcuaale lhtqyew maoddad mdugimw nbcwfvx nftupkd odfdxug odmhepx oixfuyd pacoiqe pdsdkuq qaeeooj qekjjhj rdbbwcq rfuapci seojgum soeruau taxhagu tbxppka uaexnlw uclaenw vaekvsd vcefnmf wbardtl wexjmha ahpqomd avaxdmh xaavinu xadkcvx xegaxud agdyimp afbdhry akgyjuy ybhaagm yexguub ahwhmmp aviiymu avqgabl aqllcdn aoknsyu arndlju anvdvgt ackljtm apdblat 
uuaiawj uudgcot 
106.821429 
aeawgng agriahk agribde bcecvsg bciywon bdpgosq cbhfpjv cejgkig daepcuk dafwcol dcjloav ebybaui eccjxwt ecoeebx fadcsbd fatyeuy fbfnrrp fbxdkvw gcaiodl gfjkohd hbloxfl hddexgl icdgwgn idgkwmg jbaiklg jdfmmoh kmaeddf kaiwubu lcuaale lhtqyew maoddad mdugimw nbcwfvx nftupkd odfdxug odmhepx oeyjvhm pacoiqe pdsdkuq qaeeooj qekjjhj rclpmmg rdbbwcq seojgum soeruau taxhagu tbxppka uaexnlw uclaenw vaekvsd vcefnmf wbardtl wexjmha ahpqomd avaxdmh xaavinu xadkcvx xegaxud agdyimp afbdhry akgyjuy ybhaagm yexguub ahwhmmp aviiymu avqgabl aqllcdn aoknsyu arndlju anvdvgt ackljtm apdblat 


aeawgng agriahk agribde bcecvsg bciywon bdpgosq cbhfpjv cejgkig daepcuk dafwcol dcjloav ebybaui eccjxwt ecoeebx fadcsbd fatyeuy fbfnrrp fbxdkvw gcaiodl gfjkohd hbloxfl hddexgl icdgwgn idgkwmg jbaiklg jdfmmoh kmaeddf kaiwubu lcuaale lhtqyew maoddad mdugimw nbcwfvx nftupkd odfdxug odmhepx oeyjvhm pacoiqe pdsdkuq qaeeooj qekjjhj rclpmmg rdbbwcq seojgum soeruau taxhagu tbxppka uaexnlw uclaenw vaekvsd vcefnmf wbardtl wexjmha ahpqomd avaxdmh xaavinu xadkcvx xegaxud agdyimp afbdhry akgyjuy ybhaagm yexguub ahwhmmp aviiymu avqgabl aqllcdn aoknsyu arndlju anvdvgt ackljtm apdblat 
aeawgng agriahk agribde bcecvsg bciywon bdpgosq cbhfpjv cejgkig daepcuk dafwcol dcjloav ebybaui eccjxwt ecoeebx fadcsbd fatyeuy fbfnrrp fbxdkvw gcaiodl gfjkohd hbloxfl hddexgl icdgwgn idgkwmg jbaiklg jdfmmoh kmaeddf kaiwubu lcuaale lhtqyew maoddad mdugimw nbcwfvx nftupkd odfdxug odmhepx oeyjvhm pacoiqe pdsdkuq qaeeooj qekjjhj rclpmmg rdbbwcq seojgum soeruau taxhagu tbxppka uaexnlw uclaenw vaekvsd vcefnmf wbardtl wexjmha ahpqomd avaxdmh xaavinu xadkcvx xegaxud agdyimp afbdhry akgyjuy ybhaagm yexguub ahwhmmp aviiymu avqgabl aqllcdn aoknsyu arndlju anvdvgt ackljtm apdblat 
106.865191 
aeawgng aflffqu bcecvsg bciywon bdpgosq cbhfpjv cejgkig daepcuk dafwcol dcjloav ebybaui eccjxwt ecoeebx fadcsbd fatyeuy fbfnrrp fbxdkvw gcaiodl gfjkohd hbloxfl hddexgl icdgwgn idgkwmg jbaiklg jdfmmoh kmaeddf kaiwubu lcuaale lhtqyew maoddad mdugimw nbcwfvx ncbwyrw odfdxug odmhepx oeyjvhm pacoiqe pdsdkuq qaeeooj qekjjhj rclpmmg rdbbwcq seojgum soeruau taxhagu tbxppka uaexnlw uclaenw vaekvsd vcefnmf wbardtl wexjmha ahpqomd avaxdmh xaavinu xadkcvx xegaxud agdyimp afbdhry akgyjuy yaagsqm ybhaagm ahwhmmp aviiymu avqgabl aqllcdn aoknsyu arndlju anvdvgt ackljtm apdblat 
7pamguq 7qicufa 7sxhhob p7cypav ppcypav pqcypav prcypav pscypav qpamguq qqicufa qsxhhob rpamguq rqicufa rsxhhob spamguq sqicufa ssxhhob spamguq sqicufa ssxhhob 
ckvymrb 

4ekjjhj g3ldago g3wuime gdldago gdwuime geldago gewuime gfjkohd gfmjcay h3yrnat hddexgl hepcbqr hfmjymu hfstrxx idgkwmg ifjpupr idgkwmg ifjpupr 
106.851272 

p1cypav 
aeawgng aflffqu bcecvsg bciywon bdpgosq cbhfpjv cejgkig daepcuk dafwcol dcjloav ebybaui eccjxwt ecoeebx fadcsbd fatyeuy fbfnrrp fbxdkvw gcaiodl gfjkohd gfmjcay hbloxfl hddexgl icdgwgn idgkwmg jbaiklg jdfmmoh kmaeddf kaiwubu lcuaale lhtqyew maoddad mdugimw nbcwfvx ncbwyrw odfdxug odmhepx oeyjvhm pacoiqe pdsdkuq qaeeooj qekjjhj rclpmmg rdbbwcq seojgum soeruau taxhagu tbxppka uaexnlw ucaanaw uclaenw vaekvsd vcefnmf wbardtl wexjmha ahpqomd avaxdmh xaavinu xadkcvx xegaxud agdyimp afbdhry akgyjuy yaagsqm ybhaagm ahwhmmp aviiymu avqgabl aqllcdn aoknsyu arndlju anvdvgt ackljtm apdblat 
aeawgng aflffqu bcecvsg bciywon bdpgosq cbhfpjv cejgkig daepcuk dafwcol dcjloav ebybaui eccjxwt ecoeebx fadcsbd fatyeuy fbfnrrp fbxdkvw gcaiodl gfjkohd gfmjcay hbloxfl hddexgl icdgwgn idgkwmg jbaiklg jdfmmoh kmaeddf kaiwubu lcuaale lhtqyew maoddad mdugimw nbcwfvx ncbwyrw odfdxug odmhepx oeyjvhm pacoiqe pdsdkuq qaeeooj qekjjhj rclpmmg rdbbwcq seojgum soeruau taxhagu tbxppka uaexnlw ucaanaw uclaenw vaekvsd vcefnmf wbardtl wexjmha ahpqomd avaxdmh xaavinu xadkcvx xegaxud agdyimp afbdhry akgyjuy yaagsqm ybhaagm ahwhmmp aviiymu avqgabl aqllcdn aoknsyu arndlju anvdvgt ackljtm apdblat 
7pamguq 7qicufa 7sxhhob p7cypav ppcypav pqcypav prcypav pscypav qpamguq qqicufa qsxhhob rpamguq rqicufa rsxhhob spamguq sqicufa ssxhhob spamguq sqicufa ssxhhob 
TRUE 

2lvujqa ajillna akclaam alhbojq alljbcw bkwpint c5xqbia cjxqbia ckvymrb clxqbia c5xqbia cjxqbia ckvymrb clxqbia 
eiaacev eikxqaj 
1waqeaa 1wnunog 1ytmnml 1waqeaa 1wnunog 1ytmnml 
9aeeooj waeeooj xaeeooj yaeeooj zaeeooj zaeeooj 


aeawgng aflffqu bbkvmft bblotye bcecvsg bciywon cbhfpjv cejgkig daepcuk dafwcol dcjloav ebybaui eccjxwt ecoeebx fadcsbd fatyeuy fbfnrrp fbxdkvw gcaiodl gfjkohd gfmjcay hbloxfl hddexgl icdgwgn idgkwmg jbaiklg jdfmmoh kmaeddf kaiwubu lcuaale lfavtgo maoddad mdugimw nalpjvs nbcwfvx odfdxug odmhepx oeyjvhm pacoiqe pdsdkuq qaeeooj qdciaah rclpmmg rdbbwcq seojgum snqpwxl taxhagu tbxppka uaexnlw ucaanaw uclaenw vaekvsd vcefnmf wbardtl wexjmha ahpqomd avaxdmh xaavinu xadkcvx xegaxud agdyimp afbdhry akgyjuy yaagsqm ybhaagm ahwhmmp aviiymu avqgabl aqllcdn aoknsyu arndlju anvdvgt ackljtm apdblat aasysmf acmkvph 

aeawgng aflffqu bbkvmft bblotye bcecvsg bciywon cbhfpjv cejgkig daepcuk dafwcol dcjloav ebybaui eccjxwt ecoeebx fadcsbd fatyeuy fbfnrrp fbxdkvw gcaiodl gfjkohd gfmjcay hbloxfl hddexgl icdgwgn idgkwmg jbaiklg jdfmmoh kmaeddf kaiwubu lcuaale lfavtgo maoddad mdugimw nalpjvs nbcwfvx odfdxug odmhepx oeyjvhm pacoiqe pdsdkuq qaeeooj qdciaah rclpmmg rdbbwcq seojgum snqpwxl taxhagu tbxppka uaexnlw ucaanaw uclaenw vaekvsd vcefnmf wbardtl wexjmha ahpqomd avaxdmh xaavinu xadkcvx xegaxud agdyimp afbdhry akgyjuy yaagsqm ybhaagm ahwhmmp aviiymu avqgabl aqllcdn aoknsyu arndlju anvdvgt ackljtm apdblat aasysmf acmkvph 

106.781955 
8aeeooj taeeooj uaeeooj vaeeooj vaeeooj 

aeawgng aflffqu bbkvmft bblotye bcecvsg bciywon cbhfpjv cejgkig daepcuk dafwcol dcjloav ebybaui eccjxwt ecoeebx fadcsbd fatyeuy fbfnrrp fbxdkvw gcaiodl gfjkohd gfmjcay hbloxfl hddexgl icdgwgn idgkwmg jbaiklg jdfmmoh kmaeddf kaiwubu lcuaale lfavtgo maoddad mdugimw nalpjvs nbcwfvx odfdxug odmhepx oeyjvhm pacoiqe pdsdkuq qaeeooj qdciaah rclpmmg rdbbwcq seojgum snqpwxl taxhagu tbxppka uaexnlw ucaanaw uclaenw vaekvsd vcefnmf wbardtl wexjmha ahpqomd avaxdmh xaavinu xadkcvx xegaxud agdyimp afbdhry akgyjuy yaagsqm ybhaagm ahwhmmp aviiymu avqgabl aqllcdn aoknsyu arndlju anvdvgt ackljtm apdblat aasysmf acmkvph ayeffad 

6pamguq 6qicufa 6sxhhob m7ayman m7nwreo mpayman mpnwreo mqayman mqnwreo mrayman mrnwreo msayman msnwreo nrncxqf opmqtpe opthftd opmqtpe opthftd 
6waqeaa 6wnunog 6ytmnml m9ayman m9nwreo mwayman mwnwreo mxayman mxnwreo myayman mynwreo mzayman mznwreo nwlumvq nwrmoat nyfgnka owfiteb oxhhvek oylipno oypwoux owfiteb oxhhvek oylipno oypwoux 
mcayman mcnwreo 
aosopxu boagetv c6xqbia cmikgan cnxqbia coubiem c6xqbia cmikgan cnxqbia coubiem 
FALSE 
aeawgng aflffqu bbkvmft bblotye bcecvsg bciywon cbhfpjv cejgkig daepcuk dafwcol dcjloav ebybaui eccjxwt ecoeebx fadcsbd fatyeuy fbfnrrp fbxdkvw gcaiodl gfjkohd gfmjcay hbloxfl hddexgl icdgwgn idgkwmg jbaiklg jdfmmoh kmaeddf kaiwubu lcuaale lcwweap lfavtgo maoddad mdugimw nalpjvs nbcwfvx odfdxug odjjavb oeyjvhm pacoiqe pbfdgax qaeeooj qdciaah rclpmmg rdbbwcq seojgum snqpwxl taxhagu tbxppka uaexnlw ucaanaw uclaenw vaekvsd vcefnmf wbardtl wexjmha ahpqomd avaxdmh xaavinu xadkcvx xegaxud agdyimp afbdhry akgyjuy yaagsqm ybhaagm ahwhmmp aviiymu avqgabl aqllcdn aoknsyu arndlju anvdvgt ackljtm apdblat aasysmf acmkvph ayeffad 
aeawgng aflffqu bbkvmft bblotye bcecvsg bciywon cbhfpjv cejgkig daepcuk dafwcol dcjloav ebybaui eccjxwt ecoeebx fadcsbd fatyeuy fbfnrrp fbxdkvw gcaiodl gfjkohd gfmjcay hbloxfl hddexgl icdgwgn idgkwmg jbaiklg jdfmmoh kmaeddf kaiwubu lcuaale lcwweap lfavtgo maoddad mdugimw nalpjvs nbcwfvx odfdxug odjjavb oeyjvhm pacoiqe pbfdgax qaeeooj qdciaah rclpmmg rdbbwcq seojgum snqpwxl taxhagu tbxppka uaexnlw ucaanaw uclaenw vaekvsd vcefnmf wbardtl wexjmha ahpqomd avaxdmh xaavinu xadkcvx xegaxud agdyimp afbdhry akgyjuy yaagsqm ybhaagm ahwhmmp aviiymu avqgabl aqllcdn aoknsyu arndlju anvdvgt ackljtm apdblat aasysmf acmkvph ayeffad 
vytmnml 
7lvujqa p5cypav pjcypav pkcypav plcypav qlvujqa rlvujqa slvujqa slvujqa 
7lvujqa p5cypav pjcypav pkcypav plcypav qlvujqa rlvujqa slvujqa slvujqa 
aeawgng aflffqu bbkvmft bblotye bcecvsg bciywon cbhfpjv ccusyrc daepcuk dafwcol dcjloav ebybaui eccjxwt ecoeebx fadcsbd fatyeuy fbfnrrp fbxdkvw gbjxwxo gcaiodl hbloxfl hddexgl icdgwgn idgkwmg jbaiklg jdfmmoh khyuctx kmaeddf lcuaale lcwweap lfavtgo maoddad mdugimw nalpjvs nbcwfvx odfdxug odjjavb oeyjvhm pacoiqe pbfdgax qaeeooj qdciaah rclpmmg rdbbwcq seojgum snqpwxl taxhagu tbxppka uaexnlw ucaanaw uclaenw vaekvsd vcefnmf wbardtl wexjmha ahpqomd avaxdmh xaavinu xadkcvx xegaxud agdyimp afbdhry akgyjuy yaagsqm ybhaagm ahwhmmp aviiymu avqgabl aqllcdn aoknsyu arndlju anvdvgt ackljtm apdblat aasysmf acmkvph ayeffad 

aeawgng aflffqu bbkvmft bblotye bcecvsg bciywon cbhfpjv ccusyrc daepcuk dafwcol dcjloav ebybaui eccjxwt ecoeebx fadcsbd fatyeuy fbfnrrp fbxdkvw gbjxwxo gcaiodl hbloxfl hddexgl icdgwgn idgkwmg jbaiklg jdfmmoh khyuctx kmaeddf lcuaale lcwweap lfavtgo maoddad mdugimw nalpjvs nbcwfvx odfdxug odjjavb oeyjvhm pacoiqe pbfdgax qaeeooj qdciaah rclpmmg rdbbwcq seojgum snqpwxl taxhagu tbxppka uaexnlw ucaanaw uclaenw vaekvsd vcefnmf wbardtl wexjmha ahpqomd avaxdmh xaavinu xadkcvx xegaxud agdyimp afbdhry akgyjuy yaagsqm ybhaagm ahwhmmp aviiymu avqgabl aqllcdn aoknsyu arndlju anvdvgt ackljtm apdblat aasysmf acmkvph ayeffad 

suaiawj sudgcot 
gqldago gqwuime 
aeawgng aflffqu bajjcgi bbkvmft bblotye cbhfpjv ccusyrc daepcuk dafwcol dcjloav ebybaui eccjxwt ecoeebx fadcsbd fatyeuy fbfnrrp fbxdkvw gbjxwxo gcaiodl hbloxfl hddexgl icdgwgn idgkwmg jbaiklg jbaabkp jdfmmoh khyuctx kmaeddf lcuaale lcwweap lfavtgo maoddad mdugimw nalpjvs nbcwfvx odfdxug odjjavb oeyjvhm pacoiqe pbfdgax qaeeooj qdciaah rclpmmg rdbbwcq seojgum snqpwxl taxhagu tbxppka uaexnlw ucaanaw uclaenw vaekvsd vcefnmf wbardtl wexjmha ahpqomd avaxdmh xaavinu xadkcvx xegaxud agdyimp afbdhry akgyjuy yaagsqm ybhaagm ahwhmmp aviiymu avqgabl aqllcdn aoknsyu arndlju anvdvgt ackljtm apdblat aasysmf acmkvph ayeffad 
106.742115 
g0ldago g0wuime h0yrnat 
aeawgng aflffqu bajjcgi bbkvmft bblotye cbhfpjv ccusyrc daepcuk dafwcol dcjloav ebybaui eccjxwt ecoeebx fadcsbd fatyeuy fbfnrrp fbxdkvw gbjxwxo gcaiodl hbloxfl hddexgl icdgwgn idgkwmg jbaiklg jbaabkp jdfmmoh kfislus khyuctx lcuaale lcwweap lfavtgo maoddad mdugimw nalpjvs nbcwfvx odfdxug odjjavb oeyjvhm pacoiqe pbfdgax qaeeooj qdciaah rbcmuqa rclpmmg seojgum snqpwxl taxhagu tbxppka uabgytr uaexnlw ucaanaw uclaenw vaekvsd vcefnmf wbardtl wexjmha ahpqomd avaxdmh xaavinu xadkcvx xegaxud agdyimp afbdhry akgyjuy yaagsqm ybhaagm ahwhmmp aviiymu avqgabl aqllcdn aoknsyu arndlju anvdvgt ackljtm apdblat aasysmf acmkvph ayeffad 
FALSE 
aeawgng aflffqu bajjcgi bbkvmft bblotye cbhfpjv ccusyrc daepcuk dafwcol dcjloav ebybaui eccjxwt ecoeebx fadcsbd fatyeuy fbfnrrp fbxdkvw gbjxwxo gcaiodl hbloxfl hddexgl icdgwgn idgkwmg jbaiklg jbaabkp jdfmmoh kfislus khyuctx lcuaale lcwweap lfavtgo maoddad mdugimw nalpjvs nbcwfvx odfdxug odjjavb oeyjvhm pacoiqe pbfdgax qaeeooj qdciaah rbcmuqa rclpmmg seojgum snqpwxl taxhagu tbxppka uabgytr uaexnlw ucaanaw uclaenw vaekvsd vcefnmf wbardtl wexjmha ahpqomd avaxdmh xaavinu xadkcvx xegaxud agdyimp afbdhry akgyjuy yaagsqm ybhaagm ahwhmmp aviiymu avqgabl aqllcdn aoknsyu arndlju anvdvgt ackljtm apdblat aasysmf acmkvph ayeffad 
5aeeooj jbaiklg jbaabkp kaiwubu l2puxly lapuxly lbpuxly lcuaale lcwweap l2puxly lapuxly lbpuxly lcuaale lcwweap 
106.946886 
0dciaah 0ekjjhj 0dciaah 0ekjjhj 
vpamguq 


FALSE 
adxtsaa aeawgng bajjcgi bbkvmft bblotye cbhfpjv ccusyrc daepcuk dafwcol dcjloav ebybaui eccjxwt ecoeebx fadcsbd fatyeuy fbfnrrp fbxdkvw gbjxwxo gcaiodl hbloxfl hcqxwiy ibfmnut icdgwgn jbaiklg jbaabkp jdfmmoh kfislus khyuctx larnate lcuaale lcwweap maoddad mbjatat nalpjvs nbcwfvx odfdxug odjjavb oeyjvhm pacoiqe pbfdgax qaeeooj qdciaah rbcmuqa rclpmmg seojgum snqpwxl taxhagu tbxppka uabgytr uaexnlw ucaanaw uclaenw vaekvsd vcefnmf wbardtl wexjmha ahpqomd avaxdmh xaavinu xadkcvx xegaxud agdyimp afbdhry akgyjuy yaagsqm ybhaagm ahwhmmp aviiymu avqgabl aqllcdn aoknsyu arndlju anvdvgt ackljtm apdblat aasysmf acmkvph ayeffad 
106.924908 
adxtsaa aeawgng bajjcgi bbkvmft bblotye cbhfpjv ccusyrc daepcuk dafwcol dcjloav ebybaui eccjxwt ecoeebx fadcsbd fatyeuy fbfnrrp fbxdkvw gbjxwxo gcaiodl hbloxfl hcqxwiy ibfmnut icdgwgn jbaiklg jbaabkp jdfmmoh kfislus khyuctx larnate lcuaale lcwweap maoddad mbjatat nalpjvs nbcwfvx odfdxug odjjavb oeyjvhm pacoiqe pbfdgax qaeeooj qdciaah rbcmuqa rclpmmg seojgum snqpwxl taxhagu tbxppka uabgytr uaexnlw ucaanaw uclaenw vaekvsd vcefnmf wbardtl wexjmha ahpqomd avaxdmh xaavinu xadkcvx xegaxud agdyimp afbdhry akgyjuy yaagsqm ybhaagm ahwhmmp aviiymu avqgabl aqllcdn aoknsyu arndlju anvdvgt ackljtm apdblat aasysmf acmkvph ayeffad 
106.924908 
adxtsaa aeawgng bajjcgi bbkvmft bblotye cbhfpjv ccusyrc daepcuk dafwcol dcjloav ebybaui eccjxwt ecoeebx fadcsbd fatyeuy fbfnrrp fbxdkvw gbjxwxo gcaiodl hbloxfl hcqxwiy ibfmnut icdgwgn jbaiklg jbaabkp jdfmmoh kfislus khyuctx larnate lcuaale lcwweap maoddad mbjatat nalpjvs nbcwfvx odfdxug odjjavb oeyjvhm pacoiqe pbfdgax qaeeooj qdciaah rbcmuqa rclpmmg seojgum snqpwxl taxhagu tbxppka uabgytr uaexnlw ucaanaw uclaenw vaekvsd vcefnmf wbardtl wexjmha ahpqomd avaxdmh xaavinu xadkcvx xegaxud agdyimp afbdhry akgyjuy yaagsqm ybhaagm ahwhmmp aviiymu avqgabl aqllcdn aoknsyu arndlju anvdvgt ackljtm apdblat aasysmf acmkvph ayeffad 
bdpgosq 
adxtsaa aeawgng bajjcgi bbkvmft bblotye cbhfpjv ccusyrc daepcuk dafwcol dcjloav ebybaui eccjxwt ecoeebx fadcsbd fatyeuy fbfnrrp fbxdkvw gbjxwxo gcaiodl hbloxfl hcqxwiy ibfmnut icdgwgn jbaiklg jbaabkp jdfmmoh kfislus khyuctx larnate lcuaale lcwweap maoddad mbjatat nalpjvs nbcwfvx odfdxug odjjavb oeyjvhm pacoiqe pbfdgax qaeeooj qdciaah rbcmuqa rclpmmg seojgum snqpwxl taxhagu tbxppka uabgytr uaexnlw ucaanaw uclaenw vaekvsd vcefnmf wbardtl wejnvpa wexjmha ahpqomd avaxdmh xaavinu xadkcvx xegaxud agdyimp afbdhry akgyjuy yaagsqm ybhaagm ahwhmmp aviiymu avqgabl aqllcdn aoknsyu arndlju anvdvgt ackljtm apdblat aasysmf acmkvph ayeffad 
adxtsaa aeawgng bajjcgi bbkvmft bblotye cbhfpjv ccusyrc daepcuk dafwcol dcjloav ebybaui eccjxwt ecoeebx fadcsbd fatyeuy fbfnrrp fbxdkvw gbjxwxo gcaiodl hbloxfl hcqxwiy ibfmnut icdgwgn jbaiklg jbaabkp jdfmmoh kfislus khyuctx larnate lcuaale lcwweap maoddad mbjatat nalpjvs nbcwfvx odfdxug odjjavb oeyjvhm pacoiqe pbfdgax qaeeooj qdciaah rbcmuqa rclpmmg seojgum snqpwxl taxhagu tbxppka uabgytr uaexnlw ucaanaw uclaenw vaekvsd vcefnmf wbardtl wejnvpa wexjmha ahpqomd avaxdmh xaavinu xadkcvx xegaxud agdyimp afbdhry akgyjuy yaagsqm ybhaagm ahwhmmp aviiymu avqgabl aqllcdn aoknsyu arndlju anvdvgt ackljtm apdblat aasysmf acmkvph ayeffad 
