fbucmwh iwuadxn jsetrde kincsqi mtneusw nhaawhi oekcria pcctwha rnhufch uujydiw xpkaugp ylfselx 
108.451128 



aiyjbxk ekahuhf evsmgun fbucmwh fpdkflc hrsvicf imrnjqa inohhul jsetrde kincsqi kyvsdai lkmayhm mqftwsl mtneusw nhaawhi nyogmpi oekcria onkkvbe pcctwha pgpcyro qnajqyy rgxeios rnhufch sgltrxw sysrabw uitpfuo uujydiw vcnmgld vwiascy xpkaugp ylfselx abswgqu 
108.964286 


108.710425 
108.710425 

aiyjbxk cgcaudu ekahuhf evsmgun fbucmwh fehvlnv hpfdpnu hrsvicf igagfba imrnjqa jfvknry jsetrde kincsqi kyvsdai lkmayhm lsqahae mkvdqpg mqftwsl nhaawhi nyogmpi oekcria onkkvbe pcctwha pgpcyro qnajqyy rgxeios rnhufch sgltrxw sysrabw uitpfuo uujydiw vcnmgld vwiascy xpkaugp ylfselx abswgqu auitkuk 




pgpcyro rgxeios sgltrxw sgltrxw 
onkkvbe onyhmux onkkvbe onyhmux 

aiyjbxk cgcaudu ekahuhf evsmgun fbucmwh fehvlnv ghcthil gyycdwi hpfdpnu hrsvicf igagfba ihgoska jfvknry jsetrde kincsqi kyvsdai lkmayhm lpammfb mkvdqpg mqftwsl nhaawhi nncptoj odqoysm oekcria pcctwha pgpcyro qnajqyy rgxeios rnhufch sgltrxw slvpduv tqdpgax uitpfuo uujydiw vaysfuf vcnmgld wfrlbtr xpkaugp ylfselx yofodwt abswgqu auitkuk 
aiyjbxk cgcaudu ekahuhf evsmgun fbucmwh fehvlnv ghcthil gnrlwwb hpfdpnu hrsvicf igagfba ihgoska jfvknry jsetrde kincsqi kyvsdai lkmayhm llqapgk mkvdqpg mqftwsl nhaawhi nncptoj odqoysm oekcria pcctwha pgpcyro qnajqyy rgxeios rnhufch sgltrxw slvpduv tqdpgax uitpfuo ulojipf vaysfuf vcnmgld wfrlbtr wglbcho xpkaugp ylfselx yofodwt abswgqu auitkuk 
aiyjbxk cgcaudu ekahuhf evsmgun fbucmwh fehvlnv ghcthil gnrlwwb hpfdpnu hrsvicf igagfba ihgoska jfvknry jsetrde kincsqi kyvsdai lkmayhm llqapgk mkvdqpg mqftwsl nhaawhi nncptoj odqoysm oekcria pcctwha pgpcyro qnajqyy rgxeios rnhufch sgltrxw slvpduv tqdpgax uitpfuo ulojipf vaysfuf vcnmgld wfrlbtr wglbcho xpkaugp ylfselx yofodwt abswgqu auitkuk 


aiyjbxk bmnbfqg cgcaudu ekahuhf evsmgun fbucmwh fehvlnv ghcthil gnrlwwb hpfdpnu hrsvicf igagfba ihgoska jfvknry jsetrde kincsqi kyvsdai lkmayhm llqapgk mkvdqpg mqftwsl nhaawhi nncptoj odqoysm oekcria pcctwha pgpcyro qnajqyy rgxeios rnhufch sgltrxw slvpduv tqdpgax trwuqhk ucqjvfa uitpfuo vaysfuf vcnmgld wfrlbtr wglbcho xdwtuvw xflmthm ylfselx yofodwt abswgqu auitkuk 


jfvknry 
aaikjba aiyjbxk bkspmvi bmnbfqg cgcaudu dsotsmd daaagbm ekahuhf evsmgun fbucmwh fehvlnv gfatbxo ghcthil hpfdpnu hrsvicf igagfba ihgoska jfvknry jsetrde kincsqi kxafors lkmayhm llqapgk mkvdqpg mqftwsl nhaawhi nncptoj odqoysm oekcria pcctwha pgpcyro qnajqyy rgxeios rnhufch sgltrxw slvpduv tqdpgax trwuqhk ucqjvfa uitpfuo vaysfuf vcnmgld wfrlbtr wgargou wglbcho xdwtuvw xflmthm ylfselx yofodwt abswgqu auitkuk 
r9awkgo rwawkgo rxawkgo ryawkgo rzawkgo sysrabw sysrabw 
FALSE 
FALSE 


aaikjba aiyjbxk bkspmvi bmnbfqg cgcaudu dsotsmd daaagbm ekahuhf etebdsc fbucmwh fehvlnv gfatbxo ghcthil hnmrofy hpfdpnu ieirkuv igagfba jfvknry jsetrde kienkxk kincsqi kxafors lkmayhm llqapgk mkvdqpg mqftwsl nhaawhi nkpygsa nkspqsc odqoysm oekcria pcctwha pgpcyro qmxpyla qnajqyy rgxeios rnhufch sekwxce sgltrxw tqdpgax trwuqhk ucqjvfa uitpfuo vaysfuf vcnmgld wfrlbtr wgargou wglbcho xdwtuvw xflmthm ylfselx yofodwt abswgqu auitkuk 
u3ojipf udojipf ueojipf ufojipf vegtlsy vegtlsy 
u3ojipf udojipf ueojipf ufojipf vegtlsy vegtlsy 
aaikjba aiyjbxk bftubmv bkspmvi cgcaudu dsotsmd daaagbm ekahuhf etebdsc fbucmwh fehvlnv gfatbxo ghcthil hnmrofy hpfdpnu ieirkuv igagfba jfvknry jsetrde kienkxk kincsqi kxafors lkmayhm llqapgk mdraiii mkvdqpg nhaawhi nkpygsa nkspqsc odqoysm oekcria pcctwha pgpcyro qmxpyla qnajqyy rgxeios rnhufch sekwxce sgltrxw tqdpgax trwuqhk ucqjvfa uitpfuo vaysfuf vcnmgld wfrlbtr wgargou wglbcho xdwtuvw xflmthm ylfselx ymllmhy abswgqu auitkuk 
3uitkuk etebdsc evsmgun f8pghdw ftpghdw fupghdw fvpghdw f8pghdw ftpghdw fupghdw fvpghdw 
aaikjba aiyjbxk bftubmv bkspmvi cgcaudu dsotsmd daaagbm ekahuhf etebdsc fbucmwh fehvlnv gfatbxo ghcthil hnmrofy hpfdpnu ieirkuv igagfba jfvknry jsetrde kbehlyw kienkxk kincsqi lkmayhm llqapgk mdraiii mkvdqpg nhaawhi nkpygsa nkspqsc odqoysm oekcria pcctwha pflgdkm qmxpyla qnajqyy rgxeios rnhufch sekwxce sgltrxw tnvdmwy tqdpgax ucqjvfa uitpfuo vaysfuf vcnmgld wfrlbtr wgargou wglbcho xdwtuvw xflmthm ylfselx ymllmhy abswgqu auitkuk 
aaikjba aiyjbxk bftubmv bkspmvi cgcaudu dsotsmd daaagbm ekahuhf eohlous fbucmwh fehvlnv gfatbxo ghcthil hnmrofy hpfdpnu ieirkuv igagfba jfvknry jsetrde kbehlyw kienkxk kincsqi lkmayhm llqapgk mdraiii mkvdqpg nhaawhi nkpygsa nkspqsc odqoysm oekcria pcctwha pflgdkm qmxpyla qnajqyy rgxeios rnhufch sekwxce sgltrxw tnvdmwy tqdpgax ucqjvfa uitpfuo vaysfuf vcnmgld wfrlbtr wgargou wglbcho xdwtuvw xflmthm ylfselx ymllmhy abswgqu auitkuk 

ymllmhy 

aaikjba aiyjbxk bftubmv bkspmvi cgcaudu dsotsmd daaagbm ekahuhf eohlous fbucmwh fehvlnv gfatbxo ghcthil hnmrofy hpfdpnu ieirkuv igagfba jfvknry jsetrde kbehlyw kienkxk kincsqi lkmayhm llqapgk mdraiii mkvdqpg nhaawhi nkpygsa nkspqsc odqoysm oekcria pcctwha pflgdkm qmxpyla qnajqyy rgxeios rnhufch sekwxce sgltrxw tnvdmwy tqdpgax ucqjvfa uitpfuo vaysfuf vcnmgld wfrlbtr wgargou wglbcho xdwtuvw xflmthm ylfselx ymllmhy abswgqu auitkuk 
108.226415 
kienkxk kincsqi 
aaikjba aiyjbxk bftubmv bkspmvi cgcaudu dsotsmd daaagbm ekahuhf eohlous fbucmwh fehvlnv gfatbxo ghcthil hnmrofy hpfdpnu ieirkuv igagfba jfvknry jruufjj kbehlyw kienkxk kincsqi lkmayhm llqapgk mdraiii mkvdqpg nadwvha nhaawhi odqoysm oekcria pcctwha pflgdkm qmxpyla qnajqyy rgxeios rnhufch sekwxce sgltrxw tnvdmwy tqdpgax ucqjvfa uitpfuo vaysfuf vcnmgld wfrlbtr wgargou wglbcho xdwtuvw xflmthm ylfselx ymllmhy abswgqu auitkuk 
hpfdpnu hrsvicf irdxaiv irdxaiv 
aaikjba aiyjbxk bftubmv bkdsegx bkspmvi cgcaudu cpvtouy dsotsmd daaagbm ekahuhf eohlous fbucmwh fehvlnv gfatbxo ghcthil hnmrofy hpfdpnu ieirkuv igagfba jfvknry jruufjj kbehlyw kienkxk kincsqi lkmayhm llqapgk mdraiii mkvdqpg nadwvha nhaawhi odqoysm oekcria pcctwha pflgdkm qmxpyla qnajqyy rgxeios rnhufch sekwxce sgltrxw tnvdmwy tqdpgax ucqjvfa uitpfuo vaysfuf vcnmgld wfrlbtr wgargou wglbcho xdwtuvw xflmthm ylfselx ymgyfil ymllmhy abswgqu auitkuk ahslrbo adhwhok 
aaikjba aiyjbxk bftubmv bkdsegx bkspmvi cgcaudu cpvtouy dsotsmd daaagbm ekahuhf eohlous fbucmwh fehvlnv gfatbxo ghcthil hnmrofy hpfdpnu ieirkuv igagfba jfvknry jruufjj kbehlyw kienkxk kincsqi lkmayhm llqapgk mdraiii mkvdqpg nadwvha nhaawhi odqoysm oekcria pcctwha pflgdkm qmxpyla qnajqyy rgxeios rnhufch sekwxce sgltrxw tnvdmwy tqdpgax ucqjvfa uitpfuo vaysfuf vcnmgld wfrlbtr wgargou wglbcho xdwtuvw xffnljw xflmthm ylfselx ymgyfil ymllmhy abswgqu auitkuk ahslrbo adhwhok 
FALSE 
2uitkuk btfriqu 

uxojipf 
FALSE 
TRUE 
aaikjba aiyjbxk bftubmv biapehi cgcaudu cpvtouy dihqepc dsotsmd ekahuhf eohlous fbucmwh fehvlnv gfatbxo ghcthil hnmrofy hpfdpnu ieirkuv igagfba jfvknry jruufjj jrwyjex kbehlyw kienkxk kincsqi lbubwtt lkmayhm mdraiii mkvdqpg nadwvha nhaawhi odqoysm oekcria pcctwha pflgdkm qmxpyla qnajqyy rgxeios rnhufch sekwxce sgltrxw tnvdmwy tqdpgax ucqjvfa uitpfuo vaysfuf vcnmgld wfrlbtr wgargou wglbcho xdwtuvw xffnljw xflmthm ylfselx ymgyfil ymllmhy abswgqu auitkuk ahslrbo adhwhok awgddgy 
tnvdmwy u6ojipf umojipf unojipf uoojipf 
FALSE 
4uitkuk gtavhhj 
FALSE 
aaikjba aiyjbxk bftubmv biapehi cgcaudu cpvtouy dbeyttd dihqepc efylyoo ekahuhf ekydowa fbucmwh fehvlnv gdafama gfatbxo hnmrofy hpfdpnu ieirkuv igagfba jfdoela jfvknry jruufjj jrwyjex kbehlyw kienkxk kincsqi lbubwtt lkmayhm mdraiii mkvdqpg nadwvha nhaawhi odpwgae odqoysm oekcria pcctwha pflgdkm pfqqcqp qaciexf qmxpyla rgxeios rnhufch sekwxce sgltrxw tnvdmwy tqdpgax ucqjvfa uitpfuo vaysfuf vcnmgld wfrlbtr wgargou wglbcho xdwtuvw xffnljw xflmthm ylfselx ymgyfil ymllmhy abswgqu auitkuk ahslrbo adhwhok awgddgy 
aaikjba aiyjbxk bftubmv biapehi cgcaudu cpvtouy dbeyttd dihqepc efylyoo ekahuhf ekydowa fbucmwh fehvlnv gdafama gfatbxo hnmrofy hpfdpnu ieirkuv igagfba jfdoela jfvknry jruufjj jrwyjex kbehlyw kienkxk kincsqi lbubwtt lkmayhm mdraiii mkvdqpg nadwvha nhaawhi odpwgae odqoysm oekcria pcctwha pflgdkm pfqqcqp qaciexf qmxpyla rgxeios rnhufch sekwxce sgltrxw tialyfc tnvdmwy ucqjvfa uitpfuo vaysfuf vcnmgld wfrlbtr wgargou wglbcho xdwtuvw xffnljw xflmthm ylfselx ymgyfil ymllmhy abswgqu auitkuk ahslrbo adhwhok awgddgy 
8uitkuk u8ojipf utojipf uuojipf uvojipf vvqwgnt vvqwgnt 
aaikjba aiyjbxk bftubmv biapehi cgcaudu cpvtouy dbeyttd dihqepc efylyoo ekahuhf ekydowa fbucmwh fehvlnv gdafama gfatbxo hnmrofy hpfdpnu ieirkuv igagfba jfdoela jfvknry jruufjj jrwyjex kbehlyw kienkxk kincsqi lbubwtt lkmayhm mdraiii mkvdqpg nadwvha nhaawhi odpwgae odqoysm oekcria pcctwha pflgdkm pfqqcqp qaciexf qmxpyla rgxeios rnhufch sekwxce sgltrxw teeahqy tialyfc ucqjvfa uitpfuo vaysfuf vcnmgld wfrlbtr wgargou wglbcho xdwtuvw xffnljw xflmthm ylfselx ymgyfil ymllmhy abswgqu auitkuk ahslrbo adhwhok awgddgy 
mkvdqpg nkpygsa nkspqsc o5fxuky ojfxuky okfxuky olfxuky o5fxuky ojfxuky okfxuky olfxuky 
FALSE 

aaikjba aiyjbxk bftubmv biapehi cgcaudu cpvtouy dbeyttd dihqepc efylyoo ekahuhf ekydowa fbucmwh fehvlnv gdafama gfatbxo hnmrofy hpfdpnu ibugiax ieirkuv jfdoela jfvknry jruufjj jrwyjex kbehlyw kienkxk kincsqi lbubwtt lkmayhm mdraiii mkvdqpg nadwvha nhaawhi odpwgae odqoysm oekcria pcctwha pflgdkm pfqqcqp qaciexf qmxpyla rgxeios rjgqegd satogdd sekwxce teeahqy tialyfc ucqjvfa uitpfuo vaysfuf vcnmgld wfrlbtr wgargou wglbcho xdwtuvw xffnljw xflmthm ylfselx ymgyfil ymllmhy abswgqu auitkuk ahslrbo adhwhok awgddgy abnkxtf anrfmpr 
bkdsegx bkspmvi 

aaikjba aiyjbxk bftubmv biapehi cgcaudu cpvtouy dbeyttd dihqepc efylyoo ekahuhf ekydowa fbucmwh fehvlnv gdafama gfatbxo hnmrofy hpfdpnu ibugiax ieirkuv jfdoela jfvknry jruufjj jrwyjex kbehlyw kienkxk kincsqi lbubwtt lkmayhm mdraiii mkvdqpg nadwvha nhaawhi odpwgae odqoysm oekcria pcctwha pflgdkm pfqqcqp qaciexf qmxpyla rgxeios rjgqegd satogdd sekwxce teeahqy tialyfc ucqjvfa uitpfuo vaysfuf vcnmgld wfrlbtr wgargou wglbcho xdwtuvw xffnljw xflmthm ylfselx ymgyfil ymllmhy abswgqu auitkuk ahslrbo adhwhok awgddgy abnkxtf anrfmpr andfexx 
aaikjba aiyjbxk bftubmv biapehi cgcaudu cpvtouy dbeyttd dihqepc efylyoo ekahuhf ekydowa fbucmwh fehvlnv gdafama gfatbxo hnmrofy hpfdpnu ibugiax ieirkuv iesseyd jfdoela jfvknry jruufjj jrwyjex kbehlyw kienkxk kincsqi lbubwtt lkmayhm mdraiii mkvdqpg nadwvha nhaawhi odpwgae odqoysm oekcria pbomkar pcctwha qaciexf qmxpyla rgxeios rjgqegd satogdd sekwxce teeahqy tialyfc ucqjvfa uitpfuo vaysfuf vcnmgld wfrlbtr wgargou wglbcho xdwtuvw xffnljw xflmthm ylfselx ymgyfil ymllmhy abswgqu auitkuk ahslrbo adhwhok awgddgy abnkxtf anrfmpr andfexx 

aaikjba aiyjbxk bftubmv biapehi cgcaudu cpvtouy dbeyttd dihqepc eelnqde efylyoo fbucmwh fbylavi fehvlnv gdafama gfatbxo hgrxajc hjqsmpo ibugiax ieirkuv iesseyd jfdoela jfvknry jruufjj jrwyjex kbehlyw kienkxk kincsqi lbubwtt lkmayhm mdraiii mkvdqpg nadwvha nhaawhi odpwgae odqoysm oefaihd oekcria pbomkar pcctwha qaciexf qmxpyla rgxeios rjgqegd satogdd sekwxce teeahqy tialyfc ucqjvfa uitpfuo vaysfuf vckmasq vcnmgld wfrlbtr wgargou wglbcho xdwtuvw xffnljw xflmthm ylfselx ymgyfil ymllmhy abswgqu auitkuk ahslrbo adhwhok awgddgy abnkxtf anrfmpr andfexx 
tyrtcob u9ojipf u9xagsy uwojipf uwxagsy uxojipf uxxagsy uyojipf uyxagsy uzojipf uzxagsy vwemrxv vwiascy vyrcmpa vwemrxv vwiascy vyrcmpa 
dnkfwmv eohlous f6pghdw fmpghdw fnpghdw fopghdw f6pghdw fmpghdw fnpghdw fopghdw 
aaikjba aiyjbxk bftubmv biapehi cgcaudu cpvtouy dautlir dbeyttd eelnqde efylyoo fbucmwh fbylavi fehvlnv gdafama gfatbxo hgrxajc hjqsmpo ibugiax ieirkuv iesseyd jfdoela jfvknry jruufjj jrwyjex kbehlyw kienkxk kincsqi lbubwtt lkmayhm mdraiii mkvdqpg nadwvha nhaawhi odpwgae odqoysm oefaihd oekcria pbomkar pcctwha qaciexf qmxpyla rgxeios rjgqegd satogdd sekwxce teeahqy tialyfc ucqjvfa uitpfuo vaysfuf vckmasq vcnmgld wfrlbtr wgargou wglbcho xdwtuvw xffnljw xflmthm ylfselx ymgyfil ymllmhy abswgqu auitkuk ahslrbo adhwhok awgddgy abnkxtf anrfmpr andfexx 
aaikjba aiyjbxk bftubmv biapehi cgcaudu cpvtouy dautlir dbeyttd eelnqde efylyoo fbucmwh fbylavi fehvlnv gdafama gfatbxo hgehxsc hgrxajc hjqsmpo ibugiax ieirkuv iesseyd jfdoela jfvknry jruufjj jrwyjex kbehlyw kienkxk kincsqi lbubwtt lkmayhm mdraiii mkvdqpg nadwvha nhaawhi odpwgae odqoysm oefaihd oekcria pbomkar pcctwha qaciexf qmxpyla rgxeios rjgqegd satogdd sekwxce teeahqy tialyfc ucqjvfa uitpfuo vaysfuf vckmasq vcnmgld wfrlbtr wgargou wglbcho xdwtuvw xffnljw xflmthm ylfselx ymgyfil ymllmhy abswgqu auitkuk ahslrbo adhwhok awgddgy abnkxtf anrfmpr andfexx 
wgargou wglbcho xhhrmpf y4fmkah ygfmkah yhfmkah yifmkah 
rtawkgo 
aaikjba aiyjbxk bftubmv biapehi cgcaudu cpvtouy dautlir dbeyttd eelnqde efylyoo fbucmwh fbylavi fehvlnv gdafama gfatbxo hgehxsc hgrxajc hjqsmpo ibugiax ieirkuv iesseyd jfdoela jfvknry jruufjj jrwyjex kbehlyw kienkxk kincsqi lbubwtt lkmayhm mdraiii megcndp nadwvha nhaawhi odpwgae odqoysm oefaihd oekcria pbomkar pcctwha qaciexf qmxpyla rgxeios rjgqegd satogdd sekwxce teeahqy tialyfc ucqjvfa uitpfuo vaysfuf vckmasq vcnmgld wfrlbtr wgargou wglbcho xdwtuvw xffnljw xflmthm ylfselx ymgyfil ymllmhy abswgqu auitkuk ahslrbo adhwhok awgddgy abnkxtf anrfmpr andfexx 

FALSE 

aaikjba aiyjbxk baesvyg bftubmv cgcaudu cpvtouy dautlir dbeyttd eelnqde efylyoo fbucmwh fbylavi fehvlnv gdafama gfatbxo hgehxsc hgrxajc hjqsmpo ibugiax ieirkuv iesseyd jfdoela jfvknry jruufjj jrwyjex kbehlyw kienkxk kincsqi lbubwtt lkmayhm mdraiii megcndp nadwvha nhaawhi odpwgae odqoysm oefaihd oekcria pbomkar pcctwha qaciexf qgcujsc rgxeios rjgqegd satogdd sekwxce teeahqy tialyfc ucqjvfa uitpfuo vaysfuf vckmasq vcnmgld wfrlbtr wgargou wglbcho xdwtuvw xffnljw xflmthm ylfselx ymgyfil ymllmhy abswgqu auitkuk ahslrbo adhwhok awgddgy abnkxtf anrfmpr andfexx 

FALSE 
aaikjba ahcvaah baesvyg bftubmv caauslb cgcaudu dautlir dbeyttd eelnqde efylyoo fbucmwh fbylavi fehvlnv gdafama gfatbxo hgehxsc hgrxajc hjqsmpo ibugiax ieirkuv iesseyd jfdoela jfvknry jruufjj jrwyjex kbehlyw kienkxk kincsqi lbubwtt lkmayhm mdraiii megcndp nadwvha nhaawhi nhrtyvy odpwgae odqoysm oefaihd oekcria pbomkar pcctwha qaciexf qgcujsc rgxeios rjgqegd satogdd sekwxce teeahqy tialyfc ucqjvfa uitpfuo vaysfuf vckmasq vcnmgld wfrlbtr wgargou wglbcho xdwtuvw xffnljw xflmthm ylfselx ymgyfil ymllmhy abswgqu auitkuk ahslrbo adhwhok awgddgy abnkxtf anrfmpr andfexx 

FALSE 
gdafama gfatbxo ieirkuv iesseyd ieirkuv iesseyd 

TRUE 
107.304082 
phelkck 
aaikjba ahcvaah baesvyg bftubmv caauslb cgcaudu dautlir dbeyttd eelnqde efylyoo fbucmwh fbylavi fehvlnv gdafama gfatbxo hgehxsc hgrxajc hjqsmpo ibugiax ieirkuv iesseyd jfdoela jfohqhd jlqbpae kbehlyw kienkxk kincsqi lbubwtt lcvnngj mdraiii megcndp nadwvha nhaawhi nhfnard odpwgae odqoysm oefaihd oekcria pbomkar pcctwha qaciexf qbeiofw rgxeios rjgqegd satogdd sekwxce teeahqy tialyfc ucqjvfa uitpfuo vaysfuf vckmasq vcnmgld wfrlbtr wgargou wglbcho xdwtuvw xffnljw xflmthm ylfselx ymgyfil ymllmhy abswgqu auitkuk ahslrbo adhwhok awgddgy abnkxtf anrfmpr andfexx 
y0fmkah 

FALSE 
FALSE 

1uitkuk 1uitkuk 

107.246377 
aaikjba ahcvaah baesvyg bftubmv caauslb cgcaudu dautlir dbeyttd eelnqde efylyoo fbucmwh fbylavi fehvlnv gdafama gfatbxo hgehxsc hgrxajc hjqsmpo ibugiax ieirkuv iesseyd jfdoela jfohqhd jlqbpae kbehlyw kienkxk kincsqi lbubwtt lcvnngj mdraiii megcndp nadwvha nhaawhi nhfnard odpwgae odqoysm oefaihd oekcria pbomkar pcctwha qaciexf qbeiofw rgxeios rjgqegd satogdd sdhttur teeahqy tialyfc ucqjvfa uitpfuo vaysfuf vckmasq vcnmgld wfrlbtr wgargou wglbcho xdwtuvw xffnljw xflmthm ykuajjt ylfselx abswgqu auitkuk ahslrbo adhwhok awgddgy abnkxtf anrfmpr andfexx asspxwt 
jfdoela jfohqhd l3mayhm l3xmamr ldmayhm ldxmamr lemayhm lexmamr lfmayhm lfxmamr l3mayhm l3xmamr ldmayhm ldxmamr lemayhm lexmamr lfmayhm lfxmamr 
vhnjplh vhqivko 
f1pghdw f1pghdw 
aaikjba ahcvaah baesvyg bftubmv caauslb caiajpr cgcaudu dautlir dbeyttd eelnqde efylyoo fbucmwh fbylavi fehvlnv gdafama gfatbxo hgehxsc hgrxajc hjqsmpo ibugiax ieirkuv iesseyd jfdoela jfohqhd jlqbpae kbehlyw kienkxk kincsqi lbubwtt lcvnngj mdraiii megcndp nadwvha nhaawhi nhfnard obrnxku odpwgae odqoysm pbomkar pcctwha qaciexf qbeiofw rbdhgih rgxeios satogdd sdhttur teeahqy tialyfc ucqjvfa uitpfuo vaysfuf vckmasq vcnmgld wcabbin wfrlbtr xdwtuvw xffnljw xflmthm ykuajjt ylfselx abswgqu auitkuk ahslrbo adhwhok awgddgy abnkxtf anrfmpr andfexx asspxwt 

FALSE 
kienkxk kincsqi 
wtdxkkx 
mkvdqpg 
aaikjba ahcvaah baesvyg bfpqxsf bftubmv caauslb caiajpr cgcaudu dautlir dbeyttd ecuwpax eelnqde fbucmwh fbylavi fehvlnv gdafama gfatbxo hgehxsc hgrxajc hjqsmpo ibugiax ieirkuv iesseyd jfdoela jfohqhd jlqbpae kbehlyw keqobxo lbubwtt lcvnngj mdraiii megcndp nadwvha nhaawhi nhfnard obrnxku odpwgae odqoysm pbomkar pcctwha qaciexf qbeiofw rbdhgih rgxeios satogdd sdhttur teeahqy tialyfc ucqjvfa uitpfuo vaysfuf vckmasq vcnmgld wcabbin wfrlbtr xdwtuvw xffnljw xflmthm ydfalcr yhwcavc abswgqu auitkuk ahslrbo adhwhok awgddgy abnkxtf anrfmpr andfexx asspxwt 
dwhgrfj f9pghdw fwpghdw fxpghdw fypghdw fzpghdw f9pghdw fwpghdw fxpghdw fypghdw fzpghdw 
FALSE 

2uitkuk btfriqu ctpmsya ctpmsya 
aaikjba ahcvaah baesvyg bfpqxsf bftubmv caauslb caiajpr cgcaudu dautlir dbeyttd ecuwpax eelnqde fbucmwh fbylavi fehvlnv gdafama gfatbxo hgehxsc hgrxajc hjqsmpo ibugiax ieirkuv iesseyd jfdoela jfohqhd jlqbpae kbehlyw keqobxo lbubwtt lcvnngj mdraiii megcndp nadwvha ngacphx obrnxku odpwgae odqoysm pbomkar pcctwha qaciexf qbeiofw rbdhgih rgxeios satogdd sdhttur teeahqy tialyfc ucqjvfa uitpfuo vaysfuf vckmasq vcnmgld wcabbin wfrlbtr xdwtuvw xffnljw xflmthm ydfalcr yhwcavc abswgqu auitkuk ahslrbo adhwhok awgddgy abnkxtf anrfmpr andfexx asspxwt 
FALSE 
lymayhm lyxmamr 
aaikjba ahcvaah baesvyg bfpqxsf bftubmv caauslb caiajpr cgcaudu dautlir dbexlue dbeyttd ecuwpax eelnqde fbucmwh fbylavi fehvlnv gdafama gfatbxo hfaktfg hgehxsc hgrxajc ibugiax ieirkuv iesseyd jfdoela jfohqhd jlqbpae kbehlyw kepdvrs keqobxo lbubwtt lcvnngj mdraiii megcndp nadwvha ngacphx obrnxku odpwgae odqoysm pbomkar pcctwha qaciexf qbeiofw rbdhgih rgxeios satogdd sdhttur teeahqy tialyfc ucqjvfa uitpfuo vaysfuf vckmasq vcnmgld wcabbin wdtvyol xdwtuvw xffnljw xflmthm ydfalcr yhwcavc abswgqu auitkuk ahslrbo adhwhok awgddgy abnkxtf anrfmpr andfexx asspxwt 
m2spxgr maspxgr mbspxgr mcspxgr n2nqmal nadwvha nbnqmal ncnqmal o2fxuky oafxuky obrnxku ocfxuky o2fxuky oafxuky obrnxku ocfxuky 

107.210204 
qecujsc 
FALSE 
hjqsmpo 
aaikjba ahcvaah baesvyg bfpqxsf bftubmv caauslb caiajpr ccrxefg dautlir dbexlue dbeyttd ecuwpax eelnqde fbucmwh fbylavi fehvlnv gdafama gfatbxo hfaktfg hgehxsc hgrxajc ibugiax ieirkuv iesseyd jfdoela jfohqhd jlqbpae kbehlyw kcdopxt lbubwtt lcvnngj mdraiii megcndp nadwvha nenqmal obrnxku ocmtkaf pbomkar pcctwha qaciexf qbeiofw rbdhgih rgxeios satogdd sdhttur tahaelb teeahqy ubkefoh ucqjvfa vaysfuf vckmasq vcnmgld wcabbin wdtvyol xdwtuvw xffnljw xflmthm ydfalcr yhwcavc abswgqu auitkuk ahslrbo adhwhok awgddgy abnkxtf anrfmpr andfexx asspxwt 
aaikjba ahcvaah baesvyg bfpqxsf bftubmv caauslb caiajpr ccrxefg dautlir dbexlue dbeyttd ecuwpax eelnqde fbucmwh fbylavi fehvlnv gdafama gfatbxo hfaktfg hgehxsc hgrxajc ibugiax ieirkuv iesseyd jfdoela jfohqhd jlqbpae kbehlyw kcdopxt lbubwtt lcvnngj mdraiii megcndp nadwvha nenqmal obrnxku ocmtkaf pbomkar pcctwha qaciexf qbeiofw rbdhgih rgxeios satogdd sdhttur tahaelb teeahqy ubkefoh ucqjvfa vaysfuf vckmasq vcnmgld wcabbin wdtvyol xdwtuvw xffnljw xflmthm ydfalcr yhwcavc abswgqu auitkuk ahslrbo adhwhok awgddgy abnkxtf anrfmpr andfexx asspxwt 


aaikjba ahcvaah baesvyg bfpqxsf bftubmv caauslb caiajpr ccrxefg dautlir dbexlue dbeyttd ecuwpax eelnqde fbucmwh fbylavi fehvlnv gdafama gfatbxo hfaktfg hgehxsc hgrxajc ibugiax ieirkuv iesseyd jfdoela jfohqhd jlqbpae kbehlyw kcdopxt lbubwtt lcvnngj mdraiii megcndp nadwvha nenqmal obrnxku ocmtkaf pbomkar pcctwha qaciexf qbeiofw rbdhgih rgxeios satogdd sdhttur tahaelb teeahqy ubkefoh ucqjvfa vaysfuf vckmasq vcnmgld wcabbin wdtvyol xdwtuvw xffnljw xflmthm ydfalcr yhwcavc abswgqu auitkuk ahslrbo adhwhok awgddgy abnkxtf anrfmpr andfexx asspxwt aofanud 
aaikjba ahcvaah baesvyg bfpqxsf bftubmv caauslb caiajpr ccrxefg dautlir dbexlue dbeyttd ecuwpax eelnqde fbucmwh fbylavi fehvlnv gdafama gfatbxo hfaktfg hgehxsc hgrxajc ibugiax ieirkuv iesseyd jfdoela jfohqhd jlqbpae kbehlyw kcdopxt lbubwtt lcvnngj mdraiii megcndp nadwvha nenqmal obrnxku ocmtkaf pbomkar pcctwha qaciexf qbeiofw rbdhgih rgxeios satogdd sdhttur tahaelb teeahqy ubkefoh ucqjvfa vaysfuf vckmasq vcnmgld wcabbin wdtvyol xdwtuvw xffnljw xflmthm ydfalcr yhwcavc abswgqu auitkuk ahslrbo adhwhok awgddgy abnkxtf anrfmpr andfexx asspxwt aofanud 
107.097308 
FALSE 
aaikjba ahcvaah baesvyg bfpqxsf bftubmv caauslb caiajpr ccrxefg dautlir dbexlue dbeyttd eckafnq ecuwpax eelnqde fbucmwh fbylavi fehvlnv gdafama gfatbxo hfaktfg hgehxsc hgrxajc ibugiax ieirkuv iesseyd jfdoela jfohqhd jlqbpae kbehlyw kcdopxt lbubwtt lcvnngj mdraiii megcndp nadwvha nenqmal obrnxku ocmtkaf pbomkar pcctwha qaciexf qbeiofw rbdhgih rgxeios satogdd sdhttur tahaelb teeahqy ubkefoh ucqjvfa vaysfuf vckmasq vcnmgld wcabbin wdtvyol xdwtuvw xffnljw xflmthm ydfalcr yhwcavc abswgqu auitkuk ahslrbo adhwhok awgddgy abnkxtf anrfmpr andfexx asspxwt aofanud 

aaikjba ahcvaah baesvyg bfpqxsf bftubmv caauslb caiajpr ccrxefg dautlir dbexlue dbeyttd eckafnq ecuwpax eelnqde fbucmwh fbylavi fehvlnv gdafama gfatbxo hfaktfg hgehxsc hgrxajc ibugiax ieirkuv iesseyd jfdoela jfohqhd jlqbpae kbehlyw kcdopxt lbubwtt lcvnngj mdraiii megcndp nadwvha nenqmal obrnxku ocmtkaf pbomkar pcctwha qaciexf qbeiofw rbdhgih rgxeios satogdd sdhttur tahaelb teeahqy ubkefoh ucqjvfa vaysfuf vckmasq vcnmgld wcabbin wdtvyol xdwtuvw xffnljw xflmthm ydfalcr yhwcavc abswgqu auitkuk ahslrbo adhwhok awgddgy abnkxtf anrfmpr andfexx asspxwt aofanud 

bkdsegx bkspmvi 
aaikjba ahcvaah baesvyg bfpqxsf bftubmv caauslb caiajpr ccrxefg dautlir dbexlue dbeyttd eckafnq ecuwpax eelnqde fbucmwh fbylavi fehvlnv gdafama gfatbxo hfaktfg hgehxsc hgrxajc ibugiax ieirkuv iesseyd jfdoela jfohqhd jlqbpae kbehlyw kcdopxt lbubwtt lcvnngj mdraiii megcndp nadwvha nenqmal obrnxku ocmtkaf pbomkar pcctwha qaciexf qbeiofw rbdhgih rgxeios satogdd sdhttur tahaelb teeahqy ubkefoh ucqjvfa vaysfuf vckmasq vcnmgld wcabbin wdtvyol xcbmbuf xdwtuvw ydfalcr yhwcavc abswgqu auitkuk ahslrbo adhwhok awgddgy abnkxtf anrfmpr andfexx asspxwt aofanud 
ibugiax ibugiax 
aaikjba ahcvaah baesvyg bfpqxsf bftubmv caauslb caiajpr ccrxefg dautlir dbexlue dbeyttd eckafnq ecuwpax eelnqde fbucmwh fbylavi fehvlnv gdafama gfatbxo hfaktfg hgehxsc hgrxajc ibugiax ieirkuv iesseyd jfdoela jfohqhd jlqbpae kbehlyw kcdopxt lbubwtt lcvnngj mdraiii megcndp nadwvha nenqmal obrnxku ocmtkaf pbomkar pcctwha qaciexf qbeiofw rbdhgih rgxeios satogdd sdhttur tahaelb teeahqy ubkefoh ucqjvfa vaysfuf vckmasq vcnmgld wcabbin wdtvyol xcbmbuf xdwtuvw ydfalcr yhwcavc abswgqu auitkuk ahslrbo adhwhok awgddgy abnkxtf anrfmpr andfexx asspxwt aofanud 
aaikjba ahcvaah baesvyg bfpqxsf bftubmv caauslb caiajpr ccrxefg dautlir dbexlue dbeyttd eckafnq ecuwpax eelnqde fbucmwh fbylavi fehvlnv gdafama gfatbxo hfaktfg hgehxsc hgrxajc ibugiax ieirkuv iesseyd jfdoela jfohqhd jlqbpae kbehlyw kcdopxt lbubwtt lcvnngj mdraiii megcndp nadwvha nenqmal obrnxku ocmtkaf pbomkar pcctwha qaciexf qbeiofw rbdhgih rgxeios satogdd sdhttur tahaelb teeahqy ubkefoh ucqjvfa vaysfuf vckmasq vcnmgld wcabbin wdtvyol xcbmbuf xdwtuvw ydfalcr yhwcavc abswgqu auitkuk ahslrbo adhwhok awgddgy abnkxtf anrfmpr andfexx asspxwt aofanud 
106.966874 
jfdoela jfohqhd kepdvrs keqobxo l3mayhm l3xmamr ldmayhm ldxmamr lemayhm lexmamr lfmayhm lfxmamr l3mayhm l3xmamr ldmayhm ldxmamr lemayhm lexmamr lfmayhm lfxmamr 
ivuuxca 
m1spxgr n1nqmal o1fxuky o1fxuky 
kxafors 
kocqfwt 
aaikjba ahcvaah baesvyg bfpqxsf bftubmv caauslb caiajpr ccrxefg dautlir dbexlue dbeyttd eckafnq ecuwpax eelnqde fbucmwh fbylavi fehvlnv gdafama gfatbxo hfaktfg hgehxsc hgrxajc ibugiax ieirkuv iesseyd jfdoela jfohqhd jlqbpae kbehlyw kcdopxt lbubwtt lcvnngj mdraiii megcndp nadwvha nenqmal obrnxku ocmtkaf pbomkar pcctwha qaciexf qbeiofw rbdhgih rgxeios satogdd sdhttur tahaelb teeahqy ubkefoh ucqjvfa vaysfuf vckmasq vcnmgld wcabbin wdtvyol xcbmbuf xdwtuvw ydfalcr yhwcavc abswgqu auitkuk ahslrbo adhwhok awgddgy abnkxtf anrfmpr andfexx asspxwt aofanud 
FALSE 
uhojipf uhxagsy 
FALSE 
kmtdcey knjonla knjuagy knqwbsm kocqfwt l6mayhm l6xmamr lmmayhm lmxmamr lnmayhm lnxmamr lomayhm loxmamr l6mayhm l6xmamr lmmayhm lmxmamr lnmayhm lnxmamr lomayhm loxmamr 
aaikjba afwaabf baesvyg bfpqxsf bftubmv caauslb caiajpr ccrxefg dautlir dbexlue dbeyttd eckafnq ecuwpax eelnqde fbucmwh fbylavi fehvlnv gbukoww gdafama hfaktfg hgehxsc hgrxajc ibugiax ieirkuv iesseyd jfdoela jfohqhd jlqbpae kbehlyw kcdopxt lbubwtt lcvnngj mdraiii megcndp nadwvha nenqmal obrnxku ocmtkaf pbomkar pcctwha qaciexf qbeiofw rbdhgih rgxeios satogdd sdhttur tahaelb teeahqy ubkefoh ucqjvfa vaysfuf vbovelg wcabbin wdotfqq wdtvyol xcbmbuf xdwtuvw ydfalcr yhwcavc abswgqu auitkuk ahslrbo adhwhok awgddgy abnkxtf anrfmpr andfexx asspxwt aofanud ajjabxn 
aaikjba afwaabf baesvyg bfpqxsf bftubmv caauslb caiajpr ccrxefg dautlir dbexlue dbeyttd eckafnq ecuwpax eelnqde fbucmwh fbylavi fehvlnv gbukoww gdafama hfaktfg hgehxsc hgrxajc ibugiax ieirkuv iesseyd jfdoela jfohqhd jlqbpae kbehlyw kcdopxt lbubwtt lcvnngj mdraiii megcndp nadwvha nenqmal obrnxku ocmtkaf pbomkar pcctwha qaciexf qbeiofw rbdhgih rgxeios satogdd sdhttur tahaelb teeahqy ubkefoh ucqjvfa vaysfuf vbovelg wcabbin wdotfqq wdtvyol xcbmbuf xdwtuvw ydfalcr yhwcavc abswgqu auitkuk ahslrbo adhwhok awgddgy abnkxtf anrfmpr andfexx asspxwt aofanud ajjabxn 
w7ewdlb wpewdlb wqewdlb wrewdlb wsewdlb xpkaugp xrmaopl xrphluh y7fmkah ypfmkah yqfmkah yrfmkah ysfmkah 

dwhgrfj eyvbhcd f9pghdw fwpghdw fxpghdw fypghdw fzpghdw f9pghdw fwpghdw fxpghdw fypghdw fzpghdw 
m1spxgr n1nqmal o1fxuky o1fxuky 
107.072407 
107.027397 
aaikjba afodslf afwaabf baesvyg bfpqxsf bftubmv caauslb caiajpr ccrxefg dautlir dbexlue dbeyttd eckafnq ecuwpax eelnqde fbucmwh fbylavi fcnrjna gbukoww gdafama hfaktfg hgehxsc hgrxajc ibugiax ieirkuv iesseyd jfdoela jfohqhd jkqjhyk kbehlyw kcdopxt lbubwtt lcvnngj mdraiii megcndp nadwvha nenqmal obrnxku ocmtkaf pbomkar pcctwha qaciexf qbeiofw rbdhgih rgxeios satogdd sdhttur tahaelb teeahqy ubkefoh ucqjvfa vaysfuf vbovelg wcabbin wdotfqq wdtvyol xcbmbuf xdwtuvw ydfalcr yhwcavc abswgqu auitkuk ahslrbo adhwhok awgddgy abnkxtf anrfmpr andfexx asspxwt aofanud ajjabxn aaghknn aqyvawm 
FALSE 
w6ewdlb wmewdlb wnewdlb woewdlb xohieux y6fmkah ymgyfil ymllmhy ynfvnld yofodwt 
jkqjhyk 
FALSE 
106.928571 

aaikjba afodslf afwaabf baesvyg bfpqxsf bftubmv caauslb caiajpr cbmqhvb dautlir dbexlue dbeyttd eckafnq ecuwpax eelnqde fawqrds fbucmwh fbylavi gbukoww gdafama hfaktfg hgehxsc hgrxajc ibugiax ieirkuv iesseyd jbkqemb jfdoela jfohqhd kbehlyw kcdopxt lbubwtt lcvnngj mdraiii megcndp nadwvha nenqmal obrnxku ocmtkaf pbomkar pcctwha qaciexf qbeiofw rbcdqhe rbdhgih rgxeios satogdd sdhttur tahaelb tbdtdln ubkefoh ucqjvfa vaysfuf vbovelg wcabbin wdotfqq wdtvyol xcbmbuf xdwtuvw ydfalcr yhwcavc abswgqu auitkuk ahslrbo adhwhok awgddgy abnkxtf anrfmpr andfexx asspxwt aofanud ajjabxn aaghknn aqyvawm 
106.947162 
nhnqmal 
dmfwsbd dnkfwmv docisay emiadex enheevh eohlous f6fnepd f6pghdw fmfugfb fnfnepd fnpghdw fofnepd fopghdw f6fnepd f6pghdw fmfugfb fnfnepd fnpghdw fofnepd fopghdw 
suuxrhw suyjlec 
aaikjba afodslf afwaabf baesvyg bfpqxsf bftubmv caauslb caiajpr cbmqhvb dautlir dbexlue dbeyttd eckafnq ecuwpax eelnqde fawqrds fbucmwh fbylavi gbukoww gdafama hcnaltc hfaktfg ibugiax ieirkuv iesseyd jbkqemb jfdoela jfohqhd kbehlyw kbrtisw kcdopxt lbubwtt lcvnngj mdraiii megcndp nadwvha nenqmal obrnxku ocmtkaf pbomkar pcctwha qaciexf qbeiofw ratxoqu rbcdqhe rbdhgih satogdd sdhttur tahaelb tbdtdln ubkefoh ucqjvfa vaysfuf vbovelg wcabbin wdotfqq wdtvyol xcbmbuf xdwtuvw ydfalcr yhwcavc abswgqu auitkuk ahslrbo adhwhok awgddgy abnkxtf anrfmpr andfexx asspxwt aofanud ajjabxn aaghknn aqyvawm 
aaikjba afodslf afwaabf baesvyg bfpqxsf bftubmv caauslb caiajpr cbmqhvb dautlir dbexlue dbeyttd eckafnq ecuwpax eelnqde fawqrds fbucmwh fbylavi gbukoww gdafama hcnaltc hfaktfg hfmuavw ibugiax ieirkuv iesseyd jbkqemb jfdoela jfohqhd kbehlyw kbrtisw kcdopxt lbubwtt lcvnngj mdraiii megcndp nadwvha nenqmal obrnxku ocmtkaf pbomkar pcctwha qaciexf qbeiofw ratxoqu rbcdqhe rbdhgih satogdd sdhttur tahaelb tbdtdln ubkefoh ucqjvfa vaysfuf vbovelg wcabbin wdotfqq wdtvyol xcbmbuf xdwtuvw ydfalcr yhwcavc abswgqu auitkuk ahslrbo adhwhok awgddgy abnkxtf anrfmpr andfexx asspxwt aofanud ajjabxn aaghknn aqyvawm 
aaikjba afodslf afwaabf baesvyg bfpqxsf bftubmv caauslb caiajpr cbmqhvb dautlir dbexlue dbeyttd eckafnq ecuwpax eelnqde fawqrds fbucmwh fbylavi gbukoww gdafama hcnaltc hfaktfg hfmuavw ibugiax ieirkuv iesseyd jbkqemb jfdoela jfohqhd kbehlyw kbrtisw kcdopxt lbubwtt lcvnngj mdraiii megcndp nadwvha nenqmal obrnxku ocmtkaf pbomkar pcctwha qaciexf qbeiofw ratxoqu rbcdqhe rbdhgih satogdd sdhttur tahaelb tbdtdln ubkefoh ucqjvfa vaysfuf vbovelg wcabbin wdotfqq wdtvyol xcbmbuf xdwtuvw ydfalcr yhwcavc abswgqu auitkuk ahslrbo adhwhok awgddgy abnkxtf anrfmpr andfexx asspxwt aofanud ajjabxn aaghknn aqyvawm 
aaikjba afodslf afwaabf baesvyg bfpqxsf bftubmv caauslb caiajpr cbmqhvb dautlir dbexlue dbeyttd eckafnq ecuwpax eelnqde fawqrds fbucmwh fbylavi gbukoww gdafama hcnaltc hfaktfg hfmuavw ibugiax ieirkuv iesseyd jbkqemb jfdoela jfohqhd kbehlyw kbrtisw kcdopxt lbubwtt lcvnngj mdraiii megcndp nadwvha nenqmal obrnxku ocmtkaf pbomkar pcctwha qaciexf qbeiofw ratxoqu rbcdqhe rbdhgih satogdd sdhttur tahaelb tbdtdln ubkefoh ucqjvfa vaysfuf vbovelg wcabbin wdotfqq wdtvyol xcbmbuf xdwtuvw ydfalcr yhwcavc abswgqu auitkuk ahslrbo adhwhok awgddgy abnkxtf anrfmpr andfexx asspxwt aofanud ajjabxn aaghknn aqyvawm 
ayodslf aywaabf 
107.064762 
aaikjba afodslf afwaabf baesvyg bfpqxsf bftubmv caauslb caiajpr cbmqhvb dautlir dbexlue dbeyttd eckafnq ecuwpax eelnqde fawqrds fbucmwh fbylavi gbukoww gdafama hcnaltc hfaktfg hfmuavw ibugiax ieirkuv iesseyd jbkqemb jfdoela jfohqhd kbehlyw kbrtisw kcdopxt lbubwtt lcvnngj mdraiii megcndp nadwvha nenqmal obrnxku ocmtkaf pbomkar pcctwha qaciexf qbeiofw ratxoqu rbcdqhe rbdhgih satogdd sdhttur tahaelb tbdtdln ubkefoh ucqjvfa vaysfuf vbovelg wcabbin wdotfqq wdtvyol xcbmbuf xdwtuvw ydfalcr yhwcavc abswgqu auitkuk ahslrbo adhwhok awgddgy abnkxtf anrfmpr andfexx asspxwt aofanud ajjabxn aaghknn aqyvawm 
aaikjba afodslf afwaabf baesvyg bfpqxsf bftubmv caauslb caiajpr cbmqhvb dautlir dbexlue dbeyttd eckafnq ecuwpax eelnqde fawqrds fbucmwh fbylavi gbukoww gdafama hcnaltc hfaktfg hfmuavw ibugiax ieirkuv iesseyd jbkqemb jfdoela jfohqhd kbehlyw kbrtisw kcdopxt lbubwtt lcvnngj mdraiii megcndp nadwvha nenqmal obrnxku ocmtkaf pbomkar pcctwha qaciexf qbeiofw ratxoqu rbcdqhe rbdhgih satogdd sdhttur tahaelb tbdtdln ubkefoh ucqjvfa vaysfuf vbovelg wcabbin wdotfqq wdtvyol xcbmbuf xdwtuvw ydfalcr yhwcavc abswgqu auitkuk ahslrbo adhwhok awgddgy abnkxtf anrfmpr andfexx asspxwt aofanud ajjabxn aaghknn aqyvawm 

TRUE 
inohhul 
hmxrjac 
FALSE 
w4ewdlb wgargou wglbcho whewdlb wiewdlb xgmcbbd xgwuptr xhhrmpf y4fmkah ygfmkah yhwcavc yifmkah 
aaikjba affeodo afodslf baesvyg bfpqxsf bftubmv caauslb caiajpr cbmqhvb dautlir dbexlue dbeyttd eckafnq ecuwpax eelnqde fawqrds fbucmwh fbylavi gavsafw gbukoww hcnaltc hfaktfg hfmuavw ibugiax ieirkuv iesseyd jbkqemb jfdoela jfohqhd kbehlyw kbrtisw kcdopxt laplobp lbubwtt mdraiii megcndp nadwvha ndsaxqa obrnxku ocmtkaf pbomkar pcctwha qaciexf qbeiofw ratxoqu rbcdqhe rbdhgih satogdd sbqlejf tahaelb tbdtdln ubiyanh ubkefoh ucqjvfa vaysfuf vbovelg wcabbin wdotfqq wdtvyol xcbmbuf xdwtuvw ydfalcr yhwcavc abswgqu auitkuk ahslrbo adhwhok awgddgy abnkxtf anrfmpr andfexx asspxwt aofanud ajjabxn aaghknn aqyvawm argjewx 
aaikjba affeodo afodslf baesvyg bfpqxsf bftubmv caauslb caiajpr cbmqhvb dautlir dbexlue dbeyttd eckafnq ecuwpax eelnqde fawqrds fbucmwh fbylavi gavsafw gbukoww hcnaltc hfaktfg hfmuavw ibugiax ieirkuv iesseyd jbkqemb jfdoela jfohqhd kbehlyw kbrtisw kcdopxt laplobp lbubwtt mdraiii megcndp nadwvha ndsaxqa obrnxku ocmtkaf pbomkar pcctwha qaciexf qbeiofw ratxoqu rbcdqhe rbdhgih satogdd sbqlejf tahaelb tbdtdln ubiyanh ubkefoh ucqjvfa vaysfuf vbovelg wcabbin wdotfqq wdtvyol xcbmbuf xdwtuvw ydfalcr yhwcavc abswgqu auitkuk ahslrbo adhwhok awgddgy abnkxtf anrfmpr andfexx asspxwt aofanud ajjabxn aaghknn aqyvawm argjewx 
aaikjba affeodo afodslf baesvyg bfpqxsf bftubmv caauslb caiajpr cbmqhvb dautlir dbexlue dbeyttd eckafnq ecuwpax eelnqde fawqrds fbucmwh fbylavi gavsafw gbukoww hcnaltc hfaktfg hfmuavw ibugiax ieirkuv iesseyd jbkqemb jfdoela jfohqhd kbehlyw kbrtisw kcdopxt laplobp lbubwtt mdraiii megcndp nadwvha ndsaxqa obrnxku ocmtkaf pbomkar pcctwha qaciexf qbeiofw ratxoqu rbcdqhe rbdhgih satogdd sbqlejf tahaelb tbdtdln ubiyanh ubkefoh ucqjvfa vaysfuf vbovelg wcabbin wdotfqq wdtvyol xcbmbuf xdwtuvw ydfalcr yhwcavc abswgqu auitkuk ahslrbo adhwhok awgddgy abnkxtf anrfmpr andfexx asspxwt aofanud ajjabxn aaghknn aqyvawm argjewx aqwlbur 
aaikjba affeodo afodslf baesvyg bfpqxsf bftubmv caauslb caiajpr cbmqhvb dautlir dbexlue dbeyttd eckafnq ecuwpax eelnqde fawqrds fbucmwh fbylavi gavsafw gbukoww hcnaltc hfaktfg hfmuavw ibugiax ieirkuv iesseyd jbkqemb jfdoela jfohqhd kbehlyw kbrtisw kcdopxt laplobp lbubwtt mdraiii megcndp nadwvha ndsaxqa obrnxku ocmtkaf pbomkar pcctwha qaciexf qbeiofw ratxoqu rbcdqhe rbdhgih satogdd sbqlejf tahaelb tbdtdln ubiyanh ubkefoh ucqjvfa vaysfuf vbovelg wcabbin wdotfqq wdtvyol xcbmbuf xdwtuvw ydfalcr yhwcavc abswgqu auitkuk ahslrbo adhwhok awgddgy abnkxtf anrfmpr andfexx asspxwt aofanud ajjabxn aaghknn aqyvawm argjewx aqwlbur 
rvawkgo 
aaikjba affeodo afodslf baesvyg bfpqxsf bftubmv caauslb caiajpr cbmqhvb dautlir dbexlue dbeyttd eckafnq ecuwpax eelnqde fawqrds fbucmwh fbylavi gavsafw gbukoww hcnaltc hfaktfg hfmuavw ibugiax ieirkuv iesseyd jbkqemb jfdoela jfohqhd kbehlyw kbrtisw kcdopxt laplobp lbubwtt mdraiii megcndp nadwvha ndsaxqa obrnxku ocmtkaf pbomkar pcctwha qaciexf qbeiofw ratxoqu rbcdqhe rbdhgih satogdd sbqlejf tahaelb tbdtdln ubiyanh ubkefoh ucqjvfa vaysfuf vbovelg wcabbin wdotfqq wdtvyol xcbmbuf xdwtuvw ydfalcr yhwcavc abswgqu auitkuk ahslrbo adhwhok awgddgy abnkxtf anrfmpr andfexx asspxwt aofanud ajjabxn aaghknn aqyvawm argjewx aqwlbur 
