<>
107.071429 
FALSE 
108.636364 


FALSE 
caivoyx dpshycp dtbmyqm fdnbvgd gnuocyf gwmqklv hdplrnu hgfwdxd ineerxn jejcdll jiuximh kgnaajp khspqap pdmbxyh qkpsfsx qwhplyf raxlhbx rixkgcm sxtwibi wvmyubf xnearer xadqkak adwcmrr ydrsnlq 

108.989418 
caivoyx dpshycp dtbmyqm esymorx fdnbvgd gnuocyf gwmqklv hdplrnu hgfwdxd ineerxn jejcdll jiuximh kgnaajp khspqap pdmbxyh qkpsfsx qwhplyf raxlhbx rixkgcm sxtwibi tbdatir twtumgq wvmyubf xnearer xadqkak adwcmrr ydrsnlq 
108.994898 


9kytfeu wkytfeu xkytfeu ykytfeu zkytfeu zkytfeu 


FALSE 
109.041475 
qyhplyf 




FALSE 


bdxpmnt caivoyx cuxaxjl ddyrttp dpshycp esymorx fdnbvgd fqxmjtp gnuocyf gwmqklv hacoqbi hdplrnu iaambbc idjutxw jejcdll jiuximh kgnaajp khspqap lchvuup ltahonv oappalg pbrtfuw pdmbxyh qdewdch qkpsfsx raxlhbx rerjcyr sexkmqv sxtwibi tbdatir teqjwld ucijrty ucweqki ukytfeu wvmyubf xjpxvan xnearer adwcmrr ydrsnlq yswspac amgekhn 
bdxpmnt caivoyx cuxaxjl ddyrttp dpshycp esymorx fdnbvgd fqxmjtp gnuocyf gwmqklv hacoqbi hdplrnu iaambbc idjutxw jejcdll jiuximh kgnaajp khspqap lchvuup ltahonv oappalg pbrtfuw pdmbxyh qdewdch qkpsfsx raxlhbx rerjcyr sexkmqv sfrxxte tbdatir teqjwld ucijrty ucweqki ukytfeu wvmyubf xjpxvan xnearer adwcmrr ydrsnlq yswspac amgekhn 
109.010453 
aobcnhv bdxpmnt caivoyx cuxaxjl ddyrttp dkqtxjj esymorx fdnbvgd fqxmjtp gnuocyf gwmqklv hacoqbi hdplrnu iaambbc idjutxw jejcdll jiuximh kgnaajp khspqap lchvuup ltahonv moqbisy nqfikwf oappalg pbrtfuw pdmbxyh qdewdch qkpsfsx raxlhbx rerjcyr sexkmqv sfrxxte tbdatir teqjwld ucijrty ucweqki ukytfeu vaavwfi vvuikvk wvmyubf xjpxvan xnearer adwcmrr ydrsnlq yswspac amgekhn 

108.863095 
9kytfeu wkytfeu xkytfeu ykytfeu zkytfeu zkytfeu 
aobcnhv bdxpmnt caivoyx cuxaxjl ddyrttp dkqtxjj esymorx fdnbvgd fqxmjtp gnuocyf gwmqklv hacoqbi hdplrnu iaambbc idjutxw jejcdll jiuximh kgnaajp khspqap lchvuup ltahonv moqbisy mueldew nqfikwf oappalg otngahh pbrtfuw pdmbxyh qdewdch qkpsfsx raxlhbx rerjcyr sexkmqv sfrxxte tbdatir teqjwld ucijrty ucweqki ukytfeu vaavwfi vvuikvk vvxcxqs wvmyubf xefaaua xjpxvan adwcmrr ydrsnlq yswspac amgekhn 



108.939560 
2cijrty 2cweqki caivoyx caivoyx 






4ronues hrpmvyp 
6xaobgs o9ngahh owngahh oxngahh oyngahh ozngahh o9ngahh owngahh oxngahh oyngahh ozngahh 
ajabsbd aobcnhv bdxpmnt beqsgao cagaeov caivoyx cjifrcw dagkvgq ddyrttp esymorx fdnbvgd fqxmjtp gnuocyf gwmqklv hacoqbi hdplrnu iaambbc idjutxw idaqora jejcdll jeavfmh jiuximh kgnaajp khspqap lchvuup lixamiv moqbisy msixcww npmnoui nqfikwf oappalg otngahh pbrtfuw pdmbxyh pdoyygn qdewdch qkpsfsx raxlhbx rerjcyr sexkmqv sfrxxte tbdatir teqjwld ucijrty ucweqki ukytfeu vaavwfi vvuikvk vvxcxqs wunmsec wvmyubf xefaaua xjpxvan adwcmrr ydrsnlq yswspac amgekhn akdixnx 
FALSE 
ajabsbd aobcnhv bdxpmnt beqsgao cagaeov caivoyx cjifrcw dagkvgq ddyrttp esymorx fdnbvgd fqxmjtp gnuocyf guapcka hacoqbi hdplrnu iaambbc idjutxw idaqora jejcdll jeavfmh jiuximh kgnaajp khspqap lchvuup lixamiv moqbisy msixcww nodswto npmnoui oappalg ogvapbd pbrtfuw pdmbxyh pdoyygn qdewdch qeyfste raxlhbx rcbchal sexkmqv sfrxxte tbdatir teqjwld ucijrty ucweqki ukytfeu vaavwfi vvuikvk vvxcxqs wunmsec wvmyubf xefaaua xepulfu xjpxvan adwcmrr ydrsnlq yswspac amgekhn akdixnx 

ajabsbd aobcnhv bdxpmnt beqsgao cagaeov caivoyx cjifrcw dagkvgq ddyrttp esymorx fdnbvgd fqlkess fqxmjtp gnuocyf guapcka hacoqbi hdplrnu iaambbc idjutxw idaqora jejcdll jeavfmh jiuximh kgnaajp khspqap lchvuup lixamiv moqbisy msixcww nodswto npmnoui oappalg ogvapbd pbrtfuw pdmbxyh pdoyygn qdewdch qeyfste raxlhbx rcbchal sexkmqv sfrxxte tbdatir teqjwld ucijrty ucweqki ukytfeu vaavwfi vvuikvk vvxcxqs wunmsec wvmyubf xefaaua xepulfu xjpxvan adwcmrr ydrsnlq yswspac amgekhn akdixnx 
ajabsbd aobcnhv bdxpmnt beqsgao cagaeov caivoyx cjifrcw dagkvgq ddyrttp esymorx fdnbvgd fqlkess fqxmjtp gnuocyf guapcka hacoqbi hdplrnu iaambbc idjutxw idaqora jejcdll jeavfmh jiuximh kgnaajp khspqap lchvuup lixamiv moqbisy msixcww nodswto npmnoui oappalg ogvapbd pbrtfuw pdmbxyh pdoyygn qdewdch qeyfste raxlhbx rcbchal sexkmqv sfrxxte tbdatir teqjwld ucijrty ucweqki ukytfeu vaavwfi vvuikvk vvxcxqs wunmsec wvmyubf xefaaua xepulfu xjpxvan adwcmrr ydrsnlq yswspac amgekhn akdixnx 
ajabsbd aobcnhv bdxpmnt beqsgao cagaeov caivoyx cjifrcw dagkvgq ddyrttp esymorx fdnbvgd fqlkess fqxmjtp gnuocyf guapcka hacoqbi hdplrnu iaambbc idjutxw idaqora jejcdll jeavfmh jiuximh kgnaajp khspqap lchvuup lixamiv moqbisy msixcww nodswto npmnoui oappalg ogvapbd pbrtfuw pdmbxyh pdoyygn qdewdch qeyfste raxlhbx rcbchal sexkmqv sfrxxte tbdatir teqjwld ucijrty ucweqki ukytfeu vaavwfi vvuikvk vvxcxqs wunmsec wvmyubf xefaaua xepulfu xjpxvan adwcmrr ydrsnlq yswspac amgekhn akdixnx 
ajabsbd aobcnhv bdxpmnt beqsgao cagaeov caivoyx cjifrcw dagkvgq ddyrttp esymorx fdnbvgd fqlkess fqxmjtp gnuocyf guapcka hacoqbi hdplrnu iaambbc idjutxw idaqora jejcdll jeavfmh jiuximh kgnaajp khspqap lchvuup lixamiv moqbisy msixcww nodswto npmnoui oappalg odwhrvl pbrtfuw pdmbxyh pdoyygn qdewdch qeyfste raxlhbx rcbchal sexkmqv sfrxxte tbdatir teqjwld ucijrty ucweqki ukytfeu vaavwfi vvuikvk vvxcxqs wunmsec wvmyubf xefaaua xepulfu xjpxvan adwcmrr ydrsnlq yswspac amgekhn akdixnx 
ajabsbd aobcnhv bdxpmnt beqsgao cagaeov caivoyx cjifrcw dagkvgq ddyrttp esymorx fdnbvgd fqlkess fqxmjtp gnuocyf guapcka hacoqbi hdplrnu iaambbc idjutxw idaqora jejcdll jeavfmh jiuximh kgnaajp khspqap lchvuup lixamiv moqbisy msixcww nodswto npmnoui oappalg odwhrvl pbrtfuw pdmbxyh pdoyygn qdewdch qeyfste raxlhbx rcbchal sexkmqv sfrxxte tbdatir teqjwld ucijrty ucweqki ukytfeu vaavwfi vvuikvk vvxcxqs wunmsec wvmyubf xefaaua xepulfu xjpxvan adwcmrr ydrsnlq yswspac amgekhn akdixnx 
pvwkeab pvyanbu 

8ronues uronues vronues vronues 


jejcdll jeavfmh 

qbpsfsx 
9jvmajs 9kytfeu wjvmajs wkytfeu xjvmajs xkytfeu yjvmajs ykytfeu zjvmajs zkytfeu zjvmajs zkytfeu 
FALSE 

108.207589 
FALSE 
hgfwdxd hggyajj hhegyvf 
6ronues msixcww npmnoui nqfikwf nrmsdbq o7vapbd opvapbd oqvapbd orvapbd osvapbd o7vapbd opvapbd oqvapbd orvapbd osvapbd 

abalyqq ajabsbd bdxpmnt beqsgao cagaeov caivoyx cjgbkbt cjifrcw dagkvgq dbehaxj esymorx fdnbvgd fqlkess fqxmjtp gnuocyf guapcka hacoqbi hdplrnu iaambbc idjutxw idaqora jejcdll jeavfmh jiuximh kgnaajp khspqap lchvuup lixamiv moqbisy msixcww nodswto npmnoui oappalg odwhrvl pbrtfuw pdmbxyh pdoyygn qdewdch qeyfste raxlhbx rcbchal rcgcrid sexkmqv sfrxxte tbdatir teqjwld ucijrty ucweqki ujvmajs vaavwfi vvuikvk vvxcxqs wlfpyiv wunmsec xefaaua xepulfu xgktkfv adwcmrr yaseapr ydrsnlq amgekhn akdixnx atbbyif alebxdj 
abalyqq ajabsbd bdxpmnt beqsgao cagaeov caivoyx cjgbkbt cjifrcw dagkvgq dbehaxj esymorx fdnbvgd fqlkess fqxmjtp gnuocyf guapcka hacoqbi hdplrnu iaambbc idjutxw idaqora jejcdll jeavfmh jiuximh kgnaajp khspqap lchvuup lixamiv moqbisy msixcww nodswto npmnoui oappalg odwhrvl pbrtfuw pdmbxyh pdoyygn qdewdch qeyfste raxlhbx rcbchal rcgcrid sexkmqv sfrxxte tbdatir teqjwld ucijrty ucweqki ujvmajs vaavwfi vvuikvk vvxcxqs wlfpyiv wunmsec xefaaua xepulfu xgktkfv adwcmrr yaseapr ydrsnlq amgekhn akdixnx atbbyif alebxdj 
FALSE 


abalyqq ajabsbd bdxpmnt beqsgao cagaeov caivoyx cjgbkbt cjifrcw dagkvgq dbehaxj esymorx fdnbvgd fqlkess fqxmjtp gnuocyf guapcka hacoqbi hdplrnu iaambbc idjutxw idaqora jejcdll jeavfmh jiuximh kgnaajp khspqap lchvuup lixamiv moqbisy msixcww nodswto npmnoui oappalg odwhrvl pbrtfuw pdmbxyh pdoyygn qdewdch qeyfste raxlhbx rcbchal rcgcrid seedmyi sexkmqv sfrxxte tbdatir teqjwld ucijrty ucweqki ujvmajs vaavwfi vvuikvk vvxcxqs wlfpyiv wunmsec xefaaua xepulfu xgktkfv adwcmrr yaseapr ydrsnlq amgekhn akdixnx atbbyif alebxdj 

FALSE 
abalyqq ajabsbd bdxpmnt beqsgao cagaeov caivoyx cjgbkbt cjifrcw dagkvgq dbehaxj esymorx fdnbvgd fmxiiaw gnuocyf guapcka hacoqbi hdplrnu iaambbc idjutxw idaqora jejcdll jeavfmh jiuximh kgnaajp khspqap lchvuup lixamiv moqbisy msixcww nodswto npmnoui oappalg odwhrvl pbrtfuw pdmbxyh pdoyygn qdewdch qeyfste raxlhbx rcbchal rcgcrid seedmyi sexkmqv sfrxxte tbdatir teqjwld ucijrty ucweqki uivebxs vaavwfi vvuikvk vvxcxqs wlfpyiv wunmsec xefaaua xepulfu xgktkfv adwcmrr yaseapr ydrsnlq amgekhn akdixnx atbbyif alebxdj aisybdr 
FALSE 
0ivebxs 0ivebxs 
abalyqq ajabsbd bdxpmnt beqsgao cagaeov caivoyx cjgbkbt cjifrcw dagkvgq dbehaxj esymorx fdnbvgd fmxiiaw gnuocyf guapcka hacoqbi hdplrnu iaambbc idjutxw idaqora jejcdll jeavfmh jiuximh kadaiyd kgnaajp lchvuup lixamiv moqbisy msixcww nodswto npmnoui oappalg odwhrvl pbrtfuw pdmbxyh pdoyygn qdewdch qeyfste raxlhbx rcbchal rcgcrid seedmyi sexkmqv sfrxxte tbdatir teqjwld ucijrty ucweqki uivebxs vaavwfi vvuikvk vvxcxqs wdauctc wlfpyiv xefaaua xepulfu xgktkfv adwcmrr yaseapr ydrsnlq amgekhn akdixnx atbbyif alebxdj aisybdr 
lgqbnvw 
p3wkeab p3yanbu pdmbxyh pdoyygn pewkeab peyanbu pfwkeab pfyanbu q3hlwod q3psfsx qdewdch qeyfste qfhlwod qfpsfsx r3csgrw r3rjcyr rdcsgrw rdrjcyr recsgrw rerjcyr rfcsgrw rfrjcyr seedmyi sexkmqv sfrxxte seedmyi sexkmqv sfrxxte 
FALSE 
0jvmajs 0kytfeu 0jvmajs 0kytfeu 
pcwkeab pcyanbu 
abalyqq ajabsbd bdxpmnt beqsgao cagaeov caivoyx cgshymj dagkvgq dbehaxj emgvacb esymorx fdnbvgd fkvpxqf gnuocyf guapcka hacoqbi hdplrnu iaambbc idjutxw idaqora jejcdll jeavfmh jiuximh jiwknjw kadaiyd kgnaajp lchvuup lixamiv moqbisy msixcww nmdbllw nodswto oappalg odwhrvl pbrtfuw pdmbxyh pdoyygn qdewdch qeyfste raxlhbx rcbchal rcgcrid seedmyi sexkmqv sfrxxte tbdatir teqjwld ucijrty ucweqki uivebxs vaavwfi vvuikvk vvxcxqs wdauctc wlfpyiv xefaaua xepulfu xgktkfv adwcmrr yaseapr ydrsnlq amgekhn akdixnx atbbyif alebxdj aisybdr aurynel afntlvx 
abalyqq ajabsbd bdxpmnt beqsgao cagaeov caivoyx cgshymj dagkvgq dbehaxj emgvacb esymorx fdnbvgd fkvpxqf gnuocyf guapcka hacoqbi hdplrnu iaambbc idjutxw idaqora jejcdll jeavfmh jiuximh jiwknjw kadaiyd kgnaajp lchvuup lixamiv moqbisy msixcww nmdbllw nodswto oappalg odwhrvl pbrtfuw pdmbxyh pdoyygn qdewdch qeyfste raxlhbx rcbchal rcgcrid seedmyi sexkmqv sfrxxte tbdatir teqjwld ucijrty ucweqki uivebxs vaavwfi vvuikvk vvxcxqs wdauctc wlfpyiv xefaaua xepulfu xgktkfv adwcmrr yaseapr ydrsnlq amgekhn akdixnx atbbyif alebxdj aisybdr aurynel afntlvx 

moqbisy n6dswto nmdbllw nndswto nodswto o6vapbd omvapbd onvapbd oovapbd o6vapbd omvapbd onvapbd oovapbd 
abalyqq ajabsbd bdxpmnt beqsgao cagaeov caivoyx cgshymj dagkvgq dbehaxj emgvacb esymorx fdnbvgd fkvpxqf gdxllsh gnuocyf hacoqbi hdplrnu iaambbc idjutxw idaqora jejcdll jeavfmh jiuximh jiwknjw kadaiyd kgnaajp lchvuup lixamiv moqbisy msixcww nmdbllw nodswto oappalg odwhrvl pbrtfuw pdmbxyh pdoyygn qdewdch qdkonsa qeyfste raxlhbx rcbchal rcgcrid seedmyi sexkmqv sfrxxte tbdatir teqjwld ucijrty ucweqki uivebxs vaavwfi vbmsjyy wdauctc wlfpyiv xamnkcd xefaaua xepulfu adwcmrr yaseapr ydrsnlq amgekhn akdixnx atbbyif alebxdj aisybdr aurynel afntlvx 
FALSE 
FALSE 
abalyqq ajabsbd bdxpmnt beqsgao cagaeov caivoyx cbataaa dagkvgq dbehaxj emgvacb esymorx fdnbvgd fkvpxqf gdxllsh gnuocyf hacoqbi hdplrnu iaambbc idjutxw idaqora jejcdll jeavfmh jiuximh jiwknjw kadaiyd kgnaajp lchvuup lixamiv moqbisy msixcww ncaeabo nmdbllw oappalg odwhrvl pbrtfuw pdmbxyh pdoyygn qdewdch qdkonsa qeyfste raxlhbx rcbchal rcgcrid seedmyi sexkmqv sfrxxte tbdatir teqjwld ucijrty ucweqki uivebxs vaavwfi vbmsjyy wceechb wdauctc xamnkcd xefaaua xepulfu adwcmrr yaseapr ydrsnlq amgekhn akdixnx atbbyif alebxdj aisybdr aurynel afntlvx 
FALSE 
abalyqq ajabsbd ajstske bdxpmnt beqsgao cagaeov caivoyx cbataaa dagkvgq dbehaxj emgvacb esymorx fdnbvgd fkvpxqf gdxllsh gnuocyf hacoqbi hdplrnu iaambbc idjutxw idaqora jejcdll jeavfmh jiuximh jiwknjw kadaiyd kgnaajp lchvuup lixamiv moqbisy msixcww ncaeabo nmdbllw oappalg ocaypir pbrtfuw pdmbxyh pdoyygn qdewdch qdkonsa qeyfste raxlhbx rcbchal rcgcrid seedmyi sexkmqv sfrxxte tbdatir teqjwld ucijrty ucweqki uivebxs vaavwfi vbmsjyy wceechb wdauctc xamnkcd xefaaua xepulfu adwcmrr yaseapr ydrsnlq amgekhn akdixnx atbbyif alebxdj aisybdr aurynel afntlvx 
abalyqq ajabsbd ajstske bdxpmnt beqsgao cagaeov caivoyx cbataaa dagkvgq dbehaxj emgvacb esymorx fdnbvgd fkvpxqf gdxllsh gnuocyf hacoqbi hdplrnu iaambbc idjutxw idaqora jejcdll jeavfmh jiuximh jiwknjw kadaiyd kgnaajp lchvuup lixamiv moqbisy msixcww ncaeabo nmdbllw oappalg ocaypir pbrtfuw pdmbxyh pdoyygn qdewdch qdkonsa qeyfste raxlhbx rcbchal rcgcrid seedmyi sexkmqv sfrxxte tbdatir teqjwld ucijrty ucweqki uivebxs vaavwfi vbmsjyy wceechb wdauctc xamnkcd xefaaua xepulfu adwcmrr yaseapr ydrsnlq amgekhn akdixnx atbbyif alebxdj aisybdr aurynel afntlvx 
abalyqq ajabsbd ajstske bdxpmnt beqsgao cagaeov caivoyx cbataaa dagkvgq dbehaxj emgvacb esymorx fdnbvgd fkvpxqf gdxllsh gnuocyf hacoqbi hdplrnu iaambbc idjutxw idaqora jejcdll jeavfmh jiuximh jiwknjw kadaiyd kgnaajp lchvuup lixamiv moqbisy msixcww ncaeabo nmdbllw oappalg ocaypir pbrtfuw pdmbxyh pdoyygn qdewdch qdkonsa qeyfste raxlhbx rcbchal rcgcrid seedmyi sexkmqv sfrxxte tbdatir teqjwld ucijrty ucweqki uivebxs vaavwfi vbmsjyy wceechb wdauctc xamnkcd xefaaua xepulfu adwcmrr yaseapr ydrsnlq amgekhn akdixnx atbbyif alebxdj aisybdr aurynel afntlvx 
107.408163 
3cijrty 3cweqki dagkvgq dbehaxj dclpmia fakmcha fakmcha 
FALSE 
aadcgtr abalyqq bdxpmnt beqsgao cagaeov caivoyx cbataaa dagkvgq dbehaxj emgvacb esymorx fdnbvgd fkvpxqf gdxllsh gnuocyf hacoqbi hdplrnu iaambbc idjutxw idaqora jejcdll jeavfmh jiuximh jiwknjw kadaiyd kgnaajp lchvuup lhfmtfc moqbisy msixcww ncaeabo njhtotf oappalg ocaypir pbrtfuw pdmbxyh pdoyygn qaqimmf qdewdch qdkonsa raxlhbx rcbchal rcgcrid seedmyi sexkmqv sfrxxte tbdatir tedkiaf teqjwld ucijrty ucweqki uivebxs vaavwfi vbmsjyy wceechb wdauctc xamnkcd xefaaua xepulfu adwcmrr yaseapr ydrsnlq amgekhn akdixnx atbbyif alebxdj aisybdr aurynel afntlvx 
nxdswto 
phwkeab phyanbu 
aadcgtr abalyqq bdxpmnt beqsgao cagaeov caivoyx cbataaa dagkvgq dbehaxj elyywor emgvacb fdnbvgd fkvpxqf gdxllsh gnuocyf hacoqbi hdplrnu iaambbc idjutxw idaqora jejcdll jeavfmh jiuximh jiwknjw kadaiyd kgnaajp lchvuup lhfmtfc moqbisy msixcww ncaeabo njhtotf oappalg ocaypir pbrtfuw pdmbxyh pdoyygn qaqimmf qdewdch qdkonsa raxlhbx rcbchal rcgcrid seedmyi sexkmqv sfrxxte tbdatir tedkiaf teqjwld ucijrty ucweqki ufanthr vaavwfi vbmsjyy wceechb wdauctc xamnkcd xefaaua xepulfu adwcmrr yaseapr ydrsnlq amgekhn akdixnx atbbyif alebxdj aisybdr aurynel afntlvx 

FALSE 
aadcgtr abalyqq bdxpmnt beqsgao cagaeov caivoyx cbataaa dagkvgq dbehaxj elyywor emgvacb fdnbvgd fkvpxqf gdxllsh gnuocyf hacoqbi hdplrnu iaambbc idjutxw idaqora jejcdll jeavfmh jiuximh jiwknjw kadaiyd kexbbsy lchvuup lhfmtfc moqbisy msixcww ncaeabo nfucvja oappalg ocaypir pbrtfuw pdmbxyh pdoyygn qaqimmf qdewdch qdkonsa raxlhbx rcbchal rcgcrid seedmyi sexkmqv sfrxxte tbdatir tedkiaf teqjwld uaihodb ucijrty ucweqki vaavwfi vbmsjyy wceechb wdauctc xamnkcd xefaaua xepulfu adwcmrr yaseapr ydrsnlq amgekhn akdixnx atbbyif alebxdj aisybdr aurynel afntlvx 
wfanthr 
vkytfeu 
6fanthr n3dswto nddswto nedswto nfucvja o3vapbd odwhrvl oekaaxe ofvapbd o3vapbd odwhrvl oekaaxe ofvapbd 
sjlpuvl 
2ivebxs a4hmbdm aghmbdm ahhmbdm aihmbdm bhqcyjy biiqspf cgshymj cgshymj 
aadcgtr abalyqq bdxpmnt beqsgao cagaeov caivoyx cbataaa dagkvgq dbehaxj edxfcip elyywor fdnbvgd fkfnnpx fkvpxqf gdxllsh gnuocyf hacoqbi hafaolr hdplrnu iaambbc idjutxw idaqora jejcdll jeavfmh jiuximh jiwknjw kadaiyd kexbbsy lchvuup lhfmtfc moqbisy msixcww ncaeabo nfucvja oappalg ocaypir pbrtfuw pdmbxyh pdoyygn qaqimmf qdewdch qdkonsa raxlhbx rcbchal rcgcrid seedmyi sexkmqv sfrxxte tbdatir tedkiaf teqjwld uaihodb ucijrty ucweqki vaavwfi vbmsjyy wceechb wdauctc wdauouj xamnkcd xefaaua xepulfu adwcmrr yaseapr ydrsnlq amgekhn akdixnx atbbyif alebxdj aisybdr aurynel afntlvx aqnjryf 
vaihodb 
nndswto 

aadcgtr abalyqq bdxpmnt beqsgao cagaeov caivoyx cbataaa dagkvgq dbehaxj edxfcip elyywor fdnbvgd fkfnnpx fkvpxqf gdxllsh gnuocyf hacoqbi hafaolr hdplrnu iaambbc idjutxw idaqora jejcdll jeavfmh jiuximh jiwknjw kadaiyd kexbbsy lchvuup lhfmtfc moqbisy msixcww ncaeabo nfucvja oappalg ocaypir pbrtfuw pdmbxyh pdoyygn qaqimmf qdewdch qdkonsa raxlhbx rcbchal rcgcrid seedmyi sexkmqv sfrxxte tbdatir tedkiaf teqjwld uaihodb ucijrty ucweqki vaavwfi vbmsjyy wceechb wdauctc wdauouj xamnkcd xefaaua xepulfu adwcmrr yaseapr ydrsnlq amgekhn akdixnx atbbyif alebxdj aisybdr aurynel afntlvx aqnjryf 
l0qbnvw l0qbnvw 
107.369863 
FALSE 
aadcgtr abalyqq bdxpmnt beqsgao cagaeov caivoyx cbataaa dagkvgq dbehaxj edxfcip elyywor fdnbvgd fkfnnpx fkvpxqf gdxllsh gnuocyf hacoqbi hafaolr hdplrnu iaambbc idjutxw idaqora jejcdll jeavfmh jiuximh jiwknjw kadaiyd kexbbsy lbeqmcc lchvuup moqbisy msixcww ncaeabo nfucvja oappalg ocaypir pbrtfuw pdmbxyh pdoyygn qaqimmf qdewdch qdkonsa raxlhbx rcbchal rcgcrid sdfhdyi seedmyi sexkmqv tbdatir tedkiaf teqjwld uaihodb ucijrty ucweqki vaavwfi vbmsjyy wceechb wdauctc wdauouj xamnkcd xefaaua xepulfu adwcmrr yaseapr ydrsnlq amgekhn akdixnx atbbyif alebxdj aisybdr aurynel afntlvx aqnjryf 
FALSE 
6fanthr n3dswto nddswto nedswto nfucvja o3vapbd odwhrvl oekaaxe ofvapbd o3vapbd odwhrvl oekaaxe ofvapbd 
aadcgtr abalyqq bdxpmnt beqsgao cagaeov caivoyx cbataaa dagkvgq dbehaxj edxfcip elyywor fdnbvgd fkfnnpx fkvpxqf gdxllsh gnuocyf hacoqbi hafaolr hdplrnu iaambbc idjutxw idaqora jejcdll jeavfmh jiuximh jiwknjw kadaiyd kexbbsy lbeqmcc lchvuup moqbisy msixcww nayayev ncaeabo oappalg ocaypir pbrtfuw pdmbxyh pdoyygn qaqimmf qdewdch qdkonsa raxlhbx rcbchal rcgcrid sdfhdyi seedmyi sexkmqv tbdatir tedkiaf teqjwld uaihodb ucijrty ucweqki vaavwfi vbmsjyy wceechb wdauctc wdauouj xamnkcd xefaaua xepulfu adwcmrr yaseapr ydrsnlq amgekhn akdixnx atbbyif alebxdj aisybdr aurynel afntlvx aqnjryf alrbkbw acrufmh 
4xaihjf 4xaobgs 4ylqwir gwmqklv 
3fanthr ddyrttp edxfcip fdnbvgd fdnbvgd 
8ronues t7yowcj tpyowcj tqyowcj tryowcj tsyowcj uronues vronues vronues 
qmhlwod qmpsfsx 


6fanthr n3dswto nddswto nedswto nfucvja o3vapbd odwhrvl oekaaxe ofrcjvn o3vapbd odwhrvl oekaaxe ofrcjvn 
aadcgtr abalyqq bdxpmnt beqsgao cagaeov caivoyx cbataaa dagkvgq dbehaxj edxfcip elyywor fagnugl fdnbvgd fdocbas gdxllsh gnuocyf hacoqbi hafaolr hdplrnu iaambbc idjutxw idaqora jejcdll jeavfmh jiuximh jiwknjw kadaiyd kexbbsy lbeqmcc lchvuup mcxmpgc mitfiwi nayayev ncaeabo oappalg ocaypir pbrtfuw pdmbxyh pdoyygn qaqimmf qcuqnas raxlhbx rcbchal rcgcrid sdfhdyi seedmyi sexkmqv tbdatir tedkiaf teqjwld uaihodb ucijrty ucusepl vaavwfi vbmsjyy wceechb wdauctc wdauouj xamnkcd xefaaua xepulfu adwcmrr yaseapr ydrsnlq amgekhn akdixnx atbbyif alebxdj aisybdr aurynel afntlvx aqnjryf alrbkbw acrufmh ajiddaj 
aadcgtr abalyqq bdxpmnt beqsgao cagaeov caivoyx cbataaa dagkvgq dbehaxj edxfcip elyywor fagnugl fdnbvgd fdocbas gdxllsh gnuocyf hacoqbi hafaolr hdplrnu iaambbc idjutxw idaqora jejcdll jeavfmh jiuximh jiwknjw kadaiyd kexbbsy lbeqmcc lchvuup mcxmpgc mitfiwi nayayev ncaeabo oappalg ocaypir pbrtfuw pdmbxyh pdoyygn qaqimmf qcuqnas raxlhbx rcbchal rcgcrid sdfhdyi seedmyi sexkmqv tbdatir tedkiaf teqjwld uaihodb ucijrty ucusepl vaavwfi vbmsjyy wceechb wdauctc wdauouj xamnkcd xefaaua xepulfu adwcmrr yaseapr ydrsnlq amgekhn akdixnx atbbyif alebxdj aisybdr aurynel afntlvx aqnjryf alrbkbw acrufmh ajiddaj 
0xaihjf 0xaobgs 0ylqwir 0xaihjf 0xaobgs 0ylqwir 
aadcgtr abalyqq bdxpmnt beqsgao cagaeov caivoyx cbataaa dagkvgq dbehaxj edxfcip elyywor fagnugl fdnbvgd fdocbas gdxllsh gnuocyf hacoqbi hafaolr hdplrnu iaambbc idjutxw idaqora jejcdll jeavfmh jiuximh jiwknjw kadaiyd kexbbsy lbeqmcc lchvuup mcxmpgc mitfiwi nayayev ncaeabo oappalg ocaypir pbrtfuw pdmbxyh pdoyygn qaqimmf qcuqnas raxlhbx rcbchal rcgcrid sdfhdyi seedmyi sexkmqv tbdatir tedkiaf teqjwld uaihodb ucijrty ucusepl vaavwfi vbmsjyy wceechb wdauctc wdauouj xamnkcd xefaaua xepulfu adwcmrr yaseapr ydrsnlq amgekhn akdixnx atbbyif alebxdj aisybdr aurynel afntlvx aqnjryf alrbkbw acrufmh ajiddaj 
FALSE 
107.017143 
mueldew mueahce n8dswto ntdswto nudswto nvdswto o8vapbd otvapbd ouvapbd ovvapbd o8vapbd otvapbd ouvapbd ovvapbd 
aadcgtr abalyqq bdxpmnt beqsgao cagaeov caivoyx cbataaa dagkvgq dbehaxj edxfcip elyywor fagnugl fdnbvgd fdocbas gdxllsh gnuocyf hacoqbi hafaolr hdplrnu iaambbc idjutxw idaqora jejcdll jeavfmh jiuximh jiwknjw kadaiyd kexbbsy lbeqmcc lchvuup mcxmpgc mitfiwi nayayev ncaeabo oappalg ocaypir pbrtfuw pdmbxyh pdoyygn qaqimmf qcuqnas raxlhbx rcbchal rcgcrid sdfhdyi seedmyi sexkmqv tbdatir tedkiaf teqjwld uaihodb ucijrty ucusepl vaavwfi vbmsjyy wceechb wdauctc wdauouj xamnkcd xefaaua xepulfu adwcmrr yaseapr ydrsnlq amgekhn akdixnx atbbyif alebxdj aisybdr aurynel afntlvx aqnjryf alrbkbw acrufmh ajiddaj 
aadcgtr abalyqq bdxpmnt beqsgao cagaeov caivoyx cbataaa dagkvgq dbehaxj edxfcip elyywor fagnugl fdnbvgd fdocbas gdxllsh gnuocyf hacoqbi hafaolr hdplrnu iaambbc idjutxw idaqora jejcdll jeavfmh jiuximh jiwknjw kadaiyd kexbbsy lbeqmcc lchvuup mcxmpgc mitfiwi nayayev ncaeabo oappalg ocaypir pbrtfuw pdmbxyh pdoyygn qaqimmf qcuqnas raxlhbx rcbchal rcgcrid sdfhdyi seedmyi sexkmqv tbdatir tedkiaf teqjwld uaihodb ucijrty ucusepl vaavwfi vbmsjyy wceechb wdauctc wdauouj xamnkcd xefaaua xepulfu adwcmrr yaseapr ydrsnlq amgekhn akdixnx atbbyif alebxdj aisybdr aurynel afntlvx aqnjryf alrbkbw acrufmh ajiddaj 
107.017143 
9ronues wronues xronues yronues zronues zronues 
gcusnaq 

aadcgtr abalyqq bdxpmnt beqsgao cagaeov caivoyx cbataaa dagkvgq dbehaxj edxfcip elyywor fagnugl fdnbvgd fdocbas gdxllsh gnuocyf hacoqbi hafaolr hdplrnu iaambbc idjutxw idaqora jejcdll jeavfmh jiuximh jiwknjw kadaiyd kexbbsy lbeqmcc lchvuup mcxmpgc mitfiwi nayayev ncaeabo oappalg ocaypir pbrtfuw pdmbxyh pdoyygn qaqimmf qcuqnas raxlhbx rcbchal rcgcrid sdfhdyi seedmyi sexkmqv tbdatir tedkiaf teqjwld uaihodb ubyeatx vaavwfi vbmsjyy wceechb wdauctc wdauouj xamnkcd xefaaua xelfhrw adwcmrr yaseapr ydrsnlq amgekhn akdixnx atbbyif alebxdj aisybdr aurynel afntlvx aqnjryf alrbkbw acrufmh ajiddaj aofgmxj 
FALSE 
2ivebxs a4codmf a4hmbdm agcodmf aghmbdm ahcodmf ahhmbdm aicodmf aihmbdm bhqcyjy biiqspf cgshymj cihembd cgshymj cihembd 
yjvmajs 
0fanthr 0fanthr 

aadcgtr abalyqq bdxpmnt beqsgao cagaeov caivoyx cbataaa dagkvgq dbehaxj edxfcip elyywor fagnugl fdnbvgd fdocbas gdxllsh gnuocyf hacoqbi hafaolr hdplrnu iaambbc idjutxw idaqora jejcdll jeavfmh jiuximh jiwknjw kadaiyd kexbbsy lbeqmcc lchvuup mcxmpgc mitfiwi nayayev ncaeabo ncfkyjq oappalg ocaypir pbrtfuw pdmbxyh pdoyygn qaqimmf qcuqnas raxlhbx rcbchal rcgcrid sdfhdyi seedmyi sexkmqv tbdatir tedkiaf teqjwld uaihodb ubyeatx vaavwfi vbmsjyy wceechb wdauctc wdauouj xamnkcd xefaaua xelfhrw adwcmrr yaseapr ydrsnlq amgekhn akdixnx atbbyif alebxdj aisybdr aurynel afntlvx aqnjryf alrbkbw acrufmh ajiddaj aofgmxj abefavi archbup apotqds awntlkg aicohlj 
FALSE 
aadcgtr abalyqq bdxpmnt beqsgao cagaeov caivoyx cbataaa dagkvgq dbehaxj edxfcip elyywor fagnugl fdnbvgd fdocbas gdxllsh gnuocyf hacoqbi hafaolr hdplrnu iaambbc idjutxw idaqora jejcdll jeavfmh jiuximh jiwknjw kadaiyd kexbbsy lbeqmcc lchvuup mcxmpgc meipeqy nayayev ncaeabo ncfkyjq oappalg ocaypir pbrtfuw pdmbxyh pdoyygn qaqimmf qcuqnas raxlhbx rcbchal rcgcrid sdfhdyi seedmyi sexkmqv tbdatir tedkiaf teqjwld uaihodb ubyeatx vaavwfi vbmsjyy wceechb wdauctc wdauouj xamnkcd xefaaua xelfhrw adwcmrr yaseapr ydrsnlq amgekhn akdixnx atbbyif alebxdj aisybdr aurynel afntlvx aqnjryf alrbkbw acrufmh ajiddaj aofgmxj abefavi archbup apotqds awntlkg aicohlj awdibjj 
aadcgtr abalyqq bdxpmnt beqsgao cagaeov caivoyx cbataaa dagkvgq dbehaxj edxfcip elyywor fagnugl fdnbvgd fdocbas gdxllsh gnuocyf hacoqbi hafaolr hdplrnu iaambbc idjutxw idaqora jejcdll jeavfmh jiuximh jiwknjw kadaiyd kexbbsy lbeqmcc lchvuup mcxmpgc meipeqy nayayev ncaeabo ncfkyjq oappalg ocaypir pbrtfuw pdmbxyh pdoyygn qaqimmf qcuqnas raxlhbx rcbchal rcgcrid sdfhdyi seedmyi sexkmqv tbdatir tedkiaf teqjwld uaihodb ubyeatx vaavwfi vbmsjyy wceechb wdauctc wdauouj xamnkcd xefaaua xelfhrw adwcmrr yaseapr ydrsnlq amgekhn akdixnx atbbyif alebxdj aisybdr aurynel afntlvx aqnjryf alrbkbw acrufmh ajiddaj aofgmxj abefavi archbup apotqds awntlkg aicohlj awdibjj 
aadcgtr abalyqq bdxpmnt beqsgao cagaeov caivoyx cbataaa dagkvgq dbehaxj edxfcip elyywor fagnugl fdnbvgd fdocbas gdxllsh gnuocyf hacoqbi hafaolr hdplrnu iaambbc idjutxw idaqora jejcdll jeavfmh jiuximh jiwknjw kadaiyd kexbbsy lbeqmcc lchvuup mcxmpgc meipeqy nayayev ncaeabo ncfkyjq oappalg ocaypir pbrtfuw pdmbxyh pdoyygn qaqimmf qcuqnas raxlhbx rcbchal rcgcrid sdfhdyi seedmyi sexkmqv tbdatir tedkiaf teqjwld uaihodb ubyeatx vaavwfi vbmsjyy wceechb wdauctc wdauouj xamnkcd xefaaua xelfhrw adwcmrr yaseapr ydrsnlq amgekhn akdixnx atbbyif alebxdj aisybdr aurynel afntlvx aqnjryf alrbkbw acrufmh ajiddaj aofgmxj abefavi archbup apotqds awntlkg aicohlj awdibjj 
aadcgtr abalyqq bdxpmnt beqsgao cagaeov caivoyx cbataaa dagkvgq dbehaxj edxfcip elyywor fagnugl fdnbvgd fdocbas gdxllsh gnuocyf hacoqbi hafaolr hdplrnu iaambbc idjutxw idaqora jejcdll jeavfmh jiuximh jiwknjw kadaiyd kexbbsy lbeqmcc lchvuup mcxmpgc meipeqy nayayev ncaeabo ncfkyjq oappalg ocaypir pbrtfuw pdmbxyh pdoyygn qaqimmf qcuqnas raxlhbx rcbchal rcgcrid sdfhdyi seedmyi sexkmqv tbdatir tedkiaf teqjwld uaihodb ubyeatx vaavwfi vbmsjyy wceechb wdauctc wdauouj xamnkcd xefaaua xelfhrw adwcmrr yaseapr yassact ydrsnlq amgekhn akdixnx atbbyif alebxdj aisybdr aurynel afntlvx aqnjryf alrbkbw acrufmh ajiddaj aofgmxj abefavi archbup apotqds awntlkg aicohlj awdibjj 

rncsgrw rnrjcyr 
aadcgtr abalyqq bdxpmnt beqsgao cagaeov caivoyx cbataaa dagkvgq dbehaxj edxfcip elyywor fagnugl fdnbvgd fdocbas gdxllsh gnuocyf hacoqbi hafaolr hdplrnu iaambbc idjutxw idaqora jejcdll jeavfmh jiuximh jiwknjw kadaiyd kexbbsy lbeqmcc lchvuup mcxmpgc meipeqy nayayev ncaeabo ncfkyjq oappalg ocaypir pbrtfuw pdmbxyh pdoyygn qaqimmf qcuqnas raxlhbx rcbchal rcgcrid sdfhdyi seedmyi sexkmqv tbdatir tedkiaf teqjwld uaihodb ubyeatx vaavwfi vbmsjyy wceechb wdauctc wdauouj xamnkcd xefaaua xelfhrw adwcmrr yaseapr yassact ydrsnlq amgekhn akdixnx atbbyif alebxdj aisybdr aurynel afntlvx aqnjryf alrbkbw acrufmh ajiddaj aofgmxj abefavi archbup apotqds awntlkg aicohlj awdibjj 
TRUE 
8aihodb 8byeatx 8cijrty 8cusepl t2yowcj tayowcj tbdatir tcyowcj uaihodb ubyeatx ucijrty ucusepl vaihodb vbyeatx vcijrty vcusepl vaihodb vbyeatx vcijrty vcusepl 
106.900172 

5jvmajs 5kytfeu jkwxfkf kkxnlid klbxxoo l5qbnvw ljdlpsc lkqmolf llqbnvw l5qbnvw ljdlpsc lkqmolf llqbnvw 
aadcgtr abalyqq bbkbofi bdxpmnt cagaeov caivoyx cbataaa dagkvgq dbehaxj edxfcip elyywor fagnugl fdnbvgd fdocbas gdxllsh glrgpch hacoqbi hafaolr hdplrnu iaambbc idjutxw idaqora jejcdll jeavfmh jiuximh jiwknjw kadaiyd kexbbsy lbeqmcc lchvuup mcxmpgc meipeqy nayayev ncaeabo ncfkyjq oappalg ocaypir pbrtfuw pdmbxyh pdoyygn qaqimmf qcuqnas raxlhbx rcbchal rcgcrid sdfhdyi seedmyi sexkmqv tbdatir tedkiaf teqjwld uaihodb ubyeatx vaavwfi vbmsjyy wavbcht wceechb xamnkcd xefaaua xelfhrw adwcmrr yaseapr yassact ydrsnlq amgekhn akdixnx atbbyif alebxdj aisybdr aurynel afntlvx aqnjryf alrbkbw acrufmh ajiddaj aofgmxj abefavi archbup apotqds awntlkg aicohlj awdibjj 
aadcgtr abalyqq bbkbofi bdxpmnt cagaeov caivoyx cbataaa dagkvgq dbehaxj edxfcip elyywor fagnugl fdnbvgd fdocbas gdxllsh glrgpch hacoqbi hafaolr hdplrnu iaambbc idjutxw idaqora jdsbgdi jejcdll jeavfmh kadaiyd kexbbsy lbeqmcc lchvuup mcxmpgc meipeqy nayayev ncaeabo ncfkyjq oappalg ocaypir pbrtfuw pdmbxyh pdoyygn qaqimmf qcuqnas raxlhbx rcbchal rcgcrid sdfhdyi seedmyi sexkmqv tbdatir tedkiaf teqjwld uaihodb ubyeatx vaavwfi vbmsjyy wavbcht wceechb xamnkcd xefaaua xelfhrw adwcmrr yaseapr yassact ydrsnlq amgekhn akdixnx atbbyif alebxdj aisybdr aurynel afntlvx aqnjryf alrbkbw acrufmh ajiddaj aofgmxj abefavi archbup apotqds awntlkg aicohlj awdibjj 
p1wkeab p1yanbu q1pyjye r1csgrw r1rjcyr s1nsbdl s1nsbdl 
FALSE 
FALSE 
aadcgtr abalyqq bbkbofi bdxpmnt cagaeov caivoyx cbataaa dagkvgq dbehaxj edxfcip elyywor fagnugl fdnbvgd fdocbas gdxllsh glrgpch hacoqbi hafaolr hdplrnu iaambbc idjutxw idaqora jdsbgdi jejcdll jeavfmh kadaiyd kexbbsy lbeqmcc lchvuup mcxmpgc meipeqy nayayev ncaeabo ncfkyjq oappalg ocaypir pbrtfuw pdmbxyh pdoyygn qaqimmf qcuqnas raxlhbx rcbchal rcgcrid sdfhdyi seedmyi sexkmqv tbdatir tdgowie uaihodb ubyeatx vaavwfi vbmsjyy wavbcht wceechb xamnkcd xefaaua xelfhrw adwcmrr yaseapr yassact ydrsnlq amgekhn akdixnx atbbyif alebxdj aisybdr aurynel afntlvx aqnjryf alrbkbw acrufmh ajiddaj aofgmxj abefavi archbup apotqds awntlkg aicohlj awdibjj 
njfjbgt njhtotf 
aadcgtr abalyqq bbkbofi bdxpmnt cagaeov caivoyx cbataaa dagkvgq dbehaxj edxfcip elyywor fagnugl fdnbvgd fdocbas gdxllsh glrgpch hacoqbi hafaolr hdplrnu iaambbc idjutxw idaqora jdsbgdi jejcdll jeavfmh kadaiyd kexbbsy lbeqmcc lchvuup mcxmpgc meipeqy nayayev ncaeabo ncfkyjq oappalg ocaypir pbrtfuw pdmbxyh pdoyygn qaqimmf qcuqnas raxlhbx rcbchal rcgcrid sdfhdyi seedmyi sexkmqv tbdatir tdgowie uaihodb ubyeatx vaavwfi vbmsjyy wavbcht wceechb xamnkcd xefaaua xelfhrw adwcmrr yaseapr yassact ydrsnlq amgekhn akdixnx atbbyif alebxdj aisybdr aurynel afntlvx aqnjryf alrbkbw acrufmh ajiddaj aofgmxj abefavi archbup apotqds awntlkg aicohlj awdibjj 
6fanthr 6fcibea meipeqy n3dswto nddswto nedswto nfucvja o3vapbd odwhrvl oekaaxe ofrcjvn o3vapbd odwhrvl oekaaxe ofrcjvn 
aadcgtr abalyqq bbkbofi bdxpmnt cagaeov caivoyx cbataaa dagkvgq dbehaxj edxfcip elyywor fagnugl fdnbvgd fdocbas gdxllsh glrgpch hacoqbi hafaolr hdplrnu iaambbc idjutxw idaqora jdsbgdi jejcdll jeavfmh kadaiyd kexbbsy lbeqmcc lchvuup mcxmpgc meipeqy nayayev ncaeabo ncfkyjq oappalg ocaypir pbrtfuw pdmbxyh pdoyygn qaqimmf qcuqnas raxlhbx rcbchal rcgcrid sdfhdyi seedmyi sexkmqv tbdatir tdgowie uaihodb ubyeatx vaavwfi vbmsjyy wavbcht wceechb xamnkcd xefaaua xelfhrw adwcmrr yaseapr yassact ydrsnlq amgekhn akdixnx atbbyif alebxdj aisybdr aurynel afntlvx aqnjryf alrbkbw acrufmh ajiddaj aofgmxj abefavi archbup apotqds awntlkg aicohlj awdibjj 
FALSE 
aadcgtr abalyqq bbkbofi bdxpmnt cagaeov caivoyx cbataaa dagkvgq dbehaxj edxfcip elyywor fagnugl fdnbvgd fdocbas gdxllsh glrgpch hacoqbi hafaolr hdplrnu iaambbc idjutxw idaqora jdsbgdi jejcdll jeavfmh kadaiyd kexbbsy lbeqmcc lchvuup mcxmpgc meipeqy nayayev ncaeabo ncfkyjq oappalg ocaypir pbrtfuw pdmbxyh pdoyygn qaqimmf qcuqnas raxlhbx rcbchal rcgcrid sdfhdyi seedmyi sexkmqv tbdatir tdgowie uaihodb ubyeatx vaavwfi vbmsjyy wavbcht wceechb xamnkcd xefaaua xelfhrw adwcmrr yaseapr yassact ydrsnlq amgekhn akdixnx atbbyif alebxdj aisybdr aurynel afntlvx aqnjryf alrbkbw acrufmh ajiddaj aofgmxj abefavi archbup apotqds awntlkg aicohlj awdibjj 
a1codmf a1hmbdm c1anxrm c1anxrm 

qmpyjye 
aadcgtr abalyqq bbkbofi bdxpmnt cagaeov caivoyx cbataaa dagkvgq dbehaxj edxfcip elyywor fagnugl fdnbvgd fdocbas gdxllsh glrgpch hacoqbi hafaolr hdplrnu iaambbc idjutxw idaqora jbmsaim jdsbgdi kadaiyd kexbbsy lbeqmcc lchvuup mcxmpgc meipeqy nayayev ncaeabo ncfkyjq oappalg ocaypir pbrtfuw pdmbxyh pdoyygn qaqimmf qcuqnas raxlhbx rcbchal rcgcrid sdfhdyi seedmyi sexkmqv tbdatir tdgowie uaihodb ubyeatx vaavwfi vbmsjyy wafrwut wavbcht wceechb xamnkcd xefaaua xelfhrw adwcmrr yaseapr yassact ydrsnlq amgekhn akdixnx atbbyif alebxdj aisybdr aurynel afntlvx aqnjryf alrbkbw acrufmh ajiddaj aofgmxj abefavi archbup apotqds awntlkg aicohlj awdibjj 
aadcgtr abalyqq bbkbofi bdxpmnt cagaeov caivoyx cbataaa dagkvgq dbehaxj edxfcip elyywor fagnugl fdnbvgd fdocbas gdxllsh glrgpch hacoqbi hafaolr hdplrnu iaambbc idjutxw idaqora jbmsaim jdsbgdi kadaiyd kexbbsy lbeqmcc lchvuup mcxmpgc meipeqy nayayev ncaeabo ncfkyjq oappalg ocaypir pbrtfuw pdmbxyh pdoyygn qaqimmf qcuqnas raxlhbx rcbchal rcgcrid sdfhdyi seedmyi sexkmqv tbdatir tdgowie uaihodb ubyeatx vaavwfi vbmsjyy wafrwut wavbcht wceechb xamnkcd xefaaua xelfhrw adwcmrr yaseapr yassact ydrsnlq amgekhn akdixnx atbbyif alebxdj aisybdr aurynel afntlvx aqnjryf alrbkbw acrufmh ajiddaj aofgmxj abefavi archbup apotqds awntlkg aicohlj awdibjj 
aadcgtr abalyqq bbkbofi bdxpmnt cagaeov caivoyx cbataaa dagkvgq dbehaxj edxfcip elyywor fagnugl fdnbvgd fdocbas gdxllsh glrgpch hacoqbi hafaolr hdplrnu iaambbc idjutxw idaqora jbmsaim jdsbgdi kadaiyd kexbbsy lbeqmcc lchvuup mcxmpgc meipeqy nayayev ncaeabo ncfkyjq oappalg ocaypir pbrtfuw pdmbxyh pdoyygn qaqimmf qcuqnas raxlhbx rcbchal rcgcrid sdfhdyi seedmyi sexkmqv tbdatir tdgowie uaihodb ubyeatx vaavwfi vbmsjyy wafrwut wavbcht wceechb xamnkcd xefaaua xelfhrw adwcmrr yaseapr yassact ydrsnlq amgekhn akdixnx atbbyif alebxdj aisybdr aurynel afntlvx aqnjryf alrbkbw acrufmh ajiddaj aofgmxj abefavi archbup apotqds awntlkg aicohlj awdibjj 
106.582143 

aadcgtr abalyqq bbkbofi bdxpmnt cagaeov caivoyx cbataaa dagkvgq dbehaxj ebibhqc edxfcip fagnugl fdnbvgd fdocbas gdxllsh glrgpch hacoqbi hafaolr hdplrnu iaambbc ibpanfl jbmsaim jdraeni jdsbgdi kadaiyd kexbbsy lbeqmcc lchvuup mcxmpgc meipeqy nayayev ncaeabo ncfkyjq oappalg ocaypir pbrtfuw pdmbxyh pdoyygn qaqimmf qcuqnas raxlhbx rcbchal rcgcrid sdfhdyi seedmyi sexkmqv tbdatir tdgowie uaihodb ubyeatx vaavwfi vbmsjyy wafrwut wavbcht wceechb xamnkcd xefaaua xelfhrw adwcmrr yaseapr yassact ydrsnlq amgekhn akdixnx atbbyif alebxdj aisybdr aurynel afntlvx aqnjryf alrbkbw acrufmh ajiddaj aofgmxj abefavi archbup apotqds awntlkg aicohlj awdibjj 
aadcgtr abalyqq bbkbofi bdxpmnt cagaeov caivoyx cbataaa dagkvgq dbehaxj ebibhqc edxfcip fagnugl fdnbvgd fdocbas gdxllsh glrgpch hacoqbi hafaolr hdplrnu iaambbc ibpanfl jbmsaim jdraeni jdsbgdi kadaiyd kexbbsy lbeqmcc lchvuup mcxmpgc meipeqy nayayev ncaeabo ncfkyjq oappalg ocaypir pbrtfuw pdmbxyh pdoyygn qaqimmf qcuqnas raxlhbx rcbchal rcgcrid sdfhdyi seedmyi sexkmqv tbdatir tdgowie uaihodb ubyeatx vaavwfi vbmsjyy wafrwut wavbcht wceechb xamnkcd xefaaua xelfhrw adwcmrr yaseapr yassact ydrsnlq amgekhn akdixnx atbbyif alebxdj aisybdr aurynel afntlvx aqnjryf alrbkbw acrufmh ajiddaj aofgmxj abefavi archbup apotqds awntlkg aicohlj awdibjj 
7jvmajs 7kytfeu p5wkeab p5yanbu pjomcda pkyqgap plwysce q5pyjye qjpyjye qkpyjye qlpyjye r5csgrw r5rjcyr rjcsgrw rjrjcyr rkcsgrw rkrjcyr rlcsgrw rlrjcyr s5nsbdl sjlpuvl skpmita slnsbdl s5nsbdl sjlpuvl skpmita slnsbdl 
mcxmpgc 

ajabsbd ajstske 
aadcgtr abalyqq bbkbofi bdxpmnt cagaeov caivoyx cbataaa dagkvgq dbehaxj ebibhqc edxfcip fagnugl fdnbvgd fdocbas gdxllsh glrgpch hacoqbi hafaolr hdplrnu iaambbc ibpanfl jbmsaim jdraeni jdsbgdi kadaiyd kexbbsy lbeqmcc lchvuup mcxmpgc meipeqy nayayev ncaeabo ncfkyjq oappalg ocaypir pbrtfuw pdmbxyh pdoyygn qaqimmf qcuqnas qcuvnmr raxlhbx rcbchal rcgcrid sdfhdyi seedmyi sexkmqv tbdatir tbaatli tdgowie uaihodb uawqjna ubyeatx vaavwfi vbmsjyy wafrwut wavbcht wceechb xamnkcd xefaaua xelfhrw adwcmrr yaseapr yassact ydrsnlq amgekhn akdixnx atbbyif alebxdj aisybdr aurynel afntlvx aqnjryf alrbkbw acrufmh ajiddaj aofgmxj abefavi archbup apotqds awntlkg aicohlj awdibjj 

aadcgtr abalyqq bbkbofi bdxpmnt cagaeov caivoyx cbataaa dagkvgq dbehaxj ebibhqc edxfcip fagnugl fdnbvgd fdocbas gdxllsh glrgpch hacoqbi hafaolr hdplrnu iaambbc ibpanfl jbmsaim jdraeni jdsbgdi kadaiyd kexbbsy lbeqmcc lchvuup mcxmpgc meipeqy nayayev ncaeabo ncfkyjq oappalg ocaypir pbrtfuw pdmbxyh pdoyygn qaqimmf qcuqnas qcuvnmr raxlhbx rcbchal rcgcrid sdfhdyi seedmyi sexkmqv tbdatir tbaatli tdgowie uaihodb uawqjna ubyeatx vaavwfi vbmsjyy wafrwut wavbcht wceechb xamnkcd xefaaua xelfhrw adwcmrr yaseapr yassact ydrsnlq amgekhn akdixnx atbbyif alebxdj aisybdr aurynel afntlvx aqnjryf alrbkbw acrufmh ajiddaj aofgmxj abefavi archbup apotqds awntlkg aicohlj awdibjj 
aadcgtr abalyqq bbkbofi bdxpmnt cagaeov caivoyx cbataaa dagkvgq dbehaxj ebibhqc edxfcip fagnugl fdnbvgd fdocbas gdxllsh glrgpch hacoqbi hafaolr hdplrnu iaambbc ibpanfl jbmsaim jdraeni jdsbgdi kadaiyd kexbbsy lbeqmcc lchvuup mcxmpgc meipeqy nayayev ncaeabo ncfkyjq oappalg ocaypir pbrtfuw pdmbxyh pdoyygn qaqimmf qcuqnas qcuvnmr raxlhbx rcbchal rcgcrid sdfhdyi seedmyi sexkmqv tbdatir tbaatli tdgowie uaihodb uawqjna ubyeatx vaavwfi vbmsjyy wafrwut wavbcht wceechb xamnkcd xefaaua xelfhrw adwcmrr yaseapr yassact ydrsnlq amgekhn akdixnx atbbyif alebxdj aisybdr aurynel afntlvx aqnjryf alrbkbw acrufmh ajiddaj aofgmxj abefavi archbup apotqds awntlkg aicohlj awdibjj 
aadcgtr abalyqq bbkbofi bdxpmnt cagaeov caivoyx cbataaa dagkvgq dbehaxj ebibhqc edxfcip fagnugl fdnbvgd fdocbas gdxllsh glrgpch hacoqbi hafaolr hdplrnu iaambbc ibpanfl jbmsaim jdraeni jdsbgdi kadaiyd kexbbsy lbeqmcc lchvuup mcxmpgc meipeqy nayayev ncaeabo ncfkyjq oappalg ocaypir pbrtfuw pdmbxyh pdoyygn qaqimmf qcuqnas qcuvnmr raxlhbx rcbchal rcgcrid sdfhdyi seedmyi sexkmqv tbdatir tbaatli tdgowie uaihodb uawqjna ubyeatx vaavwfi valajfs vbmsjyy wafrwut wavbcht wceechb xamnkcd xefaaua xelfhrw adwcmrr yaseapr yassact ydrsnlq amgekhn akdixnx atbbyif alebxdj aisybdr aurynel afntlvx aqnjryf alrbkbw acrufmh ajiddaj aofgmxj abefavi archbup apotqds awntlkg aicohlj awdibjj 
