
ayfxbdn hlcrruh ivqpian wwykado 
ayfxbdn hlcrruh ivqpian nvpustv pbntsrr pqjdovx qnfijbk txjuxel wwykado awowknc xjysweb 
109.802198 
FALSE 
FALSE 
109.518797 
FALSE 
FALSE 
aruvtiy ayfxbdn dxsscor eumweiq euxblca gddaaat hbqvkry hlcrruh iqhbapr ivqpian jsrbtoj keiqkun mdfpner nvpustv pbntsrr pqjdovx qnfijbk swmivlf txjuxel uogxelr wwykado awowknc xftrtcq xjysweb antcvap 


uogxelr 
FALSE 

108.992674 

ahqkrww aruvtiy bbidjkr bhohbcr cnyrnxp dxsscor eumweiq euxblca eykoxqf feotxct gddaaat godosae hbqvkry hlcrruh iqhbapr ivqpian jsrbtoj jyridmm keiqkun kmvrtcj llqpxrf lrcaqaw mdfpner msfwcgm nvpustv oacqaxl pbntsrr pebgtuv qnfijbk quemxev regwhaw sqixpac swmivlf txjuxel uogxelr uyfaykm vcwsevm wpncdoh wwykado awowknc xftrtcq xhgvjqh antcvap akxwowk asfkadk yexjtng 
TRUE 
ahqkrww arkyqdh aruvtiy bbidjkr bhohbcr cnyrnxp dxsscor eumweiq euxblca eykoxqf feotxct gddaaat godosae hbqvkry hlcrruh iqhbapr ivqpian jsrbtoj jyridmm keiqkun kmvrtcj llqpxrf lrcaqaw mdfpner msfwcgm nvpustv oacqaxl pbntsrr pboimvo pebgtuv qnfijbk quemxev regwhaw sqixpac swmivlf txjuxel uogxelr uyfaykm vcwsevm wpncdoh wwykado awowknc xftrtcq xhgvjqh antcvap akxwowk asfkadk yexjtng axvxbmy 


hyeolnd 
ahqkrww arkyqdh aruvtiy bbidjkr bhohbcr cnyrnxp ctpvhae dxsscor eksnoqg eumweiq euxblca feotxct gddaaat godosae hbqvkry hbtrppr hlcrruh ipudbgh iqhbapr jsrbtoj jyridmm keiqkun kmvrtcj llqpxrf lrcaqaw mdfpner msfwcgm nvpustv oacqaxl oqgfsbx pbntsrr pboimvo pebgtuv qnfijbk quemxev regwhaw skadxtg sqixpac txjuxel uogxelr uyfaykm vcwsevm wpncdoh wwykado awowknc xftrtcq xhgvjqh antcvap akxwowk asfkadk yexjtng axvxbmy 

ahqkrww arkyqdh aruvtiy bbidjkr bhohbcr cnyrnxp ctpvhae dxsscor eksnoqg eumweiq euxblca feotxct gddaaat godosae hbqvkry hbtrppr hlcrruh ipudbgh iqhbapr jsrbtoj jyridmm keiqkun kmvrtcj llqpxrf lrcaqaw mdfpner msfwcgm nvpustv oacqaxl oqgfsbx pbntsrr pboimvo pebgtuv qnfijbk quemxev regwhaw skadxtg sqixpac txjuxel uogxelr uyfaykm vcwsevm wpncdoh wwykado awowknc xftrtcq xhgvjqh antcvap akxwowk asfkadk yexjtng axvxbmy 

ahqkrww arkyqdh aruvtiy bbidjkr bhohbcr cnyrnxp ctpvhae dxsscor eksnoqg eumweiq euxblca feotxct gddaaat ggmhxeo hbqvkry hbtrppr hlcrruh ipudbgh iqhbapr jsrbtoj jyridmm keiqkun kmvrtcj llqpxrf lrcaqaw mdfpner msfwcgm nvpustv oacqaxl oqgfsbx pbntsrr pboimvo pebgtuv qnfijbk quemxev regwhaw skadxtg sqixpac txjuxel uogxelr uyfaykm vcwsevm vjnxmox wpncdoh wwykado awowknc xftrtcq xhgvjqh antcvap akxwowk asfkadk yexjtng axvxbmy 
FALSE 
ahqkrww arkyqdh aruvtiy bbidjkr bhohbcr cnyrnxp ctpvhae dllsmhc dxsscor eksnoqg eumweiq euxblca fbmthug feotxct gddaaat ggmhxeo hbqvkry hbtrppr hlcrruh ilqglql ipudbgh jsrbtoj jyridmm keiqkun kmvrtcj llqpxrf lrcaqaw mdfpner msfwcgm nvpustv oacqaxl oqgfsbx pbntsrr pboimvo pebgtuv qnfijbk quemxev regwhaw rkdxjsl skadxtg sqixpac txjuxel uogxelr uyfaykm vcwsevm vjnxmox wpncdoh wwykado awowknc xftrtcq xhgvjqh antcvap akxwowk asfkadk yexjtng yajwfaw axvxbmy 


ahqkrww arkyqdh aruvtiy bbidjkr bhohbcr cnyrnxp ctpvhae dllsmhc dxsscor eksnoqg eumweiq euxblca fbmthug feotxct gddaaat ggmhxeo hbqvkry hbtrppr hlcrruh ilqglql ipudbgh jsrbtoj jtluflg keiqkun kmvrtcj laqfqiq llqpxrf mdfpner msfwcgm nvpustv oacqaxl oqgfsbx pbntsrr pboimvo pebgtuv qnfijbk quemxev regwhaw rkdxjsl skadxtg sqixpac txjuxel uogxelr uyfaykm vcwsevm vjnxmox wpncdoh wwykado awowknc xftrtcq xhgvjqh antcvap akxwowk asfkadk yexjtng yajwfaw axvxbmy 


108.946731 
108.912833 
ahqkrww arkyqdh aruvtiy bbidjkr bhohbcr cnyrnxp ctpvhae dllsmhc dxsscor eksnoqg enqlvdv fbmthug feotxct gddaaat ggmhxeo hbqvkry hbtrppr hfvaagp ilqglql ipudbgh jsrbtoj jtluflg keiqkun khuvjcv laqfqiq lgdwfxp mdfpner msfwcgm nvpustv nwakqym oacqaxl oafofws oqgfsbx pbntsrr pboimvo pebgtuv qgypwcy qnfijbk regwhaw rkdxjsl skadxtg slhwfaj txjuxel uogxelr uyfaykm vcwsevm vjnxmox wiwkxlm wpncdoh awowknc xftrtcq xhgvjqh antcvap akxwowk asfkadk yexjtng yajwfaw axvxbmy ayvianp 

wiwkxlm xhgvjqh 
FALSE 
ahqkrww arkyqdh aruvtiy bbidjkr bhohbcr cjdggrg cnyrnxp dllsmhc dxsscor eksnoqg ememheq fbmthug feotxct gddaaat ggmhxeo hbqvkry hbtrppr hfvaagp idnxemm ilqglql jsrbtoj jtluflg keiqkun khuvjcv laqfqiq lgdwfxp mbtynjj mdfpner nvpustv nwakqym oacqaxl oafofws oqgfsbx pbntsrr pboimvo pebgtuv qgypwcy qnfijbk regwhaw rkdxjsl skadxtg slhwfaj txjuxel uogxelr uyfaykm vcwsevm vjnxmox wiwkxlm wpncdoh awowknc xftrtcq xhgvjqh antcvap akxwowk asfkadk yexjtng yajwfaw axvxbmy ayvianp axtdhdl abgkuqq 
ahqkrww arkyqdh aruvtiy bbidjkr bhohbcr cjdggrg cnyrnxp dllsmhc dxsscor eksnoqg ememheq fbmthug feotxct gddaaat ggmhxeo hbqvkry hbtrppr hfvaagp idnxemm ilqglql jsrbtoj jtluflg keiqkun khuvjcv laqfqiq lgdwfxp mbtynjj mdfpner nvpustv nwakqym oacqaxl oafofws oqgfsbx pbntsrr pboimvo pebgtuv qgypwcy qnfijbk regwhaw rkdxjsl skadxtg slhwfaj txjuxel uogxelr uyfaykm vcwsevm vjnxmox wiwkxlm wpncdoh awowknc xftrtcq xhgvjqh antcvap akxwowk asfkadk yexjtng yajwfaw axvxbmy ayvianp axtdhdl abgkuqq 

TRUE 
FALSE 
ahqkrww arkyqdh aruvtiy bbidjkr bhohbcr cjdggrg cnyrnxp dllsmhc dxsscor eksnoqg ememheq fbmthug feotxct gddaaat ggmhxeo hbqvkry hbtrppr hfvaagp idnxemm ilqglql jsrbtoj jtluflg keiqkun khuvjcv laqfqiq lgdwfxp mbtynjj mdfpner nvpustv nwakqym oacqaxl oafofws oqgfsbx pbntsrr pboimvo pebgtuv qgypwcy qnfijbk regwhaw rkdxjsl skadxtg slhwfaj txjuxel uljgtku uogxelr vcwsevm vjnxmox wiwkxlm wpncdoh awowknc xftrtcq xhgvjqh antcvap akxwowk asfkadk yexjtng yajwfaw axvxbmy ayvianp axtdhdl abgkuqq 
ahqkrww arkyqdh aruvtiy bbidjkr bhohbcr cjdggrg cnyrnxp dllsmhc dwsaaam eksnoqg ememheq fbmthug feotxct gddaaat ggmhxeo hbqvkry hbtrppr hfvaagp idnxemm ilqglql jsrbtoj jtluflg keiqkun khuvjcv laqfqiq lgdwfxp mbtynjj mdfpner nvpustv nwakqym oacqaxl oafofws ocffxgc pbntsrr pboimvo pebgtuv qbuvxnl qgypwcy regwhaw rkdxjsl skadxtg slhwfaj txjuxel uljgtku uogxelr vcwsevm vjnxmox wiwkxlm wpncdoh awowknc xftrtcq xhgvjqh antcvap akxwowk asfkadk yexjtng yajwfaw axvxbmy ayvianp axtdhdl abgkuqq 
FALSE 

o1gfsbx o1gfsbx 

FALSE 
yajwfaw 

hiuijou 
FALSE 
108.532258 
ahqkrww arkyqdh aruvtiy bbidjkr bhohbcr cjdggrg cnyrnxp dllsmhc domcpgi efgqmvo eksnoqg fbmthug feotxct gddaaat ggmhxeo hbqvkry hbtrppr hfvaagp idnxemm ilqglql jsrbtoj jtluflg keiqkun khuvjcv laqfqiq lgdwfxp mbtynjj mdfpner nvpustv nwakqym oacqaxl oafofws ocffxgc pbntsrr pboimvo pebgtuv qbuvxnl qcrdijo regwhaw rhlbalw skadxtg slhwfaj txjuxel uljgtku uogxelr vcwsevm vgfampq wiwkxlm wpncdoh awowknc xffiere xftrtcq xhgvjqh antcvap akxwowk asfkadk yexjtng yajwfaw axvxbmy ayvianp axtdhdl abgkuqq 
108.532258 
ahqkrww arkyqdh aruvtiy bbidjkr bhohbcr cjdggrg cnyrnxp dllsmhc domcpgi efgqmvo eksnoqg fbmthug fegiahv feotxct gddaaat ggmhxeo hbqvkry hbtrppr hfvaagp idnxemm ilqglql jsrbtoj jtluflg keiqkun khuvjcv laqfqiq lgdwfxp mbtynjj mdfpner nvpustv nwakqym oacqaxl oafofws ocffxgc pbntsrr pboimvo pebgtuv qbuvxnl qcrdijo regwhaw rhlbalw skadxtg slhwfaj txjuxel uljgtku uogxelr vcwsevm vgfampq wiwkxlm wpncdoh awowknc xffiere xftrtcq xhgvjqh antcvap akxwowk asfkadk yexjtng yajwfaw axvxbmy ayvianp axtdhdl abgkuqq 
ahqkrww arkyqdh aruvtiy bbidjkr bhohbcr cjdggrg cnyrnxp dllsmhc domcpgi efgqmvo eksnoqg fbmthug fegiahv feotxct gddaaat ggmhxeo hbqvkry hbtrppr hfvaagp idjabmm idnxemm ilqglql jsrbtoj jtluflg keiqkun khuvjcv laqfqiq lfptgif mbtynjj mdfpner ngajxep nvpustv oacqaxl oafofws ocffxgc pbntsrr pboimvo pebgtuv qbuvxnl qcrdijo regwhaw rhlbalw skadxtg slhwfaj txjuxel udieigx uljgtku vcwsevm vgfampq wiwkxlm wpncdoh awowknc xffiere xftrtcq xhgvjqh antcvap akxwowk asfkadk yexjtng yajwfaw axvxbmy ayvianp axtdhdl abgkuqq aynilkx aiwrjwb 

j4anqry jganqry jhanqry jianqry khuvjcv lgdwfxp lgdwfxp 
ahqkrww arkyqdh aruvtiy bbidjkr bdnovaj cjdggrg cnyrnxp dllsmhc domcpgi efgqmvo eksnoqg fbmthug fegiahv feotxct gddaaat ggmhxeo hbqvkry hbtrppr hfvaagp icqtduq idjabmm idnxemm jsrbtoj jtluflg keiqkun khuvjcv laqfqiq lfptgif mbtynjj mdfpner ngajxep nvpustv oacqaxl oafofws ocffxgc pbntsrr pboimvo pebgtuv qbuvxnl qcrdijo regwhaw rhlbalw skadxtg slhwfaj tkrdyug txjuxel udieigx uljgtku vcwsevm vgfampq wiwkxlm wpncdoh awowknc xffiere xftrtcq xhgvjqh antcvap akxwowk asfkadk yexjtng yajwfaw axvxbmy ayvianp axtdhdl abgkuqq aynilkx aiwrjwb avfjpva 
ahqkrww arkyqdh aruvtiy bbidjkr bdnovaj cjdggrg cnyrnxp dllsmhc domcpgi efgqmvo eksnoqg fbmthug fegiahv feotxct gddaaat ggmhxeo hbqvkry hbtrppr hfvaagp icqtduq idjabmm idnxemm jsrbtoj jtluflg keiqkun khuvjcv laqfqiq lfptgif mbtynjj mdfpner ngajxep nvpustv oacqaxl oafofws ocffxgc pbntsrr pboimvo pebgtuv qbuvxnl qcrdijo regwhaw rhlbalw skadxtg slhwfaj tkrdyug txjuxel udieigx uljgtku vcwsevm vgfampq wiwkxlm wpncdoh awowknc xffiere xftrtcq xhgvjqh antcvap akxwowk asfkadk yexjtng yajwfaw axvxbmy ayvianp axtdhdl abgkuqq aynilkx aiwrjwb avfjpva 
TRUE 
FALSE 
FALSE 
hfvaagp 
ahqkrww aidxwxr bbidjkr bdnovaj cjdggrg cnyrnxp dllsmhc domcpgi efgqmvo eksnoqg fbmthug fegiahv feotxct gcxnvou gddaaat hbfjqih hbqvkry hfvaagp ibyhtfv icqtduq jsrbtoj jtluflg keiqkun khuvjcv khwimqx laqfqiq lfptgif maswnln mbtynjj ngajxep nvpustv oacqaxl oafofws ocffxgc pbntsrr pboimvo pebgtuv qbuvxnl qcrdijo regwhaw rhlbalw skadxtg slhwfaj teiocrc thpwpel udieigx uljgtku vcwsevm vgfampq wiwkxlm wpncdoh awowknc xffiere xftrtcq xhgvjqh antcvap akxwowk asfkadk yexjtng yajwfaw axvxbmy ayvianp axtdhdl abgkuqq aynilkx aiwrjwb avfjpva atcfdsp akwwxhy 
qcrdijo 
qemryoe 
wiwkxlm xhgvjqh y4aslsa ygaslsa yhaslsa yiaslsa 

ahqkrww aidxwxr bbidjkr bdnovaj cjdggrg cnyrnxp dllsmhc dnkcpey efgqmvo eksnoqg fbmthug fegiahv feotxct gcxnvou gddaaat hbfjqih hbqvkry hfvaagp ibyhtfv icqtduq jsrbtoj jtluflg keiqkun khuvjcv khwimqx laqfqiq lfptgif maswnln mbtynjj ngajxep nvpustv oacqaxl oafofws ocffxgc pbntsrr pboimvo pebgtuv qbuvxnl qcrdijo regwhaw rhlbalw sgqrhgt skadxtg teiocrc thpwpel udieigx uljgtku vcwsevm vgfampq wiwkxlm wpncdoh awowknc xffiere xftrtcq xhgvjqh antcvap akxwowk asfkadk yexjtng yajwfaw axvxbmy ayvianp axtdhdl abgkuqq aynilkx aiwrjwb avfjpva atcfdsp akwwxhy apvuwwa akpscnl 
ankyqdh anuvtiy 

pqjdovx qrmhbud spihilr sqixpac spihilr sqixpac 
ahqkrww aidxwxr ailbocn bbidjkr bdnovaj cjdggrg cnyrnxp dllsmhc dnkcpey efgqmvo eksnoqg fbmthug fegiahv feotxct gcxnvou gddaaat hbfjqih hbqvkry hfvaagp ibyhtfv icqtduq jsrbtoj jtluflg keiqkun khuvjcv khwimqx laqfqiq lfptgif maswnln mbtynjj ngajxep nhqobqd oacqaxl oafofws ocffxgc pbntsrr pboimvo pebgtuv qbuvxnl qcrdijo regwhaw rhlbalw sgqrhgt skadxtg teiocrc thpwpel udieigx uljgtku vcwsevm vgfampq wiwkxlm wpncdoh awowknc xffiere xftrtcq xhgvjqh antcvap akxwowk asfkadk yexjtng yajwfaw axvxbmy ayvianp axtdhdl abgkuqq aynilkx aiwrjwb avfjpva atcfdsp akwwxhy apvuwwa akpscnl anljwan 
bxkbmar 
FALSE 
FALSE 
acmemdd ahqkrww bbidjkr bdnovaj cjdggrg cnyrnxp dllsmhc dnkcpey efgqmvo eksnoqg fbmthug fegiahv feotxct gcxnvou gddaaat hbfjqih hbqvkry hfvaagp ibyhtfv icqtduq jsrbtoj jtluflg keiqkun khuvjcv khwimqx laqfqiq lfptgif maswnln mbtynjj nfadwha ngajxep oacqaxl oafofws ocffxgc pbntsrr pboimvo pebgtuv qbuvxnl qcrdijo regwhaw rhlbalw sgqrhgt skadxtg teiocrc thpwpel udieigx uljgtku vcwsevm vgfampq wiwkxlm wpncdoh awowknc xffiere xftrtcq xhgvjqh antcvap akxwowk asfkadk yexjtng yajwfaw axvxbmy ayvianp axtdhdl abgkuqq aynilkx aiwrjwb avfjpva atcfdsp akwwxhy apvuwwa akpscnl anljwan 
maswnln 
acmemdd ahqkrww bbidjkr bdnovaj cjdggrg cnyrnxp dllsmhc dnkcpey efgqmvo eksnoqg fbmthug fegiahv feotxct gcxnvou gddaaat hbfjqih hbqvkry hfvaagp ibyhtfv icqtduq jsrbtoj jtluflg keiqkun khuvjcv khwimqx laqfqiq lfptgif maswnln mbtynjj nfadwha ngajxep oacqaxl oafofws ocffxgc pbntsrr pboimvo pebgtuv qbuvxnl qcrdijo regwhaw rhlbalw sgqrhgt skadxtg teiocrc thpwpel udieigx uljgtku vcwsevm vgfampq wiwkxlm wpncdoh awowknc xffiere xftrtcq xhgvjqh antcvap akxwowk asfkadk yexjtng yajwfaw axvxbmy ayvianp axtdhdl abgkuqq aynilkx aiwrjwb avfjpva atcfdsp akwwxhy apvuwwa akpscnl anljwan 
j2anqry jaerbsy jbanqry jcanqry laqfqiq laqfqiq 
teiocrc udieigx 

ojgfsbx 
vqurxre vqurxre 
acmemdd ahqkrww bbidjkr bdnovaj cjdggrg cnyrnxp dllsmhc dnkcpey edxkueh efgqmvo fbmthug fegiahv feotxct gcxnvou gddaaat hbfjqih hbqvkry hfvaagp ibyhtfv icqtduq jckmiko jclexqn jgtdlvw keiqkun khuvjcv khwimqx laqfqiq lfljsti lfptgif maswnln mbtynjj nfadwha ngajxep oacqaxl oafofws ocffxgc pbntsrr pboimvo pebgtuv qbuvxnl qcrdijo regwhaw rhlbalw sgqrhgt skadxtg teiocrc thpwpel udieigx uljgtku vcwsevm vgfampq wiwkxlm wnuylfj awowknc xffiere xftrtcq xhgvjqh antcvap akxwowk asfkadk yexjtng yajwfaw axvxbmy ayvianp axtdhdl abgkuqq aynilkx aiwrjwb avfjpva atcfdsp akwwxhy apvuwwa akpscnl anljwan agebfgq 
spihilr 
108.061224 
acmemdd ahqkrww bbidjkr bdnovaj cjdggrg cnyrnxp dllsmhc dmdhvqt edxkueh efgqmvo fbmthug fegiahv feotxct gcxnvou gddaaat hbfjqih hbqvkry hfvaagp ibyhtfv icqtduq jckmiko jclexqn jgtdlvw keiqkun khuvjcv khwimqx laqfqiq lfljsti lfptgif maswnln mbtynjj nfadwha ngajxep oacqaxl oafofws ocffxgc pbntsrr pboimvo pebgtuv qbuvxnl qcrdijo regwhaw rhlbalw sgqrhgt skadxtg teiocrc thpwpel udieigx uljgtku vcwsevm vgfampq wgqiapd wiwkxlm awowknc xffiere xftrtcq xhgvjqh antcvap akxwowk asfkadk yexjtng yajwfaw axvxbmy ayvianp axtdhdl abgkuqq aynilkx aiwrjwb avfjpva atcfdsp akwwxhy apvuwwa akpscnl anljwan agebfgq auhnrwb afaylai 
acmemdd ahqkrww bbidjkr bdnovaj cjdggrg cnyrnxp dllsmhc dmdhvqt edxkueh efgqmvo fbmthug fegiahv feotxct gcxnvou gddaaat hbfjqih hbqvkry hfvaagp ibyhtfv icqtduq jckmiko jclexqn jgtdlvw keiqkun khuvjcv khwimqx laqfqiq lfljsti lfptgif maswnln mbtynjj nfadwha ngajxep oacqaxl oafofws ocffxgc pbntsrr pboimvo pebgtuv qbuvxnl qcrdijo regwhaw rhlbalw sgqrhgt skadxtg teiocrc thpwpel udieigx uljgtku vcwsevm vgfampq wgqiapd wiwkxlm awowknc xffiere xftrtcq xhgvjqh antcvap akxwowk asfkadk yexjtng yajwfaw axvxbmy ayvianp axtdhdl abgkuqq aynilkx aiwrjwb avfjpva atcfdsp akwwxhy apvuwwa akpscnl anljwan agebfgq auhnrwb afaylai 
FALSE 
yjaslsa 
j3anqry jdanqry jeanqry jfanqry keiqkun lfljsti lfptgif lfljsti lfptgif 
acmemdd ahqkrww bbidjkr bdnovaj cjdggrg clwblnr dllsmhc dmdhvqt edxkueh efgqmvo fbmthug fegiahv feotxct gcxnvou gddaaat hbfjqih hbjermj hfvaagp ibyhtfv icqtduq jckmiko jclexqn jgtdlvw keiqkun khuvjcv khwimqx laqfqiq lfljsti lfptgif maswnln mbtynjj nfadwha ngajxep oacqaxl oafofws ocffxgc pbntsrr pboimvo pebgtuv qbuvxnl qcrdijo regwhaw rhlbalw sgqrhgt skadxtg teiocrc thhjwvo thpwpel udieigx uljgtku vcwsevm vgfampq wgqiapd wiwkxlm awowknc xffiere xftrtcq xhgvjqh antcvap akxwowk asfkadk yexjtng yajwfaw axvxbmy ayvianp axtdhdl abgkuqq aynilkx aiwrjwb avfjpva atcfdsp akwwxhy apvuwwa akpscnl anljwan agebfgq auhnrwb afaylai 
o5gfsbx ojgfsbx okgfsbx olgfsbx o5gfsbx ojgfsbx okgfsbx olgfsbx 
y2aslsa yajwfaw ybaslsa ycaslsa 

acmemdd ahqkrww bbidjkr bdnovaj cjdggrg clwblnr dllsmhc dmdhvqt edxkueh efgqmvo fbmthug fcalync gcxnvou gddaaat hbfjqih hbjermj hcdface ibyhtfv icqtduq jagncbs jckmiko jclexqn keiqkun khuvjcv khwimqx laqfqiq lfljsti lfptgif maswnln mbtynjj nfadwha nfarxll ngajxep ngtcrcp oacqaxl oafofws ocffxgc ocycccv pbntsrr pboimvo pebgtuv qbuvxnl qcrdijo regwhaw rhlbalw sgqrhgt skadxtg teiocrc thhjwvo thpwpel udieigx uljgtku vcwsevm vgfampq wgqiapd wiwkxlm awowknc xffiere xftrtcq xhgvjqh antcvap akxwowk asfkadk yexjtng yajwfaw axvxbmy ayvianp axtdhdl abgkuqq aynilkx aiwrjwb avfjpva atcfdsp akwwxhy apvuwwa akpscnl anljwan agebfgq auhnrwb afaylai 
acmemdd ahqkrww bbidjkr bdnovaj cjdggrg clwblnr dllsmhc dmdhvqt edxkueh efgqmvo fbmthug fcalync gcxnvou gddaaat hbfjqih hbjermj hcdface ibyhtfv icqtduq jagncbs jckmiko jclexqn keiqkun khuvjcv khwimqx laqfqiq lfljsti lfptgif maswnln mbtynjj nfadwha nfarxll ngajxep ngtcrcp oacqaxl oafofws ocffxgc ocycccv pbntsrr pboimvo pebgtuv qbuvxnl qcrdijo regwhaw rhlbalw sgqrhgt skadxtg teiocrc thhjwvo thpwpel udieigx uljgtku vcwsevm vgfampq wgqiapd wiwkxlm awowknc xffiere xftrtcq xhgvjqh antcvap akxwowk asfkadk yexjtng yajwfaw axvxbmy ayvianp axtdhdl abgkuqq aynilkx aiwrjwb avfjpva atcfdsp akwwxhy apvuwwa akpscnl anljwan agebfgq auhnrwb afaylai 
acmemdd ahqkrww bbidjkr bdnovaj ccieoxv cjdggrg dllsmhc dmdhvqt edxkueh efgqmvo fbmthug fcalync gcxnvou gddaaat hbfjqih hbjermj hcdface ibyhtfv icqtduq jagncbs jckmiko jclexqn keiqkun khuvjcv khwimqx laqfqiq lfljsti lfptgif maswnln mbtynjj nfadwha nfarxll ngajxep ngtcrcp oacqaxl oafofws ocffxgc ocycccv pbntsrr pboimvo pebgtuv qbuvxnl qcrdijo regwhaw rhlbalw sgqrhgt skadxtg teiocrc thhjwvo thpwpel udieigx uljgtku vcwsevm vgfampq wgqiapd wiwkxlm awowknc xffiere xftrtcq xhgvjqh antcvap akxwowk asfkadk yexjtng yajwfaw axvxbmy ayvianp axtdhdl abgkuqq aynilkx aiwrjwb avfjpva atcfdsp akwwxhy apvuwwa akpscnl anljwan agebfgq auhnrwb afaylai 
acmemdd ahqkrww bbidjkr bdnovaj ccieoxv cjdggrg dllsmhc dmdhvqt edxkueh efgqmvo fbmthug fcalync gcxnvou gddaaat hbfjqih hbjermj hcdface ibyhtfv icqtduq jagncbs jckmiko jclexqn keiqkun khuvjcv khwimqx laqfqiq lfljsti lfptgif maswnln mbtynjj nfadwha nfarxll ngajxep ngtcrcp oacqaxl oafofws ocffxgc ocycccv pbntsrr pboimvo pebgtuv qbuvxnl qcrdijo regwhaw rhlbalw sgqrhgt skadxtg teiocrc thhjwvo thpwpel udieigx uljgtku vcwsevm vgfampq wgqiapd wiwkxlm awowknc xffiere xftrtcq xhgvjqh antcvap akxwowk asfkadk yexjtng yajwfaw axvxbmy ayvianp axtdhdl abgkuqq aynilkx aiwrjwb avfjpva atcfdsp akwwxhy apvuwwa akpscnl anljwan agebfgq auhnrwb afaylai 
mxtnnav nwakqym nyjivdu o9gfsbx owgfsbx oxgfsbx oygfsbx ozgfsbx o9gfsbx owgfsbx oxgfsbx oygfsbx ozgfsbx 
107.758929 
acmemdd ahqkrww bbidjkr bdnovaj ccieoxv cjdggrg dlbfpdu dllsmhc dmdhvqt edxkueh efgqmvo fbmthug fcalync gcxnvou gddaaat hbfjqih hbjermj hcdface ibyhtfv icqtduq jagncbs jckmiko jclexqn keiqkun khuvjcv khwimqx laqfqiq lfljsti lfptgif maswnln mbtynjj nfadwha nfarxll ngajxep ngtcrcp oacqaxl oafofws ocffxgc ocycccv pbntsrr pboimvo pebgtuv qbuvxnl qcrdijo regwhaw rhlbalw sgqrhgt skadxtg teiocrc thhjwvo thpwpel udieigx ugydufi vcwsevm vgfampq wgqiapd wiwkxlm awowknc xffiere xftrtcq xhgvjqh antcvap akxwowk asfkadk yexjtng yajwfaw axvxbmy ayvianp axtdhdl abgkuqq aynilkx aiwrjwb avfjpva atcfdsp akwwxhy apvuwwa akpscnl anljwan agebfgq auhnrwb afaylai 

teiocrc udieigx 
acmemdd ahqkrww bbidjkr bdnovaj ccieoxv cjdggrg dlbfpdu dllsmhc dmdhvqt edxkueh efgqmvo fbmthug fcalync gcxnvou gddaaat hbfjqih hbjermj hcdface ibyhtfv icqtduq jagncbs jckmiko jclexqn keiqkun khuvjcv khwimqx laqfqiq lfljsti lfptgif maswnln mbtynjj nfadwha nfarxll ngajxep ngtcrcp oacqaxl oafofws ocffxgc ocycccv pbntsrr pboimvo pebgtuv qbuvxnl qcrdijo regwhaw rhlbalw sgqrhgt skadxtg teiocrc thhjwvo thpwpel udieigx ugydufi vcwsevm vgfampq wgqiapd wiwkxlm awowknc xffiere xftrtcq xhgvjqh antcvap akxwowk asfkadk yexjtng yajwfaw axvxbmy ayvianp axtdhdl abgkuqq aynilkx aiwrjwb avfjpva atcfdsp akwwxhy apvuwwa akpscnl anljwan agebfgq auhnrwb afaylai 
jpanqry 
FALSE 
acmemdd ahqkrww bbidjkr bdnovaj ccieoxv cjdggrg dlbfpdu dllsmhc dmdhvqt eabmsyb edxkueh fbmthug fcalync gcxnvou gddaaat hbfjqih hbjermj hcdface ibyhtfv icqtduq jagncbs jckmiko jclexqn keiqkun khuvjcv khwimqx laqfqiq lfljsti lfptgif maswnln mbtynjj nbxniyc nfadwha nfarxll oacqaxl oafofws ocffxgc ocycccv pbntsrr pboimvo pebgtuv qbuvxnl qcrdijo regwhaw rhlbalw sgqrhgt skadxtg teiocrc thhjwvo thpwpel udieigx ugydufi vcwsevm vgfampq wgqiapd wiwkxlm awowknc xffiere xftrtcq xhgvjqh antcvap akxwowk asfkadk yexjtng yajwfaw axvxbmy ayvianp axtdhdl abgkuqq aynilkx aiwrjwb avfjpva atcfdsp akwwxhy apvuwwa akpscnl anljwan agebfgq auhnrwb afaylai 
o1gfsbx o1gfsbx 

fbmthug 
acmemdd ahqkrww bbidjkr bdnovaj ccieoxv cjdggrg dbrrtot dlbfpdu dllsmhc eabmsyb edxkueh fbmthug fcalync gcxnvou gddaaat hbfjqih hbjermj hcdface ibyhtfv icqtduq jagncbs jckmiko jclexqn keiqkun khuvjcv khwimqx laqfqiq lfljsti lfptgif maswnln mbtynjj nbxniyc nfadwha nfarxll oacqaxl oafofws ocffxgc ocycccv pbntsrr pboimvo pebgtuv qbuvxnl qcrdijo regwhaw rhlbalw sgqrhgt skadxtg teiocrc thhjwvo thpwpel udieigx ugydufi vcwsevm vgfampq wgqiapd wiwkxlm awowknc xffiere xftrtcq xhgvjqh antcvap akxwowk asfkadk yexjtng yajwfaw axvxbmy ayvianp axtdhdl abgkuqq aynilkx aiwrjwb avfjpva atcfdsp akwwxhy apvuwwa akpscnl anljwan agebfgq auhnrwb afaylai ailoxbx 

yyaslsa 


acmemdd ahqkrww ahxaxod bbidjkr bdnovaj ccieoxv cjdggrg cjmndls dbrrtot dlbfpdu dllsmhc eabmsyb edxkueh fbmthug fcalync gcxnvou gddaaat hbfjqih hbjermj hcdface hcgywlm ibyhtfv icqtduq jagncbs jckmiko jclexqn keiqkun khuvjcv khwimqx laqfqiq lfljsti lfptgif maswnln mbtynjj nbxniyc nfadwha nfarxll oacqaxl oafofws ocffxgc ocycccv pbntsrr pboimvo pebgtuv qbuvxnl qcrdijo regwhaw rhlbalw sgqrhgt skadxtg teiocrc thhjwvo thpwpel udieigx ugydufi vcwsevm vgfampq wgqiapd wiwkxlm awowknc xffiere xftrtcq xhgvjqh antcvap akxwowk asfkadk yexjtng yajwfaw axvxbmy ayvianp axtdhdl abgkuqq aynilkx aiwrjwb avfjpva atcfdsp akwwxhy apvuwwa akpscnl anljwan agebfgq auhnrwb afaylai ailoxbx aatqaim 
7uhnrwb pubagkq pvisabk quemxev quqkiil r8apoix rtapoix ruapoix rvapoix susrkge susrkge 


4uhnrwb g8whqab gtwhqab guwhqab gvwhqab htnrklk hvqabeq ivqpian ivqpian 
pqjdovx prsmrjw psnykua qpjccmy qrmhbud r7apoix rpapoix rqapoix rrapoix rsapoix spihilr sqaiuba sqixpac spihilr sqaiuba sqixpac 
acmemdd ahqkrww ahxaxod bbidjkr bdnovaj ccieoxv cjdggrg cjmndls dbrrtot dlbfpdu dllsmhc eabmsyb edxkueh fbmthug fcalync gcxnvou gddaaat hbfjqih hbjermj hcdface hcgywlm ibbdaia ibyhtfv icqtduq jagncbs jckmiko jclexqn kandurc keiqkun laqfqiq lfljsti lfptgif maswnln mbtynjj nbxniyc nfadwha nfarxll oacqaxl oafofws ocffxgc ocycccv pbntsrr pboimvo pcvfwva qbuvxnl qcrdijo regwhaw rhlbalw sgqrhgt skadxtg teiocrc thhjwvo thpwpel udieigx ugydufi vcwsevm vgfampq wgqiapd wiwkxlm awowknc xffiere xftrtcq xhgvjqh antcvap akxwowk asfkadk yexjtng yajwfaw axvxbmy ayvianp axtdhdl abgkuqq aynilkx aiwrjwb avfjpva atcfdsp akwwxhy apvuwwa akpscnl anljwan agebfgq auhnrwb afaylai ailoxbx aatqaim ajfhfxj 
acmemdd ahqkrww ahxaxod bbidjkr bdnovaj ccieoxv cjdggrg cjmndls dbrrtot dlbfpdu dllsmhc eabmsyb edxkueh fbmthug fcalync gcxnvou gddaaat hbfjqih hbjermj hcdface hcgywlm ibbdaia ibyhtfv icqtduq jagncbs jckmiko jclexqn kandurc keiqkun laqfqiq lfljsti lfptgif maswnln mbtynjj nbxniyc nfadwha nfarxll oacqaxl oafofws ocffxgc ocycccv pbntsrr pboimvo pcvfwva qbuvxnl qcrdijo regwhaw rhlbalw sgqrhgt skadxtg teiocrc thhjwvo thpwpel udieigx ugydufi vcwsevm vgfampq wgqiapd wiwkxlm awowknc xffiere xftrtcq xhgvjqh antcvap akxwowk asfkadk yexjtng yajwfaw axvxbmy ayvianp axtdhdl abgkuqq aynilkx aiwrjwb avfjpva atcfdsp akwwxhy apvuwwa akpscnl anljwan agebfgq auhnrwb afaylai ailoxbx aatqaim ajfhfxj 
FALSE 
acmemdd ahqkrww ahxaxod bbidjkr bdnovaj ccieoxv cjdggrg cjmndls dbrrtot ddailso eabmsyb edxkueh fbmthug fcalync gcxnvou gddaaat hbfjqih hbjermj hcdface hcgywlm ibbdaia ibyhtfv icqtduq jagncbs jckmiko jclexqn kandurc keiqkun laqfqiq lfljsti lfptgif maswnln mbtynjj nbxniyc nfadwha nfarxll oacqaxl oafofws ocffxgc ocycccv pbntsrr pboimvo pcvfwva qbuvxnl qcrdijo regwhaw rhlbalw sgqrhgt skadxtg teiocrc thhjwvo thpwpel udieigx ugydufi vcwsevm vgfampq wgqiapd wiwkxlm awowknc xffiere xftrtcq xhgvjqh antcvap akxwowk asfkadk yexjtng yajwfaw axvxbmy ayvianp axtdhdl abgkuqq aynilkx aiwrjwb avfjpva atcfdsp akwwxhy apvuwwa akpscnl anljwan agebfgq auhnrwb afaylai ailoxbx aatqaim ajfhfxj aadtbka 

juraomj 
107.485050 
acmemdd ahqkrww ahxaxod bbidjkr bdnovaj ccieoxv chthaqf dbrrtot ddailso eabmsyb edxkueh fbmthug fcalync gcxnvou gddaaat hbfjqih hbjermj hcdface hcgywlm ibbdaia ibyhtfv icqtduq jagncbs jckmiko jclexqn kandurc keiqkun laqfqiq lfljsti lfptgif maswnln mbhemdj mbtynjj nbxniyc nfadwha nfarxll nfqqkfw oacqaxl oafofws ocffxgc ocycccv pbntsrr pboimvo pcvfwva qbuvxnl qcrdijo regwhaw rhlbalw sgqrhgt skadxtg teiocrc thhjwvo thpwpel udieigx ugydufi vcwsevm vgfampq wgqiapd wiwkxlm awowknc xffiere xftrtcq xhgvjqh antcvap akxwowk asfkadk yexjtng yajwfaw axvxbmy ayvianp axtdhdl abgkuqq aynilkx aiwrjwb avfjpva atcfdsp akwwxhy apvuwwa akpscnl anljwan agebfgq auhnrwb afaylai ailoxbx aatqaim ajfhfxj aadtbka 
FALSE 
acmemdd ahqkrww ahshxsa bbidjkr bdnovaj ccieoxv chthaqf dbrrtot ddailso eabmsyb edjqerm edxkueh fbmthug fcalync gaoijkp gcxnvou hbfjqih hbjermj hcdface hcgywlm ibbdaia ibyhtfv icqtduq jagncbs jckmiko jclexqn kandurc keiqkun laqfqiq lfljsti lfptgif maswnln mbhemdj mbtynjj nbxniyc nfadwha nfarxll nfqqkfw oacqaxl oafofws ocffxgc ocycccv pbntsrr pboimvo pcvfwva qbuvxnl qcrdijo regwhaw rhlbalw sdfphay sgqrhgt teiocrc thhjwvo thpwpel udieigx ugydufi vcwsevm vgfampq wgqiapd wiwkxlm awowknc xffiere xftrtcq xhgvjqh antcvap akxwowk asfkadk yexjtng yajwfaw axvxbmy ayvianp axtdhdl abgkuqq aynilkx aiwrjwb avfjpva atcfdsp akwwxhy apvuwwa akpscnl anljwan agebfgq auhnrwb afaylai ailoxbx aatqaim ajfhfxj aadtbka aitkorm 
pbntsrr pboimvo pcvfwva qbuvxnl qcrdijo r2apoix raapoix rbapoix rcapoix saheqlt saheqlt 
acmemdd ahqkrww ahshxsa bbidjkr bdnovaj ccieoxv chthaqf dbrrtot ddailso eabmsyb edjqerm edxkueh fbmthug fcalync gaoijkp gcxnvou hbfjqih hbjermj hcdface hcgywlm ibbdaia ibyhtfv icqtduq jagncbs jckmiko jclexqn kandurc keiqkun laqfqiq lfljsti lfptgif maswnln mbhemdj mbtynjj nbxniyc nfadwha nfarxll nfqqkfw oacqaxl oafofws ocffxgc ocycccv pbntsrr pboimvo pcvfwva qbuvxnl qcrdijo regwhaw rhlbalw sdfphay sgqrhgt teiocrc thhjwvo thpwpel udieigx ugydufi vcwsevm vgfampq wgqiapd wiwkxlm awowknc xffiere xftrtcq xhgvjqh antcvap akxwowk asfkadk yexjtng yajwfaw axvxbmy ayvianp axtdhdl abgkuqq aynilkx aiwrjwb avfjpva atcfdsp akwwxhy apvuwwa akpscnl anljwan agebfgq auhnrwb afaylai ailoxbx aatqaim ajfhfxj aadtbka aitkorm 
txfebxh txfgghu txjuxel u9abqgy uwabqgy uxabqgy uyabqgy uzabqgy vxbniiu vxbniiu 
acmemdd ahqkrww ahshxsa bbidjkr bdnovaj ccieoxv chthaqf dbrrtot ddailso eabmsyb edjqerm edxkueh fbmthug fcalync fcpogea gaoijkp gcxnvou hbfjqih hbjermj hcdface hcgywlm ibbdaia ibyhtfv icqtduq jagncbs jckmiko jclexqn kandurc keiqkun laqfqiq lfljsti lfptgif maswnln mbhemdj mbtynjj nbogkoh nbxniyc nfadwha nfarxll nfqqkfw oacqaxl oafofws ocffxgc ocycccv pbntsrr pboimvo pcvfwva qbuvxnl qcrdijo regwhaw rhlbalw sdfphay sgqrhgt teiocrc thhjwvo thpwpel udieigx ugydufi vcwsevm vgfampq weswuhy wgqiapd awowknc xffiere xftrtcq xhgvjqh antcvap akxwowk asfkadk yexjtng yajwfaw axvxbmy ayvianp axtdhdl abgkuqq aynilkx aiwrjwb avfjpva atcfdsp akwwxhy apvuwwa akpscnl anljwan agebfgq auhnrwb afaylai ailoxbx aatqaim ajfhfxj aadtbka aitkorm 
cahkbda 
107.420722 
ffgiahv ffotxct 
acmemdd ahqkrww ahshxsa bbidjkr bdnovaj ccieoxv chthaqf dbrrtot ddailso eabmsyb edjqerm edxkueh fbmthug fcalync fcpogea gaoijkp gcxnvou hbfjqih hbjermj hcdface hcgywlm ibbdaia ibyhtfv icqtduq jagncbs jckmiko jclexqn kandurc keiqkun laqfqiq lfbtpvt lfljsti maswnln mbhemdj mbtynjj nbogkoh nbxniyc nfadwha nfarxll nfqqkfw oacqaxl oafofws ocffxgc ocycccv pbntsrr pboimvo pcvfwva qbuvxnl qcrdijo rdxixmx regwhaw sdfphay sgqrhgt teiocrc thhjwvo thpwpel udieigx ugydufi vcwsevm vgfampq weswuhy wgqiapd awowknc xefdjro xffiere xftrtcq antcvap akxwowk asfkadk yexjtng yajwfaw axvxbmy ayvianp axtdhdl abgkuqq aynilkx aiwrjwb avfjpva atcfdsp akwwxhy apvuwwa akpscnl anljwan agebfgq auhnrwb afaylai ailoxbx aatqaim ajfhfxj aadtbka aitkorm 
g5whqab gjdqryd gkaeycb glwhqab hlcrruh ijeapii ilqglql ijeapii ilqglql 
wwykado xwpckco y9aslsa ywaslsa yxaslsa yyaslsa yzaslsa 
ynobaan 
g9whqab gwwhqab gxwhqab gywhqab gzwhqab hyeolnd hyygfla ixpayqy iybsaoo iycxeaf ixpayqy iybsaoo iycxeaf 
weswuhy 
acmemdd ahqkrww ahshxsa bbidjkr bdnovaj ccieoxv chthaqf dbrrtot ddailso eabmsyb edjqerm edxkueh fbmthug fcalync fcpogea gaoijkp gcxnvou hbfjqih hbjermj hcdface hcgywlm ibbdaia ibyhtfv icqtduq jagncbs jckmiko jclexqn kandurc keiqkun laqfqiq lfbtpvt lfljsti maswnln mbhemdj mbtynjj nbogkoh nbxniyc nfadwha nfarxll nfqqkfw oacqaxl oafofws ocffxgc ocycccv pbntsrr pboimvo pcvfwva qbuvxnl qcrdijo rdxixmx regwhaw sdfphay sgqrhgt teiocrc thhjwvo thpwpel udieigx ugydufi vcwsevm vdjugus weswuhy wgqiapd awowknc xefdjro xffiere xftrtcq antcvap akxwowk asfkadk yexjtng yajwfaw axvxbmy ayvianp axtdhdl abgkuqq aynilkx aiwrjwb avfjpva atcfdsp akwwxhy apvuwwa akpscnl anljwan agebfgq auhnrwb afaylai ailoxbx aatqaim ajfhfxj aadtbka aitkorm 
j7raomj jpraomj jqraomj jrraomj jsraomj lrcaqaw lrcaqaw 
acmemdd ahqkrww ahshxsa bbidjkr bdnovaj ccieoxv chthaqf dbrrtot ddailso eabmsyb edjqerm edxkueh fbmthug fcalync fcpogea gaoijkp gcxnvou hbfjqih hbjermj hcdface hcgywlm ibbdaia ibyhtfv icqtduq jagncbs jckmiko jclexqn kandurc keiqkun laqfqiq lfbtpvt lfljsti maswnln mbhemdj mbtynjj nbogkoh nbxniyc nfadwha nfarxll nfqqkfw oacqaxl oafofws ocffxgc ocycccv pbntsrr pboimvo pcvfwva qbuvxnl qcrdijo rdxixmx regwhaw sdfphay sgqrhgt teiocrc thhjwvo thpwpel udieigx ugydufi vcwsevm vdjugus weswuhy wgqiapd awowknc xefdjro xffiere xftrtcq antcvap akxwowk asfkadk yexjtng yajwfaw axvxbmy ayvianp axtdhdl abgkuqq aynilkx aiwrjwb avfjpva atcfdsp akwwxhy apvuwwa akpscnl anljwan agebfgq auhnrwb afaylai ailoxbx aatqaim ajfhfxj aadtbka aitkorm 
g0whqab 
pqjdovx prsmrjw psnykua qpjccmy qrmhbud r7apoix rpapoix rqapoix rrapoix rsapoix spihilr sqaclmb sqaiuba sqixpac spihilr sqaclmb sqaiuba sqixpac 
acmemdd ahqkrww ahshxsa bbidjkr bdnovaj ccieoxv ccwjkqv chthaqf dbrrtot ddailso eabmsyb edjqerm edxkueh fbmthug fcalync fcpogea gaoijkp gcxnvou hbfjqih hbjermj hcdface hcgywlm ibbdaia ibyhtfv icqtduq jagncbs jckmiko jclexqn kandurc keiqkun laqfqiq lfbtpvt lfljsti maswnln mbhemdj mbpnoac nbogkoh nbxniyc nfadwha nfarxll nfqqkfw oacqaxl oafofws ocffxgc ocycccv pbntsrr pboimvo pcvfwva qbuvxnl qcrdijo rdxixmx regwhaw sdfphay sgqrhgt teiocrc tgmxwls udieigx ugydufi vcwsevm vdjugus weswuhy wgqiapd awowknc xefdjro xffiere xftrtcq antcvap akxwowk asfkadk yexjtng yajwfaw axvxbmy ayvianp axtdhdl abgkuqq aynilkx aiwrjwb avfjpva atcfdsp akwwxhy apvuwwa akpscnl anljwan agebfgq auhnrwb afaylai ailoxbx aatqaim ajfhfxj aadtbka aitkorm 
6uhnrwb muqxjae nvpustv o8gfsbx otgfsbx ougfsbx ovgfsbx o8gfsbx otgfsbx ougfsbx ovgfsbx 
acmemdd ahqkrww ahshxsa bbidjkr bdnovaj ccieoxv ccwjkqv chthaqf dbrrtot ddailso eabmsyb edjqerm edxkueh fbmthug fcalync fcpogea gaoijkp gcxnvou hbfjqih hbjermj hcdface hcgywlm ibbdaia ibyhtfv icqtduq jagncbs jckmiko jclexqn kandurc keiqkun laqfqiq lbjraha maswnln mbhemdj mbpnoac nbogkoh nbxniyc nfadwha nfarxll nfqqkfw oacqaxl oafofws ocffxgc ocycccv pbntsrr pboimvo pcvfwva qbuvxnl qcrdijo rdxixmx regwhaw sdfphay sgqrhgt teiocrc tgmxwls udieigx ugydufi vcwsevm vdjugus weswuhy wgqiapd awowknc xefdjro xffiere xftrtcq antcvap akxwowk asfkadk yexjtng yajwfaw axvxbmy ayvianp axtdhdl abgkuqq aynilkx aiwrjwb avfjpva atcfdsp akwwxhy apvuwwa akpscnl anljwan agebfgq auhnrwb afaylai ailoxbx aatqaim ajfhfxj aadtbka aitkorm 
FALSE 
TRUE 
107.513344 
acmemdd ahqkrww ahshxsa bbidjkr bdnovaj cbpfthx ccieoxv ccwjkqv dbrrtot ddailso eabmsyb edjqerm edxkueh fbmthug fcalync fcpogea gaoijkp gcxnvou hbfjqih hbjermj hcdface hcgywlm ibbdaia ibyhtfv icqtduq jagncbs jckmiko jclexqn kandurc keiqkun laqfqiq lbjraha maswnln mbhemdj mbpnoac nbogkoh nbxniyc nfadwha nfarxll nfqqkfw oacqaxl oafofws ocffxgc ocycccv pbntsrr pboimvo pcvfwva qbuvxnl qcrdijo rdxixmx regwhaw reuovyp sdfphay sgqrhgt teiocrc tgmxwls udieigx ugydufi vcwsevm vdjugus weswuhy wgqiapd awowknc xefdjro xffiere xftrtcq antcvap akxwowk asfkadk yexjtng yajwfaw axvxbmy ayvianp axtdhdl abgkuqq aynilkx aiwrjwb avfjpva atcfdsp akwwxhy apvuwwa akpscnl anljwan agebfgq auhnrwb afaylai ailoxbx aatqaim ajfhfxj aadtbka aitkorm 
107.513344 

acmemdd ahqkrww ahshxsa bbidjkr bdnovaj cbpfthx ccieoxv ccwjkqv dbrrtot ddailso eabmsyb edjqerm edxkueh fbmthug fcalync fcpogea gaoijkp gcxnvou hbfjqih hbjermj hcdface hcgywlm ibbdaia ibyhtfv icqtduq jagncbs jckmiko jclexqn kandurc keiqkun laqfqiq lbjraha maswnln mbhemdj mbpnoac nbogkoh nbxniyc nfadwha nfarxll nfqqkfw oacqaxl oafofws ocffxgc ocycccv pbntsrr pboimvo pcvfwva qbuvxnl qcrdijo rdxixmx regwhaw reuovyp sdfphay sgqrhgt teiocrc tgmxwls udieigx ugydufi vcwsevm vdjugus weswuhy wgqiapd awowknc xefdjro xffiere xftrtcq antcvap akxwowk asfkadk yexjtng yajwfaw axvxbmy ayvianp axtdhdl abgkuqq aynilkx aiwrjwb avfjpva atcfdsp akwwxhy apvuwwa akpscnl anljwan agebfgq auhnrwb afaylai ailoxbx aatqaim ajfhfxj aadtbka aitkorm 
acmemdd ahqkrww ahshxsa bbidjkr bdnovaj cbpfthx ccieoxv ccwjkqv dbrrtot ddailso eabmsyb edjqerm edxkueh fbmthug fcalync fcpogea gaoijkp gcxnvou hbfjqih hbjermj hcdface hcgywlm ibbdaia ibyhtfv icqtduq jagncbs jckmiko jclexqn kandurc keiqkun laqfqiq lbjraha maswnln mbhemdj mbpnoac nbogkoh nbxniyc nfadwha nfarxll nfqqkfw oacqaxl oafofws ocffxgc ocxaref pbntsrr pboimvo pcvfwva qbuvxnl qcrdijo rdxixmx regwhaw reuovyp sdfphay sgqrhgt teiocrc tgmxwls udieigx ugydufi vcwsevm vdjugus weswuhy wgqiapd awowknc xefdjro xffiere xftrtcq antcvap akxwowk asfkadk yexjtng yajwfaw axvxbmy ayvianp axtdhdl abgkuqq aynilkx aiwrjwb avfjpva atcfdsp akwwxhy apvuwwa akpscnl anljwan agebfgq auhnrwb afaylai ailoxbx aatqaim ajfhfxj aadtbka aitkorm 

acmemdd ahqkrww ahshxsa bbidjkr bdnovaj cbpfthx ccieoxv ccwjkqv dbrrtot ddailso eabmsyb edjqerm edxkueh fbmthug fcalync fcpogea gaoijkp gcxnvou hbfjqih hbjermj hcdface hcgywlm ibbdaia ibyhtfv icqtduq jagncbs jckmiko jclexqn kandurc keiqkun laqfqiq lbjraha maswnln mbaxrsd mbhemdj nbogkoh nbxniyc ndigaua oacqaxl oafofws ocffxgc ocxaref pbntsrr pboimvo pcvfwva qbuvxnl qcrdijo rdxixmx regwhaw reuovyp sdfphay sgqrhgt tcatugb teiocrc udieigx ugydufi vcwsevm vdjugus weswuhy wgqiapd awowknc xefdjro xffiere xftrtcq antcvap akxwowk asfkadk yexjtng yajwfaw axvxbmy ayvianp axtdhdl abgkuqq aynilkx aiwrjwb avfjpva atcfdsp akwwxhy apvuwwa akpscnl anljwan agebfgq auhnrwb afaylai ailoxbx aatqaim ajfhfxj aadtbka aitkorm 
j9raomj jwraomj jxraomj jyraomj jzraomj kxoqrii kxowjrb lxwsnlu lyahfyt lxwsnlu lyahfyt 
eigqmvo 
acmemdd ahqkrww ahshxsa bbidjkr bdnovaj cbpfthx ccieoxv ccwjkqv dbrrtot ddailso eabmsyb edjqerm edxkueh fbmthug fcalync fcpogea gaoijkp gcxnvou hbfjqih hbjermj hcdface hcgywlm ibbdaia ibyhtfv icqtduq jagncbs jckmiko jclexqn kandurc keiqkun laqfqiq lbjraha maswnln mbaxrsd mbhemdj nbogkoh nbxniyc ndigaua oacqaxl oafofws ocffxgc ocxaref pbntsrr pboimvo pcvfwva qbuvxnl qcrdijo rdxixmx regwhaw reuovyp sdfphay sgqrhgt tcatugb teiocrc udieigx ugydufi vcwsevm vdjugus weswuhy wgqiapd awowknc xefdjro xffiere xftrtcq antcvap akxwowk asfkadk yexjtng yajwfaw axvxbmy ayvianp axtdhdl abgkuqq aynilkx aiwrjwb avfjpva atcfdsp akwwxhy apvuwwa akpscnl anljwan agebfgq auhnrwb afaylai ailoxbx aatqaim ajfhfxj aadtbka aitkorm 
t1iocrc u1abqgy 

e0gqmvo f0giahv f0otxct f0giahv f0otxct 
4uhnrwb g8whqab gtwhqab guwhqab gvwhqab htnrklk htyiont hvqabeq ivqpian ivqpian 
nwakqym nwqxxlq 
aatxeir acmemdd bbidjkr bdnovaj cbpfthx ccieoxv ccwjkqv dbrrtot ddailso eabmsyb edjqerm edxkueh fbmthug fcalync fcpogea gaoijkp gcxnvou hbfjqih hbjermj hcdface hcgywlm ibbdaia ibyhtfv icqtduq jagncbs jckmiko jclexqn kandurc keiqkun laqfqiq lbjraha maswnln mbaxrsd mbhemdj nbogkoh nbxniyc nddnmav ndigaua oacqaxl oafofws ocffxgc ocxaref pbntsrr pboimvo pcvfwva qbuvxnl qcrdijo rdxixmx regwhaw reuovyp sdfphay sgqrhgt tcatugb teiocrc udieigx ugydufi vcwsevm vdjugus weswuhy wgqiapd awowknc xefdjro xffiere xftrtcq antcvap akxwowk asfkadk yexjtng yajwfaw axvxbmy ayvianp axtdhdl abgkuqq aynilkx aiwrjwb avfjpva atcfdsp akwwxhy apvuwwa akpscnl anljwan agebfgq auhnrwb afaylai ailoxbx aatqaim ajfhfxj aadtbka aitkorm 
107.385233 
aatxeir acmemdd bbidjkr bdnovaj cbpfthx ccieoxv ccwjkqv dbrrtot ddailso eabmsyb edjqerm edxkueh fbmthug fcalync fcpogea gaoijkp gcxnvou hbfjqih hbjermj hcdface hcgywlm ibbdaia ibyhtfv icqtduq jagncbs jckmiko jclexqn kandurc keiqkun laqfqiq lbjraha maswnln mbaxrsd mbhemdj nbogkoh nbxniyc nddnmav ndigaua oacqaxl oafofws ocffxgc ocxaref pbntsrr pboimvo pcvfwva qbuvxnl qcrdijo rdxixmx regwhaw reuovyp sdfphay sgqrhgt tcatugb teiocrc udieigx ugydufi vcwsevm vdjugus weswuhy wgqiapd awowknc xefdjro xffiere xftrtcq antcvap akxwowk asfkadk yexjtng yajwfaw axvxbmy ayvianp axtdhdl abgkuqq aynilkx aiwrjwb avfjpva atcfdsp akwwxhy apvuwwa akpscnl anljwan agebfgq auhnrwb afaylai ailoxbx aatqaim ajfhfxj aadtbka aitkorm 
pqjdovx prsmrjw psnykua qpjccmy qrmhbud r7apoix rpapoix rqapoix rrapoix rsapoix spihilr sqaclmb sqaiuba sqixpac spihilr sqaclmb sqaiuba sqixpac 
7uhnrwb ptgnodl pubagkq pupcosw pvisabk quemxev quqkiil r8apoix rtapoix ruapoix rvapoix susrkge svosuaw susrkge svosuaw 
aulhyny 
aatxeir acmemdd bbidjkr bdnovaj cbpfthx ccieoxv ccwjkqv dbrrtot ddailso eabmsyb edjqerm edxkueh fbmthug fcalync fcpogea gaoijkp gcxnvou hbfjqih hbjermj hcdface hcgywlm ibbdaia ibyhtfv icqtduq jagncbs jckmiko jclexqn kandurc keiqkun laqfqiq lbjraha maswnln mbaxrsd mbhemdj nbogkoh nbxniyc nddnmav ndigaua oacqaxl oafofws ocffxgc ocxaref pbntsrr pboimvo pcvfwva qbuvxnl qcrdijo rdxixmx regwhaw reuovyp sdfphay sgqrhgt tbcygmx tcatugb udieigx ugydufi vcwsevm vdjugus vdrwlai weswuhy wgqiapd awowknc xefdjro xffiere xftrtcq antcvap akxwowk asfkadk yexjtng yajwfaw axvxbmy ayvianp axtdhdl abgkuqq aynilkx aiwrjwb avfjpva atcfdsp akwwxhy apvuwwa akpscnl anljwan agebfgq auhnrwb afaylai ailoxbx aatqaim ajfhfxj aadtbka aitkorm 
t7iocrc tpiocrc tqiocrc triocrc tsiocrc u7abqgy uppjsao uqabqgy urabqgy usabqgy vqurxre vqurxre 
TRUE 
oplufci 
g4whqab ggmhxeo ghcvbwf ghjtnia giwmutg hiuijou ignrgew ignrgew 
aatxeir acmemdd bbidjkr bdnovaj cbpfthx ccieoxv ccwjkqv dbrrtot ddailso eabmsyb edjqerm edxkueh fbmthug fcalync fcpogea gaoijkp gcxnvou hbfjqih hbjermj hcdface hcgywlm ibbdaia ibyhtfv icqtduq jagncbs jckmiko jclexqn kandurc keiqkun laqfqiq lbjraha maswnln mbaxrsd mbhemdj nbogkoh nbxniyc nddnmav ndigaua oacqaxl oafofws ocffxgc ockrfll pbntsrr pboimvo pcvfwva qbuvxnl qcrdijo rdxixmx reclcdo regwhaw sdfphay sgqrhgt tbcygmx tcatugb udieigx ugydufi vcwsevm vdjugus vdrwlai weswuhy wgqiapd awowknc xefdjro xffiere xftrtcq antcvap akxwowk asfkadk yexjtng yajwfaw axvxbmy ayvianp axtdhdl abgkuqq aynilkx aiwrjwb avfjpva atcfdsp akwwxhy apvuwwa akpscnl anljwan agebfgq auhnrwb afaylai ailoxbx aatqaim ajfhfxj aadtbka aitkorm 
bxkbmar 
j7raomj jpraomj jqraomj jrraomj jsraomj lpdbxma lrcaqaw lpdbxma lrcaqaw 
107.342857 
a6lhyny amlhyny anlhyny aolhyny bmeisxt bohroij bohsxry cnyrnxp coppxoo cnyrnxp coppxoo 
j1raomj 
gvwhqab 
eejitua 
aatxeir acmemdd bbidjkr bdnovaj cbpfthx ccieoxv ccwjkqv daqnuma dbrrtot eabmsyb edjqerm edxkueh fbmthug fcalync fcpogea gaoijkp gcxnvou hbfjqih hbjermj hcdface hcgywlm ibbdaia ibyhtfv icqtduq jagncbs jckmiko jclexqn kandurc keiqkun laqfqiq lbjraha maswnln mbaxrsd mbhemdj nbogkoh nbxniyc nddnmav ndigaua oacqaxl oafofws ocffxgc ockrfll pbntsrr pboimvo pcvfwva qbuvxnl qcrdijo rdxixmx reclcdo regwhaw sdfphay sgqrhgt tbcygmx tcatugb udieigx ugydufi vcwsevm vdjugus vdrwlai weswuhy wgqiapd awowknc xefdjro xffiere xftrtcq antcvap akxwowk asfkadk ycuwgqv yexjtng axvxbmy ayvianp axtdhdl abgkuqq aynilkx aiwrjwb avfjpva atcfdsp akwwxhy apvuwwa akpscnl anljwan agebfgq auhnrwb afaylai ailoxbx aatqaim ajfhfxj aadtbka aitkorm 

