nraashl 

FALSE 


bupcxba csocajw ewayaha fwwvghi hrjejiv jenepak lyedkos nraashl qepgaga seimjml uastsyb xmuegmp xukbnjy yglcmxc 
FALSE 
bupcxba bxalkoj csocajw ehrbwfu ewayaha fwwvghi hrjejiv jenepak jutsiyn ksmcdbr lyedkos mnrdvev nraashl qepgaga qjqgaax seimjml uastsyb weyglyy xmuegmp xukbnjy yglcmxc 
bupcxba bxalkoj csocajw ehrbwfu ewayaha fwwvghi hrjejiv jenepak jutsiyn ksmcdbr lyedkos mnrdvev nraashl qepgaga qjqgaax seimjml uastsyb weyglyy xmuegmp xukbnjy yglcmxc 

bupcxba bxalkoj csocajw edoypuw ehrbwfu fwwvghi hrjejiv jenepak jutsiyn ksmcdbr lyedkos mnrdvev nraashl qepgaga qjqgaax seimjml uastsyb ubijxao weyglyy xmuegmp xukbnjy yglcmxc aoxuaau 
FALSE 
FALSE 
bupcxba bxalkoj csocajw dpnaton edoypuw ehrbwfu fwwvghi gjxbmpb hbrwoao hrjejiv jenepak jutsiyn ksmcdbr ldsppsd lghixku mnahkmy mnrdvev nraashl qepgaga qhlxbfd rafwuvk rlmvbvf sbrverx seimjml uastsyb ubijxao vgprcja weyglyy xmuegmp xuhyxya xukbnjy yglcmxc yjaiqqk aoxuaau 
gjxbmpb 
bupcxba bxalkoj csocajw dpnaton edoypuw ehrbwfu fwwvghi gjxbmpb hbrwoao hrjejiv jenepak jutsiyn ksmcdbr ldsppsd lghixku mnahkmy mnrdvev nraashl qepgaga qhlxbfd rafwuvk rlmvbvf sbrverx seimjml uastsyb ubijxao vgprcja weyglyy xmuegmp xuhyxya xukbnjy yglcmxc yjaiqqk aoxuaau 
w7aavjb wpaavjb wqaavjb wraavjb wsaavjb 
108.542208 

bupcxba bxalkoj csocajw dpnaton edoypuw ehrbwfu fwwvghi gjxbmpb gybhwgn hajrnju hbrwoao irfxoev iupeiwe jenepak jpxlulc ksmcdbr ldsppsd lghixku mnahkmy mnrdvev mrngcan nhgxpge nraashl oflgjda olptcky qepgaga qhlxbfd rafwuvk rlmvbvf sbrverx seimjml teqtalu trujlkx uastsyb ubijxao vgprcja vkapwqu weyglyy wsaavjb xmuegmp xncrqxi yglcmxc yjaiqqk aoxuaau aluvqox afehrex 
bupcxba bxalkoj csocajw dpnaton edoypuw ehrbwfu fwwvghi gjxbmpb gybhwgn hajrnju hbrwoao iitalcq irfxoev jenepak jpxlulc ksmcdbr ldsppsd lghixku mnahkmy mnrdvev mrngcan nhgxpge nraashl oflgjda olptcky qepgaga qhlxbfd rafwuvk rlmvbvf sbrverx seimjml teqtalu trujlkx uastsyb ubijxao vgprcja vkapwqu weyglyy wsaavjb xmuegmp xncrqxi yglcmxc yjaiqqk aoxuaau aluvqox afehrex 

assrbdo bupcxba bxalkoj cpwlffn csocajw dpnaton edoypuw ehrbwfu fwwvghi gjxbmpb gybhwgn hajrnju hbrwoao iitalcq irfxoev jenepak jpxlulc ksmcdbr ldsppsd lghixku mnahkmy mnrdvev mrngcan nhgxpge nraashl oflgjda olptcky qepgaga qhlxbfd rafwuvk rlmvbvf sbrverx seimjml tcfwril teqtalu uastsyb ubijxao vgprcja vkapwqu weyglyy wsaavjb xmuegmp xncrqxi yglcmxc yjaiqqk aoxuaau aluvqox afehrex 
w3aavjb wdaavjb weyglyy wfaavjb 
t6qtalu tmqtalu tnqtalu toqtalu u6ijxao umijxao unijxao uoijxao v6apwqu vmapwqu vnapwqu voapwqu v6apwqu vmapwqu vnapwqu voapwqu 

assrbdo avkamea bupcxba bxalkoj cpwlffn csocajw dpnaton edoypuw eelatml fwwvghi gjxbmpb gybhwgn hajrnju hbrwoao iitalcq irfxoev jenepak jpxlulc ksmcdbr ldsppsd lghixku mnahkmy mnrdvev mrngcan nhgxpge nraashl oflgjda olptcky qepgaga qhlxbfd rafwuvk rlmvbvf sbrverx seimjml tcfwril teqtalu uastsyb ubijxao vgprcja vkapwqu weyglyy wsaavjb xmuegmp xncrqxi yglcmxc yjaiqqk aoxuaau aluvqox afehrex 
FALSE 

i0fxoev i0fxoev 

108.191375 



w8aavjb wtaavjb wuaavjb wvaavjb xuhyxya xukbnjy 
FALSE 
assrbdo avkamea bupcxba butdfsq bxalkoj cpwlffn csocajw dpnaton dairhsv edoypuw eelatml fwwvghi gerdpua gjxbmpb gjymiil hajrnju hbrwoao iitalcq irfxoev jenepak jnaqmdw ksmcdbr ldsppsd lghixku mnahkmy mnrdvev moqmhvq nhgxpge nraashl oaejxfo oflgjda pxijdmi qepgaga qhlxbfd rafwuvk rlmvbvf sbrverx seimjml tcfwril teqtalu uastsyb ubijxao vgprcja vkapwqu weyglyy wsaavjb xmuegmp xncrqxi yglcmxc yjaiqqk aoxuaau aluvqox afehrex akntuym 

FALSE 
uiijxao 
annbksi assrbdo bupcxba butdfsq bxalkoj cpwlffn csocajw dpnaton dairhsv edoypuw eelatml fwwvghi gerdpua gjxbmpb gjymiil hajrnju hbrwoao iitalcq irfxoev jenepak jnaqmdw ksmcdbr ldsppsd lghixku mlippcd mnahkmy mnrdvev nhgxpge nraashl oaejxfo oflgjda ppccmlh ppkjmww pxijdmi qepgaga qhlxbfd rafwuvk rlmvbvf sbrverx seimjml tcfwril teqtalu uastsyb ubijxao vgprcja vkapwqu weyglyy wsaavjb xmuegmp xncrqxi yglcmxc yjaiqqk aoxuaau aluvqox afehrex akntuym 
annbksi assrbdo bupcxba butdfsq bxalkoj clqshpf cpwlffn dpnaton dairhsv ebnjijt edoypuw fwwvghi gerdpua gjxbmpb gjymiil hajrnju hbrwoao iitalcq irfxoev jenepak jnaqmdw ksmcdbr ldsppsd lghixku mlippcd mnahkmy mnrdvev nhgxpge nraashl oaejxfo oflgjda ppccmlh ppkjmww pxijdmi qepgaga qhlxbfd rafwuvk rlmvbvf sbrverx seimjml takjiqm tcfwril uastsyb ubijxao vgprcja vkapwqu weyglyy wsaavjb xmuegmp xncrqxi yglcmxc yjaiqqk aoxuaau aluvqox afehrex akntuym 

2kntuym clqshpf clqshpf 

annbksi assrbdo bupcxba butdfsq bxalkoj clqshpf cpwlffn dpnaton dairhsv ebnjijt edoypuw fwwvghi gerdpua gjxbmpb gjymiil hajrnju hbrwoao iitalcq irfxoev jenepak jnaqmdw ksmcdbr ldsppsd lghixku mlippcd mnahkmy mnrdvev nhgxpge nraashl oaejxfo oflgjda pfijlkb ppccmlh ppkjmww qepgaga qhlxbfd rafwuvk rlmvbvf sbrverx seimjml takjiqm tcfwril uastsyb ubijxao vgprcja vkapwqu weyglyy wrynhnm xmuegmp xncrqxi yglcmxc yjaiqqk aoxuaau aluvqox afehrex akntuym axtyvlb 
annbksi assrbdo bupcxba butdfsq bxalkoj clqshpf cpwlffn dpnaton dairhsv ebnjijt edoypuw fwwvghi gerdpua gjxbmpb gjymiil hajrnju hbrwoao iitalcq irfxoev jenepak jnaqmdw ksmcdbr ldsppsd leatmst mlippcd mnahkmy mnrdvev nhgxpge nraashl oaejxfo oflgjda pfijlkb ppccmlh ppkjmww qepgaga qhlxbfd rafwuvk rlmvbvf sbrverx seimjml takjiqm tcfwril uastsyb ubijxao vgprcja vkapwqu weyglyy wrynhnm xmuegmp xncrqxi yglcmxc yjaiqqk aoxuaau aluvqox afehrex akntuym axtyvlb 
annbksi assrbdo bupcxba butdfsq bxalkoj clqshpf cpwlffn dpnaton dairhsv ebnjijt edoypuw fwwvghi gerdpua gjxbmpb gjymiil hajrnju hbrwoao iitalcq irfxoev jenepak jnaqmdw ksmcdbr ldsppsd leatmst mlippcd mnahkmy mnrdvev nhgxpge nraashl oaejxfo oflgjda pfijlkb ppccmlh ppkjmww qepgaga qhlxbfd rafwuvk rlmvbvf sbrverx seimjml takjiqm tcfwril uastsyb ubijxao vgprcja vkapwqu weyglyy wrynhnm xmuegmp xncrqxi yglcmxc yjaiqqk aoxuaau aluvqox afehrex akntuym axtyvlb 
t6qtalu tmqtalu tnqtalu toqtalu u6ijxao umijxao unijxao uoijxao v6apwqu vmapwqu vnapwqu voapwqu v6apwqu vmapwqu vnapwqu voapwqu 
annbksi assrbdo bupcxba butdfsq bxalkoj bxdatfm clqshpf cpwlffn dpnaton dairhsv ebnjijt edoypuw fwwvghi gerdpua gjxbmpb gjymiil hajrnju hbrwoao iitalcq irfxoev jenepak jnaqmdw ksmcdbr ldsppsd leatmst mlippcd mnahkmy mnrdvev nhgxpge nraashl oaejxfo oflgjda pfijlkb ppccmlh ppkjmww qepgaga qhlxbfd rafwuvk rlmvbvf sbrverx seimjml takjiqm tcfwril uastsyb ubijxao vgprcja vkapwqu weyglyy wrynhnm xmuegmp xncrqxi yglcmxc yjaiqqk aoxuaau aluvqox afehrex akntuym axtyvlb 
annbksi assrbdo bupcxba butdfsq bxalkoj bxdatfm clqshpf cpwlffn dpnaton dairhsv ebnjijt edoypuw fwwvghi gerdpua gjxbmpb gjymiil hajrnju hbrwoao iitalcq irfxoev jenepak jnaqmdw ksmcdbr ldsppsd leatmst mlippcd mnahkmy mnrdvev nhgxpge nraashl oaejxfo oflgjda pfijlkb ppccmlh ppkjmww qepgaga qhlxbfd rafwuvk rlmvbvf sbrverx seimjml takjiqm tcfwril uastsyb ubijxao vgprcja vkapwqu weyglyy wrynhnm xmuegmp xncrqxi yglcmxc yjaiqqk aoxuaau aluvqox afehrex akntuym axtyvlb 
annbksi 


w9aavjb wwaavjb wxaavjb wyaavjb wzaavjb xwjfmhm xyvnrpp ywbsptq ywijgec 
p2ijdmi paijdmi pbijdmi pcijdmi rafwuvk sbrverx sbrverx 
annbksi assrbdo bupcxba butdfsq bxalkoj bxdatfm clqshpf cpwlffn dmrgugc dpnaton ebnjijt edoypuw fjseqva fwwvghi gerdpua gjxbmpb gjymiil hajrnju hbrwoao icktrpm iitalcq jenepak jnaqmdw kegopqx ksmcdbr ldsppsd leatmst mlippcd mnahkmy mnrdvev nhgxpge nraashl oaejxfo ocymjsa pfijlkb pobfogg qepgaga qhlxbfd rafwuvk rlmvbvf sbrverx seimjml takjiqm tcfwril uastsyb ubijxao vauitcr vgprcja weyglyy wrynhnm xmuegmp xncrqxi yglcmxc yjaiqqk aoxuaau aluvqox afehrex akntuym axtyvlb augyfmq 

annbksi assrbdo bupcxba butdfsq bxalkoj bxdatfm cfjfrcj clqshpf dmrgugc dpnaton ebnjijt edoypuw fjseqva fwwvghi gerdpua gjxbmpb gjymiil hajrnju hbrwoao icktrpm iitalcq jenepak jnaqmdw kegopqx ksmcdbr ldsppsd leatmst mlippcd mnahkmy mnrdvev nhgxpge nraashl oaejxfo ocymjsa pfijlkb pgdmnag qepgaga qhlxbfd rafwuvk rlmvbvf sbrverx seimjml takjiqm tcfwril uastsyb ubijxao vauitcr vgprcja wcukrvv weyglyy xmuegmp xncrqxi yglcmxc yjaiqqk aoxuaau aluvqox afehrex akntuym axtyvlb augyfmq 
annbksi assrbdo bupcxba butdfsq bxalkoj bxdatfm cfjfrcj clqshpf dmrgugc dpnaton ebnjijt edoypuw fjseqva fwwvghi gerdpua gjxbmpb gjymiil hajrnju hbrwoao icktrpm iitalcq jenepak jnaqmdw kegopqx ksmcdbr ldsppsd leatmst mlippcd mnahkmy mnrdvev nhgxpge nraashl oaejxfo ocymjsa pfijlkb pgdmnag qepgaga qhlxbfd rafwuvk rlmvbvf sbrverx seimjml takjiqm tcfwril uastsyb ubijxao vauitcr vgprcja wcukrvv weyglyy xmuegmp xncrqxi yglcmxc ygvembb yjaiqqk aoxuaau aluvqox afehrex akntuym axtyvlb augyfmq 
annbksi assrbdo bupcxba butdfsq bxalkoj bxdatfm cfjfrcj clqshpf dmrgugc dpnaton ebnjijt edoypuw fjseqva fwwvghi gerdpua gjxbmpb gjymiil hajrnju hbrwoao icktrpm iitalcq jenepak jnaqmdw kegopqx ksmcdbr ldsppsd leatmst mlippcd mnahkmy mnrdvev nhgxpge nraashl oaejxfo ocymjsa pfijlkb pgdmnag qepgaga qhlxbfd rafwuvk rlmvbvf sbrverx seimjml takjiqm tcfwril uastsyb ubijxao vauitcr vgprcja wcukrvv weyglyy xmuegmp xncrqxi yglcmxc ygvembb yjaiqqk aoxuaau aluvqox afehrex akntuym axtyvlb augyfmq 
j4xlulc jgxlulc jhxlulc jixlulc l4hixku lghixku lhhixku lihixku l4hixku lghixku lhhixku lihixku 
4kntuym gjxbmpb gjymiil h5hsesl hjhsesl hkhsesl hlhsesl i5fxoev ijfxoev ikfxoev ilfxoev i5fxoev ijfxoev ikfxoev ilfxoev 
108.119438 
FALSE 
ajitvhu annbksi bupcxba butdfsq bvgsyrr cafaaha cfjfrcj dmrgugc dpnaton ebnjijt edoypuw fjseqva fwwvghi gerdpua gjxbmpb gjymiil hajrnju hbrwoao icktrpm iitalcq jenepak jnaqmdw kegopqx ksmcdbr ldsppsd leatmst mlippcd mnahkmy mnrdvev nhgxpge nraashl oaejxfo ocymjsa pfijlkb pgdmnag qepgaga qhlxbfd rafwuvk reosjlx sbrverx seimjml takjiqm tcfwril uastsyb ubijxao vauitcr vgprcja wcukrvv weyglyy xmuegmp xncrqxi yglcmxc ygvembb yjaiqqk aoxuaau aluvqox afehrex akntuym axtyvlb augyfmq asqmqnh 
vsapwqu 
FALSE 

FALSE 
annbksi bnrgyls 
h4hsesl h4atoal hghsesl hgatoal hhhsesl hhatoal hihsesl hiatoal i4fxoev igfxoev ihfxoev iitalcq i4fxoev igfxoev ihfxoev iitalcq 
108.023419 
108.023419 
yubxdxi 
FALSE 
ajitvhu alvojan bnrgyls bupcxba butdfsq cafaaha cfjfrcj dlknatr dmrgugc ebnjijt edoypuw fbqvgxr fjseqva gerdpua gjxbmpb gjymiil hajrnju hbrwoao icktrpm iitalcq jenepak jnaqmdw kegopqx ksmcdbr ldsppsd leatmst mlippcd mnahkmy mnrdvev nhgxpge nraashl oaejxfo ocymjsa pfijlkb pgdmnag qepgaga qhlxbfd rafwuvk reosjlx sbrverx seimjml takjiqm tcfwril uastsyb ubijxao vauitcr vgprcja wcukrvv weyglyy xlhchlp xmuegmp yglcmxc ygvembb yjaiqqk aoxuaau aluvqox afehrex akntuym axtyvlb augyfmq asqmqnh 
108.023419 
vcapwqu vcvpbnm 

FALSE 
eoifvpx 
FALSE 
hjhsesl hjatoal 
bxalkoj bxdatfm 
m1canau 
FALSE 
mbcanau 
gerdpua h3hsesl h3atoal hdhsesl hdatoal hehsesl heatoal hfhsesl hfatoal i3fxoev idfxoev iefxoev iffxoev i3fxoev idfxoev iefxoev iffxoev 
ajitvhu alvojan bnrgyls bupcxba butdfsq cafaaha cfjfrcj dkhabej dlknatr ebnjijt edoypuw fbqvgxr fcpudex gerdpua gjxbmpb gjymiil hajrnju hbrwoao icktrpm iitalcq jenepak jfpuypb kegopqx knvfrxa ldsppsd leatmst mhvssmo mkacfaa nhgxpge nraashl oaejxfo ocymjsa pfijlkb pgdmnag qepgaga qhlxbfd rafwuvk reosjlx sbrverx seimjml takjiqm tcfwril uastsyb ubijxao vauitcr vgprcja wcukrvv weyglyy xajaogi xlhchlp yglcmxc ygvembb yjaiqqk aoxuaau aluvqox afehrex akntuym axtyvlb augyfmq asqmqnh axfxeew aquenfg anyvinx 
ajitvhu alvojan bnrgyls bupcxba butdfsq cafaaha cfjfrcj dkhabej dlknatr ebnjijt edoypuw fbqvgxr fcpudex gerdpua gjxbmpb gjymiil hajrnju hbrwoao icktrpm iitalcq jenepak jfpuypb kegopqx knvfrxa ldsppsd leatmst mhvssmo mkacfaa nhgxpge nraashl oaejxfo ocymjsa pfijlkb pgdmnag qepgaga qhlxbfd rafwuvk reosjlx sbrverx seimjml takjiqm taqqrom tcfwril uastsyb ubijxao vauitcr vgprcja wcukrvv weyglyy xajaogi xlhchlp yglcmxc ygvembb yjaiqqk aoxuaau aluvqox afehrex akntuym axtyvlb augyfmq asqmqnh axfxeew aquenfg anyvinx 
ajitvhu alvojan bnrgyls bupcxba butdfsq cafaaha cfjfrcj dkhabej dlknatr ebnjijt edoypuw fbqvgxr fcpudex gerdpua gjxbmpb gjymiil hajrnju hbrwoao icktrpm iitalcq jenepak jfpuypb kegopqx knvfrxa ldsppsd leatmst mhvssmo mkacfaa nhgxpge nraashl oaejxfo ocymjsa pfijlkb pgdmnag qepgaga qhlxbfd rafwuvk reosjlx sbrverx seimjml takjiqm taqqrom tcfwril uastsyb ubijxao vauitcr vgprcja wcukrvv weyglyy xajaogi xlhchlp yglcmxc ygvembb yjaiqqk aoxuaau aluvqox afehrex akntuym axtyvlb augyfmq asqmqnh axfxeew aquenfg anyvinx 
FALSE 
FALSE 

d3svwpj ddsvwpj desvwpj dfsvwpj e3ifvpx edoypuw eelatml efvaytu 
FALSE 
adtvmnw ajitvhu bnrgyls bupcxba butdfsq cafaaha cfjfrcj dkhabej dlknatr ebnjijt edoypuw fbqvgxr fcpudex gerdpua gjxbmpb gjymiil hajrnju hbrwoao icktrpm iitalcq jenepak jfpuypb kegopqx knjicjs knvfrxa ldsppsd leatmst mhvssmo mkacfaa nhgxpge nraashl oaejxfo ocymjsa pfijlkb pgdmnag qepgaga qhlxbfd rafwuvk reosjlx sbrverx seimjml semblhd takjiqm taqqrom tcfwril uastsyb ubijxao vauitcr vgprcja waqetcj wcukrvv xajaogi xlhchlp yglcmxc ygvembb yjaiqqk aoxuaau aluvqox afehrex akntuym axtyvlb augyfmq asqmqnh axfxeew aquenfg anyvinx atyames 

adtvmnw ajitvhu bnrgyls bupcxba butdfsq cafaaha cfjfrcj dkhabej dlknatr ebnjijt edoypuw fbqvgxr fcpudex gerdpua gjxbmpb gjymiil hajrnju hbrwoao icktrpm iitalcq jenepak jfpuypb kegopqx knjicjs knvfrxa ldsppsd leatmst mhvssmo mkacfaa nhgxpge nraashl oaejxfo ocymjsa pfijlkb pgdmnag qepgaga qhlxbfd rafwuvk reosjlx sbrverx seimjml semblhd takjiqm taqqrom tcfwril uastsyb ubdwcsk ubijxao vauitcr vgprcja waqetcj wcukrvv xajaogi xlhchlp yglcmxc ygvembb yjaiqqk aoxuaau aluvqox afehrex akntuym axtyvlb augyfmq asqmqnh axfxeew aquenfg anyvinx atyames aiwpfxg 
adtvmnw ajitvhu badadwb bnrgyls cafaaha cfjfrcj dkhabej dlknatr ebnjijt edoypuw fbqvgxr fcpudex gerdpua gjxbmpb gjymiil hajrnju hbrwoao icktrpm iitalcq jenepak jfpuypb kegopqx knjicjs knvfrxa ldsppsd leatmst mhvssmo mkacfaa nhgxpge nraashl oaejxfo ocymjsa pfijlkb pgdmnag qepgaga qhlxbfd rafwuvk reosjlx sbrverx seimjml semblhd takjiqm taqqrom tcfwril uastsyb ubdwcsk ubijxao vauitcr vgprcja waqetcj wcukrvv xajaogi xgynkyf yglcmxc ygvembb yjaiqqk aoxuaau aluvqox afehrex akntuym axtyvlb augyfmq asqmqnh axfxeew aquenfg anyvinx atyames aiwpfxg 
t4qtalu tgqtalu thqtalu tiqtalu u4dwcsk u4ijxao ugdwcsk ugijxao uhdwcsk uhijxao uidwcsk uiijxao v4apwqu v4vpbnm vgprcja vhapwqu vhvpbnm viqgqnh v4apwqu v4vpbnm vgprcja vhapwqu vhvpbnm viqgqnh 
rwoeyhs 
adtvmnw ajitvhu badadwb bnrgyls cafaaha cfjfrcj dkhabej dlknatr ebnjijt edaxbpb edoypuw fbqvgxr fcpudex gerdpua gjxbmpb gjymiil hajrnju hbrwoao icktrpm iitalcq jenepak jfpuypb kegopqx knjicjs knvfrxa ldsppsd leatmst mhvssmo mkacfaa nhgxpge nraashl oaejxfo ocymjsa pfijlkb pgdmnag qepgaga qhlxbfd rafwuvk reosjlx sbrverx seimjml semblhd takjiqm taqqrom tcfwril uastsyb ubdwcsk ubijxao vauitcr vgprcja waqetcj wcukrvv xajaogi xgynkyf yglcmxc ygvembb yjaiqqk aoxuaau aluvqox afehrex akntuym axtyvlb augyfmq asqmqnh axfxeew aquenfg anyvinx atyames aiwpfxg 
FALSE 
aawnlas adtvmnw badadwb bnrgyls cafaaha cesxeve dkhabej dlknatr ebnjijt edaxbpb edoypuw fbqvgxr fcpudex gerdpua gjxbmpb gjymiil hajrnju hbrwoao icktrpm idklhpw jenepak jfpuypb kegopqx khayogh ldsppsd leatmst mhvssmo miweywq nhgxpge nraashl oaejxfo ocymjsa pfijlkb pgdmnag qepgaga qhlxbfd rafwuvk reosjlx sbrverx seimjml semblhd takjiqm taqqrom tcfwril uastsyb ubdwcsk ubijxao vauitcr vgprcja wagknak waqetcj wcukrvv xajaogi xgynkyf yglcmxc ygvembb yjaiqqk aoxuaau aluvqox afehrex akntuym axtyvlb augyfmq asqmqnh axfxeew aquenfg anyvinx atyames aiwpfxg aajesfc 
drsvwpj 
j7xlulc jpxlulc jqxlulc jrxlulc jsxlulc ksmcdbr l7hixku lphixku lqhixku lrhixku lshixku l7hixku lphixku lqhixku lrhixku lshixku 
aawnlas adtvmnw badadwb bnrgyls cafaaha cesxeve dkhabej dlknatr ebnjijt edaxbpb edoypuw fbqvgxr fcpudex gajrxbv gerdpua hajrnju hbrwoao icktrpm idklhpw jenepak jfpuypb kegopqx khayogh ldsppsd leatmst mhvssmo miweywq nadsbjm nhgxpge oaejxfo ocymjsa pfijlkb pgdmnag qeldklo qepgaga qhlxbfd rafwuvk reosjlx sbrverx seimjml semblhd takjiqm taqqrom tcfwril uastsyb ubdwcsk ubijxao vauitcr vgprcja wagknak waqetcj wcukrvv xajaogi xgynkyf yglcmxc ygvembb yjaiqqk aoxuaau aluvqox afehrex akntuym axtyvlb augyfmq asqmqnh axfxeew aquenfg anyvinx atyames aiwpfxg aajesfc 
t2qtalu takjiqm taqqrom tbqtalu tcfwril u2dwcsk u2ijxao uastsyb ubdwcsk ubijxao ucdwcsk ucijxao v2apwqu v2vpbnm vauitcr vbapwqu vbvpbnm vcapwqu vcvpbnm v2apwqu v2vpbnm vauitcr vbapwqu vbvpbnm vcapwqu vcvpbnm 
107.773469 
107.784708 
j2xlulc jaxlulc jbxlulc jcxlulc l2hixku lahixku lbhixku lchixku l2hixku lahixku lbhixku lchixku 
kegopqx 
aawnlas adtvmnw badadwb bbjajta cafaaha cesxeve dhugdnv dkhabej ebnjijt edaxbpb edoypuw fbqvgxr fcituum fcjpgid gajrxbv gerdpua hajrnju hbrwoao icktrpm idklhpw jenepak jfiowus jfpuypb kegopqx khayogh ldeuqba ldsppsd leatmst mhmypfg mhvssmo miweywq nadsbjm nhgxpge oaejxfo ocymjsa pfijlkb pgdmnag qbecsrs qeldklo qepgaga rafwuvk reosjlx sbrverx seimjml semblhd takjiqm taqqrom tcfwril uastsyb ubdwcsk ubijxao vauitcr vgprcja wagknak walfcqi wbhwqil xajaogi xgxlluq xgynkyf yglcmxc ygvembb yjaiqqk aoxuaau aluvqox afehrex akntuym axtyvlb augyfmq asqmqnh axfxeew aquenfg anyvinx atyames aiwpfxg aajesfc ahbrwdr 
lchixku 
iefxoev 
aawnlas adtvmnw badadwb bbjajta cafaaha cdcfjfl dhugdnv dkhabej ebnjijt edaxbpb edoypuw fbqvgxr fcituum fcjpgid gajrxbv gerdpua hajrnju hbrwoao icktrpm idklhpw jbkvxoe jenepak kegopqx khayogh ldeuqba ldsppsd leatmst mhmypfg mhvssmo miweywq nadsbjm nhgxpge oaejxfo ocymjsa pfijlkb pgdmnag qbecsrs qdhobnw rafwuvk reosjlx sbrverx sdqsidk takjiqm taqqrom tcfwril uastsyb ubdwcsk ubijxao vauitcr vgprcja wagknak walfcqi wbhwqil xajaogi xgxlluq xgynkyf yglcmxc ygvembb yjaiqqk aoxuaau aluvqox afehrex akntuym axtyvlb augyfmq asqmqnh axfxeew aquenfg anyvinx atyames aiwpfxg aajesfc ahbrwdr 

p9ijdmi pwijdmi pxijdmi pyijdmi pzijdmi qwcnysq qwjxcix rwoeyhs rxsvtwn 
aawnlas adtvmnw badadwb bbjajta cafaaha cdcfjfl ddkkgvw dhugdnv ebnjijt edaxbpb edoypuw fbqvgxr fcituum fcjpgid gajrxbv gerdpua hajrnju hbrwoao icktrpm idklhpw jbkvxoe jenepak kegopqx khayogh ldeuqba ldsppsd leatmst mhmypfg mhvssmo miweywq nadsbjm nhgxpge oaejxfo ocymjsa pfijlkb pgdmnag qbecsrs qdhobnw rafwuvk reosjlx sbrverx sdqsidk takjiqm taqqrom tcfwril uastsyb ubdwcsk ubijxao vadkmaw vauitcr vgprcja wagknak walfcqi wbhwqil xajaogi xgxlluq xgynkyf yglcmxc ygvembb yjaiqqk aoxuaau aluvqox afehrex akntuym axtyvlb augyfmq asqmqnh axfxeew aquenfg anyvinx atyames aiwpfxg aajesfc ahbrwdr atryygn 
aawnlas adtvmnw badadwb bbjajta cafaaha cdcfjfl ddkkgvw dhugdnv ebnjijt edaxbpb edoypuw fbqvgxr fcituum fcjpgid gajrxbv gerdpua hajrnju hbrwoao icktrpm idklhpw jbkvxoe jenepak kegopqx khayogh ldeuqba ldsppsd leatmst mhmypfg mhvssmo miweywq nadsbjm nhgxpge oaejxfo ocymjsa pfijlkb pgdmnag qbecsrs qdhobnw rafwuvk reosjlx sbrverx sdqsidk takjiqm taqqrom tcfwril uastsyb ubdwcsk ubijxao vadkmaw vauitcr vgprcja wagknak walfcqi wbhwqil xajaogi xgxlluq xgynkyf yglcmxc ygvembb yjaiqqk aoxuaau aluvqox afehrex akntuym axtyvlb augyfmq asqmqnh axfxeew aquenfg anyvinx atyames aiwpfxg aajesfc ahbrwdr atryygn 
d1svwpj e1ifvpx 
aawnlas adtvmnw badadwb bbjajta cafaaha cdcfjfl ddkkgvw dhugdnv ebnjijt edaxbpb edoypuw fbqvgxr fcituum fcjpgid gajrxbv gerdpua hajrnju hbrwoao icktrpm idklhpw jbkvxoe jenepak kegopqx khayogh ldeuqba ldsppsd leatmst mhmypfg mhvssmo miweywq nadsbjm nhgxpge oaejxfo ocymjsa pfijlkb pgdmnag qbecsrs qdhobnw rafwuvk reosjlx sbrverx sdqsidk takjiqm taqqrom tcfwril uastsyb ubdwcsk ubijxao vadkmaw vauitcr vgprcja wagknak walfcqi wbhwqil xajaogi xgxlluq xgynkyf yglcmxc ygvembb yjaiqqk aoxuaau aluvqox afehrex akntuym axtyvlb augyfmq asqmqnh axfxeew aquenfg anyvinx atyames aiwpfxg aajesfc ahbrwdr atryygn 

aawnlas adtvmnw badadwb bbjajta cafaaha cdcfjfl ddkkgvw dhugdnv ebnjijt edaxbpb edoypuw fbqvgxr fcituum fcjpgid gajrxbv gerdpua hajrnju hbrwoao icktrpm idklhpw jbkvxoe jenepak kegopqx khayogh ldeuqba ldsppsd leatmst mhmypfg mhvssmo miweywq nadsbjm nhgxpge oaejxfo ocymjsa pfijlkb pgdmnag qbecsrs qdhobnw rafwuvk reosjlx sbrverx sdqsidk takjiqm taqqrom tcfwril uastsyb ubdwcsk ubijxao vadkmaw vauitcr vgprcja wagknak walfcqi wbhwqil xajaogi xgxlluq xgynkyf yglcmxc ygvembb yjaiqqk aoxuaau aluvqox afehrex akntuym axtyvlb augyfmq asqmqnh axfxeew aquenfg anyvinx atyames aiwpfxg aajesfc ahbrwdr atryygn 
c0sxeve c0sxeve 
plijdmi 
h4hsesl h4atoal hghsesl hgatoal hhhsesl hhatoal hihsesl hiatoal i4fxoev igfxoev ihfxoev iitalcq i4fxoev igfxoev ihfxoev iitalcq 
aawnlas adtvmnw badadwb bbjajta cafaaha cdcfjfl ddkkgvw dhugdnv ebnjijt edaxbpb edoypuw fbqvgxr fcituum fcjpgid gajrxbv gerdpua hajrnju hbrwoao icktrpm idklhpw jbkvxoe jenepak kegopqx khayogh ldeuqba ldsppsd leatmst mhmypfg mhvssmo miweywq nadsbjm nhgxpge oaejxfo ocymjsa pfijlkb pgdmnag qbecsrs qdhobnw rafwuvk reosjlx sbrverx sdqsidk takjiqm taqqrom tcfwril uastsyb ubdwcsk ubijxao vadkmaw vauitcr vgprcja wagknak walfcqi wbhwqil xajaogi xgxlluq xgynkyf yglcmxc ygvembb yjaiqqk aoxuaau aluvqox afehrex akntuym axtyvlb augyfmq asqmqnh axfxeew aquenfg anyvinx atyames aiwpfxg aajesfc ahbrwdr atryygn 
wjaavjb 
aawnlas adtvmnw badadwb bbjajta cafaaha cdcfjfl ddkkgvw dhugdnv ebnjijt edaxbpb edoypuw fbqvgxr fcituum fcjpgid gajrxbv gerdpua hajrnju hbrwoao icktrpm idklhpw jbkvxoe jenepak kegopqx khayogh lbomwha ldeuqba ldsppsd mhmypfg mhvssmo miweywq nadsbjm nhgxpge oaejxfo ocymjsa pfijlkb pgdmnag qbecsrs qdhobnw rafwuvk reosjlx sbrverx sdqsidk takjiqm taqqrom tcfwril uastsyb ubdwcsk ubijxao vadkmaw vauitcr vgprcja wagknak walfcqi wbhwqil xajaogi xgxlluq xgynkyf yglcmxc ygvembb yjaiqqk aoxuaau aluvqox afehrex akntuym axtyvlb augyfmq asqmqnh axfxeew aquenfg anyvinx atyames aiwpfxg aajesfc ahbrwdr atryygn 
aawnlas adtvmnw badadwb bbjajta cafaaha cdcfjfl ddkkgvw dhugdnv ebnjijt edaxbpb edoypuw fbqvgxr fcituum fcjpgid gajrxbv gerdpua hajrnju hbrwoao icktrpm idklhpw jbkvxoe jenepak kegopqx khayogh lbomwha ldeuqba ldsppsd mhmypfg mhvssmo miweywq nadsbjm nhgxpge oaejxfo ocymjsa pfijlkb pgdmnag qbecsrs qdhobnw rafwuvk reosjlx sbrverx sdqsidk takjiqm taqqrom tcfwril uastsyb ubdwcsk ubijxao vadkmaw vauitcr vgprcja wagknak walfcqi wbhwqil xajaogi xgxlluq xgynkyf yglcmxc ygvembb yjaiqqk aoxuaau aluvqox afehrex akntuym axtyvlb augyfmq asqmqnh axfxeew aquenfg anyvinx atyames aiwpfxg aajesfc ahbrwdr atryygn 
hwhsesl hwatoal 
w4aavjb wgaavjb whaavjb wiqoxaq xgxlluq xgynkyf yglcmxc ygvembb 
iwfxoev 
aawnlas adtvmnw badadwb bbjajta cafaaha cdcfjfl ddkkgvw dhugdnv ebnjijt edaxbpb edoypuw fbqvgxr fcituum fcjpgid gajrxbv gerdpua hajrnju hbrwoao icktrpm idfcrip idklhpw jbkvxoe jenepak kegopqx khayogh lbomwha ldeuqba ldsppsd mcrllbs mhmypfg mhvssmo nadsbjm nhgxpge oaejxfo ocymjsa pfijlkb pgdmnag qbecsrs qdhobnw rafwuvk reosjlx sbrverx sdqsidk takjiqm taqqrom tcfwril tcyjirx uastsyb ubdwcsk ubijxao vadkmaw vauitcr vgprcja wagknak walfcqi wbhwqil xajaogi xgxlluq xgynkyf yglcmxc ygvembb yjaiqqk aoxuaau aluvqox afehrex akntuym axtyvlb augyfmq asqmqnh axfxeew aquenfg anyvinx atyames aiwpfxg aajesfc ahbrwdr atryygn 
5kntuym j5xlulc jjxlulc jkxlulc jlxlulc kkaxlad l5hixku ljhixku lkhixku llhixku l5hixku ljhixku lkhixku llhixku 

aawnlas adtvmnw badadwb bbjajta cafaaha cceutfs ddkkgvw dhugdnv ebnjijt edaxbpb edoypuw fbqvgxr fcituum fcjpgid gajrxbv gerdpua hajrnju hbrwoao icktrpm idfcrip idklhpw jbkvxoe jenepak kegopqx khayogh lbomwha ldeuqba ldsppsd mcrllbs mhmypfg mhvssmo nadsbjm nhgxpge oaejxfo ocymjsa pfijlkb pgdmnag qbecsrs qdhobnw rafwuvk reosjlx sbrverx sdqsidk takjiqm taqqrom tcbulpn tcfwril uastsyb ubdwcsk ubijxao vadkmaw vauitcr vgprcja wagknak walfcqi wbhwqil xajaogi xgxlluq xgynkyf yglcmxc ygvembb yjaiqqk aoxuaau aluvqox afehrex akntuym axtyvlb augyfmq asqmqnh axfxeew aquenfg anyvinx atyames aiwpfxg aajesfc ahbrwdr atryygn 
aawnlas adtvmnw badadwb bbjajta cafaaha cceutfs ddkkgvw dhugdnv ebnjijt edaxbpb edoypuw fbqvgxr fcituum fcjpgid gajrxbv gerdpua hajrnju hbrwoao icktrpm idfcrip idklhpw jbkvxoe jenepak kegopqx khayogh lbomwha ldeuqba ldsppsd mcrllbs mhmypfg mhvssmo nadsbjm nhgxpge oaejxfo ocymjsa pfijlkb pgdmnag qbecsrs qdhobnw rafwuvk reosjlx sbrverx sdqsidk takjiqm taqqrom tcbulpn tcfwril uastsyb ubdwcsk ubijxao vadkmaw vauitcr vgprcja wagknak walfcqi wbhwqil xajaogi xgxlluq xgynkyf yglcmxc ygvembb yjaiqqk aoxuaau aluvqox afehrex akntuym axtyvlb augyfmq asqmqnh axfxeew aquenfg anyvinx atyames aiwpfxg aajesfc ahbrwdr atryygn 
FALSE 
107.787546 
107.787546 
uidwcsk uiijxao 
aawnlas adtvmnw badadwb bbjajta cafaaha cceutfs ddkkgvw dhugdnv ebnjijt edaxbpb edoypuw fbqvgxr fcituum fcjpgid gajrxbv gerdpua hajrnju hbrwoao icktrpm idfcrip idklhpw jbkvxoe jenepak kegopqx khayogh lbomwha ldeuqba ldsppsd mcrllbs mhmypfg mhvssmo nadsbjm nhgxpge oaejxfo ocymjsa pfijlkb pgdmnag qbecsrs qdhobnw rafwuvk reosjlx sbrverx sdqsidk takjiqm taqqrom tcbulpn tcfwril uastsyb ubdwcsk ubijxao vadkmaw vauitcr vgprcja wagknak walfcqi wbhwqil xajaogi xgxlluq xgynkyf yglcmxc ygvembb yjaiqqk aoxuaau aluvqox afehrex akntuym axtyvlb augyfmq asqmqnh axfxeew aquenfg anyvinx atyames aiwpfxg aajesfc ahbrwdr atryygn amicvtv 
TRUE 
aawnlas adtvmnw badadwb bbjajta cafaaha cceutfs ddkkgvw dhugdnv ebnjijt edaxbpb edoypuw fbqvgxr fcituum fcjpgid gajrxbv geggdwh gerdpua hajrnju hbrwoao icktrpm idfcrip idklhpw jbkvxoe jenepak kegopqx khayogh lbomwha ldeuqba ldsppsd mcrllbs mhmypfg mhvssmo nadsbjm nhgxpge oaejxfo ocymjsa pfijlkb pgdmnag qbecsrs qdhobnw rafwuvk reosjlx sbrverx sdqsidk takjiqm taqqrom tcbulpn tcfwril uastsyb ubdwcsk ubijxao vadkmaw vauitcr vgprcja wagknak walfcqi wbhwqil xajaogi xgxlluq xgynkyf yglcmxc ygvembb yjaiqqk aoxuaau aluvqox afehrex akntuym axtyvlb augyfmq asqmqnh axfxeew aquenfg anyvinx atyames aiwpfxg aajesfc ahbrwdr atryygn amicvtv 
107.748644 
m8canau mtggoux mucanau mvcanau ntgluqp nvdgwut otkcndw otkcndw 

aawnlas adtvmnw badadwb bbjajta cafaaha cceutfs ddkkgvw dhugdnv ebnjijt edaxbpb edoypuw fbqvgxr fcituum fcjpgid gajrxbv geggdwh gerdpua hajrnju hbrwoao icktrpm idfcrip idklhpw jbkvxoe jenepak kegopqx khayogh lbomwha ldeuqba ldsppsd mcrllbs mhmypfg mhvssmo nadsbjm nhgxpge oaejxfo ocymjsa pfijlkb pgdmnag qbecsrs qdhobnw rafwuvk reosjlx sbrverx sdqsidk takjiqm taqqrom tcbulpn tcfwril uastsyb ubdwcsk ubijxao vadkmaw vauitcr vgprcja wagknak walfcqi wbhwqil xajaogi xgxlluq xgynkyf yglcmxc ygvembb yjaiqqk aoxuaau aluvqox afehrex akntuym axtyvlb augyfmq asqmqnh axfxeew aquenfg anyvinx atyames aiwpfxg aajesfc ahbrwdr atryygn amicvtv 
FALSE 
j7xlulc jpxlulc jqxlulc jrxlulc jsxlulc ksmcdbr l7hixku lphixku lqhixku lrhixku lshixku l7hixku lphixku lqhixku lrhixku lshixku 
aawnlas adtvmnw badadwb bbjajta cafaaha cceutfs dbsftja ddkkgvw ebnjijt edaxbpb edoypuw fbqvgxr fcituum fcjpgid gajrxbv geggdwh gerdpua hajrnju hbrwoao icktrpm idfcrip idklhpw jbkvxoe jenepak kegopqx khayogh lbomwha ldeuqba ldsppsd mcrllbs mhmypfg mhvssmo nadsbjm nhgxpge oaejxfo ocgfsgc ocymjsa pfijlkb pgdmnag qbecsrs qbyoctt qdhobnw rafwuvk reosjlx sbrverx sdqsidk takjiqm taqqrom tcbulpn tcfwril uastsyb ubdwcsk ubijxao vadkmaw vauitcr vgprcja wagknak walfcqi wbhwqil xajaogi xgxlluq xgynkyf yglcmxc ygvembb yjaiqqk aoxuaau aluvqox afehrex akntuym axtyvlb augyfmq asqmqnh axfxeew aquenfg anyvinx atyames aiwpfxg aajesfc ahbrwdr atryygn amicvtv 
aawnlas adtvmnw badadwb bbjajta cafaaha cceutfs dbsftja ddkkgvw ebnjijt edaxbpb edoypuw fbqvgxr fcituum fcjpgid gajrxbv geggdwh gerdpua hajrnju hbrwoao icktrpm idfcrip idklhpw jbkvxoe jenepak kegopqx khayogh lbomwha ldeuqba ldsppsd mcrllbs mhmypfg mhvssmo nadsbjm nhgxpge oaejxfo ocgfsgc ocymjsa pfijlkb pgdmnag qbecsrs qbyoctt qdhobnw rafwuvk reosjlx sbrverx sdqsidk takjiqm taqqrom tcbulpn tcfwril uastsyb ubdwcsk ubijxao vadkmaw vauitcr vgprcja wagknak walfcqi wbhwqil xajaogi xgxlluq xgynkyf yglcmxc ygvembb yjaiqqk aoxuaau aluvqox afehrex akntuym axtyvlb augyfmq asqmqnh axfxeew aquenfg anyvinx atyames aiwpfxg aajesfc ahbrwdr atryygn amicvtv 
aawnlas adtvmnw badadwb bbjajta cafaaha cceutfs dbsftja ddkkgvw ebnjijt edaxbpb edoypuw fbqvgxr fcituum fcjpgid gajrxbv geggdwh gerdpua hajrnju hbrwoao icktrpm idfcrip idklhpw jbkvxoe jenepak kegopqx khayogh lbomwha ldeuqba ldsppsd mcrllbs mhmypfg mhvssmo nadsbjm nhgxpge oaejxfo ocgfsgc ocymjsa pfijlkb pgdmnag qbecsrs qbyoctt qdhobnw rafwuvk reosjlx sbrverx sdqsidk takjiqm taqqrom tcbulpn tcfwril uastsyb ubdwcsk ubijxao vadkmaw vauitcr vgprcja wagknak walfcqi wbhwqil xajaogi xgxlluq xgynkyf yglcmxc ygvembb yjaiqqk aoxuaau aluvqox afehrex akntuym axtyvlb augyfmq asqmqnh axfxeew aquenfg anyvinx atyames aiwpfxg aajesfc ahbrwdr atryygn amicvtv 
FALSE 
aawnlas adtvmnw badadwb bbjajta cafaaha cceutfs dbsftja ddkkgvw ebnjijt edaxbpb edoypuw fbqvgxr fcituum fcjpgid gajrxbv geggdwh gerdpua hajrnju hbrwoao icktrpm idfcrip idklhpw jbkvxoe jenepak kegopqx khayogh lbomwha ldeuqba ldsppsd mcrllbs mhmypfg mhvssmo nadsbjm nhgxpge oaejxfo ocgfsgc ocymjsa pfijlkb pgdmnag qbecsrs qbyoctt qdhobnw rafwuvk reosjlx sbrverx sdqsidk takjiqm taqqrom tcbulpn tcfwril uastsyb ubdwcsk ubijxao vadkmaw vauitcr vgprcja wagknak walfcqi wbhwqil xajaogi xgxlluq xgynkyf yglcmxc ygvembb yjaiqqk aoxuaau aluvqox afehrex akntuym axtyvlb augyfmq asqmqnh axfxeew aquenfg anyvinx atyames aiwpfxg aajesfc ahbrwdr atryygn amicvtv 
ktlvbgb 
uodwcsk uoijxao 
aawnlas adtvmnw badadwb bbjajta cafaaha cceutfs dbsftja ddkkgvw ebnjijt edaxbpb edoypuw fbqvgxr fcituum fcjpgid gajrxbv geggdwh gerdpua hajrnju hbrwoao icktrpm idfcrip idklhpw jbkvxoe jenepak kegopqx khayogh lbomwha ldeuqba ldsppsd mcrllbs mhmypfg mhvssmo nadsbjm nhgxpge oaejxfo ocgfsgc ocymjsa pfijlkb pgdmnag qbecsrs qbyoctt qdhobnw rafwuvk reosjlx sbrverx sdqsidk takjiqm taqqrom tcbulpn tcfwril uastsyb ubdwcsk ubijxao vadkmaw vauitcr vgprcja wagknak walfcqi wbhwqil xajaogi xgxlluq xgynkyf yglcmxc ygvembb yjaiqqk aoxuaau aluvqox afehrex akntuym axtyvlb augyfmq asqmqnh axfxeew aquenfg anyvinx atyames aiwpfxg aajesfc ahbrwdr atryygn amicvtv 


badadwb 
107.710801 

d7svwpj dpsvwpj dqsvwpj drsvwpj dssvwpj e7ifvpx epieobd eqifvpx erouqws erpnlmd esifvpx f7aoxxm fpaoxxm fqaoxxm fraoxxm fsaoxxm f7aoxxm fpaoxxm fqaoxxm fraoxxm fsaoxxm 
107.669535 
p1ijdmi 
aawnlas adtvmnw badadwb bbjajta cafaaha cceutfs ccfbcvn dbsftja ddkkgvw ebnjijt ecogrsp fbqvgxr fcituum fcjpgid gajrxbv geggdwh gerdpua hajrnju haoakfp hbrwoao icktrpm idfcrip idklhpw jbkvxoe jenepak kegopqx ketjsyr khayogh lbomwha ldeuqba ldsppsd mcrllbs mhmypfg mhvssmo nadsbjm nhgxpge oaejxfo ocgfsgc ocymjsa pfijlkb pgdmnag qbecsrs qbyoctt qdhobnw rafwuvk reosjlx sbrverx sdqsidk takjiqm taqqrom tcbulpn tcfwril uastsyb ubdwcsk ubijxao vadkmaw vauitcr vgprcja wagknak walfcqi wbhwqil xajaogi xgxlluq xgynkyf yglcmxc ygvembb yjaiqqk aoxuaau aluvqox afehrex akntuym axtyvlb augyfmq asqmqnh axfxeew aquenfg anyvinx atyames aiwpfxg aajesfc ahbrwdr atryygn amicvtv 
w2aavjb w2cjlls wagknak walfcqi wbhwqil wcttdqu wcukrvv xajaogi 
d1svwpj e1ifvpx f1aoxxm f1aoxxm 
aawnlas adtvmnw badadwb bbjajta cafaaha cceutfs ccfbcvn dbsftja ddkkgvw ebnjijt ecogrsp fbqvgxr fcituum fcjpgid gajrxbv geggdwh gerdpua hajrnju haoakfp hbrwoao icktrpm idfcrip idklhpw jbkvxoe jenepak kegopqx ketjsyr khayogh lbomwha ldeuqba ldsppsd mcrllbs mhmypfg mhvssmo nadsbjm nhgxpge oaejxfo ocgfsgc ocymjsa pfijlkb pgdmnag qbecsrs qbyoctt qdhobnw rafwuvk reosjlx sbrverx sdqsidk takjiqm taqqrom tcbulpn tcfwril uastsyb ubdwcsk ubijxao vadkmaw vauitcr vgendvr vgprcja wagknak walfcqi wbhwqil xajaogi xgxlluq xgynkyf yglcmxc ygvembb yjaiqqk aoxuaau aluvqox afehrex akntuym axtyvlb augyfmq asqmqnh axfxeew aquenfg anyvinx atyames aiwpfxg aajesfc ahbrwdr atryygn amicvtv abguuea 
FALSE 
aawnlas adtvmnw badadwb bbjajta cafaaha cceutfs ccfbcvn dbsftja ddkkgvw ebnjijt ecogrsp fbqvgxr fcituum fcjpgid gajrxbv geggdwh gerdpua hajrnju haoakfp hbrwoao icktrpm idfcrip idklhpw jbkvxoe jenepak kegopqx ketjsyr khayogh lbomwha ldeuqba ldsppsd mcrllbs mhmypfg mhvssmo nadsbjm nhgxpge oaejxfo ocgfsgc ocymjsa pfijlkb pgdmnag qbecsrs qbyoctt qdhobnw rafwuvk reosjlx sbrverx sdqsidk takjiqm taqqrom tcbulpn tcfwril uastsyb ubdwcsk ubijxao vadkmaw vauitcr vgendvr vgprcja wagknak walfcqi wbhwqil xajaogi xgxlluq xgynkyf yglcmxc ygvembb yjaiqqk aoxuaau aluvqox afehrex akntuym axtyvlb augyfmq asqmqnh axfxeew aquenfg anyvinx atyames aiwpfxg aajesfc ahbrwdr atryygn amicvtv abguuea ayqaedy 
107.641196 
puaemeh putdbkt 
qpwdeda 
aawnlas adtvmnw badadwb bbjajta cafaaha cceutfs ccfbcvn dbsftja ddkkgvw ebnjijt ecogrsp fbqvgxr fcituum fcjpgid gajrxbv geggdwh gerdpua hajrnju haoakfp hbrwoao icktrpm idfcrip idklhpw jbkvxoe jenepak kegopqx ketjsyr khayogh lbomwha ldeuqba ldsppsd mcrllbs mhmypfg mhvssmo nadsbjm nhgxpge oaejxfo ocgfsgc ocymjsa pfijlkb pgdmnag qbecsrs qbyoctt qdhobnw rafwuvk reosjlx sbrverx sdqsidk takjiqm taqqrom tcbulpn tcfwril uastsyb ubdwcsk ubijxao vadkmaw vauitcr vgendvr vgprcja wagknak walfcqi wbhwqil xajaogi xgxlluq xgynkyf yglcmxc ygvembb yjaiqqk aoxuaau aluvqox afehrex akntuym axtyvlb augyfmq asqmqnh axfxeew aquenfg anyvinx atyames aiwpfxg aajesfc ahbrwdr atryygn amicvtv abguuea ayqaedy 
dhugdnv 

d7svwpj dpsvwpj dqsvwpj drsvwpj dssvwpj e7ifvpx epieobd eqifvpx erouqws erpnlmd esifvpx f7aoxxm fpaoxxm fqaoxxm fraoxxm fsaoxxm f7aoxxm fpaoxxm fqaoxxm fraoxxm fsaoxxm 
FALSE 
8kntuym t5qtalu tjqtalu tkqtalu tlqtalu u5dwcsk u5ijxao ujdwcsk ujijxao ukdwcsk ukijxao uldwcsk ulijxao v5apwqu v5vpbnm vjhtacn vkapwqu vkvpbnm vlapwqu vlvpbnm v5apwqu v5vpbnm vjhtacn vkapwqu vkvpbnm vlapwqu vlvpbnm 
FALSE 
ikfxoev 
mycanau 
mihdayd miweywq 
j3xlulc jdxlulc jenepak jfiowus jfpuypb kegopqx ketjsyr l3hixku ldeuqba ldsppsd leatmst lfhixku l3hixku ldeuqba ldsppsd leatmst lfhixku 
107.537815 
aawnlas adtvmnw badadwb bbjajta cafaaha cceutfs ccfbcvn dbsftja ddkkgvw ebnjijt ecogrsp fbqvgxr fcituum fcjpgid gajrxbv geggdwh gerdpua hajrnju haoakfp hbrwoao icktrpm idfcrip idklhpw jbkvxoe jenepak kegopqx ketjsyr khayogh lbomwha ldeuqba ldsppsd mcrllbs mgqxeua nadsbjm nhgxpge oaejxfo ocgfsgc ocymjsa pfijlkb pgdmnag qbecsrs qbejmvb qbyoctt qdhobnw rafwuvk reosjlx sbrverx sdqsidk takjiqm taqqrom tcbulpn tcfwril uastsyb ubdwcsk ubijxao vadkmaw vauitcr vbambca wagknak walfcqi wbhwqil xajaogi xgxlluq xgynkyf yglcmxc ygqaphv yjaiqqk aoxuaau aluvqox afehrex akntuym axtyvlb augyfmq asqmqnh axfxeew aquenfg anyvinx atyames aiwpfxg aajesfc ahbrwdr atryygn amicvtv abguuea ayqaedy 
cgsxeve 
dzsvwpj 
adtvmnw bdnjigs bedmsoc c3sxeve cdcfjfl cesxeve cfsxeve c3sxeve cdcfjfl cesxeve cfsxeve 
m4canau mgqxeua mhmypfg mhvssmo mihdayd miweywq nhgxpge niarxlg oiwlcfn oiwlcfn 
p2ijdmi paijdmi pbijdmi pcijdmi qaxjolw qbecsrs qbejmvb qbyoctt rafwuvk sbrverx sbrverx 
aawnlas acangae badadwb bavakrb bbjajta cafaaha cceutfs ccfbcvn dbsftja ddkkgvw eadbxhj ebnjijt fbqvgxr fcituum fcjpgid gajrxbv geggdwh gerdpua hajrnju haoakfp hbrwoao icktrpm idfcrip idklhpw jbkvxoe jenepak kegopqx ketjsyr khayogh lbomwha ldeuqba ldsppsd mcrllbs mgqxeua nadsbjm ncjbnfl oaejxfo ocgfsgc ocymjsa pfijlkb pgdmnag qbecsrs qbejmvb qbyoctt qdhobnw rafwuvk reosjlx repqhho sbrverx sdqsidk takjiqm taqqrom tcbulpn tcfwril uastsyb ubdwcsk ubijxao vadkmaw vauitcr vbambca wagknak walfcqi wbhwqil wbqdqcs xajaogi xgxlluq xgynkyf yglcmxc ygqaphv yjaiqqk aoxuaau aluvqox afehrex akntuym axtyvlb augyfmq asqmqnh axfxeew aquenfg anyvinx atyames aiwpfxg aajesfc ahbrwdr atryygn amicvtv abguuea ayqaedy 
m1canau o1esebj o1esebj 
