
105.285714 
FALSE 

dltdywl eabrwhd eyfalmi fabgnxn flxdgvb hfarhnv ivoanwc jpadvhd jpamnam nptnycx oqwewwt qrvcudh sqshbya xyeknpa 

dltdywl eabrwhd eyfalmi fabgnxn flxdgvb hcosoop hfarhnv imwanbv ivoanwc jpadvhd jpamnam nptnycx oqwewwt qrvcudh sqshbya xyeknpa 
108.241071 

FALSE 
cugthik dltdywl eabrwhd eyfalmi fabgnxn flxdgvb hcosoop hfarhnv imwanbv ivoanwc jpadvhd jpamnam nptnycx oqwewwt qrvcudh rtesfmu sqshbya svydnuf wfeqonr xyeknpa 

cugthik dltdywl eabrwhd eyfalmi fabgnxn flxdgvb hcosoop hfarhnv imwanbv ivoanwc jpadvhd jpamnam nptnycx oqwewwt pcahwmi qrvcudh rtesfmu sqshbya svydnuf tobroty wfeqonr wmsyrok xyeknpa yqtxneo 
cugthik dltdywl eabrwhd eyfalmi fabgnxn flxdgvb hcosoop hfarhnv imwanbv ivoanwc jpadvhd jpamnam nptnycx oqwewwt pcahwmi qrvcudh rtesfmu skbajys snhqmvq tobroty wfeqonr wjgrhba xyeknpa yqtxneo 


cugthik dltdywl eabrwhd eivcjnv fabgnxn flxdgvb hcosoop hfarhnv imwanbv ivoanwc jpadvhd jpamnam nptnycx oqwewwt pcahwmi qrvcudh rtesfmu skbajys snhqmvq tobroty wfeqonr wjgrhba xyeknpa yqtxneo 

ibwanbv 

cugthik dltdywl dyrelmy eabrwhd eivcjnv fabgnxn flxdgvb hcosoop hfarhnv ifapkti ijkxije jpadvhd jpamnam nptnycx oqwewwt pcahwmi qrvcudh rtesfmu skbajys snhqmvq thgcclu tobroty vjknuea wfeqonr wjgrhba xojgcws xyeknpa yqtxneo 
pcahwmi 
cugthik dltdywl dyrelmy eabrwhd eirapug eivcjnv fabgnxn flxdgvb hcosoop hfarhnv ifapkti ijkxije jpadvhd jpamnam nptnycx oqwewwt pcahwmi qrvcudh rtesfmu skbajys snhqmvq thgcclu tobroty vjknuea wfeqonr wjgrhba xojgcws xyeknpa ycpqdfv yqtxneo 
TRUE 
FALSE 
cugthik dltdywl dyrelmy eabrwhd eirapug eivcjnv fabgnxn flxdgvb hcosoop hfarhnv ifapkti ijkxije jpadvhd jpamnam nptnycx natxpas oqwewwt pcahwmi qrvcudh rtesfmu skbajys snhqmvq thgcclu tlcwtay vjknuea wfeqonr wjgrhba xojgcws xyeknpa ycpqdfv yqtxneo 

FALSE 


apvkidv ayjgtli cugthik dltdywl dyrelmy eabrwhd eirapug eivcjnv fabgnxn fccofjy hcosoop hfarhnv ifapkti ijkxije jpadvhd jpamnam ltqtbrd mmadbut nfhafxa nptnycx oqwewwt pcahwmi phhavek qrvcudh rtesfmu skbajys snhqmvq thgcclu tlcwtay vjknuea vssfsoy wfeqonr wjgrhba xojgcws xyeknpa ycpqdfv yqtxneo 

w9udfve wwudfve wxudfve wyudfve wzudfve xyeknpa 


apvkidv ayjgtli aymrrnn bkbryfa chblibo cugthik dajdgia dltdywl eabrwhd eirapug eivcjnv fabgnxn fccofjy hcosoop hfarhnv ifapkti ihjdjqp jktceay jpadvhd jpamnam lgghabd ltqtbrd mmadbut nfhafxa nptnycx oqwewwt pcahwmi phhavek qrvcudh rtesfmu sbhgpnn skbajys thgcclu tlcwtay vjknuea vssfsoy wfeqonr wjgrhba xdudeyq xojgcws ycpqdfv yqtxneo 
FALSE 
turapty 
aevnbia apvkidv bkbryfa bkitctt chblibo cugthik dajdgia dltdywl eabrwhd eirapug eivcjnv fabgnxn fccofjy hcosoop hfarhnv ifapkti ihjdjqp jktceay jpadvhd jpamnam lgghabd ltqtbrd mmadbut nfhafxa nptnycx oqwewwt pcahwmi phhavek qipogtf qremxbn qrvcudh rtesfmu sbhgpnn skbajys thgcclu tlcwtay vjknuea vssfsoy wfeqonr wjgrhba xdudeyq xojgcws ycpqdfv yqtxneo apaavhi 



aevnbia apvkidv bkbryfa bkitctt chblibo cugthik dajdgia dltdywl eabrwhd eirapug eivcjnv fabgnxn fccofjy hcosoop hfarhnv ifapkti ihjdjqp jchvmac jktceay lgghabd lhaomlv mbfviwo mipauta nfhafxa npobwvw nptnycx oqwewwt pcahwmi phhavek qipogtf qremxbn qrvcudh rtesfmu sbhgpnn sgulnha thgcclu tlcwtay ugchoqa vjknuea vssfsoy wfeqonr wjgrhba xdudeyq xlsebna ycpqdfv yqtxneo apaavhi 

jpadvhd jpamnam 
FALSE 
i5wanbv ijkxije ikwanbv ilwanbv i5wanbv ijkxije ikwanbv ilwanbv 

aevnbia apvkidv bkbryfa bkitctt chblibo cugthik dajdgia dcakbbv eabrwhd eirapug eivcjnv fabgnxn fccofjy hcosoop hfarhnv ifapkti ihjdjqp jchvmac jktceay kfgkhgs kwuwule lgghabd lhaomlv mbfviwo mipauta nfhafxa npobwvw nptnycx oqwewwt pcahwmi phhavek qgyvraq qipogtf rtesfmu rtgpipa sbhgpnn sgulnha tbbqjsp thgcclu uevatfu ugchoqa vjknuea vssfsoy wfeqonr wjgrhba xdudeyq xfywagd ycpqdfv yqtxneo apaavhi 
i1wanbv i1wanbv 

aevnbia apvkidv bkbryfa bkitctt chblibo cugthik dajdgia dcakbbv eabrwhd eirapug eivcjnv fabgnxn fccofjy hcosoop hfarhnv ifapkti ihjdjqp jchvmac jktceay kfgkhgs kwuwule lgghabd lhaomlv mbfviwo mipauta nfhafxa npobwvw nptnycx oqwewwt pcahwmi phhavek qgyvraq qipogtf rtesfmu rtgpipa sbhgpnn sgulnha tbbqjsp thgcclu uevatfu ugchoqa vjknuea vssfsoy wfeqonr wjgrhba xdudeyq xfywagd ycpqdfv yqtxneo apaavhi 
aevnbia akseafs bkbryfa bkitctt chblibo cugthik dajdgia dcakbbv eabrwhd eilenmk eirapug fabgnxn fccofjy gxqlvxa hcosoop hfarhnv ifapkti ihjdjqp jchvmac jktceay kfgkhgs kwuwule lgghabd lhaomlv mbfviwo mipauta nfhafxa npobwvw nptnycx onkiasd oqwewwt pcahwmi phhavek qgyvraq qipogtf rtesfmu rtgpipa sbhgpnn sgulnha tbbqjsp thgcclu uevatfu ugchoqa vareulh vckymud wfeqonr wjgrhba xdudeyq xfywagd ycpqdfv yqtxneo apaavhi 
FALSE 
jexiunn 
aevnbia akseafs bkbryfa bkitctt chblibo cugthik dajdgia dcakbbv eabrwhd eilenmk eirapug fabgnxn fccofjy gqfptxe gxqlvxa hcosoop hfarhnv ifapkti ihjdjqp jchvmac jdahkbb kcjjvmk kfgkhgs lgghabd lhaomlv mbfviwo mipauta nfhafxa npobwvw nptnycx onkiasd oqwewwt pcahwmi phhavek qgyvraq qipogtf rtesfmu rtgpipa sbhgpnn sgulnha tbbqjsp thgcclu uevatfu ugchoqa vareulh vckymud wfeqonr wjgrhba xdudeyq xfywagd ycpqdfv yqtxneo apaavhi 



FALSE 

akseafs bkbryfa bkitctt 
aevnbia akseafs bkbryfa bkitctt chblibo cugthik dajdgia dcakbbv eabrwhd ebygubt fabgnxn fccofjy gbpgdoy gqfptxe hcosoop hfarhnv ifapkti ihjdjqp jchvmac jdahkbb kcjjvmk kfgkhgs lgghabd lhaomlv mbfviwo mipauta nfhafxa npobwvw nptnycx onkiasd oqwewwt pcahwmi phhavek qgyvraq qipogtf rrqvtac rtesfmu rtgpipa sbhgpnn sgulnha tbbqjsp tgarlil uevatfu ugchoqa vareulh vckymud wfeqonr wjgrhba xdudeyq xfywagd ycpqdfv yqtxneo apaavhi adguapx 
FALSE 
FALSE 
FALSE 
aevnbia akseafs bkbryfa bkitctt chblibo chvfhuf cugthik dajdgia dcakbbv eabrwhd ebygubt fabgnxn fccofjy gbpgdoy gqfptxe hcosoop hfarhnv ifapkti ihcdydl ihjdjqp jchvmac jdahkbb kcjjvmk kfgkhgs ldcatcq lgghabd mbfviwo mipauta nfhafxa npobwvw nptnycx ofixaic onkiasd pcahwmi phhavek qgyvraq qipogtf rrqvtac rtesfmu rtgpipa sbhgpnn sgulnha tbbqjsp tgarlil uevatfu ugchoqa vareulh vckymud wayfdby wfeqonr xdudeyq xfywagd ycpqdfv yqtxneo apaavhi adguapx agqtxjp 

aevnbia ahtdkyq bkbryfa bkitctt chblibo chvfhuf clyfrli dajdgia dcakbbv eabrwhd ebygubt fabgnxn fccofjy gbpgdoy giunpqb hcosoop hfarhnv idehgab ifapkti jchvmac jdahkbb kcjjvmk kfgkhgs ldcatcq lgghabd mbfviwo mipauta nfhafxa npobwvw nptnycx ofixaic onkiasd pcahwmi phhavek qgyvraq qipogtf rrqvtac rtesfmu rtgpipa sbhgpnn sgulnha tbbqjsp tgarlil uevatfu ugchoqa vareulh vckymud wayfdby wfeqonr xdudeyq xfywagd ycpqdfv yqtxneo apaavhi adguapx agqtxjp ajqqsxv 
aevnbia ahtdkyq bkbryfa bkitctt chblibo chvfhuf clyfrli dajdgia dcakbbv eabrwhd ebygubt fabgnxn fccofjy gbpgdoy giunpqb hcosoop hfarhnv idehgab ifapkti jchvmac jdahkbb kcjjvmk kfgkhgs ldcatcq lgghabd mbfviwo mipauta nfhafxa npobwvw nptnycx ofixaic onkiasd pcahwmi phhavek qgyvraq qipogtf rrqvtac rtesfmu rtgpipa sbhgpnn sgulnha tbbqjsp tgarlil uevatfu ugchoqa vareulh vckymud wayfdby wfeqonr xdudeyq xfywagd ycpqdfv yqtxneo apaavhi adguapx agqtxjp ajqqsxv 
jtxiunn 
aevnbia ahtdkyq bkbryfa bkitctt bnpocgu chblibo chvfhuf clyfrli dajdgia dcakbbv eabrwhd ebygubt fabgnxn fccofjy gbpgdoy giunpqb hcosoop hfarhnv icnfehj idehgab jchvmac jdahkbb kcjjvmk kfgkhgs ldcatcq lgghabd mbfviwo mipauta nfhafxa npobwvw nptnycx ofixaic onkiasd pcahwmi phhavek qgyvraq qipogtf rrqvtac rtesfmu rtgpipa sbhgpnn sgulnha tbbqjsp tgarlil uevatfu ugchoqa vareulh vckymud wayfdby wfeqonr xdudeyq xfywagd ycpqdfv yqtxneo apaavhi adguapx agqtxjp ajqqsxv arbvwik aalbjay 
aevnbia ahtdkyq bkbryfa bkitctt bnpocgu chblibo chvfhuf clyfrli dajdgia dcakbbv eabrwhd ebygubt fabgnxn fccofjy gbpgdoy giunpqb hcosoop hfarhnv icnfehj idehgab jchvmac jdahkbb kcjjvmk kfgkhgs ldcatcq lgghabd mbfviwo mipauta nfhafxa npobwvw nptnycx ofixaic onkiasd pcahwmi phhavek qgyvraq qipogtf rrqvtac rtesfmu rtgpipa sbhgpnn sgulnha tbbqjsp tgarlil uevatfu ugchoqa vareulh vckymud wayfdby wfeqonr wfqevae xdudeyq xfywagd ycpqdfv yqtxneo apaavhi adguapx agqtxjp ajqqsxv arbvwik aalbjay 

aevnbia ahtdkyq bkbryfa bkitctt bnpocgu chblibo chvfhuf clyfrli dajdgia dcakbbv eabrwhd ebygubt fabgnxn fccofjy gbpgdoy giunpqb hcosoop hfarhnv icnfehj idehgab jchvmac jdahkbb kcjjvmk kfgkhgs ldcatcq lgghabd mbfviwo mipauta nfhafxa npobwvw nptnycx ofixaic onkiasd pcahwmi phhavek qgyvraq qipogtf rcrrwxt rrqvtac sbhgpnn sgulnha tbbqjsp tgarlil uevatfu ugchoqa vareulh vckymud wayfdby wfeqonr wfqevae xdudeyq xfywagd ycpqdfv yqtxneo apaavhi adguapx agqtxjp ajqqsxv arbvwik aalbjay 
aevnbia ahtdkyq bkbryfa bkitctt bnpocgu chblibo chvfhuf clyfrli dajdgia dcakbbv eabrwhd ebygubt fabgnxn fccofjy gbpgdoy giunpqb hcosoop hfarhnv icnfehj idehgab jchvmac jdahkbb kcjjvmk kfgkhgs ldcatcq lgghabd mbfviwo mipauta nfhafxa npobwvw nptnycx ofixaic onkiasd pcahwmi phhavek qgyvraq qipogtf rcrrwxt rrqvtac sbhgpnn sgulnha tbbqjsp tgarlil uevatfu ugchoqa vareulh vckymud wayfdby wfeqonr wfqevae xdudeyq xfywagd ycpqdfv yqtxneo apaavhi adguapx agqtxjp ajqqsxv arbvwik aalbjay 
aevnbia ahtdkyq bkbryfa bkitctt bnpocgu chblibo chvfhuf clyfrli dajdgia dcakbbv eabrwhd ebygubt fabgnxn fccofjy gbpgdoy giunpqb hcosoop hfarhnv icnfehj idehgab jchvmac jdahkbb kcjjvmk kfgkhgs ldcatcq lgghabd mbfviwo mipauta nfhafxa npobwvw nptnycx ofixaic onkiasd pcahwmi phhavek qgyvraq qipogtf rcrrwxt rrqvtac sbhgpnn sgulnha tbbqjsp tgarlil uevatfu ugchoqa vareulh vckymud wayfdby wfeqonr wfqevae xdudeyq xfywagd ycpqdfv yqtxneo apaavhi adguapx agqtxjp ajqqsxv arbvwik aalbjay 
107.138095 
xlnhkrf 

107.207589 
aegndrt aevnbia ahtdkyq bkbryfa bkitctt bnpocgu ccalyhp chblibo chvfhuf dajdgia dbbtjmx eabrwhd ebygubt fabgnxn fccofjy gbpgdoy giunpqb hcosoop hfarhnv icnfehj idehgab jchvmac jdahkbb kcjjvmk kfgkhgs ldcatcq lgghabd mbfviwo mipauta nfhafxa nlbowuu nlhpsyd ofixaic onkiasd onmxrms pcahwmi phhavek qgyvraq qipogtf rcrrwxt rrqvtac sbhgpnn sehayrp tbbqjsp teyexdh uevatfu ugchoqa vareulh vckymud wayfdby wfeqonr wfqevae xdudeyq xfywagd ycpqdfv yqtxneo apaavhi adguapx agqtxjp ajqqsxv arbvwik aalbjay arykaxj alttmde aicpyfx 

aegndrt aevnbia ahtdkyq bkbryfa bkitctt bnpocgu ccalyhp chblibo chvfhuf dajdgia dbbtjmx eabrwhd ebygubt fabgnxn fccofjy gbpgdoy giunpqb hcosoop hfarhnv icnfehj idehgab jchvmac jdahkbb kcjjvmk kfgkhgs ldcatcq lgghabd mbfviwo mipauta nfhafxa nlbowuu nlhpsyd ofixaic onkiasd onmxrms pcahwmi phhavek qgyvraq qipogtf rcrrwxt rrqvtac sbhgpnn sehayrp tbbqjsp teyexdh uevatfu ugchoqa vareulh vckymud wayfdby wfeqonr wfqevae xdudeyq xfywagd ycpqdfv yqtxneo apaavhi adguapx agqtxjp ajqqsxv arbvwik aalbjay arykaxj alttmde aicpyfx 
i0wanbv i0wanbv 
gbpgdoy hcosoop i2wanbv iawanbv ibwanbv icnfehj i2wanbv iawanbv ibwanbv icnfehj 
FALSE 
nvbowuu nvhpsyd 
aegndrt aevnbia ahtdkyq bkbryfa bkitctt bnpocgu ccalyhp chblibo chvfhuf dajdgia dbbtjmx eabrwhd ebygubt fabgnxn fccofjy gbpgdoy giunpqb hcosoop hfarhnv icnfehj idehgab jchvmac jdahkbb kcjjvmk kfgkhgs ldcatcq lgghabd mbfviwo mipauta nfhafxa nlbowuu nlhpsyd ofixaic onkiasd onmxrms pcahwmi phhavek qgyvraq qipogtf rcrrwxt rnckmhh sbhgpnn sehayrp tbbqjsp teyexdh uevatfu ugchoqa vareulh vckymud wayfdby wfeqonr wfqevae xdudeyq xftxaqa xfywagd ycpqdfv yqtxneo apaavhi adguapx agqtxjp ajqqsxv arbvwik aalbjay arykaxj alttmde aicpyfx 
aegndrt aevnbia ahtdkyq bkbryfa bkitctt bnpocgu ccalyhp chblibo chvfhuf dajdgia dbbtjmx eabrwhd ebygubt fabgnxn fccofjy gbpgdoy giunpqb hcosoop hfarhnv icnfehj idehgab jchvmac jdahkbb kcjjvmk kfgkhgs ldcatcq lgghabd mbfviwo mipauta nfhafxa nlbowuu nlhpsyd ofixaic onkiasd onmxrms pcahwmi phhavek qgyvraq qipogtf rcrrwxt rnckmhh sbhgpnn sehayrp tbbqjsp teyexdh uevatfu ugchoqa vareulh vckymud wayfdby wfeqonr wfqevae xdudeyq xftxaqa xfywagd ycpqdfv yqtxneo apaavhi adguapx agqtxjp ajqqsxv arbvwik aalbjay arykaxj alttmde aicpyfx 
107.272727 
aegndrt aevnbia ahtdkyq bkbryfa bkitctt bnpocgu ccalyhp chblibo chvfhuf dajdgia dbbtjmx eabrwhd ebygubt fabgnxn fccofjy gbpgdoy giunpqb hcosoop hfarhnv icnfehj idehgab jchvmac jdahkbb kcjjvmk kfgkhgs ldcatcq lgghabd mbfviwo mipauta nfhafxa nlbowuu nlhpsyd ofixaic onkiasd onmxrms pcahwmi phhavek qgyvraq qipogtf rcrrwxt rnckmhh sbhgpnn sehayrp tbbqjsp teyexdh uevatfu ugchoqa vareulh vckymud wayfdby wfeqonr wfqevae xdudeyq xftxaqa xfywagd ycpqdfv yqtxneo apaavhi adguapx agqtxjp ajqqsxv arbvwik aalbjay arykaxj alttmde aicpyfx 
r6qvtac rmqvtac rnckmhh roqvtac smkahog snhqmvq smkahog snhqmvq 
107.272727 
107.272727 

qremxbn qrvcudh r7qvtac rpqvtac rqqvtac rrqvtac rsqvtac sqfkgft sqshbya sqfkgft sqshbya 
107.394958 


FALSE 
gtsrfmj 
nqbowuu nqhpsyd 




FALSE 
aegndrt aevnbia ahtdkyq beeovgk bkbryfa bkitctt ccalyhp chblibo chvfhuf dajdgia dbbtjmx eabrwhd ebygubt fabgnxn fccofjy gbpgdoy giunpqb hcosoop hfarhnv icnfehj idehgab jchvmac jdahkbb kcjjvmk kefibps ldcatcq lfartwq mbfviwo mipauta nfhafxa nlbowuu nlhpsyd obhxqbf odgjnkd odargmt pcahwmi phhavek qgyvraq qipogtf rcrrwxt rnckmhh sbhgpnn sehayrp tbbqjsp teyexdh uevatfu ugchoqa vareulh vckymud wayfdby wfeqonr wfqevae xdudeyq xftxaqa xfywagd ycpqdfv yqtxneo apaavhi adguapx agqtxjp ajqqsxv arbvwik aalbjay arykaxj alttmde aicpyfx awiqmjy ameoagt 
w3nqwwi w3udfve wdnqwwi wdudfve wenqwwi weudfve wfeqonr wfqevae x3nhkrf xdudeyq xenhkrf xftxaqa xfywagd 
d4rshes dgunemn dhrshes dirshes eilenmk eirapug fhsppar fixsakf fhsppar fixsakf 

aegndrt aevnbia ahtdkyq beeovgk bkbryfa bkitctt ccalyhp chblibo chvfhuf dajdgia dbbtjmx eabrwhd ebygubt fabgnxn fccofjy gbpgdoy giunpqb hcosoop hfarhnv icnfehj idehgab jchvmac jdahkbb kcjjvmk kefibps ldcatcq lfartwq mbfviwo mbjhhtd mipauta nfhafxa nlbowuu nlhpsyd obhxqbf odgjnkd odargmt pcahwmi phhavek qgyvraq qipogtf rcrrwxt rebkheq sbhgpnn sbjcnpp sehayrp tbbqjsp teyexdh uevatfu ugchoqa vareulh vckymud wayfdby wfeqonr wfqevae xdudeyq xftxaqa xfywagd ycpqdfv yqtxneo apaavhi adguapx agqtxjp ajqqsxv arbvwik aalbjay arykaxj alttmde aicpyfx awiqmjy ameoagt 
107.242857 
aegndrt aevnbia ahtdkyq beeovgk bkbryfa bkitctt ccalyhp chblibo chvfhuf dajdgia dbbtjmx eabrwhd ebygubt fabgnxn fccofjy gbpgdoy giunpqb hcosoop hfarhnv icnfehj idehgab jchvmac jdahkbb kcjjvmk kefibps ldcatcq lfartwq mbfviwo mbjhhtd mipauta nfhafxa nlbowuu nlhpsyd obhxqbf odgjnkd odargmt pcahwmi phhavek qgyvraq qipogtf rcrrwxt rebkheq sbhgpnn sbjcnpp sehayrp tbbqjsp teyexdh uevatfu ugchoqa vareulh vckymud wayfdby wfeqonr wfqevae xdudeyq xftxaqa xfywagd ycpqdfv yqtxneo apaavhi adguapx agqtxjp ajqqsxv arbvwik aalbjay arykaxj alttmde aicpyfx awiqmjy ameoagt 
FALSE 

aegndrt aevnbia ahtdkyq beeovgk bkbryfa bkitctt ccalyhp chblibo chvfhuf dajdgia dalbmxv dbbtjmx eabrwhd ebygubt fabgnxn fccofjy gbpgdoy giunpqb hcosoop hfarhnv icnfehj idehgab jchvmac jdahkbb kcjjvmk kefibps lbxfdxp ldcatcq mbfviwo mbjhhtd mipauta nfhafxa nlbowuu nlhpsyd obhxqbf odgjnkd odargmt pcahwmi phhavek qgyvraq qipogtf rcrrwxt rebkheq sbhgpnn sbjcnpp sehayrp tbbqjsp teyexdh uevatfu ugchoqa vareulh vckymud wayfdby wfeqonr wfqevae xdudeyq xftxaqa xfywagd ycpqdfv yqtxneo apaavhi adguapx agqtxjp ajqqsxv arbvwik aalbjay arykaxj alttmde aicpyfx awiqmjy ameoagt 
qvhhgxe qvsntjd 
TRUE 
n7bowuu n7hpsyd npbowuu nphpsyd nqbowuu nqhpsyd nrbowuu nrhpsyd nsbowuu nshpsyd oqhtkkd oqwewwt oqhtkkd oqwewwt 
FALSE 
kkclyyc kkltvhe 
t1shuaj 
gtsrfmj htluucl i8wanbv itwanbv iuwanbv ivwanbv i8wanbv itwanbv iuwanbv ivwanbv 
aegndrt aevnbia ahbccvg ahtdkyq beeovgk bhovijs ccalyhp chblibo chvfhuf dajdgia dalbmxv dbbtjmx eabrwhd ebygubt fabgnxn fccofjy gbpgdoy giunpqb hcosoop hfarhnv icnfehj idehgab jchvmac jdahkbb kcjjvmk kefibps lbxfdxp ldcatcq mbfviwo mbjhhtd mipauta nfhafxa nlbowuu nlhpsyd obhxqbf odgjnkd odargmt pcahwmi phhavek qgyvraq qipogtf rcrrwxt rebkheq sbhgpnn sbjcnpp sehayrp tbbqjsp teyexdh uevatfu ugchoqa vareulh vbrnhag wayfdby wfeqonr wfqevae xdudeyq xftxaqa xfywagd ycpqdfv yqtxneo apaavhi adguapx agqtxjp ajqqsxv arbvwik aalbjay arykaxj alttmde aicpyfx awiqmjy ameoagt 

ahbccvg ahtdkyq bhovijs chblibo chvfhuf chblibo chvfhuf 
aegndrt aevnbia ahbccvg ahtdkyq beeovgk bhovijs ccalyhp chblibo chvfhuf dajdgia dalbmxv dbbtjmx eabrwhd ebygubt fabgnxn fccofjy gbpgdoy giunpqb hcosoop hfarhnv ibgemqg icnfehj jchvmac jdahkbb kcjjvmk kefibps lbxfdxp ldcatcq mbfviwo mbjhhtd mipauta nfhafxa nlbowuu nlhpsyd obhxqbf odgjnkd odargmt pcahwmi phhavek qgyvraq qipogtf rcrrwxt rebkheq sbhgpnn sbjcnpp sehayrp tbbqjsp teyexdh uevatfu ugchoqa vareulh vbrnhag wayfdby wfeqonr wfqevae xdudeyq xftxaqa xfywagd ycpqdfv yqtxneo apaavhi adguapx agqtxjp ajqqsxv arbvwik aalbjay arykaxj alttmde aicpyfx awiqmjy ameoagt 
aegndrt aevnbia ahbccvg ahtdkyq beeovgk bhovijs ccalyhp chblibo chvfhuf dajdgia dalbmxv dbbtjmx eabrwhd ebygubt fabgnxn fccofjy gbpgdoy giunpqb hcosoop hfarhnv ibgemqg icnfehj jchvmac jdahkbb kcjjvmk kefibps lbxfdxp ldcatcq mbfviwo mbjhhtd mipauta nfhafxa nlbowuu nlhpsyd obhxqbf odgjnkd odargmt pcahwmi phhavek qgyvraq qipogtf rcrrwxt rebkheq sbhgpnn sbjcnpp sehayrp tbbqjsp teyexdh uevatfu ugchoqa vareulh vbrnhag wayfdby wfeqonr wfgnolf xdudeyq xftxaqa xfywagd ycpqdfv yqtxneo apaavhi adguapx agqtxjp ajqqsxv arbvwik aalbjay arykaxj alttmde aicpyfx awiqmjy ameoagt 

d5rshes djrshes dkrshes dlrshes elygjjp flkaxat flrhvov flkaxat flrhvov 
107.146771 

107.167954 
aegndrt aevnbia ahbccvg ahtdkyq beeovgk bhovijs ccalyhp chblibo chvfhuf dajdgia dalbmxv dbbtjmx eabrwhd ebygubt fabgnxn fccofjy gbpgdoy gdlrbbk hcosoop hfarhnv ibgemqg icnfehj jchvmac jdahkbb kcjjvmk kefibps lbxfdxp ldcatcq mbfviwo mbjhhtd mipauta nfhafxa nlbowuu nlhpsyd obhxqbf odgjnkd odargmt pcahwmi phhavek qgyvraq qipogtf rcrrwxt rebkheq sbhgpnn sbjcnpp sehayrp tbbqjsp tbmscfg teyexdh uevatfu ufhwbag vareulh vbrnhag wayfdby wfeqonr wfgnolf xdudeyq xftxaqa xfywagd ycpqdfv ycvkpsr yeuhsbs apaavhi adguapx agqtxjp ajqqsxv arbvwik aalbjay arykaxj alttmde aicpyfx awiqmjy ameoagt axrmrau 


aegndrt aevnbia ahbccvg ahtdkyq beeovgk bhovijs ccalyhp chblibo chvfhuf dajdgia dalbmxv dbbtjmx eabrwhd ebygubt fabgnxn fccofjy gbpgdoy gdlrbbk hcosoop hfarhnv ibgemqg icnfehj jchvmac jdahkbb kcjjvmk kefibps lbxfdxp ldcatcq mbfviwo mbjhhtd mipauta nfhafxa nlbowuu nlhpsyd obhxqbf odgjnkd odargmt pcahwmi phhavek qgyvraq qipogtf rcrrwxt rebkheq sbhgpnn sbjcnpp sehayrp tbbqjsp tbmscfg teyexdh uevatfu ufhwbag vareulh vbrnhag wayfdby wfeqonr wfgnolf xdudeyq xftxaqa xfywagd ycpqdfv ycvkpsr yeuhsbs apaavhi adguapx agqtxjp ajqqsxv arbvwik aalbjay arykaxj alttmde aicpyfx awiqmjy ameoagt axrmrau 
aegndrt aevnbia ahbccvg ahtdkyq beeovgk bhovijs ccalyhp chblibo chvfhuf dajdgia dalbmxv dbbtjmx eabrwhd ebygubt fabgnxn fccofjy gbpgdoy gdlrbbk hcosoop hfarhnv ibgemqg icnfehj jchvmac jdahkbb kcjjvmk kefibps lbxfdxp ldcatcq mbfviwo mbjhhtd mipauta nfhafxa nlbowuu nlhpsyd obhxqbf odgjnkd odargmt pcahwmi phhavek qgyvraq qipogtf rcrrwxt rebkheq sbhgpnn sbjcnpp sehayrp tbbqjsp tbmscfg teyexdh uevatfu ufhwbag vareulh vbrnhag wayfdby wfeqonr wfgnolf xdudeyq xftxaqa xfywagd ycpqdfv ycvkpsr yeuhsbs apaavhi adguapx agqtxjp ajqqsxv arbvwik aalbjay arykaxj alttmde aicpyfx awiqmjy ameoagt axrmrau 
w4nqwwi w4udfve wgsflqb whbanmc winqwwi wiudfve x4nhkrf xgnhkrf xhggbdd xinhkrf 
mipauta 
tzshuaj 
TRUE 

1wiqmjy 1wiqmjy 
aegndrt aevnbia ahbccvg ahtdkyq beeovgk bhovijs ccalyhp chblibo chvfhuf dajdgia dalbmxv dbbtjmx eabrwhd ebygubt fabgnxn fccofjy gbpgdoy gdlrbbk hcosoop hfarhnv ibgemqg icnfehj jchvmac jdahkbb kcjjvmk kefibps lbxfdxp ldcatcq mbfviwo mbjhhtd mipauta nfhafxa nlbowuu nlhpsyd obhxqbf odgjnkd odargmt pcahwmi pgdfjhx qgyvraq qipogtf rcrrwxt rebkheq sbhgpnn sbjcnpp sehayrp tbbqjsp tbmscfg teyexdh uevatfu ufhwbag vareulh vbrnhag wayfdby wfeqonr wfgnolf xdudeyq xftxaqa xfywagd ycpqdfv ycvkpsr yeuhsbs apaavhi adguapx agqtxjp ajqqsxv arbvwik aalbjay arykaxj alttmde aicpyfx awiqmjy ameoagt axrmrau 
magvfws 
m3gvfws mdgvfws megvfws mfgvfws n3bowuu n3hpsyd ndbowuu ndhpsyd nebowuu nehpsyd nfhafxa odgjnkd odargmt ofixaic odgjnkd odargmt ofixaic 
aegndrt aevnbia ahbccvg ahtdkyq beeovgk bhovijs ccalyhp cceiair chblibo chvfhuf dajdgia dalbmxv dbbtjmx eabrwhd ebygubt fabgnxn fccofjy fcffyeg gbpgdoy gdlrbbk hcosoop hfarhnv ibgemqg icnfehj jchvmac jdahkbb kcjjvmk kefibps lbxfdxp ldcatcq mbfviwo mbjhhtd mipauta nfhafxa nlbowuu nlhpsyd obhxqbf odgjnkd odargmt pcahwmi pgdfjhx qgyvraq qipogtf rcrrwxt rebkheq sbhgpnn sbjcnpp sehayrp tbbqjsp tbmscfg teyexdh uevatfu ufhwbag vareulh vbrnhag wayfdby wfeqonr wfgnolf xdudeyq xftxaqa xfywagd ycpqdfv ycvkpsr yeuhsbs apaavhi adguapx agqtxjp ajqqsxv arbvwik aalbjay arykaxj alttmde aicpyfx awiqmjy ameoagt axrmrau 
aegndrt aevnbia ahbccvg ahtdkyq beeovgk bftcmog ccalyhp cceiair chblibo chvfhuf dajdgia dalbmxv dbbtjmx eabrwhd ebygubt fabgnxn fccofjy fcffyeg gbpgdoy gdlrbbk hcosoop hfarhnv ibgemqg icnfehj jchvmac jdahkbb kcjjvmk kefibps lbxfdxp ldcatcq mbfviwo mbjhhtd mipauta nfhafxa nlbowuu nlhpsyd obhxqbf odgjnkd odargmt pcahwmi pgdfjhx qgyvraq qipogtf rcrrwxt rebkheq sbhgpnn sbjcnpp sehayrp tbbqjsp tbmscfg tdgoibq uevatfu ufhwbag vareulh vbrnhag wayfdby wfeqonr wfgnolf xdudeyq xftxaqa xfywagd ycpqdfv ycvkpsr yeuhsbs apaavhi adguapx agqtxjp ajqqsxv arbvwik aalbjay arykaxj alttmde aicpyfx awiqmjy ameoagt axrmrau 
aegndrt aevnbia ahbccvg ahtdkyq beeovgk bftcmog ccalyhp cceiair chblibo chvfhuf dajdgia dalbmxv dbbtjmx eabrwhd ebygubt fabgnxn fccofjy fcffyeg gbpgdoy gdlrbbk hcosoop hfarhnv ibgemqg icnfehj jchvmac jdahkbb kcjjvmk kefibps lbxfdxp ldcatcq mbfviwo mbjhhtd mipauta nfhafxa nlbowuu nlhpsyd obhxqbf odgjnkd odargmt pcahwmi pgdfjhx qgyvraq qipogtf rcrrwxt rebkheq sbhgpnn sbjcnpp sehayrp tbbqjsp tbmscfg tdgoibq uevatfu ufhwbag vareulh vbrnhag wayfdby wfeqonr wfgnolf xdudeyq xftxaqa xfywagd ycpqdfv ycvkpsr yeuhsbs apaavhi adguapx agqtxjp ajqqsxv arbvwik aalbjay arykaxj alttmde aicpyfx awiqmjy ameoagt axrmrau 

aegndrt aevnbia ahbccvg ahtdkyq beeovgk bftcmog ccalyhp cceiair chblibo chvfhuf dajdgia dalbmxv dbbtjmx eabrwhd ebygubt fabgnxn fccofjy fcffyeg gbpgdoy gdlrbbk hcosoop hfarhnv ibgemqg icnfehj jchvmac jdahkbb kcjjvmk kefibps lbxfdxp ldcatcq mbfviwo mbjhhtd mipauta nfhafxa nlbowuu nlhpsyd obhxqbf odgjnkd odargmt pcahwmi pgdfjhx qgyvraq qipogtf rcrrwxt rebkheq sbhgpnn sbjcnpp sehayrp tbbqjsp tbmscfg tdgoibq uevatfu ufhwbag vareulh vbrnhag wayfdby wfeqonr wfgnolf xdudeyq xftxaqa xfywagd ycpqdfv ycvkpsr yeuhsbs apaavhi adguapx agqtxjp ajqqsxv arbvwik aalbjay arykaxj alttmde aicpyfx awiqmjy ameoagt axrmrau 
aegndrt aevnbia ahbccvg ahtdkyq beeovgk bftcmog ccalyhp cceiair chblibo chvfhuf dajdgia dalbmxv dbbtjmx eabrwhd ebygubt fabgnxn fccofjy fcffyeg gbpgdoy gdlrbbk hcosoop hfarhnv ibgemqg icnfehj jchvmac jdahkbb kcjjvmk kefibps lbxfdxp ldcatcq mbfviwo mbjhhtd mipauta nfhafxa nlbowuu nlhpsyd obhxqbf odgjnkd odargmt pcahwmi pgdfjhx qgyvraq qipogtf rcrrwxt rebkheq sbhgpnn sbjcnpp sehayrp tbbqjsp tbmscfg tdgoibq uevatfu ufhwbag vareulh vbrnhag wayfdby wfeqonr wfgnolf xdudeyq xftxaqa xfywagd ycpqdfv ycvkpsr yeuhsbs apaavhi adguapx agqtxjp ajqqsxv arbvwik aalbjay arykaxj alttmde aicpyfx awiqmjy ameoagt axrmrau 
rsqvtac 

aegndrt aevnbia ahbccvg ahtdkyq beeovgk bftcmog ccalyhp cceiair chblibo chvfhuf dajdgia dalbmxv dbbtjmx eabrwhd ebygubt fabgnxn fccofjy fcffyeg gbpgdoy gdlrbbk hcosoop hfarhnv ibdrqgl ibgemqg icnfehj jchvmac jdahkbb kcjjvmk kefibps lbxfdxp ldcatcq mbfviwo mbjhhtd mipauta nfhafxa nlbowuu nlhpsyd obhxqbf odgjnkd odargmt pcahwmi pgdfjhx qgyvraq qipogtf rcrrwxt rebkheq sbhgpnn sbjcnpp sehayrp tbbqjsp tbmscfg tdgoibq uevatfu ufhwbag vareulh vbrnhag wayfdby wfeqonr wfgnolf xdudeyq xftxaqa xfywagd ycpqdfv ycvkpsr yeuhsbs apaavhi adguapx agqtxjp ajqqsxv arbvwik aalbjay arykaxj alttmde aicpyfx awiqmjy ameoagt axrmrau aynusli 
d1rshes 
TRUE 
FALSE 
aegndrt aevnbia ahbccvg ahtdkyq beeovgk bftcmog ccalyhp cceiair chblibo chvfhuf dajdgia dalbmxv dbbtjmx eabrwhd ebygubt fabgnxn fccofjy fcffyeg gbpgdoy gcfdxec hcosoop hfarhnv ibdrqgl ibgemqg icnfehj jchvmac jdahkbb kcjjvmk kefibps lbxfdxp ldcatcq mbfviwo mbjhhtd mipauta nfhafxa nlbowuu nlhpsyd obhxqbf odgjnkd odargmt pcahwmi pgdfjhx qgyvraq qipogtf rcrrwxt rebkheq sbhgpnn sbjcnpp sehayrp tbbqjsp tbmscfg tdgoibq uevatfu ufhwbag vareulh vbrnhag wayfdby wfeqonr wfgnolf xdudeyq xftxaqa xfywagd ycpqdfv ycvkpsr yeuhsbs apaavhi adguapx agqtxjp ajqqsxv arbvwik aalbjay arykaxj alttmde aicpyfx awiqmjy ameoagt axrmrau aynusli 


j2xiunn jaxiunn jbxiunn jchvmac k2igauo kaigauo kbigauo kcjjvmk labnymw lbxfdxp labnymw lbxfdxp 
b1cxhpa 
aegndrt aevnbia ahbccvg ahtdkyq beeovgk bftcmog ccalyhp cceiair chblibo chvfhuf dajdgia dalbmxv dbbtjmx eabrwhd ebygubt fabgnxn fccofjy fcffyeg gbpgdoy gcfdxec hcosoop hfarhnv ibdrqgl ibgemqg icnfehj jchvmac jdahkbb kcjjvmk kefibps lbxfdxp ldcatcq mbfviwo mbjhhtd mipauta nfhafxa nlbowuu nlhpsyd obhxqbf odgjnkd odargmt pcahwmi pgdfjhx qgyvraq qipogtf rcrrwxt rebkheq sbhgpnn sbjcnpp scrqaks tbbqjsp tbmscfg tdgoibq uevatfu ufhwbag vareulh vbrnhag wayfdby wfeqonr wfgnolf xdudeyq xftxaqa xfywagd yaenuma ycpqdfv ycvkpsr apaavhi adguapx agqtxjp ajqqsxv arbvwik aalbjay arykaxj alttmde aicpyfx awiqmjy ameoagt axrmrau aynusli 
106.965642 

aegndrt aevnbia ahbccvg ahtdkyq beeovgk bftcmog ccalyhp cceiair chblibo chvfhuf dajdgia dalbmxv dbbtjmx eabrwhd eahraih ebygubt fabgnxn fccofjy fcffyeg gbpgdoy gcfdxec hcosoop hfarhnv ibdrqgl ibgemqg icnfehj jchvmac jdahkbb kbjggvy kcjjvmk lbxfdxp ldcatcq mbfviwo mbjhhtd mflnpnb nfhafxa nlbowuu nlhpsyd obhxqbf odgjnkd odargmt pcahwmi pgdfjhx qgyvraq qipogtf rcrrwxt rebkheq sbhgpnn sbjcnpp scrqaks tbbqjsp tbmscfg tdgoibq uevatfu ufhwbag vareulh vbrnhag wayfdby wfeqonr wfgnolf xdudeyq xftxaqa xfywagd yaenuma ycpqdfv ycvkpsr apaavhi adguapx agqtxjp ajqqsxv arbvwik aalbjay arykaxj alttmde aicpyfx awiqmjy ameoagt axrmrau aynusli 

aegndrt aevnbia ahbccvg ahtdkyq beeovgk bftcmog ccalyhp cceiair chblibo chvfhuf dajdgia dalbmxv dbbtjmx eabrwhd eahraih ebygubt fabgnxn fccofjy fcffyeg gbpgdoy gcfdxec hcosoop hfarhnv ibdrqgl ibgemqg icnfehj jchvmac jdahkbb kbjggvy kcjjvmk lbxfdxp ldcatcq mbfviwo mbjhhtd mflnpnb nfhafxa nlbowuu nlhpsyd obhxqbf odgjnkd odargmt pcahwmi pgdfjhx qgyvraq qipogtf rcrrwxt rebkheq sbhgpnn sbjcnpp scrqaks tbbqjsp tbmscfg tdgoibq uevatfu ufhwbag vareulh vbrnhag wayfdby wfeqonr wfgnolf xdudeyq xftxaqa xfywagd yaenuma ycpqdfv ycvkpsr apaavhi adguapx agqtxjp ajqqsxv arbvwik aalbjay arykaxj alttmde aicpyfx awiqmjy ameoagt axrmrau aynusli 
m5gvfws mjjkxuq mkoaksm mlgvfws n5bowuu n5hpsyd njbowuu njhpsyd nkbowuu nkhpsyd nlbowuu nlhpsyd okomeag olwyxkp okomeag olwyxkp 
imwanbv 


FALSE 
106.965642 
FALSE 
106.924051 
106.924051 
hjokckv 
aegndrt aevnbia ahbccvg ahtdkyq beeovgk bftcmog ccalyhp cceiair chblibo chvfhuf dajdgia dalbmxv dbbtjmx eabrwhd eahraih ebygubt fabgnxn fccofjy fcffyeg gbpgdoy gcfdxec hcosoop hfarhnv ibdrqgl ibgemqg icnfehj jchvmac jdahkbb kbjggvy kcjjvmk lbxfdxp ldcatcq mbfviwo mbjhhtd mflnpnb nbgerty nfhafxa obhxqbf odgjnkd odargmt pcahwmi pgdfjhx qgyvraq qipogtf rcrrwxt rebkheq sbhgpnn sbjcnpp scrqaks tbbqjsp tbmscfg tdgoibq uevatfu ufhwbag vareulh vbrnhag wayfdby wbxkxbq xdudeyq xftxaqa xfywagd yaenuma ycpqdfv ycvkpsr apaavhi adguapx agqtxjp ajqqsxv arbvwik aalbjay arykaxj alttmde aicpyfx awiqmjy ameoagt axrmrau aynusli axuwyqd aidbnrg 
aegndrt aevnbia ahbccvg ahtdkyq beeovgk bftcmog ccalyhp cceiair chblibo chvfhuf dajdgia dalbmxv dbbtjmx eabrwhd eahraih ebygubt fabgnxn fccofjy fcffyeg gbpgdoy gcfdxec hcosoop hfarhnv ibdrqgl ibgemqg icnfehj jchvmac jdahkbb kbjggvy kcjjvmk lbxfdxp ldcatcq mbfviwo mbjhhtd mflnpnb nbgerty nfhafxa obhxqbf odgjnkd odargmt pcahwmi pgdfjhx qgyvraq qipogtf rcrrwxt rebkheq sbhgpnn sbjcnpp scrqaks tbbqjsp tbmscfg tdgoibq uevatfu ufhwbag vareulh vbrnhag wayfdby wbxkxbq xdudeyq xftxaqa xfywagd yaenuma ycpqdfv ycvkpsr apaavhi adguapx agqtxjp ajqqsxv arbvwik aalbjay arykaxj alttmde aicpyfx awiqmjy ameoagt axrmrau aynusli axuwyqd aidbnrg 
aegndrt aevnbia ahbccvg ahtdkyq beeovgk bftcmog ccalyhp cceiair chblibo chvfhuf dajdgia dalbmxv dbbtjmx eabrwhd eahraih ebygubt fabgnxn fccofjy fcffyeg gbpgdoy gcfdxec hcosoop hfarhnv ibdrqgl ibgemqg icnfehj jaantjp jchvmac kbjggvy kcjjvmk lbxfdxp ldcatcq mbfviwo mbjhhtd mflnpnb nbgerty nfhafxa obhxqbf odgjnkd odargmt pcahwmi pgdfjhx qgyvraq qipogtf rcrrwxt rebkheq sbhgpnn sbjcnpp scrqaks tbbqjsp tbmscfg tdgoibq uevatfu ufhwbag vareulh vbrnhag wayfdby wbxkxbq xdudeyq xftxaqa xfywagd yaenuma ycpqdfv ycvkpsr apaavhi adguapx agqtxjp ajqqsxv arbvwik aalbjay arykaxj alttmde aicpyfx awiqmjy ameoagt axrmrau aynusli axuwyqd aidbnrg 
aegndrt aevnbia ahbccvg ahtdkyq beeovgk bftcmog ccalyhp cceiair chblibo chvfhuf dajdgia dalbmxv dbbtjmx eabrwhd eahraih ebygubt fabgnxn fccofjy fcffyeg gbpgdoy gcfdxec hcosoop hfarhnv ibdrqgl ibgemqg icnfehj jaantjp jchvmac kbjggvy kcjjvmk lbxfdxp ldcatcq mbfviwo mbjhhtd mflnpnb nbgerty nfhafxa obhxqbf odgjnkd odargmt pcahwmi pgdfjhx qgyvraq qipogtf rcrrwxt rebkheq sbhgpnn sbjcnpp scrqaks tbbqjsp tbmscfg tdgoibq uevatfu ufhwbag vareulh vbrnhag wayfdby wbxkxbq xdudeyq xftxaqa xfywagd yaenuma ycpqdfv ycvkpsr apaavhi adguapx agqtxjp ajqqsxv arbvwik aalbjay arykaxj alttmde aicpyfx awiqmjy ameoagt axrmrau aynusli axuwyqd aidbnrg 
aegndrt aevnbia ahbccvg ahtdkyq beeovgk bftcmog ccalyhp cceiair chblibo chvfhuf dajdgia dalbmxv dbbtjmx eabrwhd eahraih ebygubt fabgnxn fccofjy fcffyeg gbpgdoy gcfdxec hcosoop hfarhnv ibdrqgl ibgemqg icnfehj jaantjp jchvmac kbjggvy kcjjvmk lbxfdxp ldcatcq mbfviwo mbjhhtd mflnpnb nbgerty nfhafxa obhxqbf odgjnkd odargmt pcahwmi pgdfjhx qgyvraq qipogtf rcrrwxt rcwtshb rebkheq sbhgpnn sbjcnpp scrqaks tbbqjsp tbmscfg tdgoibq uevatfu ufhwbag vareulh vbrnhag wayfdby wbxkxbq xdudeyq xftxaqa xfywagd yaenuma ycpqdfv ycvkpsr apaavhi adguapx agqtxjp ajqqsxv arbvwik aalbjay arykaxj alttmde aicpyfx awiqmjy ameoagt axrmrau aynusli axuwyqd aidbnrg 
kzigauo 
d2rshes dajdgia dalbmxv dbbtjmx dcakbbv eabrwhd eahraih ebygubt fabgnxn fccofjy fcffyeg fabgnxn fccofjy fcffyeg 

aegndrt aevnbia ahbccvg ahtdkyq beeovgk bftcmog ccalyhp cceiair chblibo chvfhuf dajdgia dalbmxv dbbtjmx eabrwhd eahraih ebygubt fabgnxn fccofjy fcffyeg gbpgdoy gcfdxec hcosoop hfarhnv ibdrqgl ibgemqg icnfehj jaantjp jchvmac kbjggvy kcjjvmk lbxfdxp ldcatcq ldwbeeh mbfviwo mbjhhtd mflnpnb nbgerty nfhafxa obhxqbf odavasx odgjnkd pcahwmi pgdfjhx qgyvraq qipogtf rcrrwxt rcwtshb rebkheq reitiaa sbhgpnn sbjcnpp scrqaks tbbqjsp tbmscfg tdgoibq uevatfu ufhwbag vareulh vbrnhag wayfdby wbxkxbq xdudeyq xftxaqa xfywagd yaenuma ycpqdfv ycvkpsr apaavhi adguapx agqtxjp ajqqsxv arbvwik aalbjay arykaxj alttmde aicpyfx awiqmjy ameoagt axrmrau aynusli axuwyqd aidbnrg alobdhb 
b2cxhpa bacxhpa bbcxhpa bccxhpa ccalyhp cceiair ccalyhp cceiair 
FALSE 
TRUE 
d1rshes 
aegndrt aevnbia ahbccvg ahtdkyq beeovgk bftcmog caaphkm ccalyhp cceiair dajdgia dalbmxv dbbtjmx eabrwhd eahraih ebygubt fabgnxn fccofjy fcffyeg gbpgdoy gcfdxec hcosoop hdpdtfl ibdrqgl ibgemqg icnfehj jaantjp jchvmac kbjggvy kcjjvmk lbxfdxp ldcatcq ldwbeeh mbfviwo mbjhhtd mflnpnb nbgerty nfhafxa obhxqbf odavasx odgjnkd pcahwmi pgdfjhx qgyvraq qipogtf rcrrwxt rcwtshb rebkheq reitiaa sbhgpnn sbjcnpp scrqaks tbbqjsp tbmscfg tdgoibq uevatfu ufhwbag vareulh vbrnhag wayfdby wbxkxbq xdudeyq xftxaqa xfywagd yaenuma ycpqdfv ycvkpsr apaavhi adguapx agqtxjp ajqqsxv arbvwik aalbjay arykaxj alttmde aicpyfx awiqmjy ameoagt axrmrau aynusli axuwyqd aidbnrg alobdhb 



aegndrt aevnbia ahbccvg ahtdkyq beeovgk bftcmog caaphkm ccalyhp cceiair dajdgia dalbmxv dbbtjmx eabrwhd eahraih ebygubt fabgnxn fccofjy fcffyeg gawlops gbpgdoy hcosoop hdpdtfl ibdrqgl ibgemqg icnfehj jaantjp jchvmac kbjggvy kcjjvmk lbxfdxp ldcatcq ldwbeeh mbfviwo mbjhhtd mflnpnb nbgerty nfhafxa obhxqbf odavasx odgjnkd pcahwmi pgdfjhx qgyvraq qipogtf rcrrwxt rcwtshb rebkheq reitiaa sbhgpnn sbjcnpp scrqaks tbbqjsp tbmscfg tdgoibq uevatfu ufhwbag vareulh vbrnhag wayfdby wbxkxbq xdudeyq xftxaqa xfywagd yaenuma ycpqdfv ycvkpsr apaavhi adguapx agqtxjp ajqqsxv arbvwik aalbjay arykaxj alttmde aicpyfx awiqmjy ameoagt axrmrau aynusli axuwyqd aidbnrg alobdhb 
