106.809524 
caatydj dimqxab dmqabac erolgnn ynakyhq ywfiavg 
FALSE 
107.107143 

caatydj dimqxab dmqabac erolgnn gabtxgt lilqaef mbtxdjb pqcoukw rrubvei swqyudc ynakyhq ywfiavg 
107.726190 


caatydj caatydj 

ammlhmh caatydj dimqxab dmqabac erolgnn gabtxgt hprsrwq lilqaef mbtxdjb oyqtjpj pqcoukw qrotkau rphjkqf rrubvei swqyudc taqapsr txxaccu vbyaffa vdvtovt ynakyhq ywfiavg auxsnqm 

2rotkau brotkau 


108.760504 

0gsgitr 0gsgitr 
108.972973 
ammlhmh bbilvxu caatydj caroryv dbwoctf dgsibqg erolgnn fdoyjmr gabtxgt gjjmuyv hdmaqre hprsrwq ibyhrbt jfxvwkw lilqaef lvtoufs mbtxdjb mrwecxy nskucny nymlbxm oaaisje ocyvala pqcoukw qgsgitr qrotkau rhgwfqf rphjkqf sqkjjyr swqyudc taqapsr tgpwnxj tgqykpy uamhoep vbyaffa vdvtovt wduoykm xejugmt yeurhib ynakyhq auxsnqm afmlbaq 
ammlhmh bbilvxu caatydj caroryv cayqklh dbwoctf dgsibqg erolgnn fdoyjmr gabtxgt gjjmuyv hdmaqre hprsrwq ibyhrbt jfxvwkw lilqaef lvtoufs mbtxdjb mrwecxy nskucny nymlbxm oaaisje ocyvala pqcoukw qgsgitr qrotkau rhgwfqf rphjkqf sqkjjyr swqyudc taqapsr tgpwnxj tgqykpy uamhoep vbyaffa vdvtovt wduoykm xcascqq xejugmt yeurhib ynakyhq auxsnqm afmlbaq 

FALSE 
FALSE 

FALSE 
ammlhmh bbilvxu caatydj caroryv cayqklh dbwoctf dgsibqg erolgnn fdoyjmr gabtxgt gjjmuyv hdmaqre hprsrwq ibyhrbt jeynqtj jfxvwkw lilqaef lvtoufs mbtxdjb mrwecxy nskucny nymlbxm oaaisje ocyvala pqcoukw qgsgitr qhyplar rhgwfqf rphjkqf sqkjjyr swqyudc taqapsr tgpwnxj tgqykpy uamhoep vbyaffa vdvtovt wduoykm xcascqq xejugmt yeurhib ynakyhq auxsnqm afmlbaq 
ammlhmh bbilvxu caatydj caroryv cayqklh dbwoctf dgsibqg erolgnn fdoyjmr gabtxgt gjjmuyv hdmaqre hprsrwq ibyhrbt ijailba jeynqtj jfxvwkw lilqaef lvtoufs mbtxdjb mrwecxy nskucny nymlbxm oaaisje ocyvala pqcoukw qgsgitr qhyplar rhgwfqf rphjkqf sqkjjyr swqyudc taqapsr tgpwnxj tgqykpy uamhoep vbyaffa vdvtovt wduoykm xcascqq xejugmt yeurhib ynakyhq auxsnqm afmlbaq 
108.965079 

ammlhmh bbilvxu caatydj caroryv cayqklh dbwoctf dgsibqg erolgnn fdoyjmr gabtxgt gjjmuyv hdmaqre hprsrwq ibyhrbt ijailba jeynqtj jfxvwkw kasqtov lilqaef lvtoufs mbtxdjb mrwecxy nskucny nymlbxm oaaisje ocyvala pqcoukw qgsgitr qhyplar rhgwfqf rphjkqf sqkjjyr swqyudc taqapsr tgpwnxj tgqykpy uamhoep vbyaffa vdvtovt wduoykm xcascqq xdxkhbq yeurhib ynakyhq auxsnqm afmlbaq 
ammlhmh bbilvxu caatydj caroryv cayqklh dbwoctf dgsibqg erolgnn fdoyjmr gabtxgt gjjmuyv hdmaqre hprsrwq ibyhrbt ijailba jeynqtj jfxvwkw kasqtov lilqaef lvtoufs mbtxdjb mrwecxy nskucny nymlbxm oaaisje ocyvala pqcoukw qgsgitr qhyplar rhgwfqf rphjkqf sqkjjyr swqyudc taqapsr tgpwnxj tgqykpy uamhoep vbyaffa vdvtovt wduoykm xcascqq xdxkhbq yeurhib ynakyhq auxsnqm afmlbaq 


FALSE 

ammlhmh anioimd bbilvxu caatydj caroryv cayqklh dbwoctf dgsibqg erolgnn fdoyjmr flxvhac gabtxgt gjjmuyv hdmaqre hprsrwq ibyhrbt ijailba jeynqtj jfxvwkw kasqtov lilqaef lvtoufs mbtxdjb mrwecxy nskucny nymlbxm oaaisje ocyvala pqcoukw qgsgitr qhyplar rhgwfqf rphjkqf sqkjjyr swqyudc taqapsr tgpwnxj tgqykpy uamhoep vbyaffa vdvtovt wduoykm xcascqq xdxkhbq yeurhib ynakyhq auxsnqm afmlbaq 




ammlhmh anioimd bbilvxu bloiavt caatydj caroryv cayqklh dbwoctf dgsibqg erolgnn fdoyjmr flxvhac gabtxgt gjjmuyv hdmaqre hprsrwq ibyhrbt ijailba jeynqtj jfxvwkw kasqtov kqdlogj lilqaef ljmaert mbtxdjb mqcdoaj nskucny nymlbxm oaaisje ocyvala pqcoukw qgsgitr qhyplar rhgwfqf rphjkqf sqkjjyr swqyudc taqapsr tgpwnxj tgqykpy uamhoep vbyaffa vdvtovt wduoykm xcascqq xdxkhbq yeurhib ynakyhq auxsnqm afmlbaq 

ammlhmh anioimd bbilvxu bloiavt caatydj caroryv cayqklh dbwoctf dgsibqg egxuxsq erolgnn fdoyjmr flxvhac gabtxgt gjjmuyv hdmaqre hprsrwq ibyhrbt iglyfvs jeynqtj jfxvwkw kasqtov kqdlogj lilqaef ljmaert mbtxdjb mqcdoaj nskucny nymlbxm oaaisje ocyvala pqcoukw pacaoox qgsgitr qhyplar rhgwfqf rphjkqf sqkjjyr swqyudc taqapsr tbefmxh uamhoep vbyaffa vdvtovt wduoykm xcascqq xdxkhbq yeurhib ynakyhq auxsnqm afmlbaq axnrgrg 
ammlhmh anioimd bbilvxu bloiavt caatydj caroryv cayqklh dbwoctf dgsibqg egxuxsq erolgnn fdoyjmr flxvhac gabtxgt gjjmuyv hdmaqre hprsrwq ibyhrbt iglyfvs jeynqtj jfxvwkw kasqtov kqdlogj lilqaef ljmaert mbtxdjb mqcdoaj nskucny nymlbxm oaaisje ocyvala pqcoukw pacaoox qgsgitr qhyplar rhgwfqf rphjkqf sqkjjyr swqyudc taqapsr tbefmxh uamhoep vbyaffa vdvtovt wduoykm xcascqq xdxkhbq yeurhib ynakyhq auxsnqm afmlbaq axnrgrg 
ammlhmh anioimd bbilvxu bloiavt caatydj caroryv cayqklh dbwoctf dgsibqg egxuxsq erolgnn fdoyjmr flxvhac gabtxgt gjjmuyv hdmaqre hprsrwq ibyhrbt iglyfvs jeynqtj jfxvwkw kasqtov kqdlogj lilqaef ljmaert mbtxdjb mqcdoaj nskucny nymlbxm oaaisje ocyvala pqcoukw pacaoox qgsgitr qhyplar rfrbyia rhgwfqf sqkjjyr swqyudc taqapsr tbefmxh uamhoep vbyaffa vdvtovt wduoykm xcascqq xdxkhbq yeurhib ynakyhq auxsnqm afmlbaq axnrgrg amymwlp 
ammlhmh anioimd bbilvxu bloiavt caatydj caroryv cayqklh dbwoctf dgsibqg egxuxsq erolgnn fdoyjmr flxvhac gabtxgt gjjmuyv hdmaqre hprsrwq ibyhrbt iglyfvs jeynqtj jfxvwkw kasqtov kqdlogj lilqaef ljmaert mbtxdjb mqcdoaj nskucny nymlbxm oaaisje ocyvala pcxfscm pqcoukw qgsgitr qhyplar rfrbyia rhgwfqf sqkjjyr swqyudc taqapsr tbefmxh uamhoep vbyaffa vdvtovt wduoykm xcascqq xdxkhbq yeurhib ynakyhq auxsnqm afmlbaq axnrgrg amymwlp 
ammlhmh anioimd bbilvxu bloiavt caatydj caroryv cayqklh dbwoctf dgsibqg egxuxsq erolgnn fdoyjmr flxvhac gabtxgt gjjmuyv hdmaqre hprsrwq ibyhrbt iglyfvs jeynqtj jfxvwkw kasqtov kqdlogj lilqaef ljmaert mbtxdjb mqcdoaj nskucny nymlbxm oaaisje ocyvala pcxfscm pqcoukw qgsgitr qhyplar rfrbyia rhgwfqf sqkjjyr swqyudc taqapsr tbefmxh uamhoep vbyaffa vdvtovt wduoykm xcascqq xdxkhbq yeurhib ynakyhq auxsnqm afmlbaq axnrgrg amymwlp 
108.609164 
9rotkau wrotkau xrotkau yrotkau zrotkau zrotkau 
ammlhmh anioimd bbilvxu bloiavt caatydj caroryv cayqklh dbwoctf dgsibqg egxuxsq erolgnn fdoyjmr flxvhac gabtxgt gjjmuyv hdmaqre hprsrwq ibyhrbt iglyfvs jeynqtj jfxvwkw kasqtov kqdlogj lilqaef ljmaert mbtxdjb mqcdoaj nskucny nymlbxm oaaisje ocyvala pcxfscm pqcoukw qgsgitr qhyplar rfrbyia rhgwfqf sqkjjyr swqyudc taqapsr tbefmxh uamhoep uanbjoa vbyaffa vdvtovt wduoykm xcascqq xdxkhbq yeurhib ynakyhq auxsnqm afmlbaq axnrgrg amymwlp aagofpg 
1lyystu 1lyystu 


afayqms aihciso bbilvxu bloiavt caatydj caroryv cayqklh dbwoctf dgsibqg egxuxsq erolgnn fdoyjmr flxvhac gabtxgt gjjmuyv hdmaqre hprsrwq ibyhrbt iglyfvs jeynqtj jfxvwkw kasqtov kqdlogj lilqaef ljmaert mbtxdjb mqcdoaj natentk nermdjo oaaisje ocyvala pcxfscm phmfpuf qgsgitr qhyplar rfrbyia rhgwfqf sqkjjyr swqyudc taqapsr tbefmxh uamhoep uanbjoa vbyaffa vdvtovt wduoykm wflqxmm xcascqq xdxkhbq yeurhib yhrrjkq auxsnqm afmlbaq axnrgrg amymwlp aagofpg agdomsi 



FALSE 
108.275689 
FALSE 
afayqms aihciso bbilvxu bivwhyf caatydj caroryv cayqklh dbwoctf dgsibqg egxuxsq ehjrxoa fdoyjmr flxvhac gabtxgt gjjmuyv hdmaqre hebtmfx ibyhrbt iglyfvs jeynqtj jfxvwkw kasqtov kqdlogj lilqaef ljmaert mbtxdjb mmmcfun natentk nermdjo oaaisje ocyvala pcxfscm phmfpuf qaprkql qgsgitr rfrbyia rhgwfqf sdxuoom sqkjjyr taqapsr tbefmxh uamhoep uanbjoa vbyaffa vdvtovt wduoykm wflqxmm xcascqq xdxkhbq yeurhib yhrrjkq auxsnqm afmlbaq axnrgrg amymwlp aagofpg agdomsi 
afayqms aihciso bbilvxu bivwhyf caatydj caroryv cayqklh dbwoctf dgsibqg egxuxsq ehjrxoa fdoyjmr flxvhac gabtxgt gjjmuyv hdmaqre hebtmfx ibyhrbt iglyfvs jeynqtj jfxvwkw kasqtov kqdlogj lilqaef ljmaert mbtxdjb mmmcfun natentk nermdjo oaaisje ocyvala pcxfscm phmfpuf qaprkql qgsgitr rfrbyia rhgwfqf sdxuoom sqkjjyr taqapsr tbefmxh uamhoep uanbjoa vbyaffa vdvtovt wduoykm wflqxmm xcascqq xdxkhbq yeurhib yhrrjkq auxsnqm afmlbaq axnrgrg amymwlp aagofpg agdomsi 
afayqms aihciso bbilvxu bivwhyf caatydj caroryv cayqklh dbwoctf dgsibqg egxuxsq ehjrxoa fdoyjmr flxvhac gabtxgt gjjmuyv hdmaqre hebtmfx ibyhrbt iglyfvs jeynqtj jfxvwkw kasqtov kqdlogj lilqaef ljmaert mbtxdjb mmmcfun natentk nermdjo oaaisje ocyvala pcxfscm phmfpuf qaprkql qbmgrjr rfrbyia rhgwfqf sdxuoom sqkjjyr taqapsr tbefmxh uamhoep uanbjoa vbyaffa vdvtovt wduoykm wflqxmm xcascqq xdxkhbq yeurhib yhrrjkq auxsnqm afmlbaq axnrgrg amymwlp aagofpg agdomsi 
FALSE 
FALSE 
p3caoox pdcaoox pecaoox pfcaoox 
108.195489 

afayqms aihciso bbilvxu bcthcwp caatydj caroryv cayqklh dbwoctf dgsibqg ebevlov egxuxsq fdoyjmr fhedpwc gabtxgt gjjmuyv hdmaqre hebtmfx ibyhrbt iglyfvs jeynqtj jfxvwkw kasqtov kqdlogj lgwdqna lilqaef mbtxdjb mmmcfun natentk nermdjo oaaisje ocyvala pcxfscm phmfpuf qaprkql qbmgrjr rfrbyia rhgwfqf sdxuoom sqkjjyr taqapsr tbefmxh uamhoep uanbjoa vbyaffa vdvtovt wduoykm wflqxmm xcascqq xdxkhbq yeurhib yhrrjkq auxsnqm afmlbaq axnrgrg amymwlp aagofpg agdomsi aemikvf 
2aprkql 2bmgrjr bbilvxu bcthcwp c2kcnkx caatydj caroryv cbkcnkx cckcnkx c2kcnkx caatydj caroryv cbkcnkx cckcnkx 

afayqms aihciso bbilvxu bcthcwp caatydj caroryv cayqklh dbwoctf dgsibqg ebevlov egxuxsq fdoyjmr fhedpwc gabtxgt gjjmuyv hdmaqre hebtmfx ibyhrbt iglyfvs jeynqtj jfxvwkw kasqtov kqdlogj lgwdqna lilqaef mbtxdjb mmmcfun natentk nermdjo oaaisje ocyvala pcxfscm phmfpuf qaprkql qbmgrjr rfrbyia rhgwfqf sdxuoom spabdak taqapsr tbefmxh uamhoep uanbjoa vbyaffa vdvtovt wduoykm wflqxmm xcascqq xdxkhbq yeurhib yhrrjkq auxsnqm afmlbaq axnrgrg amymwlp aagofpg agdomsi aemikvf 
n0mlbxm 

4lyystu gjjmuyv ijailba iklmonn ijailba iklmonn 
afayqms aihciso bbilvxu bcthcwp caatydj caroryv cayqklh dbwoctf dgsibqg ebevlov egxuxsq fdoyjmr fhedpwc gabtxgt gjjmuyv haycojq hdmaqre ibyhrbt iglyfvs jeynqtj jfxvwkw kasqtov kqdlogj lgwdqna lilqaef mbtxdjb mkcynta natentk nermdjo oaaisje ocyvala pcxfscm phmfpuf qaprkql qbmgrjr rfrbyia rhgwfqf sdxuoom spabdak taqapsr tbefmxh uamhoep uanbjoa vbyaffa vdvtovt wduoykm wflqxmm xcascqq xdxkhbq yeurhib yhrrjkq auxsnqm afmlbaq axnrgrg amymwlp aagofpg agdomsi aemikvf amuduan 
afayqms aihciso bbilvxu bcthcwp caatydj caroryv cayqklh dbwoctf dgsibqg ebevlov egxuxsq fdoyjmr fhedpwc gabtxgt gjjmuyv haycojq hdmaqre ibyhrbt iglyfvs jeynqtj jfxvwkw kasqtov kqdlogj lgwdqna lilqaef mbtxdjb mkcynta natentk nermdjo oaaisje ocyvala pcxfscm phmfpuf qaprkql qbmgrjr rfrbyia rhgwfqf sdxuoom spabdak taqapsr tbefmxh uamhoep uanbjoa vbyaffa vdvtovt wduoykm wflqxmm xcascqq xdxkhbq yeurhib yhrrjkq auxsnqm afmlbaq axnrgrg amymwlp aagofpg agdomsi aemikvf amuduan 

2gsgitr 2hyplar aihciso bivwhyf c4kcnkx cgkcnkx chkcnkx cikcnkx c4kcnkx cgkcnkx chkcnkx cikcnkx 



FALSE 
0aprkql 0bmgrjr 0aprkql 0bmgrjr 
afayqms aihciso bbilvxu bcthcwp caatydj caroryv cayqklh dbwoctf dgsibqg ebevlov egxuxsq fdoyjmr fhedpwc gabtxgt gjjmuyv haycojq hdmaqre ibyhrbt iglyfvs jeynqtj jfxvwkw kasqtov kjxadoq lgwdqna lilqaef mbtxdjb mkcynta natentk nermdjo oaaisje ocyvala pcxfscm phmfpuf qaprkql qbmgrjr rfrbyia rhgwfqf sdxuoom spabdak taqapsr tbefmxh uamhoep uanbjoa vbyaffa vdvtovt wduoykm wflqxmm xcascqq xdxkhbq yboeked yeurhib auxsnqm afmlbaq axnrgrg amymwlp aagofpg agdomsi aemikvf amuduan 
FALSE 
afayqms ahaytwg bbilvxu bcthcwp caatydj caroryv cayqklh dbwoctf dgsibqg ebevlov egxuxsq fdoyjmr fhedpwc gabtxgt gjjmuyv hatrbnq haycojq hdmaqre ibyhrbt iglyfvs jeynqtj jfxvwkw kasqtov kjxadoq lgwdqna lilqaef mbtxdjb mkcynta natentk nermdjo oaaisje ocyvala pcxfscm phmfpuf qaprkql qbmgrjr rfrbyia rhgwfqf sdxuoom spabdak taqapsr tbefmxh uamhoep uanbjoa vbyaffa vdvtovt wduoykm wflqxmm xcascqq xdxkhbq yboeked yeurhib auxsnqm afmlbaq axnrgrg amymwlp aagofpg agdomsi aemikvf amuduan 
afayqms ahaytwg bbilvxu bcthcwp caatydj caroryv cayqklh dbwoctf dgsibqg ebevlov egxuxsq fdoyjmr fhedpwc gabtxgt gjjmuyv hatrbnq haycojq hdmaqre ibyhrbt iglyfvs jeynqtj jfxvwkw kasqtov kjxadoq lgwdqna lilqaef mbtxdjb mkcynta natentk nermdjo oaaisje ocyvala pcxfscm phmfpuf qaprkql qbmgrjr rfrbyia rhgwfqf sdxuoom spabdak taqapsr tbefmxh uamhoep uanbjoa vbyaffa vdvtovt wduoykm wflqxmm xcascqq xdxkhbq yboeked yeurhib auxsnqm afmlbaq axnrgrg amymwlp aagofpg agdomsi aemikvf amuduan 
jtojytv ltdsqir lugresu luxtmec lvtoufs ltdsqir lugresu luxtmec lvtoufs 
bxqkugb 
afayqms ahaytwg bbilvxu bcthcwp caatydj caroryv cayqklh dbwoctf dgsibqg ebevlov egxuxsq fdoyjmr fhedpwc gabtxgt gjjmuyv hatrbnq haycojq hdmaqre ibyhrbt iglyfvs jeynqtj jfxvwkw kasqtov kjxadoq lgwdqna lilqaef mbtxdjb mkcynta natentk nermdjo oaaisje ocyvala pcxfscm phmfpuf qaprkql qbmgrjr rfrbyia rhgwfqf sdxuoom spabdak taqapsr tbefmxh uamhoep uanbjoa vbyaffa vdvtovt wduoykm wflqxmm xcascqq xdxkhbq yboeked yeurhib auxsnqm afmlbaq axnrgrg amymwlp aagofpg agdomsi aemikvf amuduan 
afayqms ahaytwg bbilvxu bcthcwp caatydj caroryv cayqklh dbwoctf dgsibqg ebevlov egxuxsq fdoyjmr fhedpwc gabtxgt gjjmuyv hatrbnq haycojq hdmaqre ibyhrbt iglyfvs jeynqtj jfxvwkw kasqtov kjxadoq lgwdqna lilqaef mbtxdjb mkcynta natentk nermdjo oaaisje ocyvala pcxfscm phmfpuf qaprkql qbmgrjr rcutinw rfrbyia sdxuoom spabdak taqapsr tbefmxh uamhoep uanbjoa vbyaffa vdvtovt wduoykm wflqxmm xcascqq xdxkhbq yboeked yeurhib auxsnqm afmlbaq axnrgrg amymwlp aagofpg agdomsi aemikvf amuduan 
afayqms ahaytwg bbilvxu bcthcwp caatydj caroryv cayqklh dbwoctf dgsibqg ebevlov egxuxsq fdoyjmr fhedpwc gabtxgt gjjmuyv hatrbnq haycojq hdmaqre ibyhrbt iglyfvs jeynqtj jfxvwkw kasqtov kjxadoq lgwdqna lilqaef mbtxdjb mkcynta natentk nermdjo oaaisje ocyvala pcxfscm phmfpuf qaprkql qbmgrjr rcutinw rfrbyia sdxuoom spabdak taqapsr tbefmxh uamhoep uanbjoa vbyaffa vdvtovt wduoykm wflqxmm xcascqq xdxkhbq yboeked yeurhib auxsnqm afmlbaq axnrgrg amymwlp aagofpg agdomsi aemikvf amuduan 

FALSE 
afayqms ahaytwg ahooumd bbilvxu bcthcwp caatydj caroryv cayqklh dbwoctf ddljfeh ebevlov egxuxsq fdoyjmr fhedpwc fhplydy gabtxgt gjjmuyv hatrbnq haycojq hdmaqre ibyhrbt iglyfvs jeynqtj jfxvwkw kasqtov kjxadoq lgwdqna lilqaef mbtxdjb mkcynta natentk nermdjo oaaisje ocyvala pcxfscm phmfpuf qaprkql qbmgrjr rbmaagm rcutinw sdxuoom spabdak taqapsr tbefmxh uamhoep uanbjoa vbjlicx vbyaffa vdvtovt wduoykm wflqxmm xcascqq xdxkhbq yboeked ycmsbge auxsnqm afmlbaq axnrgrg amymwlp aagofpg agdomsi aemikvf amuduan amjnsmv 


vaprkql 


afayqms ahaytwg ahooumd bbilvxu bcthcwp caatydj caroryv cayqklh dbwoctf ddljfeh ebevlov egxuxsq fdoyjmr fhedpwc fhplydy gabtxgt gjjmuyv hatrbnq haycojq hdmaqre ibyhrbt iglyfvs jeynqtj jfxvwkw kasqtov kjxadoq laegkap lgwdqna mbtxdjb mkcynta natentk nbxdqwx oaaisje obixrkw pcxfscm phmfpuf qaprkql qbmgrjr rbmaagm rcutinw sdxuoom spabdak taqapsr tbefmxh uamhoep uanbjoa vbjlicx vbyaffa vdvtovt wduoykm wflqxmm xcascqq xdxkhbq yboeked ycmsbge auxsnqm afmlbaq axnrgrg amymwlp aagofpg agdomsi aemikvf amuduan amjnsmv 
afayqms ahaytwg ahooumd bbilvxu bcthcwp caatydj caroryv cayqklh dbwoctf ddljfeh ebevlov egxuxsq fdoyjmr fhedpwc fhplydy gabtxgt gjjmuyv hatrbnq haycojq hdmaqre ibyhrbt iglyfvs jeynqtj jfxvwkw kasqtov kjxadoq laegkap lgwdqna mbtxdjb mkcynta natentk nbxdqwx oaaisje obixrkw pcxfscm phmfpuf qaprkql qbmgrjr rbmaagm rcutinw sdxuoom spabdak taqapsr tbefmxh uamhoep uanbjoa vbjlicx vbyaffa vdvtovt wduoykm wflqxmm xcascqq xdxkhbq yboeked ycmsbge auxsnqm afmlbaq axnrgrg amymwlp aagofpg agdomsi aemikvf amuduan amjnsmv 
afayqms ahaytwg ahooumd bbilvxu bcthcwp caatydj caroryv cayqklh dbwoctf ddljfeh ebevlov egxuxsq fdoyjmr fhedpwc fhplydy gabtxgt gjjmuyv hatrbnq haycojq hdmaqre ibyhrbt iglyfvs jeynqtj jfxvwkw kasqtov kjxadoq laegkap lgwdqna mbtxdjb mkcynta natentk nbxdqwx oaaisje obixrkw pcxfscm phmfpuf qaprkql qbmgrjr rbmaagm rcutinw sdxuoom spabdak taqapsr tbefmxh uamhoep uanbjoa vbjlicx vbyaffa vdvtovt wduoykm wflqxmm xcascqq xdxkhbq yboeked ycmsbge auxsnqm afmlbaq axnrgrg amymwlp aagofpg agdomsi aemikvf amuduan amjnsmv 
FALSE 
e0xuxsq f0xvhac f0xvhac 
afayqms ahaytwg ahooumd bbilvxu bcthcwp caatydj caroryv cayqklh dbwoctf ddljfeh ebevlov egxuxsq fcbjwgd fdoyjmr gabtxgt gjjmuyv hatrbnq haycojq hdmaqre ibyhrbt iglyfvs jeynqtj jfxvwkw kasqtov kjxadoq laegkap lgwdqna mbtxdjb mkcynta natentk nbxdqwx oaaisje obixrkw pcxfscm phmfpuf qaprkql qbmgrjr rbmaagm rcutinw sdxuoom spabdak taqapsr tbefmxh uamhoep uanbjoa vbjlicx vbyaffa vdvtovt wduoykm wflqxmm xcascqq xdxkhbq yboeked ycmsbge auxsnqm afmlbaq axnrgrg amymwlp aagofpg agdomsi aemikvf amuduan amjnsmv 
iklmonn 
FALSE 
afayqms ahaytwg ahooumd bbilvxu bcthcwp caatydj caroryv cayqklh dbwoctf ddljfeh ebevlov egxuxsq fcbjwgd fdoyjmr gabtxgt gjjmuyv hatrbnq haycojq hdmaqre ibyhrbt iglyfvs jeynqtj jfxvwkw kasqtov kjxadoq laegkap lgwdqna mbtxdjb mkcynta natentk nbxdqwx oaaisje obixrkw pcxfscm phmfpuf qaprkql qbmgrjr rbmaagm rcutinw sdxuoom spabdak taqapsr tbefmxh uamhoep uanbjoa vbjlicx vbyaffa vdvtovt wduoykm wflqxmm xcascqq xdxkhbq yboeked ycmsbge auxsnqm afmlbaq axnrgrg amymwlp aagofpg agdomsi aemikvf amuduan amjnsmv 
107.963719 

4lyystu gjjmuyv i5qamkc ijailba iklmonn ilqamkc i5qamkc ijailba iklmonn ilqamkc 
dimqxab dirwecl 
5amreea 5aprkql 5bmgrjr kasqtov laegkap laegkap 
tbmgrjr 
pofxhxd 
afayqms ahaytwg ahooumd bbilvxu bcthcwp caatydj caroryv cayqklh dbwoctf ddljfeh ebevlov egxuxsq fcbjwgd fdoyjmr gabtxgt gjjmuyv hatrbnq haycojq hcxvsum ibyhrbt iglyfvs jeynqtj jfxvwkw kasqtov kjxadoq laegkap lgwdqna mbtxdjb mkcynta natentk nbxdqwx oaaisje obixrkw obtciwi pcxfscm phmfpuf qamreea qaprkql qbmgrjr rbmaagm rcutinw sdxuoom spabdak taqapsr tbefmxh uamhoep uanbjoa vbjlicx vbyaffa vdvtovt wduoykm wflqxmm xcascqq xdxkhbq yboeked ycmsbge auxsnqm afmlbaq axnrgrg amymwlp aagofpg agdomsi aemikvf amuduan amjnsmv augtobv 
108.010823 
pncaoox 
afayqms ahaytwg ahooumd bbilvxu bcthcwp caatydj caftdyv cayqklh dbwoctf ddljfeh ebevlov egxuxsq fcbjwgd fcftxjd fdoyjmr gabtxgt gdxhywq hatrbnq haycojq hcxvsum ibyhrbt iglyfvs jeynqtj jfxvwkw kasqtov kjgotfw kjxadoq laegkap lgwdqna mbtxdjb mkcynta natentk nbxdqwx oaaisje oaekhup obixrkw obtciwi pcxfscm phmfpuf qamreea qaprkql qbmgrjr rbmaagm rcutinw sdxuoom spabdak taqapsr tbefmxh uamhoep uanbjoa vbjlicx vbyaffa vdvtovt wduoykm wflqxmm xcascqq xdxkhbq yboeked ycmsbge auxsnqm afmlbaq axnrgrg amymwlp aagofpg agdomsi aemikvf amuduan amjnsmv augtobv aljsyom aueerws ahkpbfa 
afayqms ahaytwg ahooumd bbilvxu bcthcwp caatydj caftdyv cayqklh dbwoctf ddljfeh ebevlov egxuxsq fcbjwgd fcftxjd fdoyjmr gabtxgt gdxhywq hatrbnq haycojq hcxvsum ibyhrbt iglyfvs jeynqtj jfxvwkw kasqtov kjgotfw kjxadoq laegkap lgwdqna mbtxdjb mkcynta natentk nbxdqwx oaaisje oaekhup obixrkw obtciwi pcxfscm phmfpuf qamreea qaprkql qbmgrjr rbmaagm rcutinw sdxuoom spabdak taqapsr tbefmxh uamhoep uanbjoa vbjlicx vbyaffa vdvtovt wduoykm wflqxmm xcascqq xdxkhbq yboeked ycmsbge auxsnqm afmlbaq axnrgrg amymwlp aagofpg agdomsi aemikvf amuduan amjnsmv augtobv aljsyom aueerws ahkpbfa 
FALSE 

mmmcfun mmtxaaa mofkfqu moqinpt n6mlbxm nmmlbxm nnegalm nnnnvmi nomlbxm omsrnjh onwnyan omsrnjh onwnyan 
6yeswva n9mlbxm nwmlbxm nxkxxyq nymlbxm nzmlbxm owsbpcq oyqtjpj owsbpcq oyqtjpj 
afayqms ahaytwg ahooumd bbilvxu bcthcwp caatydj caftdyv cayqklh dbwoctf ddljfeh ebevlov egxuxsq fcbjwgd fcftxjd fdoyjmr gabtxgt gdxhywq hatrbnq haycojq hcxvsum ibyhrbt iglyfvs jeynqtj jfxvwkw kasqtov kjgotfw kjxadoq laegkap lgwdqna mbtxdjb mkcynta natentk nbxdqwx oaaisje oaekhup obixrkw obtciwi pcxfscm phmfpuf qamreea qaprkql qbmgrjr rbmaagm rcutinw sdxuoom spabdak taqapsr tbefmxh uamhoep uanbjoa vbjlicx vbyaffa vdvtovt wduoykm wflqxmm xcascqq xdxkhbq yboeked ycmsbge auxsnqm afmlbaq axnrgrg amymwlp aagofpg agdomsi aemikvf amuduan amjnsmv augtobv aljsyom aueerws ahkpbfa 
afayqms ahaytwg ahooumd bbilvxu bcthcwp caatydj caftdyv cayqklh dbwoctf ddljfeh ebevlov egxuxsq fcbjwgd fcftxjd fdoyjmr gabtxgt gdxhywq hatrbnq haycojq hcxvsum ibyhrbt iglyfvs jeynqtj jfxvwkw kasqtov kjgotfw kjxadoq laegkap lgwdqna mbtxdjb mkcynta natentk nbxdqwx oaaisje oaekhup obixrkw obtciwi pcxfscm phmfpuf qamreea qaprkql qbmgrjr rbmaagm rcutinw sdxuoom spabdak taqapsr tbefmxh uamhoep uanbjoa vbjlicx vbyaffa vdvtovt wduoykm wflqxmm xcascqq xdxkhbq yboeked ycmsbge auxsnqm afmlbaq axnrgrg amymwlp aagofpg agdomsi aemikvf amuduan amjnsmv augtobv aljsyom aueerws ahkpbfa 
afayqms ahaytwg ahooumd bbilvxu bcthcwp caatydj caftdyv cayqklh dbwoctf ddljfeh ebevlov egxuxsq fcbjwgd fcftxjd fdoyjmr gabtxgt gdxhywq hatrbnq haycojq hcxvsum ibyhrbt iglyfvs jeynqtj jfxvwkw kasqtov kjgotfw kjxadoq laegkap lgwdqna mbtxdjb mkcynta natentk nbxdqwx oaaisje oaekhup obixrkw obtciwi pcxfscm phmfpuf qamreea qaprkql qbmgrjr rbmaagm rcutinw sdxuoom spabdak taqapsr tbefmxh uamhoep uanbjoa vbjlicx vbyaffa vdvtovt wduoykm wflqxmm xcascqq xdxkhbq yboeked ycmsbge auxsnqm afmlbaq axnrgrg amymwlp aagofpg agdomsi aemikvf amuduan amjnsmv augtobv aljsyom aueerws ahkpbfa 
FALSE 
FALSE 
p3caoox pdcaoox pecaoox pfcaoox 
afayqms ahaytwg ahooumd bbilvxu bcthcwp caatydj caftdyv cayqklh dbwoctf ddljfeh ebevlov egxuxsq fcbjwgd fcftxjd fdoyjmr gabtxgt gdxhywq hatrbnq haycojq hcxvsum ibyhrbt iglyfvs jeynqtj jfxvwkw kasqtov kejefwk laegkap lgwdqna mbtxdjb mkcynta natentk nbxdqwx oaaisje oaekhup obixrkw obtciwi pcxfscm phmfpuf qamreea qaprkql qbmgrjr rbmaagm rcutinw sdxuoom spabdak taqapsr tbefmxh uamhoep uanbjoa vbjlicx vbyaffa vdvtovt wduoykm wflqxmm xcascqq xdxkhbq yboeked ycmsbge auxsnqm afmlbaq axnrgrg amymwlp aagofpg agdomsi aemikvf amuduan amjnsmv augtobv aljsyom aueerws ahkpbfa aqtrexj axgooua auitxhx 
xrotkau xrrhkfl 
FALSE 

goxhywq 
p0caoox 

afayqms ahaytwg ahooumd bbilvxu bcthcwp caatydj caftdyv cayqklh dbwoctf ddljfeh ebevlov egxuxsq fcbjwgd fcftxjd fdoyjmr gabtxgt gdxhywq hatrbnq haycojq hcxvsum ibyhrbt iglyfvs jdpyhke jeynqtj kasqtov kejefwk laegkap lgwdqna mbtxdjb mkcynta natentk nbxdqwx oaaisje oaekhup obixrkw obtciwi pcxfscm phmfpuf qamreea qaprkql qbmgrjr rbmaagm rcutinw sdxuoom spabdak taqapsr tbefmxh uamhoep uanbjoa vbjlicx vbyaffa vcqrxuu wduoykm wflqxmm xcascqq xdxkhbq yboeked ycmsbge auxsnqm afmlbaq axnrgrg amymwlp aagofpg agdomsi aemikvf amuduan amjnsmv augtobv aljsyom aueerws ahkpbfa aqtrexj axgooua auitxhx anfiwmd 
6lyystu mkcynta n5abqaj njabqaj nkabqaj nlabqaj 
9lyystu wlyystu xlyystu ylyystu zlyystu zlyystu 
107.807619 
afayqms ahaytwg ahooumd bbilvxu bcthcwp caatydj caftdyv cayqklh dbwoctf ddljfeh ebevlov egxuxsq fbiuchy fcbjwgd fcftxjd gabtxgt gdxhywq hatrbnq haycojq hcxvsum ibyhrbt iglyfvs jdpyhke jeynqtj kasqtov kejefwk laegkap lgwdqna mbtxdjb mkcynta natentk nbxdqwx oaaisje oaekhup obixrkw obtciwi pcxfscm phmfpuf qamreea qaprkql qbmgrjr rbmaagm rcutinw sdxuoom spabdak taqapsr tbefmxh uamhoep uanbjoa vbjlicx vbyaffa vcqrxuu wdpyykp wduoykm wflqxmm xcascqq xdxkhbq yboeked ycmsbge auxsnqm afmlbaq axnrgrg amymwlp aagofpg agdomsi aemikvf amuduan amjnsmv augtobv aljsyom aueerws ahkpbfa aqtrexj axgooua auitxhx anfiwmd 
afayqms ahaytwg ahooumd bbilvxu bcthcwp caatydj caftdyv cayqklh dbwoctf ddljfeh ebevlov egxuxsq fbiuchy fcbjwgd fcftxjd gabtxgt gdxhywq hatrbnq haycojq hcxvsum ibyhrbt iglyfvs jdpyhke jeynqtj kasqtov kejefwk laegkap lgwdqna mbtxdjb mkcynta natentk nbxdqwx oaaisje oaekhup obixrkw obtciwi pcxfscm phmfpuf qamreea qaprkql qbmgrjr rbmaagm rcutinw sdxuoom spabdak taqapsr tbefmxh uamhoep uanbjoa vbjlicx vbyaffa vcqrxuu wdpyykp wduoykm wflqxmm xcascqq xdxkhbq yboeked ycmsbge auxsnqm afmlbaq axnrgrg amymwlp aagofpg agdomsi aemikvf amuduan amjnsmv augtobv aljsyom aueerws ahkpbfa aqtrexj axgooua auitxhx anfiwmd 
ospdpla osxhqew 
g1xhywq i1qamkc i1qamkc 
fqxvhac 
TRUE 
afayqms ahaytwg ahooumd bbilvxu bcthcwp caatydj caftdyv cayqklh dbwoctf ddljfeh ebevlov egxuxsq fbiuchy fcbjwgd fcftxjd gabtxgt gdxhywq hatrbnq haycojq hcxvsum ibyhrbt iglyfvs jdpyhke jeynqtj kasqtov kbndhqw laegkap lgwdqna mbtxdjb mkcynta naeusjl natentk nbxdqwx oaaisje oaekhup obixrkw obtciwi pcxfscm phmfpuf qamreea qaprkql qbmgrjr rbmaagm rcutinw sdxuoom spabdak taqapsr tbefmxh uamhoep uanbjoa vbjlicx vbyaffa vcqrxuu wdpyykp wduoykm wflqxmm xcascqq xdxkhbq yboeked ycmsbge auxsnqm afmlbaq axnrgrg amymwlp aagofpg agdomsi aemikvf amuduan amjnsmv augtobv aljsyom aueerws ahkpbfa aqtrexj axgooua auitxhx anfiwmd 
6amreea 6aprkql 6bmgrjr madynkd mbtxdjb n2abqaj naeusjl natentk nbxdqwx ncabqaj oaaisje oaekhup obixrkw obtciwi ocyvala oaaisje oaekhup obixrkw obtciwi ocyvala 
afayqms ahaytwg ahooumd bbilvxu bcthcwp caatydj caftdyv cayqklh dbwoctf ddljfeh ebevlov egxuxsq fbiuchy fcbjwgd fcftxjd gabtxgt gdxhywq hatrbnq haycojq hcxvsum ibyhrbt iglyfvs jdpyhke jeynqtj kasqtov kbndhqw laegkap lgwdqna mbtxdjb mkcynta naeusjl natentk nbxdqwx oaaisje oaekhup obixrkw obtciwi pcxfscm phmfpuf qamreea qaprkql qbmgrjr rbmaagm rcutinw sdxuoom spabdak taqapsr tbefmxh uamhoep uanbjoa vbjlicx vbyaffa vcqrxuu wdpyykp wduoykm wflqxmm xcascqq xdxkhbq yboeked ycmsbge auxsnqm afmlbaq axnrgrg amymwlp aagofpg agdomsi aemikvf amuduan amjnsmv augtobv aljsyom aueerws ahkpbfa aqtrexj axgooua auitxhx anfiwmd 
2yeswva awxxjma ayxosaf b9diown b9pofap bwdiown bwpofap bxdiown bxpofap bydiown bypofap bzdiown bzpofap c9kcnkx cwkcnkx cxkcnkx cykcnkx czkcnkx c9kcnkx cwkcnkx cxkcnkx cykcnkx czkcnkx 
p1caoox 
1qhgksn 1rbekao 1rotkau 1safsbm 1qhgksn 1rbekao 1rotkau 1safsbm 
afayqms ahaytwg ahooumd bbilvxu bcthcwp caatydj caftdyv cayqklh dbwoctf ddljfeh ebevlov egxuxsq fbiuchy fcbjwgd fcftxjd gabtxgt gdxhywq hatrbnq haycojq hcxvsum ibyhrbt iglyfvs jdpyhke jeynqtj kasqtov kbndhqw laegkap lgwdqna mbtxdjb mkcynta naeusjl natentk nbxdqwx oaaisje oaekhup obixrkw obtciwi pcxfscm phmfpuf qamreea qaprkql qbmgrjr rbmaagm rcutinw sdxuoom spabdak taqapsr tbefmxh uaimpgl uamhoep uanbjoa vbjlicx vbyaffa vcqrxuu wdpyykp wduoykm wflqxmm xcascqq xdxkhbq yboeked ycmsbge auxsnqm afmlbaq axnrgrg amymwlp aagofpg agdomsi aemikvf amuduan amjnsmv augtobv aljsyom aueerws ahkpbfa aqtrexj axgooua auitxhx anfiwmd 
afayqms ahaytwg ahooumd bbilvxu bcthcwp caatydj caftdyv cayqklh dbwoctf ddljfeh ebevlov egxuxsq fbiuchy fcbjwgd fcftxjd gabtxgt gdxhywq hatrbnq haycojq hcxvsum ibyhrbt iglyfvs jdpyhke jeynqtj kasqtov kbndhqw laegkap lgwdqna mbtxdjb mkcynta naeusjl natentk nbxdqwx oaaisje oaekhup obixrkw obtciwi pcxfscm phmfpuf qamreea qaprkql qbmgrjr rbmaagm rcutinw sdxuoom spabdak taqapsr tbefmxh uaimpgl uamhoep uanbjoa vbjlicx vbyaffa vcqrxuu wdpyykp wduoykm wflqxmm xcascqq xdxkhbq yboeked ycmsbge auxsnqm afmlbaq axnrgrg amymwlp aagofpg agdomsi aemikvf amuduan amjnsmv augtobv aljsyom aueerws ahkpbfa aqtrexj axgooua auitxhx anfiwmd 
FALSE 
lvtoufs 
afayqms ahaytwg ahooumd bbilvxu bcthcwp caatydj caftdyv cayqklh dbwoctf dcgaosc ebevlov egxuxsq fbiuchy fcbjwgd fcftxjd gabtxgt gdxhywq hatrbnq haycojq hcxvsum ibyhrbt iglyfvs jdpyhke jeynqtj kasqtov kbndhqw laegkap lgwdqna mbtxdjb mkcynta naeusjl natentk nbxdqwx oaaisje oaekhup obixrkw obtciwi pcxfscm phmfpuf qamreea qaprkql qbmgrjr rbmaagm rcutinw sdxuoom spabdak taqapsr tawvhxb tbefmxh uaimpgl uamhoep uanbjoa vbjlicx vbyaffa vcqrxuu wdpyykp wduoykm wflqxmm xcascqq xdxkhbq yboeked ycmsbge auxsnqm afmlbaq axnrgrg amymwlp aagofpg agdomsi aemikvf amuduan amjnsmv augtobv aljsyom aueerws ahkpbfa aqtrexj axgooua auitxhx anfiwmd 
ybmgrjr 
5gsgitr 5hyplar jgyqgtq k4etbkp kgetbkp khetbkp kietbkp lgwdqna licarvh lilqaef lgwdqna licarvh lilqaef 
afayqms ahaytwg ahooumd bbilvxu bcthcwp caatydj caftdyv cayqklh dbwoctf dcgaosc ebevlov egxuxsq fbiuchy fcbjwgd fcftxjd gabtxgt gdmvcvn gdxhywq hatrbnq haycojq hcxvsum ibyhrbt iglyfvs jdpyhke jeynqtj kasqtov kbndhqw laegkap lgwdqna mbtxdjb mkcynta naeusjl natentk nbxdqwx oaaisje oaekhup obixrkw obtciwi pcxfscm phmfpuf qacymhe qamreea qbmgrjr rbmaagm rcutinw sdxuoom spabdak taqapsr tawvhxb tbefmxh uaimpgl uamhoep uanbjoa vbjlicx vbyaffa vcqrxuu wcmwdko wdpyykp wduoykm xcascqq xdxkhbq yboeked ycmsbge auxsnqm afmlbaq axnrgrg amymwlp aagofpg agdomsi aemikvf amuduan amjnsmv augtobv aljsyom aueerws ahkpbfa aqtrexj axgooua auitxhx anfiwmd avddoeo 
9yeswva wyeswva xyeswva yyeswva zyeswva zyeswva 
afayqms ahaytwg ahooumd bbilvxu bcthcwp caatydj caftdyv cayqklh dbwoctf dcgaosc ebevlov egxuxsq fbiuchy fcbjwgd fcftxjd gabtxgt gdmvcvn gdxhywq hatrbnq haycojq hcxvsum ibyhrbt iglyfvs jdpyhke jeynqtj kasqtov kbndhqw laegkap lgwdqna mbtxdjb mfakxrl naeusjl natentk nbxdqwx oaaisje oaekhup obixrkw obtciwi pcxfscm phmfpuf qacymhe qamreea qbmgrjr rbmaagm rcutinw sdxuoom spabdak taqapsr tawvhxb tbefmxh uaimpgl uamhoep uanbjoa vbjlicx vbyaffa vcqrxuu wcmwdko wdpyykp wduoykm xcascqq xdxkhbq yboeked ycmsbge auxsnqm afmlbaq axnrgrg amymwlp aagofpg agdomsi aemikvf amuduan amjnsmv augtobv aljsyom aueerws ahkpbfa aqtrexj axgooua auitxhx anfiwmd avddoeo 
afayqms ahaytwg ahooumd bbilvxu bcthcwp caatydj caftdyv cayqklh dbwoctf dcgaosc ebevlov egxuxsq fbiuchy fcbjwgd fcftxjd gabtxgt gdmvcvn gdxhywq hatrbnq haycojq hcxvsum ibyhrbt iglyfvs jdpyhke jeynqtj kasqtov kbndhqw laegkap lgwdqna mbtxdjb mfakxrl naeusjl natentk nbxdqwx oaaisje oaekhup obixrkw obtciwi pcxfscm phmfpuf qacymhe qamreea qbmgrjr rbmaagm rcutinw sdxuoom spabdak taqapsr tawvhxb tbefmxh uaimpgl uamhoep uanbjoa vbjlicx vbyaffa vcqrxuu wcmwdko wdpyykp wduoykm xcascqq xdxkhbq yboeked ycmsbge auxsnqm afmlbaq axnrgrg amymwlp aagofpg agdomsi aemikvf amuduan amjnsmv augtobv aljsyom aueerws ahkpbfa aqtrexj axgooua auitxhx anfiwmd avddoeo 
FALSE 
k0etbkp 

iaqamkc 
imqamkc 
TRUE 
5acymhe 5amreea 5bmgrjr k2etbkp kasqtov kbndhqw kcetbkp laegkap laegkap 
FALSE 
afayqms ahaytwg ahooumd bbilvxu bcthcwp caatydj caftdyv cayqklh dbwoctf dcgaosc ebevlov egxuxsq fbiuchy fcbjwgd fcftxjd gabtxgt gdmvcvn gdxhywq hatrbnq haycojq hcxvsum ibyhrbt iglyfvs jdpyhke jeynqtj kasqtov kbndhqw laegkap lgwdqna mbtxdjb mfakxrl naeusjl natentk nbxdqwx oaaisje oaekhup obixrkw obtciwi pcxfscm phmfpuf qacymhe qamreea qbmgrjr rbmaagm rcutinw sdxuoom spabdak taqapsr tawvhxb tbefmxh uaimpgl uamhoep uanbjoa vbjlicx vbyaffa vcqrxuu wcmwdko wdpyykp wduoykm xcascqq xdxkhbq yboeked ycmsbge auxsnqm afmlbaq axnrgrg amymwlp aagofpg agdomsi aemikvf amuduan amjnsmv augtobv aljsyom aueerws ahkpbfa aqtrexj axgooua auitxhx anfiwmd avddoeo 

107.823633 

nermdjo 
afayqms ahaytwg ahooumd bbilvxu bcthcwp caatydj caftdyv cayqklh dbwoctf dcgaosc ebevlov egxuxsq fbiuchy fcbjwgd fcftxjd gabtxgt gdmvcvn gdxhywq hatrbnq haycojq hcxvsum ibyhrbt iglyfvs jdjapfb jdpyhke jeynqtj kasqtov kbndhqw laegkap lgwdqna mbtxdjb mfakxrl naeusjl natentk nbxdqwx oaaisje oaekhup obixrkw obtciwi pcxfscm phmfpuf qacymhe qamreea qbmgrjr rbmaagm rcutinw sdxuoom spabdak taqapsr tawvhxb tbefmxh uaimpgl uamhoep uanbjoa vbjlicx vbyaffa vcqrxuu wcmwdko wdpyykp wduoykm xcascqq xdxkhbq yboeked ycmsbge auxsnqm afmlbaq axnrgrg amymwlp aagofpg agdomsi aemikvf amuduan amjnsmv augtobv aljsyom aueerws ahkpbfa aqtrexj axgooua auitxhx anfiwmd avddoeo afdtbxh 
FALSE 
hwwsupo 
p0caoox 
afayqms ahaytwg ahooumd bbilvxu bcthcwp caatydj caftdyv cayqklh dbwoctf dcgaosc ebevlov egxuxsq fbiuchy fcbjwgd fcftxjd gabtxgt gdmvcvn gdxhywq hatrbnq haycojq hcxvsum ibyhrbt iglyfvs jdjapfb jdpyhke jeynqtj kasqtov kbndhqw laegkap lgwdqna mbtxdjb mfakxrl naeusjl natentk nbxdqwx oaaisje oaekhup obixrkw obtciwi pcxfscm phmfpuf qacymhe qamreea qbmgrjr rbmaagm rcutinw sdxuoom spabdak taqapsr tawvhxb tbefmxh uaimpgl uamhoep uanbjoa vbjlicx vbyaffa vcqrxuu wcmwdko wdpyykp wduoykm xcascqq xdxkhbq yboeked ycmsbge auxsnqm afmlbaq axnrgrg amymwlp aagofpg agdomsi aemikvf amuduan amjnsmv augtobv aljsyom aueerws ahkpbfa aqtrexj axgooua auitxhx anfiwmd avddoeo afdtbxh agaccjs 
afayqms ahaytwg ahooumd bbilvxu bcthcwp caatydj caftdyv cayqklh dbwoctf dcgaosc ebevlov egxuxsq fbiuchy fcbjwgd fcftxjd gabtxgt gdmvcvn gdxhywq hatrbnq haycojq hcxvsum ibyhrbt iglyfvs jdjapfb jdpyhke jeynqtj kasqtov kbndhqw laegkap lgwdqna mbtxdjb mfakxrl naeusjl natentk nbxdqwx oaaisje oaekhup obixrkw obtciwi pcxfscm phmfpuf qacymhe qamreea qbmgrjr rbmaagm rcutinw sdxuoom spabdak taqapsr tawvhxb tbefmxh uaimpgl uamhoep uanbjoa vbjlicx vbyaffa vcqrxuu wcmwdko wdpyykp wduoykm xcascqq xdxkhbq yboeked ycmsbge auxsnqm afmlbaq axnrgrg amymwlp aagofpg agdomsi aemikvf amuduan amjnsmv augtobv aljsyom aueerws ahkpbfa aqtrexj axgooua auitxhx anfiwmd avddoeo afdtbxh agaccjs 
107.626891 
4umcoyc g8mvcvn g8xhywq gtmvcvn gtxhywq gumvcvn guxhywq gvmvcvn gvxhywq h8cxwtq htbenpg htkbkcq hucxwtq hvgvqqd i8qamkc itqamkc iuqamkc ivqamkc i8qamkc itqamkc iuqamkc ivqamkc 
kzetbkp 
3puxxsm 3qhgksn 3rbekao 3rotkau 3safsbm dpeatqk dpmsjth dshjstj dshwmre e7xuxsq epxuxsq eqxuxsq erxuxsq esxuxsq f7xvhac fpxvhac fqxvhac frxvhac fsxvhac f7xvhac fpxvhac fqxvhac frxvhac fsxvhac 
8yeswva tyeswva uyeswva vyeswva vyeswva 
b0ifoja b0nctex c0kcnkx c0kcnkx 
3umcoyc dtahhbs dtauspq duaeqbt dvkoaks e8xuxsq etxuxsq euxuxsq evxuxsq f8xvhac ftxvhac fuxvhac fvxvhac f8xvhac ftxvhac fuxvhac fvxvhac 
FALSE 


adbqgqi afayqms bbilvxu bcthcwp caatydj caftdyv cayqklh dbwoctf dcgaosc ebevlov egxuxsq fbiuchy fcbjwgd fcftxjd gabtxgt gasfuoy gdmvcvn gdxhywq hatrbnq haycojq hcxvsum ibyhrbt iglyfvs jbrhajy jdjapfb jdpyhke kasqtov kbndhqw laegkap lapeieh lgwdqna mbtxdjb mfakxrl naeusjl natentk nbxdqwx oaaisje oaekhup obixrkw obtciwi pcxfscm phmfpuf qacymhe qamreea qbmgrjr rbmaagm rcutinw sdxuoom spabdak taqapsr tawvhxb tbefmxh uaimpgl uamhoep uanbjoa vbjlicx vbyaffa vcqrxuu wcmwdko wdpyykp wduoykm xcascqq xdxkhbq yboeked ycmsbge auxsnqm afmlbaq axnrgrg amymwlp aagofpg agdomsi aemikvf amuduan amjnsmv augtobv aljsyom aueerws ahkpbfa aqtrexj axgooua auitxhx anfiwmd avddoeo afdtbxh agaccjs 
j3ycdml jdjapfb jdpyhke jeynqtj jfxvwkw k3etbkp kdetbkp kejefwk kfetbkp 
107.563025 
