<>


cavkllg dsqlhol evgcgan gvwotvq metwmha niqmhfn nuuivar rqrbobu vwtgxwy xaufbjs ygsaqle abuayud 

FALSE 
cavkllg cqrkmhp dsqlhol evgcgan gvwotvq metwmha niqmhfn nuuivar rqrbobu vwtgxwy xaufbjs ygsaqle abuayud 
cavkllg cqrkmhp dlsvuac dsqlhol evgcgan ealydoy gvwotvq ifxbiha ljojosx metwmha mgjtniq niqmhfn nuuivar qhjwpju qsicseg rqrbobu uilallg uoagwds vwtgxwy wuahaxu xaufbjs ygsaqle abuayud 
FALSE 

amueiwx cavkllg cqrkmhp dlsvuac dsqlhol ejtwwxn evgcgan gfvjjjv gvwotvq hhdtgcx hidaoqu ifxbiha igvplng kwsvyci ljojosx meijnpe metwmha mgjtniq niqmhfn nqxisqa pmymcps qasjtbu qhjwpju rqrbobu snuldvs uilallg uoagwds vwtgxwy wuahaxu xaufbjs ygsaqle abuayud 
FALSE 
aktrawg amueiwx cavkllg cqrkmhp dlsvuac dsqlhol ejtwwxn eqnrecj gfvjjjv gvwotvq hhdtgcx hidaoqu ifxbiha igvplng kcqawhg kgjnlwo ljojosx meijnpe metwmha mgjtniq nghfprr niqmhfn pmymcps pvlgjka qasjtbu qhjwpju rqrbobu snuldvs uilallg uoagwds vwtgxwy wuahaxu xaufbjs ygsaqle abuayud 

aktrawg amueiwx cavkllg cqrkmhp dlsvuac dsqlhol ejtwwxn eqnrecj gfvjjjv gvwotvq hhdtgcx hidaoqu ifxbiha igvplng kcqawhg kgjnlwo ljojosx meijnpe metwmha mgjtniq nghfprr niqmhfn pmymcps pvlgjka qasjtbu qhjwpju rqrbobu snuldvs uilallg uoagwds vwtgxwy wfxftxm wuahaxu xaufbjs ygsaqle abuayud 


FALSE 
absroaq aktrawg cavkllg cqrkmhp dlsvuac dsqlhol ejtwwxn eqnrecj gfvjjjv gvwotvq hhdtgcx hidaoqu ifxbiha igvplng kcqawhg kgjnlwo ljojosx meijnpe metwmha mgjtniq nghfprr niqmhfn pmymcps pvlgjka qasjtbu qfkmxyn rqrbobu snuldvs uilallg uoagwds vwtgxwy wfxftxm wuahaxu xaufbjs ygsaqle abuayud 
absroaq aktrawg cavkllg cqrkmhp dlsvuac dsqlhol ejtwwxn eqnrecj gfvjjjv gvwotvq hhdtgcx hidaoqu ifxbiha igvplng kcqawhg kgjnlwo ljojosx meijnpe metwmha mgjtniq nghfprr niqmhfn pmymcps pvlgjka qasjtbu qfkmxyn rqrbobu snuldvs uilallg uoagwds vwtgxwy wfxftxm wuahaxu xaufbjs ygsaqle abuayud 
absroaq aktrawg cavkllg cqrkmhp dlsvuac dsqlhol ejtwwxn eqnrecj gfvjjjv gvwotvq hhdtgcx hidaoqu ifxbiha igvplng kcqawhg kgjnlwo ljojosx meijnpe metwmha mgjtniq nghfprr niqmhfn pmymcps pvlgjka qasjtbu qfkmxyn rqrbobu snuldvs uilallg uoagwds vwtgxwy wfxftxm wuahaxu xaufbjs ygsaqle abuayud 

mjjtniq 
108.511111 


108.355623 
xkfjgav ykpswph 

liwtgeq 
FALSE 

FALSE 
absroaq aktrawg cavkllg cesajax davxcyi dlsvuac ejtwwxn eqnrecj fbotqlh fdqqffa gfvjjjv ggjajhx hhdtgcx hibqrpe hidaoqu ifxbiha igvplng kcqawhg kgjnlwo laahdsp lcfrmxu meijnpe metwmha mgjtniq nghfprr niqmhfn pcpqbyv pmymcps qasjtbu qfkmxyn rkeqiwl rmlxevc snuldvs tbbakxw ucdvqkj uilallg vvplylh vvrsgis vwtgxwy wdiuepm wfxftxm xaufbjs xkfjgav yatjete yfkyvbx abuayud aofcfnh alvrpba anaiere 
108.233236 

absroaq aktrawg bdydaoh bghlajd cavkllg cesajax davxcyi dlsvuac ejtwwxn eqnrecj fbotqlh fdqqffa gfvjjjv ggeordw ggjajhx hhdtgcx hibqrpe hidaoqu ifxbiha igvplng kcqawhg kgjnlwo laahdsp lcfrmxu meijnpe metwmha mgjtniq nghfprr niqmhfn orbllnx pcpqbyv pmymcps qasjtbu qfkmxyn rkeqiwl rmlxevc snuldvs tbbakxw ucdvqkj uejeqqi vvplylh vvrsgis vwtgxwy wdiuepm wfxftxm xaufbjs xfrjada yatjete ybfxmjr abuayud aofcfnh alvrpba anaiere achonak 

u4dpkgm ugdpkgm uhdpkgm uilallg 
FALSE 
107.956873 
d8eiwnx dteiwnx dueiwnx dveiwnx evgcgan f8qqffa ftqqffa fuqqffa fvqqffa f8qqffa ftqqffa fuqqffa fvqqffa 
absroaq aktrawg bdydaoh bghlajd cavkllg cesajax davxcyi dlsvuac ejtwwxn eqnrecj fbotqlh fdqqffa getwuim gfvjjjv hhdtgcx hibqrpe hidaoqu ifxbiha igvplng kcqawhg kgjnlwo laahdsp lcfrmxu magjldw meijnpe metwmha nghfprr niqmhfn orbllnx pcpqbyv pmymcps qasjtbu qfkmxyn rkeqiwl rmlxevc snuldvs tbbakxw ucdvqkj uejeqqi vvplylh vvrsgis vwtgxwy wdiuepm wfxftxm xaufbjs xfrjada yatjete ybfxmjr abuayud aofcfnh alvrpba anaiere achonak adcpfkh 
absroaq aktrawg bdydaoh bghlajd cavkllg cesajax davxcyi dlsvuac ejtwwxn eqnrecj fbotqlh fdqqffa getwuim gfvjjjv hhdtgcx hibqrpe hidaoqu ifxbiha igvplng jucuvsm kcqawhg kgjnlwo laahdsp lcfrmxu magjldw meijnpe metwmha nghfprr niqmhfn orbllnx pcpqbyv pmymcps qasjtbu qfkmxyn rkeqiwl rmlxevc skblxru snuldvs tbbakxw ucdvqkj uejeqqi vvplylh vvrsgis vwtgxwy wdiuepm wfxftxm xaufbjs xfrjada yatjete ybfxmjr abuayud aofcfnh alvrpba anaiere achonak adcpfkh aavsxfu 


FALSE 
absroaq aktrawg bdydaoh bghlajd cavkllg cesajax davxcyi dlsvuac ejtwwxn eqnrecj fbotqlh fdqqffa getwuim gfvjjjv hhdtgcx hibqrpe hidaoqu ifxbiha igvplng jucuvsm kcqawhg kgjnlwo laahdsp lcfrmxu magjldw meijnpe metwmha nghfprr niqmhfn oggcshk orbllnx pcpqbyv pmymcps qasjtbu qfkmxyn rkeqiwl rmlxevc skblxru snuldvs tbbakxw ucdvqkj uejeqqi vvplylh vvrsgis vwtgxwy wdiuepm wfxftxm xaufbjs xfrjada yatjete ybfxmjr abuayud aofcfnh alvrpba anaiere achonak adcpfkh aavsxfu 
107.918719 
u7dpkgm updpkgm uqdpkgm urdpkgm usdpkgm 
FALSE 
absroaq aktrawg bdydaoh bghlajd cavkllg cesajax davxcyi djhmlgb ejtwwxn eqnrecj fbotqlh fdqqffa getwuim gfvjjjv hhdtgcx hibqrpe hidaoqu ifxbiha igvplng jsvassk jucuvsm kcqawhg kgjnlwo laahdsp lcfrmxu magjldw meijnpe metwmha nghfprr niqmhfn oggcshk orbllnx pcpqbyv pmymcps qasjtbu qfiqjad qfkmxyn rkeqiwl rmlxevc skblxru snuldvs tbbakxw ucdvqkj uejeqqi vvplylh vvrsgis vwtgxwy wdiuepm wfxftxm xaufbjs xfrjada yatjete ybfxmjr abuayud aofcfnh alvrpba anaiere achonak adcpfkh aavsxfu 

mujtniq 
mhjtniq 
oggcshk 
107.926190 
FALSE 
liwtgeq 
absroaq aktrawg bdydaoh bghlajd cavkllg cesajax davxcyi djhmlgb ejtwwxn eqnrecj fbotqlh fdqqffa getwuim gfvjjjv hhdtgcx hibqrpe hidaoqu ifxbiha igvplng jsvassk jucuvsm kcqawhg kgjnlwo laahdsp lcfrmxu magjldw meijnpe metwmha nflmbst nghfprr oggcshk orbllnx pcpqbyv pmymcps qasjtbu qfiqjad qfkmxyn rddbtdu rkeqiwl skblxru snuldvs tbbakxw thwtobs ucdvqkj uejeqqi vbnxbci vnlaicj wdcbwhv wdiuepm wfxftxm xaufbjs xfrjada yatjete ybfxmjr abuayud aofcfnh alvrpba anaiere achonak adcpfkh aavsxfu abiayjk 
absroaq aktrawg bdydaoh bghlajd cavkllg cesajax davxcyi djhmlgb ejtwwxn emphgtc fbotqlh fdqqffa getwuim gfvjjjv hhdtgcx hibqrpe hidaoqu ifxbiha igvplng jsvassk jucuvsm kcqawhg kgjnlwo laahdsp lcfrmxu magjldw meijnpe metwmha nflmbst nghfprr oggcshk orbllnx pcpqbyv pmymcps qasjtbu qfiqjad qfkmxyn rddbtdu rkeqiwl skblxru snuldvs tbbakxw thwtobs ucdvqkj uejeqqi vbnxbci vnlaicj wdcbwhv wdiuepm wfxftxm xaufbjs xfrjada yatjete ybfxmjr abuayud aofcfnh alvrpba anaiere achonak adcpfkh aavsxfu abiayjk akewpga 

107.520737 

m6jtniq mmjtniq mnjtniq mojtniq omnydwd omnydwd 


107.529954 
TRUE 
absroaq aktrawg bdydaoh bghlajd cavkllg cddogtc davxcyi dbawthb eexjycv ejtwwxn fbotqlh fdqqffa getwuim gfvjjjv hhdtgcx hibqrpe hidaoqu ifxbiha igvplng jsvassk jucuvsm kcqawhg kgjnlwo laahdsp lcfrmxu magjldw meijnpe metwmha nflmbst nghfprr oggcshk omnydwd pcpqbyv pmymcps qasjtbu qbetcsf rddbtdu rgqlypp skblxru snuldvs tbbakxw thwtobs ucdvqkj uejeqqi vbnxbci vnlaicj wdcbwhv wdiuepm wfxftxm xaufbjs xfrjada yatjete ybfxmjr abuayud aofcfnh alvrpba anaiere achonak adcpfkh aavsxfu abiayjk akewpga 
getwuim gfvjjjv ifxbiha ifxbiha 
absroaq aktrawg bdydaoh bghlajd cavkllg cddogtc davxcyi dbawthb eexjycv ejtwwxn fbotqlh fdqqffa getwuim gfvjjjv hhdtgcx hhtnckq hibqrpe hidaoqu ifxbiha igrqdqh igvplng jeixsgk jlamxqg kcqawhg kgjnlwo laahdsp lapmgfx lcfrmxu magjldw meijnpe metwmha nflmbst nghfprr oggcshk omnydwd pcpqbyv pmymcps qasjtbu qbetcsf rddbtdu rgqlypp skblxru snuldvs tbbakxw tgciwfo ucdvqkj uejeqqi vbnxbci vjcqdal wdcbwhv wdiuepm wfxftxm xaufbjs xfrjada yatjete ybfxmjr abuayud aofcfnh alvrpba anaiere achonak adcpfkh aavsxfu abiayjk akewpga 
FALSE 

xaufbjs yatjete ybfxmjr 
t9uffji twuffji txuffji tyuffji tzuffji u9dpkgm uwdpkgm uxdpkgm uydpkgm uzdpkgm vwtgxwy vwtgxwy 
absroaq aktrawg bdydaoh bghlajd cavkllg cddogtc davxcyi dbawthb eexjycv ejtwwxn fbotqlh fdqqffa getwuim gfvjjjv hhdtgcx hhtnckq hibqrpe hidaoqu ifxbiha igrqdqh igvplng jeixsgk jlamxqg kcqawhg kgjnlwo laahdsp lapmgfx lcfrmxu magjldw meijnpe metwmha nflmbst nghfprr oggcshk omnydwd pcpqbyv pirorfq qanmhmo qasjtbu qbetcsf rddbtdu rgqlypp sdyojvt skblxru tbbakxw tgciwfo ucdvqkj uejeqqi vbnxbci vjcqdal wdcbwhv wdiuepm wfxftxm xaufbjs xfrjada yatjete ybfxmjr abuayud aofcfnh alvrpba anaiere achonak adcpfkh aavsxfu abiayjk akewpga 
absroaq aktrawg bdydaoh bghlajd cavkllg cddogtc davxcyi dbawthb eexjycv ejtwwxn fbotqlh fdqqffa getwuim gfvjjjv hhdtgcx hhtnckq hibqrpe hidaoqu ifxbiha igrqdqh igvplng jeixsgk jlamxqg kcqawhg kgjnlwo laahdsp lapmgfx lcfrmxu magjldw meijnpe metwmha nflmbst nghfprr oggcshk omnydwd pcpqbyv pirorfq qanmhmo qasjtbu qbetcsf rddbtdu rgqlypp sdyojvt skblxru tbbakxw tgciwfo ucdvqkj uejeqqi vbnxbci vjcqdal wdcbwhv wdiuepm wfxftxm xaufbjs xfrjada yatjete ybfxmjr abuayud aofcfnh alvrpba anaiere achonak adcpfkh aavsxfu abiayjk akewpga 
w0aurge 
m4jtniq mgjtniq mhjtniq mijtniq nghfprr nhswlap niqmhfn oggcshk oggcshk 
w5aurge wjaurge wkaurge wlaurge xkfjgav ykpswph 
w9aurge wwaurge wxaurge wyaurge wzaurge 
FALSE 
gaeoawh haskamc iaxplgf iaxplgf 
absroaq aktrawg bdydaoh bghlajd cavkllg cddogtc davxcyi dbawthb eexjycv ejtwwxn fbotqlh fdqqffa fdrnbgn getwuim gfvjjjv hhdtgcx hhtnckq hibqrpe hidaoqu ifxbiha igrqdqh igvplng jeixsgk jlamxqg kcqawhg kgjnlwo laahdsp lapmgfx lbcffga magjldw meijnpe metwmha nflmbst nghfprr oggcshk omnydwd pcpqbyv pirorfq qanmhmo qasjtbu qbetcsf rddbtdu rgqlypp sdyojvt sjicxry tbbakxw tgciwfo ucdvqkj udubeqk vbnxbci vjcqdal wdcbwhv wdiuepm wfxftxm xaufbjs xfrjada yatjete ybfxmjr abuayud aofcfnh alvrpba anaiere achonak adcpfkh aavsxfu abiayjk akewpga avmggwt anhjbvn 
107.227743 
absroaq aktrawg bdydaoh bghlajd cavkllg cddogtc davxcyi dbawthb eexjycv ejtwwxn fbotqlh fdqqffa fdrnbgn getwuim gfvjjjv hhdtgcx hhtnckq hibqrpe hidaoqu ifxbiha igrqdqh igvplng jeixsgk jlamxqg kcqawhg kgjnlwo laahdsp lapmgfx lbcffga magjldw meijnpe metwmha nflmbst nghfprr oggcshk omnydwd pcpqbyv pficivd qanmhmo qasjtbu qbetcsf rddbtdu rgqlypp sdyojvt sjicxry tbbakxw tgciwfo ucdvqkj udubeqk vbnxbci vjcqdal wdcbwhv wdiuepm wfxftxm xaufbjs xfrjada yatjete ybfxmjr abuayud aofcfnh alvrpba anaiere achonak adcpfkh aavsxfu abiayjk akewpga avmggwt anhjbvn aiuytti 
107.275654 

TRUE 
pcpqbyv q2onouo qanmhmo qasjtbu qbetcsf qconouo ramjcap s2wpkmh sawpkmh sbwpkmh scwpkmh s2wpkmh sawpkmh sbwpkmh scwpkmh 
gvwotvq htqrpbg 
FALSE 
absroaq aktrawg bdydaoh bghlajd cavkllg cciahbr davxcyi dbawthb eexjycv ejtwwxn fbotqlh fdqqffa fdrnbgn getwuim gfvjjjv hhdtgcx hhtnckq hibqrpe hidaoqu ibcgpoa ifvkffn ifxbiha jeixsgk jlamxqg kcqawhg kgjnlwo laahdsp lapmgfx lbcffga magjldw meijnpe metwmha nflmbst nghfprr oggcshk omnydwd pbjjpti pcpqbyv qanmhmo qasjtbu qbetcsf raratdo rddbtdu sdyojvt sjicxry sjxsbpp tbbakxw tgciwfo ucdvqkj udubeqk vbnxbci vjcqdal wdcbwhv wdiuepm wfxftxm xaufbjs xfrjada yatjete ybfxmjr abuayud aofcfnh alvrpba anaiere achonak adcpfkh aavsxfu abiayjk akewpga avmggwt anhjbvn aiuytti ahnssdn aorqlqa 
d3jxbto ddjxbto dejxbto dfjxbto eexjycv f3qqffa f3rnbgn fdqqffa fdrnbgn feqqffa fernbgn ffqqffa ffrnbgn f3qqffa f3rnbgn fdqqffa fdrnbgn feqqffa fernbgn ffqqffa ffrnbgn 
absroaq aktrawg bdydaoh bghlajd cavkllg cciahbr davxcyi dbawthb eexjycv ejtwwxn fbotqlh fdqqffa fdrnbgn getwuim gfvjjjv hhdtgcx hhtnckq hibqrpe hidaoqu ibcgpoa ifvkffn ifxbiha jeixsgk jlamxqg kcqawhg kgjnlwo laahdsp lapmgfx lbcffga magjldw meijnpe metwmha nflmbst nghfprr oggcshk omnydwd pbjjpti pcpqbyv qanmhmo qasjtbu qbetcsf raratdo rddbtdu sdyojvt sjicxry sjxsbpp tbbakxw tgciwfo ucdvqkj udubeqk vbnxbci vjcqdal wcfctlj wdcbwhv wdiuepm xaufbjs xbrqemb yatjete ybfxmjr abuayud aofcfnh alvrpba anaiere achonak adcpfkh aavsxfu abiayjk akewpga avmggwt anhjbvn aiuytti ahnssdn aorqlqa 
abdamnq absroaq aktrawg bdydaoh bghlajd cavkllg cciahbr davxcyi dbawthb eexjycv ejtwwxn fbotqlh fdqqffa fdrnbgn getwuim gfvjjjv hhdtgcx hhtnckq hibqrpe hidaoqu ibcgpoa ifvkffn ifxbiha jeixsgk jlamxqg kcqawhg kgjnlwo laahdsp lapmgfx lbcffga magjldw meijnpe metwmha nflmbst nghfprr oggcshk omnydwd pbjjpti pcpqbyv qanmhmo qasjtbu qbetcsf raratdo rddbtdu sdyojvt sjicxry sjxsbpp tbbakxw tgciwfo ucdvqkj udubeqk vbnxbci vjcqdal wcfctlj wdcbwhv wdiuepm xaufbjs xbrqemb yatjete ybfxmjr abuayud aofcfnh alvrpba anaiere achonak adcpfkh aavsxfu abiayjk akewpga avmggwt anhjbvn aiuytti ahnssdn aorqlqa 
abdamnq absroaq aktrawg bdydaoh bghlajd cavkllg cciahbr davxcyi dbawthb eexjycv ejtwwxn fbotqlh fdqqffa fdrnbgn getwuim gfvjjjv hhdtgcx hhtnckq hibqrpe hidaoqu ibcgpoa ifvkffn ifxbiha jeixsgk jlamxqg kcqawhg kgjnlwo laahdsp lapmgfx lbcffga magjldw meijnpe metwmha nflmbst nghfprr oggcshk omnydwd pbjjpti pcpqbyv qanmhmo qasjtbu qbetcsf raratdo rddbtdu sdyojvt sjicxry sjxsbpp tbbakxw tgciwfo ucdvqkj udubeqk vbnxbci vjcqdal wcfctlj wdcbwhv wdiuepm xaufbjs xbrqemb yatjete ybfxmjr abuayud aofcfnh alvrpba anaiere achonak adcpfkh aavsxfu abiayjk akewpga avmggwt anhjbvn aiuytti ahnssdn aorqlqa 
abdamnq absroaq aktrawg bdydaoh bghlajd cavkllg cciahbr davxcyi dbawthb eexjycv ejtwwxn fbotqlh fdqqffa fdrnbgn getwuim gfvjjjv hhdtgcx hhtnckq hibqrpe hidaoqu ibcgpoa ifvkffn ifxbiha jeixsgk jlamxqg kcqawhg kgjnlwo laahdsp lapmgfx lbcffga magjldw meijnpe metwmha nflmbst nghfprr oggcshk omnydwd pbjjpti pcpqbyv qanmhmo qasjtbu qbetcsf raratdo rddbtdu sdyojvt sjicxry sjxsbpp tbbakxw tgciwfo ucdvqkj udubeqk vbnxbci vjcqdal wcfctlj wdcbwhv wdiuepm xaufbjs xbrqemb yatjete ybfxmjr abuayud aofcfnh alvrpba anaiere achonak adcpfkh aavsxfu abiayjk akewpga avmggwt anhjbvn aiuytti ahnssdn aorqlqa 

frqqffa frrnbgn 
abdamnq absroaq aktrawg bdydaoh bghlajd cavkllg cciahbr davxcyi dbawthb eexjycv ejtwwxn fbotqlh fdqqffa fdrnbgn getwuim gfvjjjv hhdtgcx hhtnckq hibqrpe hidaoqu ibcgpoa ifvkffn ifxbiha jeixsgk jlamxqg kcqawhg kgjnlwo laahdsp lapmgfx lbcffga magjldw meijnpe metwmha nflmbst nghfprr oggcshk omnydwd pbjjpti pcpqbyv qanmhmo qasjtbu qbetcsf raratdo rddbtdu sdyojvt sjicxry sjxsbpp tbbakxw tgciwfo ucdvqkj udubeqk vbnxbci vjcqdal wcfctlj wdcbwhv wdiuepm xaufbjs xbrqemb yatjete ybfxmjr abuayud aofcfnh alvrpba anaiere achonak adcpfkh aavsxfu abiayjk akewpga avmggwt anhjbvn aiuytti ahnssdn aorqlqa 
qdonouo 
abdamnq absroaq aktrawg bdydaoh bghlajd cavkllg cciahbr davxcyi dbawthb eexjycv ejtwwxn fbotqlh fdqqffa fdrnbgn getwuim gfvjjjv hhdtgcx hhtnckq hibqrpe hidaoqu ibcgpoa ifvkffn ifxbiha jeixsgk jlamxqg kcqawhg kgjnlwo laahdsp lapmgfx lbcffga magjldw meijnpe metwmha nflmbst nghfprr oggcshk omnydwd pbjjpti pcpqbyv qanmhmo qasjtbu qbetcsf raratdo rddbtdu sdyojvt sjicxry sjxsbpp tbbakxw tgciwfo ucdvqkj udubeqk vbnxbci vjcqdal wcfctlj wdcbwhv wdiuepm xaufbjs xbrqemb yatjete yavlmrv ybfxmjr abuayud aofcfnh alvrpba anaiere achonak adcpfkh aavsxfu abiayjk akewpga avmggwt anhjbvn aiuytti ahnssdn aorqlqa 


mujtniq 
107.232381 
abdamnq absroaq aktrawg bdydaoh bghlajd cavkllg cciahbr davxcyi dbawthb eexjycv ejtwwxn fbotqlh fdqqffa fdrnbgn getwuim gfvjjjv hhdtgcx hhtnckq hibqrpe hidaoqu ibcgpoa ifvkffn ifxbiha jeixsgk jlamxqg kcqawhg kgjnlwo laahdsp lapmgfx lbcffga magjldw mdtrnyr nflmbst nghfprr oggcshk omnydwd pbjjpti pcpqbyv qanmhmo qasjtbu qbetcsf raratdo rddbtdu sdyojvt sjicxry sjxsbpp tbbakxw tgciwfo ucdvqkj udubeqk vbnxbci vjcqdal wcfctlj wdcbwhv wdiuepm xaufbjs xbrqemb yatjete yavlmrv ybfxmjr abuayud aofcfnh alvrpba anaiere achonak adcpfkh aavsxfu abiayjk akewpga avmggwt anhjbvn aiuytti ahnssdn aorqlqa atopwlr 
FALSE 
d9jxbto dwjxbto dxjxbto dyjxbto dzjxbto eyjrfjt f9qqffa f9rnbgn fwqqffa fwrnbgn fxqqffa fxrnbgn fyqqffa fyrnbgn fzqqffa fzrnbgn f9qqffa f9rnbgn fwqqffa fwrnbgn fxqqffa fxrnbgn fyqqffa fyrnbgn fzqqffa fzrnbgn 
gaeoawh haskamc i2ldhdu iaxplgf ibcgpoa icldhdu i2ldhdu iaxplgf ibcgpoa icldhdu 
107.209647 
abdamnq absroaq aktrawg bdydaoh bghlajd cavkllg cciahbr davxcyi dbawthb eexjycv ejtwwxn fbotqlh fdqqffa fdrnbgn getwuim gfvjjjv hhdtgcx hhtnckq hibqrpe hidaoqu ibcgpoa ifvkffn ifxbiha jeixsgk jlamxqg kcqawhg kgjnlwo laahdsp lapmgfx lbcffga magjldw mdtrnyr nflmbst nghfprr oggcshk omnydwd pbjjpti pcpqbyv qanmhmo qasjtbu qbetcsf raratdo rddbtdu sdyojvt sjicxry sjxsbpp tbbakxw tcbfqbk ucdvqkj ucnpioj udubeqk vbnxbci vjcqdal wcfctlj wdcbwhv wdiuepm xaufbjs xbrqemb yatjete yavlmrv ybfxmjr abuayud aofcfnh alvrpba anaiere achonak adcpfkh aavsxfu abiayjk akewpga avmggwt anhjbvn aiuytti ahnssdn aorqlqa atopwlr asxpkga 
abdamnq absroaq aktrawg bdydaoh bghlajd cavkllg cciahbr davxcyi dbawthb eexjycv ejtwwxn fbotqlh fdqqffa fdrnbgn getwuim gfvjjjv hhdtgcx hhtnckq hibqrpe hidaoqu ibcgpoa ifvkffn ifxbiha jeixsgk jlamxqg kcqawhg kgjnlwo laahdsp lapmgfx lbcffga magjldw mdtrnyr nflmbst nghfprr oggcshk omnydwd pbjjpti pcpqbyv qanmhmo qasjtbu qbetcsf raratdo rddbtdu sdyojvt sjicxry sjxsbpp tbbakxw tcbfqbk ucdvqkj ucnpioj udubeqk vbnxbci vjcqdal wccpvuo wcfctlj wdcbwhv wdiuepm xaufbjs xbrqemb yatjete yavlmrv ybfxmjr abuayud aofcfnh alvrpba anaiere achonak adcpfkh aavsxfu abiayjk akewpga avmggwt anhjbvn aiuytti ahnssdn aorqlqa atopwlr asxpkga 
q0onouo s0wpkmh s0wpkmh 


ggeordw ggjajhx ghaaeja hhdtgcx hhtnckq hibqrpe hidaoqu i4ldhdu igrqdqh igvplng ihldhdu iittpqh i4ldhdu igrqdqh igvplng ihldhdu iittpqh 


abdamnq absroaq aktrawg bdydaoh bghlajd cavkllg cciahbr davxcyi dbawthb dbhbfwg edshgeu eexjycv fbotqlh fdqqffa fdrnbgn gantkfv getwuim hhdtgcx hhtnckq hibqrpe hidaoqu ibcgpoa ifvkffn ifxbiha jeixsgk jlamxqg kcqawhg kgjnlwo laahdsp lafanhs lbcffga magjldw mdtrnyr nflmbst nghfprr oggcshk omnydwd pbjjpti pcpqbyv qanmhmo qasjtbu qbetcsf raratdo rddbtdu sdyojvt sjicxry sjxsbpp tbbakxw tbtarol tcbfqbk ucdvqkj ucnpioj udubeqk vbnxbci vjcqdal wccpvuo wcfctlj wdcbwhv wdiuepm xaufbjs xbrqemb yatjete yavlmrv ybfxmjr abuayud aofcfnh alvrpba anaiere achonak adcpfkh aavsxfu abiayjk akewpga avmggwt anhjbvn aiuytti ahnssdn aorqlqa atopwlr asxpkga ablewfe 

abdamnq absroaq aktrawg bdydaoh bghlajd cavkllg cciahbr davxcyi dbawthb dbhbfwg edshgeu eexjycv fbotqlh fdqqffa fdrnbgn gantkfv getwuim hhdtgcx hhtnckq hibqrpe hidaoqu ibcgpoa ifvkffn ifxbiha jeixsgk jlamxqg kcqawhg kgjnlwo laahdsp lafanhs lbcffga magjldw mdtrnyr nflmbst nghfprr oggcshk omnydwd pbjjpti pcpqbyv qanmhmo qasjtbu qbetcsf raratdo rddbtdu sdyojvt sjicxry sjxsbpp tbbakxw tbtarol tcbfqbk ucdvqkj ucnpioj udubeqk vbnxbci vjcqdal wccpvuo wcfctlj wdcbwhv wdiuepm xaufbjs xbrqemb yatjete yavlmrv ybfxmjr abuayud aofcfnh alvrpba anaiere achonak adcpfkh aavsxfu abiayjk akewpga avmggwt anhjbvn aiuytti ahnssdn aorqlqa atopwlr asxpkga ablewfe 
107.049383 
a7heydk apheydk aqheydk arheydk asheydk b7dxgrn b7mextf bpdxgrn bpmextf bqdxgrn bqmextf brdxgrn brmextf bsdxgrn bsmextf c7kbskp cpkbskp cqrkmhp crkbskp cskbskp c7kbskp cpkbskp cqrkmhp crkbskp cskbskp 
hjeaale 
cxkbskp 
yxwlxgi 
abdamnq absroaq aktrawg bdydaoh bghlajd cavkllg cciahbr davxcyi dbawthb dbhbfwg edshgeu eexjycv fbotqlh fdqqffa fdrnbgn gantkfv getwuim hhdtgcx hhtnckq hibqrpe hidaoqu ibcgpoa ifvkffn ifxbiha jeixsgk jlamxqg kcqawhg kgjnlwo laahdsp lafanhs lbcffga magjldw mdtrnyr nflmbst nghfprr oggcshk omnydwd pbjjpti pcpqbyv qanmhmo qasjtbu qbetcsf raratdo rddbtdu sdyojvt sjicxry sjxsbpp tbbakxw tbtarol tcbfqbk ucdvqkj ucnpioj udubeqk vbnxbci vjcqdal wccpvuo wcfctlj wdcbwhv wdiuepm xaufbjs xbrqemb yatjete yavlmrv ybfxmjr abuayud aofcfnh alvrpba anaiere achonak adcpfkh aavsxfu abiayjk akewpga avmggwt anhjbvn aiuytti ahnssdn aorqlqa atopwlr asxpkga ablewfe 
puayuge pviqucb pvlgjka q8onouo qtitfrg qtjikkh quonouo qvonouo s8wpkmh stsqbdo suwpkmh svwpkmh s8wpkmh stsqbdo suwpkmh svwpkmh 
jucuvsm jurxoqk 
t8uffji t8wysdr ttuffji ttwysdr tuuffji tuwysdr tvuffji tvwysdr u8dpkgm utdpkgm uudpkgm uvdpkgm vudebka vvplylh vvrsgis vudebka vvplylh vvrsgis 
abdamnq absroaq aktrawg bdydaoh bghlajd cavkllg cciahbr davxcyi dbawthb dbhbfwg edshgeu eexjycv fbotqlh fdqqffa fdrnbgn gantkfv getwuim hhdtgcx hhtnckq hibqrpe hidaoqu ibcgpoa ifvkffn ifxbiha jeixsgk jkyfotr kcqawhg kgjnlwo laahdsp lafanhs lbcffga magjldw mdtrnyr nflmbst nghfprr oggcshk omnydwd pbjjpti pcpqbyv qanmhmo qasjtbu qbetcsf raratdo rddbtdu sdyojvt sjicxry sjxsbpp tbbakxw tbtarol tcbfqbk ucdvqkj ucnpioj udubeqk vbnxbci vjcqdal wccpvuo wcfctlj wdcbwhv wdiuepm xaufbjs xbrqemb yatjete yavlmrv ybfxmjr abuayud aofcfnh alvrpba anaiere achonak adcpfkh aavsxfu abiayjk akewpga avmggwt anhjbvn aiuytti ahnssdn aorqlqa atopwlr asxpkga ablewfe arwbkca 

abdamnq absroaq aktrawg bdydaoh bghlajd cavkllg cciahbr davxcyi dbawthb dbhbfwg edshgeu eexjycv fbotqlh fdqqffa fdrnbgn gantkfv getwuim hhdtgcx hhtnckq hibqrpe hidaoqu ibcgpoa ifvkffn ifxbiha jeixsgk jkyfotr kcqawhg kgjnlwo laahdsp lafanhs lbcffga magjldw mdtrnyr nflmbst nghfprr oggcshk ohovrls pbjjpti pcpqbyv qanmhmo qasjtbu qbetcsf raratdo rddbtdu sdyojvt sjicxry sjxsbpp tbbakxw tbtarol tcbfqbk ucdvqkj ucnpioj udubeqk vaqltts vbnxbci wccpvuo wcfctlj wdcbwhv wdiuepm xaufbjs xbrqemb yatjete yavlmrv ybfxmjr abuayud aofcfnh alvrpba anaiere achonak adcpfkh aavsxfu abiayjk akewpga avmggwt anhjbvn aiuytti ahnssdn aorqlqa atopwlr asxpkga ablewfe arwbkca 
abdamnq absroaq aktrawg bdydaoh bghlajd cavkllg cciahbr davxcyi dbawthb dbhbfwg edshgeu eexjycv fbotqlh fdqqffa fdrnbgn gantkfv getwuim hhdtgcx hhtnckq hibqrpe hidaoqu ibcgpoa ifvkffn ifxbiha jeixsgk jkyfotr kcqawhg kgjnlwo laahdsp lafanhs lbcffga magjldw mdtrnyr nflmbst nghfprr oggcshk ohovrls pbjjpti pcpqbyv qanmhmo qasjtbu qbetcsf raratdo rddbtdu sdyojvt sjicxry sjxsbpp tbbakxw tbtarol tcbfqbk ucdvqkj ucnpioj udubeqk vaqltts vbnxbci wccpvuo wcfctlj wdcbwhv wdiuepm xaufbjs xbrqemb yatjete yavlmrv ybfxmjr abuayud aofcfnh alvrpba anaiere achonak adcpfkh aavsxfu abiayjk akewpga avmggwt anhjbvn aiuytti ahnssdn aorqlqa atopwlr asxpkga ablewfe arwbkca 
abdamnq absroaq aktrawg bdydaoh bghlajd cavkllg cciahbr davxcyi dbawthb dbhbfwg edshgeu eexjycv fbotqlh fdqqffa fdrnbgn gantkfv getwuim hhdtgcx hhtnckq hibqrpe hidaoqu ibcgpoa ifvkffn ifxbiha jeixsgk jkyfotr kcqawhg kgjnlwo laahdsp lafanhs lbcffga magjldw mdtrnyr nflmbst nghfprr oggcshk ohovrls pbjjpti pcpqbyv qanmhmo qasjtbu qbetcsf raratdo rddbtdu sdyojvt sjicxry sjxsbpp tbbakxw tbtarol tcbfqbk ucdvqkj ucnpioj udubeqk vaqltts vbnxbci wccpvuo wcfctlj wdcbwhv wdiuepm xaufbjs xbrqemb yatjete yavlmrv ybfxmjr abuayud aofcfnh alvrpba anaiere achonak adcpfkh aavsxfu abiayjk akewpga avmggwt anhjbvn aiuytti ahnssdn aorqlqa atopwlr asxpkga ablewfe arwbkca 
abdamnq absroaq aktrawg bdydaoh bghlajd cavkllg cciahbr davxcyi dbawthb dbhbfwg edshgeu eexjycv fbotqlh fdqqffa fdrnbgn gantkfv getwuim hhdtgcx hhtnckq hibqrpe hidaoqu ibcgpoa ifvkffn ifxbiha jeixsgk jkyfotr kcqawhg kgjnlwo laahdsp lafanhs lbcffga magjldw mdtrnyr nflmbst nghfprr oggcshk ohovrls pbjjpti pcpqbyv qanmhmo qasjtbu qbetcsf raratdo rddbtdu sdyojvt sjicxry sjxsbpp tbbakxw tbtarol tcbfqbk ucdvqkj ucnpioj udubeqk vaqltts vbnxbci wccpvuo wcfctlj wdcbwhv wdiuepm xaufbjs xbrqemb yatjete yavlmrv ybfxmjr abuayud aofcfnh alvrpba anaiere achonak adcpfkh aavsxfu abiayjk akewpga avmggwt anhjbvn aiuytti ahnssdn aorqlqa atopwlr asxpkga ablewfe arwbkca argvjfh 
abdamnq absroaq aktrawg bdydaoh bghlajd cavkllg cciahbr davxcyi dbawthb dbhbfwg edshgeu eexjycv fbotqlh fdqqffa fdrnbgn gantkfv getwuim hhdtgcx hhtnckq hibqrpe hidaoqu ibcgpoa ibjycys ifvkffn ifxbiha jeixsgk jkyfotr kcqawhg kgjnlwo laahdsp lafanhs lbcffga magjldw mcbfvoj nflmbst nghfprr oggcshk ohovrls pbjjpti pcpqbyv qanmhmo qasjtbu qbetcsf raratdo rddbtdu sdyojvt sjicxry sjxsbpp tbbakxw tbtarol tcbfqbk ucdvqkj ucnpioj udubeqk vaqltts vbnxbci wccpvuo wcfctlj wdcbwhv wdiuepm xaufbjs xbrqemb yatjete yavlmrv ybfxmjr abuayud aofcfnh alvrpba anaiere achonak adcpfkh aavsxfu abiayjk akewpga avmggwt anhjbvn aiuytti ahnssdn aorqlqa atopwlr asxpkga ablewfe arwbkca argvjfh 
abdamnq absroaq aktrawg bdydaoh bghlajd cavkllg cciahbr davxcyi dbawthb dbhbfwg edshgeu eexjycv fbotqlh fdqqffa fdrnbgn gantkfv getwuim hhdtgcx hhtnckq hibqrpe hidaoqu ibcgpoa ibjycys ifvkffn ifxbiha jeixsgk jkyfotr kcqawhg kgjnlwo laahdsp lafanhs lbcffga magjldw mcbfvoj neelgaw nflmbst oggcshk ohovrls pbjjpti pcpqbyv qanmhmo qasjtbu qbetcsf raratdo rddbtdu sdyojvt sjicxry sjxsbpp tbbakxw tbtarol tcbfqbk ucdvqkj ucnpioj udubeqk vaqltts vbnxbci wccpvuo wcfctlj wdcbwhv wdiuepm xaufbjs xbrqemb yatjete yavlmrv ybfxmjr abuayud aofcfnh alvrpba anaiere achonak adcpfkh aavsxfu abiayjk akewpga avmggwt anhjbvn aiuytti ahnssdn aorqlqa atopwlr asxpkga ablewfe arwbkca argvjfh 
pficivd q3onouo qdonouo qeonouo qfiqjad qfkmxyn rddbtdu s3wpkmh sdyojvt sewpkmh sfwpkmh s3wpkmh sdyojvt sewpkmh sfwpkmh 
abdamnq absroaq aktrawg bdydaoh bghlajd cavkllg cciahbr davxcyi dbawthb dbhbfwg edshgeu eexjycv fbotqlh fdqqffa fdrnbgn gantkfv getwuim hhdtgcx hhtnckq hibqrpe hidaoqu ibcgpoa ibjycys ifvkffn ifxbiha jeixsgk jkyfotr kcqawhg kgjnlwo laahdsp lafanhs lbcffga magjldw mcbfvoj neelgaw nflmbst odlogmy oggcshk pbjjpti pcpqbyv qanmhmo qasjtbu qbetcsf raratdo rddbtdu sdyojvt sjicxry sjxsbpp tbbakxw tbtarol tcbfqbk ucdvqkj ucnpioj udubeqk vaqltts vbnxbci wccpvuo wcfctlj wdcbwhv wdiuepm xaufbjs xbrqemb yatjete yavlmrv ybfxmjr abuayud aofcfnh alvrpba anaiere achonak adcpfkh aavsxfu abiayjk akewpga avmggwt anhjbvn aiuytti ahnssdn aorqlqa atopwlr asxpkga ablewfe arwbkca argvjfh 

w9aurge wwaurge wxaurge wyaurge wzaurge xwngagn y9dllyd ywdllyd yxdllyd yydllyd yzdllyd 
tfuffji tfwysdr 

w4aurge wgaurge whaurge wiaurge xgoafba xinwoqp y4dllyd ygsaqle yhdllyd yidllyd 
abdamnq absroaq aktrawg bdydaoh bghlajd cavkllg cciahbr davxcyi dbawthb dbhbfwg edshgeu eexjycv fbotqlh fdqqffa fdrnbgn gantkfv getwuim hhdtgcx hhtnckq hibqrpe hidaoqu ibcgpoa ibjycys ifvkffn ifxbiha jeixsgk jkyfotr kcqawhg kgjnlwo laahdsp lafanhs lbcffga magjldw mcbfvoj neelgaw nflmbst odlogmy oggcshk pbjjpti pcpqbyv qanmhmo qasjtbu qbetcsf raratdo rddbtdu sdyojvt sjicxry sjxsbpp tbbakxw tbtarol tcbfqbk ucdvqkj ucnpioj udubeqk vaqltts vbnxbci wccpvuo wcfctlj wdcbwhv wdiuepm xaufbjs xbrqemb yatjete yavlmrv ybfxmjr abuayud aofcfnh alvrpba anaiere achonak adcpfkh aavsxfu abiayjk akewpga avmggwt anhjbvn aiuytti ahnssdn aorqlqa atopwlr asxpkga ablewfe arwbkca argvjfh 
kagbnhy kcqawhg laahdsp lafanhs lbcffga lcfrmxu laahdsp lafanhs lbcffga lcfrmxu 
abdamnq absroaq aktrawg bdydaoh bghlajd cavkllg cciahbr davxcyi dbawthb dbhbfwg edshgeu eexjycv fbotqlh fdqqffa fdrnbgn gantkfv getwuim hhdtgcx hhtnckq hibqrpe hidaoqu ibcgpoa ibjycys ifvkffn ifxbiha jeixsgk jkyfotr kcqawhg kgjnlwo laahdsp lafanhs lbcffga magjldw mcbfvoj neelgaw nflmbst odlogmy oggcshk pbjjpti pcpqbyv qanmhmo qasjtbu qbetcsf raratdo rddbtdu sdyojvt sjicxry sjxsbpp tbbakxw tbtarol tcbfqbk ucdvqkj ucnpioj udubeqk vaqltts vbnxbci wccpvuo wcfctlj wdcbwhv wdevwvh xaufbjs xbrqemb yatjete yavlmrv ybfxmjr abuayud aofcfnh alvrpba anaiere achonak adcpfkh aavsxfu abiayjk akewpga avmggwt anhjbvn aiuytti ahnssdn aorqlqa atopwlr asxpkga ablewfe arwbkca argvjfh 
m8jtniq mtjtniq mujtniq mvjtniq nujrsrk nuuivar ougofkf ougofkf 
a2heydk aaheydk abdamnq absroaq acheydk b2dxgrn b2mextf badxgrn bamextf bbdxgrn bbmextf bcdxgrn bcmextf c2kbskp cavkllg cbkbskp cciahbr c2kbskp cavkllg cbkbskp cciahbr 
feqqffa fernbgn 

FALSE 
m6jtniq mmjtniq mnjtniq mojtniq omnydwd oovftsv omnydwd oovftsv 
TRUE 


FALSE 
aanvict abdamnq abrhhjp bagulbn bdydaoh cavkllg cbrkvgn davxcyi dbawthb dbhbfwg edshgeu eexjycv fbotqlh fdqqffa fdrnbgn gantkfv getwuim hhdtgcx hhtnckq hibqrpe hidaoqu ibcgpoa ibjycys ifvkffn ifxbiha jeixsgk jkyfotr kcqawhg kgjnlwo laahdsp lafanhs lbcffga magjldw mcbfvoj neelgaw nflmbst odlogmy oegwhnw pbjjpti pcpqbyv qanmhmo qasjtbu qbetcsf raratdo rddbtdu sdyojvt sjicxry sjxsbpp tbbakxw tbtarol tcbfqbk ucdvqkj ucnpioj udubeqk vaqltts vbnxbci wccpvuo wcfctlj wdcbwhv wdevwvh xaufbjs xbrqemb yatjete yavlmrv ybfxmjr abuayud aofcfnh alvrpba anaiere achonak adcpfkh aavsxfu abiayjk akewpga avmggwt anhjbvn aiuytti ahnssdn aorqlqa atopwlr asxpkga ablewfe arwbkca argvjfh aextoma 
FALSE 
g8twuim gttwuim gutwuim gvtwuim htqrpbg i8ldhdu itldhdu iuyvabm ivldhdu i8ldhdu itldhdu iuyvabm ivldhdu 
scwpkmh 
aanvict abdamnq abrhhjp bagulbn bdydaoh cavkllg cbrkvgn davxcyi dbawthb dbhbfwg edshgeu eexjycv fbotqlh fdqqffa fdrnbgn gantkfv getwuim hhdtgcx hhtnckq hibqrpe hidaoqu ibcgpoa ibjycys ifvkffn ifxbiha jeixsgk jkyfotr kcqawhg kgjnlwo laahdsp lafanhs lbcffga magjldw mcbfvoj neelgaw nflmbst odlogmy oegwhnw pbjjpti pcpqbyv qanmhmo qasjtbu qbetcsf raratdo rddbtdu sdyojvt sjicxry sjxsbpp tbbakxw tbtarol tcbfqbk ucdvqkj ucnpioj udubeqk vaqltts vbnxbci wccpvuo wcfctlj wdcbwhv wdevwvh xaufbjs xbrqemb yatjete yavlmrv ybfxmjr abuayud aofcfnh alvrpba anaiere achonak adcpfkh aavsxfu abiayjk akewpga avmggwt anhjbvn aiuytti ahnssdn aorqlqa atopwlr asxpkga ablewfe arwbkca argvjfh aextoma 

TRUE 
aanvict abdamnq abrhhjp bagulbn bdydaoh cavkllg cbrkvgn davxcyi dbawthb dbhbfwg edshgeu eexjycv fbotqlh fdqqffa fdrnbgn gantkfv getwuim hhdtgcx hhtnckq hibqrpe hidaoqu ibcgpoa ibjycys ifvkffn ifxbiha jeixsgk jkyfotr kcqawhg kgjnlwo laahdsp lafanhs lbcffga magjldw mcbfvoj neelgaw nflmbst odlogmy oegwhnw pbjjpti pcpqbyv qanmhmo qasjtbu qbetcsf raratdo rddbtdu sdyojvt sjicxry sjxsbpp tbbakxw tbtarol tcbfqbk ucdvqkj ucnpioj udubeqk vaqltts vbnxbci wccpvuo wcfctlj wdcbwhv wdevwvh xaufbjs xbrqemb yatjete yavlmrv ybfxmjr abuayud aofcfnh alvrpba anaiere achonak adcpfkh aavsxfu abiayjk akewpga avmggwt anhjbvn aiuytti ahnssdn aorqlqa atopwlr asxpkga ablewfe arwbkca argvjfh aextoma 
aanvict abdamnq abrhhjp bagulbn bdydaoh cavkllg cbrkvgn davxcyi dbawthb dbhbfwg edshgeu eexjycv fbotqlh fdqqffa fdrnbgn gantkfv getwuim hhdtgcx hhtnckq hibqrpe hidaoqu ibcgpoa ibjycys ifvkffn ifxbiha jeixsgk jkyfotr kcqawhg kgjnlwo laahdsp lafanhs lbcffga magjldw mcbfvoj neelgaw nflmbst odlogmy oegwhnw pbjjpti pcpqbyv qanmhmo qasjtbu qbetcsf raratdo rddbtdu sdyojvt sjicxry sjxsbpp tbbakxw tbtarol tcbfqbk ucdvqkj ucnpioj udubeqk vaqltts vbnxbci wccpvuo wcfctlj wdcbwhv wdevwvh xaufbjs xbrqemb yatjete yavlmrv ybfxmjr abuayud aofcfnh alvrpba anaiere achonak adcpfkh aavsxfu abiayjk akewpga avmggwt anhjbvn aiuytti ahnssdn aorqlqa atopwlr asxpkga ablewfe arwbkca argvjfh aextoma aubtenk 
aanvict abdamnq abrhhjp bagulbn bdydaoh cavkllg cbrkvgn davxcyi dbawthb dbhbfwg edshgeu eexjycv fbotqlh fdqqffa fdrnbgn gantkfv getwuim hhdtgcx hhtnckq hibqrpe hidaoqu ibcgpoa ibjycys ifvkffn ifxbiha jeixsgk jkyfotr kcqawhg kgjnlwo laahdsp lafanhs lbcffga magjldw mcbfvoj neelgaw nflmbst odlogmy oegwhnw pbjjpti pcpqbyv qanmhmo qasjtbu qbetcsf raratdo rddbtdu sdyojvt sjicxry sjxsbpp tbbakxw tbtarol tcbfqbk ucdvqkj ucnpioj udubeqk vaqltts vbnxbci wccpvuo wcfctlj wdcbwhv wdevwvh xaufbjs xbrqemb yatjete yavlmrv ybfxmjr abuayud aofcfnh alvrpba anaiere achonak adcpfkh aavsxfu abiayjk akewpga avmggwt anhjbvn aiuytti ahnssdn aorqlqa atopwlr asxpkga ablewfe arwbkca argvjfh aextoma aubtenk 
aanvict abdamnq abrhhjp bagulbn bdydaoh cavkllg cbrkvgn davxcyi dbawthb dbhbfwg edshgeu eexjycv fbotqlh fdqqffa fdrnbgn gantkfv getwuim hhdtgcx hhtnckq hibqrpe hidaoqu ibcgpoa ibjycys ifvkffn ifxbiha jeixsgk jkyfotr kcqawhg kgjnlwo laahdsp lafanhs lbcffga magjldw mcbfvoj neelgaw nflmbst odlogmy oegwhnw pbjjpti pcpqbyv qanmhmo qasjtbu qbetcsf raratdo rddbtdu sdyojvt sjicxry sjxsbpp tbbakxw tbtarol tcbfqbk ucdvqkj ucnpioj udubeqk vaqltts vbnxbci wccpvuo wcfctlj wdcbwhv wdevwvh xaufbjs xbrqemb yatjete yavlmrv ybfxmjr abuayud aofcfnh alvrpba anaiere achonak adcpfkh aavsxfu abiayjk akewpga avmggwt anhjbvn aiuytti ahnssdn aorqlqa atopwlr asxpkga ablewfe arwbkca argvjfh aextoma aubtenk 
ygsaqle 
d0cavbg d0jxbto f0qqffa f0rnbgn f0qqffa f0rnbgn 
aanvict abdamnq abrhhjp bagulbn bdydaoh cavkllg cbrkvgn davxcyi dbawthb dbhbfwg edshgeu eexjycv fbotqlh fdqqffa fdrnbgn gantkfv getwuim hhdtgcx hhtnckq hibqrpe hidaoqu ibcgpoa ibjycys ifvkffn ifxbiha jdgkrnd jeixsgk kcqawhg kgjnlwo laahdsp lafanhs lbcffga magjldw mcbfvoj neelgaw nflmbst odlogmy oegwhnw pbjjpti pcpqbyv qanmhmo qasjtbu qbetcsf raratdo rddbtdu sdyojvt sjicxry sjxsbpp tbbakxw tbtarol tcbfqbk ucdvqkj ucnpioj udubeqk vaqltts vbnxbci wccpvuo wcfctlj wdcbwhv wdevwvh xaufbjs xbrqemb yatjete yavlmrv ybfxmjr abuayud aofcfnh alvrpba anaiere achonak adcpfkh aavsxfu abiayjk akewpga avmggwt anhjbvn aiuytti ahnssdn aorqlqa atopwlr asxpkga ablewfe arwbkca argvjfh aextoma aubtenk aoeldrd 
FALSE 

aanvict abdamnq abrhhjp bagulbn bdydaoh cavkllg cbrkvgn davxcyi dbawthb dbhbfwg edshgeu eexjycv fbotqlh fdqqffa fdrnbgn gaedddj gantkfv getwuim hhdtgcx hhtnckq hibqrpe hidaoqu ibcgpoa ibjycys ifvkffn ifxbiha jdgkrnd jeixsgk kcqawhg kgjnlwo laahdsp lafanhs lbcffga magjldw mcbfvoj neelgaw nflmbst odlogmy oegwhnw pbjjpti pcpqbyv qanmhmo qasjtbu qbetcsf raratdo rddbtdu sdyojvt sjicxry sjxsbpp tbbakxw tbtarol tcbfqbk ucdvqkj ucnpioj udubeqk vaqltts vbnxbci wccpvuo wcfctlj wdcbwhv wdevwvh xaufbjs xbrqemb yatjete yavlmrv ybfxmjr abuayud aofcfnh alvrpba anaiere achonak adcpfkh aavsxfu abiayjk akewpga avmggwt anhjbvn aiuytti ahnssdn aorqlqa atopwlr asxpkga ablewfe arwbkca argvjfh aextoma aubtenk aoeldrd 
106.977273 
aanvict abdamnq abrhhjp bagulbn bcdoula cavkllg cbrkvgn davxcyi dbawthb dbhbfwg edshgeu eexjycv fbotqlh fdqqffa fdrnbgn gaedddj gantkfv getwuim hhdtgcx hhtnckq hibqrpe hidaoqu ibcgpoa ibjycys ifvkffn ifxbiha jdgkrnd jeixsgk kcqawhg kgjnlwo laahdsp lafanhs lbcffga magjldw majsmwp mcbfvoj neelgaw nflmbst odlogmy oegwhnw pbjjpti pcpqbyv qanmhmo qasjtbu qbetcsf raratdo rddbtdu sdyojvt sjicxry sjxsbpp tbbakxw tbtarol tcbfqbk ucdvqkj ucnpioj udubeqk vaqltts vbnxbci wccpvuo wcfctlj wdcbwhv wdevwvh xaufbjs xbrqemb yatjete yavlmrv ybfxmjr abuayud aofcfnh alvrpba anaiere achonak adcpfkh aavsxfu abiayjk akewpga avmggwt anhjbvn aiuytti ahnssdn aorqlqa atopwlr asxpkga ablewfe arwbkca argvjfh aextoma aubtenk aoeldrd 
gstwuim 
TRUE 
g4twuim ggtwuim ghtwuim gitwuim hhdtgcx hhtnckq hibqrpe hidaoqu i4ldhdu igrqdqh igvplng ihldhdu iittpqh i4ldhdu igrqdqh igvplng ihldhdu iittpqh 
q1onouo s1wpkmh s1wpkmh 
FALSE 
aanvict abdamnq abrhhjp bagulbn bcdoula cavkllg cbrkvgn davxcyi dbawthb dbhbfwg edshgeu eexjycv fbotqlh fcxyhvp gaedddj gantkfv getwuim hhdtgcx hhtnckq hibqrpe hidaoqu ibcgpoa ibjycys ifvkffn ifxbiha jdgkrnd jeixsgk kcqawhg kgjnlwo laahdsp lafanhs lbcffga magjldw majsmwp mcbfvoj ndawobq neelgaw odlogmy oegwhnw pbjjpti pcpqbyv qanmhmo qasjtbu qbetcsf raratdo rddbtdu sdjfsge sdyojvt shbyvbx tbbakxw tbtarol tcbfqbk ucdvqkj ucnpioj udubeqk vaqltts vbnxbci wccpvuo wcfctlj wdcbwhv wdevwvh xaufbjs xbrqemb yatjete yavlmrv ybfxmjr abuayud aofcfnh alvrpba anaiere achonak adcpfkh aavsxfu abiayjk akewpga avmggwt anhjbvn aiuytti ahnssdn aorqlqa atopwlr asxpkga ablewfe arwbkca argvjfh aextoma aubtenk aoeldrd 
aanvict abdamnq abrhhjp bagulbn bcdoula cavkllg cbafspc cbrkvgn davxcyi dbawthb dbhbfwg edshgeu eexjycv fbotqlh fcxyhvp gaedddj gantkfv getwuim hhdtgcx hhtnckq hibqrpe hidaoqu ibcgpoa ibjycys ifvkffn ifxbiha jdgkrnd jeixsgk kcqawhg kgjnlwo laahdsp lafanhs lbcffga magjldw majsmwp mcbfvoj ndawobq neelgaw odlogmy oegwhnw pbjjpti pcpqbyv qanmhmo qasjtbu qbetcsf raiguyg raratdo rddbtdu sdjfsge sdyojvt shbyvbx tbbakxw tbtarol tcbfqbk ucdvqkj ucnpioj udubeqk vaqltts vbnxbci wccpvuo wcfctlj wdcbwhv wdevwvh xaufbjs xbrqemb yatjete yavlmrv ybfxmjr abuayud aofcfnh alvrpba anaiere achonak adcpfkh aavsxfu abiayjk akewpga avmggwt anhjbvn aiuytti ahnssdn aorqlqa atopwlr asxpkga ablewfe arwbkca argvjfh aextoma aubtenk aoeldrd aktefwx 

g2twuim gaedddj gantkfv gbtwuim gctwuim haskamc i2ldhdu iaxplgf ibcgpoa ibjycys icldhdu i2ldhdu iaxplgf ibcgpoa ibjycys icldhdu 
107.010989 
lhibaaj 
aanvict abdamnq abrhhjp bagulbn bcdoula cavkllg cbafspc cbrkvgn davxcyi dbawthb dbhbfwg edshgeu eexjycv fbotqlh fcxyhvp gaedddj gantkfv getwuim hhdtgcx hhtnckq hibqrpe hidaoqu ibcgpoa ibjycys ifvkffn ifxbiha jdgkrnd jeixsgk kcqawhg kgjnlwo laahdsp lafanhs lbcffga magjldw majsmwp mcbfvoj ndawobq neelgaw odlogmy oegwhnw pbjjpti pcpqbyv qanmhmo qasjtbu qbetcsf raiguyg raratdo rddbtdu sdjfsge sdyojvt shbyvbx tbbakxw tbtarol tcbfqbk ucdvqkj ucnpioj udubeqk vaqltts vbnxbci wccpvuo wcfctlj wdcbwhv wdevwvh xaufbjs xbrqemb yatjete yavlmrv ybfxmjr abuayud aofcfnh alvrpba anaiere achonak adcpfkh aavsxfu abiayjk akewpga avmggwt anhjbvn aiuytti ahnssdn aorqlqa atopwlr asxpkga ablewfe arwbkca argvjfh aextoma aubtenk aoeldrd aktefwx 
aanvict abdamnq abrhhjp bagulbn bcdoula cavkllg cbafspc cbrkvgn davxcyi dbawthb dbhbfwg edshgeu eexjycv fbotqlh fcxyhvp gaedddj gantkfv getwuim hhdtgcx hhtnckq hibqrpe hidaoqu ibcgpoa ibjycys ifvkffn ifxbiha jdgkrnd jeixsgk kcqawhg kgjnlwo laahdsp lafanhs lbcffga magjldw majsmwp mcbfvoj ndawobq neelgaw odlogmy oegwhnw pbjjpti pcpqbyv qanmhmo qasjtbu qbetcsf raiguyg raratdo rddbtdu sdjfsge sdyojvt shbyvbx tbbakxw tbtarol tcbfqbk ucdvqkj ucnpioj udubeqk vaqltts vbnxbci wccpvuo wcfctlj wdcbwhv wdevwvh xaufbjs xbrqemb yatjete yavlmrv ybfxmjr abuayud aofcfnh alvrpba anaiere achonak adcpfkh aavsxfu abiayjk akewpga avmggwt anhjbvn aiuytti ahnssdn aorqlqa atopwlr asxpkga ablewfe arwbkca argvjfh aextoma aubtenk aoeldrd aktefwx afmlwyd 
qeonouo 
g5twuim gjtwuim gktwuim gltwuim hjeaale hkawqex hkjhcpc hlrmaed i5ldhdu ijfdkdo ikldhdu illdhdu i5ldhdu ijfdkdo ikldhdu illdhdu 
oggcshk ogtbnvs 
m5jtniq mjjtniq mkjtniq mljtniq njfsuhr njrvbvc nkjuawa nlyalga nlaogpt olwwhmy olwwhmy 
d8cavbg d8jxbto dtcavbg dtjxbto ducavbg dujxbto dvcavbg dvjxbto evgcgan f8qqffa f8rnbgn ftqqffa ftrnbgn fuqqffa furnbgn fvqqffa fvrnbgn f8qqffa f8rnbgn ftqqffa ftrnbgn fuqqffa furnbgn fvqqffa fvrnbgn 
juixsgk 
FALSE 
