hpnbbvt ulkuvad 



apxdtlg ekijjwa fiprplx hpnbbvt iykbsaf mwhpswa nabtyyd otltalh qrtyfxu sfsgvno ulkuvad uolbdpx wjdifgo xeyqnrb xglfcih 
apxdtlg ekijjwa fiprplx hpnbbvt iykbsaf mwhpswa nabtyyd otltalh qrtyfxu sfsgvno ulkuvad uolbdpx wjdifgo xeyqnrb xglfcih 


apxdtlg ayafctn ekijjwa fiprplx hiygfre hpnbbvt iykbsaf mwhpswa nabtyyd ohlwtxq otltalh qrtyfxu sfsgvno thxrpni ulkuvad uolbdpx wjdifgo xeyqnrb xgggkhp xglfcih 
apxdtlg ayafctn ekijjwa fiprplx hiygfre hpnbbvt iykbsaf mwhpswa nabtyyd ohlwtxq otltalh qrtyfxu sfsgvno thxrpni ulkuvad uolbdpx wjdifgo xeyqnrb xgggkhp xglfcih 

apxdtlg ayafctn dpivmrx ekijjwa fiprplx hiygfre hpnbbvt iykbsaf mwhpswa nabtyyd nrtvnkx ohlwtxq otltalh qrtyfxu sfsgvno thxrpni ulkuvad uolbdpx wjdifgo xeyqnrb xgggkhp xglfcih 
apxdtlg ayafctn dpivmrx ekijjwa fiprplx hiygfre hpnbbvt iykbsaf mwhpswa nabtyyd nrtvnkx ohlwtxq otltalh qrtyfxu sfsgvno thxrpni ulkuvad uolbdpx wjdifgo xeyqnrb xgggkhp xglfcih 


apxdtlg ayafctn dfdwuup dpivmrx ekijjwa fiprplx fypvhtk hiygfre hpnbbvt irpbqan iykbsaf ltmufes mwhpswa nabtyyd nlcnkkh ohlwtxq otltalh pbcivgr qrtyfxu rtwpcfw sfsgvno slwttts thxrpni tucoaus ulkuvad uolbdpx vqethga wjdifgo xeyqnrb xgggkhp xglfcih 
8rpbqan trpbqan urpbqan vrpbqan vrpbqan 
nrpbqan 
apxdtlg ayafctn dfdwuup dpivmrx ekijjwa fiprplx fypvhtk hiygfre hpnbbvt irpbqan ixiwywo ltmufes mwhpswa nabtyyd neypqvp ohlwtxq otltalh pbcivgr qrtyfxu rtwpcfw sfsgvno slwttts thxrpni tucoaus ulkuvad uolbdpx vqethga wjdifgo xeyqnrb xgggkhp xglfcih 


aeybcap apxdtlg dfdwuup dpivmrx ekijjwa fiprplx fypvhtk hiygfre hpnbbvt irpbqan ixiwywo jvterpr khskmgf lpqhfwr ltmufes mwhpswa nabtyyd neypqvp ohlwtxq otltalh pbcivgr pqepvsm qrtyfxu rtwpcfw sfsgvno shasqyr thxrpni tucoaus ulkuvad uolbdpx vqethga waxrqxw wjdifgo xeyqnrb xgggkhp xglfcih 
aeybcap apxdtlg dfdwuup dpivmrx ekijjwa fiprplx fypvhtk hiygfre hpnbbvt irpbqan ixiwywo jvterpr kfodsyi khskmgf lpqhfwr ltmufes mwhpswa nabtyyd neypqvp ohlwtxq otltalh pbcivgr pqepvsm qrtyfxu rtwpcfw sfsgvno shasqyr thxrpni tucoaus ulkuvad uolbdpx vqethga waxrqxw wjdifgo xeyqnrb xgggkhp xglfcih 
FALSE 
aeybcap apxdtlg dfdwuup dpivmrx ekijjwa fiprplx fypvhtk galkhrc hiygfre hphpxuv hpnbbvt ikarqao irpbqan jjeryax jvterpr kfodsyi khskmgf lpqhfwr ltmufes mwhpswa nabtyyd nepkclk neypqvp ohlwtxq otltalh pbcivgr pbgptgg pqepvsm qrtyfxu rtwpcfw sfsgvno shasqyr thxrpni tucoaus udmyaoo ulkuvad vlbjkif vqethga waxrqxw wjdifgo xeyqnrb xgggkhp xglfcih awixswq axidptr ywjgdjf 
aeybcap apxdtlg buponrj dfdwuup dpivmrx ekijjwa fiprplx fypvhtk galkhrc hiygfre hphpxuv hpnbbvt ikarqao irpbqan jjeryax jvterpr kfodsyi khskmgf lpqhfwr ltmufes mwhpswa nabtyyd nepkclk neypqvp ohlwtxq otltalh pbcivgr pbgptgg pqepvsm qrtyfxu rtwpcfw sfsgvno shasqyr thxrpni tucoaus udmyaoo ulkuvad vlbjkif vqethga waxrqxw wjdifgo xeyqnrb xgggkhp xglfcih awixswq axidptr ywjgdjf 
FALSE 
aeybcap apxdtlg buponrj dfdwuup dpivmrx ekijjwa fiprplx fypvhtk galkhrc hiygfre hphpxuv hpnbbvt ikarqao irpbqan jjeryax jvterpr kbqaduh kfodsyi lnrkkvj lpqhfwr mwhpswa nabtyyd nepkclk neypqvp ohlwtxq otltalh pbcivgr pbgptgg pqepvsm qrtyfxu rtwpcfw sfsgvno shasqyr thxrpni tucoaus udmyaoo ulkuvad vlbjkif vqethga waxrqxw wfybwsh xeyqnrb xgggkhp xglfcih awixswq axidptr ywjgdjf 




FALSE 
abrkgfy aeybcap buponrj dfdwuup dpivmrx egaxryy ekijjwa fetktlk fiprplx gahdtox galkhrc hiygfre hphpxuv hpnbbvt ikarqao irpbqan jjeryax jvterpr kbqaduh kfodsyi lfdtdqt lnrkkvj mmwtbuc mwhpswa nabtyyd nepkclk neypqvp oheqjvp ohlwtxq otltalh pbcivgr pbgptgg pqepvsm pqvtfam qrtyfxu rtwpcfw rxfawtf sfsgvno shasqyr thxrpni tucoaus udmyaoo ulkuvad vdfiura vlbjkif wahqtih waxrqxw wfybwsh xeyqnrb xgggkhp xglfcih awixswq axidptr yjreint ywjgdjf arsokts 


FALSE 
5karqao jkarqao kkarqao lkarqao lkarqao 

abrkgfy aeybcap buponrj dfdwuup dowcfnp egaxryy ekijjwa fetktlk fiprplx gahdtox galkhrc guoallc hfmgdnt hiygfre ikarqao irpbqan jcxdphe jjeryax kbqaduh kfodsyi lfdtdqt lnrkkvj mchdutl mmwtbuc nabtyyd nepkclk neypqvp oheqjvp ohlwtxq onrmaha pbcivgr pbgptgg pqepvsm pqvtfam qblnica qrtyfxu rlyccca rtwpcfw sfsgvno shasqyr thxrpni tucoaus udmyaoo ulkuvad vdfiura vlbjkif wahqtih waxrqxw wfybwsh xbfvbvp xeyqnrb awixswq axidptr yjreint ywjgdjf arsokts 

7xiwywo 7ykbsaf pxiwywo pykbsaf qxiwywo qykbsaf rxiwywo rykbsaf sxiwywo sykbsaf sxiwywo sykbsaf 


gahdtox galkhrc h2mgdnt hamgdnt hbadoml hcmgdnt 
abmxobl abrkgfy aeybcap buponrj dfdwuup dowcfnp egaxryy ekijjwa fcqgabj fetktlk gahdtox galkhrc gngqqvj hbadoml hefwraj ikarqao irpbqan jcxdphe jjeryax kbqaduh kfodsyi lfdtdqt lnrkkvj mchdutl mmwtbuc nabtyyd nepkclk neypqvp oheqjvp ohlwtxq olkyvve pbcivgr pbgptgg pqepvsm pqvtfam qblnica qrtyfxu rlyccca rorlhps sfsgvno shasqyr tcgiolr thxrpni udmyaoo ulkuvad vaaowhh vdfiura wahqtih waxrqxw wccnieb xbfvbvp xckayfe awixswq axidptr yjreint ywjgdjf arsokts 



108.288095 
FALSE 
108.135714 
abmxobl abrkgfy aeybcap buponrj bwkxtqs cpjxamx dburlvm dfdwuup egaxryy ekijjwa fcqgabj fetktlk gahdtox galkhrc gngqqvj hbadoml hefwraj ikarqao irpbqan jcxdphe jjeryax kbqaduh kfodsyi lfdtdqt lnrkkvj mchdutl mmwtbuc nabtyyd nepkclk neypqvp oheqjvp ohlwtxq olkyvve pbcivgr pbgptgg pduaydu qblnica qeanvfr rfbruqc rjqeami sfgmetr sfsgvno shasqyr tcgiolr tgbjkqc udmyaoo ulkuvad vaaowhh vdfiura wahqtih waxrqxw wccnieb xbfvbvp xckayfe awixswq axidptr yjreint ywjgdjf arsokts aogflae 
41adywu h1mgdnt i1adywu i1adywu 
62adywu 6aadywu 6badywu 6cadywu m2adywu maadywu mbadywu mcadywu n2adywu naadywu nbadywu ncadywu o2adywu oaadywu obadywu ocadywu o2adywu oaadywu obadywu ocadywu 
87adywu 8padywu 8qadywu 8rpbqan 8sadywu t7adywu tpadywu tqadywu trpbqan tsadywu u7adywu upadywu uqadywu urpbqan usadywu v7adywu vpadywu vqadywu vrpbqan vsadywu v7adywu vpadywu vqadywu vrpbqan vsadywu 
rhadywu 
nvadywu 
24adywu 2gadywu 2hadywu 2iadywu a4qaoac agrydoj ahqaoac aiqaoac 
wnadywu 
abmxobl abrkgfy aeybcap bquavan buponrj cpjxamx dburlvm depbesf egaxryy ekijjwa fcqgabj fetktlk gahdtox galkhrc gngqqvj hbadoml hefwraj ikarqao irpbqan jcxdphe jjeryax kbqaduh kfodsyi lfdtdqt lnrkkvj mchdutl mmwtbuc nabtyyd nepkclk neypqvp oheqjvp ohlwtxq olkyvve pbcivgr pbgptgg pduaydu qblnica qeanvfr rfbruqc rjqeami sfgmetr sfsgvno shasqyr tcgiolr tgbjkqc udmyaoo ulkuvad vaaowhh vdfiura wahqtih waxrqxw wccnieb xbfvbvp xckayfe awixswq axidptr yjreint ywjgdjf arsokts aogflae 
66adywu 6madywu 6nadywu 6oadywu m6adywu mmadywu mnadywu moadywu n6adywu nmadywu nnadywu noadywu o6adywu omadywu onadywu ooadywu o6adywu omadywu onadywu ooadywu 
abmxobl abrkgfy aeybcap bquavan buponrj cpjxamx dburlvm depbesf egaxryy ekijjwa fcqgabj fetktlk gahdtox galkhrc gngqqvj hbadoml hefwraj ikarqao irpbqan jcxdphe jjeryax kbqaduh kfodsyi lfdtdqt lnrkkvj mchdutl mmwtbuc nabtyyd nepkclk neypqvp oheqjvp ohlwtxq olkyvve pbcivgr pbgptgg pduaydu qblnica qeanvfr rfbruqc rjqeami sfgmetr sfsgvno shasqyr tcgiolr tgbjkqc udmyaoo ulkuvad vaaowhh vdfiura wahqtih waxrqxw wccnieb xbfvbvp xckayfe awixswq axidptr yjreint ywjgdjf arsokts aogflae 
26adywu 2madywu 2nadywu 2oadywu a6qaoac amqaoac anqaoac aoqaoac 
107.894009 
abmxobl abrkgfy aeybcap bquavan buponrj cpjxamx dburlvm depbesf egaxryy ekijjwa fcpipix fcqgabj fetktlk gahdtox galkhrc gngqqvj hbadoml hbcfvmm hefwraj ikarqao irpbqan jcxdphe jjeryax kbqaduh kfodsyi lfdtdqt lnrkkvj mchdutl mmwtbuc nabtyyd naqtgmb nepkclk neypqvp oheqjvp ohlwtxq olkyvve pbcivgr pbgptgg pduaydu qblnica qeanvfr rfbruqc rjqeami sfgmetr sfsgvno shasqyr tcgiolr tgbjkqc ucaegin udmyaoo vaaowhh vdfiura wahqtih waxrqxw wccnieb xbfvbvp xckayfe awixswq axidptr yjreint ywjgdjf arsokts aogflae 
71adywu p1adywu q1adywu r1adywu s1adywu s1adywu 
107.825893 
uhadywu 
81adywu t1adywu u1adywu v1adywu v1adywu 
abmxobl abrkgfy aeybcap bniytcr bquavan cpjxamx dburlvm depbesf egaxryy ekijjwa fcpipix fcqgabj fetktlk gahdtox galkhrc glihxfo hbadoml hbcfvmm hefwraj ikarqao irpbqan jcxdphe jjeryax kbqaduh kfodsyi lfdtdqt lnrkkvj mchdutl mmwtbuc nabtyyd naqtgmb nepkclk neypqvp oheqjvp ohlwtxq olkyvve pbcivgr pbgptgg pduaydu qblnica qeanvfr rfbruqc rjqeami sfgmetr sfsgvno shasqyr tcgiolr tgbjkqc ucaegin udmyaoo vaaowhh vdfiura wahqtih waxrqxw wccnieb xbfvbvp xckayfe awixswq axidptr yjreint ywjgdjf arsokts aogflae ayuitfh ahbnyqa 
FALSE 
homgdnt 
86adywu 8madywu 8nadywu 8oadywu t6adywu tmadywu tnadywu toadywu u6adywu umadywu unadywu uoadywu v6adywu vmadywu vnadywu voadywu v6adywu vmadywu vnadywu voadywu 
26adywu 2madywu 2nadywu 2oadywu a6qaoac amqaoac anqaoac aoqaoac bniytcr 
abmxobl abrkgfy aeybcap bniytcr bquavan cdhomtf chgpahq dburlvm depbesf egaxryy ekijjwa fcpipix fcqgabj fdhdbpj gahdtox galkhrc glihxfo hbadoml hbcfvmm hefwraj ikarqao imhdjgl jcxdphe jjeryax kbqaduh kfodsyi lbdtguj lbwnini lfdtdqt mchdutl mmwtbuc nabtyyd naqtgmb nepkclk neypqvp oheqjvp ohlwtxq olkyvve pbcivgr pbgptgg pduaydu qblnica qeanvfr rfbruqc rjqeami sfgmetr sfsgvno shasqyr tcgiolr tgbjkqc uajhjfj ucaegin vaaowhh vdfiura wahqtih waxrqxw wccnieb xbfvbvp xckayfe awixswq axidptr yjreint ynglaix arsokts aogflae ayuitfh ahbnyqa aanlrxi 
71adywu p1adywu q1adywu r1adywu s1adywu s1adywu 
FALSE 

FALSE 
74adywu 7gadywu 7hadywu 7iadywu p4adywu pgadywu phadywu piadywu q4adywu qgadywu qhadywu qiadywu r4adywu rgadywu rhadywu riadywu s4adywu sgadywu shadywu siadywu s4adywu sgadywu shadywu siadywu 
107.428571 
abmxobl abrkgfy adakgkk bniytcr bquavan cdhomtf chgpahq dburlvm depbesf egaxryy ekijjwa fcpipix fcqgabj fdhdbpj gahdtox galkhrc glihxfo hbadoml hbcfvmm hcsyvla ikarqao imhdjgl jcxdphe jjeryax kbqaduh kfodsyi lbdtguj lbwnini lfdtdqt mchdutl mmwtbuc nabtyyd naqtgmb nepkclk neypqvp oheqjvp ohlwtxq olkyvve pbcivgr pbgptgg pduaydu qblnica qeanvfr rbtwhhd rfbruqc sfgmetr sfsgvno shasqyr tcgiolr tgbjkqc uajhjfj ucaegin vaaowhh vdfiura wahqtih waxrqxw wccnieb xbfvbvp xckayfe awixswq axidptr yjreint ynglaix arsokts aogflae ayuitfh ahbnyqa aanlrxi ahecgav 
49adywu 4wadywu 4xiwywo 4ykbsaf 4zadywu h9mgdnt hwmgdnt hxmgdnt hymgdnt hzmgdnt i9adywu iwadywu ixiwywo iykbsaf izadywu i9adywu iwadywu ixiwywo iykbsaf izadywu 

abmxobl abrkgfy adakgkk bniytcr bquavan cdhomtf chgpahq dburlvm depbesf ebvkbuw egaxryy fcpipix fcqgabj fdhdbpj gahdtox galkhrc glihxfo hbadoml hbcfvmm hcsyvla ikarqao imhdjgl jcxdphe jjeryax kbqaduh kfodsyi lbdtguj lbwnini lfdtdqt mchdutl mienhea nabtyyd naqtgmb nepkclk neypqvp oheqjvp ohlwtxq olkyvve pbcivgr pbgptgg pduaydu qblnica qeanvfr rbtwhhd rfbruqc sfgmetr sfsgvno shasqyr tcgiolr tgbjkqc uajhjfj ucaegin vaaowhh vdfiura wahqtih waxrqxw wccnieb xbfvbvp xckayfe awixswq axidptr yjreint ynglaix arsokts aogflae ayuitfh ahbnyqa aanlrxi ahecgav 
41adywu h1mgdnt i1adywu i1adywu 
nkarqao 
abmxobl abrkgfy adakgkk bniytcr bquavan cdhomtf chgpahq dburlvm depbesf ebvkbuw egaxryy falpkub fcpipix fcqgabj gahdtox galkhrc giarsli hbadoml hbcfvmm hcsyvla ikarqao imhdjgl jcxdphe jjeryax kbqaduh kfodsyi lbdtguj lbwnini lfdtdqt mchdutl mienhea nabtyyd naqtgmb nepkclk neypqvp ofnsnuy oheqjvp ohlwtxq pbcivgr pbgptgg pduaydu qblnica qeanvfr rbtwhhd rfbruqc sfgmetr sfsgvno shasqyr tcgiolr telwbof uajhjfj ucaegin vaaowhh vdfiura wahqtih waxrqxw wccnieb xbfvbvp xckayfe awixswq axidptr yjreint ynglaix arsokts aogflae ayuitfh ahbnyqa aanlrxi ahecgav 
66adywu 6mhdjgl 6nadywu 6oadywu m6adywu mmhdjgl mnadywu moadywu n6adywu nmhdjgl nnadywu noadywu o6adywu omhdjgl onadywu ooadywu o6adywu omhdjgl onadywu ooadywu 

dycgvnn dyihpqk 
26adywu 2mhdjgl 2nadywu 2oadywu a6qaoac amqaoac anqaoac aoqaoac bniytcr 
FALSE 
abmxobl abrkgfy adakgkk bniytcr bquavan cdhomtf chgpahq dburlvm depbesf ebvkbuw egaxryy falpkub fcpipix fcqgabj gahdtox galkhrc giarsli hbadoml hbcfvmm hcsyvla ikarqao imhdjgl jcxdphe jjeryax kbqaduh kfodsyi lbdtguj lbwnini lfdtdqt mchdutl mienhea nabtyyd naqtgmb nepkclk neypqvp ofnsnuy oheqjvp ohlwtxq pbcivgr pbgptgg pduaydu qblnica qeanvfr rbtwhhd rfbruqc sfgmetr sfsgvno shasqyr tcgiolr telwbof uajhjfj ucaegin vaaowhh vdfiura wahqtih waxrqxw wccnieb xbfvbvp xckayfe awixswq axidptr yjreint ynglaix arsokts aogflae ayuitfh ahbnyqa aanlrxi ahecgav 
59adywu 5wadywu 5xiwywo 5ykbsaf 5zadywu j9adywu jwadywu jxiwywo jykbsaf jzadywu k9adywu kwadywu kxiwywo kykbsaf kzadywu l9adywu lwadywu lxiwywo lykbsaf lzadywu l9adywu lwadywu lxiwywo lykbsaf lzadywu 
tkarqao 
abmxobl abrkgfy adakgkk bniytcr bquavan cdhomtf chgpahq dburlvm depbesf ebvkbuw egaxryy falpkub fcpipix fcqgabj gahdtox galkhrc giarsli hbadoml hbcfvmm hcsyvla ikarqao imhdjgl jcxdphe jjeryax kbqaduh kfodsyi lbdtguj lbwnini lfdtdqt mchdutl mienhea nabtyyd naqtgmb nepkclk neypqvp ofnsnuy oheqjvp ohlwtxq pbcivgr pbgptgg pduaydu qblnica qeanvfr rbtwhhd rfbruqc sfgmetr sfsgvno shasqyr tcgiolr telwbof uajhjfj ucaegin vaaowhh vdfiura wahqtih waxrqxw wccnieb xbfvbvp xckayfe awixswq axidptr yjreint ynglaix arsokts aogflae ayuitfh ahbnyqa aanlrxi ahecgav 
107.459627 
93adywu 9dadywu 9eadywu 9fadywu w3adywu wdadywu weadywu wfadywu x3adywu xdadywu xeadywu xfadywu y3adywu ydadywu yeadywu yfadywu z3adywu zdadywu zeadywu zfadywu z3adywu zdadywu zeadywu zfadywu 
abmxobl abrkgfy adakgkk bniytcr bquavan cdhomtf chgpahq dburlvm depbesf ebvkbuw egaxryy falpkub fcpipix fcqgabj gahdtox galkhrc giarsli hbadoml hbcfvmm hcsyvla ikarqao imhdjgl jcxdphe jjeryax kbqaduh kfodsyi lbdtguj lbwnini lfdtdqt mchdutl mienhea nabtyyd naqtgmb nepkclk neypqvp ofnsnuy oheqjvp ohlwtxq pbcivgr pbgptgg pduaydu qblnica qeanvfr rbtwhhd rfbruqc sfgmetr sfsgvno shasqyr tcgiolr telwbof uajhjfj ucaegin vaaowhh vdfiura wahqtih waxrqxw wccnieb xbfvbvp xckayfe awixswq axidptr yjreint ynglaix arsokts aogflae ayuitfh ahbnyqa aanlrxi ahecgav avdvmes akkmsit 
107.478873 
iqumjcq 
107.478873 
abmxobl abrkgfy adakgkk bniytcr bquavan cdhomtf chgpahq dburlvm depbesf ebvkbuw egaxryy falpkub fcpipix fcqgabj gahdtox galkhrc giarsli hbadoml hbcfvmm hcsyvla ikarqao imhdjgl jcxdphe jjeryax kbqaduh kfodsyi lbdtguj lbwnini lfdtdqt mchdutl mienhea nabtyyd naqtgmb nepkclk neypqvp ofnsnuy oheqjvp ohlwtxq pbcivgr pbgptgg pduaydu qblnica qeanvfr rbtwhhd rfbruqc sfgmetr sfsgvno shasqyr tcgiolr telwbof uajhjfj ucaegin vaaowhh vdfiura wahqtih waxrqxw wccnieb xbfvbvp xckayfe awixswq axidptr yjreint ynglaix arsokts aogflae ayuitfh ahbnyqa aanlrxi ahecgav avdvmes akkmsit 
abmxobl abrkgfy adakgkk bniytcr bquavan cdhomtf chgpahq dburlvm depbesf ebvkbuw egaxryy falpkub fcpipix fcqgabj gahdtox galkhrc giarsli hbadoml hbcfvmm hcsyvla ikarqao imhdjgl jcxdphe jjeryax kbqaduh kfodsyi lbdtguj lbwnini lfdtdqt mchdutl mienhea nabtyyd naqtgmb nepkclk neypqvp ofnsnuy oheqjvp ohlwtxq pbcivgr pbgptgg pduaydu qblnica qeanvfr rbtwhhd rfbruqc sfgmetr sfsgvno shasqyr tcgiolr telwbof uajhjfj ucaegin vaaowhh vdfiura wahqtih waxrqxw wccnieb xbfvbvp xckayfe awixswq axidptr yjreint ynglaix arsokts aogflae ayuitfh ahbnyqa aanlrxi ahecgav avdvmes akkmsit 
abmxobl abrkgfy adakgkk bniytcr bquavan cdhomtf chgpahq dburlvm depbesf ebvkbuw egaxryy falpkub fcpipix fcqgabj gahdtox galkhrc giarsli hbadoml hbcfvmm hcsyvla ikarqao imhdjgl jcxdphe jjeryax kbqaduh kfodsyi lbdtguj lbwnini lfdtdqt mchdutl mienhea nabtyyd naqtgmb nepkclk neypqvp ofnsnuy oheqjvp ohlwtxq pbcivgr pbgptgg pduaydu qblnica qeanvfr rbtwhhd rfbruqc sfgmetr sfsgvno shasqyr tcgiolr telwbof uajhjfj ucaegin vaaowhh vdfiura wahqtih waxrqxw wccnieb xbfvbvp xckayfe awixswq axidptr yjreint ynglaix arsokts aogflae ayuitfh ahbnyqa aanlrxi ahecgav avdvmes akkmsit asutyai 
lkarqao 
107.559524 
TRUE 
74adywu 7gadywu 7hadywu 7iadywu p4adywu pgadywu phadywu piadywu q4adywu qgadywu qhadywu qiadywu r4adywu rgadywu rhadywu riadywu s4adywu sgadywu shadywu siadywu s4adywu sgadywu shadywu siadywu 
wmhdjgl 

FALSE 
FALSE 
abmxobl abrkgfy adakgkk bniytcr bquavan cdhomtf cfpylnt dburlvm depbesf ebvkbuw egaxryy falpkub fcpipix fcqgabj gahdtox galkhrc gcgusry hbadoml hbcfvmm hcsyvla ikarqao imhdjgl jcxdphe jjeryax kbqaduh kfodsyi lbdtguj lbwnini lfdtdqt mchdutl mdcjchf nabtyyd naqtgmb nepkclk neypqvp ofnsnuy oheqjvp ohlwtxq pbcivgr pbgptgg pduaydu qblnica qeanvfr rbtwhhd rfbruqc rfulifa sfgmetr sfsgvno shasqyr tcgiolr telwbof uajhjfj ubspgns vaaowhh vdfiura wahqtih waxrqxw wccnieb xbfvbvp xckayfe awixswq axidptr yjreint ynglaix arsokts aogflae ayuitfh ahbnyqa aanlrxi ahecgav avdvmes akkmsit asutyai 
abmxobl abrkgfy adakgkk bniytcr bquavan cdhomtf cfpylnt dburlvm depbesf ebvkbuw egaxryy falpkub fcpipix fcqgabj gahdtox galkhrc gcgusry hbadoml hbcfvmm hcsyvla ikarqao imhdjgl jcxdphe jjeryax kbqaduh kfodsyi lafoopn lbdtguj lbwnini mchdutl mdcjchf nabtyyd naqtgmb nblxmga ofnsnuy oheqjvp ohlwtxq pbcivgr pbgptgg pduaydu qblnica qeanvfr rbtwhhd rfbruqc rfulifa sfgmetr sfsgvno shasqyr tcgiolr telwbof uajhjfj ubspgns vaaowhh vdfiura wahqtih waxrqxw wccnieb xbfvbvp xckayfe awixswq axidptr ybdulci yjreint arsokts aogflae ayuitfh ahbnyqa aanlrxi ahecgav avdvmes akkmsit asutyai anlalht 
abmxobl abrkgfy adakgkk bniytcr bquavan cdhomtf cfpylnt dburlvm depbesf ebvkbuw egaxryy falpkub fcpipix fcqgabj gahdtox galkhrc gcgusry hbadoml hbcfvmm hcsyvla ikarqao imhdjgl jcxdphe jjeryax kbqaduh kfodsyi lafoopn lbdtguj lbwnini mchdutl mdcjchf nabtyyd naqtgmb nblxmga ofnsnuy oheqjvp ohlwtxq pbcivgr pbgptgg pduaydu qblnica qeanvfr rbtwhhd rfbruqc rfulifa sfgmetr sfsgvno shasqyr tcgiolr telwbof uajhjfj ubspgns vaaowhh vdfiura wahqtih waxrqxw wccnieb xbfvbvp xckayfe awixswq axidptr ybdulci yjreint arsokts aogflae ayuitfh ahbnyqa aanlrxi ahecgav avdvmes akkmsit asutyai anlalht 
04adywu 0gadywu 0hadywu 0iadywu 04adywu 0gadywu 0hadywu 0iadywu 
bquavan 
21adywu a1qaoac 
abmxobl abrkgfy adakgkk bniytcr bquavan cdhomtf cfpylnt dburlvm depbesf ebvkbuw egaxryy falpkub fcpipix fcqgabj gahdtox galkhrc gcgusry hbadoml hbcfvmm hcsyvla ikarqao imhdjgl jcxdphe jjeryax kbqaduh kfodsyi lafoopn lbdtguj lbwnini mchdutl mdcjchf nabtyyd naqtgmb nblxmga ofnsnuy ogdaaih pbcivgr pbgptgg pduaydu qblnica qeanvfr rbtwhhd rfbruqc rfulifa sfgmetr sfsgvno shasqyr tcgiolr telwbof uajhjfj ubspgns vaaowhh vdfiura wahqtih waxrqxw wccnieb xbfvbvp xckayfe awixswq axidptr ybdulci yjreint arsokts aogflae ayuitfh ahbnyqa aanlrxi ahecgav avdvmes akkmsit asutyai anlalht awvyxve 
sykbsaf 
107.455969 
44adywu 4gadywu 4hadywu 4iadywu giarsli h4mgdnt hgmgdnt hhmgdnt himgdnt i4adywu igadywu ihadywu iiadywu i4adywu igadywu ihadywu iiadywu 
68adywu 6trjywa 6tvdadq 6uadywu 6vadywu m8adywu mtrjywa mtvdadq muadywu mvadywu n8adywu ntrjywa ntvdadq nuadywu nvadywu o8adywu otrjywa otvdadq ouadywu ovadywu o8adywu otrjywa otvdadq ouadywu ovadywu 
21adywu a1qaoac 
60adywu m0adywu n0adywu o0adywu o0adywu 
FALSE 
FALSE 
abmxobl abrkgfy adakgkk bkbkrfe bniytcr cdhomtf cfpylnt dburlvm depbesf ebvkbuw egaxryy falpkub fcpipix fcqgabj gahdtox galkhrc gcgusry hbadoml hbcfvmm hcsyvla ikarqao imhdjgl jcxdphe jjeryax jjfjlqa kbqaduh kfodsyi lafoopn lajoejp lbdtguj lbwnini mchdutl mdcjchf nabtyyd naqtgmb nblxmga ofnsnuy ogdaaih pbcivgr pbgptgg pduaydu qblnica qeanvfr rbtwhhd rfbruqc rfulifa sfgmetr sfsgvno shasqyr tbrjaux tcgiolr uajhjfj ubspgns vaaowhh vdfiura wahqtih waxrqxw wccnieb xbfvbvp xckayfe awixswq axidptr ybdulci ydtkwda arsokts aogflae ayuitfh ahbnyqa aanlrxi ahecgav avdvmes akkmsit asutyai anlalht awvyxve abopnrw 
65adywu 6jadywu 6karqao 6ladywu m5adywu mjadywu mkarqao mladywu n5adywu njadywu nkarqao nladywu o5adywu ojadywu okarqao oladywu o5adywu ojadywu okarqao oladywu 
FALSE 
42adywu 4aadywu 4badywu 4cadywu gahdtox galkhrc gcgusry h2mgdnt hamgdnt hbadoml hbcfvmm hcsyvla i2adywu iaadywu ibadywu icadywu i2adywu iaadywu ibadywu icadywu 
abmxobl abrkgfy adakgkk bkbkrfe bniytcr cdhomtf cejwmwd dburlvm depbesf ebvkbuw egaxryy falpkub fcpipix fcqgabj gahdtox galkhrc gcgusry hbadoml hbcfvmm hcsyvla ikarqao imhdjgl jcxdphe jjeryax jjfjlqa kbqaduh kfodsyi lafoopn lajoejp lbdtguj lbwnini mchdutl mdcjchf nabtyyd naqtgmb nblxmga ofnsnuy ogdaaih pbcivgr pbgptgg pduaydu qblnica qeanvfr rbtwhhd rfbruqc rfulifa sfgmetr sfsgvno shasqyr tbrjaux tcgiolr uajhjfj ubspgns vaaowhh vdfiura wahqtih waxrqxw wccnieb xbfvbvp xckayfe awixswq axidptr ybdulci ydtkwda arsokts aogflae ayuitfh ahbnyqa aanlrxi ahecgav avdvmes akkmsit asutyai anlalht awvyxve abopnrw 
07adywu 0peaakq 0qaljgc 0qumjcq 0rpbqan 0sadywu 07adywu 0peaakq 0qaljgc 0qumjcq 0rpbqan 0sadywu 
FALSE 
FALSE 

FALSE 
ycadywu 
FALSE 

abmxobl abrkgfy adakgkk bkbkrfe bniytcr cdhomtf cejwmwd dburlvm depbesf ebvkbuw egaxryy falpkub fcpipix fcqgabj gahdtox galkhrc gcgusry hbadoml hbcfvmm hcsyvla ikarqao imhdjgl jcxdphe jhquumn kbqaduh kfodsyi lafoopn lajoejp lbdtguj lbwnini mchdutl mdcjchf nabtyyd naqtgmb nblxmga ofnsnuy ogdaaih pbcivgr pbgptgg pduaydu qblnica qcckxba rbtwhhd rdidjyd sckqpju sfgmetr sfsgvno tbrjaux tcgiolr uajhjfj ubspgns vaaowhh vdfiura wahqtih waxrqxw wccnieb xbfvbvp xckayfe awixswq axidptr ybdulci ydtkwda arsokts aogflae ayuitfh ahbnyqa aanlrxi ahecgav avdvmes akkmsit asutyai anlalht awvyxve abopnrw awfpavj 
abmxobl abrkgfy adakgkk bkbkrfe bniytcr cdhomtf cejwmwd dburlvm depbesf ebvkbuw egaxryy falpkub fcpipix fcqgabj gahdtox galkhrc gcgusry hbadoml hbcfvmm hcsyvla ikarqao imhdjgl jcxdphe jhquumn kbqaduh kfodsyi lafoopn lajoejp lbdtguj lbwnini mchdutl mdcjchf nabtyyd naqtgmb nblxmga ofnsnuy ogdaaih pbcivgr pbgptgg pduaydu qblnica qcckxba rbtwhhd rdidjyd sckqpju sfgmetr sfsgvno tbrjaux tcgiolr uajhjfj ubspgns vaaowhh vdfiura wahqtih waxrqxw wccnieb xbfvbvp xckayfe awixswq axidptr ybdulci ydtkwda arsokts aogflae ayuitfh ahbnyqa aanlrxi ahecgav avdvmes akkmsit asutyai anlalht awvyxve abopnrw awfpavj abjbyxi 
107.317669 
abmxobl abrkgfy adakgkk bkbkrfe bniytcr cdhomtf cejwmwd dburlvm depbesf ebvkbuw egaxryy falpkub fcpipix fcqgabj gahdtox galkhrc gcgusry hbadoml hbcfvmm hcsyvla ikarqao imhdjgl jcxdphe jhquumn kbqaduh kfodsyi lafoopn lajoejp lbdtguj lbwnini mchdutl mdcjchf nabtyyd naqtgmb nblxmga ofnsnuy ogdaaih pbcivgr pbgptgg pduaydu qblnica qcckxba rbtwhhd rdidjyd sckqpju sfgmetr sfsgvno tbrjaux tcgiolr uajhjfj ubspgns vaaowhh vdfiura wahqtih waxrqxw wccnieb xbfvbvp xckayfe awixswq axidptr ybdulci ydtkwda arsokts aogflae ayuitfh ahbnyqa aanlrxi ahecgav avdvmes akkmsit asutyai anlalht awvyxve abopnrw awfpavj abjbyxi 
evaxryy 
abmxobl abrkgfy adakgkk bkbkrfe bniytcr cdhomtf cejwmwd dburlvm depbesf ebvkbuw egaxryy falpkub fcpipix fcqgabj gahdtox galkhrc gcgusry hbadoml hbcfvmm hcsyvla ikarqao imhdjgl jcxdphe jhquumn kbqaduh kfodsyi lafoopn lajoejp lbdtguj lbwnini mchdutl mdcjchf nabtyyd naqtgmb nblxmga ofnsnuy ogdaaih pbcivgr pbgptgg pduaydu qblnica qcckxba rbtwhhd rdidjyd sckqpju sfgmetr sfsgvno tbrjaux tcgiolr uajhjfj ubspgns vaaowhh vdfiura wahqtih waxrqxw wccnieb xbfvbvp xckayfe awixswq axidptr ybdulci ydtkwda arsokts aogflae ayuitfh ahbnyqa aanlrxi ahecgav avdvmes akkmsit asutyai anlalht awvyxve abopnrw awfpavj abjbyxi 
abmxobl abrkgfy adakgkk bkbkrfe bniytcr cdhomtf cejwmwd dburlvm depbesf ebvkbuw egaxryy falpkub fcpipix fcqgabj gahdtox galkhrc gcgusry hbadoml hbcfvmm hcsyvla ikarqao imhdjgl jcxdphe jhquumn kbqaduh kfodsyi lafoopn lajoejp lbdtguj lbwnini mchdutl mdcjchf nabtyyd naqtgmb nblxmga ofnsnuy ogdaaih pbcivgr pbgptgg pduaydu qblnica qcckxba rbtwhhd rdidjyd sckqpju sfgmetr sfsgvno tbrjaux tcgiolr uajhjfj ubspgns vaaowhh vdfiura wahqtih waxrqxw wccnieb xbfvbvp xckayfe awixswq axidptr ybdulci ydtkwda arsokts aogflae ayuitfh ahbnyqa aanlrxi ahecgav avdvmes akkmsit asutyai anlalht awvyxve abopnrw awfpavj abjbyxi 
rzadywu 
69adywu 6wadywu 6xiwywo 6ykbsaf 6zadywu m9adywu mwadywu mxiwywo mykbsaf mzadywu n9adywu nwadywu nxiwywo nykbsaf nzadywu o9adywu owadywu oxiwywo oykbsaf ozadywu o9adywu owadywu oxiwywo oykbsaf ozadywu 
abmxobl abrkgfy adakgkk bkbkrfe bniytcr cdhomtf cejwmwd dburlvm depbesf ebvkbuw egaxryy falpkub fcpipix fcqgabj gahdtox galkhrc gcgusry hbadoml hbcfvmm hcsyvla ikarqao imhdjgl jcxdphe jhquumn kbqaduh kfodsyi lafoopn lajoejp lbdtguj lbwnini mchdutl mdcjchf nabtyyd naqtgmb nblxmga ofnsnuy ogdaaih pbcivgr pbgptgg pduaydu qblnica qcckxba rbtwhhd rdidjyd sckqpju sfgmetr sfsgvno tbrjaux tcgiolr uajhjfj ubspgns vaaowhh vdfiura wahqtih waxrqxw wccnieb xbfvbvp xckayfe awixswq axidptr ybdulci ydtkwda arsokts aogflae ayuitfh ahbnyqa aanlrxi ahecgav avdvmes akkmsit asutyai anlalht awvyxve abopnrw awfpavj abjbyxi 
zykbsaf 
abmxobl abrkgfy adakgkk bkbkrfe bniytcr cdhomtf cejwmwd dburlvm depbesf ebvkbuw egaxryy falpkub fcortma fcpipix gahdtox galkhrc gcgusry hbadoml hbcfvmm hcsyvla ihdtehp ikarqao jcxdphe jhntcfy jhquumn kbqaduh kfodsyi lafoopn lajoejp lbdtguj lbwnini mchdutl mdcjchf nabtyyd naqtgmb nblxmga ofnsnuy ogdaaih pbcivgr pbgptgg pduaydu qblnica qcckxba rbtwhhd rdidjyd sckqpju sfgmetr sfsgvno tbrjaux tcgiolr uajhjfj ubspgns vaaowhh vdfiura wahqtih waxrqxw wccnieb xbfvbvp xckayfe awixswq axidptr ybdulci ydtkwda arsokts aogflae ayuitfh ahbnyqa aanlrxi ahecgav avdvmes akkmsit asutyai anlalht awvyxve abopnrw awfpavj abjbyxi aawondq 
85adywu 8jadywu 8karqao 8ladywu t5adywu tjadywu tkarqao tladywu u5adywu ujadywu ukarqao uladywu v5adywu vjadywu vkarqao vladywu v5adywu vjadywu vkarqao vladywu 
qladywu 
FALSE 
FALSE 
abmxobl abrkgfy adakgkk bkbkrfe bniytcr cdhomtf cduqsov cejwmwd dburlvm depbesf ebvkbuw egaxryy falpkub fcortma fcpipix gahdtox galkhrc gcgusry hbadoml hbcfvmm hcsyvla ihdtehp ikarqao jcxdphe jhntcfy jhquumn kbqaduh kfodsyi lafoopn lajoejp lbdtguj lbwnini mchdutl mdcjchf nabtyyd naqtgmb nblxmga ocjemfk ofnsnuy pbcivgr pbgptgg pduaydu qaabyyd qblnica rbtwhhd rdidjyd sckqpju sfgmetr sfsgvno tbrjaux tcgiolr uajhjfj ubspgns vaaowhh vdfiura wahqtih waxrqxw wccnieb xbfvbvp xckayfe awixswq axidptr ybdulci ydtkwda arsokts aogflae ayuitfh ahbnyqa aanlrxi ahecgav avdvmes akkmsit asutyai anlalht awvyxve abopnrw awfpavj abjbyxi aawondq 
abmxobl abrkgfy adakgkk bkbkrfe bniytcr cdhomtf cduqsov cejwmwd dburlvm depbesf ebvkbuw egaxryy falpkub fcortma fcpipix gahdtox galkhrc gcgusry hbadoml hbcfvmm hcsyvla ihdtehp ikarqao jcxdphe jhntcfy jhquumn kbqaduh kfodsyi lafoopn lajoejp lbdtguj lbwnini mchdutl mdcjchf nabtyyd naqtgmb nblxmga ocjemfk ofnsnuy pbcivgr pbgptgg pduaydu qaabyyd qblnica rbtwhhd rdidjyd sckqpju sfgmetr sfsgvno tbrjaux tcgiolr uajhjfj ubspgns vaaowhh vdfiura wahqtih waxrqxw wccnieb xbfvbvp xckayfe awixswq axidptr ybdulci ydtkwda arsokts aogflae ayuitfh ahbnyqa aanlrxi ahecgav avdvmes akkmsit asutyai anlalht awvyxve abopnrw awfpavj abjbyxi aawondq 
abmxobl abrkgfy adakgkk bkbkrfe bmbaaay cdhomtf cduqsov cejwmwd dburlvm depbesf ebvkbuw egaxryy falpkub fcortma fcpipix gahdtox galkhrc gcgusry hbadoml hbcfvmm hcsyvla idtupjs ihdtehp jbduuqe jcxdphe kbqaduh kfodsyi lafoopn lajoejp lbdtguj lbwnini mchdutl mdcjchf nabtyyd naqtgmb nblxmga ocjemfk ofnsnuy pbcivgr pbgptgg pduaydu qaabyyd qblnica rbtwhhd rdidjyd sckqpju sfgmetr sfsgvno tbrjaux tcgiolr uajhjfj ubspgns vaaowhh vdfiura wahqtih waxrqxw wccnieb wctcpoh xbfvbvp xckayfe awixswq axidptr ybdulci ydabldg ydtkwda arsokts aogflae ayuitfh ahbnyqa aanlrxi ahecgav avdvmes akkmsit asutyai anlalht awvyxve abopnrw awfpavj abjbyxi aawondq aorpfbj 
66adywu 6mhdjgl 6nadywu 6oadywu m6adywu mmhdjgl mnadywu moadywu n6adywu nmhdjgl nnadywu noadywu o6adywu omhdjgl onadywu ooadywu o6adywu omhdjgl onadywu ooadywu 
abmxobl abrkgfy adakgkk bkbkrfe bmbaaay cdhomtf cduqsov cejwmwd dburlvm depbesf ebvkbuw egaxryy falpkub fcortma fcpipix gahdtox galkhrc gcgusry hbadoml hbcfvmm hcsyvla idtupjs ihdtehp jbduuqe jcxdphe kbqaduh kfodsyi lafoopn lajoejp lbdtguj lbwnini mchdutl mdcjchf nabtyyd naqtgmb nblxmga ocjemfk ofnsnuy pbcivgr pbgptgg pduaydu qaabyyd qblnica rbtwhhd rdidjyd sckqpju sfgmetr sfsgvno tbrjaux tcgiolr uajhjfj ubspgns vaaowhh vdfiura wahqtih waxrqxw wccnieb wctcpoh xbfvbvp xckayfe awixswq axidptr ybdulci ydabldg ydtkwda arsokts aogflae ayuitfh ahbnyqa aanlrxi ahecgav avdvmes akkmsit asutyai anlalht awvyxve abopnrw awfpavj abjbyxi aawondq aorpfbj ayopill 
FALSE 
FALSE 
abmxobl abrkgfy adakgkk bajcbaa bkbkrfe cdhomtf cduqsov cejwmwd dburlvm depbesf ebvkbuw egaxryy falpkub fcortma fcpipix gahdtox galkhrc gcgusry hbadoml hbcfvmm hcsyvla idtupjs ihdtehp ihmhlwp jbduuqe jcxdphe kbqaduh kfodsyi kfssadk lafoopn lajoejp lbdtguj lbwnini mchdutl mdcjchf nabtyyd naqtgmb nblxmga ocjemfk ofnsnuy pbcivgr pbgptgg pduaydu qaabyyd qblnica rbtwhhd rdidjyd sckqpju sfgmetr sfsgvno tbrjaux tcgiolr uajhjfj ubspgns vaaowhh vbcjoum wahqtih waxrqxw wccnieb wctcpoh xbfvbvp xckayfe awixswq axidptr ybdulci ydabldg ydtkwda arsokts aogflae ayuitfh ahbnyqa aanlrxi ahecgav avdvmes akkmsit asutyai anlalht awvyxve abopnrw awfpavj abjbyxi aawondq aorpfbj ayopill 
FALSE 
mtrjywa mttnlow 
abmxobl abrkgfy adakgkk bajcbaa bkbkrfe cdhomtf cduqsov cejwmwd dburlvm depbesf ebvkbuw egaxryy falpkub fcortma fcpipix gahdtox galkhrc gcgusry hbadoml hbcfvmm hcsyvla idtupjs ihdtehp ihmhlwp jbduuqe jcxdphe kbqaduh kfodsyi kfssadk lafoopn lajoejp lbdtguj lbwnini mchdutl mdcjchf nabtyyd naqtgmb nblxmga ocjemfk ofnsnuy pbcivgr pbgptgg pduaydu qaabyyd qblnica rbtwhhd rdidjyd sckqpju sfgmetr sfsgvno tbrjaux tcgiolr uajhjfj ubspgns vaaowhh vbcjoum wahqtih waxrqxw wccnieb wctcpoh xbfvbvp xckayfe awixswq axidptr ybdulci ydabldg ydtkwda arsokts aogflae ayuitfh ahbnyqa aanlrxi ahecgav avdvmes akkmsit asutyai anlalht awvyxve abopnrw awfpavj abjbyxi aawondq aorpfbj ayopill 
abmxobl abrkgfy adakgkk bajcbaa bkbkrfe cdhomtf cduqsov cejwmwd dburlvm depbesf ebvkbuw egaxryy falpkub fcortma fcpipix gahdtox galkhrc gcgusry gctedgc hbadoml hbcfvmm hcsyvla idtupjs ihdtehp ihmhlwp jbduuqe jcxdphe kbqaduh kfodsyi kfssadk lafoopn lajoejp lbdtguj lbwnini mchdutl mdcjchf nabtyyd naqtgmb nblxmga ocjemfk ofnsnuy pbcivgr pbgptgg pduaydu qaabyyd qblnica rbtwhhd rdidjyd sckqpju sfgmetr sfsgvno tbrjaux tcgiolr uajhjfj ubspgns vaaowhh vbcjoum wahqtih waxrqxw wccnieb wctcpoh xbfvbvp xckayfe awixswq axidptr ybdulci ydabldg ydtkwda arsokts aogflae ayuitfh ahbnyqa aanlrxi ahecgav avdvmes akkmsit asutyai anlalht awvyxve abopnrw awfpavj abjbyxi aawondq aorpfbj ayopill 
67adywu 6peaakq 6qaljgc 6qumjcq 6rpbqan 6snfmkm m7adywu mpeaakq mqaljgc mqumjcq mrpbqan msnfmkm n7adywu npeaakq nqaljgc nqumjcq nrpbqan nsnfmkm o7adywu opeaakq oqaljgc oqumjcq orpbqan osnfmkm o7adywu opeaakq oqaljgc oqumjcq orpbqan osnfmkm 
kfadywu 
fkhdbpj 
ofadywu 
98adywu 9trjywa 9ttnlow 9uadywu 9vadywu w8adywu wtrjywa wttnlow wuadywu wvadywu x8adywu xtrjywa xttnlow xuadywu xvadywu y8adywu ytrjywa yttnlow yuadywu yvadywu z8adywu ztrjywa zttnlow zuadywu zvadywu z8adywu ztrjywa zttnlow zuadywu zvadywu 
veadywu 
abmxobl abrkgfy adakgkk bajcbaa bkbkrfe cdhomtf cduqsov cejwmwd dburlvm depbesf ebvkbuw egaxryy falpkub fcortma fcpipix gahdtox galkhrc gcgusry gctedgc hbadoml hbcfvmm hcsyvla idtupjs ihdtehp ihmhlwp jbduuqe jcxdphe kbqaduh kfodsyi kfssadk lafoopn lajoejp lbdtguj lbwnini mchdutl mdcjchf nabtyyd naqtgmb nblxmga ocjemfk ofnsnuy pbcivgr pbgptgg pduaydu qaabyyd qblnica rbtwhhd rdidjyd sckqpju sfgmetr sfsgvno tbrjaux tcgiolr uajhjfj ubspgns vaaowhh vbcjoum wahqtih waxrqxw wccnieb wctcpoh xbfvbvp xckayfe awixswq axidptr ybdulci ydabldg ydtkwda arsokts aogflae ayuitfh ahbnyqa aanlrxi ahecgav avdvmes akkmsit asutyai anlalht awvyxve abopnrw awfpavj abjbyxi aawondq aorpfbj ayopill 
abmxobl abrkgfy adakgkk bajcbaa bkbkrfe cdhomtf cduqsov cejwmwd dburlvm depbesf ebvkbuw egaxryy falpkub fcortma fcpipix gahdtox galkhrc gcgusry gctedgc hbadoml hbcfvmm hcsyvla idtupjs ihdtehp ihmhlwp jbduuqe jcxdphe kbqaduh kfodsyi kfssadk lafoopn lajoejp lbdtguj lbwnini mchdutl mdcjchf nabtyyd naqtgmb nblxmga ocjemfk ofnsnuy pbcivgr pbgptgg pduaydu qaabyyd qblnica rbtwhhd rdidjyd sckqpju sfgmetr sfsgvno tbrjaux tcgiolr uajhjfj ubspgns vaaowhh vbcjoum wahqtih waxrqxw wccnieb wctcpoh xbfvbvp xckayfe awixswq axidptr ybdulci ydabldg ydtkwda arsokts aogflae ayuitfh ahbnyqa aanlrxi ahecgav avdvmes akkmsit asutyai anlalht awvyxve abopnrw awfpavj abjbyxi aawondq aorpfbj ayopill 
107.282353 
abmxobl abrkgfy adakgkk bajcbaa bkbkrfe cdhomtf cduqsov cejwmwd dburlvm depbesf ebvkbuw egaxryy falpkub fcortma fcpipix gahdtox galkhrc gcgusry gctedgc hbadoml hbcfvmm hcsyvla idtupjs ihdtehp ihmhlwp jbduuqe jcxdphe kbqaduh kfodsyi kfssadk lafoopn lajoejp lbdtguj lbwnini mchdutl mdcjchf nabtyyd naqtgmb nblxmga ocjemfk ofnsnuy pbcivgr pbgptgg pduaydu qaabyyd qblnica rbtwhhd rdidjyd sckqpju sfgmetr sfsgvno tbrjaux tcgiolr uajhjfj ubspgns vaaowhh vbcjoum wahqtih waxrqxw wccnieb wctcpoh xbfvbvp xckayfe awixswq axidptr ybdulci ydabldg ydtkwda arsokts aogflae ayuitfh ahbnyqa aanlrxi ahecgav avdvmes akkmsit asutyai anlalht awvyxve abopnrw awfpavj abjbyxi aawondq aorpfbj ayopill 
abmxobl abrkgfy adakgkk bajcbaa bkbkrfe cdhomtf cduqsov cejwmwd dburlvm depbesf ebvkbuw egaxryy falpkub fcortma fcpipix gahdtox galkhrc gcgusry gctedgc hbadoml hbcfvmm hcsyvla idtupjs ihdtehp ihmhlwp jbduuqe jcxdphe kbqaduh kfodsyi kfssadk lafoopn lajoejp lbdtguj lbwnini mchdutl mdcjchf nabtyyd naqtgmb nblxmga ocjemfk ofnsnuy pbcivgr pbgptgg pduaydu qaabyyd qblnica rbtwhhd rdidjyd sckqpju sfgmetr sfsgvno tbrjaux tcgiolr uajhjfj ubspgns vaaowhh vbcjoum wahqtih waxrqxw wccnieb wctcpoh xbfvbvp xckayfe awixswq axidptr ybdulci ydabldg ydtkwda arsokts aogflae ayuitfh ahbnyqa aanlrxi ahecgav avdvmes akkmsit asutyai anlalht awvyxve abopnrw awfpavj abjbyxi aawondq aorpfbj ayopill 
abmxobl abrkgfy adakgkk bajcbaa bkbkrfe cdhomtf cduqsov cejwmwd dburlvm depbesf ebvkbuw egaxryy falpkub fcortma fcpipix gahdtox galkhrc gcgusry gctedgc hbadoml hbcfvmm hcsyvla idtupjs ihdtehp ihmhlwp jbduuqe jcxdphe kbqaduh kfodsyi kfssadk lafoopn lajoejp lbdtguj lbwnini mchdutl mdcjchf nabtyyd naqtgmb nblxmga ocjemfk ofnsnuy pbcivgr pbgptgg pduaydu qaabyyd qblnica rbtwhhd rdidjyd sckqpju sfgmetr sfsgvno tbrjaux tcgiolr uajhjfj ubspgns vaaowhh vbcjoum wahqtih waxrqxw wccnieb wctcpoh xbfvbvp xckayfe awixswq axidptr ybdulci ydabldg ydtkwda arsokts aogflae ayuitfh ahbnyqa aanlrxi ahecgav avdvmes akkmsit asutyai anlalht awvyxve abopnrw awfpavj abjbyxi aawondq aorpfbj ayopill 
107.282353 
FALSE 
abmxobl abrkgfy adakgkk bajcbaa bkbkrfe cdhomtf cduqsov cejwmwd dburlvm depbesf ebvkbuw egaxryy falpkub fcortma fcpipix gahdtox galkhrc gcgusry gctedgc hbadoml hbcfvmm hcsyvla idtupjs ihdtehp ihmhlwp jbduuqe jcxdphe kbqaduh kfodsyi kfssadk lafoopn lajoejp lbdtguj lbwnini mchdutl mdcjchf nabtyyd naqtgmb nblxmga ocjemfk ofnsnuy pbcivgr pbgptgg pduaydu qaabyyd qblnica rbtwhhd rdidjyd sckqpju sfgmetr sfsgvno tbrjaux tcgiolr uajhjfj ubspgns vaaowhh vbcjoum wahqtih waxrqxw wccnieb wctcpoh xbfvbvp xckayfe awixswq axidptr ybdulci ydabldg ydtkwda arsokts aogflae ayuitfh ahbnyqa aanlrxi ahecgav avdvmes akkmsit asutyai anlalht awvyxve abopnrw awfpavj abjbyxi aawondq aorpfbj ayopill 
arqaoac 
bobkrfe 
ucadywu 
hqmgdnt 
107.257143 
107.255814 
81adywu t1adywu u1adywu v1adywu v1adywu 
abmxobl abrkgfy adakgkk bajcbaa bkbkrfe cdhomtf cduqsov cejwmwd dburlvm depbesf ebvkbuw eewsvek falpkub fcortma fcpipix gahdtox galkhrc gcgusry gctedgc hbadoml hbcfvmm hcsyvla idtupjs ihdtehp ihmhlwp jbduuqe jcxdphe kbqaduh kfodsyi kfssadk lafoopn lajoejp lbdtguj lbwnini mchdutl mdcjchf nabtyyd naqtgmb nblxmga ocjemfk ofnsnuy pbcivgr pbgptgg pduaydu qaabyyd qblnica rbtwhhd rdidjyd sckqpju sfeiiur sfgmetr tbrjaux tcgiolr uajhjfj ubspgns vaaowhh vbcjoum wahqtih waxrqxw wccnieb wctcpoh xbfvbvp xckayfe awixswq axidptr ybdulci ydabldg ydtkwda arsokts aogflae ayuitfh ahbnyqa aanlrxi ahecgav avdvmes akkmsit asutyai anlalht awvyxve abopnrw awfpavj abjbyxi aawondq aorpfbj ayopill aihnomr 
42adywu 4aadywu 4badywu 4cadywu gahdtox galkhrc gcgusry gctedgc h2mgdnt hamgdnt hbadoml hbcfvmm hcsyvla i2adywu iaadywu ibadywu icadywu i2adywu iaadywu ibadywu icadywu 
dscgvnn dsihpqk 
20adywu a0qaoac b0bkrfe 
abmxobl abrkgfy adakgkk bajcbaa bkbkrfe cdhomtf cduqsov cejwmwd dburlvm depbesf ebvkbuw eewsvek falpkub fcortma fcpipix gahdtox galkhrc gcgusry gctedgc hbadoml hbcfvmm hcsyvla idtupjs ihdtehp ihmhlwp jbduuqe jcxdphe kbqaduh kfodsyi kfssadk lafoopn lajoejp lbdtguj lbwnini mchdutl mdcjchf nabtyyd naqtgmb nblxmga ocjemfk ofnsnuy pbcivgr pbgptgg pduaydu qaabyyd qblnica rbtwhhd rdidjyd sckqpju sfeiiur sfgmetr tbrjaux tcgiolr uajhjfj ubspgns vaaowhh vbcjoum wahqtih waxrqxw wccnieb wctcpoh xbfvbvp xckayfe awixswq axidptr ybdulci ydabldg ydtkwda arsokts aogflae ayuitfh ahbnyqa aanlrxi ahecgav avdvmes akkmsit asutyai anlalht awvyxve abopnrw awfpavj abjbyxi aawondq aorpfbj ayopill aihnomr aiymptp amqoxpx 
00adywu 00adywu 
fghdbpj 
