

FALSE 



bsyphfm ddnihka fegamfl hxmpiea jatlily nabopyu ohlsody olspxli qvjarhn rowykna ticiapb uwfdiqo uwyqsva 


bsyphfm ddnihka fegamfl hxmpiea jatlily mabpmko nabopyu ohlsody olspxli qvjarhn rowykna ticiapb uwfdiqo uwyqsva xsnsvve 
FALSE 


ameiacp bqwljxl bsyphfm ddnihka fegamfl hvpkedr hxmpiea jatlily mabpmko nabopyu ndjrrdc ohlsody olspxli qvjarhn rowykna seamybf tgqnxlh ticiapb uwfdiqo uwyqsva xsnsvve yavfilp yaysbsg abnajil 

108.316327 

108.355102 
108.355102 
ameiacp bqwljxl bsyphfm bsyvbov ddnihka fegamfl gylmkly gymnnhl hejqmbj hvpkedr jatlily kecvvyn mabpmko nabopyu ndjrrdc ohlsody olspxli pplruxa prwcmfc qvjarhn renmrdr rowykna seamybf tgqnxlh ticiapb unikefa uwfdiqo uwyqsva weaerhy xsnsvve yavfilp yaysbsg ygsmowc abnajil axfmfrn adcvbui 

ameiacp bqwljxl bsyphfm bsyvbov ddnihka fegamfl fpjypka gylmkly gymnnhl hejqmbj hvpkedr jatlily kecvvyn mabpmko nabopyu ndjrrdc ohlsody olspxli pplruxa prwcmfc qvjarhn renmrdr rowykna seamybf smvcgdn tgqnxlh ticiapb unikefa uwfdiqo uwyqsva vdcojgs weaerhy xsnsvve yavfilp yaysbsg ygsmowc abnajil axfmfrn adcvbui 

FALSE 


akcfwww ameiacp bqwljxl bsyphfm bsyvbov dcgulga ddnihka fegamfl fpjypka gylmkly gymnnhl hejqmbj hvpkedr jatlily kecvvyn mabpmko mcgdxmr nabopyu ndjrrdc ohlsody ohmrbao olspxli pplruxa prwcmfc qujaghs qvjarhn renmrdr rowykna seamybf smvcgdn tgqnxlh ticiapb unikefa uwfdiqo uwyqsva vdcojgs weaerhy xsnsvve yavfilp yaysbsg ygsmowc abnajil axfmfrn adcvbui ahwccxo 




akcfwww alcxkjk bhxpaau bqwljxl dcgulga ddnihka erdqgpj fahdtlj fegamfl gofcijg gylmkly gymnnhl hejqmbj hnhkjkj jatlily kecvvyn mabpmko mcgdxmr nabopyu ndjrrdc oexgbxn ohlsody ohmrbao pplruxa prwcmfc qujaghs qvjarhn renmrdr rowykna seamybf skiehgq tgqnxlh ticiapb unikefa uwfdiqo uwyqsva vdcojgs weaerhy wajnday xcjayco xfsmruv yavfilp yaysbsg ygsmowc abnajil axfmfrn adcvbui ahwccxo 
akcfwww alcxkjk bhxpaau bqwljxl dcgulga ddnihka erdqgpj fahdtlj fegamfl gofcijg gylmkly gymnnhl hejqmbj hnhkjkj jatlily kecvvyn mabpmko mcgdxmr nabopyu ndjrrdc oexgbxn ohlsody ohmrbao pplruxa prwcmfc qujaghs qvjarhn renmrdr rowykna seamybf skiehgq tgqnxlh ticiapb unikefa uwfdiqo uwyqsva vdcojgs weaerhy wajnday xcjayco xfsmruv yavfilp yaysbsg ycakcij abnajil axfmfrn adcvbui ahwccxo 

akcfwww alcxkjk bhxpaau bqwljxl dcgulga ddnihka erdqgpj fahdtlj fegamfl gofcijg gylmkly gymnnhl hejqmbj hnhkjkj jatlily kecvvyn lmuerpg mabpmko mcgdxmr nabopyu ndjrrdc oexgbxn ohlsody ohmrbao pplruxa prwcmfc qujaghs qvjarhn renmrdr rowykna sawnpef seamybf tgqnxlh ticiapb uehjsrl unikefa vdcojgs weaerhy wajnday xcjayco xfsmruv yavfilp yaysbsg ycakcij abnajil axfmfrn adcvbui ahwccxo alaaovp asqjoec aabldqf 
akcfwww alcxkjk bhxpaau bqwljxl dcgulga ddnihka erdqgpj fahdtlj fegamfl gofcijg gylmkly gymnnhl hejqmbj hnhkjkj jatlily kecvvyn lmuerpg mabpmko mcgdxmr nabopyu ndjrrdc oexgbxn ohlsody ohmrbao pplruxa prwcmfc qujaghs qvjarhn renmrdr rowykna sawnpef seamybf tgqnxlh ticiapb uehjsrl unikefa vdcojgs weaerhy wajnday xcjayco xfsmruv yavfilp yaysbsg ycakcij abnajil axfmfrn adcvbui ahwccxo alaaovp asqjoec aabldqf 
dmeiacp 

akcfwww alcxkjk bhxpaau bqwljxl cwrqrho dcgulga ddnihka erdqgpj fahdtlj fegamfl gofcijg gylmkly gymnnhl hejqmbj hnhkjkj iypqqdw jatlily kecvvyn lmuerpg mabpmko mcgdxmr nabopyu ndjrrdc oexgbxn ohlsody ohmrbao pplruxa prwcmfc qujaghs qvjarhn renmrdr rowykna sawnpef seamybf tgqnxlh ticiapb uehjsrl unikefa vdcojgs weaerhy wajnday xcjayco xfsmruv yavfilp yaysbsg ycakcij abnajil axfmfrn adcvbui ahwccxo alaaovp asqjoec aabldqf 



FALSE 
afmsksn akcfwww bboyoac bhxpaau cwrqrho dcgulga ddnihka erdqgpj fahdtlj fdmgllc gkfatah gofcijg hejqmbj hnhkjkj iypqqdw jatlily kcdjyao kecvvyn lmuerpg mabpmko mcgdxmr nabopyu naojoof ndjrrdc oexgbxn ohlsody ohmrbao pplruxa prwcmfc qujaghs qvjarhn renmrdr rowykna sawnpef seamybf tgqnxlh ticiapb uehjsrl unikefa vdcojgs vhaallf wcliktl weaerhy xcjayco xfsmruv yavfilp yaysbsg ycakcij abnajil axfmfrn adcvbui ahwccxo alaaovp asqjoec aabldqf atforde 
efmsksn 
107.268473 
FALSE 
afmsksn akcfwww bboyoac bhxpaau cwrqrho dcgulga ddnihka ejirbdj erdqgpj fahdtlj fdmgllc gkfatah gofcijg hejqmbj hnhkjkj iypqqdw jatlily kcdjyao kecvvyn lmuerpg mabpmko mcgdxmr nabopyu naojoof ndjrrdc oexgbxn ohlsody ohmrbao pplruxa prwcmfc qujaghs quylarp qvjarhn renmrdr rowykna sawnpef seamybf tgqnxlh ticiapb uehjsrl unikefa vdcojgs vhaallf wcliktl weaerhy xcjayco xfsmruv yavfilp yaysbsg ycakcij abnajil axfmfrn adcvbui ahwccxo alaaovp asqjoec aabldqf atforde 

afmsksn akcfwww bboyoac bhxpaau cwrqrho dcgulga ddnihka ejirbdj erdqgpj fahdtlj fdmgllc gkfatah gofcijg hejqmbj hnhkjkj iypqqdw jatlily kcdjyao kecvvyn lmuerpg mabpmko mcgdxmr nabopyu naojoof ndjrrdc oexgbxn ohlsody ohmrbao pplruxa prwcmfc qujaghs quylarp qvjarhn renmrdr rowykna sawnpef seamybf tgqnxlh ticiapb uehjsrl unikefa vdcojgs vhaallf wcliktl weaerhy xcjayco xfsmruv yavfilp yaysbsg ycakcij abnajil axfmfrn adcvbui ahwccxo alaaovp asqjoec aabldqf atforde 
107.342365 


2kcfwww 2lcxkjk akcfwww alcxkjk bkcfwww blcxkjk ckcfwww clcxkjk ckcfwww clcxkjk 
0xgbraa 0xgbraa 

0meiacp 0meiacp 
9xgbraa wxgbraa xxgbraa yxgbraa zxgbraa zxgbraa 
afmsksn akcfwww bboyoac bhxpaau cwrqrho cxvvxem dcgulga ddnihka ejirbdj ekiqhtk fahdtlj fdmgllc gkfatah gofcijg hejqmbj hnhkjkj iypqqdw jatlily kcdjyao kecvvyn lmuerpg lumduuo mabpmko mcgdxmr nabopyu naojoof ndjrrdc oexgbxn ohlsody ohmrbao pdvsoyk pplruxa qnmqbct qujaghs quylarp renmrdr rgodlct sawnpef seamybf tgqnxlh ticiapb uehjsrl unikefa vdcojgs vhaallf wcliktl weaerhy xcjayco xfsmruv yavfilp yaysbsg ycakcij abnajil axfmfrn adcvbui ahwccxo alaaovp asqjoec aabldqf atforde 
hlcxkjk 





afmsksn akcfwww bboyoac bhxpaau cwrqrho cxvvxem dcgulga ddnihka ejirbdj ekiqhtk fahdtlj fdmgllc gkfatah gofcijg hejqmbj hnhkjkj iypqqdw jatlily juwgidt kaowipr kcdjyao lmuerpg lpekexp lpogdhs mabpmko mcgdxmr nabopyu naojoof ndjrrdc oexgbxn ohlsody ohmrbao pdvsoyk pplruxa qnmqbct qujaghs quylarp renmrdr rgodlct sawnpef sbsagvr tgqnxlh ticiapb uehjsrl unikefa vdcojgs vhaallf wcbiosn wcliktl weaerhy xcjayco xfsmruv yavfilp yaysbsg ycakcij abnajil axfmfrn adcvbui ahwccxo alaaovp asqjoec aabldqf atforde 
18msksn 1tmsksn 1umsksn 1vmsksn 18msksn 1tmsksn 1umsksn 1vmsksn 
02msksn 0amsksn 0bmsksn 0cmsksn 02msksn 0amsksn 0bmsksn 0cmsksn 
FALSE 
41msksn g1msksn h1msksn i1msksn i1msksn 
aekkusy afmsksn bboyoac bhxpaau cwrqrho cxvvxem dcgulga ddnihka ejirbdj ekiqhtk fahdtlj fdmgllc gkfatah gofcijg hejqmbj hnhkjkj iadgnva iypqqdw jatlily jjeboai kaowipr kcdjyao lmuerpg lpekexp lpogdhs mabpmko mcgdxmr nabopyu naojoof ndjrrdc oexgbxn ohlsody ohmrbao pdvsoyk pplruxa qnmqbct qqsprax rcltjhg renmrdr sawnpef sbsagvr tgqnxlh ticiapb uehjsrl unikefa vdcojgs vhaallf wcbiosn wcliktl weaerhy xcjayco xfsmruv yavfilp yaysbsg ycakcij abnajil axfmfrn adcvbui ahwccxo alaaovp asqjoec aabldqf atforde 
aekkusy afmsksn bboyoac bhxpaau cwrqrho cxvvxem dcgulga ddnihka ejirbdj ekiqhtk fahdtlj fdmgllc gkfatah gofcijg hejqmbj hnhkjkj iadgnva iypqqdw jatlily jjeboai kaowipr kcdjyao lmuerpg lpekexp lpogdhs mabpmko mcgdxmr nabopyu naojoof ndjrrdc oexgbxn ohlsody ohmrbao pdvsoyk pplruxa qnmqbct qqsprax rcltjhg renmrdr sawnpef sbsagvr tgqnxlh ticiapb uehjsrl unikefa vdcojgs vhaallf wcbiosn wcliktl weaerhy xcjayco xfsmruv yavfilp yaysbsg ycakcij abnajil axfmfrn adcvbui ahwccxo alaaovp asqjoec aabldqf atforde 
107.301587 
aekkusy afmsksn bbcapfe bboyoac bhxpaau cwrqrho cxvvxem dcgulga ddnihka ejirbdj ekiqhtk fahdtlj fdmgllc gkfatah gofcijg hejqmbj hnhkjkj iadgnva iobdbkx jatlily jjeboai kaowipr kcdjyao lmuerpg lpekexp lpogdhs mabpmko mbtrujv nabopyu naojoof ncujiee oexgbxn ohlsody ohmrbao pdvsoyk pplruxa qnmqbct qqsprax rcltjhg renmrdr sawnpef sbsagvr tgqnxlh thgippg uehjsrl unikefa vdcojgs vhaallf vhudpbl wcbiosn wcliktl weaerhy xcjayco xfsmruv yavfilp yaysbsg ycakcij abnajil axfmfrn adcvbui ahwccxo alaaovp asqjoec aabldqf atforde 
aekkusy afmsksn bbcapfe bboyoac bhxpaau cwrqrho cxvvxem dcgulga ddnihka ejirbdj ekiqhtk fahdtlj fdmgllc gkfatah gofcijg hejqmbj hnhkjkj iadgnva iobdbkx jatlily jjeboai kaowipr kcdjyao lmuerpg lpekexp lpogdhs mabpmko mbtrujv nabopyu naojoof ncujiee oexgbxn ohlsody ohmrbao pdvsoyk pplruxa qnmqbct qqsprax rcltjhg renmrdr sawnpef sbsagvr tgqnxlh thgippg uehjsrl unikefa vdcojgs vhaallf vhudpbl wangfwk wcbiosn wcliktl xcjayco xfsmruv yavfilp yaysbsg ycakcij abnajil axfmfrn adcvbui ahwccxo alaaovp asqjoec aabldqf atforde 
aekkusy afmsksn bbcapfe bboyoac bhxpaau cwrqrho cxvvxem dcgulga ddnihka ejirbdj ekiqhtk fahdtlj fdmgllc gkfatah gofcijg hejqmbj hnhkjkj iadgnva iobdbkx jatlily jjeboai kaowipr kcdjyao lmuerpg lpekexp lpogdhs mabpmko mbtrujv nabopyu naojoof ncujiee oexgbxn ohlsody ohmrbao pdvsoyk pplruxa qnmqbct qqsprax rcltjhg renmrdr sawnpef sbsagvr tgqnxlh thgippg uehjsrl unikefa vdcojgs vhaallf vhudpbl wangfwk wcbiosn wcliktl xcjayco xfsmruv yavfilp yaysbsg ycakcij abnajil axfmfrn adcvbui ahwccxo alaaovp asqjoec aabldqf atforde 
aekkusy afmsksn bbcapfe bboyoac bhxpaau cwrqrho cxvvxem dcgulga ddnihka ejirbdj ekiqhtk fahdtlj fdmgllc gkfatah gofcijg hejqmbj hnhkjkj iadgnva iobdbkx jatlily jjeboai kaowipr kcdjyao lmuerpg lpekexp lpogdhs mabpmko mbtrujv nabopyu naojoof ncujiee oexgbxn ohlsody ohmrbao pdvsoyk pplruxa qnmqbct qqsprax rcltjhg renmrdr sawnpef sbsagvr tgqnxlh thgippg uehjsrl unikefa vdcojgs vhaallf vhudpbl wangfwk wcbiosn wcliktl xcjayco xfsmruv yavfilp yaysbsg ycakcij abnajil axfmfrn adcvbui ahwccxo alaaovp asqjoec aabldqf atforde 
88msksn 8tmsksn 8umsksn 8vmsksn t8msksn ttmsksn tumsksn tvmsksn u8msksn utmsksn uumsksn uvmsksn v8msksn vtmsksn vumsksn vvmsksn v8msksn vtmsksn vumsksn vvmsksn 
aekkusy afmsksn bbcapfe bboyoac bhxpaau cwrqrho cxvvxem dcgulga ddnihka ejirbdj ekiqhtk fahdtlj fdmgllc gkfatah gofcijg hejqmbj hnhkjkj iadgnva ifkvais jatlily jjeboai kaowipr kcdjyao lmuerpg lpekexp lpogdhs mabpmko mbtrujv nabopyu naojoof ncujiee oexgbxn ohlsody ohmrbao pdvsoyk pplruxa qnmqbct qpuhumt rcltjhg renmrdr sawnpef sbsagvr tgqnxlh thgippg uehjsrl unikefa vdcojgs vhaallf vhudpbl wangfwk wcbiosn wcliktl xcjayco xfsmruv yavfilp yaysbsg ycakcij abnajil axfmfrn adcvbui ahwccxo alaaovp asqjoec aabldqf atforde arahgsf athluno 
fhmsksn 
aekkusy afmsksn bbcapfe bboyoac bcrobuc cmflisn cwrqrho dcgulga ddnihka ejirbdj ekiqhtk fahdtlj fdmgllc gkfatah gofcijg hejqmbj hnhkjkj iadgnva ifkvais jatlily jjeboai kaowipr kcdjyao lbdwodl lmuerpg mabpmko mbtrujv nabopyu naojoof ncujiee oexgbxn ohlsody ohmrbao pdvsoyk pplruxa qnmqbct qpuhumt rcltjhg renmrdr sawnpef sbsagvr tgqnxlh thgippg uehjsrl unikefa vdcojgs vhaallf vhudpbl wangfwk wcbiosn wcliktl xcjayco xfsmruv yavfilp yaysbsg ycakcij abnajil axfmfrn adcvbui ahwccxo alaaovp asqjoec aabldqf atforde arahgsf athluno 
FALSE 
aekkusy afmsksn bbcapfe bboyoac bcrobuc cmflisn cwrqrho dcgulga ddnihka ejirbdj ekiqhtk fahdtlj fdmgllc gjwqpoq gkfatah hejqmbj hnhkjkj iadgnva ifkvais jatlily jjeboai kaowipr kcdjyao lbdwodl lmuerpg mabpmko mbtrujv nabopyu naojoof ncujiee oexgbxn ohlsody ohmrbao pdvsoyk pplruxa qnmqbct qpuhumt rcltjhg renmrdr sawnpef sbsagvr tgqnxlh thgippg uehjsrl unikefa vdcojgs vhaallf vhudpbl wangfwk wcbiosn wcliktl xcjayco xfsmruv yavfilp yaysbsg ycakcij abnajil axfmfrn adcvbui ahwccxo alaaovp asqjoec aabldqf atforde arahgsf athluno 
107.194805 
aekkusy afmsksn bbcapfe bboyoac bcrobuc cmflisn cwrqrho dcgulga ddnihka ejirbdj ekiqhtk fahdtlj fdmgllc gjwqpoq gkfatah hejqmbj hnhkjkj iadgnva ifkvais jatlily jjeboai kaowipr kcdjyao lbdwodl lmuerpg mabpmko mbtrujv nabopyu naojoof ncujiee oexgbxn ohlsody ohmrbao pdvsoyk pplruxa qnmqbct qpuhumt rcltjhg renmrdr sawnpef sbsagvr tgqnxlh thgippg uehjsrl unikefa vdcojgs vhaallf vhudpbl wangfwk wcbiosn wcliktl xcjayco xfsmruv yavfilp yaysbsg ycakcij abnajil axfmfrn adcvbui ahwccxo alaaovp asqjoec aabldqf atforde arahgsf athluno 
mekkusy 
onmsksn 
03msksn 0dmsksn 0ekkusy 0fmsksn 03msksn 0dmsksn 0ekkusy 0fmsksn 
27msksn 2pmsksn 2qmsksn 2rmsksn 2smsksn a7msksn apmsksn aqmsksn armsksn asmsksn b7msksn bpmsksn bqmsksn brmsksn bsmsksn c7msksn cpmsksn cqmsksn crmsksn csmsksn c7msksn cpmsksn cqmsksn crmsksn csmsksn 
91msksn w1msksn x1msksn y1msksn z1msksn z1msksn 
aawqomq aekkusy bbcapfe bboyoac bcrobuc cmflisn cwrqrho dcgulga ddnihka ejirbdj ekiqhtk fahdtlj fdmgllc gjwqpoq gkfatah hejqmbj hnhkjkj iadgnva ifkvais jatlily jjeboai kaowipr kcdjyao lbdwodl lmuerpg mabpmko mbtrujv nabopyu naojoof ncujiee oaaocnp oexgbxn pdvsoyk pplruxa qnmqbct qpuhumt rcltjhg renmrdr sawnpef sbsagvr tbaxapw tgqnxlh uehjsrl unikefa vdcojgs vhaallf vhudpbl wangfwk wcbiosn wcliktl xcjayco xfsmruv yavfilp yaysbsg ycakcij abnajil axfmfrn adcvbui ahwccxo alaaovp asqjoec aabldqf atforde arahgsf athluno 
aawqomq aekkusy bbcapfe bboyoac bcrobuc ckxglpk cmflisn dcgulga ddnihka ejirbdj ekiqhtk fahdtlj fdmgllc gjwqpoq gkfatah hejqmbj hnhkjkj iadgnva ifkvais jatlily jjeboai kaowipr kcdjyao lbdwodl lmuerpg mabpmko mbtrujv nabopyu naojoof ncujiee oaaocnp oexgbxn pdvsoyk pplruxa qnmqbct qpuhumt rcltjhg renmrdr sawnpef sbsagvr tbaxapw tgqnxlh uehjsrl unikefa vdcojgs vhaallf vhudpbl wangfwk wcbiosn wcliktl xcjayco xfsmruv yavfilp yaysbsg ycakcij abnajil axfmfrn adcvbui ahwccxo alaaovp asqjoec aabldqf atforde arahgsf athluno alpdurt 
uqmsksn 
FALSE 
73msksn 7dmsksn 7ekkusy 7fmsksn p3msksn pdmsksn pekkusy pfmsksn q3msksn qdmsksn qekkusy qfmsksn r3msksn rdmsksn rekkusy rfmsksn s3msksn sdmsksn sekkusy sfmsksn s3msksn sdmsksn sekkusy sfmsksn 
FALSE 
aawqomq aekkusy bbcapfe bboyoac bcrobuc ckxglpk cmflisn dcgulga ddnihka eababrr ejirbdj fahdtlj fdmgllc gbhbkem ggjgkol hejqmbj hnhkjkj iadgnva ifkvais jatlily jgtckvw kaowipr kcdjyao lbdwodl lmuerpg mabpmko mbtrujv nabopyu naojoof ncujiee oaaocnp oexgbxn pdvsoyk pplruxa qnmqbct qpuhumt rcltjhg renmrdr sawnpef sbsagvr tbaxapw tgqnxlh uehjsrl unikefa vdcojgs vhaallf vhudpbl wangfwk wcbiosn wcliktl xcjayco xfsmruv yavfilp yaysbsg ycakcij abnajil axfmfrn adcvbui ahwccxo alaaovp asqjoec aabldqf atforde arahgsf athluno alpdurt 
FALSE 
64msksn 6gmsksn 6hmsksn 6imsksn m4msksn mgmsksn mhmsksn mimsksn n4msksn ngmsksn nhmsksn nimsksn o4msksn ogmsksn ohmsksn oimsksn o4msksn ogmsksn ohmsksn oimsksn 
aawqomq aekkusy bbcapfe bboyoac bcrobuc ckxglpk cmflisn dcgulga ddnihka eababrr ejirbdj fahdtlj fdmgllc gbhbkem ggjgkol hejqmbj hnhkjkj iadgnva ifkvais jatlily jgtckvw kaowipr kcdjyao lbdwodl lescqqr mabpmko mbtrujv nabopyu naojoof ncujiee oaaocnp oexgbxn pdvsoyk pplruxa qnmqbct qpuhumt rcltjhg renmrdr sawnpef sbsagvr tbaxapw tgqnxlh uedgfow uehjsrl unikefa vdcojgs vhaallf vhudpbl wangfwk wcbiosn wcliktl xcjayco xfsmruv yavfilp yaysbsg ycakcij abnajil axfmfrn adcvbui ahwccxo alaaovp asqjoec aabldqf atforde arahgsf athluno alpdurt 
yumsksn 
avmsksn 
99msksn 9wmsksn 9xmsksn 9ymsksn 9zmsksn w9msksn wwmsksn wxmsksn wymsksn wzmsksn x9msksn xwmsksn xxmsksn xymsksn xzmsksn y9msksn ywmsksn yxmsksn yymsksn yzmsksn z9msksn zwmsksn zxmsksn zymsksn zzmsksn z9msksn zwmsksn zxmsksn zymsksn zzmsksn 
aawqomq aekkusy bbcapfe bboyoac bcrobuc ckxglpk cmflisn dcgulga ddnihka eababrr ejirbdj fahdtlj fdmgllc gbhbkem ggjgkol hejqmbj hktdunx iadgnva ifkvais jatlily jgtckvw kaowipr kcdjyao lbdwodl lescqqr mabpmko mbtrujv nabopyu naojoof ncujiee oaaocnp oexgbxn pdbciyq pdvsoyk pplruxa qnmqbct qpuhumt rcltjhg renmrdr sawnpef sbsagvr tbaxapw tgqnxlh uedgfow uehjsrl unikefa vdcojgs vhaallf vhudpbl wangfwk wcbiosn wcliktl xcjayco xfsmruv yavfilp yaysbsg ycakcij abnajil axfmfrn adcvbui ahwccxo alaaovp asqjoec aabldqf atforde arahgsf athluno alpdurt 
FALSE 
vomsksn 
aawqomq aekkusy bbcapfe bboyoac bcrobuc ckxglpk cmflisn dcgulga ddnihka eababrr ejirbdj fahdtlj fdmgllc gbhbkem ggjgkol hejqmbj hktdunx iadgnva ifkvais jatlily jgtckvw kaowipr kcdjyao lbdwodl lescqqr mabpmko mbtrujv nabopyu naojoof ncujiee oaaocnp oexgbxn pcitoln pdbciyq pdvsoyk qghalhh qnmqbct rcltjhg renmrdr sawnpef sbsagvr tbaxapw tgqnxlh uedgfow uehjsrl unikefa vdcojgs vetmvbm wangfwk wcbiosn wcliktl xcjayco xfsmruv yavfilp yaysbsg ycakcij abnajil axfmfrn adcvbui ahwccxo alaaovp asqjoec aabldqf atforde arahgsf athluno alpdurt 
aawqomq aekkusy bbcapfe bboyoac bcrobuc ckxglpk cmflisn dcgulga ddnihka eababrr ejirbdj fahdtlj fdmgllc gbhbkem ggjgkol hejqmbj hktdunx iadgnva ifkvais jatlily jgtckvw kaowipr kcdjyao lbdwodl lescqqr mabpmko mbtrujv nabopyu naojoof ncujiee oaaocnp oexgbxn pcitoln pdbciyq pdvsoyk qghalhh qnmqbct rcltjhg renmrdr sawnpef sbsagvr tbaxapw tgqnxlh uedgfow uehjsrl unikefa vdcojgs vetmvbm wangfwk wcbiosn wcliktl xcjayco xfsmruv yavfilp yaysbsg ycakcij abnajil axfmfrn adcvbui ahwccxo alaaovp asqjoec aabldqf atforde arahgsf athluno alpdurt 
aawqomq aekkusy bbcapfe bboyoac bcrobuc ckxglpk cmflisn dcgulga ddnihka eababrr ejirbdj fahdtlj fdmgllc gbhbkem ggjgkol hejqmbj hktdunx iadgnva ifkvais jatlily jgtckvw kaowipr kcdjyao lbdwodl lescqqr mabpmko mbtrujv nabopyu naojoof ncujiee oaaocnp oexgbxn pcitoln pdbciyq pdvsoyk qghalhh qnmqbct rcltjhg renmrdr sawnpef sbsagvr tbaxapw tgqnxlh uedgfow uehjsrl unikefa vdcojgs vetmvbm wangfwk wcbiosn wcliktl xcjayco xfsmruv yavfilp yaysbsg ycakcij abnajil axfmfrn adcvbui ahwccxo alaaovp asqjoec aabldqf atforde arahgsf athluno alpdurt 
aawqomq aekkusy bbcapfe bboyoac bcrobuc ckxglpk cmflisn dcgulga ddnihka eababrr ejirbdj fahdtlj fdmgllc gbhbkem ggjgkol hejqmbj hicvdpy iadgnva ifkvais jatlily jgtckvw kaowipr kcdjyao lbdwodl lescqqr mabpmko mbtrujv nabopyu naojoof ncujiee oaaocnp oexgbxn pcitoln pdbciyq pdvsoyk qghalhh qnmqbct rcltjhg renmrdr sawnpef sbsagvr tbaxapw tgqnxlh uedgfow uehjsrl unikefa vdcojgs vetmvbm wangfwk wcbiosn wcliktl xcjayco xfsmruv yavfilp yaysbsg ycakcij abnajil axfmfrn adcvbui ahwccxo alaaovp asqjoec aabldqf atforde arahgsf athluno alpdurt afafaqo 
qdmsksn 
hymsksn 
34msksn 3gmsksn 3hmsksn 3imsksn d4msksn dgmsksn dhmsksn dimsksn e4msksn egmsksn ehmsksn eimsksn f4msksn fgmsksn fhmsksn fimsksn f4msksn fgmsksn fhmsksn fimsksn 
aawqomq abcbcmb bbcapfe bboyoac bcrobuc ckxglpk cmflisn dcgulga ddnihka eababrr ejirbdj fahdtlj fdmgllc gbhbkem ggjgkol hejqmbj hicvdpy iadgnva ifkvais jatlily jgtckvw kaowipr kcdjyao lbdwodl lescqqr mabpmko mbtrujv nabopyu naojoof ncujiee oaaocnp oexgbxn pcitoln pdbciyq pdvsoyk qghalhh qnmqbct rcltjhg renmrdr sawnpef sbsagvr tbaxapw tgqnxlh uedgfow uehjsrl unikefa untfjvc vdcojgs vetmvbm wangfwk wcbiosn wcliktl xcjayco xfsmruv yavfilp yaysbsg ycakcij abnajil axfmfrn adcvbui ahwccxo alaaovp asqjoec aabldqf atforde arahgsf athluno alpdurt afafaqo 
106.848861 
nkmsksn 
aawqomq abcbcmb bbcapfe bboyoac bcrobuc ckxglpk cmflisn dcgulga ddnihka eababrr ejirbdj fahdtlj fdmgllc gbhbkem ggjgkol hejqmbj hicvdpy iadgnva ifkvais jatlily jgtckvw kaowipr kcdjyao lbdwodl lescqqr mabpmko mbtrujv nabopyu naojoof ncujiee oaaocnp oexgbxn pcitoln pdbciyq pdvsoyk qghalhh qnmqbct rcltjhg renmrdr sawnpef sbsagvr tbaxapw tgqnxlh uedgfow uehjsrl ugrrcbt vdcojgs vetmvbm wangfwk wcbiosn wcliktl xcjayco xfsmruv yavfilp yaysbsg ycakcij abnajil axfmfrn adcvbui ahwccxo alaaovp asqjoec aabldqf atforde arahgsf athluno alpdurt afafaqo 
mkmsksn 
49msksn 4wmsksn 4xmsksn 4ymsksn 4zmsksn g9msksn gwmsksn gxmsksn gymsksn gzmsksn h9msksn hwmsksn hxmsksn hymsksn hzmsksn i9msksn iwmsksn ixmsksn iymsksn izmsksn i9msksn iwmsksn ixmsksn iymsksn izmsksn 
FALSE 
aawqomq abcbcmb bbcapfe bboyoac bcrobuc ckxglpk cmflisn dcgulga ddnihka eababrr egapqjq fahdtlj fdmgllc gbhbkem ggjgkol hejqmbj hicvdpy iadgnva ifkvais jatlily jgtckvw kaowipr kaurhfx kcdjyao lbdwodl lescqqr mabpmko mbtrujv nabopyu naojoof ncujiee oaaocnp oexgbxn pcitoln pdbciyq pdvsoyk qghalhh qlxlcwf rcltjhg renmrdr reohnir sawnpef sbsagvr tbaxapw tgqnxlh uedgfow uehjsrl ugrrcbt vdcojgs vetmvbm wangfwk wcbiosn wcliktl xcjayco xfsmruv yavfilp yaysbsg ybabyeh abnajil axfmfrn adcvbui ahwccxo alaaovp asqjoec aabldqf atforde arahgsf athluno alpdurt afafaqo 
TRUE 
aawqomq abcbcmb bbcapfe bboyoac bcrobuc ckxglpk cmflisn dcgulga ddnihka eababrr egapqjq fahdtlj fdmgllc gbautou gbhbkem ggjgkol hejqmbj hicvdpy iadgnva ifkvais jatlily jgtckvw kaowipr kaurhfx kcdjyao lbdwodl lescqqr mabpmko mbtrujv nabopyu naojoof ncujiee oaaocnp oexgbxn pbqxjih pcitoln qghalhh qlxlcwf rcltjhg renmrdr reohnir sawnpef sbsagvr tbaxapw tgqnxlh uedgfow uehjsrl ugrrcbt vdcojgs vetmvbm wangfwk wcbiosn wcliktl xcjayco xfsmruv yavfilp yaysbsg ybabyeh abnajil axfmfrn adcvbui ahwccxo alaaovp asqjoec aabldqf atforde arahgsf athluno alpdurt afafaqo 
aawqomq abcbcmb bbcapfe bboyoac bcrobuc ckxglpk cmflisn dcgulga ddnihka eababrr egapqjq fahdtlj fdmgllc gbautou gbhbkem ggjgkol hejqmbj hicvdpy iadgnva ifkvais jatlily jgtckvw kaowipr kaurhfx kcdjyao lbdwodl lescqqr mabpmko mbtrujv nabopyu naojoof ncujiee oaaocnp oexgbxn pbqxjih pcitoln qghalhh qlxlcwf rcltjhg renmrdr reohnir sawnpef sbsagvr tbaxapw tgqnxlh uedgfow uehjsrl ugrrcbt vdcojgs vetmvbm wangfwk wcbiosn wcliktl xcjayco xfsmruv yavfilp yaysbsg ybabyeh abnajil axfmfrn adcvbui ahwccxo alaaovp asqjoec aabldqf atforde arahgsf athluno alpdurt afafaqo 
FALSE 
FALSE 
15msksn 1jmsksn 1kmsksn 1lmsksn 15msksn 1jmsksn 1kmsksn 1lmsksn 
106.817460 
106.821918 
aawqomq abcbcmb bbcapfe bboyoac bcrobuc ckxglpk cmflisn dcgulga ddnihka eababrr egapqjq fahdtlj fdmgllc gbautou gbhbkem ggjgkol hejqmbj hfbavgh iadgnva ifkvais jatlily jdevumy kaowipr kaurhfx kcdjyao lbdwodl lescqqr mabpmko mbtrujv nabopyu naojoof ncujiee oaaocnp oexgbxn pbqxjih pcitoln qghalhh qlxlcwf rcltjhg renmrdr reohnir sawnpef sbsagvr tbaxapw tgqnxlh uedgfow uehjsrl ugrrcbt vcvakai vdcojgs wangfwk wcbiosn wcliktl xcjayco xfsmruv yavfilp yaysbsg ybabyeh abnajil axfmfrn adcvbui ahwccxo alaaovp asqjoec aabldqf atforde arahgsf athluno alpdurt afafaqo allbfto aganyum akqofxd 
xsmsksn 
12msksn 1awqomq 1bcbcmb 1cmsksn 12msksn 1awqomq 1bcbcmb 1cmsksn 
aawqomq abcbcmb bbcapfe bboyoac bcrobuc ckxglpk cmflisn dcgulga ddnihka eababrr egapqjq fahdtlj fdmgllc gbautou gbhbkem ggjgkol hamhyel hejqmbj iadgnva ifkvais jatlily jdevumy kaowipr kaurhfx kcdjyao lbdwodl lescqqr mabpmko mbtrujv nabopyu naojoof ncujiee oaaocnp oexgbxn pbqxjih pcitoln qghalhh qlxlcwf rcltjhg renmrdr reohnir sawnpef sbsagvr tbaxapw tgqnxlh uedgfow uehjsrl ugrrcbt vcvakai vdcojgs wangfwk wcbiosn wcliktl xcjayco xfsmruv yavfilp yaysbsg ybabyeh abnajil axfmfrn adcvbui ahwccxo alaaovp asqjoec aabldqf atforde arahgsf athluno alpdurt afafaqo allbfto aganyum akqofxd 
vumsksn 
obcbcmb 
iimsksn 
93msksn 9dmsksn 9ekkusy 9fmsksn w3msksn wdmsksn wekkusy wfmsksn x3msksn xdmsksn xekkusy xfmsksn y3msksn ydmsksn yekkusy yfmsksn z3msksn zdmsksn zekkusy zfmsksn z3msksn zdmsksn zekkusy zfmsksn 
aawqomq abcbcmb bbcapfe bboyoac bcrobuc ckxglpk cmflisn dcgulga ddnihka eababrr eepgmaf fahdtlj fdmgllc gbautou gbhbkem ggjgkol hamhyel hejqmbj iadgnva ifkvais jatlily jbreaxa kaowipr kaurhfx kcdjyao lbdwodl lescqqr mabpmko mbtrujv nabopyu naojoof ncujiee oaaocnp oeekdbs oexgbxn pbqxjih pcitoln qghalhh qlxlcwf rbaviui rcltjhg sawnpef sbsagvr tbaxapw tgqnxlh uedgfow uehjsrl ugrrcbt vcvakai vdcojgs wangfwk wcbiosn wcliktl xcjayco xfsmruv yavfilp yaysbsg ybabyeh abnajil axfmfrn adcvbui ahwccxo alaaovp asqjoec aabldqf atforde arahgsf athluno alpdurt afafaqo allbfto aganyum akqofxd 
60msksn m0msksn n0msksn o0msksn o0msksn 
106.694981 
aawqomq abcbcmb bbcapfe bboyoac bcrobuc ckxglpk cmflisn dcgulga ddnihka eababrr eepgmaf fahdtlj fdmgllc gbautou gbhbkem ggjgkol hamhyel hejqmbj iadgnva ifkvais jatlily jbreaxa kaowipr kaurhfx kcdjyao lbdwodl lescqqr mabpmko mbtrujv nabopyu naojoof ncujiee oaaocnp oeekdbs oexgbxn pbqxjih pcitoln qghalhh qlxlcwf rbaviui rcltjhg sawnpef sbsagvr tbaxapw tgqnxlh uedgfow uehjsrl ugrrcbt vcvakai vdcojgs wangfwk wcbiosn wcliktl xcjayco xfsmruv yavfilp yaysbsg ybabyeh abnajil axfmfrn adcvbui ahwccxo alaaovp asqjoec aabldqf atforde arahgsf athluno alpdurt afafaqo allbfto aganyum akqofxd aqhufhx 
aawqomq abcbcmb bbcapfe bboyoac bcrobuc ckxglpk cmflisn dcgulga ddnihka eababrr eepgmaf fahdtlj fdmgllc gbautou gbhbkem ggjgkol hamhyel hejqmbj iadgnva ifkvais jatlily jbreaxa kaowipr kaurhfx kcdjyao lbdwodl lescqqr mabpmko mbtrujv nabopyu naojoof ncujiee oaaocnp oeekdbs oexgbxn pbqxjih pcitoln qghalhh qlxlcwf rbaviui rcltjhg sawnpef sbsagvr tbaxapw tgqnxlh uedgfow uehjsrl ugrrcbt vcvakai vdcojgs wangfwk wcbiosn wcliktl xcjayco xfsmruv yavfilp yaysbsg ybabyeh abnajil axfmfrn adcvbui ahwccxo alaaovp asqjoec aabldqf atforde arahgsf athluno alpdurt afafaqo allbfto aganyum akqofxd aqhufhx 
86msksn 8mmsksn 8nmsksn 8omsksn t6msksn tmmsksn tnmsksn tomsksn u6msksn ummsksn unmsksn uomsksn v6msksn vmmsksn vnmsksn vomsksn v6msksn vmmsksn vnmsksn vomsksn 
aawqomq abcbcmb bbcapfe bboyoac bcrobuc cdftrec ckxglpk dcgulga ddnihka eababrr eepgmaf fahdtlj fdmgllc gbautou gbhbkem gcqapgh hamhyel hejqmbj iadgnva ifkvais jatlily jbreaxa kaowipr kaurhfx kcdjyao lbdwodl lescqqr mabpmko mbtrujv nabopyu naojoof ncujiee oaaocnp oeekdbs oexgbxn pbqxjih pcitoln qceersn qghalhh rbaviui rcltjhg sawnpef sbsagvr tbaxapw tgqnxlh uedgfow uehjsrl ugrrcbt vcsqhfc vcvakai vdcojgs wangfwk wcbiosn wcliktl xcjayco xfsmruv yavfilp yaysbsg ybabyeh abnajil axfmfrn adcvbui ahwccxo alaaovp asqjoec aabldqf atforde arahgsf athluno alpdurt afafaqo allbfto aganyum akqofxd aqhufhx 
aawqomq abcbcmb bbcapfe bboyoac bcrobuc cdftrec ckxglpk dcgulga ddnihka eababrr eepgmaf fahdtlj fdmgllc gbautou gbhbkem gcqapgh hamhyel hejqmbj iadgnva ifkvais jatlily jbreaxa kaowipr kaurhfx kcdjyao lbdwodl lescqqr mabpmko mbtrujv nabopyu naojoof ncujiee oaaocnp oeekdbs oexgbxn pbqxjih pcitoln qceersn qghalhh rbaviui rcganbf rcltjhg sawnpef sbsagvr tbaxapw tgqnxlh uedgfow uehjsrl ugrrcbt vcsqhfc vcvakai vdcojgs wangfwk wcbiosn wcliktl xcjayco xfsmruv yavfilp yaysbsg ybabyeh abnajil axfmfrn adcvbui ahwccxo alaaovp asqjoec aabldqf atforde arahgsf athluno alpdurt afafaqo allbfto aganyum akqofxd aqhufhx 
aawqomq abcbcmb bbcapfe bboyoac bcrobuc cdftrec ckxglpk dcgulga ddnihka eababrr ebvfutc fahdtlj fdmgllc gbautou gbhbkem gcqapgh hamhyel hejqmbj iadgnva ifkvais jatlily jbreaxa kaowipr kaurhfx kcdjyao lbdwodl lescqqr mabpmko mbtrujv nabopyu naojoof ncujiee oaaocnp oeekdbs oexgbxn pbqxjih pcitoln qceersn qghalhh rbaviui rcganbf rcltjhg sawnpef sbsagvr tbaxapw tgqnxlh uedgfow uehjsrl ugrrcbt vcsqhfc vcvakai vdcojgs wangfwk wcbiosn wcliktl xcjayco xfsmruv yavfilp yaysbsg ybabyeh abnajil axfmfrn adcvbui ahwccxo alaaovp asqjoec aabldqf atforde arahgsf athluno alpdurt afafaqo allbfto aganyum akqofxd aqhufhx 
aawqomq abcbcmb bbcapfe bboyoac bcrobuc cdftrec ckxglpk dcgulga ddnihka eababrr ebvfutc fahdtlj fdmgllc gbautou gbhbkem gcqapgh hamhyel hejqmbj iadgnva ifkvais jatlily jbreaxa kaowipr kaurhfx kcdjyao lbdwodl lescqqr mabpmko mbtrujv nabopyu naojoof ncujiee oaaocnp oeekdbs oexgbxn pbqxjih pcitoln qceersn qghalhh rbaviui rcganbf rcltjhg sawnpef sbsagvr tbaxapw tgqnxlh uedgfow uehjsrl ugrrcbt vcsqhfc vcvakai vdcojgs wangfwk wcbiosn wcliktl xcjayco xfsmruv yavfilp yaysbsg ybabyeh abnajil axfmfrn adcvbui ahwccxo alaaovp asqjoec aabldqf atforde arahgsf athluno alpdurt afafaqo allbfto aganyum akqofxd aqhufhx 
FALSE 
62msksn 6awqomq 6bcbcmb 6cmsksn m2msksn mawqomq mbcbcmb mcmsksn n2msksn nawqomq nbcbcmb ncmsksn o2msksn oawqomq obcbcmb ocmsksn o2msksn oawqomq obcbcmb ocmsksn 
yrmsksn 
36msksn 3mmsksn 3nmsksn 3omsksn d6msksn dmmsksn dnmsksn domsksn e6msksn emmsksn enmsksn eomsksn f6msksn fmmsksn fnmsksn fomsksn f6msksn fmmsksn fnmsksn fomsksn 
aawqomq abcbcmb bbcapfe bboyoac bcrobuc cdftrec ckxglpk dcgulga ddnihka eababrr ebvfutc fahdtlj fdmgllc gbautou gbhbkem gcqapgh hamhyel hejqmbj iadgnva ifkvais jatlily jbreaxa kaowipr kaurhfx kcdjyao lbdwodl lescqqr mabpmko mbtrujv nabopyu naojoof ncujiee oaaocnp oeekdbs oexgbxn pbqxjih pcitoln qceersn qghalhh rbaviui rcganbf rcltjhg sawnpef sbsagvr tbaxapw tgqnxlh uedgfow uehjsrl ugrrcbt vcsqhfc vcvakai vdcojgs wangfwk wcbiosn wcliktl xcjayco xfsmruv yavfilp yaysbsg ybabyeh abnajil axfmfrn adcvbui ahwccxo alaaovp asqjoec aabldqf atforde arahgsf athluno alpdurt afafaqo allbfto aganyum akqofxd aqhufhx 
almsksn 
aawqomq abcbcmb bbcapfe bboyoac bcrobuc cdftrec ckxglpk dcgulga ddnihka eababrr ebvfutc fahdtlj fdmgllc gbautou gbhbkem gcqapgh hamhyel hejqmbj iadgnva ifkvais jatlily jbreaxa kaowipr kaurhfx kcdjyao lbdwodl lescqqr mabpmko mbtrujv nabopyu naojoof ncujiee oaaocnp ocuwcnf pbqxjih pcitoln qceersn qcvmyro qghalhh rbaviui rcganbf rcltjhg sawnpef sbsagvr tbaxapw tgqnxlh uedgfow uehjsrl ugrrcbt vcsqhfc vcvakai vdcojgs wangfwk wcbiosn wcliktl xafuxmw xcjayco yavfilp yaysbsg ybabyeh abnajil axfmfrn adcvbui ahwccxo alaaovp asqjoec aabldqf atforde arahgsf athluno alpdurt afafaqo allbfto aganyum akqofxd aqhufhx ajreccj 
uumsksn 
limsksn 
FALSE 
osmsksn 
FALSE 
hwmsksn 
aawqomq abcbcmb bbcapfe bboyoac bcrobuc cauwssg cdftrec dcgulga ddnihka eababrr ebvfutc fahdtlj fdmgllc gbautou gbhbkem gcqapgh hamhyel hejqmbj iadgnva ifkvais jatlily jbreaxa kaowipr kaurhfx kcdjyao lbdwodl lescqqr mabpmko mbtrujv nabopyu naojoof ncujiee oaaocnp ocuwcnf pbqxjih pcitoln qceersn qcvmyro qghalhh rbaviui rcganbf rcltjhg sawnpef sbsagvr tbaxapw tgqnxlh uedgfow uehjsrl ugrrcbt vcsqhfc vcvakai vdcojgs wangfwk wcbiosn wcliktl xafuxmw xcjayco yavfilp yaysbsg ybabyeh abnajil axfmfrn adcvbui ahwccxo alaaovp asqjoec aabldqf atforde arahgsf athluno alpdurt afafaqo allbfto aganyum akqofxd aqhufhx ajreccj 
98msksn 9tmsksn 9umsksn 9vmsksn w8msksn wtmsksn wumsksn wvmsksn x8msksn xtmsksn xumsksn xvmsksn y8msksn ytmsksn yumsksn yvmsksn z8msksn ztmsksn zumsksn zvmsksn z8msksn ztmsksn zumsksn zvmsksn 
FALSE 
01msksn 01msksn 
hsmsksn 
FALSE 
70msksn p0msksn q0msksn r0msksn s0msksn s0msksn 
03msksn 0dmsksn 0ekkusy 0fmsksn 03msksn 0dmsksn 0ekkusy 0fmsksn 
tfmsksn 
aawqomq abcbcmb bbcapfe bboyoac bcrobuc cauwssg cdftrec dawjsbk dcgulga eababrr ebvfutc fahdtlj fdmgllc gbautou gbhbkem gcqapgh hamhyel hejqmbj iadgnva ifkvais jatlily jbreaxa kaowipr kaurhfx kcdjyao lbdwodl lescqqr mabpmko mbtrujv nabopyu naojoof ncujiee oaaocnp ocuwcnf pbqxjih pcitoln qceersn qcvmyro qghalhh rbaviui rbskuev rcganbf rcltjhg sawnpef sbsagvr tbaxapw tgqnxlh ucxwfml udsovnb vcsqhfc vcvakai vdcojgs wangfwk wcbiosn wcliktl xafuxmw xcjayco yavfilp yaysbsg ybabyeh abnajil axfmfrn adcvbui ahwccxo alaaovp asqjoec aabldqf atforde arahgsf athluno alpdurt afafaqo allbfto aganyum akqofxd aqhufhx ajreccj agytkyy adhhxky auaskvw 
dpmsksn 
FALSE 
41msksn g1msksn h1msksn i1msksn i1msksn 
aawqomq abcbcmb bbcapfe bboyoac bcrobuc cauwssg cdftrec dawjsbk dcgulga eababrr ebvfutc fahdtlj fdmgllc gbautou gbhbkem gcqapgh hamhyel hejqmbj iadgnva ifkvais jatlily jbreaxa kaowipr kaurhfx kcdjyao lbdwodl lescqqr mabpmko mbtrujv nabopyu naojoof ncujiee oaaocnp ocuwcnf pbqxjih pcitoln qceersn qcvmyro qghalhh rbaviui rbskuev rcganbf rcltjhg sawnpef sbsagvr tbaxapw tgqnxlh ucxwfml udsovnb vcsqhfc vcvakai vdcojgs wangfwk wbakamo xafuxmw xcjayco yavfilp yaysbsg ybabyeh abnajil axfmfrn adcvbui ahwccxo alaaovp asqjoec aabldqf atforde arahgsf athluno alpdurt afafaqo allbfto aganyum akqofxd aqhufhx ajreccj agytkyy adhhxky auaskvw 
aawqomq abcbcmb bbcapfe bboyoac bcrobuc cauwssg cdftrec dawjsbk dcgulga eababrr ebvfutc fahdtlj fdmgllc gbautou gbhbkem gcqapgh hamhyel hejqmbj iadgnva ialmhlu ifkvais jatlily jbreaxa kaowipr kaurhfx kcdjyao lbdwodl lescqqr mabpmko mbtrujv nabopyu naojoof ncujiee oaaocnp ocuwcnf pbqxjih pcitoln qceersn qcvmyro qghalhh rbaviui rbskuev rcganbf rcltjhg sawnpef sbsagvr tbaxapw tgqnxlh ucxwfml udsovnb vcsqhfc vcvakai vdcojgs wangfwk wbakamo xafuxmw xcjayco yavfilp yaysbsg ybabyeh abnajil axfmfrn adcvbui ahwccxo alaaovp asqjoec aabldqf atforde arahgsf athluno alpdurt afafaqo allbfto aganyum akqofxd aqhufhx ajreccj agytkyy adhhxky auaskvw 
ikmsksn 
FALSE 
106.792683 
106.792683 
FALSE 
38msksn 3tmsksn 3umsksn 3vmsksn d8msksn dtmsksn dumsksn dvmsksn e8msksn etmsksn eumsksn evmsksn f8msksn ftmsksn fumsksn fvmsksn f8msksn ftmsksn fumsksn fvmsksn 
106.792683 
aawqomq abcbcmb bbcapfe bboyoac bcrobuc cauwssg cdftrec dawjsbk dcgulga eababrr ebvfutc fahdtlj fdmgllc gbautou gbhbkem gcqapgh hamhyel hejqmbj heorvca iadgnva ialmhlu ifkvais jatlily jbreaxa kaowipr kaurhfx kbaagoi lbdwodl lescqqr mabpmko mbtrujv nabopyu naojoof ncujiee oaaocnp ocuwcnf pbqxjih pcitoln qceersn qcvmyro qghalhh ratnbva rbaviui rbskuev sawnpef sbsagvr tbaxapw tgqnxlh ucxwfml udsovnb vcsqhfc vcvakai vdcojgs wangfwk wbakamo xafuxmw xcjayco yavfilp yaysbsg ybabyeh abnajil axfmfrn adcvbui ahwccxo alaaovp asqjoec aabldqf atforde arahgsf athluno alpdurt afafaqo allbfto aganyum akqofxd aqhufhx ajreccj agytkyy adhhxky auaskvw awgdmfi aqioxha 
06msksn 0mmsksn 0nmsksn 0omsksn 06msksn 0mmsksn 0nmsksn 0omsksn 
aawqomq abcbcmb bbcapfe bboyoac bcrobuc cauwssg cdftrec dawjsbk dcgulga eababrr ebvfutc fahdtlj fdmgllc gbautou gbhbkem gcqapgh hamhyel hejqmbj heorvca iadgnva ialmhlu ifkvais jatlily jbreaxa kaowipr kaurhfx kbaagoi lbdwodl lescqqr mabpmko mbtrujv nabopyu naojoof ncujiee oaaocnp ocuwcnf pbqxjih pcitoln qceersn qcvmyro qghalhh ratnbva rbaviui rbskuev sawnpef sbsagvr tbaxapw tgqnxlh ucxwfml udsovnb vcsqhfc vcvakai vdcojgs wangfwk wbakamo xafuxmw xcjayco yavfilp yaysbsg ybabyeh abnajil axfmfrn adcvbui ahwccxo alaaovp asqjoec aabldqf atforde arahgsf athluno alpdurt afafaqo allbfto aganyum akqofxd aqhufhx ajreccj agytkyy adhhxky auaskvw awgdmfi aqioxha avsydks 
25msksn 2jmsksn 2kmsksn 2lmsksn a5msksn ajmsksn akmsksn almsksn b5msksn bjmsksn bkmsksn blmsksn c5msksn cjmsksn ckmsksn clmsksn c5msksn cjmsksn ckmsksn clmsksn 
aawqomq abcbcmb bbcapfe bboyoac bcrobuc cauwssg cdftrec dawjsbk dcgulga eababrr ebvfutc fahdtlj fdmgllc gbautou gbhbkem gcqapgh hamhyel hejqmbj heorvca iadgnva ialmhlu ifkvais jatlily jbreaxa kaowipr kaurhfx kbaagoi lbdwodl lescqqr mabpmko mbtrujv nabopyu naojoof ncujiee oaaocnp ocuwcnf pbqxjih pcitoln qceersn qcvmyro qghalhh ratnbva rbaviui rbskuev sawnpef sbsagvr tbaxapw tgqnxlh ucxwfml udsovnb vcsqhfc vcvakai vdcojgs wangfwk wbakamo xafuxmw xcjayco yavfilp yaysbsg ybabyeh abnajil axfmfrn adcvbui ahwccxo alaaovp asqjoec aabldqf atforde arahgsf athluno alpdurt afafaqo allbfto aganyum akqofxd aqhufhx ajreccj agytkyy adhhxky auaskvw awgdmfi aqioxha avsydks 
FALSE 
aawqomq abcbcmb bbcapfe bboyoac bcrobuc cauwssg cdftrec dawjsbk dcgulga eababrr ebvfutc fahdtlj fdmgllc gbautou gbhbkem gcqapgh hamhyel hejqmbj heorvca iadgnva ialmhlu ifkvais jatlily jbreaxa kaowipr kaurhfx kbaagoi lbdwodl lescqqr mabpmko mbtrujv nabopyu naojoof ncujiee oaaocnp ocuwcnf pbqxjih pcitoln qceersn qcvmyro qghalhh ratnbva rbaviui rbskuev sawnpef sbsagvr tbaxapw tgqnxlh ucxwfml udsovnb vcsqhfc vcvakai vdcojgs wangfwk wbakamo xafuxmw xcjayco yavfilp yaysbsg ybabyeh abnajil axfmfrn adcvbui ahwccxo alaaovp asqjoec aabldqf atforde arahgsf athluno alpdurt afafaqo allbfto aganyum akqofxd aqhufhx ajreccj agytkyy adhhxky auaskvw awgdmfi aqioxha avsydks 
wxmsksn 
56msksn 5mmsksn 5nmsksn 5omsksn j6msksn jmmsksn jnmsksn jomsksn k6msksn kmmsksn knmsksn komsksn l6msksn lmmsksn lnmsksn lomsksn l6msksn lmmsksn lnmsksn lomsksn 
aawqomq abcbcmb bbcapfe bboyoac bcrobuc caqbier cauwssg cdftrec dawjsbk dcgulga eababrr ebvfutc fahdtlj fdmgllc gbautou gbhbkem gcqapgh hamhyel hejqmbj heorvca iadgnva ialmhlu ifkvais jatlily jbreaxa kaowipr kaurhfx kbaagoi lbdwodl lescqqr mabpmko mbtrujv nabopyu naojoof ncujiee oaaocnp ocuwcnf pbqxjih pcitoln qceersn qcvmyro qghalhh ratnbva rbaviui rbskuev sawnpef sbsagvr tbaxapw tgqnxlh ucxwfml udsovnb vcsqhfc vcvakai vdcojgs wangfwk wbakamo xafuxmw xcjayco yavfilp yaysbsg ybabyeh abnajil axfmfrn adcvbui ahwccxo alaaovp asqjoec aabldqf atforde arahgsf athluno alpdurt afafaqo allbfto aganyum akqofxd aqhufhx ajreccj agytkyy adhhxky auaskvw awgdmfi aqioxha avsydks aevftgc 
akmsksn 
sekkusy 
ermsksn 
35msksn 3jmsksn 3kmsksn 3lmsksn d5msksn djmsksn dkmsksn dlmsksn e5msksn ejmsksn ekmsksn elmsksn f5msksn fjmsksn fkmsksn flmsksn f5msksn fjmsksn fkmsksn flmsksn 
106.781513 
gqmsksn 
TRUE 
33msksn 3dmsksn 3ekkusy 3fmsksn d3msksn ddmsksn dekkusy dfmsksn e3msksn edmsksn eekkusy efmsksn f3msksn fdmsksn fekkusy ffmsksn f3msksn fdmsksn fekkusy ffmsksn 
