afuarxs ckqltwu petwlqk avupwnq rbgfief 
afuarxs ckqltwu cntekgc enmlleo irgcfux iacymiy kkwafkx ljqnalr lpssarp pdcdyas petwlqk avupwnq rbgfief snvvuvn twrdtrl 



FALSE 
108.721088 
afuarxs bsgcaca buyytae ckqltwu cntekgc djaygnk enmlleo irgcfux iacymiy jrsxaal kkwafkx lexqycm ljkwxwg ljqnalr orjqjye pdcdyas petwlqk avupwnq rbgfief snvvuvn twrdtrl ymotabf 
afuarxs bsgcaca buyytae ckqltwu cntekgc djaygnk enmlleo irgcfux iacymiy jrsxaal kkwafkx lexqycm ljkwxwg ljqnalr ngyiqlr orjqjye pdcdyas petwlqk avupwnq rbgfief snvvuvn twrdtrl wlsmwim xderdrj ymotabf 
afuarxs bsgcaca buyytae ckqltwu cntekgc djaygnk enmlleo fiefsai hjxcaxu irgcfux iacymiy jrsxaal kkwafkx lexqycm ljkwxwg ljqnalr ngyiqlr orjqjye pdcdyas petwlqk avupwnq rbgfief snvvuvn twrdtrl wlsmwim xderdrj ymotabf 
afuarxs bsgcaca buyytae ckqltwu cntekgc djaygnk enmlleo feofjij fiefsai hjxcaxu hnpuatt irgcfux iacymiy jrsxaal kkwafkx lexqycm ljkwxwg ljqnalr ngyiqlr orjqjye pdcdyas petwlqk avupwnq rbgfief snvvuvn twrdtrl wlsmwim wwolgfg xderdrj ymotabf adejqim 


108.277778 
abddgcv afuarxs bsgcaca buyytae cdgheaa cfsolel djaygnk enmlleo feofjij fiefsai hjxcaxu hnpuatt irgcfux iacymiy jrsxaal kfddiml kkwafkx lexqycm ljkwxwg ljqnalr ngyiqlr orjqjye pdcdyas petwlqk avupwnq rbgfief snvvuvn twrdtrl vupaviu wlsmwim wwolgfg xderdrj xmomsxy yfuyhki ymotabf adejqim 
108.439850 
abddgcv afuarxs bsgcaca buyytae cdgheaa cfsolel djaygnk enmlleo feofjij fiefsai hjxcaxu hnpuatt irgcfux iacymiy jrsxaal kfddiml kkwafkx lexqycm ljkwxwg ljqnalr ngyiqlr orjqjye ovwvuyh pdcdyas petwlqk avupwnq rbgfief rfyckld snvvuvn twrdtrl vupaviu wlsmwim wwolgfg xderdrj xmomsxy yfuyhki yhwxmgn adejqim 
abddgcv afuarxs bsgcaca buyytae cdgheaa cfsolel djaygnk enmlleo feofjij fiefsai hjxcaxu hnpuatt irgcfux iacymiy jrsxaal kfddiml kkwafkx lexqycm ljkwxwg ljqnalr ngyiqlr orjqjye ovwvuyh pdcdyas petwlqk avupwnq rbgfief rfyckld snvvuvn twrdtrl vupaviu wlsmwim wwolgfg xderdrj xmomsxy yfuyhki yhwxmgn adejqim 


abcaxul abddgcv afuarxs bsgcaca buyytae cdgheaa cfsolel djaygnk enmlleo fbhdbfa feofjij gfbrmlk hjxcaxu hnpuatt irgcfux iacymiy jrsxaal kfddiml kkwafkx lexqycm ljkwxwg ljqnalr ngyiqlr nwmexoi orjqjye ovwvuyh pdcdyas petwlqk avupwnq qltjkmm rbgfief rfyckld snvvuvn tebdkgd twrdtrl vupaviu wlsmwim wwolgfg xderdrj xmomsxy yfuyhki yhwxmgn adejqim 
FALSE 
FALSE 
FALSE 

abcaxul abddgcv afuarxs bsgcaca buyytae cdgheaa cfsolel djaygnk enmlleo fbhdbfa feofjij gfbrmlk hjxcaxu hnpuatt irgcfux iacymiy jrsxaal kfddiml kkwafkx ldxqvsn lexqycm mcxwafn ngyiqlr nktupai orjqjye ovwvuyh pdcdyas petwlqk avupwnq qltjkmm rbgfief rfyckld snvvuvn tebdkgd twrdtrl ucueiwg vupaviu wlsmwim wwolgfg xderdrj xjlfbqg ydoebyc yfuyhki adejqim 

abcaxul abddgcv afuarxs bsgcaca buyytae cdgheaa cfsolel djaygnk dusfere enmlleo fbhdbfa feofjij gfbrmlk hjxcaxu hnpuatt irgcfux iacymiy jrsxaal kfddiml kkwafkx ldxqvsn lexqycm mcxwafn mfadbvw ngyiqlr nktupai orjqjye ovwvuyh pdcdyas petwlqk avupwnq qltjkmm rbgfief rfyckld snvvuvn tebdkgd twrdtrl ucueiwg vupaviu wlsmwim wwolgfg xderdrj xjlfbqg ydoebyc yfuyhki adejqim 
107.922360 
abcaxul abddgcv afuarxs bsgcaca buyytae cdgheaa cfsolel djaygnk dntcqgj enmlleo fbhdbfa feofjij gfbrmlk hjxcaxu hnpuatt irgcfux iacymiy jrsxaal kfddiml kkwafkx ldxqvsn lexqycm mcxwafn mfadbvw ngyiqlr nktupai orjqjye ovwvuyh pdcdyas petwlqk avupwnq qltjkmm rbgfief rfyckld skxwhsi snvvuvn tebdkgd twrdtrl ucueiwg vupaviu wlsmwim wwolgfg xderdrj xjlfbqg ydoebyc yfuyhki adejqim 
abcaxul abddgcv afuarxs bsgcaca buyytae cdgheaa cfsolel djaygnk dntcqgj enmlleo fbhdbfa feofjij gfbrmlk hjxcaxu hnpuatt irgcfux iacymiy jrsxaal kfddiml kkwafkx ldxqvsn lexqycm mcxwafn mfadbvw ngyiqlr nktupai orjqjye ovwvuyh pdcdyas petwlqk avupwnq qltjkmm rbgfief rfyckld skxwhsi snvvuvn tebdkgd twrdtrl ucueiwg vupaviu wlsmwim wwolgfg xderdrj xjlfbqg ydoebyc yfuyhki adejqim 
108.003040 
abcaxul abddgcv afuarxs bsgcaca buyytae cdgheaa cfsolel djaygnk dntcqgj enmlleo fbhdbfa feofjij gfbrmlk hjxcaxu hnpuatt irgcfux iacymiy jrsxaal kbnxxrd kfddiml ldxqvsn lexqycm mcxwafn mfadbvw ngyiqlr nktupai orjqjye ovwvuyh pdcdyas petwlqk avupwnq qltjkmm rbgfief rfyckld skxwhsi snvvuvn tebdkgd twrdtrl ucueiwg vupaviu wlsmwim wwdbjyg wwolgfg xderdrj xjlfbqg ydoebyc yfuyhki adejqim 

FALSE 
FALSE 

abcaxul abddgcv afuarxs bsgcaca buyytae cdgheaa cfsolel deggjrk djaygnk enmlleo euapahm fbhdbfa feofjij gfbrmlk hjxcaxu hnpuatt irgcfux iacymiy jrsxaal kbnxxrd kfddiml ldxqvsn lexqycm mcxwafn mfadbvw ngyiqlr nkrsdcj nktupai orjqjye osaaofg pdcdyas petwlqk avupwnq qjwdyfk qltjkmm rbgfief rfyckld seagffa skxwhsi tebdkgd tmnqaxu ucueiwg uodwfpk vupaviu wlsmwim wwdbjyg wwolgfg xaeovih xderdrj ydoebyc yfuyhki adejqim 



107.394180 
abcaxul abddgcv afuarxs bsgcaca buyytae cdgheaa cfsolel deggjrk djaygnk djhqgcw eejocfe enmlleo fbhdbfa feofjij gfbrmlk hfaavax hjxcaxu irgcfux iacymiy jrsxaal kbnxxrd kfddiml ldxqvsn lexqycm mcxwafn mfadbvw ngyiqlr nkrsdcj nktupai orjqjye osaaofg pdcdyas petwlqk avupwnq qergemh qjwdyfk rbgfief rfyckld seagffa skxwhsi tebdkgd tmnqaxu ucueiwg unsfiyw vupaviu wlsmwim wwdbjyg wwolgfg xaeovih xderdrj ydoebyc yfuyhki adejqim angnmuy aqgkvms 
107.563910 
107.598522 

107.369048 

FALSE 
abcaxul abddgcv afuarxs bsgcaca buyytae cdgheaa cfsolel deggjrk djaygnk djhqgcw eejocfe enmlleo fbhdbfa feofjij gfbrmlk gxxkhdq hfaavax hgcfvdp igqcspf irgcfux jhwxfdo jrsxaal kbnxxrd kfddiml kftbgyq ldxqvsn lexqycm mbcpums mcxwafn ngyiqlr nkrsdcj nktupai orjqjye osaaofg pdcdyas petwlqk avupwnq qbdldua qergemh rbgfief rfyckld seagffa skxwhsi tebdkgd tmnqaxu uapakba ucueiwg vhscotg vupaviu wlsmwim wwdbjyg wwolgfg xaeovih xderdrj ydoebyc yfuyhki yfxgltl adejqim angnmuy aqgkvms 
abcaxul abddgcv afuarxs bsgcaca buyytae cdgheaa cfsolel deggjrk djaygnk djhqgcw eejocfe enmlleo fbhdbfa feofjij gfbrmlk gxxkhdq hfaavax hgcfvdp igqcspf irgcfux jhwxfdo jrsxaal kbnxxrd kfddiml kftbgyq ldxqvsn lexqycm mbcpums mcxwafn ngyiqlr nkrsdcj nktupai orjqjye osaaofg pdcdyas petwlqk avupwnq qbdldua qergemh rbgfief rfyckld seagffa skxwhsi tebdkgd tmnqaxu uapakba ucueiwg vhscotg vupaviu wlsmwim wwdbjyg wwolgfg xaeovih xderdrj ydoebyc yfuyhki yfxgltl adejqim angnmuy aqgkvms 





FALSE 
abcaxul abddgcv afuarxs bsgcaca buyytae cdgheaa cfsolel deggjrk djaygnk djhqgcw eejocfe enmlleo fbhdbfa feofjij gfbrmlk gxxkhdq hfaavax hgcfvdp icmkfrs igqcspf jhwxfdo jrsxaal kbnxxrd kfddiml kftbgyq ldxqvsn lexqycm mbcpums mcxwafn ngyiqlr nkrsdcj nktupai ocxraaq orjqjye pdcdyas petwlqk avupwnq qbdldua qergemh rbgfief rfyckld seagffa skxwhsi tebdkgd tmnqaxu uapakba ucueiwg vhscotg vtlsbuj wkikkms wlsmwim xaeovih xderdrj ydoebyc yfuyhki yfxgltl adejqim angnmuy aqgkvms 


1hwxfdo 1hwxfdo 
107.402381 
abcaxul abddgcv afuarxs bsgcaca buyytae ccmwdtd cdgheaa deggjrk djaygnk djhqgcw eejocfe enmlleo fbhdbfa feofjij feysict gfbrmlk gxxkhdq hfaavax hgcfvdp icmkfrs igqcspf jhwxfdo jrsxaal kbnxxrd kfddiml kftbgyq ldxqvsn lexqycm mbcpums mcxwafn ngyiqlr nkrsdcj nktupai ocxraaq orjqjye pdcdyas petwlqk avupwnq qbdldua qbeqypv qergemh rbgfief rfyckld seagffa skxwhsi tebdkgd tmnqaxu uapakba ucueiwg vhscotg vtlsbuj wkikkms wlsmwim xaeovih xderdrj ydoebyc yfuyhki yfxgltl adejqim angnmuy aqgkvms atpamev 


FALSE 

107.185941 
4hwxfdo hgcfvdp i4taixc igtaixc ihtaixc iitaixc i4taixc igtaixc ihtaixc iitaixc 
abcaxul abddgcv afuarxs bsgcaca buyytae ccmwdtd cdgheaa deggjrk djaygnk djbpdxx eejocfe enmlleo fbhdbfa feofjij feysict gfbrmlk gxjehky gxxkhdq hchbrpj hfaavax icmkfrs idtaixc jhwxfdo jrsxaal kbnxxrd kdwnmhq ldxqvsn lepommx lexqycm mbcpums mcxwafn ngyiqlr nkrsdcj nktupai oaaagor ocxraaq ocyauic pdcdyas petwlqk avupwnq qbdldua qbeqypv qergemh rbgfief rfyckld seagffa sgadheb tebdkgd tmnqaxu uapakba ubimjrw vhscotg vtlsbuj wkikkms wlsmwim xaeovih xderdrj ydoebyc yfuyhki yfxgltl adejqim angnmuy aqgkvms atpamev 
abcaxul abddgcv afuarxs bsgcaca buyytae ccmwdtd cdgheaa deggjrk djaygnk djbpdxx eejocfe enmlleo fbhdbfa feofjij feysict gfbrmlk gxjehky gxxkhdq hchbrpj hfaavax icmkfrs idtaixc jhwxfdo jrsxaal kbnxxrd kdwnmhq ldxqvsn lepommx lexqycm mbcpums mcxwafn ngyiqlr nkrsdcj nktupai oaaagor ocxraaq ocyauic pdcdyas petwlqk avupwnq qbdldua qbeqypv qergemh rbgfief rfyckld seagffa sgadheb tebdkgd tmnqaxu uapakba ubimjrw vhscotg vtlsbuj wkikkms wlsmwim xaeovih xderdrj ydoebyc yfuyhki yfxgltl adejqim angnmuy aqgkvms atpamev 



4hwxfdo hgcfvdp i4taixc igtaixc ihtaixc iitaixc i4taixc igtaixc ihtaixc iitaixc 

ittaixc 


abcaxul abddgcv afuarxs bamulyd bsgcaca ccmwdtd cdgheaa deggjrk dfnjnww eejocfe eeyusne enmlleo fbhdbfa fddmstv gfbrmlk grookhr hchbrpj hfaavax icmkfrs idtaixc jhwxfdo jrsxaal kbnxxrd kdwnmhq ldelrfy ldxqvsn lepommx lexqycm mbcpums mcxwafn ngyiqlr njpumop oaaagor ocxraaq ocyauic pdcdyas petwlqk avupwnq qbdldua qbeqypv qergemh rbgfief rfyckld seagffa sgadheb tebdkgd tejcrrj tmnqaxu uapakba ubimjrw vdbtvvj vhscotg waelxwy wkikkms xaeovih xderdrj yaieirw ydoebyc adejqim angnmuy aqgkvms atpamev arneqjd alwcjac aaybkfc alsopcj 
107.129870 
7hwxfdo phwxfdo qhwxfdo rhwxfdo shwxfdo shwxfdo 
4rsxaal grookhr hseuchr i7taixc iptaixc iqtaixc irtaixc istaixc i7taixc iptaixc iqtaixc irtaixc istaixc 
abcaxul abddgcv afuarxs bamulyd bsgcaca ccmwdtd cdgheaa deggjrk dfnjnww eejocfe eeyusne enmlleo fbhdbfa fddmstv gfbrmlk grookhr hchbrpj hfaavax icmkfrs idtaixc jdgjxyd jhwxfdo kbnxxrd kdwnmhq ldelrfy ldxqvsn lepommx lexqycm mbcpums mcxwafn ngyiqlr njpumop oaaagor ocxraaq ocyauic pdcdyas petwlqk avupwnq qbdldua qbeqypv qergemh rbgfief rfyckld seagffa sgadheb tebdkgd tejcrrj tmnqaxu uapakba ubimjrw vdbtvvj vhqgkji vhscotg waelxwy wkikkms xaeovih xderdrj yaieirw ydoebyc adejqim angnmuy aqgkvms atpamev arneqjd alwcjac aaybkfc alsopcj 
7dgjxyd pdgjxyd qdgjxyd rdgjxyd sdgjxyd sdgjxyd 
abcaxul abddgcv afuarxs bamulyd blljtuk ccmwdtd cdgheaa dacfcpi deggjrk eejocfe eeyusne enmlleo fbhdbfa fddmstv gfbrmlk grookhr hchbrpj hdbsbgv icmkfrs idtaixc jdgjxyd jhwxfdo kbnxxrd kdwnmhq ldelrfy ldxqvsn lepommx lexqycm mbcpums mcxwafn ngyiqlr nixwfca oaaagor ocxraaq ocyauic pdcdyas petwlqk avupwnq qbdldua qbeqypv qdopcbc rbgfief rfyckld seagffa seffroa sgadheb tebdkgd tejcrrj tmnqaxu uapakba ubimjrw vdbtvvj vhqgkji vhscotg waelxwy wgljevt xaeovih xderdrj yaieirw ydoebyc adejqim angnmuy aqgkvms atpamev arneqjd alwcjac aaybkfc alsopcj arxqhlx 
8dgjxyd tdgjxyd udgjxyd vdgjxyd vdgjxyd 
abcaxul abddgcv afuarxs bamulyd blljtuk ccmwdtd cdgheaa dacfcpi deggjrk eejocfe eeyusne enmlleo fbhdbfa fddmstv gfbrmlk grookhr hchbrpj hdbsbgv icmkfrs idtaixc jdgjxyd jhwxfdo kbnxxrd kdwnmhq ldelrfy ldxqvsn lepommx lexqycm mbcpums mcxwafn ngyiqlr nixwfca oaaagor ocxraaq ocyauic pdcdyas petwlqk avupwnq qbdldua qbeqypv qdopcbc rbgfief rfyckld seagffa seffroa sgadheb tddesmp tebdkgd tejcrrj uapakba ubimjrw vdbtvvj vhqgkji vhscotg waelxwy wgljevt xaeovih xderdrj yaieirw ybntahu adejqim angnmuy aqgkvms atpamev arneqjd alwcjac aaybkfc alsopcj arxqhlx 
abcaxul abddgcv afuarxs bamulyd blljtuk ccmwdtd cdgheaa dacfcpi deggjrk eejocfe eeyusne enmlleo fbhdbfa fddmstv gfbrmlk grbfjem grookhr hchbrpj hdbsbgv icmkfrs idtaixc jdgjxyd jhwxfdo kbnxxrd kdwnmhq ldelrfy ldxqvsn lepommx lexqycm mbcpums mcxwafn ngyiqlr nixwfca oaaagor ocxraaq ocyauic pdcdyas petwlqk avupwnq qbdldua qbeqypv qdopcbc rbgfief rfyckld seagffa seffroa sgadheb tddesmp tebdkgd tejcrrj uapakba ubimjrw vdbtvvj vhqgkji vhscotg waelxwy wgljevt xaeovih xderdrj yaieirw ybntahu adejqim angnmuy aqgkvms atpamev arneqjd alwcjac aaybkfc alsopcj arxqhlx 
abcaxul abddgcv afuarxs bamulyd blljtuk ccmwdtd cdgheaa dacfcpi deggjrk eejocfe eeyusne enmlleo fbhdbfa fddmstv gfbrmlk grbfjem grookhr hchbrpj hdbsbgv icmkfrs idtaixc jdgjxyd jhwxfdo kbnxxrd kdwnmhq ldelrfy ldxqvsn lepommx lexqycm mbcpums mcxwafn ngyiqlr nixwfca oaaagor ocxraaq ocyauic pdcdyas petwlqk avupwnq qbdldua qbeqypv qdopcbc rbgfief rfyckld seagffa seffroa sgadheb tddesmp tebdkgd tejcrrj uapakba ubimjrw vdbtvvj vhqgkji vhscotg waelxwy wgljevt xaeovih xderdrj yaieirw ybntahu adejqim angnmuy aqgkvms atpamev arneqjd alwcjac aaybkfc alsopcj arxqhlx 
FALSE 
abcaxul abddgcv afuarxs bamulyd blljtuk ccmwdtd cdgheaa dacfcpi deggjrk eejocfe eeyusne enmlleo fbhdbfa fddmstv gfbrmlk grbfjem grookhr hchbrpj hdbsbgv icmkfrs idtaixc jdgjxyd jhwxfdo kbnxxrd kdwnmhq ldelrfy ldxqvsn lepommx lexqycm mbcpums mcxwafn ngyiqlr nixwfca oaaagor ocxraaq ocyauic pdcdyas petwlqk avupwnq qbdldua qbeqypv qdopcbc rbgfief rfyckld seagffa seffroa sgadheb tddesmp tebdkgd tejcrrj uapakba ubimjrw vdbtvvj vhqgkji vhscotg waelxwy wgljevt xaeovih xderdrj yaieirw ybntahu adejqim angnmuy aqgkvms atpamev arneqjd alwcjac aaybkfc alsopcj arxqhlx 
pvehafs 
diaygnk dibpdxx 
abcaxul abddgcv afuarxs bamulyd blljtuk ccmwdtd cdgheaa dacfcpi deggjrk eejocfe eeyusne eiywtpf fbhdbfa fddmstv gfbrmlk grbfjem grookhr hchbrpj hdbsbgv icmkfrs idtaixc jdgjxyd jgytkme kbnxxrd kdwnmhq ldelrfy ldxqvsn lepommx lexqycm mbcpums mcxwafn ngyiqlr nixwfca oaaagor ocxraaq ocyauic pdcdyas petwlqk avupwnq qbdldua qbeqypv qdopcbc rbgfief rfyckld seagffa seffroa sgadheb tddesmp tebdkgd tejcrrj uapakba ubimjrw vdbtvvj vhqgkji vhscotg waelxwy wgljevt xaeovih xderdrj yaieirw ybntahu adejqim angnmuy aqgkvms atpamev arneqjd alwcjac aaybkfc alsopcj arxqhlx 
abcaxul abddgcv afuarxs bamulyd blljtuk ccmwdtd cdgheaa dacfcpi deggjrk eejocfe eeyusne eiywtpf fbhdbfa fddmstv gfbrmlk grbfjem grookhr hchbrpj hdbsbgv icmkfrs idtaixc jacwrqm jdgjxyd kbnxxrd kdwnmhq ldelrfy ldxqvsn lepommx lexqycm mbcpums mcxwafn ngyiqlr nixwfca oaaagor ocxraaq ocyauic pdcdyas petwlqk avupwnq qbdldua qbeqypv qdopcbc rbgfief rfyckld seagffa seffroa sgadheb tddesmp tebdkgd tejcrrj uapakba ubimjrw vdbtvvj vhqgkji vhscotg waelxwy wgljevt xaeovih xderdrj yaieirw ybntahu adejqim angnmuy aqgkvms atpamev arneqjd alwcjac aaybkfc alsopcj arxqhlx 
abcaxul abddgcv afuarxs bamulyd blljtuk ccmwdtd cdgheaa dacfcpi deggjrk eejocfe eeyusne eiywtpf fbhdbfa fddmstv gfbrmlk grbfjem grookhr hchbrpj hdbsbgv icmkfrs idtaixc jacwrqm jdgjxyd kbnxxrd kdwnmhq ldelrfy ldxqvsn lepommx lexqycm mbcpums mcxwafn ngyiqlr nixwfca oaaagor ocxraaq ocyauic pdcdyas petwlqk avupwnq qbdldua qbeqypv qdopcbc rbgfief rfyckld seagffa seffroa sgadheb tddesmp tebdkgd tejcrrj uapakba ubimjrw vdbtvvj veaqomp waelxwy wdaarfj xaeovih xderdrj yaieirw ybntahu adejqim angnmuy aqgkvms atpamev arneqjd alwcjac aaybkfc alsopcj arxqhlx 
xexihnc 
107.068410 
7vehafs pvehafs qvehafs rvehafs svehafs svehafs 
dkkdvin 
hseuchr 
FALSE 
FALSE 
89ahqwn 8wahqwn 8xahqwn 8yahqwn 8zahqwn t9ahqwn twahqwn txahqwn tyahqwn tzahqwn u9ahqwn uwahqwn uxahqwn uyahqwn uzahqwn v9ahqwn vwahqwn vxahqwn vyahqwn vzahqwn v9ahqwn vwahqwn vxahqwn vyahqwn vzahqwn 
45ahqwn 4jahqwn 4kahqwn 4lahqwn hjxcaxu hllmabn hlnlmom i5taixc ijtaixc iktaixc iltaixc i5taixc ijtaixc iktaixc iltaixc 
mcahqwn 
abcaxul abddgcv afuarxs bamulyd bdwllte ccmwdtd cdgheaa dacfcpi dckdvin echwajf edybgww fbhdbfa fddmstv gfbrmlk grbfjem grookhr hchbrpj hdbsbgv icmkfrs idtaixc jacwrqm jdgjxyd kbnxxrd kdwnmhq ldelrfy ldnlvkk lepommx lexqycm mbcpums mcxwafn nccguam ngyiqlr oaaagor ocxraaq ocyauic pdcdyas petwlqk avupwnq qbdldua qbeqypv qbevmvs qdopcbc rbgfief rfyckld seagffa seffroa sgadheb tddesmp tebdkgd tejcrrj uampjae uapakba ubimjrw vbeddej vdbtvvj waelxwy wastbsg wdaarfj xaeovih xderdrj yaieirw ybntahu adejqim angnmuy aqgkvms atpamev arneqjd alwcjac aaybkfc alsopcj arxqhlx akuydvs acwdihl 
05ahqwn 0jahqwn 0kahqwn 0lahqwn 05ahqwn 0jahqwn 0kahqwn 0lahqwn 
FALSE 
ddkdvin 
FALSE 
29ahqwn 2wahqwn 2xahqwn 2yahqwn 2zahqwn awaiixm ayiutxm aylptlt byeewap cwwnauc cwwnauc 
knahqwn 
abcaxul abddgcv afuarxs bamulyd bdwllte ccmwdtd cdgheaa dacfcpi dckdvin echwajf edybgww fayoayi fbhdbfa gfbrmlk gldsbst hchbrpj hdbsbgv icmkfrs idtaixc jacwrqm jdgjxyd kbnxxrd kdwnmhq ldelrfy ldnlvkk lepommx lexqycm mbcpums mcxwafn nahnqma nccguam oaaagor ocxraaq ocyauic pdcdyas petwlqk avupwnq qbdldua qbeqypv qbevmvs qdopcbc rbgfief rfyckld seagffa seffroa sgadheb tddesmp tebdkgd tejcrrj uampjae uapakba ubimjrw vbeddej vdbtvvj waelxwy wahjiqr wdaarfj xaeovih xderdrj yaieirw ybntahu adejqim angnmuy aqgkvms atpamev arneqjd alwcjac aaybkfc alsopcj arxqhlx akuydvs acwdihl 
28ahqwn 2tahqwn 2uahqwn 2vehafs buyytae ctsmcdv cubkmxa cudyoni ctsmcdv cubkmxa cudyoni 
viahqwn 
abcaxul abddgcv afuarxs bamulyd bdwllte ccmwdtd cdgheaa dacfcpi dckdvin echwajf edybgww fayoayi fbhdbfa gfbrmlk gldsbst hchbrpj hdbsbgv icmkfrs idtaixc jacwrqm jdgjxyd kbnxxrd kdwnmhq ldelrfy ldnlvkk lepommx lexqycm mbcpums mcxwafn nahnqma nccguam oaaagor ocxraaq ocyauic pdcdyas petwlqk avupwnq qbdldua qbeqypv qbevmvs qdopcbc rbgfief rfyckld seagffa seffroa sgadheb tddesmp tebdkgd tejcrrj uampjae uapakba ubimjrw vbeddej vdbtvvj waelxwy wahjiqr wdaarfj xaeovih xderdrj yaieirw ybntahu adejqim angnmuy aqgkvms atpamev arneqjd alwcjac aaybkfc alsopcj arxqhlx akuydvs acwdihl anwdrkd 
jgytkme 
88ahqwn 8tahqwn 8uahqwn 8vehafs t8ahqwn ttahqwn tuahqwn tvehafs u8ahqwn utahqwn uuahqwn uvehafs v8ahqwn vtahqwn vuahqwn vvehafs v8ahqwn vtahqwn vuahqwn vvehafs 
FALSE 

abcaxul abddgcv afuarxs bamulyd bdwllte ccmwdtd cdgheaa dacfcpi dckdvin echwajf edybgww fayoayi fbhdbfa gfbrmlk gldsbst hchbrpj hdbsbgv icmkfrs idtaixc jacwrqm jdgjxyd kbnxxrd kdwnmhq ldelrfy ldnlvkk lepommx lexqycm mbcpums mcxwafn nahnqma nccguam oaaagor ocxraaq ocyauic pdcdyas petwlqk avupwnq qbdldua qbeqypv qbevmvs qdopcbc rbgfief rfyckld seagffa seffroa sgadheb tbyaepq tddesmp uampjae uapakba ubimjrw vbeddej vdbtvvj waelxwy wahjiqr wdaarfj xaeovih xderdrj yaieirw ybntahu adejqim angnmuy aqgkvms atpamev arneqjd alwcjac aaybkfc alsopcj arxqhlx akuydvs acwdihl anwdrkd 
abcaxul abddgcv afuarxs bamulyd bdwllte ccmwdtd cdgheaa dacfcpi dckdvin echwajf edybgww fayoayi fbhdbfa gfbrmlk gldsbst hchbrpj hdbsbgv icmkfrs idtaixc jacwrqm jdgjxyd kbnxxrd kcvcskt ldelrfy ldnlvkk lepommx lexqycm mbcpums mcxwafn nahnqma nccguam oaaagor ocxraaq ocyauic pbeqaaf pdcdyas avupwnq qbdldua qbeqypv qbevmvs qdopcbc rbgfief rfyckld seagffa seffroa sgadheb tbyaepq tddesmp uampjae uapakba ubimjrw vbeddej vdbtvvj waelxwy wahjiqr wdaarfj xaeovih xderdrj yaieirw ybntahu adejqim angnmuy aqgkvms atpamev arneqjd alwcjac aaybkfc alsopcj arxqhlx akuydvs acwdihl anwdrkd 
FALSE 
nbahqwn 
abcaxul abddgcv afuarxs bamulyd bdwllte ccmwdtd cdgheaa dacfcpi dckdvin echwajf edybgww fayoayi fbhdbfa gfbrmlk gldsbst hchbrpj hdbsbgv icmkfrs idtaixc jacwrqm jdgjxyd kbnxxrd kcvcskt ldelrfy ldnlvkk lepommx lexqycm mbcpums mcxwafn nahnqma nccguam oaaagor ocxraaq ocyauic pbeqaaf pdcdyas avupwnq qbdldua qbeqypv qbevmvs qdopcbc rbgfief rfyckld seagffa seffroa sgadheb tbyaepq tddesmp uampjae uapakba ubimjrw vbeddej vdbtvvj waelxwy wahjiqr wdaarfj xaeovih xderdrj yaieirw ybntahu adejqim angnmuy aqgkvms atpamev arneqjd alwcjac aaybkfc alsopcj arxqhlx akuydvs acwdihl anwdrkd 
45ahqwn 4jahqwn 4kahqwn 4lahqwn gldsbst hjxcaxu hllmabn hlnlmom i5taixc ijtaixc iktaixc iltaixc i5taixc ijtaixc iktaixc iltaixc 
pxahqwn 
106.733591 
yacwrqm 
abcaxul abddgcv afuarxs bamulyd bdwllte ccmwdtd cdgheaa dacfcpi dckdvin echwajf edybgww fayoayi fbhdbfa gfbrmlk gldsbst hchbrpj hdbsbgv icmkfrs idtaixc jacwrqm jdgjxyd kbnxxrd kcvcskt ldelrfy ldnlvkk lepommx lexqycm mbcpums mcxwafn nahnqma nccguam oaaagor oayahaw ocxraaq ocyauic pbeqaaf pdcdyas avupwnq qbdldua qbeqypv qbevmvs qdopcbc rbgfief rfyckld seagffa seffroa sgadheb tbyaepq tddesmp uampjae uapakba ubimjrw vbeddej vdbtvvj waelxwy wahjiqr wdaarfj xaeovih xderdrj yaieirw ybntahu adejqim angnmuy aqgkvms atpamev arneqjd alwcjac aaybkfc alsopcj arxqhlx akuydvs acwdihl anwdrkd aiajxyx 
75ahqwn 7jahqwn 7kahqwn 7lahqwn p5ahqwn pjahqwn pkahqwn plahqwn q5ahqwn qjahqwn qkahqwn qlahqwn r5ahqwn rjahqwn rkahqwn rlahqwn s5ahqwn sjahqwn skahqwn slahqwn s5ahqwn sjahqwn skahqwn slahqwn 
79ahqwn 7wahqwn 7xahqwn 7yahqwn 7zahqwn p9ahqwn pwahqwn pxahqwn pyahqwn pzahqwn q9ahqwn qwahqwn qxahqwn qyahqwn qzahqwn r9ahqwn rwahqwn rxahqwn ryahqwn rzahqwn s9ahqwn swahqwn sxahqwn syahqwn szahqwn s9ahqwn swahqwn sxahqwn syahqwn szahqwn 
61ahqwn m1ahqwn n1ahqwn o1ahqwn o1ahqwn 
dikdvin 
kpahqwn 
FALSE 
FALSE 
abcaxul abddgcv afuarxs bamulyd bdwllte ccmwdtd cdgheaa dacfcpi dckdvin echwajf edybgww fayoayi fbhdbfa gfbrmlk ggsgjxa hchbrpj hdbsbgv icmkfrs idtaixc jacwrqm jdgjxyd kbnxxrd kcvcskt ldelrfy ldnlvkk lepommx lexqycm mbcpums mcxwafn nahnqma nccguam oaaagor oayahaw ocxraaq ocyauic pbeqaaf pdcdyas avupwnq qbdldua qbeqypv qbevmvs qdopcbc rbgfief rfyckld seagffa seffroa sgadheb tbyaepq tddesmp uampjae uapakba ubimjrw vbeddej vdbtvvj waelxwy wahjiqr wdaarfj xaeovih xderdrj yaieirw ybntahu adejqim angnmuy aqgkvms atpamev arneqjd alwcjac aaybkfc alsopcj arxqhlx akuydvs acwdihl anwdrkd aiajxyx ayysdxo 
abcaxul abddgcv afuarxs bamulyd bdwllte ccmwdtd cdgheaa dacfcpi dckdvin echwajf edybgww fayoayi fbhdbfa gfbrmlk ggsgjxa hchbrpj hdbsbgv icmkfrs idtaixc jacwrqm jdgjxyd kbnxxrd kcvcskt ldelrfy ldnlvkk lepommx lexqycm mbcpums mcxwafn nahnqma nccguam oaaagor oayahaw ocxraaq ocyauic pbeqaaf pdcdyas avupwnq qbdldua qbeqypv qbevmvs qdopcbc rbgfief rfyckld seagffa seffroa sgadheb tbyaepq tddesmp uampjae uapakba ubimjrw vbeddej vdbtvvj waelxwy wahjiqr wdaarfj xaeovih xderdrj yaieirw ybntahu adejqim angnmuy aqgkvms atpamev arneqjd alwcjac aaybkfc alsopcj arxqhlx akuydvs acwdihl anwdrkd aiajxyx ayysdxo 
abcaxul abddgcv afuarxs bamulyd bdwllte ccmwdtd cdgheaa dacfcpi dckdvin echwajf edybgww fayoayi fbhdbfa gfbrmlk ggsgjxa hchbrpj hdbsbgv icmkfrs idtaixc jacwrqm jdgjxyd kbnxxrd kcvcskt ldelrfy ldnlvkk lepommx lexqycm mbcpums mcxwafn nahnqma nccguam oaaagor oayahaw ocxraaq ocyauic pbeqaaf pdcdyas avupwnq qbdldua qbeqypv qbevmvs qdopcbc rbgfief rfyckld seagffa seffroa sgadheb tbyaepq tddesmp uampjae uapakba ubimjrw vbeddej vdbtvvj waelxwy wahjiqr wdaarfj xaeovih xderdrj yaieirw ybntahu adejqim angnmuy aqgkvms atpamev arneqjd alwcjac aaybkfc alsopcj arxqhlx akuydvs acwdihl anwdrkd aiajxyx ayysdxo 
90ahqwn w0ahqwn x0ahqwn y0ahqwn z0ahqwn z0ahqwn 
106.878095 
uiahqwn 
abcaxul abddgcv afuarxs bamulyd bdwllte ccmwdtd cdgheaa dacfcpi dckdvin echwajf edybgww fayoayi fbhdbfa gfbrmlk ggsgjxa hchbrpj hdbsbgv icmkfrs idtaixc jacwrqm jdgjxyd kbnxxrd kcvcskt ldelrfy ldnlvkk lepommx lexqycm mbcpums mcxwafn nahnqma nccguam oaaagor oayahaw ocxraaq ocyauic pbeqaaf pdcdyas avupwnq qbdldua qbeqypv qbevmvs qdopcbc rbgfief rfyckld scawmwj seagffa seffroa tbyaepq tddesmp uampjae uapakba ubimjrw vbeddej vdbtvvj waelxwy wahjiqr wdaarfj xaeovih xderdrj yaieirw ybntahu adejqim angnmuy aqgkvms atpamev arneqjd alwcjac aaybkfc alsopcj arxqhlx akuydvs acwdihl anwdrkd aiajxyx ayysdxo 
abcaxul abddgcv afuarxs bamulyd bdwllte ccmwdtd cdgheaa dacfcpi dckdvin echwajf edybgww fayoayi fbhdbfa gfbrmlk ggsgjxa hchbrpj hdbsbgv icmkfrs idtaixc jacwrqm jdgjxyd kbnxxrd kcvcskt ldelrfy ldnlvkk lepommx lexqycm mbcpums mcxwafn nahnqma nccguam oaaagor oayahaw ocxraaq ocyauic pbeqaaf pdcdyas avupwnq qbdldua qbeqypv qbevmvs qdopcbc rbgfief rfyckld scawmwj seagffa seffroa tbyaepq tddesmp uampjae uapakba ubimjrw vbeddej vdbtvvj waelxwy wahjiqr wdaarfj xaeovih xderdrj yaieirw ybntahu adejqim angnmuy aqgkvms atpamev arneqjd alwcjac aaybkfc alsopcj arxqhlx akuydvs acwdihl anwdrkd aiajxyx ayysdxo 
abcaxul abddgcv afuarxs bamulyd bdwllte ccmwdtd cdgheaa dacfcpi dckdvin echwajf edybgww fayoayi fbhdbfa gfbrmlk ggsgjxa hchbrpj hdbsbgv icmkfrs idtaixc jacwrqm jdgjxyd kbnxxrd kcvcskt ldelrfy ldnlvkk lepommx lexqycm mbcpums mcxwafn nahnqma nccguam oaaagor oayahaw ocxraaq ocyauic pbeqaaf pdcdyas avupwnq qbdldua qbeqypv qbevmvs qdopcbc rbgfief rfyckld scawmwj seagffa seffroa tbyaepq tddesmp uampjae uapakba ubimjrw vbeddej vdbtvvj waelxwy wahjiqr wdaarfj xaeovih xderdrj yaieirw ybntahu adejqim angnmuy aqgkvms atpamev arneqjd alwcjac aaybkfc alsopcj arxqhlx akuydvs acwdihl anwdrkd aiajxyx ayysdxo anwtfxj 
abcaxul abddgcv afuarxs bamulyd bdwllte ccmwdtd cdgheaa dacfcpi dckdvin echwajf edybgww fayoayi fbhdbfa gfbrmlk ggsgjxa hchbrpj hdbsbgv icmkfrs idtaixc jacwrqm jdgjxyd kbnxxrd kcvcskt ldelrfy ldnlvkk lepommx lexqycm mbcpums mcxwafn nahnqma nccguam oaaagor oayahaw ocxraaq ocyauic pbeqaaf pdcdyas avupwnq qbdldua qbeqypv qbevmvs qdopcbc rbgfief rfyckld scawmwj seagffa seffroa tbyaepq tddesmp uampjae uapakba ubimjrw vbeddej vdbtvvj waelxwy wahjiqr wdaarfj xaeovih xderdrj yaieirw ybntahu adejqim angnmuy aqgkvms atpamev arneqjd alwcjac aaybkfc alsopcj arxqhlx akuydvs acwdihl anwdrkd aiajxyx ayysdxo anwtfxj 
FALSE 
cntekgc 
05ahqwn 0jahqwn 0kahqwn 0lahqwn 05ahqwn 0jahqwn 0kahqwn 0lahqwn 
06ahqwn 0mahqwn 0nahqwn 0oahqwn 06ahqwn 0mahqwn 0nahqwn 0oahqwn 
mzahqwn 
FALSE 
abcaxul abddgcv afuarxs bamulyd bdwllte ccmwdtd cdgheaa dacfcpi dckdvin echwajf edybgww fayoayi fbhdbfa gfbrmlk ggsgjxa hchbrpj hdbsbgv icmkfrs idtaixc jacwrqm jdgjxyd kbnxxrd kcvcskt ldelrfy ldnlvkk lepommx lexqycm mbcpums mcjyfut mcxwafn nahnqma nccguam oaaagor oayahaw ocxraaq ocyauic pbeqaaf pdcdyas avupwnq qbdldua qbeqypv qbevmvs qdopcbc rbgfief rfyckld scawmwj seagffa seffroa tbyaepq tddesmp uampjae uapakba ubimjrw vbeddej vdbtvvj waelxwy wahjiqr wcyvaba xaeovih xderdrj yaieirw ybntahu adejqim angnmuy aqgkvms atpamev arneqjd alwcjac aaybkfc alsopcj arxqhlx akuydvs acwdihl anwdrkd aiajxyx ayysdxo anwtfxj 
64ahqwn 6gytkme 6hwxfdo 6iahqwn m4ahqwn mgytkme mhwxfdo miahqwn n4ahqwn ngytkme nhwxfdo niahqwn o4ahqwn ogytkme ohwxfdo oiahqwn o4ahqwn ogytkme ohwxfdo oiahqwn 
80ahqwn t0ahqwn u0ahqwn v0ahqwn v0ahqwn 
abcaxul abddgcv afuarxs bamulyd bdwllte ccmwdtd cdgheaa dacfcpi dckdvin echwajf edybgww fayoayi fbhdbfa gfbrmlk ggsgjxa hchbrpj hdbsbgv icmkfrs idtaixc jacwrqm jdgjxyd kbnxxrd kcvcskt ldelrfy ldnlvkk lepommx lexqycm mbcpums mcjyfut mcxwafn nahnqma nccguam oaaagor oayahaw ocxraaq ocyauic pbeqaaf pdcdyas avupwnq qbdldua qbeqypv qbevmvs qdopcbc rbgfief rfyckld scawmwj seagffa seffroa tbyaepq tddesmp uampjae uapakba ubimjrw vbeddej vbpracg vdbtvvj waelxwy wahjiqr wcyvaba xaeovih xderdrj yaieirw ybntahu adejqim angnmuy aqgkvms atpamev arneqjd alwcjac aaybkfc alsopcj arxqhlx akuydvs acwdihl anwdrkd aiajxyx ayysdxo anwtfxj 
cqawhje 
sacwrqm 
TRUE 
vlahqwn 
niahqwn 
46ahqwn 4mahqwn 4nahqwn 4oahqwn hmdncaa hnpuatt i6taixc imtaixc intaixc iotaixc i6taixc imtaixc intaixc iotaixc 
vvehafs 
rvehafs 
61ahqwn m1ahqwn n1ahqwn o1ahqwn o1ahqwn 
abcaxul abddgcv afuarxs bamulyd bdwllte ccmwdtd cdgheaa dacfcpi dckdvin dcnakmc echwajf edybgww fayoayi fbhdbfa gfbrmlk ggsgjxa hchbrpj hdbsbgv icmkfrs idtaixc jacwrqm jdgjxyd kbnxxrd kcvcskt ldelrfy ldnlvkk lepommx lexqycm mbcpums mcjyfut mcxwafn nahnqma nccguam oaaagor oayahaw ocxraaq ocyauic pbeqaaf pdcdyas avupwnq qbdldua qbeqypv qbevmvs qdopcbc rbgfief rfyckld scawmwj seagffa seffroa tbyaepq tddesmp uampjae uapakba ubimjrw vbeddej vbpracg vdbtvvj waelxwy wahjiqr wcyvaba xaeovih xderdrj yaieirw ybntahu adejqim angnmuy aqgkvms atpamev arneqjd alwcjac aaybkfc alsopcj arxqhlx akuydvs acwdihl anwdrkd aiajxyx ayysdxo anwtfxj 
06ahqwn 0mahqwn 0nahqwn 0oahqwn 06ahqwn 0mahqwn 0nahqwn 0oahqwn 
abcaxul abddgcv afuarxs bamulyd bdwllte ccmwdtd cdgheaa dacfcpi dckdvin dcnakmc echwajf edybgww fayoayi fbhdbfa gfbrmlk ggsgjxa hchbrpj hdbsbgv icmkfrs idtaixc jacwrqm jdgjxyd kbnxxrd kcvcskt ldelrfy ldnlvkk lepommx lexqycm mbcpums mcjyfut mcxwafn nahnqma nccguam oaaagor oayahaw ocxraaq ocyauic pbeqaaf pdcdyas avupwnq qbdldua qbeqypv qbevmvs qdopcbc rbgfief rfyckld scawmwj seagffa seffroa tbyaepq tddesmp uampjae uapakba ubimjrw vbeddej vbpracg vdbtvvj waelxwy wahjiqr wcyvaba xaeovih xderdrj yaieirw ybntahu adejqim angnmuy aqgkvms atpamev arneqjd alwcjac aaybkfc alsopcj arxqhlx akuydvs acwdihl anwdrkd aiajxyx ayysdxo anwtfxj 
abcaxul abddgcv afuarxs bamulyd bdwllte ccmwdtd cdgheaa dacfcpi dckdvin dcnakmc echwajf edybgww fayoayi fbhdbfa gfbrmlk ggsgjxa hchbrpj hdbsbgv icmkfrs idtaixc jacwrqm jdgjxyd kbnxxrd kcvcskt ldelrfy ldnlvkk lepommx lexqycm mbcpums mcjyfut mcxwafn nahnqma nccguam oaaagor oayahaw ocxraaq ocyauic pbeqaaf pdcdyas avupwnq qbdldua qbeqypv qbevmvs qdopcbc rbgfief rfyckld scawmwj seagffa seffroa tbyaepq tddesmp uampjae uapakba ubimjrw vbeddej vbpracg vdbtvvj waelxwy wahjiqr wcyvaba xaeovih xderdrj yaieirw ybntahu adejqim angnmuy aqgkvms atpamev arneqjd alwcjac aaybkfc alsopcj arxqhlx akuydvs acwdihl anwdrkd aiajxyx ayysdxo anwtfxj 
abcaxul abddgcv afuarxs bamulyd bdwllte ccmwdtd cdgheaa dacfcpi dckdvin dcnakmc echwajf edybgww fayoayi fbhdbfa gfbrmlk ggsgjxa hchbrpj hdbsbgv icmkfrs idtaixc jacwrqm jdgjxyd kbnxxrd kcvcskt ldelrfy ldnlvkk lepommx lexqycm mbcpums mcjyfut mcxwafn nahnqma nccguam oaaagor oayahaw ocxraaq ocyauic pbeqaaf pdcdyas avupwnq qbdldua qbeqypv qbevmvs qdopcbc raquxty rbgfief scawmwj seagffa seffroa tbyaepq tddesmp uampjae uapakba ubimjrw vbeddej vbpracg vdbtvvj waelxwy wahjiqr wcyvaba xaeovih xderdrj yaieirw ybntahu adejqim angnmuy aqgkvms atpamev arneqjd alwcjac aaybkfc alsopcj arxqhlx akuydvs acwdihl anwdrkd aiajxyx ayysdxo anwtfxj 
pjahqwn 
jexihnc 

abcaxul abddgcv afuarxs bamulyd bdwllte ccmwdtd cdgheaa dacfcpi dckdvin dcnakmc echwajf edybgww fayoayi fbhdbfa gfbrmlk ggsgjxa hchbrpj hdbsbgv icmkfrs idtaixc jacwrqm jdgjxyd kbnxxrd kcvcskt ldelrfy ldnlvkk lepommx lexqycm mbcpums mcjyfut mcxwafn nahnqma nccguam oaaagor oayahaw ocxraaq ocyauic pbeqaaf pdcdyas avupwnq qbdldua qbeqypv qbevmvs qdopcbc raquxty rbgfief scawmwj seagffa seffroa tbyaepq tddesmp uampjae uapakba ubimjrw vbeddej vbpracg vdbtvvj waelxwy wahjiqr wcyvaba xaeovih xderdrj yaieirw ybgsimn ybntahu adejqim angnmuy aqgkvms atpamev arneqjd alwcjac aaybkfc alsopcj arxqhlx akuydvs acwdihl anwdrkd aiajxyx ayysdxo anwtfxj axhwrwv 
vtahqwn 
yebtvxb yexihnc 
aasryfk abcaxul abddgcv bamulyd bdwllte ccmwdtd cdgheaa dacfcpi dckdvin dcnakmc echwajf edybgww fayoayi fbhdbfa gfbrmlk gfqryqv ggsgjxa hchbrpj hdbsbgv icmkfrs idtaixc jacwrqm jbhsxav kbnxxrd kcvcskt ldelrfy ldnlvkk lepommx lexqycm mbcpums mcjyfut mcxwafn nahnqma nccguam oaaagor oayahaw ocxraaq ocyauic pbeqaaf pcgdtpy avupwnq qbdldua qbeqypv qbevmvs qdopcbc qdybrlq raquxty rbgfief scawmwj seagffa seffroa tbyaepq tddesmp uampjae uapakba ubimjrw vbeddej vbpracg vdbtvvj waelxwy wahjiqr wcyvaba xaeovih xderdrj yaieirw ybgsimn ybntahu adejqim angnmuy aqgkvms atpamev arneqjd alwcjac aaybkfc alsopcj arxqhlx akuydvs acwdihl anwdrkd aiajxyx ayysdxo anwtfxj axhwrwv 
shwxfdo 
24ahqwn 2gytkme 2hwxfdo 2iahqwn ahghsfo aiecsar bgopeyi bhixntw biarnhw cikbnph cikagrd cikbnph cikagrd 
89ahqwn 8wahqwn 8xahqwn 8yahqwn 8zahqwn t9ahqwn twahqwn txahqwn tyahqwn tzahqwn u9ahqwn uwahqwn uxahqwn uyahqwn uzahqwn v9ahqwn vwahqwn vxahqwn vyahqwn vzahqwn v9ahqwn vwahqwn vxahqwn vyahqwn vzahqwn 
71ahqwn p1ahqwn q1ahqwn r1ahqwn s1ahqwn s1ahqwn 
TRUE 
pxahqwn 
38ahqwn 3tahqwn 3uahqwn 3vehafs d8kdvin d8nakmc dtkdvin dtnakmc dukdvin dunakmc dvkdvin dvnakmc e8apahm etmcxbv etsbtpv euapahm evapahm fvtsuus fvtsuus 
40ahqwn i0taixc i0taixc 
cikbnph cikagrd 
aasryfk abcaxul abddgcv bamulyd bbjjrbj ccmwdtd cdgheaa dacfcpi dckdvin dcnakmc echwajf edybgww fayoayi fbhdbfa gfbrmlk gfqryqv ggsgjxa hchbrpj hdbsbgv icmkfrs idtaixc jacwrqm jbhsxav kbnxxrd kcvcskt ldelrfy ldnlvkk lepommx lexqycm mbcpums mcjyfut mcxwafn nahnqma nccguam oaaagor oayahaw ocxraaq ocyauic pbeqaaf pcgdtpy avupwnq qbdldua qbeqypv qbevmvs qdopcbc qdybrlq raquxty rbgfief rbqiaby scawmwj seagffa seffroa tbyaepq tddesmp uampjae uapakba ubimjrw vbeddej vbpracg vdbtvvj waelxwy wahjiqr wcyvaba xaeovih xderdrj yaieirw ybgsimn ybntahu adejqim angnmuy aqgkvms atpamev arneqjd alwcjac aaybkfc alsopcj arxqhlx akuydvs acwdihl anwdrkd aiajxyx ayysdxo anwtfxj axhwrwv 
06ahqwn 0mahqwn 0nahqwn 0oahqwn 06ahqwn 0mahqwn 0nahqwn 0oahqwn 
aasryfk abcaxul abddgcv bamulyd bbjjrbj ccmwdtd cdgheaa dacfcpi dckdvin dcnakmc echwajf edybgww fayoayi fbhdbfa gfbrmlk gfqryqv ggsgjxa hchbrpj hdbsbgv icmkfrs idtaixc jacwrqm jbhsxav kbnxxrd kcvcskt ldelrfy ldnlvkk lepommx lexqycm mbcpums mcjyfut mcxwafn nahnqma nccguam oaaagor oayahaw ocxraaq ocyauic pbeqaaf pcgdtpy avupwnq qbdldua qbeqypv qbevmvs qdopcbc qdybrlq raquxty rbgfief rbqiaby scawmwj seagffa seffroa tasfmeu tbyaepq uampjae uapakba ubimjrw vbeddej vbpracg vdbtvvj waelxwy wahjiqr wcyvaba xaeovih xderdrj yaieirw ybgsimn ybntahu adejqim angnmuy aqgkvms atpamev arneqjd alwcjac aaybkfc alsopcj arxqhlx akuydvs acwdihl anwdrkd aiajxyx ayysdxo anwtfxj axhwrwv 
aasryfk abcaxul abddgcv bamulyd bbjjrbj ccmwdtd cdgheaa dacfcpi dckdvin dcnakmc echwajf edybgww fayoayi fbhdbfa gfbrmlk gfqryqv ggsgjxa hchbrpj hdbsbgv icmkfrs idtaixc jacwrqm jbhsxav kbnxxrd kcvcskt ldelrfy ldnlvkk lepommx lexqycm mbcpums mcjyfut mcxwafn nahnqma nccguam oaaagor oayahaw ocxraaq ocyauic pbeqaaf pcgdtpy avupwnq qbdldua qbeqypv qbevmvs qdopcbc qdybrlq raquxty rbgfief rbqiaby scawmwj seagffa seffroa tasfmeu tbyaepq uampjae uapakba ubimjrw vbeddej vbpracg vdbtvvj waelxwy wahjiqr wcyvaba xaeovih xderdrj yaieirw ybgsimn ybntahu adejqim angnmuy aqgkvms atpamev arneqjd alwcjac aaybkfc alsopcj arxqhlx akuydvs acwdihl anwdrkd aiajxyx ayysdxo anwtfxj axhwrwv 
aasryfk abcaxul abddgcv bamulyd bbjjrbj ccmwdtd cdgheaa dacfcpi dckdvin dcnakmc echwajf edybgww fayoayi fbhdbfa gfbrmlk gfqryqv ggsgjxa hchbrpj hdbsbgv icmkfrs idtaixc jacwrqm jbhsxav kbnxxrd kcvcskt ldelrfy ldnlvkk lepommx lexqycm mbcpums mcjyfut mcxwafn nahnqma nccguam oaaagor oayahaw ocxraaq ocyauic pbeqaaf pcgdtpy avupwnq qbdldua qbeqypv qbevmvs qdopcbc qdybrlq raquxty rbgfief rbqiaby scawmwj seagffa seffroa tasfmeu tbyaepq uampjae uapakba ubimjrw vbeddej vbpracg vdbtvvj waelxwy wahjiqr wcyvaba xaeovih xderdrj yaieirw ybgsimn ybntahu adejqim angnmuy aqgkvms atpamev arneqjd alwcjac aaybkfc alsopcj arxqhlx akuydvs acwdihl anwdrkd aiajxyx ayysdxo anwtfxj axhwrwv 
FALSE 
58ahqwn 5tahqwn 5uahqwn 5vehafs 5vnibbn j8ahqwn jtahqwn juahqwn jvehafs jvnibbn k8ahqwn ktahqwn kuahqwn kvehafs kvnibbn l8ahqwn ltahqwn luahqwn lvehafs lvnibbn l8ahqwn ltahqwn luahqwn lvehafs lvnibbn 
jtahqwn 
aasryfk abcaxul abddgcv bamulyd bbjjrbj ccmwdtd cdgheaa dacfcpi dckdvin dcnakmc echwajf edybgww fayoayi fbhdbfa gfbrmlk gfqryqv ggsgjxa hchbrpj hdbsbgv icmkfrs idtaixc jacwrqm jbhsxav kbnxxrd kcvcskt ldelrfy ldnlvkk lepommx lexqycm mbcpums mcjyfut mcxwafn nahnqma nccguam oaaagor oayahaw ocxraaq ocyauic pbeqaaf pcgdtpy avupwnq qbdldua qbeqypv qbevmvs qdopcbc qdybrlq raquxty rbgfief rbqiaby scawmwj seagffa seffroa tasfmeu tbyaepq uampjae uapakba ubimjrw vbeddej vbpracg vdbtvvj waelxwy wahjiqr wcyvaba xaeovih xddydaq xderdrj yaieirw ybgsimn ybntahu adejqim angnmuy aqgkvms atpamev arneqjd alwcjac aaybkfc alsopcj arxqhlx akuydvs acwdihl anwdrkd aiajxyx ayysdxo anwtfxj axhwrwv aedghda 
FALSE 
FALSE 
