
hlofame jdrncvg pvcxdom qoqstkx vyedlqu xejpbsa afcavvl awrlwsf 

bauekve hlofame hqueong jdrncvg pvcxdom qoqstkx roedypv vyedlqu xejpbsa afcavvl awrlwsf 
bauekve hlofame hqueong jdrncvg pvcxdom qoqstkx roedypv vyedlqu xejpbsa afcavvl awrlwsf 
bauekve hlofame hqueong jdrncvg jysaexd pvcxdom qoqstkx roedypv vyedlqu xejpbsa afcavvl awrlwsf 
bauekve hlofame hqueong jdrncvg jysaexd kmhuqme ljworpp pvcxdom qoqstkx roedypv sotukww vhvlfqd vyedlqu xejpbsa afcavvl awrlwsf 
FALSE 
bauekve hlofame hqueong jdrncvg jysaexd kmhuqme ljworpp mdqspxr mhldyjq pvcxdom qoqstkx roedypv sotukww vhvlfqd vyedlqu xejpbsa afcavvl awrlwsf 

v8edlqu vtedlqu vuedlqu vvedlqu v8edlqu vtedlqu vuedlqu vvedlqu 
109.207143 


FALSE 

bauekve cpwjjst dacoioc einfqbn hlofame hqueong jdrncvg jjqxefr kmhuqme ljworpp loslehb mdqspxr mhldyjq pvcxdom qoqstkx roedypv sikxynt slmyunp tjvlfug vhvlfqd vyedlqu wenosfa xejpbsa afcavvl awrlwsf akccgty 

bauekve 

FALSE 
cpwjjst cpwjjst 
108.525346 



avxalav bauekve cpwjjst dacoioc dalmucl einfqbn hdqffod hlofame jcgqqte jdrncvg kmhuqme kmpbula kxjfluw ljworpp loslehb mdqspxr mhldyjq oavciyh poipvik pvarscu pvcxdom qoqstkx roedypv rxwjfnx sikxynt slmyunp tblqias tjvlfug ufvhagg vhvlfqd vlkkhol wenosfa wfkepql xejpbsa afcavvl awrlwsf akccgty aoaykaf yoklbyf yspjwne apuneak 

FALSE 
FALSE 
avxalav bauekve bgyixjj cpwjjst dacoioc dalmucl ecedxcb einfqbn fvrirpg hdqffod hlofame ifqrxal ikunech jcgqqte jdrncvg kmhuqme kmpbula kxjfluw ljworpp loslehb mamyjcy mcsavfy nllpiui oavciyh oqfjkki poipvik pvarscu pvcxdom qoqstkx roedypv rxwjfnx sikxynt slmyunp tblqias tjvlfug ufvhagg vhvlfqd vlkkhol wenosfa wfkepql xejpbsa xiwjsvm afcavvl awrlwsf akccgty aoaykaf ynsfoag yoklbyf apuneak 
1yytlyt 1yytlyt 
avxalav bauekve bgyixjj cpwjjst dacoioc dalmucl ecedxcb einfqbn fvrirpg hdqffod hlofame ifqrxal ikunech jcgqqte jdrncvg kmhuqme kmpbula kxjfluw ljworpp loslehb mamyjcy mcsavfy nllpiui oavciyh oqfjkki poipvik pvarscu pvcxdom qoqstkx roedypv rxwjfnx sikxynt slmyunp tblqias tjvlfug ufvhagg uxrjegf vhvlfqd vlkkhol wenosfa wfkepql xejpbsa xiwjsvm afcavvl awrlwsf akccgty aoaykaf ynsfoag yoklbyf apuneak 

FALSE 

avxalav bauekve bgyixjj cpwjjst dacoioc dalmucl ecedxcb einfqbn fvrirpg hdqffod hlofame ifqrxal ikunech jcgqqte jdrncvg kmhuqme kmpbula kxjfluw ljworpp loslehb mamyjcy mcsavfy nllpiui oavciyh oqfjkki poipvik pvarscu pvcxdom qoqstkx roedypv rxwjfnx sikxynt slmyunp tblqias tjvlfug ufvhagg uxrjegf vhvlfqd vlkkhol wenosfa wfkepql xejpbsa xiwjsvm afcavvl awrlwsf akccgty aoaykaf ynsfoag yoklbyf apuneak 
avxalav bauekve bgyixjj cpwjjst dacoioc dalmucl ecedxcb einfqbn fvrirpg hdqffod hlofame ifqrxal ikunech jcgqqte jdrncvg kmhuqme kmpbula kxjfluw ljworpp loslehb mamyjcy mcsavfy nllpiui oavciyh oqfjkki poipvik pvarscu pvcxdom qoqstkx roedypv rxwjfnx sikxynt slmyunp tblqias tjvlfug ufvhagg uxrjegf vhvlfqd vlkkhol vlvpnsm wenosfa wfkepql xejpbsa xiwjsvm afcavvl awrlwsf akccgty aoaykaf ynsfoag yoklbyf apuneak 
FALSE 

gyytlyt 




avxalav bauekve bgyixjj clsqxfd cpwjjst dacoioc dalmucl ecedxcb einfqbn fvrirpg gyhvyma hdqffod hlofame ifqrxal ikunech jcgqqte jdrncvg kmhuqme kmpbula kxjfluw ljworpp loslehb mamyjcy mcsavfy nllpiui oavciyh ociglxq paogcut poipvik qoqstkx roedypv rxrqaaa rxwjfnx sikxynt slmyunp tblqias ticasfl tixkjxg ufvhagg ujermlt vhvlfqd vlkkhol vlvpnsm wakopjn wenosfa xeeybmm xejpbsa xiwjsvm afcavvl awrlwsf akccgty aoaykaf ynsfoag yoklbyf apuneak amvfstx 
FALSE 
FALSE 

2acoioc bauekve 
FALSE 
108.518160 

tmjoevv 
avxalav bauekve bgyixjj clsqxfd cpwjjst dacoioc dalmucl ecedxcb einfqbn fruxtbm fvrirpg gesduhl gyhvyma hdqffod hkxaoun ifqrxal ikunech jcgqqte jdrncvg kmhuqme kmpbula kxjfluw ljworpp loslehb mamyjcy mcsavfy nllpiui oavciyh ociglxq paogcut poipvik qoqstkx roedypv rxrqaaa rxwjfnx sikxynt slmyunp slagvko tblqias tcjuabj ufvhagg ujermlt vhvlfqd vlkkhol vlvpnsm wakopjn wenosfa xeeybmm xejpbsa xiwjsvm afcavvl awrlwsf akccgty aoaykaf ynsfoag yoklbyf apuneak amvfstx 
avxalav bauekve bgyixjj clsqxfd cpwjjst dacoioc dalmucl ecedxcb einfqbn fruxtbm fvrirpg gesduhl gyhvyma hdqffod hkxaoun ifqrxal ikunech jcgqqte jdrncvg kmhuqme kmpbula kxjfluw ljworpp loslehb mamyjcy mcsavfy nllpiui oavciyh ociglxq paogcut poipvik qoqstkx roedypv rxrqaaa rxwjfnx sikxynt slmyunp slagvko tblqias tcjuabj ufvhagg ujermlt vhvlfqd vlkkhol vlvpnsm wakopjn wenosfa xeeybmm xejpbsa xiwjsvm afcavvl awrlwsf akccgty aoaykaf ynsfoag yoklbyf apuneak amvfstx 

2yytlyt cxfotdg cxfotdg 
avxalav bauekve bgyixjj clsqxfd cpwjjst dacoioc dalmucl ecedxcb einfqbn fruxtbm fvrirpg gesduhl gyhvyma hdqffod hkxaoun ifqrxal ikunech jcgqqte jdrncvg kmhuqme kmpbula ksfmlhw ljworpp loslehb mamyjcy mcsavfy nllpiui oavciyh ociglxq paogcut poipvik qoqstkx risiiwj roedypv sikxynt slmyunp slagvko tblqias tcjuabj ufvhagg ujermlt vhvlfqd vlkkhol vlvpnsm wakopjn wenosfa xeeybmm xejpbsa xiwjsvm afcavvl awrlwsf akccgty aoaykaf ynsfoag yoklbyf apuneak amvfstx 
108.458128 


6fjanrw mfjanrw nfjanrw ofjanrw ofjanrw 





7acoioc pacoioc qacoioc racoioc sacoioc sacoioc 

avxalav bauekve bgyixjj chvtgft clsqxfd dacoioc dalmucl ecedxcb ehdawfy fruxtbm fvrirpg gaugmbv gcvjpad hdqffod hkxaoun icienke ifqrxal jcgqqte jdgmsbs jdrncvg kkgtsmd kmhuqme kmpbula ljworpp loslehb mamyjcy mcsavfy nllpiui nwfldas oavciyh ociglxq paogcut poipvik qoqstkx qryuxyt risiiwj roedypv sikxynt sldqpyc slmyunp tblqias tcjuabj ufvhagg uicetih vhvlfqd vlkkhol vlvpnsm wakopjn wenosfa xeeybmm xejpbsa xiwjsvm afcavvl awrlwsf akccgty aoaykaf ybjwrsr yegyvcy apuneak amvfstx aftmmra 
avxalav bauekve bfvkmqk chvtgft clsqxfd dacoioc dalmucl ecedxcb ehdawfy fruxtbm fvrirpg gaugmbv gcvjpad hdqffod hkxaoun icienke ifqrxal jcgqqte jdgmsbs jdrncvg kkgtsmd kmhuqme kmpbula ljworpp loslehb mamyjcy mcsavfy nllpiui nwfldas oavciyh ociglxq paogcut poipvik qoqstkx qryuxyt risiiwj roedypv sikxynt sldqpyc slmyunp tblqias tcjuabj ufvhagg uicetih vhvlfqd vlkkhol vlvpnsm wakopjn wenosfa xeeybmm xejpbsa xiwjsvm afcavvl awrlwsf akccgty aoaykaf ybjwrsr yegyvcy apuneak amvfstx aftmmra 
avxalav bauekve bfvkmqk chvtgft clsqxfd dacoioc dalmucl ecedxcb ehdawfy fruxtbm fvrirpg gaugmbv gcvjpad hdqffod hkxaoun icienke ifqrxal jcgqqte jdgmsbs jdrncvg kkgtsmd kmhuqme kmpbula ljworpp loslehb mamyjcy mcsavfy nllpiui nwfldas oavciyh ociglxq paogcut poipvik qoqstkx qryuxyt risiiwj roedypv sikxynt sldqpyc slmyunp tblqias tcjuabj ufvhagg uicetih vhvlfqd vlkkhol vlvpnsm wakopjn wenosfa xeeybmm xejpbsa xiwjsvm afcavvl awrlwsf akccgty aoaykaf ybjwrsr yegyvcy apuneak amvfstx aftmmra 
TRUE 

avxalav bauekve bfvkmqk chvtgft clsqxfd dacoioc dalmucl ecedxcb ehdawfy fruxtbm fvrirpg gaugmbv gcvjpad hdqffod hkxaoun icienke ifqrxal jcgqqte jdgmsbs jdrncvg kkgtsmd kmhuqme kmpbula ljworpp loslehb mamyjcy mcsavfy nllpiui nwfldas oavciyh ociglxq paogcut poipvik qoqstkx qryuxyt risiiwj roedypv sikxynt sldqpyc slmyunp tblqias tcjuabj ufvhagg uicetih vhvlfqd vlkkhol vlvpnsm wakopjn wenosfa xeeybmm xejpbsa xiwjsvm afcavvl awrlwsf akccgty aoaykaf ybjwrsr yegyvcy apuneak amvfstx aftmmra 
cpwjjst cqjvqwd cqrpnvg cscxyvg cpwjjst cqjvqwd cqrpnvg cscxyvg 





108.126728 
avxalav awtiajs bauekve bfvkmqk chvtgft clsqxfd dacoioc dalmucl ecedxcb ehdawfy fmemcan fnpiotn gaugmbv gcvjpad hdqffod hkxaoun icienke ifqrxal jcgqqte jdgmsbs jdrncvg kkgtsmd kmhuqme kmpbula ljworpp loslehb mamyjcy mcsavfy nllpiui nwfldas oavciyh ociglxq paogcut pgjcava qoqstkx qryuxyt risiiwj roedypv sikxynt sldqpyc slmyunp tblqias tcjuabj uadlpah ufvhagg vhvlfqd vlkkhol vlvpnsm wakopjn wenosfa xeeybmm xejpbsa xiwjsvm afcavvl awrlwsf akccgty aoaykaf ybjwrsr yegyvcy apuneak amvfstx aftmmra 



FALSE 
avxalav awtiajs bauekve bfvkmqk chvtgft clsqxfd dacoioc dalmucl ecedxcb ehdawfy fmemcan fnpiotn gaugmbv gcvjpad hdqffod hfuocpg icienke ifqrxal jcgqqte jdgmsbs jdrncvg kkgtsmd kmhuqme kmpbula ljworpp loslehb mamyjcy mcsavfy nllpiui nwfldas oavciyh ociglxq paogcut pgjcava qoqstkx qryuxyt risiiwj roedypv sikxynt sjlqixf tblqias tcjuabj uadlpah ufvhagg vhvlfqd vlkkhol vlvpnsm wakopjn wenosfa xeeybmm xejpbsa xiwjsvm afcavvl awrlwsf akccgty aoaykaf ybjwrsr yegyvcy apuneak amvfstx aftmmra 

avxalav awtiajs bauekve bfvkmqk chvtgft clsqxfd daclvam dacoioc dalmucl ecedxcb ehdawfy fmemcan fnpiotn gaugmbv gcvjpad hdqffod hfuocpg icienke ifqrxal jcgqqte jdgmsbs jdrncvg kkgtsmd kmhuqme kmpbula ljworpp loslehb mamyjcy mcsavfy nllpiui nwfldas oavciyh ociglxq paogcut pgjcava qoqstkx qryuxyt risiiwj roedypv sikxynt sjlqixf tblqias tcjuabj uadlpah ufvhagg vhvlfqd vlkkhol vlvpnsm wakopjn wenosfa xeeybmm xejpbsa xiwjsvm afcavvl awrlwsf akccgty aoaykaf ybjwrsr yegyvcy apuneak amvfstx aftmmra 
9yytlyt wyytlyt xyytlyt yyytlyt zyytlyt zyytlyt 


2aclvam 2acoioc bauekve c2ghhfd caghhfd cbghhfd ccghhfd c2ghhfd caghhfd cbghhfd ccghhfd 

FALSE 


avxalav awtiajs bauekve bfvkmqk chvtgft clsqxfd daclvam dacoioc dalmucl ecedxcb egfviii fmemcan fnpiotn gaugmbv gcvjpad hdqffod hfuocpg ibhtxky icienke jcgqqte jdgmsbs jdrncvg kkgtsmd kmhuqme kmpbula lhubbip ljworpp mamyjcy mcsavfy nfcvbab nllpiui oavciyh ociglxq paogcut pgjcava qoqstkx qryuxyt risiiwj rlyvqce sikxynt sjlqixf tblqias tcjuabj uadlpah ufvhagg vcrewmn vdacvws wakopjn wenosfa xeeybmm xejpbsa xiwjsvm afcavvl awrlwsf akccgty aoaykaf ybjwrsr yegyvcy apuneak amvfstx aftmmra ahivuek 

avxalav awtiajs bauekve bfvkmqk chvtgft clsqxfd daclvam dacoioc dalmucl ecedxcb egfviii fmemcan fnpiotn gaugmbv gcvjpad hdqffod hfuocpg ibhtxky icienke jcgqqte jdgmsbs jdrncvg kkgtsmd kmhuqme kmpbula lhubbip ljworpp mamyjcy mcsavfy nfcvbab nllpiui oavciyh ociglxq paogcut pgjcava qoqstkx qryuxyt risiiwj rlyvqce sikxynt sjlqixf tblqias tcjuabj uadlpah ufvhagg vcrewmn vdacvws wakopjn wenosfa xeeybmm xejpbsa xiwjsvm afcavvl awrlwsf akccgty aoaykaf ybjwrsr yegyvcy apuneak amvfstx aftmmra ahivuek 
avxalav buswytv c8ghhfd ctghhfd cughhfd cvghhfd c8ghhfd ctghhfd cughhfd cvghhfd 

FALSE 
FALSE 



anbaedc avxalav bauekve bfvkmqk chvtgft clsqxfd daclvam dacoioc dalmucl ecedxcb egfviii fmemcan fnpiotn gaugmbv gcvjpad hdqffod hfuocpg iaiuwko ibhtxky jcgqqte jdgmsbs jdrncvg kkgtsmd kmhuqme kmpbula lhubbip ljworpp mamyjcy mcsavfy nfcvbab nllpiui oavciyh ociglxq paogcut pgjcava qoqstkx qryuxyt risiiwj rjduodc sgfubvp sikxynt tblqias tcjuabj uadlpah ufvhagg vcrewmn vdacvws wakopjn wenosfa xeeybmm xejpbsa xiwjsvm afcavvl awrlwsf akccgty aoaykaf ybjwrsr yegyvcy apuneak amvfstx aftmmra ahivuek 
4xtuwaf 4yytlyt gxtuwaf gyytlyt hxtuwaf hyytlyt ixtuwaf iyytlyt ixtuwaf iyytlyt 
anbaedc avxalav bauekve bfvkmqk chvtgft clsqxfd daclvam dacoioc dalmucl ecedxcb egfviii fmemcan fnpiotn gaugmbv gcvjpad hdqffod hfuocpg iaiuwko ibhtxky jcgqqte jdgmsbs jdrncvg kkgtsmd kmhuqme kmpbula lhubbip ljworpp mamyjcy mcsavfy nfcvbab nllpiui oavciyh ociglxq paogcut pgjcava qoqstkx qryuxyt risiiwj rjduodc sgfubvp sikxynt tbhkfvj tblqias tcjuabj uadlpah ufvhagg vcrewmn vdacvws wakopjn wenosfa werhyxa xeeybmm xejpbsa xiwjsvm afcavvl awrlwsf akccgty aoaykaf ybjwrsr yegyvcy apuneak amvfstx aftmmra ahivuek axfucwb 
anbaedc avxalav bauekve bfvkmqk chvtgft clsqxfd daclvam dacoioc dalmucl ecedxcb egfviii fmemcan fnpiotn gaugmbv gcvjpad hdqffod hfuocpg iaiuwko ibhtxky jcgqqte jdgmsbs jdrncvg kkgtsmd kmhuqme kmpbula lhubbip ljworpp mamyjcy mcsavfy nfcvbab nllpiui oavciyh ociglxq paogcut pgjcava qoqstkx qrgbpwj qryuxyt risiiwj rjduodc sgfubvp sikxynt tbhkfvj tblqias tcjuabj uadlpah ufvhagg vcrewmn vdacvws wakopjn wenosfa werhyxa xeeybmm xejpbsa xiwjsvm afcavvl awrlwsf akccgty aoaykaf ybjwrsr yegyvcy apuneak amvfstx aftmmra ahivuek axfucwb 

anbaedc avxalav bauekve bfuvsed bfvkmqk chvtgft clsqxfd daclvam dacoioc dalmucl eafaftu ecedxcb fmemcan fnpiotn gaugmbv gcvjpad hdqffod hfuocpg iaiuwko ibhtxky jcgqqte jdgmsbs jdrncvg kkgtsmd kmhuqme kmpbula lhubbip ljworpp mamyjcy mcsavfy nfcvbab nllpiui oavciyh ociglxq paogcut pgjcava qoqstkx qrgbpwj qryuxyt risiiwj rjduodc sgfubvp sikxynt tbhkfvj tblqias tcjuabj uadlpah ufvhagg vcrewmn vdacvws wakopjn wenosfa werhyxa xeeybmm xejpbsa xiwjsvm afcavvl awrlwsf akccgty aoaykaf ybjwrsr yegyvcy apuneak amvfstx aftmmra ahivuek axfucwb 

107.584416 
smjoevv 
actkxvv anbaedc bauekve bfuvsed bfvkmqk chvtgft clsqxfd daclvam dacoioc dalmucl eafaftu ecedxcb fmemcan fnpiotn gaugmbv gcvjpad hdqffod hfuocpg iaiuwko ibhtxky jcgqqte jdgmsbs jdrncvg kkgtsmd kmhuqme kmpbula lhubbip ljworpp mamyjcy mcsavfy nfcvbab nllpiui oavciyh ociglxq paogcut pgjcava qakhyav qoqstkx risiiwj rjduodc sgfubvp sikxynt tbhkfvj tblqias tcjuabj uadlpah ufvhagg vcrewmn vdacvws wakopjn wenosfa werhyxa xeeybmm xejpbsa xiwjsvm afcavvl awrlwsf akccgty aoaykaf ybjwrsr yegyvcy apuneak amvfstx aftmmra ahivuek axfucwb 
1aclvam 1acoioc 1aclvam 1acoioc 
actkxvv anbaedc bauekve bfuvsed bfvkmqk chvtgft clsqxfd daclvam dacoioc dalmucl eafaftu ecedxcb fmemcan fnpiotn gaugmbv gcvjpad hdqffod hfuocpg iaiuwko ibhtxky jcgqqte jdgmsbs jdrncvg kkgtsmd kmhuqme kmpbula lhubbip ljworpp mamyjcy mcsavfy nfcvbab nllpiui oavciyh ociglxq paogcut pgjcava qakhyav qoqstkx risiiwj rjduodc sgfubvp sikxynt tbhkfvj tblqias tcjuabj uadlpah ufvhagg vcrewmn vdacvws wakopjn wenosfa werhyxa xeeybmm xejpbsa xiwjsvm afcavvl awrlwsf akccgty aoaykaf ybjwrsr yegyvcy apuneak amvfstx aftmmra ahivuek axfucwb afmwint 
actkxvv anbaedc bauekve bfuvsed bfvkmqk chvtgft clsqxfd daclvam dacoioc dalmucl eafaftu ecedxcb fmemcan fnpiotn gaugmbv gcvjpad hdqffod hfuocpg iaiuwko ibhtxky jcgqqte jdgmsbs jdrncvg kkgtsmd kmhuqme kmpbula lhubbip ljworpp mamyjcy mcsavfy nfcvbab nllpiui oavciyh ociglxq paogcut pgjcava qakhyav qoqstkx risiiwj rjduodc sgfubvp sikxynt tbhkfvj tblqias tcjuabj uadlpah ufvhagg vcrewmn vdacvws wakopjn wenosfa werhyxa xeeybmm xejpbsa xiwjsvm afcavvl awrlwsf akccgty aoaykaf ybjwrsr yegyvcy apuneak amvfstx aftmmra ahivuek axfucwb afmwint 
actkxvv anbaedc bauekve bfuvsed bfvkmqk chvtgft clsqxfd daclvam dacoioc dalmucl eafaftu ecedxcb fmemcan fnpiotn gaugmbv gcvjpad hdqffod hfuocpg iaiuwko ibhtxky jcgqqte jdgmsbs jdrncvg kkgtsmd kmhuqme kmpbula lhubbip ljworpp mamyjcy mcsavfy nfcvbab nllpiui nlnvjyr oavciyh ociglxq paogcut pgjcava qakhyav qoqstkx risiiwj rjduodc sgfubvp sikxynt tbhkfvj tblqias tcjuabj uadlpah ufvhagg vcrewmn vdacvws wakopjn wenosfa werhyxa xeeybmm xejpbsa xiwjsvm afcavvl awrlwsf akccgty aoaykaf ybjwrsr yegyvcy apuneak amvfstx aftmmra ahivuek axfucwb afmwint 
FALSE 
ofjanrw 
actkxvv anbaedc bauekve bfuvsed bfvkmqk chvtgft clsqxfd daclvam dacoioc davbvey dalmucl eafaftu ecedxcb fkmalkf fmemcan gaugmbv gcvjpad hdqffod hfuocpg iaiuwko ibhtxky jcgqqte jdgmsbs jdrncvg kkgtsmd kmhuqme kmpbula lhubbip ljworpp mamyjcy mcsavfy ndmsupa nfcvbab oavciyh ociglxq paogcut pdaimna qakhyav qdwdaoa risiiwj rjduodc sgfubvp sikxynt tbhkfvj tblqias tcjuabj uadlpah ubkrmho vcrewmn vdacvws wakopjn wenosfa werhyxa xbbllnb xeeybmm xejpbsa afcavvl awrlwsf akccgty aoaykaf ybjwrsr yegyvcy yemcase apuneak amvfstx aftmmra ahivuek axfucwb afmwint aalaxfn 
actkxvv anbaedc bauekve bfuvsed bfvkmqk chvtgft clsqxfd daclvam dacoioc davbvey dalmucl eafaftu ecedxcb fkmalkf fmemcan gaugmbv gcvjpad hdqffod hfuocpg iaiuwko ibhtxky jcesaxq jcgqqte jdgmsbs jdrncvg kkgtsmd kmhuqme kmpbula lhubbip ljworpp mamyjcy mcsavfy ndmsupa nfcvbab oavciyh ociglxq paogcut pdaimna qakhyav qdwdaoa risiiwj rjduodc sgfubvp sikxynt tbhkfvj tblqias tcjuabj uadlpah ubkrmho vcrewmn vdacvws wakopjn wenosfa werhyxa xbbllnb xeeybmm xejpbsa afcavvl awrlwsf akccgty aoaykaf ybjwrsr yegyvcy yemcase apuneak amvfstx aftmmra ahivuek axfucwb afmwint aalaxfn 
107.216270 
aabosmm actkxvv bauekve bfuvsed bfvkmqk chvtgft ciadbei daclvam dacoioc davbvey dalmucl eafaftu ecedxcb fkmalkf fmemcan gaugmbv gcvjpad hdqffod hfuocpg iaiuwko ibhtxky jcesaxq jcgqqte jdgmsbs jdrncvg kkgtsmd kmhuqme kmpbula lhubbip ljworpp mamyjcy mcsavfy ndmsupa nfcvbab oavciyh ociglxq paogcut pdaimna qakhyav qdwdaoa risiiwj rjduodc sgfubvp sikxynt tbhkfvj tblqias tcjuabj uadlpah ubkrmho vcrewmn vdacvws vdulpba wakopjn wenosfa werhyxa xbbllnb xeeybmm xejpbsa afcavvl awrlwsf akccgty aoaykaf ybjwrsr yegyvcy yemcase apuneak amvfstx aftmmra ahivuek axfucwb afmwint aalaxfn 


aabosmm actkxvv bauekve bfuvsed bfvkmqk ccfegaf chvtgft daclvam dacoioc davbvey dalmucl eafaftu ecedxcb fkmalkf fmemcan gaugmbv gcvjpad hdqffod hfuocpg iaiuwko ibhtxky jcesaxq jcgqqte jdgmsbs jdrncvg kkgtsmd kmhuqme kmpbula lhubbip ljworpp mamyjcy mcsavfy ndmsupa nfcvbab oavciyh ociglxq paogcut pdaimna qakhyav qdwdaoa risiiwj rjduodc sgfubvp sikxynt tbhkfvj tblqias tcjuabj uadlpah ubkrmho vcrewmn vdacvws vdulpba wakopjn wdnachv xbbllnb xeeybmm xejpbsa afcavvl awrlwsf akccgty aoaykaf ybjwrsr yegyvcy yemcase apuneak amvfstx aftmmra ahivuek axfucwb afmwint aalaxfn 
ryytlyt 
aabosmm actkxvv bauekve bfuvsed bfvkmqk ccfegaf chvtgft daclvam dacoioc davbvey dalmucl eafaftu ecedxcb fkmalkf fmemcan gaugmbv gcvjpad hdqffod hfuocpg iaiuwko ibhtxky jcesaxq jcgqqte jdgmsbs jdrncvg kkgtsmd kmhuqme kmpbula lhubbip ljworpp mamyjcy mcsavfy ndmsupa nfcvbab oavciyh ociglxq paogcut pdaimna qakhyav qdwdaoa risiiwj rjduodc sgfubvp sikxynt tbhkfvj tblqias tcjuabj uadlpah ubkrmho vbbgqyt vcrewmn wakopjn wdnachv xbbllnb xeeybmm xejpbsa afcavvl awrlwsf akccgty aoaykaf ybjwrsr yegyvcy yemcase apuneak amvfstx aftmmra ahivuek axfucwb afmwint aalaxfn 
FALSE 
5xtuwaf 5yytlyt jxtuwaf jyytlyt kxtuwaf kyytlyt lxtuwaf lyytlyt lxtuwaf lyytlyt 
aabosmm actkxvv bauekve bfuvsed bfvkmqk ccfegaf chvtgft daclvam dacoioc davbvey dalmucl eafaftu ecedxcb fkmalkf fmemcan gaugmbv gcvjpad hdqffod hfuocpg iaiuwko ibhtxky jcesaxq jcgqqte jdgmsbs jdrncvg kkgtsmd kmhuqme kmpbula lhubbip ljworpp mamyjcy mcsavfy ndmsupa nfcvbab oavciyh ociglxq paogcut pdaimna qakhyav qdwdaoa risiiwj rjduodc sgfubvp sikxynt tbhkfvj tblqias tcjuabj uadlpah ubkrmho vbbgqyt vcrewmn wakopjn wdnachv xbbllnb xeeybmm xejpbsa afcavvl awrlwsf akccgty aoaykaf ybjwrsr yegyvcy yemcase apuneak amvfstx aftmmra ahivuek axfucwb afmwint aalaxfn 
aabosmm actkxvv bauekve bfuvsed bfvkmqk ccfegaf chvtgft daclvam dacoioc davbvey dalmucl eafaftu ecedxcb fkmalkf fmemcan gaugmbv gcvjpad hdqffod hfuocpg iaiuwko ibhtxky jcesaxq jcgqqte jdgmsbs jdrncvg kkgtsmd kmhuqme kmpbula lhubbip ljworpp mamyjcy mcsavfy ndmsupa nfcvbab oavciyh ociglxq paogcut pdaimna qakhyav qdwdaoa risiiwj rjduodc sgfubvp sikxynt tbhkfvj tblqias tcjuabj uadlpah ubkrmho vbbgqyt vcrewmn wakopjn wdnachv xbbllnb xeeybmm xejpbsa afcavvl awrlwsf akccgty aoaykaf ybjwrsr yegyvcy yemcase apuneak amvfstx aftmmra ahivuek axfucwb afmwint aalaxfn 
aabosmm actkxvv bauekve bfuvsed bfvkmqk ccfegaf chvtgft daclvam dacoioc davbvey dalmucl eafaftu ecedxcb fkmalkf fmemcan gaugmbv gcvjpad hdqffod hfuocpg iaiuwko ibhtxky jcesaxq jcgqqte jdgmsbs jdrncvg kkgtsmd kmhuqme kmpbula lhubbip ljworpp mamyjcy mcsavfy ndmsupa nfcvbab oavciyh ociglxq paogcut pdaimna qakhyav qdwdaoa risiiwj rjduodc sgfubvp sikxynt tbhkfvj tblqias tcjuabj uadlpah ubkrmho vbbgqyt vcrewmn wakopjn wdnachv xbbllnb xeeybmm xejpbsa afcavvl awrlwsf akccgty aoaykaf ybjwrsr yegyvcy yemcase apuneak amvfstx aftmmra ahivuek axfucwb afmwint aalaxfn 
FALSE 


9ueajws 9vttwgg wueajws wvttwgg xueajws xvttwgg yueajws yvttwgg zueajws zvttwgg zueajws zvttwgg 
aabosmm actkxvv bauekve bfuvsed bfvkmqk ccfegaf chvtgft daclvam dacoioc davbvey dalmucl eafaftu ecedxcb fkmalkf fmemcan gaugmbv gcvjpad hdqffod hfuocpg iaiuwko ibhtxky jcesaxq jcgqqte jdgmsbs jdrncvg kkgtsmd kmhuqme kmpbula lhubbip ljworpp mamyjcy mcsavfy ndmsupa nfcvbab oavciyh ociglxq paogcut pdaimna qakhyav qdwdaoa risiiwj rjduodc sgfubvp sikxynt tbhkfvj tblqias tcjuabj uadlpah ubkrmho vbbgqyt vcrewmn wakopjn wdnachv xbbllnb xeeybmm xejpbsa afcavvl awrlwsf akccgty aoaykaf yafylpv ybjwrsr apuneak amvfstx aftmmra ahivuek axfucwb afmwint aalaxfn 

aabosmm actkxvv bauekve bfuvsed bfvkmqk ccfegaf cgdxdjx daclvam dacoioc davbvey dalmucl eafaftu ecedxcb fkmalkf fmemcan gaugmbv gcvjpad hdqffod hfuocpg iaiuwko ibhtxky jcesaxq jcgqqte jdgmsbs jdrncvg kkgtsmd kmhuqme kmpbula lhubbip ljworpp mamyjcy mcsavfy ndmsupa nfcvbab oavciyh ociglxq paogcut pdaimna qakhyav qdwdaoa risiiwj rjduodc sgfubvp sikxynt tbhkfvj tblqias tcjuabj uadlpah ubkrmho vbbgqyt vcrewmn wakopjn wdnachv xbbllnb xeeybmm xejpbsa afcavvl awrlwsf akccgty aoaykaf yafylpv ybjwrsr apuneak amvfstx aftmmra ahivuek axfucwb afmwint aalaxfn 
6rhrcjo 6sgieke mrhrcjo msgieke nrhrcjo nsgieke orhrcjo osgieke orhrcjo osgieke 
FALSE 

aabosmm actkxvv bauekve bfuvsed bfvkmqk caibked ccfegaf ccyelhw daclvam dacoioc daqwibx dalmucl eafaftu ecedxcb ffjbvvs fkmalkf gaugmbv gcvjpad hdqffod hfuocpg iaiuwko ibhtxky jcesaxq jcgqqte jdgmsbs jdrncvg kkgtsmd kmhuqme kmpbula lhubbip ljworpp mamyjcy mbcamwj ndmsupa nfcvbab oavciyh ociglxq paogcut pdaimna qakhyav qdnabma qdwdaoa risiiwj rjduodc sgfubvp sikxynt tbhkfvj tblqias tcjuabj uadlpah ubkrmho vabeupy vbbgqyt wakopjn wdnachv xbbllnb xcupmki afcavvl awrlwsf akccgty aoaykaf yafylpv ybjwrsr apuneak amvfstx aftmmra ahivuek axfucwb afmwint aalaxfn akdxxbh 
107.014085 
0fjanrw 0fjanrw 
FALSE 
aabosmm actkxvv bauekve bfuvsed bfvkmqk caibked ccfegaf ccyelhw daclvam dacoioc daqwibx dalmucl eafaftu ecedxcb ffjbvvs fkmalkf gaugmbv gcvjpad hdqffod hfuocpg iaiuwko ibhtxky jcesaxq jcgqqte jdgmsbs jdrncvg kkgtsmd kmhuqme kmpbula lhubbip ljworpp mamyjcy mbcamwj ndmsupa nfcvbab oavciyh ociglxq paogcut pdaimna qakhyav qdnabma qdwdaoa risiiwj rjduodc sgfubvp sikxynt tbhkfvj tblqias tcjuabj uadlpah ubkrmho vabeupy vbbgqyt wakopjn wdnachv xbbllnb xcupmki afcavvl awrlwsf akccgty aoaykaf yafylpv ybjwrsr apuneak amvfstx aftmmra ahivuek axfucwb afmwint aalaxfn akdxxbh 
107.014085 
aabosmm actkxvv bauekve bfuvsed bfvkmqk caibked ccfegaf ccyelhw daclvam dacoioc daqwibx dalmucl eafaftu ecedxcb ffjbvvs fkmalkf gaugmbv gcvjpad hdqffod hfuocpg iaiuwko ibhtxky jcesaxq jcgqqte jdgmsbs jdrncvg kkgtsmd kmhuqme kmpbula lhubbip ljworpp mamyjcy mbcamwj ndmsupa nfcvbab oavciyh ociglxq paogcut pdaimna qakhyav qdnabma qdwdaoa risiiwj rjduodc sgfubvp sikxynt tbhkfvj tblqias tcjuabj uadlpah ubkrmho vabeupy vbbgqyt wakopjn wdnachv xbbllnb xcupmki afcavvl awrlwsf akccgty aoaykaf yafylpv ybjwrsr apuneak amvfstx aftmmra ahivuek axfucwb afmwint aalaxfn akdxxbh 

FALSE 
xaclvam xacoioc xaqwibx 
7xtuwaf 7yytlyt pxtuwaf pyytlyt qxtuwaf qyytlyt rxtuwaf ryytlyt sxtuwaf syytlyt sxtuwaf syytlyt 
106.971042 
aabosmm actkxvv bauekve bfuvsed bfvkmqk caibked ccfegaf ccyelhw daclvam dacoioc daqwibx dalmucl eafaftu ecedxcb ffjbvvs ffvqigm fkmalkf gaugmbv gcvjpad hdqffod hfuocpg iaiuwko ibhtxky jcesaxq jcgqqte jdgmsbs jdrncvg kkgtsmd kmhuqme kmpbula lhubbip ljworpp mamyjcy mbcamwj ndmsupa nfcvbab oavciyh ociglxq paogcut pdaimna qakhyav qdnabma qdwdaoa risiiwj rjduodc rjmbbkd sgfubvp sikxynt tbhkfvj tblqias tcjuabj uadlpah ubkrmho ublccfv vabeupy vbbgqyt wakopjn wdnachv xbbllnb xcupmki afcavvl awrlwsf akccgty aoaykaf yafylpv ybjwrsr apuneak amvfstx aftmmra ahivuek axfucwb afmwint aalaxfn akdxxbh 

FALSE 
aabosmm actkxvv bauekve bfuvsed bfvkmqk caibked ccfegaf ccyelhw daclvam dacoioc daqwibx dalmucl eafaftu ecedxcb ffjbvvs ffvqigm fkkjrce fkmalkf gaugmbv gcvjpad hdqffod hfuocpg iaiuwko ibhtxky jcesaxq jcgqqte jdgmsbs jdrncvg kaiifle kkgtsmd lhubbip ljworpp mamyjcy mbcamwj ndmsupa nfcvbab oavciyh ociglxq paogcut pdaimna qakhyav qdnabma qdwdaoa risiiwj rjduodc rjmbbkd sgfubvp sikxynt tbhkfvj tblqias tcjuabj uadlpah ubjgxqs ubkrmho vabeupy vbbgqyt wakopjn wdnachv xbbllnb xcupmki afcavvl awrlwsf akccgty aoaykaf yafylpv ybjwrsr apuneak amvfstx aftmmra ahivuek axfucwb afmwint aalaxfn akdxxbh 
aabosmm actkxvv bauekve bfuvsed bfvkmqk caibked ccfegaf ccyelhw daclvam dacoioc daqwibx dalmucl eafaftu ecedxcb ffjbvvs ffvqigm fkkjrce fkmalkf gaugmbv gcvjpad hdqffod hfuocpg iaiuwko ibhtxky jcesaxq jcgqqte jdgmsbs jdrncvg kaiifle kkgtsmd lhubbip ljworpp mamyjcy mbcamwj ndmsupa nfcvbab oavciyh ociglxq paogcut pdaimna qakhyav qdnabma qdwdaoa risiiwj rjduodc rjmbbkd sgfubvp sikxynt tbhkfvj tblqias tcjuabj uadlpah ubjgxqs ubkrmho vabeupy vbbgqyt wakopjn wdnachv xbbllnb xbdvnsn xcupmki afcavvl awrlwsf akccgty aoaykaf yafylpv ybjwrsr apuneak amvfstx aftmmra ahivuek axfucwb afmwint aalaxfn akdxxbh ayidskp 
106.998120 
6ueajws 6vttwgg mueajws mvttwgg nueajws nvttwgg oueajws ovttwgg oueajws ovttwgg 
5mjoevv 5nrjdtv jmjoevv jnrjdtv kmjoevv knrjdtv lmjoevv lnrjdtv lmjoevv lnrjdtv 
aabosmm actkxvv bauekve bfuvsed bfvkmqk caibked ccfegaf ccyelhw daclvam dacoioc daqwibx dalmucl eafaftu ecedxcb fbiqapa ffjbvvs ffvqigm gaugmbv gcvjpad hdqffod hfuocpg iaiuwko ibhtxky jcesaxq jcgqqte jdgmsbs jdrncvg kaiifle kkgtsmd lhubbip ljworpp mamyjcy mbcamwj ndmsupa nfcvbab oavciyh ociglxq paogcut pdaimna qakhyav qdnabma qdwdaoa risiiwj rjduodc rjmbbkd sgfubvp sikxynt tbhkfvj tblqias tcjuabj uadlpah ubjgxqs ubkrmho vabeupy vbbgqyt wakopjn wdnachv xbbllnb xbdvnsn xcupmki afcavvl awrlwsf akccgty aoaykaf yafylpv ybjwrsr apuneak amvfstx aftmmra ahivuek axfucwb afmwint aalaxfn akdxxbh ayidskp acehwfn 
gxtuwaf 
aabosmm actkxvv bauekve bfuvsed bfvkmqk caibked ccfegaf ccyelhw daclvam dacoioc daqwibx dalmucl eafaftu ecedxcb fbiqapa ffjbvvs ffvqigm gaugmbv gcvjpad hdqffod hfuocpg iaiuwko ibhtxky jcesaxq jcgqqte jdgmsbs jdrncvg kaiifle kkgtsmd lhubbip ljworpp mamyjcy mbcamwj ndmsupa nfcvbab oavciyh ociglxq paogcut pdaimna qakhyav qdnabma qdwdaoa risiiwj rjduodc rjmbbkd sgfubvp sikxynt tbhkfvj tblqias tcjuabj uadlpah ubjgxqs ubkrmho vabeupy vbbgqyt wakopjn wdnachv xbbllnb xbdvnsn xcupmki afcavvl awrlwsf akccgty aoaykaf yafylpv ybjwrsr apuneak amvfstx aftmmra ahivuek axfucwb afmwint aalaxfn akdxxbh ayidskp acehwfn 
106.975564 
TRUE 
iyytlyt 

aabosmm actkxvv bauekve bfuvsed bfvkmqk caibked ccfegaf ccyelhw daclvam dacoioc daqwibx dalmucl eafaftu ecedxcb fbiqapa ffjbvvs ffvqigm gaugmbv gcvjpad hdqffod hfuocpg iaiuwko ibhtxky jcesaxq jcgqqte jdgmsbs jdrncvg kaiifle kkgtsmd lhubbip ljworpp mamyjcy mbcamwj ndmsupa nfcvbab oavciyh ociglxq paogcut pdaimna qakhyav qdnabma qdwdaoa risiiwj rjduodc rjmbbkd sgfubvp sikxynt tbhkfvj tblqias tcjuabj uadlpah ubjgxqs ubkrmho vabeupy vahpoei vbbgqyt wakopjn wdnachv xbbllnb xbdvnsn xcupmki afcavvl awrlwsf akccgty aoaykaf yafylpv ybjwrsr apuneak amvfstx aftmmra ahivuek axfucwb afmwint aalaxfn akdxxbh ayidskp acehwfn 

FALSE 

aabosmm actkxvv bauekve bfuvsed bfvkmqk caibked ccfegaf ccyelhw daclvam dacoioc daqwibx dalmucl eafaftu ecedxcb fbiqapa ffjbvvs ffvqigm gaugmbv gcvjpad hdqffod hfuocpg iaiuwko ibhtxky jcesaxq jcgqqte jdgmsbs jdrncvg kaiifle kkgtsmd lhubbip ljworpp mamyjcy mbcamwj ndmsupa nfcvbab oavciyh ociglxq paogcut pdaimna qakhyav qdnabma qdwdaoa risiiwj rjduodc rjmbbkd sgfubvp sikxynt tbhkfvj tblqias tcjuabj uadlpah ubjgxqs ubkrmho vabeupy vahpoei vbbgqyt wakopjn wdnachv xbbllnb xbdvnsn xcupmki afcavvl awrlwsf akccgty aoaykaf yafylpv yamsain ybjwrsr apuneak amvfstx aftmmra ahivuek axfucwb afmwint aalaxfn akdxxbh ayidskp acehwfn alkhawb 
aabosmm actkxvv bauekve bfuvsed bfvkmqk caibked ccfegaf ccyelhw daclvam dacoioc daqwibx dalmucl eafaftu ecedxcb fbiqapa ffjbvvs ffvqigm gaugmbv gcvjpad hdqffod hfuocpg iaiuwko ibhtxky jcesaxq jcgqqte jdgmsbs jdrncvg kaiifle kkgtsmd lhubbip ljworpp mamyjcy mbcamwj ndmsupa nfcvbab oavciyh ociglxq paogcut pdaimna qakhyav qdnabma qdwdaoa risiiwj rjduodc rjmbbkd sgfubvp sikxynt tbhkfvj tblqias tcjuabj uadlpah ubjgxqs ubkrmho vabeupy vahpoei vbbgqyt wakopjn wdnachv xbbllnb xbdvnsn xcupmki afcavvl awrlwsf akccgty aoaykaf yafylpv yamsain ybjwrsr apuneak amvfstx aftmmra ahivuek axfucwb afmwint aalaxfn akdxxbh ayidskp acehwfn alkhawb 
c0ghhfd c0ghhfd 
9xtuwaf 9yytlyt wxtuwaf wyytlyt xxtuwaf xyytlyt yxtuwaf yyytlyt zxtuwaf zyytlyt zxtuwaf zyytlyt 
106.961199 


aabosmm actkxvv bauekve bfuvsed bfvkmqk caibked ccfegaf ccyelhw daclvam dacoioc daqwibx dalmucl eafaftu ecedxcb fbiqapa ffjbvvs ffvqigm gaugmbv gcvjpad hdqffod hdwhbvh hfuocpg iaiuwko ibhtxky jcesaxq jcgqqte jdgmsbs jdrncvg kaiifle kkgtsmd kkmioiq lhubbip ljworpp mamyjcy mbcamwj ndmsupa nfcvbab oavciyh ociglxq paogcut pdaimna qakhyav qdnabma qdwdaoa risiiwj rjduodc rjmbbkd sgfubvp sikxynt tabxxlx tbhkfvj tblqias uadlpah ubjgxqs ubkrmho vabeupy vahpoei vbbgqyt wakopjn wdnachv xbbllnb xbdvnsn xcupmki afcavvl awrlwsf akccgty aoaykaf yafylpv yamsain ybjwrsr apuneak amvfstx aftmmra ahivuek axfucwb afmwint aalaxfn akdxxbh ayidskp acehwfn alkhawb ablwvxy 
FALSE 

107.110544 

aabosmm actkxvv bauekve bfuvsed bfvkmqk caibked ccfegaf ccyelhw daclvam dacoioc daqwibx dalmucl eafaftu ecedxcb fbiqapa ffjbvvs ffvqigm gaugmbv gcvjpad hcovgld hdqffod hdwhbvh iaiuwko ibhtxky ibhwhri jcesaxq jcgqqte jdgmsbs jdrncvg kaiifle kkgtsmd kkmioiq lhubbip ljworpp mamyjcy mbcamwj ndhhumx ndmsupa nfcvbab oavciyh ociglxq paogcut pdaimna qakhyav qdnabma qdwdaoa risiiwj rjduodc rjmbbkd sgfubvp sikxynt tabxxlx tbhkfvj tblqias uadlpah ubjgxqs ubkrmho vabeupy vahpoei vbbgqyt wakopjn wdnachv xbbllnb xbdvnsn xcupmki afcavvl awrlwsf akccgty aoaykaf yafylpv yamsain ybjwrsr apuneak amvfstx aftmmra ahivuek axfucwb afmwint aalaxfn akdxxbh ayidskp acehwfn alkhawb ablwvxy 
aabosmm actkxvv bauekve bfuvsed bfvkmqk caibked ccfegaf ccyelhw daclvam dacoioc daqwibx dalmucl eafaftu ecedxcb fbiqapa ffjbvvs ffvqigm gaugmbv gcvjpad hcovgld hdqffod hdwhbvh iaiuwko ibhtxky ibhwhri jcesaxq jcgqqte jdgmsbs jdrncvg kaiifle kkgtsmd kkmioiq lhubbip ljworpp mamyjcy mbcamwj ndhhumx ndmsupa nfcvbab oavciyh ociglxq paogcut pdaimna qakhyav qdnabma qdwdaoa risiiwj rjduodc rjmbbkd sadroml sgfubvp tabxxlx tbhkfvj tblqias uadlpah ubjgxqs ubkrmho vabeupy vahpoei vbbgqyt wakopjn wdnachv xbbllnb xbdvnsn xcupmki afcavvl awrlwsf akccgty aoaykaf yafylpv yamsain ybjwrsr apuneak amvfstx aftmmra ahivuek axfucwb afmwint aalaxfn akdxxbh ayidskp acehwfn alkhawb ablwvxy 

aabosmm actkxvv bauekve bfuvsed bfvkmqk caibked ccfegaf ccyelhw daclvam dacoioc daqwibx dalmucl eafaftu ecedxcb fbiqapa ffjbvvs ffvqigm gaugmbv gcvjpad hcovgld hdqffod hdwhbvh iaiuwko ibhtxky ibhwhri jcesaxq jcgqqte jdgmsbs jdrncvg kaiifle kkgtsmd kkmioiq lhubbip ljworpp mamyjcy mbcamwj ndhhumx ndmsupa nfcvbab oavciyh ociglxq paogcut pdaimna qakhyav qdnabma qdwdaoa risiiwj rjduodc rjmbbkd sadroml sgfubvp tabxxlx tbhkfvj tblqias uadlpah ubjgxqs ubkrmho vabeupy vahpoei vbbgqyt wakopjn wdnachv xbbllnb xbdvnsn xcupmki afcavvl awrlwsf akccgty aoaykaf yafylpv yamsain ybjwrsr apuneak amvfstx aftmmra ahivuek axfucwb afmwint aalaxfn akdxxbh ayidskp acehwfn alkhawb ablwvxy 
aabosmm actkxvv bauekve bfuvsed bfvkmqk caibked ccfegaf ccyelhw daclvam dacoioc daqwibx dalmucl eafaftu ecedxcb fbiqapa ffjbvvs ffvqigm gaugmbv gcvjpad hcovgld hdqffod hdwhbvh iaiuwko ibhtxky ibhwhri jcesaxq jcgqqte jdgmsbs jdrncvg kaiifle kkgtsmd kkmioiq lhubbip ljworpp mamyjcy mbcamwj ndhhumx ndmsupa nfcvbab oavciyh ociglxq paogcut pdaimna qakhyav qdnabma qdwdaoa risiiwj rjduodc rjmbbkd sadroml sgfubvp tabxxlx tbhkfvj tblqias uadlpah ubjgxqs ubkrmho vabeupy vahpoei vbbgqyt wakopjn wdnachv xbbllnb xbdvnsn xcupmki afcavvl awrlwsf akccgty aoaykaf yafylpv yamsain ybjwrsr apuneak amvfstx aftmmra ahivuek axfucwb afmwint aalaxfn akdxxbh ayidskp acehwfn alkhawb ablwvxy 
6fjanrw mfjanrw nfjanrw ofjanrw ofjanrw 
107.018487 
aabosmm actkxvv bauekve bfuvsed bfvkmqk caibked ccfegaf ccyelhw daclvam dacoioc daqwibx dalmucl eafaftu ecedxcb fbiqapa ffjbvvs ffvqigm gaugmbv gcvjpad hcovgld hdqffod hdwhbvh iaiuwko ibhtxky ibhwhri jcesaxq jcgqqte jdgmsbs jdrncvg kaiifle kkgtsmd kkmioiq lhubbip ljworpp mamyjcy mbcamwj ndhhumx ndmsupa nfcvbab oavciyh ociglxq paogcut pdaimna qakhyav qdnabma qdwdaoa risiiwj rjduodc rjmbbkd sadroml sgfubvp tabxxlx tbhkfvj tblqias uadlpah ubjgxqs ubkrmho vabeupy vahpoei vbbgqyt wakopjn wdnachv xbbllnb xbdvnsn xcupmki afcavvl awrlwsf akccgty aoaykaf yafylpv yamsain ybjwrsr apuneak amvfstx aftmmra ahivuek axfucwb afmwint aalaxfn akdxxbh ayidskp acehwfn alkhawb ablwvxy aktmaua 
