
109.000000 


ajtnxhs bxagnol crlornd domahkt fmejsdd glypsay hcyngkt ivwwxna jiiccae orddogu snomgkl ukrforf ulmqcqm vdsajdy 
bxagnol 
FALSE 
ajtnxhs bxagnol crlornd domahkt dxtttrl esrqpat fmejsdd glypsay hcyngkt haocokw ivwwxna jiiccae orddogu qnygtrj snomgkl ukrforf ulmqcqm vdsajdy 
108.721088 

FALSE 
1rlornd 1rlornd 
ajtnxhs bxagnol crlornd domahkt dxtttrl erufyjr esrqpat fmejsdd glypsay hcyngkt haocokw ivwwxna jiiccae mvebpxe orddogu qnygtrj snomgkl tngniev ukrforf ulmqcqm vdsajdy 
ajtnxhs bxagnol crlornd domahkt dxtttrl erufyjr esrqpat fmejsdd glypsay hcyngkt haocokw ivwwxna jiiccae mvebpxe orddogu qnygtrj snomgkl tngniev ukrforf ulmqcqm vdsajdy 
ajtnxhs bxagnol crlornd domahkt dxtttrl epxtlcp erufyjr fmejsdd glypsay hcyngkt haocokw ivwwxna jiiccae kuepflr kuggfrr mvebpxe orddogu qnygtrj snomgkl tngniev ukrforf ulmqcqm vdsajdy 


ajtnxhs bjigywc bxagnol cdfahfi crlornd djhcrws domahkt eldsram epxtlcp fmejsdd glypsay hcyngkt haocokw idajdnj iifipww jiiccae kuepflr kuggfrr mvebpxe orddogu pmaeive qnygtrj qaauarx sbntbxm snomgkl tngniev uhdwkde ukrforf vdsajdy wslcjfg xxhxxlm xajxyon yuqravh yvxarma 
4rlornd grlornd hrlornd irlornd irlornd 

ajtnxhs bjigywc bxagnol cdfahfi crlornd djhcrws domahkt eldsram epxtlcp fmejsdd glypsay gusvhse hcyngkt haocokw idajdnj iifipww jclcgsl jiiccae khxegjo kuepflr kuggfrr mvebpxe orddogu pmaeive qnygtrj qaauarx sbntbxm snomgkl tngniev uhdwkde ukrforf vdsajdy wslcjfg xvmgnle xxhxxlm xxqsrxo yqrctpv yuqravh 
ajtnxhs bjigywc bxagnol cdfahfi crlornd djhcrws domahkt eldsram epxtlcp fmejsdd glypsay gusvhse hcyngkt haocokw idajdnj iifipww jclcgsl jiiccae khxegjo kuepflr kuggfrr mvebpxe orddogu pmaeive qnygtrj qaauarx sbntbxm snomgkl tngniev uhdwkde ukrforf vdsajdy wslcjfg xvmgnle xxhxxlm xxqsrxo yqrctpv yuqravh 
ajtnxhs bjigywc bxagnol cdfahfi crlornd djhcrws dnigxpq eldsram epxtlcp fmejsdd glypsay gusvhse hcyngkt haocokw idajdnj iifipww jclcgsl jiiccae khxegjo kuepflr kuggfrr mvebpxe orddogu pmaeive qnygtrj qaauarx sbntbxm snomgkl tngniev uhdwkde ukrforf vchaaqy vdsajdy wslcjfg xvmgnle xxhxxlm xxqsrxo yqrctpv yuqravh 
ajtnxhs bjigywc bxagnol cdfahfi crlornd djhcrws dnigxpq eldsram epxtlcp fmejsdd glypsay gusvhse hcyngkt haocokw idajdnj iifipww jclcgsl jiiccae khxegjo kuepflr kuggfrr mvebpxe orddogu pmaeive pwlhtfq qnygtrj qaauarx sbntbxm snomgkl tngniev uhdwkde ukrforf vchaaqy vdsajdy wslcjfg xvmgnle xxhxxlm xxqsrxo yqrctpv yuqravh 


4dfahfi gdfahfi hdfahfi idfahfi idfahfi 
FALSE 


FALSE 
ajtnxhs bjigywc bxagnol cdfahfi cgpyoiq dfflcjw djhcrws eldsram epxtlcp fmejsdd glypsay gusvhse hcyngkt haocokw idajdnj iifipww jclcgsl jiiccae khxegjo kuepflr kuggfrr lhwissi mmrskes mvebpxe neuucyq orddogu pmaeive pofhdkh qnygtrj qaauarx rhjjtfp sbntbxm snomgkl tngniev uhdwkde ukrforf vchaaqy vdsajdy wslcjfg xvmgnle xxhxxlm xxqsrxo yntormf yqrctpv 
ajtnxhs bhfwfis bjigywc cdfahfi cgpyoiq dfflcjw djhcrws einodoh eldsram fmejsdd glypsay gusvhse hcyngkt haocokw idajdnj iifipww jclcgsl jiiccae khxegjo kuepflr kuggfrr lhwissi mmrskes mvebpxe neuucyq nyxlilf orddogu pmaeive pofhdkh qnygtrj qaauarx rhjjtfp sbntbxm snomgkl tngniev uhdwkde ukrforf vchaaqy vdsajdy wslcjfg xvmgnle xxhxxlm xxqsrxo yntormf yqrctpv 
FALSE 
bxagnol 
ajtnxhs bhfwfis bjigywc cdfahfi cgpyoiq dfflcjw djhcrws einodoh eldsram fmejsdd glypsay gtsgaye hcyngkt haocokw idajdnj iifipww jclcgsl jiiccae khxegjo kuepflr kuggfrr lhwissi mmrskes mvebpxe neuucyq nyxlilf orddogu pmaeive pofhdkh qnygtrj qaauarx rhjjtfp sbntbxm snomgkl tjvbpse tngniev uhdwkde ukrforf vchaaqy vdsajdy wslcjfg xvmgnle xxhxxlm xxqsrxo yntormf yqrctpv anyacna 
FALSE 


ggpyoiq 
2dfahfi cdfahfi cdfahfi 
ajtnxhs bhfwfis bjigywc cavnuap cdfahfi ddpawey dfflcjw dfgwnuw einodoh eldsram fmejsdd glypsay gtsgaye hcyngkt haocokw ibdivia idajdnj jclcgsl jiiccae khxegjo kuepflr kuggfrr lhwissi mhrisda mmrskes neuucyq nyxlilf obsdchx oisaaaq paioyhq pmaeive qeynoic qnygtrj rhjjtfp rovkaqk sbntbxm snomgkl tjvbpse tngniev ufhrvnu uhdwkde uhvyyvr vchaaqy vdsajdy wkvdegp wslcjfg xvmgnle xxhxxlm xxqsrxo ylxhxtb yntormf anyacna 
ajtnxhs bhfwfis bjigywc cavnuap cdfahfi ddpawey dfflcjw dfgwnuw einodoh eldsram fmejsdd glypsay gtsgaye hcyngkt haocokw ibdivia idajdnj jclcgsl jiiccae khxegjo kuepflr kuggfrr lhwissi mhrisda mmrskes neuucyq nyxlilf obsdchx oisaaaq paioyhq pmaeive qeynoic qnygtrj rhjjtfp rovkaqk sbntbxm snomgkl taffwsd tjvbpse ufhrvnu uhdwkde uhvyyvr vchaaqy vdsajdy wkvdegp wslcjfg xvmgnle xxhxxlm xxqsrxo ylxhxtb yntormf anyacna 
108.241758 
FALSE 
dvsjqba 
sljrass 
ajtnxhs bhfwfis bjigywc cavnuap cdfahfi ddpawey dfflcjw dfgwnuw einodoh eldsram fmejsdd gbvrdvv glypsay hcyngkt haocokw ibdivia idajdnj jclcgsl jiiccae khxegjo kuepflr kuggfrr lhwissi mhrisda mmrskes neuucyq nyxlilf obsdchx oisaaaq paioyhq pmaeive qeynoic qnygtrj rhjjtfp rovkaqk sbntbxm snomgkl taffwsd tjvbpse ufhrvnu uhdwkde uhvyyvr vchaaqy vdsajdy wkvdegp wslcjfg xvmgnle xxduhem xxhxxlm ylxhxtb yntormf anyacna 

ajtnxhs bhfwfis bjigywc cavnuap cdfahfi ddpawey dfflcjw dfgwnuw einodoh eldsram fmejsdd gbvrdvv glypsay hcyngkt haocokw ibdivia idajdnj jclcgsl jiiccae khxegjo kuepflr kuggfrr lhwissi mhrisda mmrskes neuucyq nxmsnop obsdchx oisaaaq paioyhq pmaeive qeynoic qhkhixu rhjjtfp rovkaqk sbntbxm snomgkl taffwsd tjvbpse ufhrvnu uhdwkde uhvyyvr vchaaqy vdsajdy wkvdegp wslcjfg xvmgnle xxduhem xxhxxlm ylxhxtb yntormf anyacna 
FALSE 
ajtnxhs bhfwfis bjigywc cavnuap cdfahfi ddpawey dfflcjw dfgwnuw einodoh eldsram fmejsdd gbvrdvv glypsay hcyngkt haocokw ibdivia idajdnj jclcgsl jiiccae khxegjo kuepflr kuggfrr lhwissi mhrisda mmrskes neuucyq nxmsnop obsdchx oisaaaq paioyhq pmaeive qeynoic qhkhixu rhjjtfp rovkaqk sbntbxm snomgkl taffwsd tjvbpse ufhrvnu uhdwkde uhvyyvr vchaaqy vdsajdy wkvdegp wslcjfg xgvusuw xvmgnle ylxhxtb yntormf anyacna 
ajtnxhs bhfwfis bjigywc cavnuap cdfahfi ddpawey dfflcjw dfgwnuw einodoh eldsram fmejsdd gbvrdvv glypsay hcyngkt haocokw ibdivia idajdnj jclcgsl jiiccae khxegjo kuepflr kuggfrr lhwissi mhrisda mmrskes neuucyq nxmsnop obsdchx oisaaaq paioyhq pmaeive qeynoic qhkhixu rhjjtfp rovkaqk sbntbxm snomgkl taffwsd tjvbpse ufhrvnu uhdwkde uhvyyvr vchaaqy vdsajdy wkvdegp wslcjfg xgvusuw xvmgnle ylxhxtb yntormf anyacna 
FALSE 
FALSE 


2dfahfi 2feitui cdfahfi cfeitui cdfahfi cfeitui 
mavnuap 
ajtnxhs bhfwfis bjigywc cavnuap cdfahfi dbrbnie ddpawey einodoh eldsram fmejsdd fmkvupf fsvqunb gbvrdvv glypsay hcyngkt haocokw ibdivia idajdnj jclcgsl jfirdhr khxegjo kuepflr kuggfrr lhwissi lrfmyhq mhrisda mmrskes neuucyq ngxaait obsdchx odjlpuj paioyhq pmaeive qbnijco qeynoic rhjjtfp rovkaqk sbntbxm snomgkl taffwsd tjvbpse ucnywty ufhrvnu vbnukfc vchaaqy witilta wkvdegp xgvusuw xvmgnle ylxhxtb ymmrkag anyacna 

ajtnxhs bhfwfis bjigywc cavnuap cdfahfi dbrbnie ddpawey einodoh eldsram farhhqo fmejsdd fmkvupf gbvrdvv glypsay hcyngkt haocokw ibdivia idajdnj jclcgsl jfirdhr khxegjo kuepflr kuggfrr lhwissi lrfmyhq mhrisda mmrskes neuucyq ngxaait obsdchx odjlpuj paioyhq pmaeive qbnijco qeynoic rhjjtfp rovkaqk sbntbxm snomgkl taffwsd tcaiixg ucnywty ufhrvnu vbnukfc vchaaqy wcbjwii witilta xgvusuw xvmgnle ylxhxtb ymmrkag anyacna 

2ljrass ajtnxhs bjigywc cljrass cljrass 
gvsjqba 


ajtnxhs bhfwfis bjigywc cavnuap cdfahfi dbrbnie ddpawey einodoh eldsram farhhqo fmejsdd fmkvupf gbvrdvv glypsay hcyngkt haocokw ibdivia idajdnj jclcgsl jfirdhr khxegjo kuepflr kuggfrr lhwissi lrfmyhq mhrisda mmrskes neuucyq ngxaait obsdchx odjlpuj paioyhq pmaeive qbnijco qeynoic rhjjtfp rovkaqk sbntbxm snomgkl taffwsd tcaiixg ucnywty ufhrvnu vbnukfc vchaaqy wcbjwii witilta xgvusuw xjsoqsi ylxhxtb ymmrkag anyacna 
6mcmmew mmcmmew nmcmmew omcmmew omcmmew 
7ljrass pljrass qljrass rljrass sljrass sljrass 
107.830189 
6avnuap mavnuap navnuap oavnuap oavnuap 


aaqamye afaaoev bhfwfis bjigywc cavnuap cdfahfi dbrbnie ddpawey einodoh eldsram farhhqo fmejsdd fmkvupf gbvrdvv glypsay hcyngkt haocokw ibdivia idajdnj jclcgsl jfirdhr khnwwva khxegjo kuepflr kuggfrr lhwissi lrfmyhq mhrisda mmrskes neuucyq ngxaait obsdchx odjlpuj paioyhq pmaeive qbnijco qeynoic rhjjtfp rovkaqk sbntbxm snomgkl taffwsd tcaiixg ucnywty ufhrvnu vbnukfc vchaaqy wcbjwii witilta xgvusuw xjsoqsi ylxhxtb ymmrkag anyacna akiujhk aofudcd arhpjsx 
5avnuap javnuap kavnuap lavnuap lavnuap 
wfeitui 
aaqamye afaaoev bhfwfis bjigywc cavnuap cdfahfi dbrbnie ddpawey einodoh eldsram farhhqo fmejsdd fmkvupf gbvrdvv glypsay hcyngkt haocokw ibdivia idajdnj jclcgsl jfirdhr khnwwva khxegjo kuepflr kuggfrr lhwissi lrfmyhq mhrisda mmrskes neuucyq ngxaait obsdchx odjlpuj paioyhq pmaeive qbnijco qeynoic rhjjtfp rkcsbad sbntbxm snomgkl taffwsd tcaiixg ucnywty ufhrvnu vblnfql vbnukfc vchaaqy wcbjwii witilta xgvusuw xjsoqsi yaymjdq ylxhxtb anyacna akiujhk aofudcd arhpjsx 
107.741379 
107.805419 
aaqamye afaaoev bcyqtyo bhfwfis cavnuap cdfahfi dbrbnie ddpawey einodoh eldsram farhhqo fmejsdd fmkvupf gbvrdvv glypsay hcyngkt haocokw ibdivia idajdnj jclcgsl jfirdhr khnwwva khxegjo kuepflr kuggfrr lhwissi liweeex mhkwmkt mhrisda mmrskes neuucyq ngxaait obsdchx odjlpuj paioyhq pmaeive qbnijco qeynoic rhjjtfp rkcsbad sajjrpo sbntbxm taffwsd tcaiixg ucnywty ufhrvnu vblnfql vbnukfc vchaaqy wcbjwii wejwnav xgvusuw xjsoqsi yaymjdq ylxhxtb anyacna akiujhk aofudcd arhpjsx 
aaqamye afaaoev bcyqtyo bhfwfis cavnuap cdfahfi dbrbnie ddpawey einodoh eldsram farhhqo fmejsdd fmkvupf gbvrdvv glypsay hcyngkt haocokw ibdivia idajdnj jclcgsl jfirdhr khnwwva khxegjo kkvmpge lhwissi liweeex mhkwmkt mhrisda mmrskes neuucyq ngxaait obsdchx odjlpuj paioyhq pbcfanl qbnijco qeynoic rhjjtfp rkcsbad sajjrpo sbntbxm taffwsd tcaiixg ucnywty ufhrvnu vblnfql vbnukfc vchaaqy wcbjwii wejwnav xgvusuw xjsoqsi yaymjdq ylxhxtb anyacna akiujhk aofudcd arhpjsx 
FALSE 
1avnuap 1avnuap 
aaqamye afaaoev bcyqtyo bhfwfis caromdf cavnuap cdfahfi dbrbnie ddpawey einodoh eldsram farhhqo flrfguy gbvrdvv glypsay hcyngkt haocokw ibdivia idajdnj jclcgsl jfirdhr khnwwva khxegjo kkvmpge lhwissi liweeex mhkwmkt mhrisda mmrskes neuucyq ngxaait obsdchx odjlpuj paioyhq pbcfanl qbnijco qeynoic rhjjtfp rkcsbad sajjrpo sbntbxm taffwsd tcaiixg ucnywty ufhrvnu vblnfql vbnukfc vchaaqy wcbjwii wejwnav xgvusuw xjsoqsi yaymjdq ygunttu anyacna akiujhk aofudcd arhpjsx 
3mcmmew dmcmmew emcmmew fmcmmew fmcmmew 
aaqamye afaaoev bcyqtyo bhfwfis caromdf cavnuap cdfahfi dbrbnie ddpawey einodoh eldsram farhhqo fgwakho gbvrdvv glypsay hcyngkt haocokw ibdivia idajdnj jclcgsl jfirdhr khnwwva khxegjo kkvmpge lhwissi liweeex mhkwmkt mhrisda mmrskes neuucyq ngxaait obsdchx odjlpuj paioyhq pbcfanl qbnijco qeynoic rhjjtfp rkcsbad sajjrpo sbntbxm taffwsd tbkaxom ucnywty ufhrvnu vblnfql vbnukfc vchaaqy wcbjwii wejwnav xgvusuw xjsoqsi yaymjdq ygunttu anyacna akiujhk aofudcd arhpjsx 
9gippkk 9gpyoiq wgippkk wgpyoiq xgippkk xgpyoiq ygippkk ygpyoiq zgippkk zgpyoiq zgippkk zgpyoiq 

2vsjqba cvsjqba cvsjqba 
5vsjqba jvsjqba kvsjqba lvsjqba lvsjqba 
jaromdf javnuap 
aaqamye afaaoev bcyqtyo bhfwfis caromdf cavnuap cdfahfi dbrbnie ddpawey einodoh eldsram farhhqo fdirbcp gbvrdvv glypsay hcyngkt haocokw ibdivia ibndaos idajdnj jclcgsl jfirdhr khnwwva khxegjo kkvmpge lhwissi liweeex mhkwmkt mhrisda mmrskes neuucyq ngxaait obsdchx odjlpuj paioyhq pbcfanl qbnijco qeynoic rhjjtfp rkcsbad sajjrpo sbntbxm taffwsd tbkaxom ublpywd ucnywty vblnfql vbnukfc vchaaqy wcbjwii wejwnav xgvusuw xjsoqsi yaymjdq ydtwkwu anyacna akiujhk aofudcd arhpjsx awcxydt 

aaqamye afaaoev bcyqtyo bhfwfis caromdf cavnuap cdfahfi dbrbnie ddpawey einodoh eldsram farhhqo fdirbcp gbvrdvv glypsay hcyngkt haocokw ibdivia ibndaos idajdnj jclcgsl jfirdhr khnwwva khxegjo kkvmpge lhwissi liweeex mhkwmkt mhrisda mmrskes neuucyq ngxaait obsdchx odjlpuj paioyhq pbcfanl qbnijco qeynoic rhjjtfp rkcsbad sajjrpo sbntbxm taffwsd tbkaxom ublpywd ucnywty vblnfql vbnukfc vchaaqy wcbjwii wejwnav xgvusuw xjsoqsi yaymjdq ydtwkwu anyacna akiujhk aofudcd arhpjsx awcxydt 
107.702381 
FALSE 

FALSE 
FALSE 
FALSE 
aaqamye afaaoev baaiutp bcyqtyo caromdf cavnuap cdfahfi dbrbnie ddpawey einodoh eldsram farhhqo fdirbcp gbvrdvv glypsay hcyngkt haocokw ibdivia ibndaos idajdnj jclcgsl jfirdhr khnwwva khxegjo kkvmpge lgolwis lhwissi mhkwmkt mhrisda mmrskes neuucyq ngxaait obsdchx odjlpuj paioyhq pbcfanl qbnijco qeynoic rhjjtfp rkcsbad sajjrpo sbntbxm taffwsd tbkaxom ublpywd ucnywty vblnfql vbnukfc vchaaqy wcbjwii wejwnav xgvusuw xjsoqsi yaymjdq ydtwkwu anyacna akiujhk aofudcd arhpjsx awcxydt ajmlmbm 
crlornd 
107.695853 
aaqamye afaaoev baaiutp bcyqtyo caromdf cavnuap cdfahfi dbrbnie ddpawey efhanvc einodoh farhhqo fdirbcp gbvrdvv glypsay hcyngkt haocokw ibdivia ibndaos idajdnj idrcuuu jclcgsl jfirdhr kgfurjr khnwwva khxegjo lgolwis lhwissi mhkwmkt mhrisda mkbixpy neuucyq ngxaait obsdchx odjlpuj paioyhq pbcfanl qbnijco qeynoic rhjjtfp rkcsbad sajjrpo sbntbxm taffwsd tbkaxom ublpywd ucnywty vblnfql vbnukfc vchaaqy wcbjwii wejwnav xgvusuw xjsoqsi yaymjdq ydtwkwu anyacna akiujhk aofudcd arhpjsx awcxydt ajmlmbm apexawj 
1mcmmew 1mcmmew 
107.705215 
0mcmmew 0mcmmew 
aaqamye afaaoev baaiutp bcyqtyo caromdf cavnuap cdfahfi dbrbnie ddpawey efhanvc ehiwkha farhhqo fdirbcp gbvrdvv glypsay hcyngkt haocokw ibdivia ibndaos idajdnj idrcuuu jclcgsl jfirdhr kgfurjr khnwwva khxegjo lgolwis lhwissi mhkwmkt mhrisda mkbixpy neuucyq ngxaait obsdchx odjlpuj paioyhq pbcfanl qbnijco qeynoic rhjjtfp rkcsbad sajjrpo sbntbxm taffwsd tbkaxom ublpywd ucnywty vblnfql vbnukfc vchaaqy wcbjwii wejwnav xgvusuw xjsoqsi yaymjdq ydtwkwu anyacna akiujhk aofudcd arhpjsx awcxydt ajmlmbm apexawj 


aaqamye afaaoev baaiutp bcyqtyo caromdf cavnuap cdfahfi dbrbnie ddpawey efhanvc ehipril ehiwkha farhhqo fdirbcp gbvrdvv glypsay hbrvtuq hcyngkt ibdivia ibndaos idajdnj idrcuuu jclcgsl jfirdhr kgfurjr khnwwva khxegjo lbplkvg lgolwis mhkwmkt mhrisda mkbixpy neuucyq ngxaait obsdchx odjlpuj paioyhq pbcfanl qbnijco qeynoic rhjjtfp rkcsbad sajjrpo sbntbxm taffwsd tbkaxom ublpywd ucnywty vblnfql vbnukfc vchaaqy wcbjwii wejwnav xgvusuw xjsoqsi yaymjdq yckiccv anyacna akiujhk aofudcd arhpjsx awcxydt ajmlmbm apexawj 


aaqamye afaaoev baaiutp bcyqtyo caromdf cavnuap cdfahfi dbrbnie ddpawey efhanvc ehipril ehiwkha farhhqo fdirbcp gbvrdvv glypsay hbrvtuq hcyngkt ibdivia ibndaos idajdnj idrcuuu jclcgsl jfirdhr kgfurjr khnwwva khxegjo lbplkvg lekynmh mhkwmkt mhrisda mkbixpy neuucyq ngxaait obsdchx odjlpuj paioyhq pbcfanl qbnijco qeynoic rhjjtfp rkcsbad sajjrpo sbntbxm taffwsd tbkaxom ublpywd ucnywty vblnfql vbnukfc vchaaqy wcbjwii wejwnav xgvusuw xjsoqsi yaymjdq yckiccv anyacna akiujhk aofudcd arhpjsx awcxydt ajmlmbm apexawj akfynux 

7gippkk 7gpyoiq pgippkk pgpyoiq qgippkk qgpyoiq rgippkk rgpyoiq sgippkk sgpyoiq sgippkk sgpyoiq 
aaqamye afaaoev baaiutp bcyqtyo caromdf cavnuap cdfahfi dbrbnie ddpawey efhanvc ehipril ehiwkha farhhqo fdirbcp gbvrdvv glypsay hbrvtuq hcyngkt ibdivia ibndaos idajdnj idrcuuu jclcgsl jfirdhr kgfurjr khnwwva khxegjo lbplkvg lekynmh mhkwmkt mhrisda mkbixpy neuucyq ngxaait obsdchx odjlpuj paioyhq pbcfanl qbnijco qeynoic rhjjtfp rkcsbad sajjrpo sbntbxm taffwsd tbkaxom ublpywd ucnywty vblnfql vbnukfc vchaaqy wcbjwii wejwnav xgvusuw xjsoqsi yaymjdq yckiccv anyacna akiujhk aofudcd arhpjsx awcxydt ajmlmbm apexawj akfynux 

aaqamye afaaoev baaiutp bcyqtyo caromdf cavnuap cdfahfi dbrbnie ddpawey efhanvc ehipril ehiwkha farhhqo fdirbcp gbvrdvv glypsay hbrvtuq hcyngkt ibdivia ibndaos idajdnj idrcuuu jclcgsl jfirdhr kgfurjr khnwwva khxegjo lbplkvg lekynmh mhkwmkt mhrisda mkbixpy neuucyq ngxaait obsdchx odjlpuj paioyhq pbcfanl qbnijco qeynoic rhjjtfp rkcsbad sajjrpo sbntbxm taffwsd tbkaxom ublpywd ucnywty vblnfql vbnukfc vchaaqy wcbjwii wejwnav xgvusuw xjsoqsi yaymjdq yckiccv anyacna akiujhk aofudcd arhpjsx awcxydt ajmlmbm apexawj akfynux 
FALSE 

cmcmmew 
FALSE 

FALSE 
aaqamye adygmmh baaiutp bcyqtyo caromdf cavnuap cdfahfi dbrbnie ddpawey efhanvc ehipril ehiwkha farhhqo fdirbcp gbvrdvv glypsay hbrvtuq hcyngkt ibdivia ibndaos idajdnj idrcuuu jclcgsl jfirdhr kgfurjr khnwwva khxegjo lbplkvg lbreaha lekynmh mhkwmkt mhrisda mkbixpy neuucyq ngxaait oacypfa obsdchx paioyhq pbcfanl qbnijco qcooivb rhjjtfp rkcsbad sajjrpo sbntbxm taffwsd tbkaxom ublpywd ucnywty vblnfql vbnukfc vchaaqy wbcmaan wcbjwii xgvusuw xjsoqsi yaymjdq yckiccv anyacna akiujhk aofudcd arhpjsx awcxydt ajmlmbm apexawj akfynux aasaatp 
aaqamye adygmmh baaiutp bcyqtyo caromdf cavnuap cdfahfi dbrbnie ddpawey efhanvc ehipril ehiwkha farhhqo fdirbcp gbvrdvv glypsay hbrvtuq hcyngkt ibdivia ibndaos idajdnj idrcuuu jclcgsl jfirdhr kgfurjr khnwwva khxegjo lbplkvg lbreaha lekynmh mhkwmkt mhrisda mkbixpy neuucyq ngxaait oacypfa obsdchx paioyhq pbcfanl qbnijco qcooivb rhjjtfp rkcsbad sajjrpo sbntbxm taffwsd tbkaxom ublpywd ucnywty vblnfql vbnukfc vchaaqy wbcmaan wcbjwii xgvusuw xjsoqsi yaymjdq yckiccv anyacna akiujhk aofudcd arhpjsx awcxydt ajmlmbm apexawj akfynux aasaatp 
107.396104 
0vsjqba 0vsjqba 
1pqdanp 1rlornd 1skglni 1pqdanp 1rlornd 1skglni 

zyfptcy 
aaqamye adygmmh baaiutp bcyqtyo caromdf cavnuap cdfahfi dbrbnie ddpawey efhanvc egfnnqu farhhqo fdirbcp gbvrdvv glypsay hbrvtuq hcyngkt ibdivia ibndaos idajdnj idrcuuu jclcgsl jfirdhr kdfsnsx kgfurjr lbplkvg lbreaha lekynmh mhkwmkt mhrisda mkbixpy neuucyq ngxaait oacypfa obsdchx paioyhq pbcfanl qbnijco qcooivb rhjjtfp rkcsbad sajjrpo sbkkvte sbntbxm taffwsd tbkaxom ublpywd ucnywty vblnfql vbnukfc vchaaqy wbcmaan wcbjwii xgvusuw xjsoqsi yaymjdq yckiccv anyacna akiujhk aofudcd arhpjsx awcxydt ajmlmbm apexawj akfynux aasaatp amvlogr 



1mcmmew 1mcmmew 
aaqamye adygmmh baaiutp bcyqtyo caromdf cavnuap cdfahfi dbrbnie ddpawey efhanvc egfnnqu farhhqo fdirbcp gbvrdvv glypsay hbrvtuq hcyngkt ibdivia ibndaos idajdnj idrcuuu jclcgsl jfirdhr kdfsnsx kgfurjr lbplkvg lbreaha lekynmh mhkwmkt mhrisda mkbixpy neuucyq ngxaait oacypfa obsdchx paioyhq pbcfanl qbnijco qcooivb rhjjtfp rkcsbad sajjrpo sbkkvte sbntbxm taffwsd tbkaxom ublpywd ucnywty vblnfql vbnukfc vchaaqy wbcmaan wcbjwii xgvusuw xhddhhq yaymjdq ybpuahv anyacna akiujhk aofudcd arhpjsx awcxydt ajmlmbm apexawj akfynux aasaatp amvlogr 
9gippkk 9gpyoiq wgippkk wgpyoiq xgippkk xgpyoiq ygippkk ygpyoiq zgippkk zgpyoiq zgippkk zgpyoiq 

6gippkk 6gpyoiq mgippkk mgpyoiq ngippkk ngpyoiq ogippkk ogpyoiq ogippkk ogpyoiq 
aaqamye adygmmh baaiutp bcyqtyo caromdf cavnuap cdfahfi dbrbnie ddpawey efhanvc egfnnqu farhhqo fdirbcp gbvrdvv glypsay hbrvtuq hcyngkt ibdivia ibndaos idajdnj idrcuuu jclcgsl jfirdhr kdfsnsx kgfurjr lbplkvg lbreaha lekynmh mhkwmkt mhrisda mkbixpy neuucyq ngxaait oacypfa obsdchx paioyhq pbcfanl qbnijco qcooivb rhjjtfp rkcsbad sajjrpo sbkkvte sbntbxm taffwsd tbkaxom ublpywd ucnywty vblnfql vbnukfc vchaaqy wbcmaan wcbjwii xgvusuw xhddhhq yaymjdq ybpuahv anyacna akiujhk aofudcd arhpjsx awcxydt ajmlmbm apexawj akfynux aasaatp amvlogr 
aaqamye adygmmh baaiutp bcyqtyo caromdf cavnuap cdfahfi dbrbnie ddpawey efhanvc egfnnqu farhhqo fdirbcp gbvrdvv glypsay hbrvtuq hcyngkt ibdivia ibndaos idajdnj idrcuuu jclcgsl jfirdhr kdfsnsx kgfurjr lbplkvg lbreaha lekynmh mhkwmkt mhrisda mkbixpy neuucyq ngxaait oacypfa obsdchx paioyhq pbcfanl qbnijco qcooivb rhjjtfp rkcsbad sajjrpo sbkkvte sbntbxm taffwsd tbkaxom ublpywd ucnywty vblnfql vbnukfc vchaaqy wbcmaan wcbjwii xgvusuw xhddhhq yaymjdq ybpuahv anyacna akiujhk aofudcd arhpjsx awcxydt ajmlmbm apexawj akfynux aasaatp amvlogr 
vyfptcy 
9yfptcy wyfptcy xyfptcy yyfptcy zyfptcy zyfptcy 
3yfptcy dyfptcy eyfptcy fyfptcy fyfptcy 
aaqamye adygmmh baaiutp bcyqtyo caromdf cavnuap cdfahfi dbrbnie ddpawey efhanvc egfnnqu farhhqo fdirbcp gbvrdvv glypsay hbrvtuq hcyngkt ibdivia ibndaos idajdnj idrcuuu jclcgsl jfirdhr kdfsnsx kgfurjr lbplkvg lbreaha lekynmh mhkwmkt mhrisda mkbixpy neuucyq ngxaait oacypfa obsdchx paioyhq pbcfanl qbnijco qcooivb rhjjtfp rkcsbad sajjrpo sbkkvte sbntbxm taffwsd tbkaxom ublpywd ucnywty vblnfql vbnukfc vchaaqy wbcmaan wcbjwii xgvusuw xhddhhq yaymjdq ybpuahv anyacna akiujhk aofudcd arhpjsx awcxydt ajmlmbm apexawj akfynux aasaatp amvlogr 
aaqamye adygmmh baaiutp bcyqtyo caromdf cavnuap cdfahfi dbrbnie ddpawey efhanvc egfnnqu farhhqo fdirbcp gbvrdvv glypsay hbrvtuq hcyngkt ibdivia ibndaos idajdnj idrcuuu jclcgsl jfirdhr kdfsnsx kgfurjr lbplkvg lbreaha lekynmh mhkwmkt mhrisda mkbixpy neuucyq ngxaait oacypfa obsdchx paioyhq pbcfanl qbnijco qcooivb rhjjtfp rkcsbad sajjrpo sbkkvte sbntbxm taffwsd tbkaxom ublpywd ucnywty vblnfql vbnukfc vchaaqy wbcmaan wcbjwii xgvusuw xhddhhq yaymjdq ybpuahv anyacna akiujhk aofudcd arhpjsx awcxydt ajmlmbm apexawj akfynux aasaatp amvlogr 


aaqamye adygmmh baaiutp bcyqtyo caromdf cavnuap cdfahfi dbrbnie ddpawey efhanvc egfnnqu farhhqo fdirbcp gbvrdvv glypsay hbrvtuq hcyngkt iaavfop ibdivia ibndaos jclcgsl jfirdhr kdfsnsx kgfurjr lbplkvg lbreaha lekynmh mhkwmkt mhrisda mkbixpy neuucyq ngxaait oacypfa obsdchx paioyhq pbcfanl qbnijco qcooivb rhjjtfp rkcsbad sajjrpo sbkkvte sbntbxm taffwsd tbkaxom ublpywd ucnywty vblnfql vbnukfc vchaaqy wbcmaan wcbjwii xgvusuw xhddhhq yaejhko yaymjdq ybpuahv anyacna akiujhk aofudcd arhpjsx awcxydt ajmlmbm apexawj akfynux aasaatp amvlogr 
107.428571 

FALSE 

aaqamye adygmmh baaiutp bcyqtyo caromdf cavnuap cdfahfi dbrbnie ddpawey efhanvc egfnnqu farhhqo fdirbcp gbvrdvv glypsay hbrvtuq hcyngkt iaavfop ibdivia ibndaos jclcgsl jfirdhr kdfsnsx kgfurjr lbplkvg lbreaha lekynmh mhkwmkt mhrisda mkbixpy neuucyq ngxaait oacypfa obsdchx paioyhq pbcfanl qbnijco qcooivb rhjjtfp rkcsbad sajjrpo sbkkvte sbntbxm taffwsd tbkaxom ublpywd ucnywty vblnfql vbnukfc vchaaqy wbcmaan wcbjwii xaatudb xgvusuw yaejhko yaymjdq ybpuahv anyacna akiujhk aofudcd arhpjsx awcxydt ajmlmbm apexawj akfynux aasaatp amvlogr 
4aromdf 4avnuap garomdf gavnuap haromdf havnuap iaromdf iavnuap iaromdf iavnuap 
FALSE 
FALSE 
aaqamye adygmmh baaiutp bcyqtyo caromdf cavnuap cdfahfi dbrbnie ddpawey efhanvc efpwmgi egfnnqu farhhqo fdirbcp gbvrdvv glypsay hbrvtuq hcyngkt iaavfop ibdivia ibndaos jclcgsl jfirdhr kdfsnsx kgfurjr lbplkvg lbreaha lekynmh mhkwmkt mhrisda mkbixpy neuucyq ngxaait oacypfa obsdchx paioyhq pbcfanl qbnijco qcooivb rgmgwrd rhjjtfp sajjrpo sbkkvte sbntbxm taffwsd tbkaxom ublpywd ucnywty vblnfql vbnukfc vchaaqy wbcmaan wcbjwii xaatudb xgvusuw yaejhko yaymjdq ybpuahv anyacna akiujhk aofudcd arhpjsx awcxydt ajmlmbm apexawj akfynux aasaatp amvlogr 
aaqamye adygmmh baaiutp bcyqtyo caromdf cavnuap cdfahfi dbrbnie ddpawey efhanvc efpwmgi egfnnqu farhhqo fdirbcp gbvrdvv glypsay hbrvtuq hcyngkt iaavfop ibdivia ibndaos jclcgsl jfirdhr kdfsnsx kgfurjr lbplkvg lbreaha lekynmh mhkwmkt mhrisda mkbixpy neuucyq ngxaait oacypfa obsdchx paioyhq pbcfanl qbnijco qcooivb rgmgwrd rhjjtfp sajjrpo sbkkvte sbntbxm taffwsd tbkaxom ublpywd ucnywty vblnfql vbnukfc vchaaqy wbcmaan wcbjwii xaatudb xgvusuw yaejhko yaymjdq ybpuahv anyacna akiujhk aofudcd arhpjsx awcxydt ajmlmbm apexawj akfynux aasaatp amvlogr 
aaqamye adygmmh baaiutp bcyqtyo caromdf cavnuap cdfahfi dbrbnie ddpawey efhanvc efpwmgi egfnnqu farhhqo fdirbcp gbvrdvv glypsay hbrvtuq hcyngkt iaavfop ibdivia ibndaos jclcgsl jfirdhr kdfsnsx kgfurjr lbplkvg lbreaha lekynmh mhkwmkt mhrisda mkbixpy neuucyq ngxaait oacypfa obsdchx paioyhq pbcfanl qbnijco qcooivb rgmgwrd rhjjtfp sajjrpo sbkkvte sbntbxm taffwsd tbkaxom ublpywd ucnywty vblnfql vbnukfc vchaaqy wbcmaan wcbjwii xaatudb xgvusuw yaejhko yaymjdq ybpuahv anyacna akiujhk aofudcd arhpjsx awcxydt ajmlmbm apexawj akfynux aasaatp amvlogr 
aaqamye adygmmh baaiutp bcyqtyo caromdf cavnuap cdfahfi dbrbnie ddpawey efhanvc efpwmgi egfnnqu farhhqo fdirbcp gbvrdvv glypsay hbrvtuq hcyngkt iaavfop ibdivia ibndaos jclcgsl jfirdhr kdfsnsx kgfurjr lbplkvg lbreaha lekynmh mhkwmkt mhrisda mkbixpy neuucyq ngxaait oacypfa obsdchx paioyhq pbcfanl qbnijco qcooivb rgmgwrd rhjjtfp sajjrpo sbkkvte sbntbxm taffwsd tbkaxom ublpywd ucnywty vblnfql vbnukfc vchaaqy wbcmaan wcbjwii xaatudb xgvusuw yaejhko yaymjdq ybpuahv anyacna akiujhk aofudcd arhpjsx awcxydt ajmlmbm apexawj akfynux aasaatp amvlogr 
aaqamye adygmmh baaiutp bcyqtyo caromdf cavnuap cdfahfi dbrbnie ddpawey efhanvc efpwmgi egfnnqu egqnlga farhhqo fdirbcp gbvrdvv glypsay hbrvtuq hcyngkt iaavfop ibdivia ibndaos jclcgsl jfirdhr kdfsnsx kgfurjr lbplkvg lbreaha lekynmh mhkwmkt mhrisda mkbixpy neuucyq ngxaait oacypfa obsdchx paioyhq pbcfanl qbnijco qcooivb rgmgwrd rhjjtfp sajjrpo sbkkvte sbntbxm taffwsd tbkaxom ublpywd ucnywty vblnfql vbnukfc vchaaqy wbcmaan wcbjwii xaatudb xgvusuw yaejhko yaymjdq ybpuahv anyacna akiujhk aofudcd arhpjsx awcxydt ajmlmbm apexawj akfynux aasaatp amvlogr 
7lhbmou 7lhutyy 7ljrass plhbmou plhutyy pljrass qlhbmou qlhutyy qljrass rlhbmou rlhutyy rljrass slhbmou slhutyy sljrass slhbmou slhutyy sljrass 
6pqdanp 6rlornd 6skglni mpqdanp mrlornd mskglni npqdanp nrlornd nskglni opqdanp orlornd oskglni opqdanp orlornd oskglni 
5urgnte 5vsjqba jurgnte jvsjqba kurgnte kvsjqba lurgnte lvsjqba lurgnte lvsjqba 

3lhbmou 3lhutyy 3ljrass dlhbmou dlhutyy dljrass elhbmou elhutyy eljrass flhbmou flhutyy fljrass flhbmou flhutyy fljrass 
aaqamye adygmmh baaiutp bcyqtyo caromdf cavnuap cdfahfi dbrbnie ddpawey edgckya efhanvc efpwmgi farhhqo fdirbcp gbvrdvv glypsay hbrvtuq hcyngkt iaavfop ibdivia ibndaos jclcgsl jfirdhr kdfsnsx kfrapvk lbplkvg lbreaha lekynmh mhkwmkt mhrisda miwelyy ndwblhg neuucyq oacypfa obsdchx paioyhq pbcfanl qbnijco qcooivb rfcfasn rgmgwrd sajjrpo sbkkvte sbntbxm taffwsd tbkaxom ublpywd ucnywty vblnfql vbnukfc vchaaqy waqjeiw wbcmaan xaatudb xgvusuw yaejhko yaymjdq ybpuahv anyacna akiujhk aofudcd arhpjsx awcxydt ajmlmbm apexawj akfynux aasaatp amvlogr 

aaqamye adygmmh baaiutp bcyqtyo caromdf cavnuap cdfahfi dbrbnie ddpawey edgckya efhanvc efpwmgi farhhqo fdirbcp gbvrdvv glypsay hbrvtuq hcyngkt iaavfop ibdivia ibndaos jclcgsl jfirdhr kdfsnsx kfrapvk lbplkvg lbreaha lekynmh mhkwmkt mhrisda miwelyy ndwblhg neuucyq oacypfa obsdchx paioyhq pbcfanl qbnijco qcooivb rfcfasn rgmgwrd sajjrpo sbkkvte sbntbxm taffwsd tbkaxom ublpywd ucnywty vblnfql vbnukfc vchaaqy waqjeiw wbcmaan xaatudb xgvusuw yaejhko yaymjdq ybpuahv anyacna akiujhk aofudcd arhpjsx awcxydt ajmlmbm apexawj akfynux aasaatp amvlogr 
aaqamye adygmmh baaiutp bcrqsio bcyqtyo caromdf cavnuap cdfahfi dbrbnie ddpawey edgckya efhanvc efpwmgi farhhqo fdirbcp gbvrdvv glypsay hbrvtuq hcyngkt iaavfop ibdivia ibndaos jclcgsl jfirdhr kdfsnsx kfrapvk lbplkvg lbreaha lekynmh mhkwmkt mhrisda miwelyy ndwblhg neuucyq oacypfa obsdchx paioyhq pbcfanl qbnijco qcooivb rfcfasn rgmgwrd sajjrpo sbkkvte sbntbxm taffwsd tbkaxom ublpywd ucnywty vblnfql vbnukfc vchaaqy waqjeiw wbcmaan xaatudb xgvusuw yaejhko yaymjdq ybpuahv anyacna akiujhk aofudcd arhpjsx awcxydt ajmlmbm apexawj akfynux aasaatp amvlogr 

107.383023 
aaqamye adygmmh baaiutp bcrqsio bcyqtyo caromdf cavnuap cdfahfi dbrbnie ddpawey edgckya efhanvc efpwmgi farhhqo fdirbcp gbvrdvv glypsay hbrvtuq hcyngkt iaavfop ibdivia ibndaos jclcgsl jfirdhr kaxthhq kdfsnsx lbplkvg lbreaha lekynmh mbvwhxd mhkwmkt mhrisda ndwblhg neuucyq oacypfa obsdchx paioyhq pbcfanl qbnijco qcooivb rfcfasn rgmgwrd sajjrpo sbkkvte sbntbxm taffwsd tbkaxom ublpywd ucnywty vblnfql vbnukfc vchaaqy waqjeiw wbcmaan xaatudb xgvusuw yaejhko yaymjdq ybpuahv anyacna akiujhk aofudcd arhpjsx awcxydt ajmlmbm apexawj akfynux aasaatp amvlogr 
aaqamye adygmmh baaiutp bcrqsio bcyqtyo caromdf cavnuap cdfahfi dbrbnie ddpawey edgckya efhanvc efpwmgi farhhqo fdirbcp gbvrdvv glypsay hbrvtuq hcyngkt iaavfop ibdivia ibndaos jclcgsl jfirdhr kaxthhq kdfsnsx lbplkvg lbreaha lekynmh mbvwhxd mfyonii ndwblhg neuucyq oacypfa obsdchx paioyhq pbcfanl qbnijco qcooivb qctghtj rbswwqg rfcfasn sajjrpo sbkkvte sbntbxm taffwsd tbkaxom ublpywd ucnywty vblnfql vbnukfc vchaaqy waqjeiw wbcmaan xaatudb xgvusuw yaejhko yaymjdq ybpuahv anyacna akiujhk aofudcd arhpjsx awcxydt ajmlmbm apexawj akfynux aasaatp amvlogr 

9aromdf 9avnuap waromdf wavnuap xaromdf xavnuap yaromdf yavnuap zaromdf zavnuap zaromdf zavnuap 
6aromdf 6avnuap maromdf mavnuap naromdf navnuap oaromdf oavnuap oaromdf oavnuap 
FALSE 
6mcmmew 6nbfffh mmcmmew mnbfffh nmcmmew nnbfffh omcmmew onbfffh omcmmew onbfffh 

aaqamye adygmmh baaiutp bcrqsio bcyqtyo caromdf cavnuap cdfahfi dbrbnie ddpawey edgckya efhanvc efpwmgi farhhqo fdirbcp gbvrdvv gdkpvap hbrvtuq hcyngkt iaavfop ibdivia ibndaos jclcgsl jfirdhr kaxthhq kdfsnsx lbplkvg lbreaha lekynmh mbvwhxd mfyonii ndwblhg neuucyq oacypfa obsdchx paioyhq pbcfanl qbnijco qcooivb qctghtj rbswwqg rfcfasn sajjrpo sbkkvte sbntbxm taffwsd tbkaxom ublpywd ucnywty vblnfql vbnukfc vchaaqy waqjeiw wbcmaan xaatudb xgvusuw yaejhko yaymjdq ybpuahv anyacna akiujhk aofudcd arhpjsx awcxydt ajmlmbm apexawj akfynux aasaatp amvlogr afhakng aqpxran adyfasf 

aaqamye adygmmh baaiutp bcrqsio bcyqtyo caromdf cavnuap cdfahfi dbrbnie ddpawey edgckya efhanvc efpwmgi farhhqo fdirbcp gbvrdvv gdkpvap hbrvtuq hcyngkt iaavfop ibdivia ibndaos jclcgsl jfirdhr kaxthhq kdfsnsx lbplkvg lbreaha lekynmh mbvwhxd mfyonii ndwblhg neuucyq oacypfa obsdchx paioyhq pbcfanl qbnijco qcooivb qctghtj rbswwqg rfcfasn sajjrpo sbkkvte sbntbxm taffwsd tbkaxom ublpywd ucnywty vblnfql vbnukfc vchaaqy waqjeiw wbcmaan xaatudb xgvusuw yaejhko yaymjdq ybpuahv anyacna akiujhk aofudcd arhpjsx awcxydt ajmlmbm apexawj akfynux aasaatp amvlogr afhakng aqpxran adyfasf 
vgippkk vgpyoiq 
6pqdanp 6rlornd 6skglni mpqdanp mrlornd mskglni npqdanp nrlornd nskglni opqdanp orlornd oskglni opqdanp orlornd oskglni 
107.331349 
107.349206 
FALSE 
aaqamye adygmmh baaiutp bcrqsio bcyqtyo caromdf cavnuap cdfahfi dbrbnie ddpawey edgckya efhanvc efpwmgi farhhqo fdirbcp gbvrdvv gdkpvap hbrvtuq hcyngkt iaavfop ibdivia ibndaos jclcgsl jfirdhr kaxthhq kdfsnsx lbplkvg lbreaha lekynmh mbvwhxd mfyonii ndwblhg neuucyq oacypfa obsdchx paioyhq pbcfanl qaqalgc qbnijco rbswwqg rengqsl sajjrpo sbkkvte sbntbxm taffwsd tbkaxom ublpywd ucnywty vbhpkdy vblnfql vchaaqy waqjeiw wbcmaan xaatudb xgvusuw yaejhko yaymjdq ybpuahv anyacna akiujhk aofudcd arhpjsx awcxydt ajmlmbm apexawj akfynux aasaatp amvlogr afhakng aqpxran adyfasf arlpops 
FALSE 
lpqdanp 
FALSE 

5xgygvi 5yfptcy jxgygvi jyfptcy kxgygvi kyfptcy lxgygvi lyfptcy lxgygvi lyfptcy 
107.378378 

