


btmaeoq mnjcrof pohmrvr wfxawvf wkaliiy xqshnln 

FALSE 

FALSE 
btmaeoq ccmfygv dlxadap fnutqum gpaesks hocltig kmawtco lihidoc lksvgdm mnjcrof oaaypbm oimbubm pohmrvr pwujqpm qiamkbx rnnimlv sgpsvpw vgdycwk wfxawvf wkaliiy xqshnln ykirhdg yuluuag atftrxt 
btmaeoq ccmfygv dlxadap fnutqum gpaesks hocltig kmawtco lihidoc lksvgdm mnjcrof oaaypbm oimbubm pohmrvr pwujqpm qiamkbx rnnimlv sgpsvpw vgdycwk wfxawvf wkaliiy xqshnln ykirhdg yuluuag atftrxt 
108.595238 



btmaeoq ccmfygv dlxadap fnutqum gpaesks hocltig jnayvui kmawtco lihidoc lksvgdm mnjcrof oaaypbm oimbubm pjbifpj pohmrvr qiamkbx rnnimlv sgpsvpw vbtclrb vgdycwk wfxawvf wkaliiy xqshnln ykirhdg yuluuag atftrxt 



btmaeoq ccmfygv dlxadap fgcliwo fnutqum gpaesks hocltig jnayvui kmawtco lihidoc lksvgdm mnjcrof mscxkpg oaaypbm oimbubm pjbifpj pohmrvr qiamkbx qunrirs rnnimlv sgpsvpw ubgssvd vbtclrb vgdycwk wehfuec wfxawvf xqshnln ykirhdg yuluuag atftrxt aauxjea aqfqodf 
1opwytv 1opwytv 

btmaeoq ccmfygv copwytv dlxadap fgcliwo fnutqum gpaesks hocltig jnayvui kmawtco kapqgud lihidoc lksvgdm mnjcrof mscxkpg oaaypbm oimbubm pjbifpj pohmrvr qiamkbx qunrirs rnnimlv sgpsvpw ubgssvd vbtclrb vgdycwk wehfuec wfxawvf xqshnln ykirhdg yuluuag atftrxt aauxjea aqfqodf 

FALSE 
btmaeoq ccmfygv copwytv coxgavu dlxadap fgcliwo fnutqum gpaesks hdbmawu hocltig iqrlhko jnayvui jorrhar kmawtco kapqgud lihidoc lksvgdm mnjcrof mscxkpg oaaypbm oimbubm pjbifpj pohmrvr qiamkbx qunrirs rnnimlv sgpsvpw tagplww ubgssvd vbtclrb vgdycwk wehfuec wfxawvf xexnlxs xqshnln ykirhdg yuluuag atftrxt aauxjea aqfqodf 

108.371429 
108.371429 
108.371429 
btmaeoq ccmfygv cgfbmdx dlxadap fgcliwo fnutqum gpaesks hdbmawu higjexg iqrlhko jnayvui jorrhar kmawtco kapqgud lihidoc lksvgdm mnjcrof mscxkpg oaaypbm oimbubm pjbifpj pohmrvr qiamkbx qunrirs rnnimlv rowlhxe sgpsvpw tagplww ubgssvd vbtclrb veshwja wehfuec wfssfpd wfxawvf xexnlxs xqshnln ykirhdg ypdwtba atftrxt aauxjea aqfqodf 

9cmfygv wcmfygv xcmfygv ycmfygv zcmfygv zcmfygv 
xgfbmdx 
axcrtnk btmaeoq caeafvt ccmfygv dkhiuns dlxadap etexuba fgcliwo fnutqum gniiqba gpaesks hdbmawu higjexg iqrlhko jnayvui jorrhar kmawtco kapqgud lihidoc lksvgdm mnjcrof mscxkpg ngbjfjq oaaypbm oimbubm pjbifpj pohmrvr qiamkbx qunrirs rnnimlv rowlhxe sawuepk sgpsvpw tagplww ubgssvd uvyogxj vbtclrb veshwja wampphw wehfuec xbywlmn xexnlxs ykirhdg ypdwtba atftrxt aauxjea aqfqodf 


axcrtnk bhapsct bjpdoqv caeafvt ccmfygv dkhiuns dlxadap etexuba fgcliwo fnutqum gniiqba gpaesks hdbmawu higjexg iqrlhko jnayvui jorrhar kjydwaw kmawtco lihidoc lksvgdm mnjcrof mscxkpg ngbjfjq nyyhlsk oaaypbm oimbubm pjbifpj pohmrvr qiamkbx qunrirs rnnimlv rowlhxe sawuepk sgpsvpw tagplww ubgssvd uhotlyh vbtclrb vcgbafg wampphw wehfuec xbywlmn xexnlxs ykirhdg ypdwtba atftrxt aauxjea aqfqodf 
axcrtnk bhapsct bjpdoqv caeafvt ccmfygv dkhiuns dlxadap etexuba fgcliwo fnutqum gniiqba gpaesks hdbmawu higjexg iqrlhko jnayvui jorrhar kjydwaw kmawtco lihidoc lksvgdm mnjcrof mscxkpg ngbjfjq nyyhlsk oaaypbm oimbubm pjbifpj pohmrvr qiamkbx qunrirs rnnimlv rowlhxe sawuepk sgpsvpw tagplww ubgssvd ufuwgoa vbtclrb vcgbafg wampphw wehfuec xbywlmn xexnlxs ykirhdg ypdwtba atftrxt aauxjea aqfqodf 

7aeafvt 7cmfygv paeafvt pcmfygv qaeafvt qcmfygv raeafvt rcmfygv saeafvt scmfygv saeafvt scmfygv 

adogkvc axcrtnk bhapsct bjpdoqv caeafvt ccmfygv dkhiuns dlxadap etexuba fgcliwo fnutqum gniiqba gpaesks hdbmawu higjexg iqrlhko itjkuab jeufqry jhndqqm kjydwaw kmawtco lfssaqa lihidoc mnjcrof mscxkpg ngbjfjq nyyhlsk oaaypbm oimbubm pjbifpj pohmrvr qiamkbx qunrirs rnnimlv rowlhxe sawuepk sffvqdl tagplww teblakf ubgssvd ufuwgoa vbtclrb vcgbafg wampphw wehfuec xbywlmn xexnlxs ykirhdg ypdwtba atftrxt aauxjea aqfqodf abmkwyc 
FALSE 
FALSE 
FALSE 
FALSE 

adogkvc axcrtnk bhapsct bjpdoqv caeafvt ccmfygv dkhiuns dlxadap etexuba fgcliwo fnutqum gniiqba gpaesks hdbmawu higjexg igddfab iqrlhko jeufqry jhndqqm kjydwaw kmawtco lfssaqa lihidoc mnjcrof mscxkpg neoydjv ngbjfjq oaaypbm oimbubm pjbifpj pohmrvr qiamkbx qmsequd rnnimlv rowlhxe sawuepk sffvqdl tagplww teblakf tekstyv ubgssvd ufuwgoa vbtclrb vcgbafg wampphw wehfuec xbywlmn xexnlxs ykirhdg ypdwtba atftrxt aauxjea aqfqodf abmkwyc afnmruh 
9gfbmdx wgfbmdx xgfbmdx ygfbmdx zgfbmdx zgfbmdx 
FALSE 
adogkvc axcrtnk bhapsct bjpdoqv caeafvt ccmfygv dawtwjd dkhiuns dknrdja etexuba fgcliwo fnutqum gniiqba gpaesks hdbmawu higjexg ibslrae igddfab jeufqry jhndqqm kepnksp kjydwaw lfssaqa lihidoc mnjcrof mscxkpg neoydjv ngbjfjq oaaypbm oimbubm pjbifpj pohmrvr qfklgkt qiamkbx rnnimlv rowlhxe sawuepk sffvqdl tagplww teblakf tekstyv ubgssvd ufuwgoa vbtclrb vcgbafg wampphw wdwceai xbywlmn xexnlxs ykirhdg ypdwtba atftrxt aauxjea aqfqodf abmkwyc afnmruh 
adogkvc axcrtnk bhapsct bjpdoqv caeafvt ccmfygv dawtwjd dkhiuns dknrdja etexuba fgcliwo fnutqum gbhjheq gniiqba hdbmawu higjexg ibslrae igddfab jeufqry jhndqqm kepnksp kjydwaw lfssaqa lihidoc mnjcrof mscxkpg neoydjv ngbjfjq oaaypbm oimbubm pjbifpj pohmrvr qfklgkt qiamkbx rnnimlv rowlhxe sawuepk sffvqdl tagplww teblakf tekstyv ubgssvd ufuwgoa vbtclrb vcgbafg wampphw wdwceai xbywlmn xcfatfk ykirhdg ypdwtba atftrxt aauxjea aqfqodf abmkwyc afnmruh 
FALSE 
FALSE 


FALSE 



3olunma 3opwytv dolunma dopwytv eolunma eopwytv folunma fopwytv folunma fopwytv 

adogkvc axcrtnk bhapsct bjpdoqv caeafvt ccmfygv dawtwjd dkhiuns dknrdja etexuba evngyba fgcliwo fnutqum gbhjheq gjbpalh hdbmawu higjexg ibslrae igddfab jeufqry jhndqqm kepnksp kjydwaw lbutehg lfssaqa mfihxik mkjgduk neoydjv ngbjfjq oaaypbm ocbgrnt pjbifpj pohmrvr qfklgkt qiamkbx reydxfa rkuiwlj sawuepk sffvqdl sfpekld tagplww teblakf tekstyv ubgssvd ubjmnmg ufuwgoa vbtclrb vcgbafg wampphw wchmqwv xbywlmn xcfatfk ykirhdg ypdwtba atftrxt aauxjea aqfqodf abmkwyc afnmruh ambbkqc 
FALSE 
adogkvc axcrtnk bhapsct bjpdoqv caeafvt ccmfygv dawtwjd dkhiuns dknrdja etexuba evngyba fgcliwo fnutqum gbhjheq gjbpalh hdbmawu higjexg ibslrae igddfab jeufqry jhndqqm kepnksp kjydwaw lbutehg lfssaqa mfihxik mkjgduk neoydjv ngbjfjq oaaypbm ocbgrnt pjbifpj pohmrvr qfklgkt qiamkbx reydxfa rkuiwlj sawuepk sffvqdl sfpekld tagplww teblakf tekstyv ubgssvd ubjmnmg ufuwgoa vbtclrb vcgbafg wampphw wchmqwv xbywlmn xcfatfk ykirhdg ypdwtba atftrxt aauxjea aqfqodf abmkwyc afnmruh ambbkqc avhhtuv 

adogkvc axcrtnk bhapsct bjpdoqv caeafvt ccmfygv dawtwjd dkhiuns dknrdja etexuba evngyba fgcliwo fnutqum gbhjheq gjbpalh hdbmawu higjexg ibslrae igddfab jeufqry jhndqqm kepnksp kjydwaw lbutehg lfssaqa mfihxik mkjgduk neoydjv ngbjfjq oaaypbm ocbgrnt pjbifpj pohmrvr qavwtpg qfklgkt reydxfa rkuiwlj sawuepk sffvqdl sfpekld tagplww teblakf tekstyv ubgssvd ubjmnmg ufuwgoa vbtclrb vcgbafg wampphw wchmqwv xbywlmn xcfatfk ykirhdg ypdwtba atftrxt aauxjea aqfqodf abmkwyc afnmruh ambbkqc avhhtuv 
adogkvc axcrtnk bhapsct bjpdoqv caeafvt ccmfygv dawtwjd dkhiuns dknrdja etexuba evngyba fgcliwo fnutqum gbhjheq gjbpalh hdbmawu higjexg ibslrae igddfab jeufqry jhndqqm kepnksp kjydwaw lbutehg lfssaqa mfihxik mkjgduk neoydjv ngbjfjq oaaypbm ocbgrnt pjbifpj pohmrvr qavwtpg qfklgkt reydxfa rkuiwlj sawuepk sffvqdl sfpekld tagplww teblakf tekstyv ubgssvd ubjmnmg ufuwgoa vbtclrb vcgbafg wampphw wchmqwv xbywlmn xcfatfk ykirhdg ypdwtba atftrxt aauxjea aqfqodf abmkwyc afnmruh ambbkqc avhhtuv 
adogkvc axcrtnk bhapsct bjpdoqv caeafvt ccmfygv dawtwjd dkhiuns dknrdja etexuba evngyba fgcliwo fnutqum gbhjheq gjbpalh hdbmawu higjexg ibslrae igddfab jeufqry jhndqqm kepnksp kjydwaw lbutehg lfssaqa mfihxik mkjgduk neoydjv ngbjfjq oaaypbm ocbgrnt pjbifpj pohmrvr qavwtpg qfklgkt reydxfa rkuiwlj sawuepk sffvqdl sfpekld tagplww teblakf tekstyv ubgssvd ubjmnmg ufuwgoa vbtclrb vcgbafg wampphw wchmqwv xbywlmn xcfatfk ykirhdg ypdwtba atftrxt aauxjea aqfqodf abmkwyc afnmruh ambbkqc avhhtuv 
adogkvc axcrtnk bhapsct bjpdoqv caeafvt ccmfygv dawtwjd dkhiuns dknrdja etexuba evngyba fgcliwo fnutqum gbhjheq gjbpalh hdbmawu higjexg ibslrae igddfab jeufqry jhndqqm kepnksp kjydwaw lbutehg lfssaqa mfihxik mkjgduk neoydjv ngbjfjq oaaypbm ocbgrnt pjbifpj pohmrvr qavwtpg qfklgkt reydxfa rkuiwlj sawuepk sffvqdl sfpekld tagplww teblakf tekstyv ubgssvd ubjmnmg ufuwgoa vbtclrb vcgbafg wampphw wchmqwv xbywlmn xcfatfk ykirhdg ypdwtba atftrxt aauxjea aqfqodf abmkwyc afnmruh ambbkqc avhhtuv 
adogkvc axcrtnk bhapsct bjpdoqv caeafvt ccmfygv dawtwjd dkhiuns dknrdja etexuba evngyba fgcliwo fnutqum gbhjheq gjbpalh hdbmawu higjexg ibslrae igddfab jeufqry jhndqqm kepnksp kjydwaw lbutehg lfssaqa mfihxik mkjgduk neoydjv ngbjfjq oaaypbm ocbgrnt pjbifpj pohmrvr qavwtpg qfklgkt reydxfa rkuiwlj sawuepk sffvqdl sfpekld tagplww teblakf tekstyv ubgssvd ubjmnmg ufuwgoa vbtclrb vcgbafg wampphw wchmqwv xbywlmn xcfatfk ykirhdg ypdwtba atftrxt aauxjea aqfqodf abmkwyc afnmruh ambbkqc avhhtuv 

107.548387 
8gfbmdx tgfbmdx ugfbmdx vgfbmdx vgfbmdx 
FALSE 
adogkvc axcrtnk bhapsct bjpdoqv caeafvt ccmfygv dawtwjd dkhiuns dknrdja eneohvj etexuba fgcliwo fjnhaex gbhjheq gifafil hdbmawu higjexg ibslrae igddfab jeufqry jhndqqm kepnksp kgtayhc lbutehg lerrldf mfihxik mhfrcbu neoydjv ngbjfjq oaaypbm ocbgrnt pjbifpj pohmrvr qavwtpg qfklgkt reydxfa rkuiwlj sawuepk sejbbus tagplww teblakf tekstyv ubgssvd ubjmnmg ufuwgoa vbtclrb vcgbafg wampphw wchmqwv xbywlmn xcfatfk ykirhdg ypdwtba atftrxt aauxjea aqfqodf abmkwyc afnmruh ambbkqc avhhtuv asvomuu 
107.533958 
adogkvc axcrtnk bhapsct bjpdoqv caeafvt ccmfygv dawtwjd dkhiuns dknrdja eneohvj etexuba fgcliwo fjnhaex gbhjheq geaneqh hdbmawu higjexg ibslrae igddfab jeufqry jhndqqm kepnksp kgtayhc lbutehg lerrldf mfihxik mhfrcbu neoydjv ngbjfjq oaaypbm ocbgrnt pjbifpj pohmrvr qavwtpg qfklgkt reydxfa rkuiwlj sawuepk sejbbus tagplww teblakf tekstyv ubgssvd ubjmnmg ufuwgoa vbtclrb vcgbafg wampphw wchmqwv xbywlmn xcfatfk ykirhdg ypdwtba atftrxt aauxjea aqfqodf abmkwyc afnmruh ambbkqc avhhtuv asvomuu 
adogkvc axcrtnk bhapsct bjpdoqv caeafvt ccmfygv dawtwjd dkhiuns dknrdja eneohvj etexuba fgcliwo fjnhaex gbhjheq geaneqh hdbmawu higjexg ibslrae igddfab jeufqry jhndqqm kepnksp kgtayhc lbutehg lerrldf mfihxik mhfrcbu neoydjv ngbjfjq oaaypbm ocbgrnt pjbifpj pohmrvr qavwtpg qfklgkt reydxfa rkuiwlj sawuepk sejbbus tagplww teblakf tekstyv ubgssvd ubjmnmg ufuwgoa vbtclrb vcgbafg wampphw wchmqwv xbywlmn xcfatfk ykirhdg ypdwtba atftrxt aauxjea aqfqodf abmkwyc afnmruh ambbkqc avhhtuv asvomuu auoouaa 
adogkvc axcrtnk bhapsct bjpdoqv caeafvt ccmfygv dawtwjd djhcrqo eneohvj etexuba fgcliwo fjnhaex gbhjheq geaneqh hdbmawu higjexg ibslrae igddfab jeufqry jhndqqm kepnksp kgtayhc lbutehg lerrldf mfihxik mhfrcbu neoydjv ngbjfjq ngngyeo oaaypbm ocbgrnt pjbifpj pohmrvr qavwtpg qfklgkt reydxfa rkuiwlj sawuepk sejbbus tagplww teblakf tekstyv ubgssvd ubjmnmg ufuwgoa vbtclrb vcgbafg wampphw wchmqwv xbywlmn xcfatfk ykirhdg ypdwtba atftrxt aauxjea aqfqodf abmkwyc afnmruh ambbkqc avhhtuv asvomuu auoouaa 


xaeafvt 

xgfbmdx 
FALSE 
adogkvc axcrtnk bdmxdqf bgaeaag caeafvt ccmfygv dawtwjd ddhumeg eneohvj etexuba fgcliwo fjnhaex gbhjheq geaneqh hdbmawu higjexg ibslrae icjpkxb jeufqry jhndqqm kepnksp kgtayhc lbutehg lerrldf mfihxik mhfrcbu neoydjv ngbjfjq ngngyeo oaaypbm ocbgrnt pjbifpj pohmrvr qavwtpg qfklgkt reydxfa rkuiwlj sawuepk sejbbus tagplww teblakf tekstyv ubgssvd ubjmnmg ufuwgoa vbtclrb vcgbafg wampphw wchmqwv xbywlmn xcfatfk ykirhdg ypdwtba atftrxt aauxjea aqfqodf abmkwyc afnmruh ambbkqc avhhtuv asvomuu auoouaa 
107.566820 
2olunma 2opwytv colunma copwytv colunma copwytv 
2aeafvt 2cmfygv caeafvt ccmfygv caeafvt ccmfygv 

adogkvc aeojlfy bdmxdqf bgaeaag caeafvt ccmfygv dawtwjd ddhumeg eneohvj etexuba fgcliwo fjnhaex gbhjheq geaneqh hdbmawu higjexg ibslrae icjpkxb jeufqry jhndqqm kepnksp kgtayhc lbprrsv lbutehg lerrldf mfihxik mhfrcbu najwbay neoydjv oaaypbm ocbgrnt petbtpb pjbifpj qavwtpg qdvktqx reydxfa rkuiwlj sawuepk sejbbus tagplww teblakf tekstyv uaawblj ubgssvd ubjmnmg vbtclrb vcgbafg wampphw wchmqwv xbywlmn xcfatfk ykirhdg ypdwtba atftrxt aauxjea aqfqodf abmkwyc afnmruh ambbkqc avhhtuv asvomuu auoouaa 
FALSE 
107.360656 

FALSE 
adogkvc aeojlfy bdmxdqf bgaeaag caeafvt ccmfygv dawtwjd ddhumeg eneohvj etexuba fgcliwo fjnhaex gbhjheq geaneqh hdbmawu higjexg ibslrae icjpkxb jeufqry jhndqqm kepnksp kgtayhc lbprrsv lbutehg lerrldf maflwig mfihxik najwbay neoydjv oaaypbm ocbgrnt petbtpb pjbifpj qavwtpg qdvktqx reydxfa rkuiwlj sawuepk sejbbus tagplww tdmgacb uaawblj ubgssvd ubjmnmg vbtclrb vcgbafg wampphw wchmqwv xbywlmn xcfatfk ykirhdg ypdwtba atftrxt aauxjea aqfqodf abmkwyc afnmruh ambbkqc avhhtuv asvomuu auoouaa 
adogkvc aeojlfy bdmxdqf bgaeaag caeafvt ccmfygv dawtwjd ddhumeg eneohvj etexuba fgcliwo fjnhaex gbhjheq geaneqh hdbmawu higjexg ibslrae icjpkxb jeufqry jhndqqm kepnksp kgtayhc lbprrsv lbutehg lerrldf maflwig mfihxik najwbay neoydjv oaaypbm ocbgrnt petbtpb pjbifpj qavwtpg qdvktqx reydxfa rkuiwlj sawuepk sejbbus tagplww tdmgacb uaawblj ubgssvd ubjmnmg vbtclrb vcgbafg wampphw wchmqwv xbywlmn xcfatfk ykirhdg ypdwtba atftrxt aauxjea aqfqodf abmkwyc afnmruh ambbkqc avhhtuv asvomuu auoouaa 
adogkvc aeojlfy bdmxdqf bgaeaag caeafvt ccmfygv dawtwjd ddhumeg eneohvj etexuba fgcliwo fjnhaex gbhjheq geaneqh hdbmawu higjexg ibslrae icjpkxb jeufqry jhndqqm kepnksp kgtayhc lbprrsv lbutehg lcxjivy maflwig mfihxik najwbay neoydjv oaaypbm ocbgrnt petbtpb pjbifpj qavwtpg qdvktqx reydxfa rkuiwlj sawuepk sejbbus tagplww tdmgacb uaawblj ubgssvd ubjmnmg vbtclrb vcgbafg wampphw wchmqwv xbywlmn xcfatfk ykirhdg ypdwtba atftrxt aauxjea aqfqodf abmkwyc afnmruh ambbkqc avhhtuv asvomuu auoouaa 
adogkvc aeojlfy bdmxdqf bgaeaag caeafvt ccmfygv dawtwjd ddhumeg eneohvj etexuba fgcliwo fjnhaex gbhjheq geaneqh hdbmawu higjexg ibslrae icjpkxb jeufqry jhndqqm kepnksp kgtayhc lbprrsv lbutehg lcxjivy maflwig mfihxik najwbay neoydjv oaaypbm ocbgrnt petbtpb pjbifpj qavwtpg qdvktqx reydxfa rkuiwlj sawuepk sejbbus tagplww tdmgacb uaawblj ubgssvd ubjmnmg vbtclrb vcgbafg wampphw wchmqwv xbywlmn xcfatfk ykirhdg ypdwtba atftrxt aauxjea aqfqodf abmkwyc afnmruh ambbkqc avhhtuv asvomuu auoouaa 
ocmfygv 
4enxnvu genxnvu henxnvu ienxnvu ienxnvu 
FALSE 

adogkvc aeojlfy bdmxdqf bgaeaag caeafvt cbdkrda dawtwjd ddhumeg ebrmfwp eneohvj fgcliwo fjnhaex fjsegar gbhjheq geaneqh hdbmawu higjexg ibslrae icjpkxb jeufqry jhndqqm kepnksp kgtayhc lbprrsv lbutehg lcxjivy maflwig mfihxik najwbay neoydjv oaaypbm ocbgrnt petbtpb pjbifpj qavwtpg qdvktqx reydxfa rkuiwlj sawuepk sejbbus tagplww tdmgacb uaawblj ubgssvd ubjmnmg vbtclrb vcgbafg wampphw wbkxdle xbywlmn xcfatfk ykirhdg ypdwtba atftrxt aauxjea aqfqodf abmkwyc afnmruh ambbkqc avhhtuv asvomuu auoouaa 
0gfbmdx 0gfbmdx 
8phubvr 8roqxne tphubvr troqxne uphubvr uroqxne vphubvr vroqxne vphubvr vroqxne 
wroqxne 
5phubvr 5roqxne jphubvr jroqxne kphubvr kroqxne lphubvr lroqxne lphubvr lroqxne 
0aeafvt 0bdkrda 0cmfygv 0aeafvt 0bdkrda 0cmfygv 

bjpdoqv 
adogkvc aeojlfy bddxtvk bdmxdqf bgaeaag caeafvt cbdkrda dawtwjd ddhumeg ebrmfwp eiirtnb fgcliwo fjnhaex fjsegar gbhjheq geaneqh gewyabj hdbmawu higjexg ibslrae icjpkxb jacwafi jeufqry kepnksp kgtayhc lbprrsv lbutehg lcxjivy maflwig mfihxik najwbay neoydjv oaaypbm ocbgrnt petbtpb pjbifpj qavwtpg qdvktqx reydxfa rkuiwlj sawuepk sejbbus tagplww tdmgacb uaawblj ubgssvd ubjmnmg vbtclrb vcgbafg wampphw wbkxdle xbywlmn xcfatfk yfhjqon ykirhdg atftrxt aauxjea aqfqodf abmkwyc afnmruh ambbkqc avhhtuv asvomuu auoouaa 
adogkvc aeojlfy bddxtvk bdmxdqf bgaeaag caeafvt cbdkrda dawtwjd ddhumeg ebrmfwp eiirtnb fgcliwo fjnhaex fjsegar gbhjheq geaneqh gewyabj hdbmawu higjexg ibslrae icjpkxb jacwafi jeufqry kepnksp kgtayhc lbprrsv lbutehg lcxjivy maflwig mfihxik najwbay neoydjv oaaypbm ocbgrnt petbtpb pjbifpj qavwtpg qdvktqx reydxfa rkuiwlj sawuepk sejbbus tagplww tdmgacb uaawblj ubgssvd ubjmnmg vbtclrb vcgbafg wampphw wbkxdle xbywlmn xcfatfk yfhjqon ykirhdg atftrxt aauxjea aqfqodf abmkwyc afnmruh ambbkqc avhhtuv asvomuu auoouaa 


107.158242 
adogkvc aeojlfy bddxtvk bdmxdqf bgaeaag caeafvt cbdkrda dawtwjd ddhumeg ebrmfwp eiirtnb fgcliwo fjnhaex fjsegar gbhjheq geaneqh gewyabj hdbmawu higjexg hilbdtb ibslrae icjpkxb jacwafi jeufqry kepnksp kgtayhc lbprrsv lbutehg lcxjivy maflwig mfihxik najwbay neoydjv oaaypbm ocbgrnt paxipha petbtpb qavwtpg qdvktqx reydxfa rkuiwlj sawuepk sejbbus tagplww tdmgacb uaawblj ubgssvd ubjmnmg vbtclrb vcgbafg wampphw wbkxdle xbywlmn xcfatfk xchaqmo yfhjqon ykirhdg atftrxt aauxjea aqfqodf abmkwyc afnmruh ambbkqc avhhtuv asvomuu auoouaa 
adogkvc aeojlfy bddxtvk bdmxdqf bgaeaag caeafvt cbdkrda dawtwjd ddhumeg ebrmfwp eiirtnb fgcliwo fjnhaex fjsegar gbhjheq geaneqh gewyabj hdbmawu higjexg hilbdtb ibslrae icjpkxb jacwafi jeufqry kepnksp kgtayhc lbprrsv lbutehg lcxjivy maflwig mfihxik najwbay neoydjv oaaypbm ocbgrnt paxipha petbtpb qavwtpg qdvktqx reydxfa rkuiwlj sawuepk sejbbus tagplww tdmgacb uaawblj ubgssvd ubjmnmg vbtclrb vcgbafg wampphw wbkxdle xbywlmn xcfatfk xchaqmo yfhjqon ykirhdg atftrxt aauxjea aqfqodf abmkwyc afnmruh ambbkqc avhhtuv asvomuu auoouaa 

6gfbmdx mgfbmdx ngfbmdx ogfbmdx ogfbmdx 
7aeafvt 7bdkrda 7cmfygv paeafvt pbdkrda pcmfygv qaeafvt qbdkrda qcmfygv raeafvt rbdkrda rcmfygv saeafvt sbdkrda scmfygv saeafvt sbdkrda scmfygv 


adogkvc aeojlfy bddxtvk bdmxdqf bgaeaag caeafvt cbdkrda dawtwjd ddhumeg ebrmfwp ebuttfk eiirtnb fgcliwo fjnhaex fjsegar gbhjheq geaneqh gewyabj hcqofhb hdbmawu ibslrae icjpkxb jacwafi jeufqry kepnksp kgtayhc lbprrsv lbutehg lcxjivy maflwig mfihxik najwbay nbgupap oaaypbm ocbgrnt paxipha petbtpb qavwtpg qdvktqx reydxfa rkuiwlj sawuepk sejbbus tagplww tdmgacb uaawblj ubgssvd ubjmnmg vbtclrb vcgbafg wampphw wbkxdle xbywlmn xcfatfk xchaqmo yfhjqon ykirhdg atftrxt aauxjea aqfqodf abmkwyc afnmruh ambbkqc avhhtuv asvomuu auoouaa afsjuyn alqiibk 
adogkvc aeojlfy bddxtvk bdmxdqf bgaeaag caeafvt cbdkrda dawtwjd ddhumeg ebrmfwp ebuttfk eiirtnb fgcliwo fjnhaex fjsegar gbhjheq geaneqh gewyabj hcqofhb hdbmawu ibslrae icjpkxb jacwafi jeufqry kepnksp kgtayhc lbprrsv lbutehg lcxjivy maflwig mfihxik najwbay nbgupap oaaypbm ocbgrnt paxipha petbtpb qavwtpg qdvktqx reydxfa rkuiwlj sawuepk sejbbus tagplww tdmgacb uaawblj ubgssvd ubjmnmg vbtclrb vcgbafg wampphw wbkxdle xbywlmn xcfatfk xchaqmo yfhjqon ykirhdg atftrxt aauxjea aqfqodf abmkwyc afnmruh ambbkqc avhhtuv asvomuu auoouaa afsjuyn alqiibk 

adogkvc aeojlfy bddxtvk bdmxdqf bgaeaag caeafvt cbdkrda dawtwjd ddhumeg ebrmfwp ebuttfk eiirtnb fgcliwo fjnhaex fjsegar gbhjheq geaneqh gewyabj hcqofhb hdbmawu ibslrae icjpkxb jacwafi jeufqry kepnksp kgtayhc lbprrsv lbutehg lcxjivy maflwig mfihxik najwbay nbgupap oaaypbm ocbgrnt paxipha petbtpb qavwtpg qdvktqx reydxfa rkuiwlj sawuepk sejbbus tagplww tdmgacb uaawblj ubgssvd ubjmnmg vbtclrb vcgbafg wampphw wbkxdle xbywlmn xcfatfk xchaqmo yfhjqon ykirhdg atftrxt aauxjea aqfqodf abmkwyc afnmruh ambbkqc avhhtuv asvomuu auoouaa afsjuyn alqiibk 



4phubvr 4roqxne gphubvr groqxne hphubvr hroqxne iphubvr iroqxne iphubvr iroqxne 
ocmfygv 
3enxnvu denxnvu eenxnvu fenxnvu fenxnvu 
adogkvc aeojlfy bddxtvk bdmxdqf bgaeaag caeafvt cbdkrda dawtwjd ddhumeg ebrmfwp ebuttfk eiirtnb fgcliwo fjnhaex fjsegar gbhjheq geaneqh gewyabj hcqofhb hdbmawu ibslrae icjpkxb jacwafi jeufqry keadshm kepnksp kgtayhc lbprrsv lbutehg lcxjivy maflwig mfihxik najwbay nbgupap oaaypbm ocbgrnt paxipha petbtpb qavwtpg qdvktqx reflnbn reydxfa rkuiwlj sawuepk sejbbus tagplww tdmgacb uaawblj ubgssvd ubjmnmg vbtclrb vcgbafg wampphw wbkxdle xbywlmn xcfatfk xchaqmo yfhjqon ykirhdg atftrxt aauxjea aqfqodf abmkwyc afnmruh ambbkqc avhhtuv asvomuu auoouaa afsjuyn alqiibk 
adogkvc aeojlfy bddxtvk bdmxdqf bgaeaag caeafvt cbdkrda dawtwjd ddhumeg ebrmfwp ebuttfk eiirtnb fgcliwo fjnhaex fjsegar gbhjheq geaneqh gewyabj hcqofhb hdbmawu ibslrae icjpkxb jacwafi jeufqry keadshm kepnksp kgtayhc lbprrsv lbutehg lcxjivy maflwig mfihxik najwbay nbgupap oaaypbm ocbgrnt paxipha petbtpb qavwtpg qdvktqx reflnbn reydxfa rkuiwlj sawuepk sejbbus tagplww tdmgacb uaawblj ubgssvd ubjmnmg vbtclrb vcgbafg wampphw wbkxdle xbywlmn xcfatfk xchaqmo yfhjqon ykirhdg atftrxt aauxjea aqfqodf abmkwyc afnmruh ambbkqc avhhtuv asvomuu auoouaa afsjuyn alqiibk asuwniu 


FALSE 
mphubvr 

FALSE 

adogkvc aeojlfy bddxtvk bdmxdqf bgaeaag caeafvt cbdkrda dawtwjd dcpmgyn ebrmfwp ebuttfk eiirtnb fgcliwo fjnhaex fjsegar gbhjheq geaneqh gewyabj hbcbkrk hcqofhb ibslrae icjpkxb jacwafi jeufqry keadshm kepnksp kgtayhc lbprrsv lbutehg lcxjivy maflwig mfihxik najwbay nbgupap oaaypbm ocbgrnt paxipha petbtpb qavwtpg qdvktqx reflnbn reydxfa rkuiwlj sawuepk sejbbus tagplww tdmgacb uaawblj ubgssvd ubjmnmg vbtclrb vcgbafg wampphw wbkxdle xbywlmn xcfatfk xchaqmo yfhjqon ykirhdg atftrxt aauxjea aqfqodf abmkwyc afnmruh ambbkqc avhhtuv asvomuu auoouaa afsjuyn alqiibk asuwniu ahupfsv 
adogkvc aeojlfy bddxtvk bdmxdqf bgaeaag caeafvt cbdkrda dawtwjd dcpmgyn ebrmfwp ebuttfk eiirtnb fgcliwo fjnhaex fjsegar gbhjheq geaneqh gewyabj hbcbkrk hcqofhb ibslrae icjpkxb jacwafi jeufqry keadshm kepnksp kgtayhc lbprrsv lbutehg lcxjivy maflwig mfihxik najwbay nbgupap oaaypbm ocbgrnt paxipha petbtpb qavwtpg qdvktqx reflnbn reydxfa rkuiwlj sawuepk sejbbus tagplww tdmgacb uaawblj ubgssvd ubjmnmg vbtclrb vcgbafg wampphw wbkqdsh wbkxdle xbywlmn xcfatfk xchaqmo yfhjqon ykirhdg atftrxt aauxjea aqfqodf abmkwyc afnmruh ambbkqc avhhtuv asvomuu auoouaa afsjuyn alqiibk asuwniu ahupfsv 
adogkvc aeojlfy bddxtvk bdmxdqf bgaeaag caeafvt cbdkrda dawtwjd dcpmgyn ebrmfwp ebuttfk eiirtnb fgcliwo fjnhaex fjsegar gbhjheq geaneqh gewyabj hbcbkrk hcqofhb ibeyvet ibslrae icjpkxb jacwafi jeufqry keadshm kepnksp kgtayhc lbprrsv lbutehg lcxjivy maflwig mfihxik najwbay nbgupap oaaypbm ocbgrnt paxipha petbtpb qavwtpg qdvktqx reflnbn reydxfa rkuiwlj sawuepk sejbbus tagplww tdmgacb uaawblj ubgssvd ubjmnmg vbtclrb vcgbafg wampphw wbkqdsh wbkxdle xbywlmn xcfatfk xchaqmo yfhjqon ykirhdg atftrxt aauxjea aqfqodf abmkwyc afnmruh ambbkqc avhhtuv asvomuu auoouaa afsjuyn alqiibk asuwniu ahupfsv 
adogkvc aeojlfy bddxtvk bdmxdqf bgaeaag caeafvt cbdkrda dawtwjd dcpmgyn ebrmfwp ebuttfk eiirtnb fgcliwo fjnhaex fjsegar gbhjheq geaneqh gewyabj hbcbkrk hcqofhb ibeyvet ibslrae icjpkxb jacwafi jeufqry keadshm kepnksp kgtayhc lbprrsv lbutehg lcxjivy maflwig mfihxik najwbay nbgupap oaaypbm ocbgrnt paxipha petbtpb qavwtpg qdvktqx reflnbn reydxfa rkuiwlj sawuepk sejbbus tagplww tdmgacb uaawblj ubgssvd ubjmnmg vbtclrb vcgbafg wampphw wbkqdsh wbkxdle xbywlmn xcfatfk xchaqmo yfhjqon ykirhdg atftrxt aauxjea aqfqodf abmkwyc afnmruh ambbkqc avhhtuv asvomuu auoouaa afsjuyn alqiibk asuwniu ahupfsv 
107.250965 
gqgwmhu 
107.198095 
7aeafvt 7bdkrda 7cmfygv paeafvt pbdkrda pcmfygv qaeafvt qbdkrda qcmfygv raeafvt rbdkrda rcmfygv saeafvt sbdkrda scmfygv saeafvt sbdkrda scmfygv 

FALSE 

adogkvc aeojlfy bddxtvk bdmxdqf bgaeaag caeafvt cbdkrda dawtwjd dcpmgyn ebrmfwp ebuttfk eiirtnb fgcliwo fjnhaex fjsegar gbhjheq geaneqh gewyabj hbcbkrk hcqofhb ibeyvet ibslrae icjpkxb jacwafi jeufqry keadshm kepnksp kgtayhc lbprrsv lbutehg lcxjivy maflwig mfagiuj mfihxik najwbay nbgupap oaaypbm ocbgrnt paxipha petbtpb qavwtpg qdvktqx rccnoip reflnbn reydxfa sawuepk sejbbus tagplww tdmgacb uaawblj ubgssvd ubjmnmg vbtclrb vcgbafg wampphw wbkqdsh wbkxdle xbywlmn xcfatfk xchaqmo yfhjqon ykirhdg atftrxt aauxjea aqfqodf abmkwyc afnmruh ambbkqc avhhtuv asvomuu auoouaa afsjuyn alqiibk asuwniu ahupfsv adgyelw 
adogkvc aeojlfy bddxtvk bdmxdqf bgaeaag caeafvt cbdkrda dawtwjd dcpmgyn ebrmfwp ebuttfk eiirtnb fgcliwo fjnhaex fjsegar gbhjheq geaneqh gewyabj hbcbkrk hcqofhb ibeyvet ibslrae icjpkxb jacwafi jeufqry keadshm kepnksp kgtayhc lbprrsv lbutehg lcxjivy maflwig mdvokiu najwbay nbgupap oaaypbm ocbgrnt paxipha petbtpb qavwtpg qdvktqx rccnoip reflnbn reydxfa sawuepk sejbbus tagplww tdmgacb uaawblj ubgssvd ubjmnmg vbtclrb vcgbafg wampphw wbkqdsh wbkxdle xbywlmn xcfatfk xchaqmo yfhjqon ykirhdg atftrxt aauxjea aqfqodf abmkwyc afnmruh ambbkqc avhhtuv asvomuu auoouaa afsjuyn alqiibk asuwniu ahupfsv adgyelw 
FALSE 
107.308880 
3enxnvu 3fcagrd 3fgjopq denxnvu dfcagrd dfgjopq eenxnvu efcagrd efgjopq fenxnvu ffcagrd ffgjopq fenxnvu ffcagrd ffgjopq 
adogkvc aeojlfy bddxtvk bdmxdqf bgaeaag caeafvt cbdkrda dawtwjd dcpmgyn ebrmfwp ebuttfk eiirtnb faytdws fgcliwo gbhjheq geaneqh gewyabj hbcbkrk hcqofhb ibeyvet ibslrae icjpkxb jacwafi jeufqry keadshm kepnksp kgtayhc lbprrsv lbutehg lcxjivy maflwig mdvokiu najwbay nbgupap oaaypbm ocbgrnt paxipha petbtpb qavwtpg qdvktqx rccnoip reebbwm reflnbn sawuepk sejbbus tagplww tdmgacb uaawblj ubgssvd ubjmnmg vbtclrb vcgbafg wampphw wbkqdsh wbkxdle xbywlmn xcfatfk xchaqmo yfhjqon ykirhdg atftrxt aauxjea aqfqodf abmkwyc afnmruh ambbkqc avhhtuv asvomuu auoouaa afsjuyn alqiibk asuwniu ahupfsv adgyelw 
8olunma 8opwytv tolunma topwytv uolunma uopwytv volunma vopwytv volunma vopwytv 
8phubvr 8proyvn 8qcakpp 8qgwmhu 8roqxne tphubvr tproyvn tqcakpp tqgwmhu troqxne uphubvr uproyvn uqcakpp uqgwmhu uroqxne vphubvr vproyvn vqcakpp vqgwmhu vroqxne vphubvr vproyvn vqcakpp vqgwmhu vroqxne 






adogkvc aeojlfy bausdiv bddxtvk bdmxdqf caeafvt cbdkrda dawtwjd dcpmgyn dcsruat ebrmfwp ebuttfk eiirtnb faytdws fgcliwo gbhjheq geaneqh gewyabj hbcbkrk hbcifel hcqofhb ibeyvet ibslrae icjpkxb jacwafi jepguth jeufqry keadshm kepnksp kgtayhc lbprrsv lbutehg lcxjivy maflwig mdvokiu najwbay nbgupap oaaypbm ocbgrnt paxipha petbtpb qavwtpg qdvktqx rccnoip reebbwm reflnbn sawuepk sejbbus tagplww tdmgacb uaawblj ubgssvd ubjmnmg vbtclrb vcgbafg wampphw wbkqdsh wbkxdle xbywlmn xcfatfk xchaqmo yfhjqon ykirhdg atftrxt aauxjea aqfqodf abmkwyc afnmruh ambbkqc avhhtuv asvomuu auoouaa afsjuyn alqiibk asuwniu ahupfsv adgyelw ablejtv 
adogkvc aeojlfy bausdiv bddxtvk bdmxdqf caeafvt cbdkrda dawtwjd dccjyey dcpmgyn ebrmfwp ebuttfk eiirtnb faytdws fgcliwo gbhjheq geaneqh gewyabj hbcbkrk hbcifel hcqofhb ibeyvet ibslrae icjpkxb jacwafi jepguth jeufqry keadshm kepnksp kgtayhc lbprrsv lbutehg lcxjivy maflwig mdvokiu najwbay nbgupap oaaypbm ocbgrnt paxipha petbtpb qavwtpg qdvktqx rccnoip reebbwm reflnbn sawuepk sejbbus tagplww tdmgacb uaawblj uaodebb ubgssvd ubjmnmg vbtclrb vcgbafg wampphw wbkqdsh wbkxdle xbywlmn xcfatfk xchaqmo yfhjqon ykirhdg atftrxt aauxjea aqfqodf abmkwyc afnmruh ambbkqc avhhtuv asvomuu auoouaa afsjuyn alqiibk asuwniu ahupfsv adgyelw ablejtv areiwce 
FALSE 
adogkvc aeojlfy bausdiv bddxtvk bdmxdqf caeafvt cbdkrda dawtwjd dccjyey dcpmgyn ebrmfwp ebuttfk eiirtnb faytdws fgcliwo gbhjheq geaneqh gewyabj hbcbkrk hbcifel hcpafah hcqofhb ibeyvet ibslrae icjpkxb jacwafi jepguth jeufqry keadshm kepnksp kgtayhc lbprrsv lbutehg lcxjivy maflwig mdvokiu najwbay nbgupap oaaypbm ocbgrnt paxipha petbtpb qavwtpg qdvktqx rccnoip reebbwm reflnbn sawuepk sejbbus tagplww tdmgacb uaawblj uaodebb ubgssvd ubjmnmg vbtclrb vcgbafg wampphw wbkqdsh wbkxdle xbywlmn xcfatfk xchaqmo yfhjqon ykirhdg atftrxt aauxjea aqfqodf abmkwyc afnmruh ambbkqc avhhtuv asvomuu auoouaa afsjuyn alqiibk asuwniu ahupfsv adgyelw ablejtv areiwce 
0gfbmdx 0gfbmdx 

adogkvc aeojlfy bausdiv bddxtvk bdmxdqf caeafvt cbdkrda dawtwjd dccjyey dcpmgyn ebrmfwp ebuttfk eiirtnb faytdws fewpjis gbhjheq geaneqh gewyabj hbcbkrk hbcifel hcpafah hcqofhb ibeyvet ibslrae icjpkxb jacwafi jepguth jeufqry keadshm kepnksp kgtayhc lbprrsv lbutehg lcxjivy maflwig mdvokiu najwbay nbgupap oaaypbm ocbgrnt paxipha petbtpb qavwtpg qdvktqx rccnoip reebbwm reflnbn sawuepk sejbbus tagplww tdmgacb uaawblj uaodebb ubgssvd ubjmnmg vbtclrb vcgbafg wampphw wbkqdsh wbkxdle xbywlmn xcfatfk xchaqmo yfhjqon ykirhdg atftrxt aauxjea aqfqodf abmkwyc afnmruh ambbkqc avhhtuv asvomuu auoouaa afsjuyn alqiibk asuwniu ahupfsv adgyelw ablejtv areiwce ahgtlkk 


107.215146 
adogkvc aeojlfy bausdiv bddxtvk bdmxdqf caeafvt cbdkrda dawtwjd dccjyey dcpmgyn ebrmfwp ebuttfk eiirtnb faytdws fewpjis gbhjheq geaneqh gewyabj hbcbkrk hbcifel hcpafah hcqofhb ibeyvet ibslrae icjpkxb jacwafi jepguth jeufqry keadshm kepnksp kgtayhc lbprrsv lbutehg lcxjivy maflwig mdvokiu najwbay nbgupap oaaypbm ocbgrnt paxipha petbtpb qavwtpg qdvktqx rccnoip reebbwm reflnbn sawuepk sejbbus tagplww tdmgacb uaawblj uaodebb ubgssvd ubjmnmg vbnxdso vbtclrb vcgbafg wampphw wbkqdsh wbkxdle xbywlmn xcfatfk xchaqmo yfhjqon ykirhdg atftrxt aauxjea aqfqodf abmkwyc afnmruh ambbkqc avhhtuv asvomuu auoouaa afsjuyn alqiibk asuwniu ahupfsv adgyelw ablejtv areiwce ahgtlkk 

FALSE 
FALSE 

adogkvc aeojlfy battrui bausdiv bddxtvk bdmxdqf caeafvt cbdkrda dawtwjd dccjyey dcpmgyn ebrmfwp ebuttfk eiirtnb faytdws fewpjis gaifixq gbhjheq hbcbkrk hbcifel hcpafah hcqofhb ibeyvet ibslrae icjpkxb jacwafi jakwfwn jepguth jeufqry keadshm kepnksp kgtayhc lbprrsv lbutehg lcxjivy maflwig mdvokiu najwbay nbgupap oaaypbm ocbgrnt paxipha petbtpb qavwtpg qdvktqx rccnoip reebbwm reflnbn sawuepk sckofav tagplww tdmgacb uaawblj uaodebb ubgssvd ubjmnmg vbnxdso vbtclrb vcgbafg wampphw wbkqdsh wbkxdle xbywlmn xcfatfk xchaqmo yfhjqon yiwakgl atftrxt aauxjea aqfqodf abmkwyc afnmruh ambbkqc avhhtuv asvomuu auoouaa afsjuyn alqiibk asuwniu ahupfsv adgyelw ablejtv areiwce ahgtlkk abogxkn avuoshu 
adogkvc aeojlfy battrui bausdiv bddxtvk bdmxdqf caeafvt cbdkrda dawtwjd dccjyey dcpmgyn ebrmfwp ebuttfk eiirtnb faytdws fewpjis gaifixq gbhjheq hbcbkrk hbcifel hcpafah hcqofhb ibeyvet ibslrae icjpkxb jacwafi jakwfwn jepguth jeqcave keadshm kepnksp kgtayhc lbprrsv lbutehg lcxjivy maflwig mdvokiu najwbay nbgupap oaaypbm ocbgrnt paxipha petbtpb qavwtpg qdvktqx rccnoip reebbwm reflnbn sawuepk sckofav tagplww tdmgacb uaawblj uaodebb ubgssvd ubjmnmg vbnxdso vbtclrb vcgbafg wampphw wbkqdsh wbkxdle xbywlmn xcfatfk xchaqmo yfhjqon yiwakgl atftrxt aauxjea aqfqodf abmkwyc afnmruh ambbkqc avhhtuv asvomuu auoouaa afsjuyn alqiibk asuwniu ahupfsv adgyelw ablejtv areiwce ahgtlkk abogxkn avuoshu 
107.293924 
adogkvc aeojlfy battrui bausdiv bddxtvk bdmxdqf caeafvt cbdkrda dawtwjd dccjyey dcpmgyn ebrmfwp ebuttfk eevspty faytdws fewpjis gaifixq gbhjheq hbcbkrk hbcifel hcpafah hcqofhb ibeyvet ibslrae icjpkxb jacwafi jakwfwn jepguth jeqcave keadshm kepnksp kgtayhc lbprrsv lbutehg lcxjivy maflwig mdvokiu najwbay nalmort nbgupap oaaypbm ocbgrnt paxipha petbtpb qavwtpg qdvktqx rccnoip reebbwm reflnbn sawuepk sckofav tagplww tdmgacb uaawblj uaodebb ubgssvd ubjmnmg vbnxdso vbtclrb vcgbafg wampphw wbkqdsh wbkxdle xbywlmn xcfatfk xchaqmo yfhjqon yiwakgl atftrxt aauxjea aqfqodf abmkwyc afnmruh ambbkqc avhhtuv asvomuu auoouaa afsjuyn alqiibk asuwniu ahupfsv adgyelw ablejtv areiwce ahgtlkk abogxkn avuoshu 
2olunma 2opwytv b6ehmsg bmehmsg bnehmsg boehmsg colunma copwytv colunma copwytv 
9gfbmdx wgfbmdx xgfbmdx ygfbmdx zgfbmdx zgfbmdx 

5gfbmdx jgfbmdx kgfbmdx lgfbmdx lgfbmdx 
adogkvc aeojlfy battrui bausdiv bddxtvk bdmxdqf caeafvt cbdkrda dawtwjd dccjyey dcpmgyn ebrmfwp ebuttfk eevspty faytdws fewpjis gaifixq gbhjheq hbcbkrk hbcifel hcpafah hcqofhb ibeyvet ibslrae icjpkxb jacwafi jakwfwn jepguth jeqcave keadshm kepnksp kgtayhc lbprrsv lbutehg lcxjivy maflwig mdvokiu najwbay nalmort nbgupap oaaypbm ocbgrnt paxipha petbtpb qavwtpg qdvktqx rccnoip reebbwm reflnbn sawuepk sckofav tagplww tdmgacb uaawblj uaodebb ubgssvd ubjmnmg vbnxdso vbtclrb vcgbafg wampphw wbkqdsh wbkxdle xbywlmn xcfatfk xchaqmo yfhjqon yiwakgl atftrxt aauxjea aqfqodf abmkwyc afnmruh ambbkqc avhhtuv asvomuu auoouaa afsjuyn alqiibk asuwniu ahupfsv adgyelw ablejtv areiwce ahgtlkk abogxkn avuoshu 
adogkvc aeojlfy battrui bausdiv bddxtvk bdmxdqf caeafvt cbdkrda dawtwjd dccjyey dcpmgyn ebrmfwp ebuttfk eevspty faytdws fewpjis gaifixq gbhjheq hbcbkrk hbcifel hcpafah hcqofhb ibeyvet ibslrae icjpkxb jacwafi jakwfwn jepguth jeqcave keadshm kepnksp kgtayhc lbprrsv lbutehg lcxjivy maflwig mdvokiu najwbay nalmort nbgupap oaaypbm ocbgrnt paxipha petbtpb qavwtpg qdvktqx rccnoip reebbwm reflnbn sawuepk sckofav tagplww tdmgacb uaawblj uaodebb ubgssvd ubjmnmg vbnxdso vbtclrb vcgbafg wampphw wbkqdsh wbkxdle xbywlmn xcfatfk xchaqmo yfhjqon yiwakgl atftrxt aauxjea aqfqodf abmkwyc afnmruh ambbkqc avhhtuv asvomuu auoouaa afsjuyn alqiibk asuwniu ahupfsv adgyelw ablejtv areiwce ahgtlkk abogxkn avuoshu 
FALSE 

adogkvc aeojlfy battrui bausdiv bddxtvk bdmxdqf caeafvt cbdkrda dawtwjd dccjyey dcpmgyn ebrmfwp ebuttfk eevspty faytdws fewpjis gaifixq gbhjheq hbcbkrk hbcifel hcpafah hcqofhb ibeyvet ibslrae icjpkxb jacwafi jakwfwn jepguth jeqcave keadshm kepnksp kgtayhc lbprrsv lbutehg lcxjivy maflwig mdvokiu najwbay nalmort nbgupap oaaypbm ocbgrnt paxipha petbtpb qavwtpg qdvktqx rccnoip rcehigm reebbwm reflnbn sawuepk sckofav tagplww tdmgacb uaawblj uaodebb ubgssvd ubjmnmg vbnxdso vbtclrb vcgbafg wampphw wbkqdsh wbkxdle xbywlmn xcfatfk xchaqmo yfhjqon yiwakgl atftrxt aauxjea aqfqodf abmkwyc afnmruh ambbkqc avhhtuv asvomuu auoouaa afsjuyn alqiibk asuwniu ahupfsv adgyelw ablejtv areiwce ahgtlkk abogxkn avuoshu 
3phubvr 3proyvn 3qcakpp 3qgwmhu 3roqxne dphubvr dproyvn dqcakpp dqgwmhu droqxne ephubvr eproyvn eqcakpp eqgwmhu eroqxne fphubvr fproyvn fqcakpp fqgwmhu froqxne fphubvr fproyvn fqcakpp fqgwmhu froqxne 
bgehmsg 
dtebayf 
107.149278 
