

ccglovm gkyquok hofbtas isaonws ivyxhbg onxqtsh ppgljyg rgkgyvb 


FALSE 
8saonws tsaonws usaonws vsaonws vsaonws 
9vyxhbg wvyxhbg xvyxhbg yvyxhbg zvyxhbg zvyxhbg 
aaakavc ccglovm cawwoqa ecfpcna ginyxvh gkyquok hofbtas isaonws ivyxhbg ldxsnkm onxqtsh ppgljyg rgkgyvb 
aaakavc ccglovm cawwoqa ecfpcna ginyxvh gkyquok hofbtas hrexsop isaonws ivyxhbg ldxsnkm onxqtsh ppgljyg rbpaycf rgkgyvb uqaxtah wrwdwoa 
FALSE 
aaakavc ccglovm cawwoqa ecfpcna ginyxvh gkyquok hofbtas hrexsop iccwcqv isaonws ldxsnkm onxqtsh ppgljyg rbpaycf rgkgyvb uqaxtah wrwdwoa 
aaakavc ayxhvoq ccglovm cawwoqa ecfpcna ginyxvh gkyquok hofbtas hrexsop iccwcqv isaonws jkcwtfs ldxsnkm onxqtsh ppgljyg rbpaycf rgkgyvb uqaxtah wbnidbx wrwdwoa 

aaakavc akhluhu ccglovm cawwoqa ecfpcna ginyxvh gjispnu hhpqary hofbtas iccwcqv isaonws jkcwtfs ldxsnkm onxqtsh ppgljyg rbpaycf rgkgyvb uqaxtah wbnidbx wrwdwoa 

FALSE 

108.303571 
wccwcqv 
6saonws msaonws nsaonws osaonws osaonws 
aaakavc akhluhu ccglovm cawwoqa dfqncrd dpoijwt ecfpcna ginyxvh gjispnu hhpqary hofbtas iccwcqv isaonws jkcwtfs ldxsnkm onxqtsh ppgljyg paaakqq qhkmwbf rbpaycf rgkgyvb sxysned tqmsxab uqaxtah wbnidbx wrwdwoa xmxbbte aswhauy 
kccwcqv 
108.197044 
aaakavc akhluhu ccglovm cawwoqa dfqncrd dpoijwt ecfpcna ginyxvh gjispnu gjqktwm hhpqary hofbtas iccwcqv isaonws jkcwtfs ldxsnkm ofahqil oknkbbd ppgljyg paaakqq qhkmwbf rbpaycf rbwmfte rgkgyvb sxysned tqmsxab uqaxtah wbnidbx wrwdwoa xmxbbte xsucqgu aswhauy 
FALSE 
aaakavc akhluhu bhwbaxs ccglovm cawwoqa dfqncrd dpoijwt ecfpcna ginyxvh gjispnu gjqktwm hhpqary hofbtas iccwcqv isaonws jkcwtfs ldxsnkm lnjveky ofahqil oknkbbd ppgljyg paaakqq qhkmwbf rbpaycf rbwmfte rgkgyvb sxysned tqmsxab uqaxtah wbnidbx wrwdwoa xmxbbte xsucqgu aswhauy yfxoexd 
aaakavc akhluhu bhwbaxs ccglovm cawwoqa dfqncrd dpoijwt ecfpcna ginyxvh gjispnu gjqktwm hhpqary hofbtas iccwcqv isaonws jkcwtfs ldxsnkm lnjveky ofahqil oknkbbd ppgljyg paaakqq qhkmwbf rbpaycf rbwmfte rgkgyvb sxysned tqmsxab uqaxtah wbnidbx wrwdwoa xmxbbte xsucqgu aswhauy yfxoexd 
FALSE 
FALSE 


108.271777 

aaakavc akhluhu bakymng bhwbaxs ccglovm cawwoqa dfqncrd dpoijwt ecfpcna fblwqdo ftuqbxk ginyxvh gjdjcvq gjispnu hhpqary hofbtas iccwcqv isaonws jkcwtfs khahsnl lbjsaru ldxsnkm ofahqil oknkbbd pnlbcpk ppgljyg qhkmwbf rbpaycf rbwmfte rgkgyvb sxysned toffyvo tqmsxab uqaxtah vggbunp vlwflug wbnidbx wrwdwoa xmxbbte xsucqgu aswhauy yfxoexd amrvlur 
aaakavc akhluhu akmutty bakymng bhwbaxs ccglovm cawwoqa dfqncrd dpoijwt ecfpcna fblwqdo ftuqbxk ginyxvh gjdjcvq gjispnu hhpqary hofbtas iccwcqv isaonws jkcwtfs khahsnl lbjsaru ldxsnkm ofahqil oknkbbd pnlbcpk ppgljyg qeanfer qhkmwbf rbpaycf rbwmfte rgkgyvb sxysned toffyvo tqmsxab uaqwlwa uqaxtah vggbunp vlwflug wbnidbx wjmafhg xmxbbte xsucqgu aswhauy yfxoexd ywrfyej amrvlur 


FALSE 



aaakavc akhluhu akmutty bakymng bhwbaxs ccglovm cawwoqa dfqncrd dpoijwt ecfpcna egvcybw fblwqdo fiahtkn ginyxvh gjdjcvq gjispnu hhpqary hofbtas iccwcqv isaonws jkcwtfs khahsnl lbjsaru ldxsnkm mntrkko odxeqaq ofahqil pnlbcpk ppgljyg qeanfer qhkmwbf rbpaycf rbwmfte rgkgyvb sxysned toffyvo tqmsxab uaqwlwa uqaxtah vcyaeaj vdbsaqx wbnidbx wbalbxb wcxekar xaanaai xcrbvun aswhauy yfxoexd yuclhwn amrvlur aartppi 


2saonws cqofnrl csiwiqc cqofnrl csiwiqc 

aaakavc akhluhu akmutty bakymng bhwbaxs ccglovm cawwoqa dfqncrd dpoijwt ecfpcna egvcybw fblwqdo fiahtkn ginyxvh gjdjcvq gjispnu hhpqary hofbtas iccwcqv isaonws jkcwtfs khahsnl lbhcite lbjsaru ldxsnkm mntrkko odxeqaq ofahqil pnlbcpk ppgljyg qeanfer qhkmwbf rbpaycf rbwmfte rgkgyvb sokdhvg sxysned toffyvo tqmsxab uaqwlwa ubhaubs vcyaeaj vdbsaqx wbnidbx wbalbxb wcxekar xaanaai xcrbvun aswhauy yfxoexd yuclhwn amrvlur aartppi 
107.959569 

d4oijwt dgoijwt dhoijwt dioijwt egvcybw fiahtkn fiahtkn 
gotekjk hofbtas 
107.859694 
1vyxhbg 1vyxhbg 
aaakavc akhluhu akmutty bakymng bhwbaxs ccglovm cawwoqa dfqncrd dpoijwt ecfpcna egvcybw fblwqdo fdndbsh ggniwyq ginyxvh hhpqary hofbtas iccwcqv isaonws jiajuxs jkcwtfs khahsnl lbhcite lbjsaru ldxsnkm mntrkko niakobj odxeqaq ofahqil pnlbcpk ppgljyg qeanfer qhkmwbf rbpaycf rbwmfte rgkgyvb sokdhvg sxysned toffyvo tqmsxab uaqwlwa ubhaubs vcyaeaj vdbsaqx wbnidbx wbalbxb wcxekar xaanaai xcrbvun aswhauy yfxoexd yhkheun amrvlur aartppi ahlviqm 
107.901299 
uccwcqv 



aaakavc akhluhu akmutty bakymng bhwbaxs ccglovm cawwoqa dfqncrd dpoijwt ebcsady ecfpcna fblwqdo fdndbsh ggniwyq ginyxvh hhpqary hofbtas iccwcqv isaonws jiajuxs jkcwtfs khahsnl lbhcite lbjsaru ldxsnkm mntrkko niakobj odxeqaq ofahqil pnlbcpk ppgljyg qeanfer qhkmwbf rbpaycf rbwmfte rgkgyvb smdapmb sokdhvg toffyvo tqmsxab uaqwlwa ubhaubs vcyaeaj vdbsaqx wbnidbx wbalbxb wcxekar xaanaai xcrbvun aswhauy yfxoexd yhkheun amrvlur aartppi ahlviqm aanuegl 

FALSE 


107.651629 
aaakavc aimoaws bakymng bhwbaxs ccglovm cawwoqa dfqncrd dpoijwt ebcsady ecfpcna fblwqdo fdndbsh ggniwyq ginyxvh hhpqary hofbtas iccwcqv isaonws jiajuxs jkcwtfs khahsnl kxuyqnw lbhcite lbjsaru ldxsnkm mntrkko niakobj nocwjtj odxeqaq ofahqil pljfjrb pnlbcpk qeanfer qhkmwbf rbpaycf rbwmfte rgkgyvb smdapmb sokdhvg toffyvo tqmsxab uaqwlwa ubhaubs vbpupek vcyaeaj wbnidbx wbalbxb wcxekar xaanaai xcrbvun aswhauy yfxoexd yhkheun amrvlur aartppi ahlviqm aanuegl 
aaakavc aimoaws bakymng bhwbaxs ccglovm cawwoqa dfqncrd dpoijwt ebcsady ecfpcna fblwqdo fdndbsh ggniwyq ginyxvh hhpqary hofbtas iccwcqv isaonws jiajuxs jkcwtfs khahsnl kxuyqnw lbhcite lbjsaru ldxsnkm mntrkko niakobj nocwjtj odxeqaq ofahqil pljfjrb pnlbcpk qeanfer qhkmwbf rbpaycf rbwmfte rgkgyvb smdapmb sokdhvg toffyvo tqmsxab uaqwlwa ubhaubs vbpupek vcyaeaj wbnidbx wbalbxb wcxekar xaanaai xcrbvun aswhauy yfxoexd yhkheun amrvlur aartppi ahlviqm aanuegl 


gvrlkkc 
g1rlkkc 
1vyxhbg 1vyxhbg 
9yhqmpg wyhqmpg xyhqmpg yyhqmpg zyhqmpg zyhqmpg 


9yhqmpg wyhqmpg xyhqmpg yyhqmpg zyhqmpg zyhqmpg 
aaakavc aimoaws bakymng bhwbaxs ccglovm cawwoqa dfqncrd dnjngwt eagaaba eaxxaew ebcsady fblwqdo fdndbsh gbqgdog ggniwyq hegrfog hhpqary iccwcqv isaonws ishjqlr jfsnaur jiajuxs kgogwag khahsnl lbhcite lbjsaru ldxsnkm mntrkko nhfkgbf niakobj oarwwcc odxeqaq pdhborj pljfjrb qeanfer qhkmwbf rbpaycf rbwmfte rgkgyvb sjbbvlp smdapmb taumevr toffyvo uaqwlwa ubhaubs vbpupek vcyaeaj wbnidbx wbalbxb wcxekar xaanaai xcrbvun aswhauy yedgpay yfxoexd amrvlur aartppi ahlviqm aanuegl 
aaakavc aimoaws bakymng bhwbaxs ccglovm cawwoqa dfqncrd dnjngwt eagaaba eaxxaew ebcsady fblwqdo fdndbsh gbqgdog ggniwyq hegrfog hhpqary iccwcqv isaonws ishjqlr jfsnaur jiajuxs kgogwag khahsnl lbhcite lbjsaru ldxsnkm mntrkko nhfkgbf niakobj oarwwcc odxeqaq pdhborj pljfjrb qeanfer qhkmwbf rbpaycf rbwmfte rgkgyvb sjbbvlp smdapmb taumevr toffyvo uaqwlwa ubhaubs vbpupek vcyaeaj wbnidbx wbalbxb wcxekar xaanaai xabllxu xcrbvun aswhauy yedgpay yfxoexd amrvlur aartppi ahlviqm aanuegl 
aaakavc aimoaws bakymng bhwbaxs ccglovm cawwoqa dfqncrd dnjngwt eagaaba eaxxaew ebcsady fblwqdo fdndbsh gbqgdog ggniwyq hegrfog hhpqary iccwcqv isaonws ishjqlr jfsnaur jiajuxs kgogwag khahsnl lbhcite lbjsaru ldxsnkm mntrkko nhfkgbf niakobj oarwwcc odxeqaq pdhborj pljfjrb qeanfer qhkmwbf rbpaycf rbwmfte rgkgyvb sjbbvlp smdapmb taumevr toffyvo uaqwlwa ubhaubs vbpupek vcyaeaj wbnidbx wbalbxb wcxekar xaanaai xabllxu xcrbvun aswhauy yedgpay yfxoexd amrvlur aartppi ahlviqm aanuegl 
FALSE 
aaakavc aimoaws bakymng bhwbaxs ccglovm cawwoqa dfqncrd dnjngwt eagaaba eaxxaew ebcsady fblwqdo fdndbsh gbqgdog ggniwyq hegrfog hhpqary iccwcqv isaonws ishjqlr jfsnaur jiajuxs kgogwag khahsnl lbhcite lbjsaru ldxsnkm mntrkko nhfkgbf niakobj oarwwcc odxeqaq pdhborj pljfjrb qeanfer qhkmwbf rbpaycf rbwmfte rgkgyvb sjbbvlp smdapmb taumevr toffyvo uaqwlwa ubhaubs vbpupek vcyaeaj wbnidbx wbalbxb wcxekar xaanaai xabllxu xcrbvun aswhauy yedgpay yfxoexd amrvlur aartppi ahlviqm aanuegl 
aaakavc aimoaws bakymng bhwbaxs ccglovm cawwoqa dfqncrd dnjngwt eagaaba eaxxaew ebcsady fblwqdo fdndbsh gbqgdog ggniwyq hegrfog hhpqary iccwcqv isaonws ishjqlr jfsnaur jiajuxs kgogwag khahsnl lbhcite lbjsaru ldxsnkm mntrkko nhfkgbf niakobj oarwwcc odxeqaq pdhborj pljfjrb qeanfer qhkmwbf rbpaycf rbwmfte rgkgyvb sjbbvlp smdapmb taumevr toffyvo uaqwlwa ubhaubs vbpupek vcyaeaj wbnidbx wbalbxb wcxekar xaanaai xabllxu xcrbvun aswhauy yedgpay yfxoexd amrvlur aartppi ahlviqm aanuegl 

aaakavc aimoaws bakymng bhwbaxs ccglovm cawwoqa dfqncrd dnjngwt eagaaba eaxxaew ebcsady fblwqdo fdndbsh gbqgdog ggniwyq hegrfog hhpqary iccwcqv isaonws ishjqlr jfsnaur jiajuxs kgogwag khahsnl lbhcite lbjsaru ldxsnkm mntrkko nhfkgbf niakobj oarwwcc odxeqaq pdhborj pljfjrb qeanfer qhkmwbf rbpaycf rbwmfte rgkgyvb sjbbvlp smdapmb taumevr toffyvo uaqwlwa ubhaubs vbpupek vcyaeaj wbnidbx wbalbxb wcxekar xaanaai xabllxu xcrbvun aswhauy yedgpay yfxoexd amrvlur aartppi ahlviqm aanuegl 
107.330952 
7vyxhbg pvyxhbg qvyxhbg rvyxhbg svyxhbg svyxhbg 

aaakavc aimoaws bakymng bhwbaxs ccglovm cawwoqa dfqncrd dnjngwt eagaaba eaxxaew ebcsady fblwqdo fdndbsh gbqgdog ggniwyq hegrfog hhpqary iccwcqv isaonws ishjqlr jfsnaur jiajuxs kgogwag khahsnl lbhcite lbjsaru ldxsnkm mntrkko nhfkgbf niakobj oarwwcc odxeqaq pdhborj pfpbavs qeanfer qhkmwbf rbpaycf rbwmfte rgkgyvb sjbbvlp smdapmb taumevr toffyvo uaqwlwa ubhaubs vbpupek vcyaeaj wbnidbx wbalbxb wcxekar xaanaai xabllxu xcrbvun aswhauy yedgpay yfxoexd amrvlur aartppi ahlviqm aanuegl 
FALSE 
2ccwcqv aaakavc bakymng cawwoqa ccglovm cawwoqa ccglovm 

8saonws 8shjqlr tsaonws tshjqlr usaonws ushjqlr vsaonws vshjqlr vsaonws vshjqlr 
aaakavc aimoaws bakymng bhwbaxs ccglovm cawwoqa dfqncrd dnjngwt dnvrikw eagaaba eaxxaew ebcsady fblwqdo fdndbsh gbqgdog ggniwyq hegrfog hhpqary iccwcqv isaonws ishjqlr jfsnaur jfwmtsu jiajuxs kabidtq kgogwag lbhcite lbjsaru ldxsnkm mntrkko ndpvhxi nhfkgbf oarwwcc odxeqaq pdhborj pfpbavs qeanfer qhkmwbf rbpaycf rbwmfte rgkgyvb scjjtaa sjbbvlp taumevr toffyvo uaqwlwa ubhaubs vbpupek vcyaeaj wbnidbx wbalbxb wcxekar xaanaai xabllxu xcrbvun aswhauy yedgpay yfxoexd amrvlur aartppi ahlviqm aanuegl 
ggniwyq 
aaakavc aimoaws bakymng bhwbaxs ccglovm cawwoqa dfqncrd dnjngwt dnvrikw eagaaba eaxxaew ebcsady fblwqdo fdndbsh gbqgdog ggniwyq hegrfog hhpqary iccwcqv isaonws ishjqlr jfsnaur jfwmtsu jiajuxs kabidtq kgogwag lbhcite lbjsaru ldxsnkm mntrkko ndpvhxi nhfkgbf oarwwcc odxeqaq pdhborj pfpbavs qeanfer qhkmwbf rbpaycf rbwmfte rgkgyvb scjjtaa sjbbvlp taumevr tnftiyi uaqwlwa ubhaubs vbpupek vcyaeaj wbnidbx wbalbxb wcxekar xaanaai xabllxu xcrbvun aswhauy yedgpay yfxoexd amrvlur aartppi ahlviqm aanuegl 
aaakavc aimoaws bakymng bhwbaxs ccglovm cawwoqa dfqncrd dkamgek eagaaba eaxxaew ebcsady fblwqdo fdndbsh gbqgdog ggniwyq hegrfog hhpqary iccwcqv isaonws ishjqlr jfsnaur jfwmtsu jiajuxs kabidtq kgogwag lbhcite lbjsaru ldxsnkm mntrkko ndpvhxi nhfkgbf oarwwcc odxeqaq pdhborj pfpbavs qeanfer qhkmwbf rbpaycf rbwmfte rgkgyvb scjjtaa sjbbvlp taumevr tnftiyi uaqwlwa ubhaubs vbpupek vcyaeaj wbnidbx wbalbxb wcxekar xaanaai xabllxu xcrbvun aswhauy yedgpay yfxoexd amrvlur aartppi ahlviqm aanuegl 
TRUE 

2saonws 2shjqlr brxkpkj cqofnrl crxssnj csiwiqc cqofnrl crxssnj csiwiqc 
107.299320 
aaakavc ablbwcl abvfrgf bakymng bhwbaxs ccglovm cawwoqa deivmed dfqncrd eagaaba eaxxaew ebcsady fblwqdo fdndbsh gbqgdog ggniwyq hegrfog hhpqary iccwcqv isaonws ishjqlr jfsnaur jfwmtsu jiajuxs kabidtq kfjwjis lbhcite lbjsaru ldxsnkm mntrkko nbntaca ndpvhxi oarwwcc odxeqaq pdhborj pfpbavs qeanfer qhkmwbf rbpaycf rbwmfte rgkgyvb scjjtaa sjbbvlp taqaelr taumevr tnftiyi uaqwlwa ubhaubs vbpupek vcyaeaj wbnidbx wbalbxb wcxekar xaanaai xabllxu xcrbvun aswhauy yedgpay yfxoexd amrvlur aartppi ahlviqm aanuegl 
aaakavc ablbwcl abvfrgf bakymng bhwbaxs ccglovm cawwoqa deivmed dfqncrd eagaaba eaxxaew ebcsady fblwqdo fdndbsh gbqgdog ggniwyq hegrfog hhpqary iccwcqv isaonws ishjqlr jfsnaur jfwmtsu jiajuxs kabidtq kfjwjis lbhcite lbjsaru ldxsnkm mntrkko nbntaca ndpvhxi oarwwcc odxeqaq pdhborj pfpbavs qeanfer qhkmwbf rbpaycf rbwmfte rgkgyvb scjjtaa sjbbvlp taqaelr taumevr tnftiyi uaqwlwa ubhaubs vbpupek vcyaeaj wbnidbx wbalbxb wcxekar xaanaai xabllxu xcrbvun aswhauy yedgpay yfxoexd amrvlur aartppi ahlviqm aanuegl 

107.357143 
107.299107 

aaakavc ablbwcl abvfrgf bakymng bbirthj ccglovm cawwoqa deivmed denkrtw dfqncrd eagaaba eaxxaew ebcsady fblwqdo fdndbsh gbqgdog ggniwyq hegrfog hhpqary ibjyjob iccwcqv jaxnasi jfsnaur jfwmtsu kabidtq kfjwjis lbhcite lbjsaru ldxsnkm mntrkko mopabgu nbntaca ndpvhxi oarwwcc odxeqaq pdhborj pfpbavs qeanfer qhkmwbf rbpaycf rbwmfte rgkgyvb scjjtaa sjbbvlp taqaelr taumevr tnftiyi uaqwlwa ubhaubs vbpupek vcyaeaj wbnidbx wbalbxb wcxekar xaanaai xabllxu xcrbvun aswhauy yedgpay yfxoexd amrvlur aartppi ahlviqm aanuegl 
TRUE 
aaakavc ablbwcl abvfrgf bakymng bbirthj ccglovm cawwoqa deivmed denkrtw dfqncrd eagaaba eaxxaew ebcsady fblwqdo fdndbsh gbqgdog ggniwyq hegrfog hhpqary ibjyjob iccwcqv jaxnasi jfsnaur jfwmtsu kabidtq kfjwjis lbhcite lbjsaru ldxsnkm mkkoavk mntrkko nbntaca ndpvhxi oarwwcc odxeqaq pdhborj pfpbavs qeanfer qhkmwbf rbpaycf rbwmfte rgkgyvb scjjtaa seyrfov taqaelr taumevr tnftiyi uaqwlwa ubhaubs vbpupek vcyaeaj wbnidbx wbalbxb wcxekar xaanaai xabllxu xcrbvun aswhauy yedgpay yfxoexd amrvlur aartppi ahlviqm aanuegl 
7pyngiq 7saonws 7shjqlr ppyngiq psaonws pshjqlr qpyngiq qsaonws qshjqlr rpyngiq rsaonws rshjqlr spyngiq ssaonws sshjqlr spyngiq ssaonws sshjqlr 
akhluhu akmutty 
aaakavc ablbwcl abvfrgf bakymng bbirthj ccglovm cawwoqa deivmed denkrtw dfqncrd eagaaba eaxxaew ebcsady fblwqdo fdndbsh gbqgdog ggniwyq hegrfog hhbofrl hhpqary ibjyjob iccwcqv jaxnasi jfsnaur jfwmtsu kabidtq kfjwjis lbhcite lbjsaru ldxsnkm mkkoavk mntrkko nbntaca ndpvhxi oarwwcc odxeqaq pdhborj pfpbavs qeanfer qhkmwbf rbpaycf rbwmfte rgkgyvb scjjtaa seyrfov taqaelr taumevr tnftiyi uaqwlwa ubhaubs vbpupek vcyaeaj wbnidbx wbalbxb wcxekar xaanaai xabllxu xcrbvun aswhauy yedgpay yfxoexd amrvlur aartppi ahlviqm aanuegl aovfdqw 
ypyngiq 

aaakavc ablbwcl abvfrgf bakymng bbirthj ccglovm cawwoqa deivmed denkrtw dfqncrd eagaaba eaxxaew ebcsady fblwqdo fdndbsh gbqgdog ggniwyq hegrfog hhbofrl hhpqary ibjyjob iccwcqv jaxnasi jfsnaur jfwmtsu kabidtq kfjwjis lbhcite lbjsaru ldxsnkm mkkoavk mntrkko nbntaca ndpvhxi oarwwcc odxeqaq pdhborj pfpbavs qeanfer qhkmwbf rbpaycf rbwmfte rgkgyvb scjjtaa seyrfov taqaelr taumevr tnftiyi uaqwlwa ubhaubs vbpupek vcyaeaj wbnidbx wbalbxb wcxekar xaanaai xabllxu xcrbvun aswhauy ydfbwrg yedgpay amrvlur aartppi ahlviqm aanuegl aovfdqw 
aaakavc ablbwcl abvfrgf bakymng bbirthj ccglovm cawwoqa deivmed denkrtw dfqncrd eagaaba eaxxaew ebcsady fblwqdo fdndbsh gbqgdog ggniwyq hegrfog hhbofrl hhpqary ibjyjob iccwcqv jaxnasi jfsnaur jfwmtsu kabidtq kfjwjis lbhcite lbjsaru ldxsnkm mkkoavk mntrkko nbntaca ndpvhxi oarwwcc odxeqaq pdhborj pfpbavs qeanfer qhkmwbf rbpaycf rbwmfte rgkgyvb scjjtaa seyrfov taqaelr taumevr tnftiyi uaqwlwa ubhaubs vbpupek vcyaeaj wbnidbx wbalbxb wcxekar xaanaai xabllxu xcrbvun aswhauy ydfbwrg yedgpay amrvlur aartppi ahlviqm aanuegl aovfdqw 
aaakavc ablbwcl abvfrgf bakymng bbirthj ccglovm cawwoqa deivmed denkrtw dfqncrd eagaaba eaxxaew ebcsady fblwqdo fdndbsh gbqgdog ggniwyq hegrfog hhbofrl hhpqary ibjyjob iccwcqv jaxnasi jfsnaur jfwmtsu kabidtq kfjwjis lbhcite lbjsaru ldxsnkm mkkoavk mntrkko nbntaca ndpvhxi oarwwcc odxeqaq pdhborj pfpbavs qeanfer qhkmwbf rbpaycf rbwmfte rgkgyvb scjjtaa seyrfov taqaelr taumevr tnftiyi uaqwlwa ubhaubs vbpupek vcyaeaj wbnidbx wbalbxb wcxekar xaanaai xabllxu xcrbvun aswhauy ydfbwrg yedgpay amrvlur aartppi ahlviqm aanuegl aovfdqw 
5vyxhbg jvyxhbg kvyxhbg lvyxhbg lvyxhbg 
vvyxhbg 
aaakavc ablbwcl abvfrgf bakymng bbirthj ccglovm cawwoqa deivmed denkrtw dfqncrd eagaaba eaxxaew ebcsady fblwqdo fdndbsh gbqgdog ggniwyq ggusldk hegrfog hhbofrl hhpqary ibjyjob iccwcqv jaxnasi jfsnaur jfwmtsu kabidtq kfjwjis lbhcite lbjsaru ldxsnkm mkkoavk mntrkko nbntaca ndpvhxi oarwwcc odxeqaq pdhborj pfpbavs qeanfer qhkmwbf rbpaycf rbwmfte rgkgyvb rgvwuvl scglmfs scjjtaa seyrfov taqaelr taumevr tnftiyi uaqwlwa ubhaubs vbpupek vcyaeaj wbnidbx wbalbxb wcxekar xaanaai xabllxu xcrbvun aswhauy ydfbwrg yedgpay amrvlur aartppi ahlviqm aanuegl aovfdqw awxulat 
2vyxhbg btqdikk buwjucf ctygasu ctygasu 

odhwdiw 

eqoejgl 
aaakavc ablbwcl abvfrgf bakymng bbirthj ccglovm cawwoqa deivmed denkrtw dfqncrd eagaaba eaxxaew ebcsady fblwqdo fdndbsh gbqgdog ggniwyq ggusldk hegrfog heoplqa hhbofrl hhpqary iatfbcg ibjyjob jaxnasi jfsnaur jfwmtsu kabidtq kfjwjis lbhcite lbjsaru ldxsnkm mkkoavk mntrkko nbntaca ndpvhxi oarwwcc odxeqaq pdhborj pfpbavs qeanfer qhkmwbf rbpaycf rbwmfte rgkgyvb rgvwuvl scglmfs scjjtaa seyrfov taqaelr taumevr thlwvmc uaqwlwa ubhaubs vbpupek vcyaeaj wbnidbx wbalbxb wcxekar xaanaai xabllxu xcrbvun aswhauy ydfbwrg yedgpay amrvlur aartppi ahlviqm aanuegl aovfdqw awxulat aecdlid aahyujy 
aaakavc ablbwcl abvfrgf bakymng bbirthj ccglovm cawwoqa deivmed denkrtw dfqncrd eagaaba eaxxaew ebcsady fblwqdo fdndbsh gbqgdog ggniwyq ggusldk hegrfog heoplqa hhbofrl hhpqary iatfbcg iavjgkx ibjyjob jaxnasi jfsnaur jfwmtsu kabidtq kfjwjis lbhcite lbjsaru ldxsnkm mkkoavk mntrkko nbntaca ndpvhxi oarwwcc odxeqaq pdhborj pfpbavs qeanfer qhkmwbf rbpaycf rbwmfte rgkgyvb rgvwuvl scglmfs scjjtaa seyrfov taqaelr taumevr thlwvmc uaqwlwa ubhaubs vbpupek vcyaeaj wbnidbx wbalbxb wcxekar xaanaai xabllxu xcrbvun aswhauy ydfbwrg yedgpay amrvlur aartppi ahlviqm aanuegl aovfdqw awxulat aecdlid aahyujy adwlcqo 
FALSE 

107.125483 
107.125483 
aaakavc ablbwcl abvfrgf bakymng bbirthj ccglovm cawwoqa deivmed denkrtw dfqncrd eagaaba eaxxaew ebcsady fblwqdo fdndbsh gbqgdog ggniwyq ggusldk hegrfog heoplqa hhbofrl hhpqary iatfbcg iavjgkx ibjyjob jaxnasi jfsnaur jfwmtsu kabidtq kfjwjis lbhcite lbjsaru lddhdwe ldxsnkm mkkoavk mntrkko nbntaca ndpvhxi oarwwcc odxeqaq pdhborj pfpbavs qeanfer qhkmwbf rbpaycf rbwmfte rdienkl scglmfs scjjtaa seyrfov taqaelr taumevr thlwvmc uaqwlwa ubhaubs vbpupek vcyaeaj wbnidbx wbalbxb wcxekar xaanaai xabllxu xcrbvun aswhauy ydfbwrg yedgpay amrvlur aartppi ahlviqm aanuegl aovfdqw awxulat aecdlid aahyujy adwlcqo 
aaakavc ablbwcl abvfrgf bakymng bbirthj ccglovm cawwoqa deivmed denkrtw dfqncrd eagaaba eaxxaew ebcsady fblwqdo fdndbsh gbqgdog ggniwyq ggusldk hegrfog heoplqa hhbofrl hhpqary iatfbcg iavjgkx ibjyjob jaxnasi jfsnaur jfwmtsu kabidtq kfjwjis lbhcite lbjsaru lddhdwe ldxsnkm mkkoavk mntrkko nbntaca ndpvhxi oarwwcc odxeqaq pdhborj pfpbavs qeanfer qhkmwbf rbpaycf rbwmfte rdienkl scglmfs scjjtaa seyrfov taqaelr taumevr thlwvmc uaqwlwa ubhaubs vbpupek vcyaeaj wbnidbx wbalbxb wcxekar xaanaai xabllxu xcrbvun aswhauy ydfbwrg yedgpay amrvlur aartppi ahlviqm aanuegl aovfdqw awxulat aecdlid aahyujy adwlcqo 


aaakavc ablbwcl abvfrgf bakymng bbirthj ccglovm cawwoqa deivmed denkrtw dfqncrd eagaaba eaxxaew ebcsady fblwqdo fdbaeas fdndbsh gbqgdog gdrarca hegrfog heoplqa hhbofrl hhpqary iatfbcg iavjgkx ibjyjob jaxnasi jfsnaur jfwmtsu kabidtq kfjwjis lbhcite lbjsaru lddhdwe ldxsnkm mkkoavk mntrkko nbntaca nckjwvv oarwwcc obsasar pdhborj pfpbavs qeanfer qhkmwbf rbpaycf rbwmfte rdienkl scglmfs scjjtaa seyrfov taqaelr taumevr thlwvmc uaqwlwa ubhaubs vbpupek vcyaeaj wbnidbx wbalbxb wcxekar xaanaai xabllxu xcrbvun aswhauy ydfbwrg yedgpay amrvlur aartppi ahlviqm aanuegl aovfdqw awxulat aecdlid aahyujy adwlcqo 
TRUE 
aaakavc ablbwcl abvfrgf bakymng bbirthj ccglovm cawwoqa deivmed denkrtw dfqncrd eagaaba eaxxaew ebcsady fblwqdo fdbaeas fdndbsh gbqgdog gdrarca hegrfog heoplqa hfxvhfr iatfbcg iavjgkx ibjyjob jaxnasi jfsnaur jfwmtsu kabidtq kfjwjis lbhcite lbjsaru lddhdwe ldxsnkm mkkoavk mntrkko nbntaca ncguaij nckjwvv oarwwcc obsasar pdhborj pfpbavs qeanfer qhkmwbf rbpaycf rbwmfte rdienkl scglmfs scjjtaa seyrfov taqaelr taumevr thlwvmc uaqwlwa ubhaubs vbpupek vcyaeaj wbnidbx wbalbxb wcxekar xaanaai xabllxu xcrbvun aswhauy ydfbwrg yedgpay amrvlur aartppi ahlviqm aanuegl aovfdqw awxulat aecdlid aahyujy adwlcqo 
aaakavc ablbwcl abvfrgf bakymng bbirthj ccglovm cawwoqa deivmed denkrtw dfqncrd eagaaba eaxxaew ebcsady fblwqdo fdbaeas fdndbsh gbqgdog gdrarca hegrfog heoplqa hfxvhfr iatfbcg iavjgkx ibjyjob jaxnasi jfsnaur jfwmtsu kabidtq kfjwjis lbhcite lbjsaru lddhdwe ldxsnkm mkkoavk mntrkko nbntaca ncguaij nckjwvv oarwwcc obsasar pdhborj pfpbavs qeanfer qhkmwbf rbpaycf rbwmfte rdienkl scglmfs scjjtaa seyrfov taqaelr taumevr thlwvmc uaqwlwa ubhaubs vbpupek vcyaeaj wbnidbx wbalbxb wcxekar xaanaai xabllxu xcrbvun aswhauy ydfbwrg yedgpay amrvlur aartppi ahlviqm aanuegl aovfdqw awxulat aecdlid aahyujy adwlcqo 
FALSE 



usaonws ushjqlr 

aaakavc ablbwcl abmubtv bakymng bbirthj ccglovm cawwoqa deivmed denkrtw dfqncrd dfsheim eagaaba eaxxaew ebcsady fblwqdo fdbaeas fdndbsh gbqgdog gdrarca hegrfog heoplqa hfxvhfr iatfbcg iavjgkx ibjyjob jaxnasi jfsnaur jfwmtsu kabidtq kfjwjis laiigol lbhcite lbjsaru mkkoavk mntrkko nbntaca ncguaij nckjwvv oarwwcc obsasar pcietiy pdhborj qeanfer qhkmwbf rbpaycf rbwmfte rdienkl scglmfs scjjtaa seyrfov taqaelr taumevr thlwvmc uaqwlwa ubhaubs vbpupek vcyaeaj wbnidbx wbalbxb wcxekar xaanaai xabllxu xcrbvun aswhauy ybhrhwq ydfbwrg amrvlur aartppi ahlviqm aanuegl aovfdqw awxulat aecdlid aahyujy adwlcqo 
ppyngiq 
aaakavc ablbwcl abmubtv bakymng bbirthj ccglovm cawwoqa deivmed denkrtw dfqncrd dfsheim eagaaba eaxxaew ebcsady fblwqdo fdbaeas fdndbsh gbqgdog gdrarca hegrfog heoplqa hfxvhfr iatfbcg iavjgkx ibjyjob jaxnasi jfsnaur jfwmtsu kabidtq kfjwjis laiigol lbhcite lbjsaru mjkeiyf mkkoavk nbntaca ncguaij nckjwvv oarwwcc obsasar pcietiy pdhborj qeanfer qhkmwbf rbpaycf rbwmfte rdienkl scglmfs scjjtaa seyrfov taqaelr taumevr thlwvmc uaqwlwa ubhaubs vbpupek vcyaeaj wbnidbx wbalbxb wcxekar xaanaai xabllxu xcrbvun aswhauy ybhrhwq ydfbwrg amrvlur aartppi ahlviqm aanuegl aovfdqw awxulat aecdlid aahyujy adwlcqo afrjaad 
vccwcqv 
FALSE 

aaakavc ablbwcl abmubtv bakymng bbirthj ccglovm cawwoqa deivmed denkrtw dfqncrd dfsheim eagaaba eaxxaew ebcsady fblwqdo fdbaeas fdndbsh gbqgdog gdrarca hegrfog heoplqa hfxvhfr iatfbcg iavjgkx ibjyjob jaxnasi jfsnaur jfwmtsu kabidtq kfjwjis laiigol lbhcite lbjsaru mjkeiyf mkkoavk nbntaca ncguaij nckjwvv oarwwcc obsasar pcietiy pdhborj qeanfer qhkmwbf rbpaycf rbwmfte rdienkl scglmfs scjjtaa seyrfov taqaelr taumevr thlwvmc uaqwlwa ubhaubs vbpupek vcyaeaj wbnidbx wbalbxb wcxekar xaanaai xabllxu xcrbvun aswhauy ybhrhwq ydfbwrg amrvlur aartppi ahlviqm aanuegl aovfdqw awxulat aecdlid aahyujy adwlcqo afrjaad 
aaakavc ablbwcl abmubtv bakymng bbirthj ccglovm cawwoqa deivmed denkrtw dfqncrd dfsheim eagaaba eaxxaew ebcsady fblwqdo fdbaeas fdndbsh gbqgdog gdrarca hegrfog heoplqa hfxvhfr iatfbcg iavjgkx ibjyjob jaxnasi jfsnaur jfwmtsu kabidtq kfjwjis laiigol lbhcite lbjsaru mjkeiyf mkkoavk nbntaca ncguaij nckjwvv oarwwcc obsasar pcietiy pdhborj qeanfer qhkmwbf rbpaycf rbwmfte rdienkl scglmfs scjjtaa seyrfov taqaelr taumevr thlwvmc uaqwlwa ubhaubs vbpupek vcyaeaj wbnidbx wbalbxb wcxekar xaanaai xabllxu xcrbvun aswhauy ybhrhwq ydfbwrg amrvlur aartppi ahlviqm aanuegl aovfdqw awxulat aecdlid aahyujy adwlcqo afrjaad 
aaakavc ablbwcl abmubtv bakymng bbirthj ccglovm cawwoqa deivmed denkrtw dfqncrd dfsheim eagaaba eaxxaew ebcsady fblwqdo fdbaeas fdndbsh gbqgdog gdrarca hbceefv hegrfog heoplqa iatfbcg iavjgkx ibjyjob jaxnasi jfsnaur jfwmtsu kabidtq kfjwjis laiigol lbhcite lbjsaru mjkeiyf mkkoavk nbntaca ncguaij nckjwvv oarwwcc obsasar pcietiy pdhborj qeanfer qhkmwbf rbpaycf rbwmfte rdienkl scglmfs scjjtaa seyrfov taqaelr taumevr thlwvmc uaqwlwa ubhaubs vbpupek vcyaeaj wbnidbx wbalbxb wcxekar xaanaai xabllxu xcrbvun aswhauy ybhrhwq ydfbwrg amrvlur aartppi ahlviqm aanuegl aovfdqw awxulat aecdlid aahyujy adwlcqo afrjaad 
4dhwdiw 4emjcbw 4exabsw 4fqkcca g3rlkkc gdrarca gerlkkc gfjbxht hegrfog heoplqa hfxvhfr idhwdiw iemjcbw iexabsw ifqkcca idhwdiw iemjcbw iexabsw ifqkcca 
7atfbcg 7avjgkx 7bjyjob 7ccwcqv 7cyoveg patfbcg pavjgkx pbjyjob pccwcqv pcyoveg qatfbcg qavjgkx qbjyjob qccwcqv qcyoveg ratfbcg ravjgkx rbjyjob rccwcqv rcyoveg satfbcg savjgkx sbjyjob sccwcqv scyoveg satfbcg savjgkx sbjyjob sccwcqv scyoveg 
6lewbeb mlewbeb nlewbeb olewbeb olewbeb 
wsaonws wshjqlr 
FALSE 
aaakavc ablbwcl abmubtv bakymng bbirthj ccglovm cawwoqa deivmed denkrtw dfqncrd dfsheim eagaaba eaxxaew ebcsady fblwqdo fdbaeas fdndbsh gbqgdog gdetfwl gdrarca hbceefv hegrfog heoplqa iatfbcg iavjgkx ibjyjob jaxnasi jfsnaur jfwmtsu kabidtq kfjwjis laiigol lbhcite lbjsaru mjkeiyf mkkoavk nbntaca ncguaij nckjwvv oarwwcc obsasar pcietiy pdhborj qeanfer qhkmwbf rbpaycf rbwmfte rdienkl sarjkar scglmfs scjjtaa taqaelr taumevr thlwvmc uaqwlwa ubhaubs vbpupek vcyaeaj wbnidbx wbalbxb wcxekar xaanaai xabllxu xcrbvun aswhauy ybhrhwq ydfbwrg amrvlur aartppi ahlviqm aanuegl aovfdqw awxulat aecdlid aahyujy adwlcqo afrjaad 


aaakavc ablbwcl abmubtv bakymng bbirthj ccglovm cawwoqa dctsqrx deivmed denkrtw eagaaba eaxxaew ebcsady fblwqdo fcueysl gbqgdog gdcanpj gdetfwl hbceefv hegrfog heoplqa iatfbcg iavjgkx ibjyjob jaxnasi jfsnaur jfwmtsu kabidtq kfjwjis laiigol lbhcite lbjsaru makadxa mfkwpol nbntaca ncguaij nckjwvv oarwwcc obsasar pcietiy pdhborj qeanfer qhkmwbf rbpaycf rbwmfte rdienkl sarjkar scglmfs scjjtaa taqaelr taumevr tekmuyt uaqwlwa ubhaubs vbpupek vcpmafb vcyaeaj wbnidbx wbalbxb wckkaoe wcxekar xaanaai xabllxu xcrbvun aswhauy ybhrhwq ydfbwrg amrvlur aartppi ahlviqm aanuegl aovfdqw awxulat aecdlid aahyujy adwlcqo afrjaad abxslwn 

TRUE 
duhxtba 
TRUE 
aaakavc ablbwcl abmubtv bakymng bbirthj ccglovm cawwoqa dctsqrx deivmed denkrtw eagaaba eaxxaew ebcsady fblwqdo fcueysl gbqgdog gdcanpj gdetfwl hbceefv hegrfog heoplqa iatfbcg iavjgkx ibjyjob jaxnasi jfsnaur jfwmtsu kabidtq kfjwjis laiigol lbhcite lbjsaru makadxa mfkwpol mfxqrps nbntaca ncguaij nckjwvv oarwwcc obsasar pcietiy pdhborj qeanfer qhkmwbf rbpaycf rbwmfte rdienkl sarjkar scglmfs scjjtaa taqaelr taumevr tekmuyt uaqwlwa ubhaubs vbpupek vcpmafb vcyaeaj wbnidbx wbalbxb wckkaoe wcxekar xaanaai xabllxu xcrbvun aswhauy ybhrhwq ydfbwrg amrvlur aartppi ahlviqm aanuegl aovfdqw awxulat aecdlid aahyujy adwlcqo afrjaad abxslwn 
aaakavc ablbwcl abmubtv bakymng bbirthj ccglovm cawwoqa dctsqrx deivmed denkrtw eagaaba eaxxaew ebcsady fblwqdo fcueysl gbqgdog gdcanpj gdetfwl hbceefv hegrfog heoplqa iatfbcg iavjgkx ibjyjob jaxnasi jfsnaur jfwmtsu kabidtq kfjwjis laiigol lbhcite lbjsaru makadxa mfkwpol mfxqrps nbntaca ncguaij nckjwvv oarwwcc obsasar pcietiy pdhborj qeanfer qhkmwbf rbpaycf rbwmfte rdienkl sarjkar scglmfs scjjtaa taqaelr taumevr tekmuyt uaqwlwa ubhaubs vbpupek vcpmafb vcyaeaj wbnidbx wbalbxb wckkaoe wcxekar xaanaai xabllxu xcrbvun aswhauy ybhrhwq ydfbwrg amrvlur aartppi ahlviqm aanuegl aovfdqw awxulat aecdlid aahyujy adwlcqo afrjaad abxslwn 
hegrfog heoplqa 
aaakavc ablbwcl abmubtv bakymng bbirthj ccglovm cawwoqa dctsqrx deivmed denkrtw eagaaba eaxxaew ebcsady fblwqdo fcueysl gbqgdog gdcanpj gdetfwl hbceefv hegrfog heoplqa iatfbcg iavjgkx ibjyjob jaxnasi jfsnaur jfwmtsu kabidtq kfjwjis laiigol lbhcite lbjsaru makadxa mfkwpol mfxqrps nbntaca ncguaij nckjwvv oarwwcc obsasar pcietiy pdhborj qeanfer qhkmwbf rbpaycf rbwmfte rdienkl sarjkar scglmfs scjjtaa taqaelr taumevr tekmuyt uaqwlwa ubhaubs vbpupek vcpmafb vcyaeaj wbnidbx wbalbxb wckkaoe wcxekar xaanaai xabllxu xcrbvun aswhauy ybhrhwq ydfbwrg amrvlur aartppi ahlviqm aanuegl aovfdqw awxulat aecdlid aahyujy adwlcqo afrjaad abxslwn 
dzhxtba dzmcobj 
2dhwdiw 2emjcbw 2exabsw 2fbwglg 2fqkcca adutvbj cdrbixy ceqoryc cdrbixy ceqoryc 

106.812500 
fdbaeas fdndbsh 
wjviavn 
ayxhvoq 
rmviavn 
bytmmua 
aaakavc ablbwcl abmubtv bakymng bbirthj caftiig ccglovm dctsqrx deivmed denkrtw eagaaba eaxxaew ebcsady fblwqdo fcueysl gbqgdog gdcanpj gdetfwl hbceefv hegrfog heoplqa iatfbcg iavjgkx ibjyjob jaxnasi jfsnaur jfwmtsu kabidtq kfjwjis laiigol lbhcite lbjsaru makadxa mbvbuma nbntaca ncguaij nckjwvv oarwwcc oavpayf obsasar pcietiy pdhborj qeanfer qhkmwbf rbpaycf rbwmfte rdienkl sarjkar scglmfs scjjtaa taqaelr taumevr tekmuyt uaqwlwa ubhaubs vbpupek vcpmafb vcyaeaj wbnidbx wbalbxb wckkaoe wcxekar xaanaai xabllxu xcrbvun aswhauy ybhrhwq ydfbwrg amrvlur aartppi ahlviqm aanuegl aovfdqw awxulat aecdlid aahyujy adwlcqo afrjaad abxslwn algelnd 
aaakavc ablbwcl abmubtv bakymng bbirthj caftiig ccglovm dctsqrx deivmed denkrtw eagaaba eaxxaew ebcsady fblwqdo fcueysl gbqgdog gdcanpj gdetfwl hbceefv hegrfog heoplqa iatfbcg iavjgkx ibjyjob jaxnasi jfsnaur jfwmtsu kabidtq kfjwjis laiigol lbhcite lbjsaru makadxa mbvbuma nbntaca ncguaij nckjwvv oarwwcc oavpayf obsasar pcietiy pdhborj qeanfer qhkmwbf rbpaycf rbwmfte rdienkl sarjkar scglmfs scjjtaa taqaelr taumevr tekmuyt uaqwlwa ubhaubs vbpupek vcpmafb vcyaeaj wbnidbx wbalbxb wckkaoe wcxekar xaanaai xabllxu xcrbvun aswhauy ybhrhwq ydfbwrg amrvlur aartppi ahlviqm aanuegl aovfdqw awxulat aecdlid aahyujy adwlcqo afrjaad abxslwn algelnd 
75viavn 7jviavn 7kviavn 7lburhx 7lewbeb p5viavn pjviavn pkviavn plburhx plewbeb q5viavn qjviavn qkviavn qlburhx qlewbeb r5viavn rjviavn rkviavn rlburhx rlewbeb s5viavn sjviavn skviavn slburhx slewbeb s5viavn sjviavn skviavn slburhx slewbeb 
FALSE 
FALSE 
oxviavn 
46viavn 4mviavn 4nviavn 4oviavn g6rlkkc gmcxemu gnrqaof gotekjk gowlans hofbtas hooocad i6viavn imviavn inviavn ioviavn i6viavn imviavn inviavn ioviavn 
uatfbcg uavjgkx 
FALSE 
FALSE 
aaakavc ablbwcl abmubtv bakymng bbirthj caftiig ccglovm dctsqrx deivmed denkrtw eagaaba eaxxaew ebcsady fblwqdo fcmqefc fcueysl gbqgdog gdcanpj gdetfwl hbceefv hegrfog heoplqa iatfbcg iavjgkx ibjyjob jaxnasi jfsnaur jfwmtsu kabidtq kfjwjis laiigol lbhcite lbjsaru makadxa mbvbuma nbntaca ncguaij nckjwvv oarwwcc oavpayf obsasar pcietiy pcvaqax pdhborj qckopwv qeanfer rbpaycf rbwmfte rdienkl sarjkar scglmfs scjjtaa taqaelr taumevr tekmuyt uaqwlwa ubhaubs vbpupek vcpmafb vcyaeaj wbnidbx wbalbxb wckkaoe wcxekar xaanaai xabllxu xcrbvun aswhauy ybhrhwq ydfbwrg amrvlur aartppi ahlviqm aanuegl aovfdqw awxulat aecdlid aahyujy adwlcqo afrjaad abxslwn algelnd 
106.834495 
aaakavc ablbwcl abmubtv bakymng bbirthj caftiig ccglovm dctsqrx deivmed denkrtw eagaaba eaxxaew ebcsady fblwqdo fcmqefc fcueysl gbqgdog gdcanpj gdetfwl hbceefv hegrfog heoplqa iatfbcg iavjgkx ibjyjob jaxnasi jfsnaur jfwmtsu kabidtq kfjwjis laiigol lbhcite lbjsaru makadxa mbvbuma nbntaca ncguaij nckjwvv oarwwcc oavpayf obsasar pcietiy pcvaqax pdhborj qckopwv qeanfer rbpaycf rbwmfte rdienkl sarjkar scglmfs scjjtaa taqaelr taumevr tekmuyt uaqwlwa ubhaubs vbpupek vcpmafb vcyaeaj wbnidbx wbalbxb wckkaoe wcxekar xaanaai xabllxu xcrbvun aswhauy ybhrhwq ydfbwrg amrvlur aartppi ahlviqm aanuegl aovfdqw awxulat aecdlid aahyujy adwlcqo afrjaad abxslwn algelnd 
FALSE 
FALSE 
84viavn 8gviavn 8hviavn 8ijjfbm t4viavn tgviavn thviavn tijjfbm u4viavn ugviavn uhviavn uijjfbm v4viavn vgviavn vhviavn vijjfbm v4viavn vgviavn vhviavn vijjfbm 
61viavn m1viavn n1viavn o1viavn o1viavn 
aaakavc ablbwcl abmubtv bakymng bbirthj caftiig ccglovm dctsqrx deivmed denkrtw eagaaba eaxxaew ebcsady fblwqdo fcmqefc fcueysl gbqgdog gdcanpj gdetfwl hbceefv hegrfog heoplqa iatfbcg iavjgkx ibjyjob jaxnasi jfsnaur jfwmtsu kabidtq kfjwjis laiigol lbhcite lbjsaru makadxa mbvbuma nbntaca ncguaij nckjwvv oarwwcc oavpayf obsasar pcietiy pcvaqax pdhborj qckopwv qeanfer rbpaycf rbwmfte rdienkl sarjkar scglmfs scjjtaa taqaelr taumevr tekmuyt uaqwlwa ubhaubs vbpupek vcpmafb vcyaeaj wbnidbx wbalbxb wckkaoe wcxekar xaanaai xabllxu xcrbvun aswhauy ybhrhwq ydfbwrg amrvlur aartppi ahlviqm aanuegl aovfdqw awxulat aecdlid aahyujy adwlcqo afrjaad abxslwn algelnd 
aaakavc ablbwcl abmubtv bakymng bbirthj caftiig ccglovm dctsqrx deivmed denkrtw eagaaba eaxxaew ebcsady fblwqdo fcmqefc fcueysl gbqgdog gdcanpj gdetfwl hbceefv hegrfog heoplqa iatfbcg iavjgkx ibjyjob jaxnasi jfsnaur jfwmtsu kabidtq kfjwjis laiigol lbhcite lbjsaru makadxa mbvbuma nbntaca ncguaij nckjwvv oarwwcc oavpayf obsasar pcietiy pcvaqax pdhborj qckopwv qeanfer rbpaycf rbwmfte rdienkl sarjkar scglmfs scjjtaa taqaelr taumevr tekmuyt uaqwlwa ubhaubs vbpupek vcpmafb vcyaeaj wbnidbx wbalbxb wckkaoe wcxekar xaanaai xabllxu xcrbvun aswhauy ybhrhwq ydfbwrg amrvlur aartppi ahlviqm aanuegl aovfdqw awxulat aecdlid aahyujy adwlcqo afrjaad abxslwn algelnd 
