
bjaevqd 
108.128571 
bjaevqd bypreku cxnnixt euuljak jeihnoa kficwxj nqjvbcu tckdrjx tklafsf yfkopft 

FALSE 
FALSE 
bgfohqn bjaevqd cxnnixt euuljak gkqtyhf hhwgrka iatawht jeihnoa kficwxj ljqpaxk mnauahu nqjvbcu tckdrjx tklafsf yfkopft 
FALSE 
bgfohqn bjaevqd cxnnixt encymsb espmkwu gkqtyhf hhwgrka hsbhovd iatawht iyxuagf jeihnoa kficwxj ljqpaxk milnmxg mnauahu nqjvbcu pkdqnfd pyyxbkr scrroft sylbcuy tckdrjx tcougtw tklafsf uvpglwb wgjjmas yfkopft yfksvdb 



FALSE 

bgfohqn bjaevqd cxnnixt encymsb epowmjc fxkdafc gkqtyhf hhwgrka hsbhovd iatawht imepaln jeihnoa kficwxj lcmrqjb lcohteq ljqpaxk milnmxg mnauahu nhorsbn nqjvbcu pkdqnfd pyyxbkr qpadliv scrroft sylbcuy tckdrjx tcougtw tklafsf uvpglwb vbfhlao wgjjmas yfkopft yfksvdb yhaaejc 
bgfohqn bjaevqd cxnnixt encymsb epowmjc fxkdafc gkqtyhf hhwgrka hsbhovd iatawht imepaln jeihnoa kficwxj kjiyrpl lcmrqjb lcohteq ljqpaxk milnmxg mnauahu nhorsbn nqjvbcu pkdqnfd pyyxbkr qpadliv scrroft sylbcuy tckdrjx tcougtw tklafsf uvpglwb vbfhlao wgjjmas yfkopft yfksvdb yhaaejc 
ayogtnk bgfohqn bjaevqd cxnnixt encymsb epowmjc fxkdafc gkqtyhf hhwgrka hsbhovd iatawht imepaln jeihnoa kficwxj kjiyrpl lcmrqjb lcohteq ljqpaxk milnmxg mnauahu nhorsbn nqjvbcu pkdqnfd pyyxbkr qpadliv scrroft sylbcuy tckdrjx tcougtw tklafsf uvpglwb vbfhlao wgjjmas yfkopft yfksvdb yhaaejc 

ayogtnk bgfohqn bjaevqd clcsmhf cxnnixt encymsb epowmjc fnxvapk fxkdafc gkqtyhf hhwgrka hsbhovd iatawht imepaln jeihnoa kficwxj kjiyrpl lcmrqjb lcohteq ljqpaxk milnmxg mnauahu nhorsbn nqjvbcu pjmsbix pkdqnfd qpadliv ruiowrm scrroft sylbcuy tckdrjx tcougtw tklafsf uvpglwb vbfhlao wgjjmas yfkopft yfksvdb yhaaejc apvjctk 
ayogtnk bgfohqn bjaevqd clcsmhf cxnnixt encymsb epowmjc fnxvapk fxkdafc gkqtyhf hhwgrka hsbhovd iatawht imepaln jeihnoa kficwxj kjiyrpl lcmrqjb lcohteq ljqpaxk milnmxg mnauahu nhorsbn nqjvbcu pjmsbix pkdqnfd qpadliv ruiowrm scrroft sylbcuy tckdrjx tcougtw tkdlswe tklafsf uvpglwb vbfhlao wgjjmas yfkopft yfksvdb yhaaejc apvjctk 




FALSE 

FALSE 
FALSE 
aceveab aocyfkg bgfohqn bjaevqd clcsmhf cxnnixt dnkkqpp eaygetp encymsb fnxvapk fsvaatq gbunnly gkqtyhf harbbav hdlpfvh iatawht ihjhuyd jeihnoa juaaygt kficwxj kiegata lcmrqjb lcohteq ljqpaxk mavdvai milnmxg nfdjugg nhorsbn ofbrjmk ovdadph pjmsbix pkdqnfd qpadliv ruiowrm scrroft smpedvq tckdrjx tcougtw tkdlswe tklafsf uvpglwb vbfhlao vgexrba wgjjmas wnajywu yfkopft yfksvdb ygbkitq apvjctk 


aceveab akbbtvo bgfohqn bjaevqd clcsmhf cxnnixt dnkkqpp eaygetp encymsb fnxvapk fsvaatq gbunnly gkqtyhf harbbav hdlpfvh iatawht ihjhuyd jeihnoa juaaygt kficwxj kiegata lcmrqjb lcohteq ljqpaxk mavdvai milnmxg nfdjugg nhorsbn ofbrjmk ovdadph pjmsbix pkdqnfd qpadliv rjfrxsb ruiowrm scrroft smpedvq tckdrjx tcougtw tkdlswe tklafsf uvpglwb vbfhlao vgexrba wgjjmas wnajywu yfkopft yfksvdb ygbkitq apvjctk 

FALSE 



1snfsoj 1snfsoj 

aceveab akbbtvo bgfohqn bjaevqd clcsmhf clspmbs cxnnixt dnkkqpp eaygetp encymsb fgsuuuq fnxvapk gbunnly gkqtyhf harbbav hdlpfvh iatawht ihjhuyd jeihnoa juaaygt kficwxj kiegata lcmrqjb lcohteq ljqpaxk mavdvai milnmxg nfdjugg nhorsbn ofbrjmk ovdadph pjmsbix pkdqnfd qpadliv rjfrxsb ruiowrm sbswvbk scrroft tckdrjx tcougtw thjnpgu uvpglwb uyfaiya vbfhlao vgexrba wgjjmas wnajywu yfkopft yfksvdb ygbkitq apvjctk 


108.000000 
108.000000 
FALSE 
aceveab aieqaxy bgfohqn bjaevqd clcsmhf clspmbs cxnnixt dnkkqpp eaygetp encymsb fgsuuuq fnxvapk gbunnly gkqtyhf harbbav hdhsamm hdlpfvh iatawht ihjhuyd jeihnoa juaaygt kbtweri kficwxj lcmrqjb lcohteq ljqpaxk mavdvai milnmxg nfdjugg nhorsbn ofbrjmk ovdadph pjmsbix pkdqnfd qpadliv rjfrxsb ruiowrm sbswvbk scrroft tckdrjx tcougtw thjnpgu ugvtght uvpglwb vbfhlao vgexrba wgjjmas wnajywu yfkopft yfksvdb ygbkitq apvjctk awkbjcc akqfukk 
aceveab aieqaxy bgfohqn bjaevqd clcsmhf clspmbs cxnnixt dnkkqpp eaygetp encymsb fgsuuuq fnxvapk gbunnly gkqtyhf harbbav hdhsamm hdlpfvh iatawht ihjhuyd jeihnoa juaaygt kbtweri kficwxj lcmrqjb lcohteq ljqpaxk mavdvai milnmxg nfdjugg nhorsbn ofbrjmk ovdadph pjmsbix pkdqnfd qpadliv rjfrxsb ruiowrm sbswvbk scrroft tckdrjx tcougtw thjnpgu ugvtght uvpglwb vbfhlao vgexrba wgjjmas wnajywu yfkopft yfksvdb ygbkitq apvjctk awkbjcc akqfukk 
aceveab aieqaxy bgfohqn bjaevqd clcsmhf clspmbs cxnnixt dnkkqpp eaygetp encymsb fgsuuuq fnxvapk gbunnly gkqtyhf harbbav hdhsamm hdlpfvh iatawht ihjhuyd jeihnoa juaaygt kbtweri kficwxj lcmrqjb lcohteq ljqpaxk mavdvai milnmxg nfdjugg nhorsbn ofbrjmk ovdadph pjmsbix pkdqnfd qpadliv rjfrxsb ruiowrm sbswvbk scrroft tckdrjx tcougtw thjnpgu ugvtght uvpglwb vbfhlao vgexrba wgjjmas wnajywu yfkopft yfksvdb ygbkitq apvjctk awkbjcc akqfukk afaagai 
vieqaxy 
aceveab aieqaxy bcicieh bgfohqn clcsmhf clspmbs cxnnixt dnkkqpp eaygetp encymsb fgsuuuq fnxvapk garvqev gbunnly harbbav hdhsamm hdlpfvh iatawht ihjhuyd jeihnoa jmegaky kbtweri kficwxj lcmrqjb lcohteq ljqpaxk mavdvai milnmxg nfdjugg nhorsbn oaqjjxk ofbrjmk pimdhoe pjmsbix qbjobsk qimyfok rcldkti rjfrxsb sbswvbk scrroft tckdrjx tcougtw thjnpgu ucwyfkq ugvtght vbfhlao vgexrba wgjjmas wnajywu yfkopft yfksvdb ygbkitq apvjctk awkbjcc akqfukk afaagai amgqhke 

107.699248 
2ceveab aceveab bceveab cceveab cceveab 


aceveab aieqaxy bcicieh bgfohqn clcsmhf clspmbs cxnnixt dnkkqpp eaygetp encymsb fgsuuuq fnxvapk garvqev gbunnly harbbav hdhsamm hdlpfvh iatawht ihjhuyd jeihnoa jmegaky kbtweri kficwxj lcmrqjb lcohteq ljqpaxk mavdvai mhnuatx nfdjugg nhorsbn oaqjjxk ofbrjmk pimdhoe pjmsbix qbjobsk qimyfok rcldkti rjfrxsb sbswvbk scrroft tckdrjx tcougtw thjnpgu ucwyfkq ugvtght vbfhlao vgexrba wgjjmas wnajywu yfkopft yfksvdb ygbkitq apvjctk awkbjcc akqfukk afaagai amgqhke 
FALSE 
4snfsoj gsnfsoj hsnfsoj isnfsoj isnfsoj 
aceveab aieqaxy bcicieh bgfohqn clcsmhf clspmbs cxnnixt dnkkqpp eaygetp encymsb fgsuuuq fnxvapk garvqev gbunnly harbbav hdhsamm hdlpfvh iatawht ihjhuyd jeihnoa jmegaky kbtweri kficwxj lcmrqjb lcohteq ljqpaxk mavdvai mhnuatx nfdjugg nhorsbn oaqjjxk ofbrjmk pimdhoe pjmsbix qbbpdlb qbjobsk qfgquod rcldkti rjfrxsb sbswvbk scrroft tckdrjx tcougtw thjnpgu ucwyfkq ugvtght vbfhlao vgexrba wgjjmas wnajywu xrgefpd yfkopft yfksvdb ygbkitq apvjctk awkbjcc akqfukk afaagai amgqhke anvvwqy 
pyogtnk 
FALSE 

9ieqaxy wieqaxy xieqaxy yieqaxy zieqaxy zieqaxy 
oceveab 

3tksqam dtksqam etksqam ftksqam ftksqam 
aceveab aieqaxy bcicieh bgfohqn clcsmhf clspmbs cxnnixt depaixb dimnkqx eaygetp edjlhdc fgsuuuq fnxvapk garvqev gaulapf gbunnly harbbav hdhsamm hdlpfvh iatawht ihjhuyd jeihnoa jmegaky kamxfra kbtweri lcmrqjb lcohteq ldgasiy mavdvai mhnuatx nfdjugg nhorsbn oaqjjxk ofbrjmk pimdhoe pjmsbix qbbpdlb qbjobsk qfgquod rciacxd rcldkti rjfrxsb sbswvbk scrroft tckdrjx tcougtw tgdohat ucwyfkq ugvtght vbfhlao vgexrba wbrympf wgjjmas xrgefpd ydxfxcu yfkopft yfksvdb apvjctk awkbjcc akqfukk afaagai amgqhke anvvwqy ajaklki axsmurg 
aceveab aieqaxy baxnkcj bcicieh clcsmhf clspmbs cxnnixt depaixb dimnkqx eaygetp edjlhdc fgsuuuq fnxvapk garvqev gaulapf gbunnly harbbav hdhsamm hdlpfvh iatawht ihjhuyd jeihnoa jmegaky kamxfra kbtweri lcmrqjb lcohteq ldgasiy mavdvai mhnuatx nfdjugg nhorsbn oaqjjxk ofbrjmk pimdhoe pjmsbix qbbpdlb qbjobsk qfgquod rciacxd rcldkti rjfrxsb sbswvbk scrroft tckdrjx tcougtw tgdohat ucwyfkq ugvtght vbfhlao vgexrba wbrympf wgjjmas xnpoaxj xrgefpd ydxfxcu yfkopft yfksvdb apvjctk awkbjcc akqfukk afaagai amgqhke anvvwqy ajaklki axsmurg 
aceveab aieqaxy baxnkcj bcicieh clcsmhf clspmbs cxnnixt depaixb dimnkqx eaygetp edjlhdc fgsuuuq fnxvapk garvqev gaulapf gbunnly harbbav hdhsamm hdlpfvh iatawht ihjhuyd jeihnoa jmegaky kamxfra kbtweri lcmrqjb lcohteq ldgasiy mavdvai mhnuatx nfdjugg nhorsbn oaqjjxk ofbrjmk pimdhoe pjmsbix qbbpdlb qbjobsk qfgquod rciacxd rcldkti rjfrxsb sbswvbk scrroft tckdrjx tcougtw tgdohat ucwyfkq ugvtght vbfhlao vgexrba wbrympf wgjjmas xnpoaxj xrgefpd ydxfxcu yfkopft yfksvdb apvjctk awkbjcc akqfukk afaagai amgqhke anvvwqy ajaklki axsmurg 


7kbbtvo pkbbtvo qkbbtvo rkbbtvo skbbtvo skbbtvo 

0iaqqjn 0ieqaxy 0iaqqjn 0ieqaxy 
107.407867 

aceveab aiaqqjn aieqaxy baxnkcj bcicieh clcsmhf clspmbs cxnnixt depaixb dimnkqx eaygetp edjlhdc fgsuuuq fnfnvac fnxvapk garvqev gaulapf gbunnly harbbav hdhsamm hdlpfvh iatawht iayosht ihjhuyd jeihnoa jlpgfeg kamxfra kbtweri lcmrqjb lcohteq ldgasiy mavdvai mbhugwg naahirr nfdjugg oaqjjxk ofbrjmk pimdhoe pjmsbix qbbpdlb qbjobsk qfgquod rciacxd rcldkti rjfrxsb sbswvbk scrroft tckdrjx tcougtw tgdohat ucwyfkq ugvtght vbfhlao vdcmivs wbrympf wgjjmas xnpoaxj xrgefpd ydxfxcu yfkopft yfksvdb apvjctk awkbjcc akqfukk afaagai amgqhke anvvwqy ajaklki axsmurg 




aceveab aiaqqjn aieqaxy baxnkcj bcicieh clcsmhf clspmbs cxnnixt depaixb dimnkqx eaygetp edjlhdc fgsuuuq fnfnvac fnxvapk garvqev gaulapf gbunnly harbbav hdhsamm hdlpfvh iatawht iayosht ihjhuyd jeihnoa jlpgfeg kamxfra kbtweri lcmrqjb lcohteq ldgasiy mavdvai mbhugwg naahirr nfdjugg oaqjjxk ofbrjmk pimdhoe pjmsbix qbbpdlb qbjobsk qfgquod rciacxd rcldkti rjfrxsb sbswvbk scrroft tckdrjx tcougtw tgdohat ucwyfkq ugvtght vbfhlao vdcmivs wbrympf wgjjmas xhavrra xlymhcx ydxfxcu yfkopft yfksvdb apvjctk awkbjcc akqfukk afaagai amgqhke anvvwqy ajaklki axsmurg ahiimkw 
aceveab aiaqqjn aieqaxy baxnkcj bcicieh clcsmhf clspmbs cxnnixt cxudvrs depaixb dimnkqx eaygetp edjlhdc fgsuuuq fnfnvac fnxvapk garvqev gaulapf gbunnly harbbav hdhsamm hdlpfvh iatawht iayosht ihjhuyd jeihnoa jlpgfeg kamxfra kbtweri lcmrqjb lcohteq ldgasiy mavdvai mbhugwg naahirr nfdjugg oaqjjxk ofbrjmk pimdhoe pjmsbix qbbpdlb qbjobsk qfgquod rcavpww rciacxd rjfrxsb sbswvbk scrroft tckdrjx tcougtw tgdohat ucwyfkq ugvtght vbfhlao vdcmivs wbrympf wgjjmas xhavrra xlymhcx ydxfxcu yfkopft yfksvdb apvjctk awkbjcc akqfukk afaagai amgqhke anvvwqy ajaklki axsmurg ahiimkw 

FALSE 
FALSE 

aceveab aiaqqjn aieqaxy baxnkcj bcicieh clcsmhf clspmbs cxnnixt cxudvrs depaixb dimnkqx eaygetp edjlhdc fgsuuuq fnfnvac fnxvapk garvqev gaulapf gbunnly harbbav hdhsamm hdlpfvh iatawht iayosht ihjhuyd jeihnoa jlpgfeg kamxfra kbtweri lcmrqjb lcohteq ldgasiy mavdvai mbhugwg naahirr neskhlo oaqjjxk ofbrjmk pimdhoe pjmsbix qbbpdlb qbjobsk qfgquod rcavpww rciacxd rjfrxsb sbswvbk scrroft tckdrjx tcougtw tgdohat ucwyfkq ugvtght vbfhlao vdcmivs wbrympf wgjjmas xabaroa xftbiay ydxfxcu yfkopft yfksvdb apvjctk awkbjcc akqfukk afaagai amgqhke anvvwqy ajaklki axsmurg ahiimkw 
FALSE 
aceveab aiaqqjn aieqaxy baxnkcj bcicieh clcsmhf clspmbs cxnnixt cxudvrs depaixb dimnkqx eaygetp edjlhdc fgsuuuq fnfnvac fnxvapk garvqev gaulapf gbunnly harbbav hdhsamm hdlpfvh iatawht iayosht ihjhuyd jeihnoa jlpgfeg kamxfra kbtweri lcmrqjb lcohteq ldgasiy mavdvai mbhugwg naahirr neskhlo oaqjjxk ofbrjmk pimdhoe pjmsbix qbbpdlb qbjobsk qfgquod rcavpww rciacxd rjfrxsb sbswvbk scrroft tckdrjx tcougtw tgdohat ucwyfkq ugvtght vbfhlao vckdvar wbrympf wgjjmas xabaroa xftbiay ydxfxcu yfkopft yfksvdb apvjctk awkbjcc akqfukk afaagai amgqhke anvvwqy ajaklki axsmurg ahiimkw 
107.414487 
FALSE 
aceveab aiaqqjn aieqaxy baxnkcj bcicieh clcsmhf clspmbs cxnnixt cxudvrs depaixb dimnkqx eaygetp edjlhdc fgsuuuq fnfnvac fnxvapk garvqev gaulapf gbunnly harbbav hdhsamm hdlpfvh iatawht iayosht ihjhuyd jeihnoa jlpgfeg kamxfra kbtweri lcmrqjb lcohteq ldgasiy mavdvai mbhugwg naahirr neskhlo oaqjjxk ofbrjmk pimdhoe piqjana pjmsbix qbbpdlb qbjobsk qfgquod rcavpww rciacxd rjfrxsb sbswvbk scrroft tckdrjx tcougtw tgdohat ucwyfkq ugvtght vbfhlao vckdvar wbrympf wgjjmas xabaroa xftbiay ydxfxcu yfkopft yfksvdb apvjctk awkbjcc akqfukk afaagai amgqhke anvvwqy ajaklki axsmurg ahiimkw 
aceveab aiaqqjn aieqaxy baxnkcj bcicieh clcsmhf clspmbs cxnnixt cxudvrs depaixb dimnkqx eaygetp edjlhdc fgsuuuq fnfnvac fnxvapk garvqev gaulapf gbunnly harbbav hdhsamm hdlpfvh iatawht iayosht ihjhuyd jeihnoa jlpgfeg kamxfra kbtweri lcmrqjb lcohteq ldgasiy mavdvai mbhugwg naahirr neskhlo oaqjjxk ofbrjmk pimdhoe piqjana pjmsbix qbbpdlb qbjobsk qfgquod rcavpww rciacxd rjfrxsb sbswvbk scrroft tckdrjx tcougtw tgdohat ucwyfkq ugvtght vbfhlao vckdvar wbrympf wgjjmas xabaroa xftbiay ydxfxcu yfkopft yfksvdb apvjctk awkbjcc akqfukk afaagai amgqhke anvvwqy ajaklki axsmurg ahiimkw 
107.390873 
FALSE 
107.390873 

stksqam 
aceveab aiaqqjn aieqaxy baxnkcj bcicieh clcsmhf clspmbs cxnnixt cxudvrs depaixb dimnkqx eaygetp edjlhdc fgsuuuq fnfnvac fnxvapk garvqev gaulapf gbunnly harbbav hdhsamm hdlpfvh iatawht iayosht ihjhuyd jeihnoa jlpgfeg kamxfra kbtweri lcmrqjb lcohteq ldgasiy mavdvai mbhugwg naahirr neskhlo oaqjjxk ofbrjmk pimdhoe piqjana pjmsbix qbbpdlb qbjobsk qfgquod rcavpww rciacxd rjfrxsb sbswvbk scrroft tckdrjx tcougtw tgdohat ubyqryy ucwyfkq vbfhlao vckdvar wbrympf wgjjmas xabaroa xftbiay ydxfxcu yfkopft yfksvdb apvjctk awkbjcc akqfukk afaagai amgqhke anvvwqy ajaklki axsmurg ahiimkw 

0yogtnk 0yogtnk 
uvojndj 
aceveab aiaqqjn aieqaxy baxnkcj bcicieh clcsmhf clspmbs cxnnixt cxudvrs depaixb dimnkqx eaygetp edjlhdc fgsuuuq fnfnvac fnxvapk garvqev gaulapf gbunnly harbbav hdhsamm hdlpfvh iatawht iayosht ihjhuyd jeihnoa jlpgfeg kamxfra kbtweri lcmrqjb lcohteq ldgasiy mavdvai mbdtcau mbhugwg naahirr neskhlo oaqjjxk ofbrjmk pimdhoe piqjana pjmsbix qbbpdlb qbjobsk qfgquod rcavpww rciacxd rjfrxsb sbswvbk scrroft tckdrjx tcougtw teawxml ubyqryy ucwyfkq vbfhlao vckdvar wbrympf wgjjmas xabaroa xftbiay ydxfxcu yfkopft yfksvdb apvjctk awkbjcc akqfukk afaagai amgqhke anvvwqy ajaklki axsmurg ahiimkw 
107.459883 
aceveab aiaqqjn aieqaxy baxnkcj bcicieh clcsmhf clspmbs cxnnixt cxudvrs depaixb dimnkqx eaygetp edjlhdc fgsuuuq fnfnvac fnxvapk garvqev gaulapf gbunnly harbbav hdhsamm hdlpfvh iatawht iayosht ihjhuyd jeihnoa jlpgfeg kamxfra kbtweri lcmrqjb lcohteq ldgasiy mavdvai mbdtcau mbhugwg naahirr neskhlo oaqjjxk ofbrjmk pimdhoe piqjana pjmsbix qbbpdlb qbjobsk qfgquod rcavpww rciacxd rjfrxsb sbswvbk scrroft tckdrjx tcougtw teawxml ubyqryy ucwyfkq vbfhlao vckdvar wbrympf wgjjmas xabaroa xftbiay ydxfxcu yfkopft yfksvdb apvjctk awkbjcc akqfukk afaagai amgqhke anvvwqy ajaklki axsmurg ahiimkw 
aceveab aiaqqjn aieqaxy baxnkcj bcicieh clcsmhf clspmbs cxnnixt cxudvrs depaixb dimnkqx eaygetp edjlhdc fgsuuuq fnfnvac fnxvapk garvqev gaulapf gbunnly harbbav hdhsamm hdlpfvh iatawht iayosht ihjhuyd jeihnoa jgsrrok kamxfra kbtweri lcmrqjb lcohteq ldgasiy mavdvai mbdtcau mbhugwg naahirr neskhlo oaqjjxk ofbrjmk pimdhoe piqjana pjmsbix qbbpdlb qbjobsk qfgquod rcavpww rciacxd rjfrxsb sbswvbk scrroft tckdrjx tcougtw teawxml ubyqryy ucwyfkq vbfhlao vckdvar wbrympf wgjjmas xabaroa xftbiay ydxfxcu yfkopft yfksvdb apvjctk awkbjcc akqfukk afaagai amgqhke anvvwqy ajaklki axsmurg ahiimkw 
7snfsoj psnfsoj qsnfsoj rsnfsoj ssnfsoj ssnfsoj 
aceveab aiaqqjn aieqaxy baxnkcj bcicieh clcsmhf clspmbs coabnfg depaixb dimnkqx eaygetp edjlhdc fgsuuuq fnfnvac fnxvapk garvqev gaulapf gbunnly harbbav hdhsamm hdlpfvh iatawht iayosht ihjhuyd jeihnoa jgsrrok kamxfra kbtweri lcmrqjb lcohteq ldgasiy mavdvai mbdtcau mbhugwg naahirr neskhlo oaqjjxk ofbrjmk pimdhoe piqjana pjmsbix qbbpdlb qbjobsk qfgquod rcavpww rciacxd rjfrxsb sbswvbk scrroft tckdrjx tcougtw teawxml ubyqryy ucwyfkq vbfhlao vckdvar wbrympf wgjjmas xabaroa xftbiay ydxfxcu yfkopft yfksvdb apvjctk awkbjcc akqfukk afaagai amgqhke anvvwqy ajaklki axsmurg ahiimkw 
FALSE 
8tksqam 8vojndj ttksqam tvojndj utksqam uvojndj vtksqam vvojndj vtksqam vvojndj 
aceveab aiaqqjn aieqaxy baxnkcj bbyqbhk clcsmhf clrkjrf coabnfg depaixb dimnkqx eaygetp edjlhdc fciaspl fgsuuuq garvqev gaulapf gbunnly harbbav hdhsamm hdlpfvh iatawht iayosht ihjhuyd jeihnoa jgsrrok kamxfra kbtweri lcmrqjb lcohteq ldgasiy mavdvai mbdtcau mbhugwg naahirr neskhlo oaqjjxk odfmnuc pimdhoe piqjana pjmsbix qbbpdlb qbjobsk qfgquod rcavpww rciacxd rjfrxsb sbswvbk scrroft tckdrjx tcougtw teawxml ubyqryy ucwyfkq vbfhlao vckdvar wbrympf wgjjmas xabaroa xftbiay ydxfxcu yfkopft yfksvdb apvjctk awkbjcc akqfukk afaagai amgqhke anvvwqy ajaklki axsmurg ahiimkw 
FALSE 
bceveab 
aceveab aglapmm baxnkcj bbyqbhk clcsmhf clrkjrf coabnfg depaixb dimnkqx eaygetp ecgrhpd fciaspl fgsuuuq garvqev gaulapf gbunnly harbbav hdhsamm hdlpfvh iatawht iayosht ihjhuyd jcopjim jeihnoa kamxfra kbtweri lcmrqjb lcohteq ldgasiy mavdvai mbdtcau mbhugwg naahirr neskhlo oaqjjxk odfmnuc pimdhoe piqjana pjmsbix pjuxdpm qbbpdlb qbjobsk qfgquod rcavpww rciacxd rjfrxsb sbswvbk scglthf scrroft tckdrjx tcougtw teawxml ubyqryy ucwyfkq vbfhlao vckdvar wbrympf wgjjmas xabaroa xftbiay ydxfxcu yehnglj apvjctk awkbjcc akqfukk afaagai amgqhke anvvwqy ajaklki axsmurg ahiimkw 
3yehknv 3yogtnk dyehknv dyogtnk eyehknv eyogtnk fyehknv fyogtnk fyehknv fyogtnk 
oglapmm 
tiaqqjn tieqaxy 
FALSE 
24jqoaf 2glapmm 2hjqoaf 2iaqqjn 2ieqaxy a4jqoaf aglapmm ahjqoaf aiaqqjn aieqaxy b4jqoaf bglapmm bhjqoaf biaqqjn bieqaxy c4jqoaf cglapmm chjqoaf ciaqqjn cieqaxy c4jqoaf cglapmm chjqoaf ciaqqjn cieqaxy 
FALSE 
107.270059 
59jqoaf 5wjqoaf 5xjqoaf 5yehknv 5yogtnk 5zjqoaf j9jqoaf jwjqoaf jxjqoaf jyehknv jyogtnk jzjqoaf k9jqoaf kwjqoaf kxjqoaf kyehknv kyogtnk kzjqoaf l9jqoaf lwjqoaf lxjqoaf lyehknv lyogtnk lzjqoaf l9jqoaf lwjqoaf lxjqoaf lyehknv lyogtnk lzjqoaf 
sbjqoaf 
aceveab aglapmm baxnkcj bbyqbhk cdlibax clcsmhf clrkjrf depaixb dimnkqx eaygetp ecgrhpd fciaspl fgsuuuq garvqev gaulapf gbunnly harbbav hdhsamm hdlpfvh iatawht iayosht ihjhuyd jcopjim jeihnoa kamxfra kbtweri lcmrqjb lcohteq ldgasiy mavdvai mbdtcau mbhugwg naahirr neskhlo oaqjjxk odfmnuc pimdhoe piqjana pjmsbix pjuxdpm qbbpdlb qbjobsk qfgquod rcavpww rciacxd rjfrxsb sbswvbk scglthf scrroft tckdrjx tcougtw teawxml ubyqryy ucwyfkq vbfhlao vckdvar wbrympf wgjjmas xabaroa xftbiay ydxfxcu yehnglj apvjctk awkbjcc akqfukk afaagai amgqhke anvvwqy ajaklki axsmurg ahiimkw akapatc aadwpug 
107.260618 
62jqoaf 6ajqoaf 6bjqoaf 6ceveab m2jqoaf majqoaf mbjqoaf mceveab n2jqoaf najqoaf nbjqoaf nceveab o2jqoaf oajqoaf objqoaf oceveab o2jqoaf oajqoaf objqoaf oceveab 
aceveab aglapmm baxnkcj bbyqbhk cdlibax clcsmhf clrkjrf depaixb dimnkqx eaygetp ecgrhpd fciaspl fgsuuuq garvqev gaulapf gbunnly harbbav hdhsamm hdlpfvh iatawht iayosht ibjsqlm jcopjim jeihnoa kamxfra kbtweri lblrpyi lcmrqjb lcohteq mavdvai mbdtcau mbhugwg naahirr neskhlo oaqjjxk odfmnuc pimdhoe piqjana pjmsbix pjuxdpm qbbpdlb qbjobsk qfgquod rcavpww rciacxd rjfrxsb sbswvbk scglthf scrroft tckdrjx tcougtw teawxml ubyqryy ucwyfkq vbfhlao vckdvar wbrympf wevxnpl xabaroa xftbiay ydxfxcu yegjdqw yehnglj apvjctk awkbjcc akqfukk afaagai amgqhke anvvwqy ajaklki axsmurg ahiimkw akapatc aadwpug 
aceveab aglapmm baxnkcj bbyqbhk cdlibax clcsmhf clrkjrf depaixb dimnkqx eaygetp ecgrhpd fciaspl fgsuuuq garvqev gaulapf gbunnly harbbav hdhsamm hdlpfvh iatawht iayosht ibjsqlm jcopjim jeihnoa kamxfra kbtweri lblrpyi lcmrqjb lcohteq mavdvai mbdtcau mbhugwg naahirr neskhlo oaqjjxk odfmnuc pimdhoe piqjana pjmsbix pjuxdpm qbbpdlb qbjobsk qfgquod rcavpww rciacxd rjfrxsb sbswvbk scglthf scrroft tckdrjx tcougtw teawxml ubyqryy ucwyfkq vbfhlao vckdvar wbrympf wevxnpl xabaroa xftbiay ydxfxcu yegjdqw yehnglj apvjctk awkbjcc akqfukk afaagai amgqhke anvvwqy ajaklki axsmurg ahiimkw akapatc aadwpug 
26jqoaf 2mjqoaf 2njqoaf 2ocyfkg 2onwlai a6jqoaf amjqoaf anjqoaf aocyfkg aonwlai b6jqoaf bmjqoaf bnjqoaf bocyfkg bonwlai c6jqoaf cmjqoaf cnjqoaf cocyfkg conwlai c6jqoaf cmjqoaf cnjqoaf cocyfkg conwlai 
aceveab aglapmm baxnkcj bbyqbhk cdlibax clcsmhf clrkjrf depaixb dholcvh eaygetp ecgrhpd fciaspl ffyelrt garvqev gaulapf gbunnly harbbav hdhsamm hdlpfvh iatawht iayosht ibjsqlm jcopjim jeihnoa kamxfra kbtweri lblrpyi lcmrqjb lcohteq mavdvai mbdtcau mbhugwg naahirr neskhlo nexfjfp oaqjjxk odfmnuc pimdhoe piqjana pjmsbix pjuxdpm qbbpdlb qbjobsk qeamgan rcavpww rciacxd rjfrxsb sbswvbk scglthf scrroft tbrsvlb tckdrjx tcougtw ubyqryy ucwyfkq vbfhlao vckdvar wbrympf wevxnpl xabaroa xftbiay ydxfxcu yegjdqw yehnglj apvjctk awkbjcc akqfukk afaagai amgqhke anvvwqy ajaklki axsmurg ahiimkw akapatc aadwpug aubjgeh 
tqjqoaf 
jpjqoaf 
107.203008 
107.212406 
90jqoaf w0jqoaf x0jqoaf y0jqoaf z0jqoaf z0jqoaf 
FALSE 
30jqoaf d0jqoaf e0jqoaf f0jqoaf f0jqoaf 
32jqoaf 3ajqoaf 3bjqoaf 3ceveab d2jqoaf dajqoaf dbjqoaf dceveab e2jqoaf eajqoaf ebjqoaf eceveab f2jqoaf fajqoaf fbjqoaf fceveab f2jqoaf fajqoaf fbjqoaf fceveab 
35jqoaf 3jyangk 3kbbtvo 3lpgrxu d5jqoaf djyangk dkbbtvo dlpgrxu e5jqoaf ejyangk ekbbtvo elpgrxu f5jqoaf fjyangk fkbbtvo flpgrxu f5jqoaf fjyangk fkbbtvo flpgrxu 
09jqoaf 0wjqoaf 0xjqoaf 0ydslah 0yehknv 0zjqoaf 09jqoaf 0wjqoaf 0xjqoaf 0ydslah 0yehknv 0zjqoaf 
FALSE 
aceveab aglapmm baxnkcj bbyqbhk cdlibax clcsmhf clrkjrf depaixb dholcvh eaygetp ecgrhpd fciaspl ffyelrt garvqev gaulapf gbunnly harbbav hdhsamm hdlpfvh iatawht iayosht ibjsqlm jcopjim jeihnoa kamxfra kbtweri lblrpyi lcclhel lcmrqjb mavdvai mbdtcau mbhugwg naahirr neskhlo nexfjfp oaqjjxk odfmnuc pimdhoe piqjana pjmsbix pjuxdpm qbbpdlb qbjobsk qeamgan rcavpww rciacxd rciaoei rjfrxsb sbswvbk scglthf scrroft tbrsvlb tckdrjx tcougtw ubyqryy ucwyfkq vbfhlao vckdvar wbrympf wevxnpl xabaroa xftbiay ydxfxcu yeevias yegjdqw apvjctk awkbjcc akqfukk afaagai amgqhke anvvwqy ajaklki axsmurg ahiimkw akapatc aadwpug aubjgeh akjnrpn awrgnpg atccigi 
107.095841 
eejqoaf 
aceveab aglapmm baxnkcj bbyqbhk cdlibax cfukama depaixb dholcvh eaygetp ecgrhpd fciaspl ffyelrt garvqev gaulapf gbunnly harbbav hdhsamm hdlpfvh iatawht iayosht ibjsqlm jcopjim jeihnoa kamxfra kbtweri lblrpyi lcclhel lcmrqjb mavdvai mbdtcau mbhugwg naahirr neskhlo nexfjfp oaqjjxk odfmnuc pimdhoe piqjana pjmsbix pjuxdpm qbbpdlb qbjobsk qeamgan rcavpww rciacxd rciaoei rjfrxsb sbswvbk scglthf scrroft tbrsvlb tckdrjx tcougtw ubyqryy ucwyfkq vbfhlao vckdvar wbrympf wevxnpl xabaroa xftbiay ydxfxcu yeevias yegjdqw apvjctk awkbjcc akqfukk afaagai amgqhke anvvwqy ajaklki axsmurg ahiimkw akapatc aadwpug aubjgeh akjnrpn awrgnpg atccigi abkjbee 
aceveab aglapmm baxnkcj bbyqbhk cdlibax cfukama depaixb dholcvh eaygetp ecgrhpd fciaspl ffyelrt garvqev gaulapf gbunnly harbbav hdhsamm hdlpfvh iatawht iayosht ibjsqlm jcopjim jeihnoa kamxfra kbtweri lblrpyi lcclhel lcmrqjb mavdvai mbdtcau mbhugwg naahirr neskhlo nexfjfp oaqjjxk odfmnuc pimdhoe piqjana pjmsbix pjuxdpm qbbpdlb qbjobsk qeamgan rcavpww rciacxd rciaoei rjfrxsb sbswvbk scglthf scrroft tbrsvlb tckdrjx tcougtw ubyqryy ucwyfkq vbfhlao vckdvar wbrympf wevxnpl xabaroa xftbiay ydxfxcu yeevias yegjdqw apvjctk awkbjcc akqfukk afaagai amgqhke anvvwqy ajaklki axsmurg ahiimkw akapatc aadwpug aubjgeh akjnrpn awrgnpg atccigi abkjbee 
aceveab aglapmm baxnkcj bbyqbhk cdlibax cfukama depaixb dholcvh eaygetp ecgrhpd fciaspl ffyelrt garvqev gaulapf gbunnly harbbav hdhsamm hdlpfvh iatawht iayosht ibjsqlm jcopjim jeihnoa kamxfra kbtweri lblrpyi lcclhel lcmrqjb mavdvai mbdtcau mbhugwg naahirr neskhlo nexfjfp oaqjjxk odfmnuc pimdhoe piqjana pjmsbix pjuxdpm qbbpdlb qbjobsk qeamgan rcavpww rciacxd rciaoei rjfrxsb sbswvbk scglthf scrroft tbrsvlb tckdrjx tcougtw ubyqryy ucwyfkq vbfhlao vckdvar wbrympf wevxnpl xabaroa xftbiay ydxfxcu yeevias yegjdqw apvjctk awkbjcc akqfukk afaagai amgqhke anvvwqy ajaklki axsmurg ahiimkw akapatc aadwpug aubjgeh akjnrpn awrgnpg atccigi abkjbee 
10jqoaf 10jqoaf 
09jqoaf 0wjqoaf 0xjqoaf 0ydslah 0yehknv 0zjqoaf 09jqoaf 0wjqoaf 0xjqoaf 0ydslah 0yehknv 0zjqoaf 
33jqoaf 3djqoaf 3ejqoaf 3fjqoaf d3jqoaf ddjqoaf dejqoaf dfjqoaf e3jqoaf edjqoaf eejqoaf efjqoaf f3jqoaf fdjqoaf fejqoaf ffjqoaf f3jqoaf fdjqoaf fejqoaf ffjqoaf 
iwjqoaf 
aceveab aglapmm baxnkcj bbyqbhk cdlibax cfukama depaixb dholcvh eaygetp ecgrhpd fciaspl ffyelrt garvqev gaulapf gbunnly harbbav hdhsamm hdlpfvh iatawht iayosht ibjsqlm jcopjim jeihnoa kamxfra kbtweri lblrpyi lcclhel lcmrqjb mavdvai mbdtcau mbhugwg naahirr neskhlo nexfjfp oaqjjxk odfmnuc pimdhoe piqjana pjmsbix pjuxdpm qbbpdlb qbjobsk qeamgan rcavpww rciacxd rciaoei rjfrxsb sbswvbk scglthf scrroft tbrsvlb tckdrjx tcougtw ubyqryy ucwyfkq vbfhlao vckdvar wbrympf wevxnpl xabaroa xftbiay ydxfxcu yeevias yegjdqw apvjctk awkbjcc akqfukk afaagai amgqhke anvvwqy ajaklki axsmurg ahiimkw akapatc aadwpug aubjgeh akjnrpn awrgnpg atccigi abkjbee 
FALSE 
aceveab aglapmm baxnkcj bbyqbhk cdlibax cfukama depaixb dholcvh eaygetp ecgrhpd fciaspl ffyelrt garvqev gaulapf gbunnly harbbav hdhsamm hdlpfvh iatawht iayosht ibjsqlm jcopjim jeihnoa kamxfra kbtweri lblrpyi lcclhel lcmrqjb mavdvai mbdtcau mbhugwg naahirr neskhlo nexfjfp oaqjjxk odfmnuc pimdhoe piqjana pjmsbix pjuxdpm qbbpdlb qbjobsk qeamgan rcavpww rciacxd rciaoei rjfrxsb sbswvbk scglthf scrroft tbrsvlb tckdrjx tcougtw ubyqryy ucwyfkq vbfhlao vckdvar wbrympf wcjimku xabaroa xftbiay ydxfxcu yeevias yegjdqw apvjctk awkbjcc akqfukk afaagai amgqhke anvvwqy ajaklki axsmurg ahiimkw akapatc aadwpug aubjgeh akjnrpn awrgnpg atccigi abkjbee 
ixjqoaf 
efjqoaf 
ljyangk 
FALSE 
aceveab aglapmm baxnkcj bbyqbhk cdlibax cfukama depaixb dholcvh eaygetp ecgrhpd fciaspl ffyelrt garvqev gaulapf gbunnly harbbav hdchhnh hdhsamm iatawht iayosht ibjsqlm jcopjim jeihnoa kamxfra kbtweri lblrpyi lcclhel lcmrqjb mavdvai mbdtcau mbhugwg naahirr nbajfrs oaqjjxk odfmnuc pimdhoe piqjana pjmsbix pjuxdpm qbbpdlb qbjobsk qeamgan rcavpww rciacxd rciaoei rjfrxsb sbswvbk scglthf scrroft tbrsvlb tckdrjx tcougtw ubyqryy ucwyfkq vbfhlao vckdvar wbrympf wcjimku xabaroa xftbiay ydxfxcu yeevias yegjdqw apvjctk awkbjcc akqfukk afaagai amgqhke anvvwqy ajaklki axsmurg ahiimkw akapatc aadwpug aubjgeh akjnrpn awrgnpg atccigi abkjbee 
60jqoaf m0jqoaf n0jqoaf o0jqoaf o0jqoaf 
08jqoaf 0tksqam 0tlbhdw 0ujqoaf 0vojndj 08jqoaf 0tksqam 0tlbhdw 0ujqoaf 0vojndj 
aceveab aglapmm baxnkcj bbyqbhk cdlibax cfukama depaixb dholcvh eaygetp ecgrhpd fciaspl ffyelrt garvqev gaulapf gbunnly harbbav hdchhnh hdhsamm iatawht iayosht ibjsqlm jcopjim jeihnoa kamxfra kbtweri lblrpyi lcclhel lcmrqjb mavdvai mbdtcau mbhugwg naahirr nbajfrs oaqjjxk odfmnuc pimdhoe piqjana pjmsbix pjuxdpm qbbpdlb qbjobsk qeamgan rcavpww rciacxd rciaoei rjfrxsb sbauufw sbswvbk scglthf scrroft tbrsvlb tckdrjx tcougtw ubyqryy ucwyfkq vbfhlao vckdvar wbrympf wcjimku xabaroa xftbiay ydxfxcu yeevias yegjdqw apvjctk awkbjcc akqfukk afaagai amgqhke anvvwqy ajaklki axsmurg ahiimkw akapatc aadwpug aubjgeh akjnrpn awrgnpg atccigi abkjbee 
aceveab aglapmm baxnkcj bbyqbhk cdlibax cfukama depaixb dholcvh eaygetp ecgrhpd fciaspl ffyelrt garvqev gaulapf gbunnly harbbav hdchhnh hdhsamm iatawht iayosht ibjsqlm jcopjim jeihnoa kamxfra kbtweri lblrpyi lcclhel lcmrqjb mavdvai mbdtcau mbhugwg naahirr nbajfrs oaqjjxk odfmnuc pimdhoe piqjana pjmsbix pjuxdpm qbbpdlb qbjobsk qeamgan rcavpww rciacxd rciaoei rjfrxsb sbauufw sbswvbk scglthf scrroft tbrsvlb tckdrjx tcougtw ubyqryy ucwyfkq vbfhlao vckdvar wbrympf wcjimku xabaroa xftbiay ydxfxcu yeevias yegjdqw apvjctk awkbjcc akqfukk afaagai amgqhke anvvwqy ajaklki axsmurg ahiimkw akapatc aadwpug aubjgeh akjnrpn awrgnpg atccigi abkjbee 
aceveab aglapmm baxnkcj bbyqbhk cdlibax cfukama depaixb dholcvh eaygetp ecgrhpd fciaspl ffyelrt garvqev gaulapf gbunnly harbbav hdchhnh hdhsamm iatawht iayosht ibjsqlm jcopjim jeihnoa kamxfra kbtweri lblrpyi lcclhel lcmrqjb mavdvai mbdtcau mbhugwg naahirr nbajfrs oaqjjxk odfmnuc pimdhoe piqjana pjmsbix pjuxdpm qbbpdlb qbjobsk qeamgan rcavpww rciacxd rciaoei rjfrxsb sbauufw sbswvbk scglthf scrroft tbrsvlb tckdrjx tcougtw ubyqryy ucwyfkq vbfhlao vckdvar wbrympf wcjimku xabaroa xftbiay ydxfxcu yeevias yegjdqw apvjctk awkbjcc akqfukk afaagai amgqhke anvvwqy ajaklki axsmurg ahiimkw akapatc aadwpug aubjgeh akjnrpn awrgnpg atccigi abkjbee 
97jqoaf 9pjqoaf 9qjqoaf 9rjqoaf 9snfsoj w7jqoaf wpjqoaf wqjqoaf wrjqoaf wsnfsoj x7jqoaf xpjqoaf xqjqoaf xrjqoaf xsnfsoj y7jqoaf ypjqoaf yqjqoaf yrjqoaf ysnfsoj z7jqoaf zpjqoaf zqjqoaf zrjqoaf zsnfsoj z7jqoaf zpjqoaf zqjqoaf zrjqoaf zsnfsoj 
19jqoaf 1wjqoaf 1xjqoaf 1ydslah 1yehknv 1zjqoaf 19jqoaf 1wjqoaf 1xjqoaf 1ydslah 1yehknv 1zjqoaf 
aceveab aglapmm baxnkcj bbyqbhk cdlibax cfukama depaixb dholcvh eaygetp ecgrhpd fciaspl ffyelrt garvqev gaulapf gbunnly harbbav hdchhnh hdhsamm iatawht iayosht ibjsqlm jcopjim jeihnoa kamxfra kbtweri lblrpyi lcclhel lcmrqjb mavdvai mbdtcau mbhugwg naahirr nbajfrs oaqjjxk odfmnuc pimdhoe piqjana pjmsbix pjuxdpm qbbpdlb qbjobsk qeamgan rcavpww rciacxd rciaoei rjfrxsb sbauufw sbswvbk scglthf scrroft tbrsvlb tckdrjx tcougtw ubyqryy ucwyfkq vbfhlao vckdvar wbrympf wcjimku xabaroa xftbiay ydxfxcu yeevias yegjdqw apvjctk awkbjcc akqfukk afaagai amgqhke anvvwqy ajaklki axsmurg ahiimkw akapatc aadwpug aubjgeh akjnrpn awrgnpg atccigi abkjbee actsngk 
29jqoaf 2wjqoaf 2xjqoaf 2ydslah 2yehknv 2zjqoaf a9jqoaf awjqoaf axjqoaf aydslah ayehknv azjqoaf b9jqoaf bwjqoaf bxjqoaf bydslah byehknv bzjqoaf c9jqoaf cwjqoaf cxjqoaf cydslah cyehknv czjqoaf c9jqoaf cwjqoaf cxjqoaf cydslah cyehknv czjqoaf 
aceveab afjohxp baxnkcj bbyqbhk cdlibax cfukama depaixb dholcvh eaygetp ecgrhpd fciaspl ffyelrt garvqev gaulapf gbunnly harbbav hdchhnh hdhsamm iatawht iayosht ibjsqlm jcopjim jeihnoa kamxfra kbtweri lblrpyi lcclhel lcmrqjb mavdvai mbdtcau mbhugwg naahirr nbajfrs oaqjjxk odfmnuc pimdhoe piqjana pjmsbix pjuxdpm qbbpdlb qbjobsk qeamgan rcavpww rciacxd rciaoei rjfrxsb sbauufw sbswvbk scglthf scrroft tbrsvlb tckdrjx tcougtw ubyqryy ucwyfkq vbfhlao vckdvar wbrympf wcjimku xabaroa xftbiay ydxfxcu yeevias yegjdqw apvjctk awkbjcc akqfukk afaagai amgqhke anvvwqy ajaklki axsmurg ahiimkw akapatc aadwpug aubjgeh akjnrpn awrgnpg atccigi abkjbee actsngk 
aceveab afjohxp baxnkcj bbyqbhk cdlibax cfukama depaixb dholcvh eaygetp ecgrhpd fciaspl ffyelrt garvqev gaulapf gbunnly harbbav hdchhnh hdhsamm iatawht iayosht ibjsqlm jcopjim jdxxjhk kamxfra kbtweri lblrpyi lcclhel lcmrqjb mavdvai mbdtcau mbhugwg naahirr nbajfrs oaqjjxk odfmnuc pimdhoe piqjana pjmsbix pjuxdpm qbbpdlb qbjobsk qcjkgcx rcavpww rciacxd rciaoei rjfrxsb sbauufw sbswvbk scglthf scrroft tbrsvlb tckdrjx tcougtw ubyqryy ucwyfkq vbfhlao vckdvar wbrympf wbstlpc wcjimku xabaroa xftbiay ydxfxcu yeevias yegjdqw apvjctk awkbjcc akqfukk afaagai amgqhke anvvwqy ajaklki axsmurg ahiimkw akapatc aadwpug aubjgeh akjnrpn awrgnpg atccigi abkjbee actsngk 
aceveab afjohxp baxnkcj bbyqbhk cdlibax cfukama depaixb dholcvh eaygetp ecgrhpd fciaspl ffyelrt garvqev gaulapf gbunnly harbbav hdchhnh hdhsamm iatawht iayosht ibjsqlm jcopjim jdxxjhk kamxfra kbtweri lblrpyi lcclhel lcmrqjb mavdvai mbdtcau mbhugwg naahirr nbajfrs oaqjjxk odfmnuc pimdhoe piqjana pjmsbix pjuxdpm qbbpdlb qbjobsk qcjkgcx rcavpww rciacxd rciaoei rjfrxsb sbauufw sbswvbk scglthf scrroft tbrsvlb tckdrjx tcougtw ubyqryy ucwyfkq vbfhlao vckdvar wbrympf wbstlpc wcjimku xabaroa xftbiay ydxfxcu yeevias yegjdqw apvjctk awkbjcc akqfukk afaagai amgqhke anvvwqy ajaklki axsmurg ahiimkw akapatc aadwpug aubjgeh akjnrpn awrgnpg atccigi abkjbee actsngk 
aceveab afjohxp baxnkcj bbyqbhk cdlibax cfukama depaixb dholcvh eaygetp ecgrhpd fciaspl ffyelrt garvqev gaulapf gbunnly harbbav hdchhnh hdhsamm iatawht iayosht ibjsqlm jcopjim jdxxjhk kamxfra kbtweri lblrpyi lcclhel lcmrqjb mavdvai mbdtcau mbhugwg naahirr nbajfrs oaqjjxk odfmnuc pimdhoe piqjana pjmsbix pjuxdpm qbbpdlb qbjobsk qcjkgcx rcavpww rciacxd rciaoei rhcnoqt sbauufw sbswvbk scglthf scrroft tbrsvlb tckdrjx tcougtw ubyqryy ucwyfkq vbfhlao vckdvar wbrympf wbstlpc wcjimku xabaroa xftbiay ydxfxcu yeevias yegjdqw apvjctk awkbjcc akqfukk afaagai amgqhke anvvwqy ajaklki axsmurg ahiimkw akapatc aadwpug aubjgeh akjnrpn awrgnpg atccigi abkjbee actsngk 
fjyangk 
jzjqoaf 
aceveab afjohxp baxnkcj bbyqbhk caexrng cdlibax depaixb dholcvh eaygetp ecgrhpd fciaspl ffyelrt garvqev gaulapf gbunnly harbbav hdchhnh hdhsamm iatawht iayosht ibjsqlm jcopjim jdxxjhk kamxfra kbtweri lblrpyi lcclhel lcmrqjb mavdvai mbdtcau mbhugwg naahirr nbajfrs oaqjjxk odfmnuc pimdhoe piqjana pjmsbix pjuxdpm qbbpdlb qbjobsk qcjkgcx rcavpww rciacxd rciaoei rhcnoqt sbauufw sbswvbk scglthf scrroft tbrsvlb tckdrjx tcougtw ubyqryy ucwyfkq vbfhlao vckdvar wbrympf wbstlpc wcjimku xabaroa xdfrodv yaqjqwy ydxfxcu apvjctk awkbjcc akqfukk afaagai amgqhke anvvwqy ajaklki axsmurg ahiimkw akapatc aadwpug aubjgeh akjnrpn awrgnpg atccigi abkjbee actsngk 
aceveab afjohxp baxnkcj bbyqbhk caexrng cdlibax depaixb dholcvh eaygetp ecgrhpd fciaspl ffyelrt garvqev gaulapf gbunnly harbbav hdchhnh hdhsamm iatawht iayosht ibjsqlm jcopjim jdxxjhk kamxfra kbtweri lblrpyi lcclhel lcmrqjb mavdvai mbdtcau mbhugwg naahirr nbajfrs oaqjjxk odfmnuc pimdhoe piqjana pjmsbix pjuxdpm qbbpdlb qbjobsk qcjkgcx rcavpww rciacxd rciaoei rhcnoqt sbauufw sbswvbk scglthf scrroft tbrsvlb tckdrjx tcougtw ubyqryy ucwyfkq vbfhlao vckdvar wbrympf wbstlpc wcjimku xabaroa xdfrodv yaqjqwy ydxfxcu apvjctk awkbjcc akqfukk afaagai amgqhke anvvwqy ajaklki axsmurg ahiimkw akapatc aadwpug aubjgeh akjnrpn awrgnpg atccigi abkjbee actsngk 
107.137566 
zzjqoaf 
67jqoaf 6pjqoaf 6qjqoaf 6rjqoaf 6snfsoj m7jqoaf mpjqoaf mqjqoaf mrjqoaf msnfsoj n7jqoaf npjqoaf nqjqoaf nrjqoaf nsnfsoj o7jqoaf opjqoaf oqjqoaf orjqoaf osnfsoj o7jqoaf opjqoaf oqjqoaf orjqoaf osnfsoj 
aceveab afjohxp baxnkcj bbyqbhk caexrng cbjibiv depaixb dholcvh eaygetp ecgrhpd fciaspl ffyelrt garvqev gaulapf gbunnly harbbav hdchhnh hdhsamm iatawht iayosht ibjsqlm jcopjim jdxxjhk kamxfra kbtweri lblrpyi lcclhel lcmrqjb mavdvai mbdtcau mbhugwg naahirr nbajfrs oaqjjxk odfmnuc pimdhoe piqjana pjmsbix pjuxdpm qbbpdlb qbjobsk qcjkgcx rcavpww rciacxd rciaoei rhcnoqt sbauufw sbswvbk scglthf scrroft tbrsvlb tckdrjx tcougtw ubyqryy ucwyfkq vbfhlao vckdvar wbrympf wbstlpc wcjimku xabaroa xdfrodv yaqjqwy ydxfxcu apvjctk awkbjcc akqfukk afaagai amgqhke anvvwqy ajaklki axsmurg ahiimkw akapatc aadwpug aubjgeh akjnrpn awrgnpg atccigi abkjbee actsngk 
22jqoaf 2ajqoaf 2bjqoaf 2ceveab a2jqoaf aajqoaf abjqoaf aceveab b2jqoaf bajqoaf bbjqoaf bceveab c2jqoaf cajqoaf cbjqoaf cceveab c2jqoaf cajqoaf cbjqoaf cceveab 
jzjqoaf 
fzjqoaf 
rpjqoaf 
vpjqoaf 
aceveab afjohxp baxnkcj bbyqbhk caexrng cbjibiv depaixb dholcvh eaygetp ecgrhpd fbatewb fciaspl garvqev gaulapf gbunnly harbbav hdchhnh hdhsamm iatawht iayosht ibjsqlm jcopjim jdxxjhk kamxfra kbtweri lblrpyi lcclhel lcmrqjb mavdvai mbdtcau mbhugwg naahirr nbajfrs oaqjjxk odfmnuc pimdhoe piqjana pjmsbix pjuxdpm qbbpdlb qbjobsk qcjkgcx rcavpww rciacxd rciaoei rhcnoqt sbauufw sbswvbk scglthf scrroft tbrsvlb tckdrjx tcougtw ubyqryy ucwyfkq vbfhlao vckdvar wbrympf wbstlpc wcjimku xabaroa xdfrodv yafbeam yaqjqwy ydxfxcu apvjctk awkbjcc akqfukk afaagai amgqhke anvvwqy ajaklki axsmurg ahiimkw akapatc aadwpug aubjgeh akjnrpn awrgnpg atccigi abkjbee actsngk abalfmg 
67jqoaf 6pjqoaf 6qjqoaf 6rjqoaf 6snfsoj m7jqoaf mpjqoaf mqjqoaf mrjqoaf msnfsoj n7jqoaf npjqoaf nqjqoaf nrjqoaf nsnfsoj o7jqoaf opjqoaf oqjqoaf orjqoaf osnfsoj o7jqoaf opjqoaf oqjqoaf orjqoaf osnfsoj 
30jqoaf d0jqoaf e0jqoaf f0jqoaf f0jqoaf 
24jqoaf 2glapmm 2hjqoaf 2iaqqjn 2ieqaxy a4jqoaf aglapmm ahjqoaf aiaqqjn aieqaxy b4jqoaf bglapmm bhjqoaf biaqqjn bieqaxy c4jqoaf cglapmm chjqoaf ciaqqjn cieqaxy c4jqoaf cglapmm chjqoaf ciaqqjn cieqaxy 
aceveab afjohxp baxnkcj bbyqbhk caexrng cbjibiv depaixb dholcvh eaygetp ecgrhpd fbatewb fciaspl garvqev gaulapf gbunnly harbbav hdchhnh hdhsamm iatawht iayosht ibjsqlm ibljmsd jcopjim jdxxjhk kamxfra kbtweri lblrpyi lcclhel lcmrqjb mavdvai mbdtcau mbhugwg naahirr nbajfrs oaqjjxk odfmnuc pimdhoe piqjana pjmsbix pjuxdpm qbbpdlb qbjobsk qcjkgcx rcavpww rciacxd rciaoei rhcnoqt sbauufw sbswvbk scglthf scrroft tbrsvlb tckdrjx tcougtw ubyqryy ucwyfkq vbfhlao vckdvar wbrympf wbstlpc wcjimku xabaroa xdfrodv yafbeam yaqjqwy ydxfxcu apvjctk awkbjcc akqfukk afaagai amgqhke anvvwqy ajaklki axsmurg ahiimkw akapatc aadwpug aubjgeh akjnrpn awrgnpg atccigi abkjbee actsngk abalfmg 
ifjohxp 
plpgrxu 
aceveab afjohxp baxnkcj bbyqbhk caexrng cbjibiv depaixb dholcvh eaygetp ecgrhpd fbatewb fciaspl garvqev gaulapf gbunnly harbbav hdchhnh hdhsamm iatawht iayosht ibjsqlm ibljmsd jcopjim jdxxjhk kamxfra kbtweri lblrpyi lcclhel lcmrqjb mavdvai mbdtcau mbhugwg naahirr nbajfrs oaqjjxk obcijfw pimdhoe piqjana pjmsbix pjuxdpm qbbpdlb qbjobsk qcjkgcx rcavpww rciacxd rciaoei rdlsfkh sbauufw sbswvbk scglthf scrroft tbrsvlb tckdrjx tcougtw ubyqryy ucwyfkq vbfhlao vckdvar wbrympf wbstlpc wcjimku xabaroa xdfrodv yafbeam yaqjqwy ydxfxcu apvjctk awkbjcc akqfukk afaagai amgqhke anvvwqy ajaklki axsmurg ahiimkw akapatc aadwpug aubjgeh akjnrpn awrgnpg atccigi abkjbee actsngk abalfmg aekoaqc 
FALSE 
58jqoaf 5tksqam 5tlbhdw 5ujqoaf 5vojndj 5vuibtm j8jqoaf jtksqam jtlbhdw jujqoaf jvojndj jvuibtm k8jqoaf ktksqam ktlbhdw kujqoaf kvojndj kvuibtm l8jqoaf ltksqam ltlbhdw lujqoaf lvojndj lvuibtm l8jqoaf ltksqam ltlbhdw lujqoaf lvojndj lvuibtm 
aceveab afjohxp baxnkcj bbyqbhk caexrng cbjibiv depaixb dholcvh eaygetp ecgrhpd fbatewb fciaspl garvqev gaulapf gbunnly harbbav hdchhnh hdhsamm iatawht iayosht ibjsqlm ibljmsd jcopjim jdxxjhk kamxfra kbtweri lblrpyi lcclhel lcmrqjb mavdvai mbdtcau mbhugwg naahirr nbajfrs oaqjjxk obcijfw pimdhoe piqjana pjmsbix pjuxdpm qbbpdlb qbjobsk qcjkgcx rcavpww rciacxd rciaoei rdlsfkh sbauufw sbswvbk scglthf scrroft tbrsvlb tckdrjx tcougtw ubyqryy ucwyfkq vbfhlao vckdvar wbrympf wbstlpc wcjimku xabaroa xdfrodv yafbeam yaqjqwy ydxfxcu apvjctk awkbjcc akqfukk afaagai amgqhke anvvwqy ajaklki axsmurg ahiimkw akapatc aadwpug aubjgeh akjnrpn awrgnpg atccigi abkjbee actsngk abalfmg aekoaqc 
61jqoaf m1jqoaf n1jqoaf o1jqoaf o1jqoaf 
29jqoaf 2wjqoaf 2xjqoaf 2ydslah 2yehknv 2zjqoaf a9jqoaf awjqoaf axjqoaf aydslah ayehknv azjqoaf b9jqoaf bwjqoaf bxjqoaf bydslah byehknv bzjqoaf c9jqoaf cwjqoaf cxjqoaf cydslah cyehknv czjqoaf c9jqoaf cwjqoaf cxjqoaf cydslah cyehknv czjqoaf 
