<>


108.675824 

r5qiygu rjqiygu rkqiygu rlqiygu 
FALSE 
basxtdb bokbgad cooxeag dmfvuef ehdffqj erwbxkd fagshne feqcoqv hguyyfm hkfecbb iqfaulp jcloffd jyhmohu kmwerfw kuwfufv leuahsd mfadrcf oovkber pasqobq pvjgfpk qpxmoaw qximjhw rgulsxf rnqiygu sdnsbuo sffgtfh tqqfogu wsdkyir wsouymj xkquxak xldsjvs ysyyrca aposyyv 

h9fecbb hwfecbb hxfecbb hyfecbb hzfecbb 


FALSE 
FALSE 

108.701299 


FALSE 


1hlwayk 1hlwayk 
108.650146 
dmfvuef 
ahiopeh aqfuwcn basxtdb bhobmqs cdiohuj cntimnd dmfvuef dxaikkg ehdffqj erwbxkd fagshne fbvekvt ghenvwm ghlwayk hguyyfm hkfecbb iiuojav iqfaulp jamqiaf jcloffd kmwerfw kuwfufv leuahsd lusbgvy mfadrcf mfiirxl mtsctoa oovkber orxcvys pasqobq pncctrh qbwwglk qjktkvv remhmpn rgulsxf sdnsbuo sffgtfh tqqfogu tuhqmru veigcpx vquvjms wdqsahy wpdkcpl xeoyvnj xkquxak ysyyrca aposyyv aelsexs arhaxyg 
ahiopeh aqfuwcn basxtdb bhobmqs cdiohuj cntimnd dmfvuef dxaikkg ehdffqj erwbxkd fagshne fbvekvt ghenvwm ghlwayk hguyyfm hkfecbb iiuojav iqfaulp jamqiaf jcloffd kmwerfw kuwfufv leuahsd lusbgvy mfadrcf mfiirxl mtsctoa oovkber orxcvys pasqobq pncctrh qbwwglk qjktkvv remhmpn rgulsxf sdnsbuo sffgtfh tqqfogu tuhqmru veigcpx vquvjms wdqsahy wpdkcpl xeoyvnj xkquxak ysyyrca aposyyv aelsexs arhaxyg 

ahiopeh aqfuwcn basxtdb bblgvli cdiohuj cntimnd dmfvuef dxaikkg ehdffqj erwbxkd fagshne fbvekvt ghenvwm ghlwayk hguyyfm hkfecbb iiuojav iqfaulp jamqiaf jcloffd kmwerfw kuwfufv leuahsd lusbgvy mfadrcf mfiirxl mtsctoa oovkber orxcvys pasqobq pncctrh qbwwglk qjktkvv remhmpn rgulsxf sdnsbuo sffgtfh tqqfogu tuhqmru veigcpx vquvjms wdqsahy wpdkcpl xeoyvnj xfpwxla ysyyrca aposyyv aelsexs arhaxyg 
ahiopeh aqfuwcn basxtdb bblgvli cdiohuj cntimnd dmfvuef dxaikkg ehdffqj erwbxkd fagshne fbvekvt ghenvwm ghlwayk hguyyfm hkfecbb iiuojav iqfaulp jamqiaf jcloffd kmwerfw kuwfufv leuahsd lusbgvy mfadrcf mfiirxl mtsctoa oovkber orxcvys pasqobq pncctrh qbwwglk qjktkvv remhmpn rgulsxf sdnsbuo sffgtfh tqqfogu tuhqmru veigcpx vquvjms wdqsahy wpdkcpl xeoyvnj xfpwxla ysyyrca aposyyv aelsexs arhaxyg 


ahiopeh aqfuwcn basxtdb bblgvli cdiohuj cntimnd dmfvuef dxaikkg ehdffqj erwbxkd fagshne fbvekvt ghenvwm ghlwayk hguyyfm hkfecbb iiuojav iqfaulp jamqiaf jcloffd kmwerfw kuwfufv leuahsd lusbgvy mfadrcf mfiirxl mtsctoa oovkber orxcvys pasqobq pncctrh qbwwglk qjktkvv remhmpn rgulsxf sdnsbuo sffgtfh tqqfogu tuhqmru veigcpx vquvjms wdqsahy wpdkcpl xeoyvnj xfpwxla ysyyrca aposyyv aelsexs arhaxyg 

ahiopeh aqfuwcn basxtdb bblgvli cdiohuj cntimnd dmfvuef dxaikkg ehdffqj erwbxkd fagshne fbvekvt ghenvwm ghlwayk hguyyfm hkfecbb iiuojav iqfaulp jamqiaf jcloffd kmwerfw kuwfufv leuahsd lusbgvy mfadrcf mfiirxl mtsctoa oovkber orxcvys pasqobq pncctrh qbwwglk qjktkvv remhmpn rgulsxf sdnsbuo sffgtfh tqqfogu tuhqmru veigcpx vquvjms wdqsahy wpdkcpl xeoyvnj xfpwxla yativod ysyyrca aposyyv aelsexs arhaxyg aimacma 
ahiopeh aqfuwcn basxtdb bblgvli cdiohuj cntimnd dmfvuef dxaikkg ehdffqj erwbxkd fagshne fbvekvt ghenvwm ghlwayk hguyyfm hkfecbb iiuojav iqfaulp jamqiaf jcloffd kmwerfw kuwfufv leuahsd lusbgvy mfadrcf mfiirxl mtsctoa oovkber orxcvys pasqobq pncctrh qbwwglk qjktkvv remhmpn rgulsxf sdnsbuo sffgtfh tqqfogu tuhqmru veigcpx vquvjms wdqsahy wpdkcpl xeoyvnj xfpwxla yativod ysyyrca aposyyv aelsexs arhaxyg aimacma 




108.010582 
ahiopeh aqfuwcn basxtdb bblgvli cdiohuj cnshgrl cntimnd dmfvuef dxaikkg ehdffqj erwbxkd fagshne fbaotcu fbvekvt ghenvwm ghlwayk glqcsse hguyyfm hkfecbb iiuojav iqfaulp jagxjll jamqiaf jcloffd kmwerfw kuwfufv leuahsd lusbgvy maxtahy mcmiaeo narfqak oovkber orxcvys pasqobq pcxaben qbwwglk qjktkvv remhmpn rgulsxf sbfbypr sdnsbuo taeeref tqqfogu veigcpx vgqedpa wdqsahy wpdkcpl xeoyvnj xfpwxla yativod yhffxps aposyyv aelsexs arhaxyg aimacma 
107.922078 

afestxb ahiopeh basxtdb bblgvli cdiohuj cnshgrl cntimnd dkktouk dmfvuef ehdffqj erwbxkd fagshne fbaotcu fbvekvt ghenvwm ghlwayk glqcsse hguyyfm hkfecbb iiuojav iqfaulp jagxjll jamqiaf jcloffd kmwerfw kuwfufv leuahsd lusbgvy maxtahy mcmiaeo narfqak oovkber orxcvys pasqobq pcxaben qbwwglk qjktkvv rchyqee remhmpn sbfbypr sdnsbuo taeeref tnoabys ugowdtq veigcpx vgqedpa wdqsahy wpdkcpl xblxapi xeoyvnj yativod yhffxps aposyyv aelsexs arhaxyg aimacma 
afestxb ahiopeh basxtdb bblgvli cdiohuj cnshgrl cntimnd dkktouk dmfvuef ehdffqj erwbxkd fagshne fbaotcu fbvekvt ghenvwm ghlwayk glafeok glqcsse hguyyfm hkfecbb iiuojav iqfaulp jagxjll jamqiaf jcloffd kmwerfw kuwfufv leuahsd lusbgvy maxtahy mcmiaeo narfqak oovkber orxcvys pasqobq pcxaben qbwwglk qjktkvv rchyqee remhmpn sbfbypr sdnsbuo taeeref tnoabys uaixqnt ugowdtq veigcpx vgqedpa wdqsahy wpdkcpl xblxapi xeoyvnj yativod yhffxps aposyyv aelsexs arhaxyg aimacma 
FALSE 
d8wfbhy dtwfbhy duwfbhy dvwfbhy etkgldv evcmldn 
107.790640 

FALSE 

7rahhsm prahhsm qrahhsm rrahhsm srahhsm srahhsm 
FALSE 
107.733021 
FALSE 
FALSE 

107.749415 



afestxb ahiopeh basxtdb bblgvli bbnmyiw cdiohuj cnshgrl cntimnd devlsdh dkktouk edmlvqk ehdffqj fagshne fbaotcu fbvekvt ghenvwm ghlwayk glafeok glqcsse hdhhfjg hguyyfm iiuojav iqfaulp iqjmjgb jagxjll jamqiaf jcloffd kmwerfw kodixgi kogtdkk ldlhxib leuahsd maxtahy mcmiaeo narfqak npxjmjo oovkber orxcvys pasqobq pcxaben qbwwglk qjktkvv rchyqee remhmpn sbfbypr sdnsbuo taeeref tdxtbjg uaixqnt uggkkgg ugowdtq veigcpx vgqedpa wadbcxj wdqsahy xblxapi xcptvpe yativod yhffxps aposyyv aelsexs arhaxyg aimacma 

kmlbrsi 

afestxb ahiopeh basxtdb bblgvli bbnmyiw cdiohuj cnshgrl cntimnd devlsdh dkktouk edmlvqk ehdffqj fagshne fbaotcu fbvekvt ghenvwm ghlwayk glafeok glqcsse hdhhfjg hguyyfm iiuojav iqfaulp iqjmjgb jagxjll jamqiaf jcloffd khudabb kmwerfw ldlhxib leuahsd maxtahy mcmiaeo mcxgucp narfqak npxjmjo oovkber orxcvys pasqobq pcxaben qbwwglk qgpihxj rchyqee remhmpn sbfbypr sdnsbuo taeeref tdxtbjg uaixqnt uggkkgg ugowdtq veigcpx vgqedpa wadbcxj wdqsahy xblxapi xcptvpe yativod yhffxps aposyyv aelsexs arhaxyg aimacma aeiavay 
107.586580 
FALSE 
mrahhsm 
afestxb agpxmub basxtdb bblgvli bbnmyiw cdfkgtq cdiohuj cnshgrl cntimnd daiqjpd devlsdh edmlvqk ehdffqj fagshne fbaotcu fbvekvt ghenvwm ghlwayk glafeok glqcsse hdhhfjg hguyyfm iiuojav iqfaulp iqjmjgb jagxjll jamqiaf jcloffd kafabsl khudabb ldlhxib leuahsd maxtahy mcmiaeo mcxgucp narfqak ndvsqno oovkber orxcvys pasqobq pcxaben qbwwglk qgpihxj rchyqee remhmpn sbfbypr sdnsbuo taeeref tdxtbjg uaixqnt uggkkgg ugowdtq veigcpx vgqedpa wadbcxj wdqsahy xblxapi xcptvpe yativod yhffxps aposyyv aelsexs arhaxyg aimacma aeiavay aavxsso aukmcxt 
zrahhsm 
5henvwm 5hlwayk jhenvwm jhlwayk khenvwm khlwayk lhenvwm lhlwayk lhenvwm lhlwayk 
afestxb agpxmub basxtdb bblgvli bbnmyiw cdfkgtq cdiohuj cnshgrl cntimnd daiqjpd devlsdh edmlvqk ehdffqj fagshne fbaotcu fbvekvt ghenvwm ghlwayk glafeok glqcsse hdhhfjg hguyyfm iiuojav iqfaulp iqjmjgb jagxjll jamqiaf jcloffd kafabsl khudabb ldlhxib leuahsd maxtahy mcmiaeo mcxgucp narfqak ndvsqno oovkber orxcvys pasqobq pcxaben qbwwglk qgpihxj rchyqee remhmpn sbfbypr sdnsbuo taeeref tdxtbjg uaixqnt uggkkgg ugowdtq veigcpx vgqedpa wadbcxj wdqsahy xblxapi xcptvpe yativod yhffxps aposyyv aelsexs arhaxyg aimacma aeiavay aavxsso aukmcxt 


5mfolyf 5mlbrsi jmfolyf jmlbrsi kmfolyf kmlbrsi lmfolyf lmlbrsi lmfolyf lmlbrsi 
4henvwm 4hlwayk ghenvwm ghlwayk hhenvwm hhlwayk ihenvwm ihlwayk ihenvwm ihlwayk 
afestxb agpxmub basxtdb bblgvli bbnmyiw cdfkgtq cdiohuj cnshgrl cntimnd daiqjpd devlsdh edmlvqk ehdffqj fagshne fbaotcu fbvekvt ghenvwm ghlwayk glafeok glqcsse hdhhfjg hguyyfm iiuojav iqfaulp iqjmjgb jagxjll jamqiaf jcloffd kafabsl khudabb ldlhxib leuahsd maxtahy mcmiaeo mcxgucp narfqak ndvsqno oovkber orxcvys pasqobq pcxaben qbwwglk qgpihxj rchyqee remhmpn sbfbypr sdnsbuo taeeref tdxtbjg uaixqnt uggkkgg ugowdtq veigcpx vgqedpa wadbcxj wdqsahy xblxapi xcptvpe yativod yhffxps aposyyv aelsexs arhaxyg aimacma aeiavay aavxsso aukmcxt 
afestxb agpxmub basxtdb bblgvli bbnmyiw cdfkgtq cdiohuj cnshgrl cntimnd daiqjpd devlsdh edmlvqk ehdffqj fagshne fbaotcu fbvekvt ghenvwm ghlwayk glafeok glqcsse hdhhfjg hguyyfm iiuojav iqfaulp iqjmjgb jagxjll jamqiaf jcloffd kafabsl khudabb ldlhxib leuahsd maxtahy mcmiaeo mcxgucp narfqak ndvsqno oovkber orxcvys pasqobq pcxaben qbwwglk qgpihxj rchyqee remhmpn sbfbypr sdnsbuo taeeref tdxtbjg uaixqnt uggkkgg ugowdtq veigcpx vgqedpa wadbcxj wdqsahy xblxapi xcptvpe yativod yhffxps aposyyv aelsexs arhaxyg aimacma aeiavay aavxsso aukmcxt aceahug 
afestxb agpxmub basxtdb bblgvli bbnmyiw cdfkgtq cdiohuj cnshgrl cntimnd daiqjpd devlsdh edmlvqk ehdffqj fagshne fbaotcu fbvekvt ghenvwm ghlwayk glafeok glqcsse hdhhfjg hguyyfm iiuojav iqfaulp iqjmjgb jagxjll jamqiaf jcloffd kafabsl khudabb ldlhxib leuahsd maxtahy mcmiaeo mcxgucp narfqak ndvsqno oovkber orxcvys pasqobq pcxaben qbwwglk qgpihxj rchyqee remhmpn sbfbypr sdnsbuo taeeref tdxtbjg uaixqnt uggkkgg ugowdtq veigcpx vgqedpa wadbcxj wdqsahy xblxapi xcptvpe yativod yhffxps aposyyv aelsexs arhaxyg aimacma aeiavay aavxsso aukmcxt aceahug 
68eiomh 6teiomh 6ueiomh 6veiomh m8eiomh mteiomh mueiomh mveiomh n8eiomh nteiomh nueiomh nveiomh o8eiomh oteiomh oueiomh oveiomh o8eiomh oteiomh oueiomh oveiomh 
afestxb agpxmub basxtdb bblgvli bbnmyiw cdfkgtq cdiohuj cnshgrl cntimnd daiqjpd devlsdh edmlvqk ehdffqj fagshne fbaotcu fbvekvt ghenvwm ghlwayk glafeok glqcsse hcnpwen hdhfgag hdhhfjg iiuojav iqfaulp iqjmjgb jagxjll jamqiaf jcloffd kafabsl khudabb ldlhxib leuahsd maxtahy mcmiaeo mcxgucp narfqak ndvsqno oovkber orxcvys pasqobq pcxaben qbwwglk qgpihxj rchyqee remhmpn sbfbypr sdnsbuo taeeref tdxtbjg uaixqnt uggkkgg ugowdtq veigcpx vgqedpa wadbcxj wdqsahy xblxapi xcptvpe yativod yhffxps aposyyv aelsexs arhaxyg aimacma aeiavay aavxsso aukmcxt aceahug ahaagek 
zweiomh 
afestxb agpxmub basxtdb bblgvli bbnmyiw cdfkgtq cdiohuj cnshgrl cntimnd daiqjpd devlsdh edmlvqk ehdffqj fagshne fbaotcu fbvekvt ghenvwm ghlwayk glafeok glqcsse hcnpwen hdhfgag hdhhfjg iiuojav iqfaulp iqjmjgb jagxjll jamqiaf jcloffd kafabsl khudabb ldlhxib leuahsd maxtahy mcmiaeo mcxgucp narfqak ndvsqno oovkber orxcvys pasqobq pcxaben qbwwglk qgpihxj rchyqee remhmpn sbfbypr sdnsbuo taeeref tdxtbjg uaixqnt uggkkgg ugowdtq veigcpx vgqedpa wadbcxj wdqsahy xblxapi xcptvpe yativod yhffxps aposyyv aelsexs arhaxyg aimacma aeiavay aavxsso aukmcxt aceahug ahaagek 
afestxb agpxmub basxtdb bblgvli bbnmyiw cdfkgtq cdiohuj cnshgrl cntimnd daiqjpd devlsdh edmlvqk ehdffqj fagshne fbaotcu fbvekvt ghenvwm ghlwayk glafeok glqcsse hcnpwen hdhfgag hdhhfjg iiuojav iqfaulp iqjmjgb jagxjll jamqiaf jcloffd kafabsl khudabb ldlhxib leuahsd maxtahy mcmiaeo mcxgucp narfqak ndvsqno oovkber orxcvys pasqobq pcxaben qbwwglk qgpihxj rchyqee remhmpn sbfbypr sdnsbuo taeeref tdxtbjg uaixqnt uggkkgg ugowdtq veigcpx vgqedpa wadbcxj wdqsahy xblxapi xcptvpe yativod yhffxps aposyyv aelsexs arhaxyg aimacma aeiavay aavxsso aukmcxt aceahug ahaagek 
27eiomh 2peiomh 2qeiomh 2rahhsm 2rbuvmx 2seiomh aqfuwcn 
afestxb agpxmub basxtdb bblgvli bbnmyiw cdfkgtq cdiohuj cnshgrl cntimnd daiqjpd devlsdh edmlvqk ehdffqj fagshne fbaotcu fbvekvt ghenvwm ghlwayk glafeok glqcsse hcnpwen hddqaii hdhfgag hdhhfjg iiuojav iqfaulp iqjmjgb jagxjll jamqiaf jcloffd kafabsl khudabb ldlhxib leuahsd maxtahy mcmiaeo mcxgucp narfqak ndvsqno oovkber orxcvys pasqobq pcxaben qbwwglk qgpihxj rchyqee remhmpn sbfbypr sdnsbuo taeeref tdxtbjg uaixqnt uggkkgg ugowdtq veigcpx vgqedpa wadbcxj wdqsahy xblxapi xcptvpe yativod yhffxps aposyyv aelsexs arhaxyg aimacma aeiavay aavxsso aukmcxt aceahug ahaagek 
106.993964 
FALSE 
01eiomh 01eiomh 
afestxb agpxmub basxtdb bblgvli bbnmyiw cdfkgtq cdiohuj cnshgrl cntimnd daiqjpd devlsdh edmlvqk ehdffqj fagshne fbaotcu fbvekvt ghenvwm ghlwayk glafeok glqcsse hcnpwen hddqaii hdhfgag hdhhfjg iiuojav iqfaulp iqjmjgb jagxjll jamqiaf jcloffd kafabsl khudabb ldlhxib leaeuvi leuahsd maxtahy mcmiaeo mcxgucp narfqak nbebash onftarx oovkber pasqobq pcxaben qbwwglk qgpihxj rchyqee remhmpn sbfbypr sdnsbuo taeeref tdxtbjg uaixqnt uggkkgg ugowdtq veigcpx vgqedpa wadbcxj wdqsahy xblxapi xcptvpe yativod yhffxps aposyyv aelsexs arhaxyg aimacma aeiavay aavxsso aukmcxt aceahug ahaagek 
qqeiomh 
pfeiomh 
60eiomh m0eiomh n0eiomh o0eiomh o0eiomh 

68eiomh 6teiomh 6ueiomh 6veiomh m8eiomh mteiomh mueiomh mveiomh n8eiomh nteiomh nueiomh nveiomh o8eiomh oteiomh oueiomh oveiomh o8eiomh oteiomh oueiomh oveiomh 
wzeiomh 
afestxb agpxmub basxtdb bblgvli bbnmyiw cdfkgtq cdiohuj cnshgrl cntimnd daiqjpd devlsdh edmlvqk ehdffqj fagshne fbaotcu fbvekvt ghenvwm ghlwayk glafeok glqcsse hcnpwen hddqaii hdhfgag hdhhfjg iiuojav iqfaulp iqjmjgb jagxjll jamqiaf jcloffd kafabsl khudabb ldlhxib leaeuvi lecknea maxtahy mcmiaeo mcxgucp narfqak nbebash onftarx oovkber pasqobq pcxaben qbwwglk qgpihxj rbramed rchyqee sbfbypr sdnsbuo taeeref tdxtbjg uaixqnt uggkkgg ugowdtq veigcpx vgqedpa wadbcxj wdqsahy xblxapi xcptvpe yativod ycyojne aposyyv aelsexs arhaxyg aimacma aeiavay aavxsso aukmcxt aceahug ahaagek 
FALSE 

afestxb agpxmub basxtdb bblgvli bbnmyiw cdfkgtq cdiohuj cnshgrl cntimnd daiqjpd devlsdh edmlvqk ehdffqj fagshne fbaotcu fbvekvt ghenvwm ghlwayk glafeok glqcsse hcnpwen hddqaii hdhfgag hdhhfjg iiuojav iqfaulp iqjmjgb jagxjll jamqiaf jcloffd kafabsl khudabb ldlhxib leaeuvi lecknea maxtahy mcmiaeo mcxgucp narfqak nbebash oehqdua onftarx pasqobq pcxaben qbwwglk qgpihxj rbramed rchyqee sbfbypr sdnsbuo taeeref tdxtbjg uaixqnt uggkkgg ugowdtq veigcpx vgqedpa wadbcxj wdqsahy xblxapi xcptvpe yativod ycyojne aposyyv aelsexs arhaxyg aimacma aeiavay aavxsso aukmcxt aceahug ahaagek 
hveiomh 
ryeiomh 
afestxb agpxmub basxtdb bblgvli bbnmyiw cdfkgtq cdiohuj cnshgrl cntimnd daiqjpd devlsdh edmlvqk ehdffqj fagshne fbaotcu fbvekvt ghenvwm ghlwayk glafeok glqcsse hcnpwen hddqaii hdhfgag hdhhfjg iiuojav iqfaulp iqjmjgb jagxjll jamqiaf jcloffd kafabsl khudabb ldlhxib leaeuvi lecknea maxtahy mcmiaeo mcxgucp narfqak nbebash oehqdua onftarx pasqobq pcxaben qbwwglk qgpihxj rbramed rchyqee sbfbypr sdnsbuo taeeref tdxtbjg uaixqnt uggkkgg ugowdtq veigcpx vgqedpa wadbcxj wdqsahy xblxapi xcptvpe yativod ycyojne aposyyv aelsexs arhaxyg aimacma aeiavay aavxsso aukmcxt aceahug ahaagek 
FALSE 
FALSE 
75eiomh 7jeiomh 7keiomh 7lafeok 7lqcsse p5eiomh pjeiomh pkeiomh plafeok plqcsse q5eiomh qjeiomh qkeiomh qlafeok qlqcsse r5eiomh rjeiomh rkeiomh rlafeok rlqcsse s5eiomh sjeiomh skeiomh slafeok slqcsse s5eiomh sjeiomh skeiomh slafeok slqcsse 
afestxb agpxmub basxtdb bblgvli bbnmyiw cdfkgtq cdiohuj cnshgrl cntimnd daiqjpd devlsdh edmlvqk ehdffqj fagshne fbaotcu fbvekvt ghenvwm ghlwayk glafeok glqcsse hcnpwen hddqaii hdhfgag hdhhfjg iiuojav iqfaulp iqjmjgb jagxjll jamqiaf jcloffd kafabsl khudabb ldlhxib leaeuvi lecknea maxtahy mcmiaeo mcxgucp narfqak nbebash nbktydc oehqdua onftarx pasqobq pcxaben qbwwglk qgpihxj rbramed rchyqee sbfbypr sdnsbuo taeeref tdxtbjg uaixqnt uggkkgg ugowdtq veigcpx vgqedpa wadbcxj wdqsahy xblxapi xcptvpe yativod ycyojne aposyyv aelsexs arhaxyg aimacma aeiavay aavxsso aukmcxt aceahug ahaagek 
FALSE 
afestxb agpxmub basxtdb bblgvli bbnmyiw cdfkgtq cdiohuj cnshgrl cntimnd daiqjpd devlsdh edmlvqk ehdffqj fagshne fbaotcu fbvekvt ghenvwm ghlwayk glafeok glqcsse hcnpwen hddqaii hdhfgag hdhhfjg iiuojav iqfaulp iqjmjgb jagxjll jamqiaf jcloffd kafabsl khudabb ldlhxib leaeuvi lecknea maxtahy mcmiaeo mcxgucp narfqak nbebash nbktydc oehqdua onftarx pasqobq pcxaben qbwwglk qgpihxj rbramed rchyqee sbfbypr sdnsbuo taeeref tdxtbjg uaixqnt uggkkgg ugowdtq veigcpx vgqedpa wadbcxj wdqsahy xblxapi xcptvpe yativod ycyojne aposyyv aelsexs arhaxyg aimacma aeiavay aavxsso aukmcxt aceahug ahaagek avhixja aasiaye 
hjeiomh 
42eiomh 4aeiomh 4beiomh 4ceiomh g2eiomh gaeiomh gbeiomh gceiomh h2eiomh haeiomh hbeiomh hceiomh i2eiomh iaeiomh ibeiomh iceiomh i2eiomh iaeiomh ibeiomh iceiomh 
FALSE 
aeerakh afestxb basxtdb bblgvli bbnmyiw cdfkgtq cdiohuj cnshgrl cntimnd daiqjpd devlsdh edmlvqk ehdffqj fagshne fbaotcu fbvekvt ghenvwm ghlwayk glafeok glqcsse hcnpwen hddqaii hdhfgag hdhhfjg iiuojav iqfaulp iqjmjgb jagxjll jamqiaf jcloffd kafabsl khudabb ldlhxib leaeuvi lecknea maxtahy mcmiaeo mcxgucp narfqak nbebash nbktydc oehqdua olymfog pasqobq pcxaben qbwwglk qgpihxj rbramed rchyqee sbfbypr sdnsbuo taeeref tdxtbjg uaixqnt uggkkgg ugowdtq veigcpx vgqedpa wadbcxj wdqsahy xblxapi xcptvpe yativod ycyojne aposyyv aelsexs arhaxyg aimacma aeiavay aavxsso aukmcxt aceahug ahaagek avhixja aasiaye 
aeerakh afestxb basxtdb bblgvli bbnmyiw cdfkgtq cdiohuj cnshgrl cntimnd daiqjpd devlsdh edmlvqk ehdffqj fagshne fbaotcu fbvekvt ghenvwm ghlwayk glafeok glqcsse hcnpwen hddqaii hdhfgag hdhhfjg iiuojav iqfaulp iqjmjgb jagxjll jamqiaf jcloffd kafabsl khudabb ldlhxib leaeuvi lecknea maxtahy mcmiaeo mcxgucp narfqak nbebash nbktydc oehqdua olymfog pasqobq pcxaben qbwwglk qgpihxj rbramed rchyqee sbfbypr sdnsbuo taeeref tdxtbjg uaixqnt uggkkgg ugowdtq veigcpx vgqedpa wadbcxj wdqsahy xblxapi xcptvpe yativod ycyojne aposyyv aelsexs arhaxyg aimacma aeiavay aavxsso aukmcxt aceahug ahaagek avhixja aasiaye 
FALSE 
106.740952 
aeerakh afestxb basxtdb bblgvli bbnmyiw cdfkgtq cdiohuj cnshgrl cntimnd daiqjpd devlsdh easamxo edmlvqk fagshne fbaotcu fbvekvt ghenvwm ghlwayk glafeok glqcsse hcnpwen hddqaii hdhfgag hdhhfjg iiuojav iqfaulp iqjmjgb jagxjll jamqiaf jcloffd kafabsl khudabb ldlhxib leaeuvi lecknea maxtahy mcmiaeo mcxgucp narfqak nbebash nbktydc oehqdua olymfog pasqobq pcxaben qbwwglk qgpihxj rbramed rchyqee sbfbypr sdnsbuo taeeref tdxtbjg uaixqnt uggkkgg ugowdtq veigcpx vgqedpa wadbcxj wdqsahy xblxapi xcptvpe yativod ycyojne aposyyv aelsexs arhaxyg aimacma aeiavay aavxsso aukmcxt aceahug ahaagek avhixja aasiaye 
kgeiomh 
aeerakh afestxb basxtdb bblgvli bbnmyiw cdfkgtq cdiohuj ckolgwt daiqjpd devlsdh easamxo edmlvqk fagshne fbaotcu fbvekvt ghenvwm ghlwayk glafeok glqcsse hcnpwen hddqaii hdhfgag hdhhfjg iiuojav ioqdnhm jagxjll jamqiaf jcloffd kafabsl khudabb ldlhxib leaeuvi lecknea maxtahy mcmiaeo mcxgucp narfqak nbebash nbktydc oehqdua olymfog pasqobq pcxaben qbwwglk qgpihxj rbramed rchyqee sbfbypr sdnsbuo taeeref tdxtbjg uaixqnt uggkkgg ugowdtq veigcpx vgqedpa wadbcxj wdqsahy xblxapi xcptvpe yativod ycyojne aposyyv aelsexs arhaxyg aimacma aeiavay aavxsso aukmcxt aceahug ahaagek avhixja aasiaye 
lueiomh 
aeerakh afestxb basxtdb bblgvli bbnmyiw cdfkgtq cdiohuj ckolgwt daiqjpd devlsdh easamxo edmlvqk fagshne fbaotcu fbvekvt ghenvwm ghlwayk glafeok glqcsse hcnpwen hddqaii hdhfgag hdhhfjg iiuojav ioqdnhm jagxjll jamqiaf jcloffd kafabsl khudabb ldlhxib leaeuvi lecknea maxtahy mcmiaeo mcxgucp narfqak nbebash nbktydc oehqdua olymfog pasqobq pcxaben qbwwglk qgpihxj rbramed rchyqee sbfbypr sdnsbuo taeeref tdxtbjg uaixqnt uggkkgg ugowdtq veigcpx vgqedpa wadbcxj wdqsahy xblxapi xcptvpe yativod ycyojne aposyyv aelsexs arhaxyg aimacma aeiavay aavxsso aukmcxt aceahug ahaagek avhixja aasiaye 

lqeiomh 
aeerakh afestxb basxtdb bblgvli bbnmyiw cdfkgtq cdiohuj ckdgkno ckolgwt daiqjpd devlsdh easamxo edmlvqk fagshne fbaotcu fbvekvt ghenvwm ghlwayk glafeok glqcsse hcnpwen hddqaii hdhfgag hdhhfjg iiuojav ioqdnhm jagxjll jamqiaf jcloffd kafabsl khudabb ldlhxib leaeuvi lecknea maxtahy mcmiaeo mcxgucp narfqak nbebash nbktydc oehqdua olymfog pasqobq pcxaben qbwwglk qgpihxj rbramed rchyqee sbfbypr sdnsbuo taeeref tdxtbjg uaixqnt uggkkgg ugowdtq veigcpx vgqedpa wadbcxj wdqsahy xblxapi xcptvpe yativod ycyojne aposyyv aelsexs arhaxyg aimacma aeiavay aavxsso aukmcxt aceahug ahaagek avhixja aasiaye ambuwrv 
aeerakh afestxb basxtdb bblgvli bbnmyiw cdfkgtq cdiohuj ckdgkno ckolgwt daiqjpd devlsdh easamxo edmlvqk fagshne fbaotcu fbvekvt ghenvwm ghlwayk glafeok glqcsse hcnpwen hddqaii hdhfgag hdhhfjg iiuojav ioqdnhm jagxjll jamqiaf jcfuplb jcloffd kafabsl khudabb ldlhxib leaeuvi lecknea maxtahy mcmiaeo mcxgucp narfqak nbebash nbktydc oehqdua olymfog pasqobq pcxaben qbgtgve qbwwglk qgpihxj rbramed rchyqee sbfbypr sdnsbuo taeeref tdxtbjg uaixqnt uggkkgg ugowdtq veigcpx vgqedpa wadbcxj watapaq wdqsahy xblxapi xcptvpe yativod ycyojne aposyyv aelsexs arhaxyg aimacma aeiavay aavxsso aukmcxt aceahug ahaagek avhixja aasiaye ambuwrv 
aeerakh afestxb basxtdb bblgvli bbnmyiw cdfkgtq cdiohuj ckdgkno ckolgwt daiqjpd devlsdh easamxo edmlvqk fagshne fbaotcu fbvekvt ghenvwm ghlwayk glafeok glqcsse hcnpwen hddqaii hdhfgag hdhhfjg iiuojav ioqdnhm jagxjll jamqiaf jcfuplb jcloffd kafabsl khudabb ldlhxib leaeuvi lecknea maxtahy mcmiaeo mcxgucp narfqak nbebash nbktydc oehqdua olymfog pasqobq pcxaben qbgtgve qbwwglk qgpihxj rbramed rchyqee sbfbypr sdnsbuo taeeref tdxtbjg uaixqnt uggkkgg ugowdtq veigcpx vgqedpa wadbcxj watapaq wdqsahy xblxapi xcptvpe yativod ycyojne aposyyv aelsexs arhaxyg aimacma aeiavay aavxsso aukmcxt aceahug ahaagek avhixja aasiaye ambuwrv 
jseiomh 
gseiomh 
qteiomh 
aeerakh afdqrlq afestxb basxtdb bblgvli bbnmyiw cdfkgtq cdiohuj ckdgkno ckolgwt daiqjpd devlsdh easamxo edmlvqk fagshne fbaotcu fbvekvt ghenvwm ghlwayk glafeok glqcsse hcnpwen hddqaii hdhfgag hdhhfjg iclhuha iiuojav jagxjll jamqiaf jcfuplb jcloffd kafabsl khudabb ldlhxib leaeuvi lecknea maxtahy mcmiaeo mcxgucp narfqak nbebash nbktydc oehqdua olnkbag olymfog pasqobq pcxaben qbgtgve qbwwglk qgpihxj rbramed rchyqee sbfbypr sdnsbuo taeeref tdxtbjg uaixqnt uggkkgg ugowdtq veigcpx vgqedpa wadbcxj watapaq wdqsahy xblxapi xcptvpe yativod ycyojne aposyyv aelsexs arhaxyg aimacma aeiavay aavxsso aukmcxt aceahug ahaagek avhixja aasiaye ambuwrv anacxju 
86eiomh 8mfolyf 8mlbrsi 8neiomh 8oeiomh t6eiomh tmfolyf tmlbrsi tneiomh toeiomh u6eiomh umfolyf umlbrsi uneiomh uoeiomh v6eiomh vmfolyf vmlbrsi vneiomh voeiomh v6eiomh vmfolyf vmlbrsi vneiomh voeiomh 
75eiomh 7jeiomh 7keiomh 7lafeok 7lqcsse p5eiomh pjeiomh pkeiomh plafeok plqcsse q5eiomh qjeiomh qkeiomh qlafeok qlqcsse r5eiomh rjeiomh rkeiomh rlafeok rlqcsse s5eiomh sjeiomh skeiomh slafeok slqcsse s5eiomh sjeiomh skeiomh slafeok slqcsse 
FALSE 
56eiomh 5mfolyf 5mlbrsi 5neiomh 5oeiomh j6eiomh jmfolyf jmlbrsi jneiomh joeiomh k6eiomh kmfolyf kmlbrsi kneiomh koeiomh l6eiomh lmfolyf lmlbrsi lneiomh loeiomh l6eiomh lmfolyf lmlbrsi lneiomh loeiomh 
aeerakh afdqrlq afestxb basxtdb bblgvli bbnmyiw ccymtnk cdfkgtq cdiohuj daiqjpd ddqutln easamxo ecnncfg fagshne fbaotcu fbvekvt ghenvwm ghlwayk glafeok glqcsse hcnpwen hddqaii hdhfgag hdhhfjg iclhuha iiuojav jagxjll jamqiaf jcfuplb jcloffd kafabsl khudabb ldlhxib leaeuvi lecknea maxtahy mcmiaeo mcxgucp narfqak nbebash nbktydc oehqdua olnkbag olymfog pasqobq pcxaben qbgtgve qbwwglk qgpihxj rbramed rchyqee sbfbypr sdnsbuo taeeref tdxtbjg uaixqnt uggkkgg ugowdtq veigcpx vgqedpa wadbcxj watapaq wdqsahy xblxapi xcptvpe yativod ycyojne aposyyv aelsexs arhaxyg aimacma aeiavay aavxsso aukmcxt aceahug ahaagek avhixja aasiaye ambuwrv anacxju 
zkeiomh 
93eiomh 9deiomh 9eeiomh 9feiomh w3eiomh wdeiomh weeiomh wfeiomh x3eiomh xdeiomh xeeiomh xfeiomh y3eiomh ydeiomh yeeiomh yfeiomh z3eiomh zdeiomh zeeiomh zfeiomh z3eiomh zdeiomh zeeiomh zfeiomh 
FALSE 
aeerakh afdqrlq afestxb basxtdb bblgvli bbnmyiw ccymtnk cdfkgtq cdiohuj daiqjpd ddqutln easamxo ecnncfg fagshne fbaotcu fbvekvt ghenvwm ghlwayk glafeok glqcsse hcnpwen hddqaii hdhfgag hdhhfjg iclhuha iiuojav jagxjll jamqiaf jcfuplb jcloffd kafabsl khudabb ldlhxib leaeuvi lecknea maxtahy mcmiaeo mcxgucp narfqak nbebash nbktydc oehqdua olnkbag olymfog pasqobq pcxaben qbgtgve qbwwglk qgpihxj rbramed rchyqee sbfbypr sdnsbuo taeeref tdxtbjg uaixqnt uggkkgg ugowdtq veigcpx vgqedpa wadbcxj watapaq wdqsahy xblxapi xcptvpe yativod ycyojne aposyyv aelsexs arhaxyg aimacma aeiavay aavxsso aukmcxt aceahug ahaagek avhixja aasiaye ambuwrv anacxju 
aeerakh afdqrlq afestxb basxtdb bblgvli bbnmyiw ccymtnk cdfkgtq cdiohuj daiqjpd ddqutln easamxo ecnncfg fagshne fbaotcu fbvekvt ghenvwm ghlwayk glafeok glqcsse hcnpwen hddqaii hdhfgag hdhhfjg iclhuha iiuojav jagxjll jamqiaf jcfuplb jcloffd kafabsl khudabb ldlhxib leaeuvi lecknea maxtahy mcmiaeo mcxgucp narfqak nbebash nbktydc oehqdua olnkbag olymfog pasqobq pcxaben qbgtgve qbwpwmx qbwwglk qgpihxj rbramed rchyqee sbfbypr sdnsbuo taeeref tdxtbjg uaixqnt uggkkgg ugowdtq veigcpx vgqedpa wadbcxj watapaq wdqsahy xblxapi xcptvpe yativod ycyojne aposyyv aelsexs arhaxyg aimacma aeiavay aavxsso aukmcxt aceahug ahaagek avhixja aasiaye ambuwrv anacxju 
qceiomh 
aeerakh afdqrlq afestxb basxtdb bblgvli bbnmyiw ccfosaa ccymtnk cdfkgtq cdiohuj daiqjpd ddqutln easamxo ecnncfg fagshne fbaotcu fbvekvt ghenvwm ghlwayk glafeok glqcsse hcnpwen hddqaii hdhfgag hdhhfjg iclhuha iiuojav jagxjll jamqiaf jbxhbfp kafabsl khudabb ldlhxib leaeuvi lecknea maxtahy mcmiaeo mcxgucp narfqak nbebash nbktydc oehqdua olnkbag olymfog pasqobq pcxaben qbgtgve qbwpwmx qbwwglk qgpihxj rbramed rchyqee sbfbypr sdnsbuo taeeref tdxtbjg uaixqnt uggkkgg ugowdtq veigcpx vgqedpa wadbcxj watapaq wdqsahy xblxapi xcptvpe yativod ycyojne aposyyv aelsexs arhaxyg aimacma aeiavay aavxsso aukmcxt aceahug ahaagek avhixja aasiaye ambuwrv anacxju 
106.790123 
aeerakh afdqrlq afestxb basxtdb bblgvli bbnmyiw ccfosaa ccymtnk cdfkgtq cdiohuj daiqjpd ddqutln easamxo ecnncfg fagshne fbaotcu fbvekvt ghenvwm ghlwayk glafeok glqcsse hcnpwen hddqaii hdhfgag hdhhfjg iclhuha iiuojav jagxjll jamqiaf jbxhbfp kafabsl khudabb ldlhxib leaeuvi lecknea maxtahy mcmiaeo mcxgucp narfqak nbebash nbhpexl oehqdua olnkbag olymfog pasqobq pcxaben qbgtgve qbwpwmx qbwwglk qgpihxj rbramed rchyqee sbfbypr sdnsbuo taeeref tdxtbjg uaixqnt uggkkgg ugowdtq veigcpx vgqedpa wadbcxj watapaq wdqsahy xblxapi xcptvpe yativod ycyojne aposyyv aelsexs arhaxyg aimacma aeiavay aavxsso aukmcxt aceahug ahaagek avhixja aasiaye ambuwrv anacxju 
aeerakh afdqrlq afestxb basxtdb bblgvli bbnmyiw ccfosaa ccymtnk cdfkgtq cdiohuj daiqjpd ddqutln easamxo ecnncfg fagshne fbaotcu fbvekvt ghenvwm ghlwayk glafeok glqcsse hcnpwen hddqaii hdhfgag hdhhfjg iclhuha iiuojav jagxjll jamqiaf jbxhbfp kafabsl khudabb ldlhxib leaeuvi lecknea maxtahy mcmiaeo mcxgucp narfqak nbebash nbhpexl oehqdua olnkbag olymfog pasqobq pcxaben qbgtgve qbwpwmx qbwwglk qgpihxj rbramed rchyqee sbfbypr sdnsbuo taeeref tdxtbjg uaixqnt uggkkgg ugowdtq veigcpx vgqedpa wadbcxj watapaq wdqsahy xblxapi xcptvpe yativod ycyojne aposyyv aelsexs arhaxyg aimacma aeiavay aavxsso aukmcxt aceahug ahaagek avhixja aasiaye ambuwrv anacxju 
91eiomh w1eiomh x1eiomh y1eiomh z1eiomh z1eiomh 
aeerakh afdqrlq afestxb basxtdb bblgvli bbnmyiw ccfosaa ccymtnk cdfkgtq cdiohuj daiqjpd ddqutln easamxo ecnncfg fagshne fbaotcu fbvekvt ghenvwm ghlwayk glafeok glqcsse hcnpwen hddqaii hdhfgag hdhhfjg iclhuha iiuojav jagxjll jamqiaf jbxhbfp kafabsl kalbain khudabb ldlhxib leaeuvi lecknea maxtahy mcmiaeo mcxgucp narfqak nbebash nbhpexl oehqdua olnkbag olymfog pasqobq pcxaben qbgtgve qbwpwmx qbwwglk qgpihxj rbramed rchyqee sbfbypr sdnsbuo taeeref tdxtbjg uaixqnt uggkkgg ugowdtq veigcpx vgqedpa wadbcxj watapaq wdqsahy xblxapi xcptvpe yativod ycyojne aposyyv aelsexs arhaxyg aimacma aeiavay aavxsso aukmcxt aceahug ahaagek avhixja aasiaye ambuwrv anacxju 
acvqjrr aeerakh basxtdb bblgvli bbnmyiw ccfosaa ccymtnk cdfkgtq cdiohuj daiqjpd ddqutln easamxo ecnncfg fagshne fbaotcu fbvekvt ghenvwm ghlwayk glafeok glqcsse hcnpwen hddqaii hdhfgag hdhhfjg iclhuha iiuojav jagxjll jamqiaf jbxhbfp kafabsl kalbain khudabb ldlhxib leaeuvi lecknea maxtahy mcmiaeo mcxgucp narfqak nbebash nbhpexl oehqdua olnkbag olymfog pasqobq pcxaben qbgtgve qbwpwmx qbwwglk qgpihxj rbramed rchyqee sbfbypr sdnsbuo taeeref tdxtbjg uaixqnt uggkkgg ugowdtq veigcpx vgqedpa wadbcxj watapaq wdqsahy xblxapi xcptvpe yativod ycyojne aposyyv aelsexs arhaxyg aimacma aeiavay aavxsso aukmcxt aceahug ahaagek avhixja aasiaye ambuwrv anacxju 
FALSE 
jeeiomh 

acvqjrr aeerakh basxtdb bblgvli bbnmyiw ccfosaa ccymtnk cdfkgtq cdiohuj daiqjpd ddqutln easamxo ecnncfg fagshne fbaotcu fbvekvt ghenvwm ghlwayk glafeok glqcsse hcnpwen hddqaii hdhfgag hdhhfjg iclhuha iiuojav jagxjll jamqiaf jbxhbfp kafabsl kalbain khudabb ldlhxib leaeuvi lecknea maxtahy mcmiaeo mcxgucp narfqak nbebash nbhpexl oehqdua olnkbag olymfog pasqobq pcxaben qbgtgve qbwpwmx qbwwglk qgpihxj rbramed rchyqee sbfbypr sdnsbuo taeeref tdxtbjg uaixqnt uggkkgg ugowdtq veigcpx vgqedpa wadbcxj watapaq wdqsahy xblxapi xcptvpe yativod ycyojne aposyyv aelsexs arhaxyg aimacma aeiavay aavxsso aukmcxt aceahug ahaagek avhixja aasiaye ambuwrv anacxju 
30eiomh d0vlsdh e0iqayc f0tukvq f0tukvq 
fagshne 
FALSE 
68eiomh 6teiomh 6ueiomh 6veiomh m8eiomh mteiomh mueiomh mveiomh n8eiomh nteiomh nueiomh nveiomh o8eiomh oteiomh oueiomh oveiomh o8eiomh oteiomh oueiomh oveiomh 
42eiomh 4aeiomh 4beiomh 4ceiomh g2eiomh gaeiomh gbeiomh gceiomh h2eiomh haeiomh hbeiomh hceiomh i2eiomh iaeiomh ibeiomh iceiomh i2eiomh iaeiomh ibeiomh iceiomh 
fjtukvq 
84eiomh 8geiomh 8henvwm 8hlwayk 8ieiomh t4eiomh tgeiomh thenvwm thlwayk tieiomh u4eiomh ugeiomh uhenvwm uhlwayk uieiomh v4eiomh vgeiomh vhenvwm vhlwayk vieiomh v4eiomh vgeiomh vhenvwm vhlwayk vieiomh 
acvqjrr aeerakh basxtdb bblgvli bbnmyiw ccfosaa ccymtnk cdfkgtq cdiohuj daiqjpd ddqutln easamxo ecnncfg fagshne fbaotcu fbvekvt ghenvwm ghlwayk glafeok glqcsse hcnpwen hddqaii hdhfgag hdhhfjg iclhuha iiuojav jagxjll jamqiaf jbxhbfp kafabsl kalbain khudabb ldlhxib leaeuvi lecknea maxtahy mcmiaeo mcxgucp narfqak nbebash nbhpexl oehqdua olnkbag olymfog pasqobq pcxaben qbgtgve qbwpwmx qbwwglk qgpihxj rbramed rchyqee sbfbypr sdnsbuo taeeref tdxtbjg uaixqnt uggkkgg ugowdtq vdlxyrx veigcpx wadbcxj watapaq wdqsahy xblxapi xcptvpe yativod ycyojne aposyyv aelsexs arhaxyg aimacma aeiavay aavxsso aukmcxt aceahug ahaagek avhixja aasiaye ambuwrv anacxju 
acvqjrr aeerakh basxtdb bblgvli bbnmyiw ccfosaa ccymtnk cdfkgtq cdiohuj daiqjpd ddqutln easamxo ecnncfg fagshne fbaotcu fbvekvt ghenvwm ghlwayk glafeok glqcsse hcnpwen hddqaii hdhfgag hdhhfjg iclhuha iiuojav jagxjll jamqiaf jbxhbfp kafabsl kalbain khudabb ldlhxib leaeuvi lecknea maxtahy mcmiaeo mcxgucp narfqak nbebash nbhpexl oehqdua olnkbag olymfog pasqobq pcxaben qbgtgve qbwpwmx qbwwglk qgpihxj rbramed rchyqee sbfbypr sdnsbuo taeeref tdxtbjg uaixqnt uggkkgg ugowdtq vdlxyrx veigcpx wadbcxj watapaq wdqsahy xblxapi xcptvpe yativod ycyojne aposyyv aelsexs arhaxyg aimacma aeiavay aavxsso aukmcxt aceahug ahaagek avhixja aasiaye ambuwrv anacxju 
acvqjrr aeerakh basxtdb bblgvli bbnmyiw ccfosaa ccymtnk cdfkgtq cdiohuj daiqjpd ddqutln easamxo ecnncfg fagshne fbaotcu fbvekvt ghenvwm ghlwayk glafeok glqcsse hcnpwen hddqaii hdhfgag hdhhfjg iclhuha iiuojav jagxjll jamqiaf jbxhbfp kafabsl kalbain khudabb ldlhxib leaeuvi lecknea maxtahy mcmiaeo mcxgucp narfqak nbebash nbhpexl oehqdua olnkbag olymfog pasqobq pcxaben qbgtgve qbwpwmx qbwwglk qgpihxj rbramed rchyqee sbfbypr sdnsbuo taeeref tdxtbjg uaixqnt uggkkgg ugowdtq vdlxyrx vefwvvr veigcpx wadbcxj watapaq wdqsahy xblxapi xcptvpe yativod ycyojne aposyyv aelsexs arhaxyg aimacma aeiavay aavxsso aukmcxt aceahug ahaagek avhixja aasiaye ambuwrv anacxju 
78eiomh 7teiomh 7ueiomh 7veiomh p8eiomh pteiomh pueiomh pveiomh q8eiomh qteiomh queiomh qveiomh r8eiomh rteiomh rueiomh rveiomh s8eiomh steiomh sueiomh sveiomh s8eiomh steiomh sueiomh sveiomh 
acvqjrr aeerakh basxtdb bblgvli bbnmyiw ccfosaa ccymtnk cdfkgtq cdiohuj daiqjpd ddqutln easamxo ecnncfg fagshne fbaotcu fbvekvt ghenvwm ghlwayk glafeok glqcsse hcnpwen hddqaii hdhfgag hdhhfjg iclhuha iiuojav jagxjll jamqiaf jbxhbfp kafabsl kalbain khudabb ldlhxib leaeuvi lecknea maxtahy mcmiaeo mcxgucp narfqak nbebash nbhpexl oehqdua olnkbag olymfog pasqobq pcxaben qbgtgve qbwpwmx qbwwglk qgpihxj rbramed rchyqee sbfbypr sdnsbuo taeeref tdxtbjg uaixqnt uggkkgg ugowdtq vdlxyrx vefwvvr veigcpx wadbcxj watapaq wdqsahy xblxapi xcptvpe yativod ycyojne aposyyv aelsexs arhaxyg aimacma aeiavay aavxsso aukmcxt aceahug ahaagek avhixja aasiaye ambuwrv anacxju 
FALSE 
acvqjrr aeerakh basxtdb bblgvli bbnmyiw ccfosaa ccymtnk cdfkgtq cdiohuj daiqjpd ddqutln easamxo ecnncfg fagshne fbaotcu fbvekvt ghenvwm ghlwayk glafeok glqcsse hcnpwen hddqaii hdhfgag hdhhfjg iclhuha iiuojav jagxjll jamqiaf jbxhbfp kafabsl kalbain khudabb ldlhxib leaeuvi lecknea maxtahy mcmiaeo mcxgucp narfqak nbebash nbhpexl oehqdua olnkbag olymfog pasqobq pcxaben qbgtgve qbwpwmx qbwwglk qgpihxj rbramed rchyqee sbfbypr sdnsbuo taeeref tdxtbjg uaixqnt uggkkgg ugowdtq vdlxyrx vefwvvr veigcpx wadbcxj watapaq wdqsahy xblxapi xcptvpe yativod ycyojne aposyyv aelsexs arhaxyg aimacma aeiavay aavxsso aukmcxt aceahug ahaagek avhixja aasiaye ambuwrv anacxju admoppg 
roeiomh 
fttukvq 
33eiomh 3deiomh 3eeiomh 3feiomh d3vlsdh ddqutln devlsdh dfvlsdh e3iqayc edburpp edmlvqk eeiqayc efiqayc f3tukvq fdtukvq feqcoqv fftukvq f3tukvq fdtukvq feqcoqv fftukvq 
peeiomh 
02eiomh 0aeiomh 0beiomh 0ceiomh 02eiomh 0aeiomh 0beiomh 0ceiomh 
106.886054 
acvqjrr aeerakh basxtdb bblgvli bbnmyiw ccfosaa ccymtnk cdfkgtq cdiohuj daiqjpd ddqutln easamxo ecnncfg fagshne fbaotcu fbvekvt ghenvwm ghlwayk glafeok glqcsse hcnpwen hddqaii hdhfgag hdhhfjg iclhuha iiuojav jagxjll jamqiaf jbxhbfp kafabsl kalbain kgmlkce ldlhxib leaeuvi lecknea maxtahy mcmiaeo mcxgucp narfqak nbebash nbhpexl oehqdua olnkbag olymfog pasqobq pcxaben qbgtgve qbwpwmx qbwwglk qgpihxj rawljha rbkvvcj rbramed sbfbypr sdnsbuo taeeref tdxtbjg uaixqnt uggkkgg ugowdtq vdlxyrx vefwvvr veigcpx wadbcxj watapaq wdqsahy xblxapi xcptvpe yativod ycyojne aposyyv aelsexs arhaxyg aimacma aeiavay aavxsso aukmcxt aceahug ahaagek avhixja aasiaye ambuwrv anacxju admoppg agcakbk 
80eiomh t0eiomh u0eiomh v0eiomh v0eiomh 
acvqjrr aeerakh basxtdb bblgvli bbnmyiw ccfosaa ccymtnk cdfkgtq cdiohuj daiqjpd ddqutln easamxo ecnncfg fagshne fbaotcu fbvekvt ghenvwm ghlwayk glafeok glqcsse hcnpwen hddqaii hdhfgag hdhhfjg iclhuha iiuojav jagxjll jamqiaf jbxhbfp kafabsl kalbain kgmlkce ldlhxib leaeuvi lecknea maxtahy mcmiaeo mcxgucp narfqak nbebash nbhpexl oehqdua olnkbag olymfog pasqobq pcxaben qbgtgve qbwpwmx qbwwglk qgpihxj rawljha rbkvvcj rbramed sbfbypr sdnsbuo taeeref tdxtbjg uaixqnt uggkkgg ugowdtq vdlxyrx vefwvvr veigcpx wadbcxj watapaq wdqsahy xblxapi xcptvpe yativod ycyojne aposyyv aelsexs arhaxyg aimacma aeiavay aavxsso aukmcxt aceahug ahaagek avhixja aasiaye ambuwrv anacxju admoppg agcakbk 
05eiomh 0jeiomh 0keiomh 0lafeok 0lqcsse 05eiomh 0jeiomh 0keiomh 0lafeok 0lqcsse 
64eiomh 6geiomh 6henvwm 6hlwayk 6ieiomh m4eiomh mgeiomh mhenvwm mhlwayk mieiomh n4eiomh ngeiomh nhenvwm nhlwayk nieiomh o4eiomh ogeiomh ohenvwm ohlwayk oieiomh o4eiomh ogeiomh ohenvwm ohlwayk oieiomh 
slafeok slqcsse 
wteiomh 
FALSE 
67eiomh 6peiomh 6qeiomh 6rahhsm 6rbuvmx 6seiomh m7eiomh mpeiomh mqeiomh mrahhsm mrbuvmx mseiomh n7eiomh npeiomh nqeiomh nrahhsm nrbuvmx nseiomh o7eiomh opeiomh oqeiomh orahhsm orbuvmx oseiomh o7eiomh opeiomh oqeiomh orahhsm orbuvmx oseiomh 
aclmyud acvqjrr aeerakh basxtdb bblgvli bbnmyiw ccfosaa ccymtnk cdfkgtq cdiohuj daiqjpd ddqutln easamxo ecnncfg fagshne fbaotcu fbvekvt ghenvwm ghlwayk glafeok glqcsse hacesgi hcnpwen iclhuha idqcuqo jagxjll jamqiaf jbxhbfp kafabsl kalbain kgmlkce ldlhxib leaeuvi lecknea maxtahy mbdaqgx narfqak nbebash nbhpexl oehqdua ojauuig pasqobq pcxaben qbgtgve qbwpwmx qbwwglk qgpihxj rawljha rbkvvcj rbramed sbfbypr sdnsbuo taeeref tdxtbjg uaixqnt uggkkgg ugowdtq vbkvgmq vdjwabq vdlxyrx wadbcxj watapaq wccmhgo xblxapi xcptvpe yaeffwd yativod ycyojne aposyyv aelsexs arhaxyg aimacma aeiavay aavxsso aukmcxt aceahug ahaagek avhixja aasiaye ambuwrv anacxju admoppg agcakbk 
96eiomh 9mfolyf 9mlbrsi 9neiomh 9ocxmby w6eiomh wmfolyf wmlbrsi wneiomh wocxmby x6eiomh xmfolyf xmlbrsi xneiomh xocxmby y6eiomh ymfolyf ymlbrsi yneiomh yocxmby z6eiomh zmfolyf zmlbrsi zneiomh zocxmby z6eiomh zmfolyf zmlbrsi zneiomh zocxmby 
uyeiomh 
aaxxmda aclmyud acvqjrr basxtdb bblgvli bbnmyiw ccfosaa ccymtnk cdfkgtq cdiohuj daiqjpd ddqutln easamxo ebunsaj fagshne fbaotcu fbvekvt gfmwyuq ghenvwm ghlwayk hacesgi hcnpwen iclhuha idqcuqo jagxjll jamqiaf jbxhbfp kafabsl kalbain kgmlkce ldlhxib leaeuvi lecknea maxtahy mbdaqgx narfqak nbebash nbhpexl oehqdua oiqahpa pasqobq pcxaben qbgtgve qbwpwmx qbwwglk qgpihxj rahoqjf rawljha rbkvvcj rbramed sbfbypr sdnsbuo taeeref tdxtbjg uaixqnt uggkkgg ugowdtq vbkvgmq vdjwabq vdlxyrx wadbcxj watapaq wccmhgo xblxapi xcptvpe yaeffwd yativod ycyojne aposyyv aelsexs arhaxyg aimacma aeiavay aavxsso aukmcxt aceahug ahaagek avhixja aasiaye ambuwrv anacxju admoppg agcakbk 
FALSE 
aaxxmda aclmyud acvqjrr basxtdb bblgvli bbnmyiw ccfosaa ccymtnk cdfkgtq cdiohuj daiqjpd ddqutln easamxo ebunsaj fagshne fbaotcu fbvekvt gfmwyuq ghenvwm ghlwayk hacesgi hcnpwen iclhuha idqcuqo jagxjll jamqiaf jbxhbfp kafabsl kalbain kgmlkce ldlhxib leaeuvi lecknea maxtahy mbdaqgx narfqak nbebash nbhpexl oehqdua oiqahpa pasqobq pcxaben qbgtgve qbwpwmx qbwwglk qgpihxj rahoqjf rawljha rbkvvcj rbramed sbfbypr sdnsbuo taeeref tdxtbjg uaixqnt uggkkgg ugowdtq vbkvgmq vdjwabq vdlxyrx wadbcxj watapaq wccmhgo xblxapi xcptvpe yaeffwd yativod ycyojne aposyyv aelsexs arhaxyg aimacma aeiavay aavxsso aukmcxt aceahug ahaagek avhixja aasiaye ambuwrv anacxju admoppg agcakbk 
50eiomh j0eiomh k0eiomh l0eiomh l0eiomh 
81eiomh t1eiomh u1eiomh v1eiomh v1eiomh 
aaxxmda aclmyud acvqjrr basxtdb bblgvli bbnmyiw ccfosaa ccymtnk cdfkgtq cdiohuj daiqjpd ddqutln easamxo ebunsaj fagshne fbaotcu fbvekvt gfmwyuq ghenvwm ghlwayk hacesgi hcnpwen iclhuha idqcuqo jagxjll jamqiaf jbxhbfp kafabsl kalbain kgmlkce ldlhxib leaeuvi lecknea marsuvo maxtahy mbdaqgx narfqak nbebash nbhpexl oehqdua oiqahpa pasqobq pcxaben qbgtgve qbwpwmx qbwwglk qgpihxj rahoqjf rawljha rbkvvcj rbramed sbfbypr sdnsbuo taeeref tdxtbjg uaixqnt ugdvgfp uggkkgg vbkvgmq vdjwabq vdlxyrx wadbcxj watapaq wccmhgo xblxapi xcptvpe yaeffwd yativod ycyojne aposyyv aelsexs arhaxyg aimacma aeiavay aavxsso aukmcxt aceahug ahaagek avhixja aasiaye ambuwrv anacxju admoppg agcakbk 
00eiomh 00eiomh 
06eiomh 0mfolyf 0mlbrsi 0neiomh 0ocxmby 0ojfukr 06eiomh 0mfolyf 0mlbrsi 0neiomh 0ocxmby 0ojfukr 
aaxxmda aclmyud acvqjrr basxtdb bblgvli bbnmyiw ccfosaa ccymtnk cdfkgtq cdiohuj daiqjpd ddqutln easamxo ebunsaj fagshne fbaotcu fbvekvt gfmwyuq ghenvwm ghlwayk hacesgi hcnpwen iclhuha idqcuqo jagxjll jamqiaf jbxhbfp kafabsl kalbain kgmlkce ldlhxib leaeuvi lecknea marsuvo maxtahy mbdaqgx narfqak nbebash nbhpexl oehqdua oiqahpa pasqobq pcxaben qbgtgve qbwpwmx qbwwglk qgpihxj rahoqjf rawljha rbkvvcj rbramed sbfbypr sdnsbuo taeeref tdxtbjg uaixqnt ugdvgfp uggkkgg vbkvgmq vdjwabq vdlxyrx wadbcxj watapaq wccmhgo xblxapi xcptvpe yaeffwd yativod ycyojne aposyyv aelsexs arhaxyg aimacma aeiavay aavxsso aukmcxt aceahug ahaagek avhixja aasiaye ambuwrv anacxju admoppg agcakbk 
aaxxmda aclmyud acvqjrr basxtdb bblgvli bbnmyiw ccfosaa ccymtnk cdfkgtq cdiohuj daiqjpd ddqutln easamxo ebunsaj fagshne fbaotcu fbvekvt gfmwyuq ghenvwm ghlwayk hacesgi hcnpwen iclhuha idqcuqo jagxjll jamqiaf jbxhbfp kafabsl kalbain kgmlkce ldlhxib leaeuvi lecknea marsuvo maxtahy mbdaqgx narfqak nbebash nbhpexl oehqdua oiqahpa pasqobq pcxaben qbgtgve qbwpwmx qbwwglk qgpihxj rahoqjf rawljha rbkvvcj rbramed sbfbypr sdnsbuo taeeref tdxtbjg uaixqnt ugdvgfp uggkkgg vbkvgmq vdjwabq vdlxyrx wadbcxj watapaq wccmhgo xblxapi xcptvpe yaeffwd yativod ycyojne aposyyv aelsexs arhaxyg aimacma aeiavay aavxsso aukmcxt aceahug ahaagek avhixja aasiaye ambuwrv anacxju admoppg agcakbk 
oieiomh 
107.032313 
107.032313 
53eiomh 5deiomh 5eeiomh 5fmwyuq j3eiomh jdeiomh jeeiomh jfmwyuq k3eiomh kdeiomh keeiomh kfmwyuq l3eiomh ldeiomh leeiomh lfmwyuq l3eiomh ldeiomh leeiomh lfmwyuq 
FALSE 
