wxscqyv 
dnlqhsp hjiujxx rqvflob wxscqyv 
dnlqhsp hjiujxx rqvflob wxscqyv 
FALSE 
FALSE 

dnlqhsp flopywl hjiujxx kiiojjr qgxvfha rqvflob vfhqsae wxscqyv 
rqvflob 
bcdqgap dnlqhsp flopywl fuflana hjiujxx kiiojjr ncpclty qgxvfha rqvflob vfhqsae wxscqyv aevwmes yedeebo 
aiemlcb bcdqgap dnlqhsp flopywl fuflana hjiujxx kiiojjr lwjosjq ncpclty ndjclxr owpfjbn qgxvfha qqfthft rirnies rqvflob vfhqsae wxscqyv aevwmes yedeebo 
FALSE 

108.252747 

aiemlcb bcdqgap bcimulg clwpkvi dnlqhsp dxnapoo eexpsbp flopywl fuflana hjiujxx hvxpgqj jcgvswp kiiojjr lggxucu lwjosjq ncpclty ndjclxr owpfjbn qdfjaps qgxvfha rgrvawa rirnies uoouvwo vdgjdqa vfhqsae wdaaqec wxscqyv aevwmes yedeebo aatuqoo 




aiemlcb bcdqgap bcimulg cfaasyp clwpkvi dmemqty dnlqhsp ecytblo eexpsbp flopywl fuflana hjiujxx hvxpgqj jcgvswp kiiojjr lggxucu lnpobny mjaaprx ncpclty ndjclxr owpfjbn qdfjaps qgxvfha rgrvawa rirnies sasoviy uoouvwo vdgjdqa vfhqsae wdaaqec wxscqyv aevwmes yedeebo aatuqoo adaugru 
aiemlcb bcdqgap bcimulg cfaasyp clwpkvi dmemqty dnlqhsp ecytblo eexpsbp fboitfn flopywl hjiujxx hvxpgqj jcgvswp kiiojjr lggxucu lmuytkt mjaaprx ncpclty ndjclxr owpfjbn qdfjaps qgxvfha rgrvawa rirnies sasoviy uoouvwo vdgjdqa vfhqsae wdaaqec wxscqyv aevwmes yedeebo aatuqoo adaugru 

FALSE 

aiemlcb bcdqgap bcimulg cfaasyp clwpkvi dmemqty dnlqhsp ecytblo eexpsbp fboitfn flopywl hjiujxx hvxpgqj jcgvswp jtpelpw kenrlno kiiojjr lggxucu lmuytkt mjaaprx mmivgxm ncpclty ndjclxr orpkgss owpfjbn qdfjaps qgxvfha rgrvawa rirnies sasoviy sdvnajp tgloeut uoouvwo upqjywe vdgjdqa vfhqsae wdaaqec wxscqyv aevwmes yedeebo aatuqoo adaugru awfseuo 
5iemlcb jiemlcb kiemlcb liemlcb liemlcb 
aiemlcb bcdqgap bcimulg cfaasyp clwpkvi dmemqty dnlqhsp ecytblo eexpsbp fboitfn flopywl hjiujxx hvxpgqj jcgvswp jtpelpw kenrlno kiiojjr lggxucu lmuytkt mjaaprx mmivgxm ncpclty ndjclxr orpkgss owpfjbn qdfjaps qgxvfha rgrvawa rirnies sasoviy sdvnajp tgloeut uoouvwo upqjywe vdgjdqa vfhqsae wdaaqec wkajvqa aevwmes yedeebo ymjbfij aatuqoo adaugru awfseuo 
aiemlcb aufuiml bcdqgap bcimulg cfaasyp clwpkvi dmemqty dnlqhsp ecytblo eexpsbp fboitfn flopywl hjiujxx hvxpgqj jcgvswp jtpelpw kenrlno kiiojjr lggxucu lmuytkt mjaaprx mmivgxm ncpclty ndjclxr orpkgss owpfjbn qdfjaps qgxvfha rgrvawa rirnies sasoviy sdvnajp tgloeut uoouvwo upqjywe vdgjdqa vfhqsae wdaaqec wkajvqa aevwmes yedeebo ymjbfij aatuqoo adaugru awfseuo 

108.599379 
aiemlcb aufuiml bcdqgap bcimulg caupmlk cfaasyp dmemqty dnlqhsp ecytblo eexpsbp fboitfn flopywl hcuywsy hjiujxx jcgvswp jtpelpw kavcoko kenrlno lggxucu lmuytkt mjaaprx mmivgxm ncpclty ndjclxr orpkgss owpfjbn pwhuris qdfjaps qgxvfha rgrvawa rirnies sasoviy sdvnajp tgloeut uoouvwo upqjywe vdgjdqa vfhqsae wdaaqec wkajvqa aevwmes yedeebo ymjbfij aatuqoo adaugru awfseuo agqyoxq 
aiemlcb aufuiml bcdqgap bcimulg caupmlk cfaasyp dmemqty dnlqhsp ecytblo eexpsbp fboitfn flopywl hcuywsy hjiujxx jcgvswp jtpelpw kavcoko kenrlno lggxucu lmuytkt mjaaprx mmivgxm ncpclty ndjclxr orpkgss owpfjbn pwhuris qdfjaps qgxvfha rgrvawa rirnies sasoviy sdvnajp tgloeut uoouvwo upqjywe vdgjdqa vfhqsae wdaaqec wkajvqa aevwmes yedeebo ymjbfij aatuqoo adaugru awfseuo agqyoxq 

FALSE 
aiemlcb aufuiml bcdqgap bcimulg caupmlk cfaasyp dmemqty dnlqhsp ecytblo eexpsbp fboitfn flopywl hcuywsy hjiujxx jcgvswp jtpelpw kavcoko kenrlno lggxucu lmuytkt mjaaprx mmivgxm ncpclty ndjclxr orpkgss owpfjbn pwhuris qdfjaps qgxvfha rgrvawa rirnies sasoviy sbncoer tgloeut uoouvwo upqjywe vdgjdqa vfhqsae wdaaqec wkajvqa aevwmes yedeebo ymjbfij aatuqoo adaugru awfseuo agqyoxq 
FALSE 
aiemlcb aufuiml bcdqgap bcimulg caupmlk cbqwaft dmemqty dnlqhsp ecytblo eexpsbp fboitfn flopywl hcuywsy hjiujxx jcgvswp jstabkq kavcoko kenrlno lggxucu lmuytkt mjaaprx mmivgxm ncpclty ndjclxr orpkgss owpfjbn pwhuris qdfjaps qgxvfha rgrvawa rirnies sasoviy sbncoer tgloeut uoouvwo upqjywe vdgjdqa vfhqsae wdaaqec wkajvqa aevwmes yedeebo ymjbfij aatuqoo adaugru awfseuo agqyoxq 
FALSE 
aiemlcb aufuiml bcdqgap bcimulg caupmlk cbqwaft dmemqty dnlqhsp ecytblo eexpsbp fboitfn flopywl hcuywsy hjiujxx jcgvswp jstabkq kavcoko kenrlno lggxucu lmuytkt mjaaprx mmivgxm ncpclty ndjclxr orpkgss owpfjbn pwhuris qdfjaps qgxvfha rgrvawa rirnies sasoviy sbncoer tgloeut uoouvwo upqjywe vdgjdqa vfhqsae wdaaqec wkajvqa aevwmes yedeebo ymjbfij aatuqoo adaugru awfseuo agqyoxq 
aiemlcb aufuiml bcdqgap bcimulg bqtyhen caupmlk cbqwaft dmemqty dnlqhsp ecytblo eexpsbp fboitfn flopywl hcuywsy hjiujxx jcgvswp jstabkq kavcoko kenrlno lggxucu lmuytkt mjaaprx mmivgxm ncpclty ndjclxr orpkgss owpfjbn pwhuris qdfjaps qgxvfha rgrvawa rirnies sasoviy sbncoer tgloeut uoouvwo upqjywe vdgjdqa vfhqsae wdaaqec wkajvqa aevwmes yedeebo ymjbfij aatuqoo adaugru awfseuo agqyoxq 
aiemlcb aufuiml bcdqgap bcimulg bqtyhen caupmlk cbqwaft dmemqty dnlqhsp ecytblo eexpsbp fboitfn flopywl hcuywsy hjiujxx jcgvswp jstabkq kavcoko kenrlno lggxucu lmuytkt mjaaprx mmivgxm ncpclty ndjclxr orpkgss owpfjbn pwhuris qdfjaps qgxvfha rgrvawa rirnies sasoviy sbncoer tgloeut ultajmp uoouvwo vdgjdqa vfhqsae wdaaqec wkajvqa aevwmes yedeebo ymjbfij aatuqoo adaugru awfseuo agqyoxq 
1werlnh 1xkqebn 1werlnh 1xkqebn 
aiemlcb aufuiml bcdqgap bcimulg bqtyhen caupmlk cbqwaft dgwmppj dkfogon ecytblo eexpsbp fboitfn flopywl gsghvgl hcuywsy hjiujxx jcgvswp jptcafk kavcoko kenrlno lggxucu lmlesxq lmuytkt mjaaprx mlhobvt ncpclty ndjclxr orpkgss owpfjbn pwhuris qcfiulj qdfjaps rgrvawa rirnies sasoviy sbncoer tgloeut ultajmp uoouvwo vdgjdqa vfhqsae wdaaqec wkajvqa aevwmes xdikpgn yedeebo ymjbfij aatuqoo adaugru awfseuo agqyoxq 
aiemlcb aufuiml bcdqgap bcimulg bqtyhen caupmlk cbqwaft dgwmppj dkfogon ecytblo eexpsbp fboitfn flopywl gsghvgl hcuywsy hjiujxx iilyvxt jcgvswp jptcafk kavcoko kenrlno lggxucu lmlesxq lmuytkt mjaaprx mlhobvt ncpclty ndjclxr orpkgss owpfjbn pwhuris qcfiulj qdfjaps rgrvawa rirnies sasoviy sbncoer tgloeut ultajmp uoouvwo vdgjdqa vfhqsae wdaaqec wkajvqa aevwmes xdikpgn yedeebo ymjbfij aatuqoo adaugru awfseuo agqyoxq 

FALSE 

aiemlcb aufuiml bcdqgap bcimulg bqtyhen caupmlk cbqwaft dgwmppj dkfogon ecytblo eexpsbp fboitfn fevqdpy gksrqvq gsghvgl hcuywsy hjiujxx iilyvxt jcgvswp jptcafk kavcoko kenrlno lggxucu lmlesxq lmuytkt maacmac mjaaprx ncpclty ndjclxr orpkgss owpfjbn pwhuris qcfiulj qdfjaps rccofmj rgrvawa sasoviy sbncoer tgloeut ultajmp uoouvwo vdgjdqa vfhqsae wdaaqec wkajvqa aevwmes xdikpgn yedeebo ymjbfij aatuqoo adaugru awfseuo agqyoxq 
aiemlcb aufuiml bcdqgap bcimulg bqtyhen caupmlk cbqwaft dgwmppj dkfogon ecytblo eexpsbp fboitfn fevqdpy gksrqvq gsghvgl hcuywsy hjiujxx iilyvxt jcgvswp jptcafk kavcoko kenrlno lggxucu lmlesxq lmuytkt maacmac mjaaprx ncpclty ndjclxr orpkgss owpfjbn pwhuris qcfiulj qdfjaps rccofmj rgrvawa sasoviy sbncoer tgloeut ultajmp uoouvwo vdgjdqa vfhqsae wdaaqec wkajvqa aevwmes xdikpgn yedeebo ymjbfij aatuqoo adaugru awfseuo agqyoxq 

108.134921 
108.043367 
8iemlcb tiemlcb uiemlcb viemlcb viemlcb 
108.087167 
108.087167 
aiemlcb aufuiml bcdqgap bcimulg bqtyhen caupmlk cbqwaft dgwmppj dkfogon ecytblo eexpsbp fboitfn fevqdpy gjbaere gksrqvq hcuywsy hhhdgpk hhynpdu iilyvxt jcgvswp jptcafk kavcoko kdouolc lggxucu lmlesxq lmuytkt maacmac mjaaprx ncpclty ndjclxr ndyskcw ophxnam orpkgss pagaule pnlxisa qcfiulj qdfjaps rccofmj rgrvawa sasoviy sbncoer tgloeut tpmhrvn ultajmp uoouvwo vdgjdqa vfhqsae wdaaqec wdamvth wkajvqa aevwmes xdikpgn xfjmevb yedeebo ymjbfij aatuqoo adaugru awfseuo agqyoxq 



qwerlnh 
aiemlcb aufuiml bcdqgap bcimulg bqtyhen caupmlk cbqwaft dgwmppj dkfogon ecytblo eexpsbp fboitfn fevqdpy gjbaere gksrqvq hcuywsy hhhdgpk hhynpdu iilyvxt ilnriko jcgvswp jkiyffh kavcoko kdouolc lggxucu lmlesxq lmuytkt maacmac mjaaprx ncpclty ndjclxr ndyskcw ophxnam orpkgss pagaule pnlxisa qcfiulj qdfjaps rccofmj rgrvawa sasoviy sbncoer tgloeut tpmhrvn ultajmp uoouvwo vdgjdqa vfhqsae wdaaqec wdamvth wkajvqa aevwmes xdikpgn xfjmevb yedeebo ymjbfij aatuqoo adaugru awfseuo agqyoxq aaafvwe 
aiemlcb aufuiml bcdqgap bcimulg bqtyhen caupmlk cbqwaft dgwmppj dkfogon ecytblo eexpsbp fboitfn fevqdpy gjbaere gksrqvq hcuywsy hhhdgpk hhynpdu iilyvxt ilnriko jcgvswp jkiyffh kavcoko kdouolc lggxucu lmlesxq lmuytkt maacmac mjaaprx ncpclty ndjclxr ndyskcw ophxnam orpkgss pagaule pnlxisa qcfiulj qdfjaps rccofmj rgrvawa sasoviy sbncoer tgloeut tpmhrvn ultajmp uoouvwo vdgjdqa vfhqsae wdaaqec wdamvth wkajvqa aevwmes xdikpgn xfjmevb yedeebo ymjbfij aatuqoo adaugru awfseuo agqyoxq aaafvwe 

3iemlcb diemlcb eiemlcb fiemlcb fiemlcb 
0iemlcb 0iemlcb 
FALSE 
aiemlcb 
TRUE 
1ufuiml 1ufuiml 

aiemlcb aufuiml bcdqgap bcimulg bqtyhen caupmlk cbqwaft dgwmppj diiwvmv ecytblo eexpsbp fboitfn fevqdpy gaerxge gjbaere hcuywsy hhhdgpk hhjctye iilyvxt ilnriko jcgvswp jkiyffh kavcoko kdouolc lggxucu lmlesxq lmuytkt maacmac mjaaprx ncpclty ndjclxr ndyskcw ophxnam orpkgss pagaule pmjwrla qaeuoai qcfiulj rccofmj rgrvawa sasoviy sbncoer tgloeut tpmhrvn uessrjk ultajmp vdgjdqa vfhqsae wdaaqec wdamvth wetbqbr aevwmes xdikpgn xfjmevb ydthpid yedeebo aatuqoo adaugru awfseuo agqyoxq aaafvwe aabvenr 

aiemlcb aufuiml bcdqgap bcimulg bqtyhen caupmlk cbqwaft cbveqvt dgwmppj diiwvmv ebrttns ecytblo fboitfn fevqdpy gaerxge gjbaere hcuywsy hhhdgpk hhjctye iilyvxt ilnriko jcgvswp jkiyffh kavcoko kdouolc lggxucu lmlesxq lmuytkt maacmac mjaaprx ncpclty ndjclxr ndyskcw ophxnam orpkgss pagaule pmjwrla qaeuoai qcfiulj rccofmj rgrvawa sasoviy sbncoer tgloeut tpmhrvn uessrjk ultajmp vbmyuod vdgjdqa wdaaqec wdamvth wetbqbr aevwmes xdikpgn xfjmevb ydthpid yedeebo aatuqoo adaugru awfseuo agqyoxq aaafvwe aabvenr 

FALSE 
FALSE 
aiemlcb aufuiml bcdqgap bcimulg bqtyhen caupmlk cbqwaft cbveqvt dgwmppj dicwopl diiwvmv ebrttns ecytblo fboitfn fevqdpy gaerxge gjbaere hcuywsy hhhdgpk hhjctye iilyvxt ilnriko jafqenj jcgvswp kavcoko kdouolc lggxucu lmlesxq lmuytkt maacmac mjaaprx ncpclty ndjclxr ndyskcw ophxnam orpkgss pagaule pmjwrla qaeuoai qcfiulj rccofmj rgrvawa sasoviy sbncoer tgloeut tpmhrvn uessrjk ultajmp vbmyuod vdgjdqa wcwhpno wdaaqec wdamvth aevwmes xdikpgn xfjmevb ydthpid yedeebo aatuqoo adaugru awfseuo agqyoxq aaafvwe aabvenr 
siemlcb 
aeewara aiemlcb bcdqgap bcimulg bqtyhen caupmlk cbqwaft cbveqvt dgwmppj dicwopl diiwvmv ebrttns ecytblo fboitfn fevqdpy gaerxge gjbaere hcuywsy hhhdgpk hhjctye iilyvxt ilnriko jafqenj jcgvswp kavcoko kdouolc lggxucu lmlesxq lmuytkt maacmac mjaaprx ncpclty ndjclxr ndyskcw ophxnam orpkgss pagaule pmjwrla qaeuoai qcfiulj rccofmj rgrvawa sasoviy sbncoer tgloeut tpmhrvn uessrjk ultajmp vbmyuod vcjumku wcwhpno wdaaqec wdamvth aevwmes xdikpgn xfjmevb ydthpid yedeebo aatuqoo adaugru awfseuo agqyoxq aaafvwe aabvenr 


aeewara aiemlcb bcdqgap bcimulg bqtyhen caupmlk cbqwaft cbveqvt dgwmppj dicwopl diiwvmv ebrttns ecytblo fboitfn fevqdpy gaerxge gjbaere hcuywsy hhhdgpk hhjctye ibgocdf iilyvxt jafqenj jcgvswp kavcoko kdouolc lggxucu lmlesxq lmuytkt maacmac mjaaprx ncpclty ndjclxr ndyskcw okqmiuo ophxnam pagaule pmjwrla qaeuoai qcfiulj rccofmj rgrvawa sasoviy sbncoer tgloeut tpmhrvn uessrjk ultajmp vbmyuod vcjumku wcwhpno wdaaqec wdamvth aevwmes xdikpgn xfjmevb ydthpid yedeebo aatuqoo adaugru awfseuo agqyoxq aaafvwe aabvenr 

8ufuiml tufuiml uufuiml vufuiml vufuiml 

107.895089 



FALSE 
aeewara aiemlcb bcdqgap bcimulg bqtyhen caupmlk cbqwaft cbveqvt dgwmppj dicwopl diiwvmv ebrttns ecytblo fboitfn fevqdpy gaerxge gjbaere hcuywsy hhhdgpk hhjctye ibgocdf iilyvxt jafqenj jcgvswp kavcoko kdouolc lggxucu lhbpofs maacmac mjaaprx ncpclty ndjclxr ndyskcw okqmiuo ophxnam pagaule pmjwrla qaeuoai qcfiulj rccofmj rgrvawa sasoviy sbncoer tgloeut tpmhrvn uessrjk ujfamav vbmyuod vcjumku wcwhpno wdaaqec wdamvth aevwmes xdikpgn xfjmevb ydthpid yedeebo aatuqoo adaugru awfseuo agqyoxq aaafvwe aabvenr 
wiemlcb 

107.593407 
aeewara aiemlcb bcdqgap bcimulg bqtyhen cadudqx caupmlk cbqwaft cbveqvt dgwmppj dicwopl diiwvmv ebrttns ecytblo fboitfn fevqdpy gaerxge gjbaere hcuywsy hhhdgpk hhjctye ibgocdf iilyvxt jafqenj jcgvswp kavcoko kdouolc lggxucu lhbpofs maacmac mjaaprx ncpclty ndjclxr ndyskcw okqmiuo ophxnam pagaule pmjwrla qaeuoai qcfiulj rccofmj rgrvawa sasoviy sbncoer tebvnai tgloeut uessrjk ujfamav vbjsrac vbmyuod vcjumku wcwhpno wdaaqec wdamvth aevwmes xdikpgn xfjmevb ydthpid yedeebo aatuqoo adaugru awfseuo agqyoxq aaafvwe aabvenr 

107.639560 
aeewara aiemlcb bcdqgap bcimulg bqtyhen cadudqx caupmlk cbqwaft cbveqvt dgwmppj dicwopl diiwvmv ebrttns ecytblo fboitfn fevqdpy gaerxge gjbaere hcuywsy hhhdgpk hhjctye ibgocdf iilyvxt jafqenj jcgvswp kavcoko kdouolc lggxucu lhbpofs maacmac mjaaprx ncpclty ndjclxr ndyskcw okqmiuo ophxnam pagaule pmjwrla qaeuoai qcfiulj rccofmj rgrvawa sasoviy sbncoer tebvnai tgloeut uessrjk uiweaky vbjsrac vbmyuod vcjumku wcwhpno wdaaqec wdamvth aevwmes xdikpgn xfjmevb ydthpid yedeebo aatuqoo adaugru awfseuo agqyoxq aaafvwe aabvenr 


aeewara aiemlcb bcdqgap bcimulg bqtyhen cadudqx caupmlk cbqwaft cbveqvt dgwmppj dicwopl diiwvmv ebrttns ecytblo fboitfn fevqdpy gaerxge gjbaere hcuywsy hhhdgpk hhjctye ibgocdf iilyvxt jafqenj jcgvswp kavcoko kdouolc lggxucu lhbpofs maacmac mjaaprx ncpclty ndjclxr ndyskcw okqmiuo ophxnam pagaule pmjwrla qaeuoai qcfiulj rccofmj rgrvawa sasoviy sbncoer tebvnai tgloeut uessrjk uiweaky vbjsrac vbmyuod vcjumku wcwhpno wdaaqec wdamvth aevwmes xdikpgn xfjmevb ydthpid yedeebo aatuqoo adaugru awfseuo agqyoxq aaafvwe aabvenr 
FALSE 
107.712121 
107.712121 
FALSE 



qfbnkep 
FALSE 

8jundoi tjundoi ujundoi vjundoi vjundoi 


FALSE 

aeewara afbnkep bcdqgap bcimulg blmxqsk cadudqx caupmlk cbqwaft cbveqvt dgwmppj dicwopl diiwvmv ebrttns ecytblo fboitfn fevqdpy gaerxge gcsfeax hcuywsy hetbexb ibgocdf ifribew jafqenj jcgvswp kavcoko kdouolc lesewci lggxucu maacmac mjaaprx ncpclty ndjclxr ndyskcw ociddne okqmiuo pagaule phcluvd qaeuoai qcfiulj rccofmj rgrvawa sasoviy sbncoer tebvnai tgloeut uessrjk ufypvag vbjsrac vbmyuod vcjumku wckqdex wcwhpno wdaaqec wdamvth aevwmes xdikpgn xfjmevb ybspcve ydthpid aatuqoo adaugru awfseuo agqyoxq aaafvwe aabvenr ajheeis almgieg ayubklr aqxnyel 
4eewara 4fbnkep geewara gfbnkep heewara hfbnkep ieewara ifbnkep ieewara ifbnkep 
aeewara afbnkep bcdqgap bcimulg blmxqsk cadudqx caupmlk cbqwaft cbveqvt dgwmppj dicwopl diiwvmv ebrttns ecytblo fboitfn fevqdpy gaerxge gcsfeax hcuywsy hetbexb ibgocdf ifribew jafqenj jcgvswp kavcoko kdouolc lesewci lggxucu maacmac mjaaprx ncpclty ndjclxr ndyskcw ociddne okqmiuo pagaule phcluvd qaeuoai qcfiulj rccofmj rgrvawa sasoviy sbncoer tebvnai tgloeut uessrjk ufypvag vbjsrac vbmyuod vcjumku wckqdex wcwhpno wdaaqec wdamvth aevwmes xdikpgn xfjmevb ybspcve ydthpid aatuqoo adaugru awfseuo agqyoxq aaafvwe aabvenr ajheeis almgieg ayubklr aqxnyel 

aeewara afbnkep bcdqgap bcimulg blmxqsk cadudqx caupmlk cbqwaft cbveqvt dgwmppj dicwopl diiwvmv ebrttns ecytblo fboitfn fevqdpy gaerxge gcsfeax hcuywsy hetbexb ibgocdf ifribew jafqenj jcgvswp kavcoko kdouolc lesewci lggxucu maacmac mjaaprx ncpclty ndhvnli ndjclxr ociddne okqmiuo pagaule phcluvd qaeuoai qcfiulj rccofmj rgrvawa sasoviy sbncoer tebvnai tgloeut uessrjk ufypvag vbjsrac vbmyuod vcjumku wcamahv wckqdex wdaaqec wdamvth aevwmes xdikpgn xfjmevb ybspcve ydthpid aatuqoo adaugru awfseuo agqyoxq aaafvwe aabvenr ajheeis almgieg ayubklr aqxnyel 
aeewara afbnkep bcdqgap bcimulg blmxqsk cadudqx caupmlk cbqwaft cbveqvt dgwmppj dicwopl diiwvmv ebrttns ecytblo fboitfn fevqdpy gaerxge gcsfeax hcuywsy hetbexb ibgocdf ifribew jafqenj jcgvswp kavcoko kdouolc lesewci lggxucu maacmac mjaaprx ncpclty ndhvnli ndjclxr ociddne okqmiuo pagaule phcluvd qaeuoai qcfiulj rccofmj rgrvawa sasoviy sbncoer tebvnai tgloeut uessrjk ufypvag vbjsrac vbmyuod vcjumku wcamahv wckqdex wdaaqec wdamvth aevwmes xdikpgn xfjmevb ybspcve ydthpid aatuqoo adaugru awfseuo agqyoxq aaafvwe aabvenr ajheeis almgieg ayubklr aqxnyel 
TRUE 
FALSE 

aeewara afbnkep bcdqgap bcimulg blmxqsk cadudqx caupmlk cbqwaft cbveqvt dgwmppj dicwopl diiwvmv ebrttns ecytblo fboitfn fevqdpy gaerxge gcsfeax hcuywsy hetbexb ibgocdf idfaoer jafqenj jcgvswp kavcoko kdouolc lesewci lggxucu maacmac mjaaprx ncpclty ndhvnli ndjclxr ociddne okqmiuo pagaule pgtmlme qaeuoai qcfiulj rccofmj rgrvawa sasoviy sbncoer tebvnai tgloeut udmyrvk uessrjk vbjsrac vbmyuod vcjumku wcamahv wckqdex wdaaqec wdamvth aevwmes xdikpgn xfjmevb ybspcve ydthpid aatuqoo adaugru awfseuo agqyoxq aaafvwe aabvenr ajheeis almgieg ayubklr aqxnyel 
mtlogkr 
5wdnjcn 5werlnh 5xkqebn jwdnjcn jwerlnh jxkqebn kwdnjcn kwerlnh kxkqebn lwdnjcn lwerlnh lxkqebn lwdnjcn lwerlnh lxkqebn 
2tlogkr 2ufuiml atlogkr aufuiml btlogkr bufuiml ctlogkr cufuiml ctlogkr cufuiml 

8iemlcb 8intsja tiemlcb tintsja uiemlcb uintsja viemlcb vintsja viemlcb vintsja 

TRUE 

aebaeux aeewara afbnkep bcdqgap bcimulg blmxqsk cadudqx caupmlk cbqwaft cbveqvt dgwmppj dicwopl diiwvmv ebrttns ecytblo fboitfn fevqdpy gaerxge gcsfeax hcuywsy hetbexb ibgocdf idfaoer jafqenj jcgvswp kavcoko kdouolc lesewci lggxucu maacmac mjaaprx ncpclty ndhvnli ndjclxr ociddne okqmiuo pagaule pgtmlme qaeuoai qcfiulj raakddw rccofmj sasoviy sbncoer tebvnai tgloeut uddxtlm udmyrvk uessrjk vbjsrac vbmyuod vcjumku wcamahv wckqdex wdaaqec wdamvth aevwmes xdikpgn xfjmevb ybspcve ydthpid aatuqoo adaugru awfseuo agqyoxq aaafvwe aabvenr ajheeis almgieg ayubklr aqxnyel avkbexk 
dufuiml 

aebaeux aeewara afbnkep bcdqgap bcimulg blmxqsk cadudqx caupmlk cbqwaft cbveqvt dgwmppj dicwopl diiwvmv ebrttns ecytblo fboitfn fevqdpy gaerxge gcsfeax hcuywsy hetbexb ibgocdf idfaoer jafqenj jcgvswp kavcoko kdouolc lesewci lggxucu maacmac mjaaprx ncpclty ndhvnli ndjclxr ociddne okqmiuo pagaule pgtmlme qaeuoai qcfiulj raakddw rccofmj sasoviy sbncoer tebvnai tgloeut uddxtlm udmyrvk uessrjk vbjsrac vbmyuod vcjumku wcamahv wckqdex wdaaqec wdamvth aevwmes xdikpgn xfjmevb ybspcve ydthpid aatuqoo adaugru awfseuo agqyoxq aaafvwe aabvenr ajheeis almgieg ayubklr aqxnyel avkbexk 
ziemlcb zintsja 
aebaeux aeewara afbnkep bcdqgap bcimulg blmxqsk cadudqx caupmlk cbqwaft cbveqvt dgwmppj dicwopl diiwvmv ebrttns ecytblo fboitfn fevqdpy gaerxge gcsfeax hcuywsy hetbexb ibgocdf idfaoer jafqenj jcgvswp kavcoko kdouolc lesewci lggxucu maacmac mjaaprx ncpclty ndhvnli ndjclxr ociddne okqmiuo pagaule pgtmlme qaeuoai qcfiulj raakddw rccofmj sasoviy sbncoer tebvnai tgloeut uddxtlm udmyrvk uessrjk vbjsrac vbmyuod vcjumku wcamahv wckqdex wdaaqec wdamvth aevwmes xdikpgn xfjmevb ybspcve ydthpid aatuqoo adaugru awfseuo agqyoxq aaafvwe aabvenr ajheeis almgieg ayubklr aqxnyel avkbexk 
bxkqebn 

FALSE 
FALSE 
nlldisb 



aebaeux aeewara afbnkep bcdqgap bcimulg bfayyyq cadudqx caupmlk cbqwaft cbveqvt dgwmppj dicwopl diiwvmv ebrttns ecytblo fboitfn fevqdpy gaerxge gcsfeax hcuywsy hetbexb ibgocdf idfaoer jafqenj jcgvswp kavcoko kdouolc lesewci lggxucu maacmac mjaaprx ncpclty ndhvnli ndjclxr ociddne oewmnie pagaule pgtmlme qaeuoai qcfiulj raakddw rccofmj sasoviy sbncoer tathspj tebvnai uddxtlm udmyrvk uessrjk vbjsrac vbmyuod vcjumku wcamahv wckqdex wdaaqec wdamvth aevwmes xdikpgn xfjmevb ybspcve ydthpid aatuqoo adaugru awfseuo agqyoxq aaafvwe aabvenr ajheeis almgieg ayubklr aqxnyel avkbexk axynhsb 

7wdnjcn 7werlnh 7xkqebn pwdnjcn pwerlnh pxkqebn qwdnjcn qwerlnh qxkqebn rwdnjcn rwerlnh rxkqebn swdnjcn swerlnh sxkqebn swdnjcn swerlnh sxkqebn 


aebaeux aeewara afbnkep bcdqgap bcimulg bfayyyq cadudqx caupmlk cbqwaft cbveqvt dgwmppj dicwopl diiwvmv ebrttns ecytblo fboitfn fevqdpy gaerxge gcsfeax hcuywsy hetbexb ibgocdf idfaoer jafqenj jcgvswp kavcoko kdouolc lesewci lggxucu maacmac mjaaprx ncpclty ndhvnli ndjclxr ociddne oewmnie pagaule pcndrne qaeuoai qcfiulj raakddw rccofmj sasoviy sbncoer tathspj tebvnai uddxtlm udmyrvk uessrjk vbjsrac vbmyuod vcjumku wcamahv wckqdex wdaaqec wdamvth aevwmes xdikpgn xfjmevb ybspcve ydthpid aatuqoo adaugru awfseuo agqyoxq aaafvwe aabvenr ajheeis almgieg ayubklr aqxnyel avkbexk axynhsb amabmje 
aebaeux aeewara afbnkep bcdqgap bcimulg bfayyyq cadudqx caupmlk cbqwaft cbveqvt dgwmppj dicwopl diiwvmv ebrttns ecytblo faajxds fboitfn gaerxge gcsfeax hcuywsy hetbexb ibgocdf idfaoer jafqenj jcgvswp kavcoko kdouolc lesewci lggxucu maacmac mjaaprx ncpclty ndhvnli ndjclxr ociddne oewmnie pagaule pcndrne qaeuoai qcfiulj raakddw rccofmj sasoviy sbncoer tathspj tebvnai uddxtlm udmyrvk uessrjk vbjsrac vbmyuod vcjumku wcamahv wckqdex wdaaqec wdamvth aevwmes xdikpgn xfjmevb ybspcve ycqlllr aatuqoo adaugru awfseuo agqyoxq aaafvwe aabvenr ajheeis almgieg ayubklr aqxnyel avkbexk axynhsb amabmje avcbgrl 

aebaeux aeewara afbnkep bcdqgap bcimulg bfayyyq cadudqx caupmlk cbqwaft cbveqvt dgwmppj dicwopl diiwvmv ebrttns ecytblo faajxds fboitfn gaerxge gcsfeax hcuywsy hetbexb ibgocdf idfaoer jafqenj jcgvswp kavcoko kdouolc lesewci lggxucu maacmac mdyaldg ncpclty ndhvnli ndjclxr ociddne oewmnie pagaule pcndrne qaeuoai qcfiulj raakddw rccofmj sasoviy sbncoer tathspj tebvnai uddxtlm udmyrvk uessrjk vbjsrac vbmyuod vcjumku wcamahv wckqdex wdaaqec wdamvth aevwmes xdikpgn xfjmevb ybspcve ycqlllr aatuqoo adaugru awfseuo agqyoxq aaafvwe aabvenr ajheeis almgieg ayubklr aqxnyel avkbexk axynhsb amabmje avcbgrl 
xjundoi 
TRUE 
aebaeux aeewara afbnkep bcdqgap bcimulg bfayyyq cadudqx caupmlk cbqwaft cbveqvt dgwmppj dicwopl diiwvmv ebrttns ecytblo faajxds fboitfn gaerxge gcsfeax hcuywsy hetbexb ibgocdf idfaoer jafqenj jcgvswp kavcoko kdouolc lesewci lggxucu maacmac mdyaldg ncpclty ndhvnli ndjclxr ociddne oewmnie pagaule pcndrne qaeuoai qcfiulj raakddw rawhbel rccofmj sasoviy sbncoer tathspj tebvnai uddxtlm udmyrvk uessrjk vbjsrac vbmyuod vcjumku wcamahv wckqdex wdaaqec wdamvth aevwmes xdikpgn xfjmevb ybspcve ycqlllr aatuqoo adaugru awfseuo agqyoxq aaafvwe aabvenr ajheeis almgieg ayubklr aqxnyel avkbexk axynhsb amabmje avcbgrl 

abfarle aebaeux aeewara bcdqgap bcimulg bfayyyq cadudqx caupmlk cbqwaft cbveqvt dgwmppj dicwopl diiwvmv ebrttns ecytblo faajxds fboitfn gaerxge gcioxbk gcsfeax hcuywsy hetbexb ibgocdf idfaoer jafqenj jcgvswp kavcoko kdouolc kdruwvq lcdagvf lesewci maacmac mdyaldg ncpclty ndhvnli ndjclxr ociddne oewmnie pagaule pcndrne qaeuoai qcfiulj raakddw rawhbel rccofmj sasoviy sbncoer tathspj tebvnai uddxtlm udmyrvk uessrjk vbjsrac vbmyuod vcjumku wcamahv wckqdex wdaaqec wdacapi aevwmes xdikpgn xfjmevb ybspcve ycqlllr aatuqoo adaugru awfseuo agqyoxq aaafvwe aabvenr ajheeis almgieg ayubklr aqxnyel avkbexk axynhsb amabmje avcbgrl 
28baeux 28ewara 2tbaeux 2tewara 2ubaeux 2uewara 2vbaeux 2vewara a8baeux a8ewara atbaeux atewara aubaeux auewara avbaeux avewara b8baeux b8ewara btbaeux btewara bubaeux buewara bvbaeux bvewara c8baeux c8ewara ctbaeux ctewara cubaeux cuewara cvbaeux cvewara c8baeux c8ewara ctbaeux ctewara cubaeux cuewara cvbaeux cvewara 
dsbaeux dsewara 
107.078755 
iwbaeux iwewara 
abfarle abguxjd aebaeux aeewara bcdqgap bcimulg bfayyyq cadudqx caupmlk cbqwaft cbveqvt dgwmppj dicwopl diiwvmv ebrttns ecytblo faajxds fboitfn gaerxge gcioxbk gcsfeax hcuywsy hetbexb ibgocdf idfaoer jafqenj jcgvswp kavcoko kdouolc kdruwvq lcdagvf lesewci maacmac mbotnlx ncpclty ndhvnli ndjclxr ociddne oewmnie pagaule pcndrne qaeuoai qcfiulj raakddw rawhbel rccofmj sasoviy sbncoer tathspj tebvnai uddxtlm udmyrvk uessrjk vbjsrac vbmyuod vcjumku wcamahv wckqdex wdaaqec wdacapi aevwmes xbajmcs xdikpgn yaoapah ybspcve aatuqoo adaugru awfseuo agqyoxq aaafvwe aabvenr ajheeis almgieg ayubklr aqxnyel avkbexk axynhsb amabmje avcbgrl 
eabaeux eaewara 
abfarle abguxjd aebaeux aeewara bcdqgap bcimulg bfayyyq cadudqx caupmlk cbqwaft cbveqvt dgwmppj dicwopl diiwvmv ebrttns ecytblo faajxds fboitfn gaerxge gcioxbk gcsfeax hcuywsy hetbexb ibgocdf idfaoer jafqenj jcgvswp kavcoko kcivtjk lcdagvf lesewci maacmac mbotnlx ncpclty ndhvnli ndjclxr ociddne oewmnie pagaule pcndrne qaeuoai qcfiulj raakddw rawhbel rccofmj sasoviy sbncoer tathspj tebvnai uddxtlm udmyrvk uessrjk vbjsrac vbmyuod vcjumku wcamahv wckqdex wdaaqec wdacapi aevwmes xbajmcs xdikpgn yaoapah ybspcve aatuqoo adaugru awfseuo agqyoxq aaafvwe aabvenr ajheeis almgieg ayubklr aqxnyel avkbexk axynhsb amabmje avcbgrl 
41baeux 41ewara g1baeux g1ewara h1baeux h1ewara i1baeux i1ewara i1baeux i1ewara 
frbaeux frewara 
abfarle abguxjd aebaeux aeewara bcdqgap bcimulg bfayyyq cadudqx caupmlk cbqwaft cbveqvt dgwmppj dicwopl diiwvmv ebrttns ecytblo faajxds fboitfn gaerxge gcioxbk gcsfeax hcuywsy hetbexb ibgocdf idfaoer jafqenj jcgvswp kavcoko kcivtjk lcdagvf lesewci maacmac mbotnlx ncpclty ndhvnli ndjclxr obsrsbu ociddne pagaule pcndrne qaeuoai qcfiulj raakddw rawhbel rccofmj sasoviy sbncoer tathspj tebvnai uddxtlm udmyrvk uessrjk vaxjnde vbjsrac vbmyuod wcamahv wckqdex wdaaqec wdacapi aevwmes xbajmcs xdikpgn yaoapah ybspcve aatuqoo adaugru awfseuo agqyoxq aaafvwe aabvenr ajheeis almgieg ayubklr aqxnyel avkbexk axynhsb amabmje avcbgrl 
abfarle abguxjd aebaeux aeewara bcdqgap bcimulg bfayyyq cadudqx caupmlk cbqwaft cbveqvt dgwmppj dicwopl diiwvmv ebrttns ecytblo faajxds fboitfn gaerxge gcioxbk gcsfeax hcuywsy hetbexb ibgocdf idfaoer jafqenj jcgvswp kavcoko kcivtjk lcdagvf lesewci maacmac mbotnlx ncpclty ndhvnli ndjclxr obsrsbu ociddne pagaule pcndrne qaeuoai qcfiulj raakddw rawhbel rccofmj sasoviy sbncoer tathspj tebvnai uddxtlm udmyrvk uessrjk vaxjnde vbjsrac vbmyuod wcamahv wckqdex wdaaqec wdacapi aevwmes xbajmcs xdikpgn yaoapah ybspcve aatuqoo adaugru awfseuo agqyoxq aaafvwe aabvenr ajheeis almgieg ayubklr aqxnyel avkbexk axynhsb amabmje avcbgrl 
sobaeux soewara 
24baeux 24ewara 2gbaeux 2gewara 2hbaeux 2hewara 2ibaeux 2iewara a4baeux a4ewara agbaeux agewara ahbaeux ahewara aibaeux aiewara b4baeux b4ewara bgbaeux bgewara bhbaeux bhewara bibaeux biewara c4baeux c4ewara cgbaeux cgewara chbaeux chewara cibaeux ciewara c4baeux c4ewara cgbaeux cgewara chbaeux chewara cibaeux ciewara 
abfarle abguxjd aebaeux aeewara bcdqgap bcimulg bfayyyq cadudqx caupmlk cbqwaft cbveqvt dgwmppj dicwopl diiwvmv ebrttns ecytblo faajxds fboitfn gaerxge gcioxbk gcsfeax hcuywsy hetbexb ibgocdf idfaoer jafqenj jcgvswp kavcoko kcivtjk lcdagvf lesewci maacmac mbotnlx ncpclty ndhvnli ndjclxr obsrsbu ociddne pagaule pcndrne qaeuoai qcfiulj raakddw rawhbel rccofmj sasoviy sbncoer tathspj tebvnai uddxtlm udmyrvk uessrjk vaxjnde vbjsrac vbmyuod wcamahv wckqdex wdaaqec wdacapi aevwmes xbajmcs xdikpgn yaoapah ybspcve aatuqoo adaugru awfseuo agqyoxq aaafvwe aabvenr ajheeis almgieg ayubklr aqxnyel avkbexk axynhsb amabmje avcbgrl 
96baeux 96ewara 9mbaeux 9mewara 9nbaeux 9newara 9obaeux 9oewara w6baeux w6ewara wmbaeux wmewara wnbaeux wnewara wobaeux woewara x6baeux x6ewara xmbaeux xmewara xnbaeux xnewara xobaeux xoewara y6baeux y6ewara ymbaeux ymewara ynbaeux ynewara yobaeux yoewara z6baeux z6ewara zmbaeux zmewara znbaeux znewara zobaeux zoewara z6baeux z6ewara zmbaeux zmewara znbaeux znewara zobaeux zoewara 
arbaeux arewara 
npbaeux npewara 
vobaeux voewara 
abfarle abguxjd aebaeux aeewara bcdqgap bcimulg bfayyyq cadudqx caupmlk cbqwaft cbveqvt dgwmppj dicwopl diiwvmv ebrttns ecytblo faajxds fboitfn gaerxge gcioxbk gcsfeax hcuywsy hetbexb ibgocdf idfaoer jafqenj jcgvswp kavcoko kcivtjk lcdagvf lesewci maacmac mbotnlx ncpclty ndhvnli ndjclxr obsrsbu ociddne pagaule pcndrne qaeuoai qcfiulj raakddw rawhbel rccofmj sasoviy sbncoer tathspj tebvnai uddxtlm udmyrvk uessrjk vaxjnde vbjsrac vbmyuod wcamahv wckqdex wdaaqec wdacapi aevwmes xbajmcs xdikpgn yaoapah ybspcve aatuqoo adaugru awfseuo agqyoxq aaafvwe aabvenr ajheeis almgieg ayubklr aqxnyel avkbexk axynhsb amabmje avcbgrl alarwgp 
yjbaeux yjewara 
robaeux roewara 
abfarle abguxjd aebaeux aeewara bcdqgap bcimulg beohgdn cadudqx caupmlk cbqwaft cbveqvt dgwmppj dicwopl diiwvmv ebrttns ecytblo faajxds fboitfn gaerxge gcioxbk gcsfeax hcuywsy hetbexb ibgocdf idfaoer jafqenj jcgvswp kavcoko kcivtjk lcdagvf lesewci maacmac mbotnlx ncpclty ndhvnli ndjclxr obsrsbu ociddne pagaule pcndrne qaeuoai qcfiulj raakddw rawhbel rccofmj sasoviy sbncoer tathspj tebvnai uddxtlm udmyrvk uessrjk vaxjnde vbjsrac vbmyuod wcamahv wckqdex wdaaqec wdacapi aevwmes xbajmcs xdikpgn yaoapah ybspcve aatuqoo adaugru awfseuo agqyoxq aaafvwe aabvenr ajheeis almgieg ayubklr aqxnyel avkbexk axynhsb amabmje avcbgrl alarwgp 
FALSE 
53baeux 53ewara 5dbaeux 5dewara 5ebaeux 5eewara 5fbaeux 5fewara j3baeux j3ewara jdbaeux jdewara jebaeux jeewara jfbaeux jfewara k3baeux k3ewara kdbaeux kdewara kebaeux keewara kfbaeux kfewara l3baeux l3ewara ldbaeux ldewara lebaeux leewara lfbaeux lfewara l3baeux l3ewara ldbaeux ldewara lebaeux leewara lfbaeux lfewara 
106.889693 
26baeux 26ewara 2mbaeux 2mewara 2nbaeux 2newara 2obaeux 2oewara a6baeux a6ewara ambaeux amewara anbaeux anewara aobaeux aoewara b6baeux b6ewara bmbaeux bmewara bnbaeux bnewara bobaeux boewara c6baeux c6ewara cmbaeux cmewara cnbaeux cnewara cobaeux coewara c6baeux c6ewara cmbaeux cmewara cnbaeux cnewara cobaeux coewara 
qobaeux qoewara 
gpbaeux gpewara 
abfarle abguxjd aebaeux aeewara bcdqgap bcimulg beohgdn cadudqx caupmlk cbqwaft cbveqvt dgwmppj dicwopl diiwvmv ebrttns ecytblo faajxds fboitfn gaerxge gcioxbk gcsfeax hcuywsy hetbexb ibgocdf idfaoer jafqenj jcgvswp kavcoko kcivtjk lcdagvf lesewci maacmac mbotnlx mbwqnlx ncpclty ndhvnli ndjclxr obsrsbu ociddne pagaule pcndrne qaeuoai qcfiulj raakddw rawhbel rccofmj sasoviy sbncoer tathspj tebvnai uddxtlm udmyrvk uessrjk vaxjnde vbjsrac vbmyuod wcamahv wckqdex wdaaqec wdacapi aevwmes xbajmcs xdikpgn yaoapah ybspcve aatuqoo adaugru awfseuo agqyoxq aaafvwe aabvenr ajheeis almgieg ayubklr aqxnyel avkbexk axynhsb amabmje avcbgrl alarwgp 
abfarle abguxjd aebaeux aeewara bcdqgap bcimulg beohgdn cadudqx caupmlk cbqwaft cbveqvt dgwmppj dicwopl diiwvmv ebrttns ecytblo faajxds fboitfn gaerxge gcioxbk gcsfeax hcuywsy hetbexb ibgocdf idfaoer jafqenj jcgvswp kavcoko kcivtjk lcdagvf lesewci maacmac mbotnlx mbwqnlx ncpclty ndhvnli ndjclxr obsrsbu ociddne pagaule pcndrne qaeuoai qcfiulj raakddw rawhbel rccofmj sasoviy sbncoer tathspj tebvnai uddxtlm udmyrvk uessrjk vaxjnde vbjsrac vbmyuod wcamahv wckqdex wdaaqec wdacapi aevwmes xbajmcs xdikpgn yaoapah ybspcve aatuqoo adaugru awfseuo agqyoxq aaafvwe aabvenr ajheeis almgieg ayubklr aqxnyel avkbexk axynhsb amabmje avcbgrl alarwgp 
107.038801 
10baeux 10ewara 10baeux 10ewara 
01baeux 01ewara 01baeux 01ewara 
05baeux 05ewara 0jbaeux 0jewara 0kbaeux 0kewara 0lbaeux 0lewara 05baeux 05ewara 0jbaeux 0jewara 0kbaeux 0kewara 0lbaeux 0lewara 
abfarle abguxjd aebaeux aeewara bcdqgap bcimulg beohgdn cadudqx caupmlk cbqwaft cbveqvt dgwmppj dicwopl diiwvmv ebrttns ecytblo faajxds fboitfn gaerxge gcioxbk gcsfeax hcuywsy hetbexb ibgocdf idfaoer jafqenj jcgvswp kavcoko kcivtjk lcdagvf lesewci maacmac mbotnlx mbwqnlx ncpclty ndhvnli ndjclxr obsrsbu ociddne pagaule pcndrne qaeuoai qcfiulj raakddw rawhbel rbkxxfq sasoviy sbncoer tathspj tebvnai uddxtlm udmyrvk uessrjk vaxjnde vbjsrac vbmyuod wcamahv wckqdex wdaaqec wdacapi aevwmes xbajmcs xdikpgn yaoapah ybspcve aatuqoo adaugru awfseuo agqyoxq aaafvwe aabvenr ajheeis almgieg ayubklr aqxnyel avkbexk axynhsb amabmje avcbgrl alarwgp auegvtv 
FALSE 
107.038801 
abfarle abguxjd aebaeux aeewara bcdqgap bcimulg beohgdn cadudqx caupmlk cbqwaft cbveqvt dgwmppj dicwopl diiwvmv ebrttns ecytblo faajxds fboitfn gaerxge gcioxbk gcsfeax hcuywsy hetbexb ibgocdf idfaoer jafqenj jcgvswp kavcoko kcivtjk lcdagvf lesewci maacmac mbotnlx mbwqnlx ncpclty ndhvnli ndjclxr obsrsbu ociddne pagaule pcndrne qaeuoai qcfiulj raakddw rawhbel rbkxxfq sasoviy sbncoer tathspj tebvnai uddxtlm udmyrvk uessrjk vaxjnde vbjsrac vbmyuod wcamahv wckqdex wdaaqec wdacapi aevwmes xbajmcs xdikpgn yaoapah ybspcve aatuqoo adaugru awfseuo agqyoxq aaafvwe aabvenr ajheeis almgieg ayubklr aqxnyel avkbexk axynhsb amabmje avcbgrl alarwgp auegvtv 
