FALSE 



divfeqf dvdckix jvoitph mjouefq mxeaiqg rdtagot ryjkank vxmmvqb yhxwfvm awrdpqm 
FALSE 
cbqqjcp divfeqf dvdckix flwropm gdkoknl ismtlfn jvoitph kxsqxnl lvmiasa lvvxytg mjouefq mxeaiqg nevauyp nxvrorj odqskjx pievktc rdtagot ryjkank tpirhav vsywdvq vxmmvqb wgfdybx xukvhka ybegdpw yhxwfvm awrdpqm 



FALSE 
FALSE 
cbqqjcp ceybaja divfeqf dvdckix flwropm gdkoknl ismtlfn jvoitph kxsqxnl lvmiasa lvvxytg mjouefq mxeaiqg nevauyp nhphreo odqskjx pievktc pkgixay rdtagot rscthms tpirhav vsywdvq vxmmvqb wgfdybx xukvhka ybegdpw yhxwfvm awrdpqm 

cbqqjcp ceybaja decjeur divfeqf flwropm gdkoknl gwdckky ismtlfn jvoitph kxsqxnl lvmiasa lvvxytg mjouefq mxeaiqg nevauyp nhphreo odqskjx pievktc pkgixay rdtagot rscthms tpirhav vsywdvq vxmmvqb wgfdybx xukvhka ybegdpw yhxwfvm awrdpqm 

FALSE 
108.814286 



aavuruv cbqqjcp ceybaja decjeur divfeqf ffriybf fhrbcki gdkoknl gwdckky iavmesm ismtlfn jvoitph kxsqxnl lmorekk lvmiasa lvvxytg mjouefq mxeaiqg nevauyp nhphreo odqskjx pddpblp pievktc rdtagot rscthms tpirhav vrpjojq vsywdvq wgfdybx xukvhka ybegdpw yhxwfvm awrdpqm 

FALSE 



aavuruv aufayfx cbqqjcp ceybaja decjeur divfeqf ffriybf fhrbcki gdkoknl gistvux iavmesm ihqgjqn jvoitph kbrxqhc kjsehhf lmorekk lvmiasa lvvxytg mewbbhm mjouefq nevauyp nhphreo odqskjx pddpblp pievktc rdtagot rscthms tpirhav vrpjojq vsywdvq wgfdybx xukvhka xytjlui yaorheu ybegdpw awrdpqm 

kxsqxnl 
xukvhka ytxcevh 
108.327922 


FALSE 
aavuruv afntvfk bexnlkk blhrbwh cbqqjcp ceybaja decjeur divfeqf ejmaiir faohodm ffriybf gdkoknl gistvux hliiovu hlkwvce iavmesm ihbbnow ihqgjqn jvoitph kbrxqhc kjsehhf lmorekk lvmiasa lvvxytg mewbbhm mjouefq neebbeo nevauyp nhphreo odqskjx ofbkkfo pddpblp pievktc qljadys qquvgvq rdtagot rmtuvix sbmkhur sljymdx slqpscu tixnysu tpejyio tpirhav uhbjtqj vexyoji vlaupuv wgfdybx xukvhka xytjlui yaorheu ybegdpw awrdpqm aopkmqb 

aavuruv afntvfk bexnlkk blhrbwh cbqqjcp ceybaja decjeur divfeqf ejmaiir faohodm ffriybf gdkoknl gistvux hliiovu hlkwvce iavmesm ihbbnow ihqgjqn jvoitph kbrxqhc kjsehhf lmorekk lvmiasa lvvxytg mewbbhm mjouefq neebbeo nevauyp nhphreo odqskjx ofbkkfo pddpblp pievktc qljadys qquvgvq rdtagot rmtuvix sbmkhur sljymdx slqpscu tixnysu tpejyio tpirhav uhbjtqj vexyoji vlaupuv wgfdybx xukvhka xytjlui yaorheu ybegdpw awrdpqm aopkmqb 
108.592593 

FALSE 
aavuruv afntvfk bexnlkk blhrbwh cbqqjcp ceybaja decjeur divfeqf ejmaiir faohodm ffriybf gdkoknl gdwmvla gistvux hliiovu hlkwvce iavmesm ihbbnow ihqgjqn jdlokdr jvoitph kbrxqhc kjsehhf lcxjgmi lmorekk mewbbhm mjouefq neebbeo nevauyp nhphreo odqskjx ofbkkfo pddpblp pievktc qljadys qquvgvq rdtagot rlpbfub sbmkhur sljymdx slqpscu tbmohoh tixnysu uhbjtqj vexyoji vlaupuv wgfdybx worsvsw xukvhka xytjlui yaorheu ybegdpw awrdpqm aopkmqb aqxlhmj 
108.403061 

108.438424 
aavuruv afntvfk bexnlkk blhrbwh cbqqjcp ceybaja decjeur divfeqf diyipks ejmaiir faohodm ffriybf gdkoknl gdwmvla gistvux hliiovu hlkwvce iavmesm ihbbnow ihqgjqn jdlokdr jvoitph kawxgrr kbrxqhc lcxjgmi lmorekk mewbbhm mjouefq neebbeo nevauyp nhphreo ociyogl odqskjx pddpblp pievktc qljadys qquvgvq rdtagot rlpbfub sbmkhur sljymdx slqpscu tbmohoh tbnbnbn tixnysu uhbjtqj uipmqnf vexyoji vlaupuv wgfdybx wksjbut xukvhka xytjlui yaorheu ybegdpw awrdpqm aopkmqb aqxlhmj avkhdbu acrvbgx 
0liiovu 0lkwvce 0liiovu 0lkwvce 
aavuruv afntvfk bexnlkk blhrbwh cbqqjcp ceybaja decjeur divfeqf diyipks ejmaiir faohodm ffriybf gdkoknl gdwmvla gistvux hliiovu hlkwvce iavmesm ihbbnow ihqgjqn jdlokdr jvoitph kawxgrr kbrxqhc lcxjgmi lmorekk mewbbhm mjouefq namwlaa neebbeo nevauyp ociyogl odqskjx pddpblp pievktc qljadys qquvgvq rdtagot rlpbfub sbmkhur sljymdx slqpscu tbmohoh tbnbnbn tixnysu uhbjtqj uipmqnf vexyoji vlaupuv wgfdybx wksjbut xrtkdmn xukvhka yaorheu ybegdpw awrdpqm aopkmqb aqxlhmj avkhdbu acrvbgx 
aavuruv afntvfk bexnlkk blhrbwh cbqqjcp ceybaja decjeur divfeqf diyipks ejmaiir faohodm ffriybf gdkoknl gdwmvla gistvux hliiovu hlkwvce iavmesm ihbbnow ihqgjqn jdlokdr jvoitph kawxgrr kbrxqhc lcxjgmi lmorekk mewbbhm mjouefq namwlaa neebbeo nevauyp ociyogl odqskjx pddpblp pievktc qljadys qquvgvq rdtagot rlpbfub sbmkhur sljymdx slqpscu tbmohoh tbnbnbn tixnysu uhbjtqj uipmqnf vexyoji vlaupuv wgfdybx wksjbut xrtkdmn xukvhka yaorheu ybegdpw awrdpqm aopkmqb aqxlhmj avkhdbu acrvbgx 
aavuruv afntvfk bexnlkk blhrbwh cbqqjcp ceybaja decjeur divfeqf diyipks ejmaiir faohodm ffriybf gdkoknl gdwmvla gistvux hliiovu hlkwvce iavmesm ihbbnow ihqgjqn jdlokdr jvoitph kawxgrr kbrxqhc lcxjgmi lmorekk mewbbhm mjouefq namwlaa neebbeo nevauyp ociyogl odqskjx pddpblp pievktc qljadys qquvgvq rdtagot rlpbfub sbmkhur sljymdx slqpscu tbmohoh tbnbnbn tixnysu uhbjtqj uipmqnf vexyoji vlaupuv wgfdybx wksjbut xrtkdmn xukvhka yaorheu ybegdpw awrdpqm aopkmqb aqxlhmj avkhdbu acrvbgx 
decjeur ffriybf ffriybf 
aavuruv afntvfk bexnlkk blhrbwh cbqqjcp ceybaja decjeur divfeqf diyipks ejmaiir faohodm ffriybf gdkoknl gdwmvla gistvux hliiovu hlkwvce iavmesm ihbbnow ihqgjqn jdlokdr jvoitph kawxgrr kbrxqhc lcxjgmi lmorekk mewbbhm mjouefq namwlaa neebbeo nevauyp ociyogl odqskjx pddpblp pievktc qkhjpuu qljadys rdtagot rlpbfub sbmkhur sljymdx slqpscu tbmohoh tbnbnbn tixnysu uhbjtqj uipmqnf vexyoji vlaupuv wgfdybx wksjbut xrtkdmn xukvhka yaorheu ybegdpw awrdpqm aopkmqb aqxlhmj avkhdbu acrvbgx 
aavuruv afntvfk bexnlkk blhrbwh cbqqjcp ceybaja decjeur divfeqf diyipks edaldyj ejmaiir faohodm ffriybf gdkoknl gdwmvla gistvux hliiovu hlkwvce iavmesm ihbbnow ihqgjqn jdlokdr jvoitph kawxgrr kbrxqhc lcxjgmi lmorekk mewbbhm mjouefq namwlaa neebbeo nevauyp ociyogl odqskjx pddpblp pievktc qkhjpuu qljadys rdtagot rlpbfub sbmkhur sljymdx slqpscu tbmohoh tbnbnbn tixnysu uhbjtqj uipmqnf vexyoji vlaupuv wgfdybx wksjbut xrtkdmn xukvhka yaorheu ybegdpw awrdpqm aopkmqb aqxlhmj avkhdbu acrvbgx 

aavuruv afntvfk bexnlkk blhrbwh cbqqjcp ceybaja decjeur divfeqf diyipks edaldyj ejmaiir faohodm ffriybf gdkoknl gdwmvla gistvux hliiovu hlkwvce iavmesm ihbbnow ihqgjqn jdlokdr jvoitph kawxgrr kbrxqhc lcxjgmi lmorekk mewbbhm mjouefq namwlaa neebbeo nevauyp ociyogl odqskjx pddpblp pievktc qkhjpuu qljadys rdtagot rlpbfub sbmkhur sljymdx slqpscu tbmohoh tbnbnbn tixnysu uhbjtqj uipmqnf vbqmwmf vexyoji wgfdybx wksjbut xbxrrfn xrtkdmn yaorheu ybegdpw awrdpqm aopkmqb aqxlhmj avkhdbu acrvbgx 



aavuruv afntvfk bdgvfpk bexnlkk cbqqjcp ceybaja decjeur divfeqf diyipks edaldyj ejmaiir faohodm ffriybf gdkoknl gdwmvla gistvux hliiovu hlkwvce iavmesm ihbbnow ihqgjqn jdlokdr jvoitph kawxgrr kbrxqhc lcxjgmi lmorekk mewbbhm mjouefq namwlaa neebbeo nevauyp ociyogl odhdaxj odqskjx pddpblp pievktc qkhjpuu qljadys rdtagot reufxeh sbmkhur sljymdx slqpscu tbmohoh tbnbnbn tixnysu ugrhslr uhbjtqj vbqmwmf vexyoji wgfdybx wiagagj xbxrrfn xrtkdmn yaorheu ybegdpw awrdpqm aopkmqb aqxlhmj avkhdbu acrvbgx alxpbwm 
gvqmkic 
aavuruv afntvfk bdgvfpk bexnlkk cbqqjcp ceybaja decjeur divfeqf diyipks ecxqadt edaldyj faohodm ffriybf gdkoknl gdwmvla gistvux hliiovu hlkwvce iavmesm ihbbnow ihqgjqn jdlokdr jvoitph kawxgrr kbrxqhc lcxjgmi lmorekk mewbbhm mjouefq namwlaa neebbeo nevauyp ociyogl odhdaxj odqskjx pddpblp pievktc qkhjpuu qljadys rdtagot reufxeh sbmkhur sljymdx slqpscu tbmohoh tbnbnbn tixnysu ugrhslr uhbjtqj vbqmwmf vexyoji wgfdybx wiagagj xbxrrfn xgykvgx yaorheu ybegdpw awrdpqm aopkmqb aqxlhmj avkhdbu acrvbgx alxpbwm 
ekiebbn 
aavuruv afntvfk bdgvfpk bexnlkk cbqqjcp ceybaja decjeur divfeqf diyipks ecxqadt edaldyj faohodm ffriybf gdkoknl gdwmvla gistvux hliiovu hlkwvce iavmesm ihbbnow ihqgjqn jdlokdr jvoitph kawxgrr kbrxqhc lcxjgmi lmorekk mceuawb mewbbhm namwlaa neebbeo nevauyp ociyogl odhdaxj odqskjx pddpblp pievktc qkhjpuu qljadys rdtagot reufxeh sbmkhur sljymdx slqpscu tbmohoh tbnbnbn tixnysu ugrhslr uhbjtqj vbqmwmf vexyoji wgfdybx wiagagj xbxrrfn xgykvgx yaorheu ybegdpw awrdpqm aopkmqb aqxlhmj avkhdbu acrvbgx alxpbwm 
108.250549 

aavuruv afntvfk bdgvfpk bexnlkk cbqqjcp ceybaja decjeur divfeqf diyipks ebogaus ecxqadt faohodm ffriybf gdkoknl gdwmvla gistvux hliiovu hljssot iavmesm iddiyyw jcahbkk jdlokdr kawxgrr kbrxqhc lcxjgmi lmorekk mceuawb mchhctx mewbbhm namwlaa ndlwmbn obkhmrs ociyogl pddpblp pievktc qkhjpuu qkjirtw qljadys qloxmra rdtagot reufxeh sbmkhur sljymdx slqpscu tbmohoh tbnbnbn tixnysu ugrhslr uhbjtqj vbqmwmf vexyoji wcglsen wgfdybx wglvgln xbxrrfn xgykvgx yaorheu ybegdpw awrdpqm aopkmqb aqxlhmj avkhdbu acrvbgx alxpbwm aqauedn 
gvqmkic 
aavuruv afntvfk bdgvfpk bexnlkk cbqqjcp ceybaja decjeur divfeqf diyipks ebogaus ecxqadt faohodm ffriybf gdkoknl gdwmvla gistvux hliiovu hljssot iavmesm iddiyyw jcahbkk jdlokdr kawxgrr kbrxqhc lcxjgmi lmorekk mceuawb mchhctx mewbbhm namwlaa ndlwmbn obkhmrs ociyogl pddpblp pievktc qkhjpuu qkjirtw qljadys qloxmra rdtagot reufxeh sbmkhur sljymdx slqpscu tbmohoh tbnbnbn tixnysu ugrhslr uhbjtqj vbqmwmf vexyoji wcglsen wgfdybx wglvgln xbxrrfn xgykvgx yaorheu ybegdpw awrdpqm aopkmqb aqxlhmj avkhdbu acrvbgx alxpbwm aqauedn 
aavuruv afntvfk bdgvfpk bexnlkk cbqqjcp ceybaja decjeur divfeqf diyipks ebogaus ecxqadt faohodm ffriybf gdkoknl gdwmvla gistvux hliiovu hljssot iavmesm iddiyyw jcahbkk jdlokdr kawxgrr kbrxqhc lcxjgmi lmorekk mceuawb mchhctx mewbbhm namwlaa ndlwmbn obkhmrs ociyogl pddpblp pievktc qkhjpuu qkjirtw qljadys qloxmra rdtagot reufxeh sbmkhur sljymdx slqpscu tbmohoh tbnbnbn tixnysu ugrhslr uhbjtqj vbqmwmf vexyoji wcglsen wgfdybx wglvgln xbxrrfn xgykvgx yaorheu ybegdpw awrdpqm aopkmqb aqxlhmj avkhdbu acrvbgx alxpbwm aqauedn 
aavuruv afntvfk bdgvfpk bexnlkk cbqqjcp ceybaja decjeur divfeqf diyipks ebogaus ecxqadt faohodm ffriybf gdkoknl gdwmvla gistvux hliiovu hljssot iavmesm iddiyyw jcahbkk jdlokdr kawxgrr kbrxqhc lcxjgmi lmorekk mceuawb mchhctx mewbbhm namwlaa ndlwmbn obkhmrs ociyogl pddpblp pievktc qkhjpuu qkjirtw qljadys qloxmra rdtagot reufxeh sbmkhur sljymdx slqpscu tbmohoh tbnbnbn tixnysu ugrhslr uhbjtqj vbqmwmf vexyoji wcglsen wgfdybx wglvgln xbxrrfn xgykvgx yaorheu ybegdpw awrdpqm aopkmqb aqxlhmj avkhdbu acrvbgx alxpbwm aqauedn 


aavuruv afntvfk bdgvfpk bexnlkk cbqqjcp ceybaja decjeur divfeqf diyipks ebogaus ecxqadt faohodm ffriybf gcohpwg gdkoknl gdwmvla hliiovu hljssot iavmesm iddiyyw jcahbkk jdlokdr kawxgrr kbrxqhc lcxjgmi levrucj mceuawb mchhctx mewbbhm namwlaa ndlwmbn obkhmrs ociyogl pddpblp pievktc qkhjpuu qkjirtw qljadys qloxmra rdtagot reufxeh sbmkhur sljymdx slqpscu tbmohoh tbnbnbn tixnysu ugrhslr uhbjtqj vbqmwmf vexyoji wcglsen wgfdybx wglvgln xbxrrfn xgykvgx yaorheu ybegdpw awrdpqm aopkmqb aqxlhmj avkhdbu acrvbgx alxpbwm aqauedn avadboj 

108.047619 
c1avjwm c1avjwm 
107.907692 
aavuruv afntvfk bdgvfpk bexnlkk cbqqjcp ceybaja decjeur divfeqf diyipks ebogaus ecxqadt faohodm ffriybf gcohpwg gdkoknl gdwmvla hliiovu hljssot iavmesm iddiyyw jcahbkk jdlokdr kawxgrr kbrxqhc lcxjgmi levrucj mceuawb mchhctx mewbbhm namwlaa ndlwmbn obkhmrs ociyogl pddpblp pievktc qkhjpuu qkjirtw qljadys qloxmra rdtagot reufxeh sbmkhur sejhaer tbmohoh tbnbnbn tixnysu ugrhslr uhbjtqj vbqmwmf vexyoji wcglsen wgfdybx wglvgln xbxrrfn xgykvgx yaorheu ybegdpw awrdpqm aopkmqb aqxlhmj avkhdbu acrvbgx alxpbwm aqauedn avadboj 
FALSE 
aavuruv afntvfk bdgvfpk bexnlkk cbqqjcp ceybaja decjeur divfeqf diyipks ebogaus ecxqadt faohodm ffriybf gcohpwg gdkoknl gdwmvla hliiovu hljssot iavmesm iddiyyw jcahbkk jdlokdr kawxgrr kbrxqhc lcxjgmi levrucj mceuawb mchhctx mewbbhm namwlaa ndlwmbn obkhmrs ociyogl pddpblp pievktc qkhjpuu qkjirtw qljadys qloxmra rdtagot reufxeh sbmkhur sejhaer tbmohoh tbnbnbn tixnysu ugrhslr uhbjtqj vbqmwmf vexyoji wcglsen wgfdybx wglvgln xbxrrfn xgykvgx yaorheu ybegdpw awrdpqm aopkmqb aqxlhmj avkhdbu acrvbgx alxpbwm aqauedn avadboj 
FALSE 





107.746753 

aavuruv afntvfk bdgvfpk bexnlkk bexalhi cbqqjcp ceybaja decjeur divfeqf diyipks ebogaus ecxqadt faohodm ffriybf gcohpwg gdkoknl gdwmvla hliiovu hljssot iavmesm iddiyyw jcahbkk jdlokdr kawxgrr kbrxqhc lcxjgmi levrucj maqhuja mceuawb mchhctx namwlaa ndlwmbn obkhmrs ociyogl pddpblp pievktc qkhjpuu qkjirtw qljadys qloxmra rdsysae rdtagot reufxeh sbmkhur sejhaer tbmohoh tbnbnbn tglvkck ugrhslr uhbjtqj vbqmwmf vexyoji wcglsen wdsigex xbxrrfn xgykvgx yaorheu ybegdpw awrdpqm aopkmqb aqxlhmj avkhdbu acrvbgx alxpbwm aqauedn avadboj 
aavuruv afntvfk bdgvfpk bexnlkk bexalhi cbqqjcp ceybaja decjeur divfeqf diyipks ebogaus ecxqadt faohodm ffriybf gcohpwg gdkoknl gdwmvla hliiovu hljssot iavmesm iddiyyw jcahbkk jdlokdr kawxgrr kbrxqhc lcxjgmi levrucj maqhuja mceuawb mchhctx namwlaa ndlwmbn obkhmrs ociyogl pddpblp pievktc qkhjpuu qkjirtw qljadys qloxmra rdsysae rdtagot reufxeh sbmkhur sejhaer tbmohoh tbnbnbn tglvkck ugrhslr uhbjtqj vbqmwmf vexyoji wcglsen wdsigex xbxrrfn xgykvgx yaorheu ybegdpw awrdpqm aopkmqb aqxlhmj avkhdbu acrvbgx alxpbwm aqauedn avadboj 
0liiovu 0ljssot 0liiovu 0ljssot 
aavuruv afntvfk bdgvfpk bexnlkk bexalhi cbqqjcp ceybaja decjeur divfeqf diyipks ebogaus ecxqadt faohodm ffriybf gcohpwg gdkoknl gdwmvla hliiovu hljssot iavmesm iddiyyw jcahbkk jdlokdr kawxgrr kbrxqhc lcxjgmi levrucj maqhuja mceuawb mchhctx namwlaa ndlwmbn obkhmrs ociyogl pddpblp pievktc qkhjpuu qkjirtw qljadys qloxmra rdsysae rdtagot reufxeh sbmkhur sejhaer tbmohoh tbnbnbn tglvkck ugrhslr uhbjtqj vbqmwmf vexyoji wcglsen wdsigex xbxrrfn xgykvgx yaorheu ybegdpw awrdpqm aopkmqb aqxlhmj avkhdbu acrvbgx alxpbwm aqauedn avadboj agypanu 
FALSE 
TRUE 
aavuruv afntvfk bdgvfpk bexnlkk bexalhi cbqqjcp ceybaja decjeur divfeqf diyipks ebogaus ecxqadt faohodm ffriybf gcohpwg gdkoknl gdwmvla hliiovu hljssot iavmesm iddiyyw jcahbkk jdlokdr kawxgrr kbrxqhc lcxjgmi levrucj maeehtv maqhuja mceuawb mchhctx namwlaa ndlwmbn obkhmrs ociyogl pddpblp pievktc qkhjpuu qkjirtw qljadys qloxmra rdsysae rdtagot reqlige reufxeh sbmkhur sejhaer tbmohoh tbnbnbn tglvkck ugrhslr uhbjtqj vbqmwmf vexyoji wcglsen wdsigex xbxrrfn xgykvgx yaorheu ybegdpw awrdpqm aopkmqb aqxlhmj avkhdbu acrvbgx alxpbwm aqauedn avadboj agypanu 

2liiovu 2ljssot blhrbwh c5avjwm cjavjwm ckyguji clavjwm c5avjwm cjavjwm ckyguji clavjwm 
aavuruv afntvfk bdgvfpk bexnlkk bexalhi cbqqjcp ceybaja decjeur divfeqf diyipks ebogaus ecxqadt faohodm ffriybf gcohpwg gdkoknl gdwmvla hliiovu hljssot iavmesm iddiyyw jcahbkk jdlokdr kawxgrr kbrxqhc lcxjgmi levrucj maeehtv maqhuja mceuawb mchhctx namwlaa ndlwmbn obkhmrs ociyogl pddpblp pievktc qkhjpuu qkjirtw qljadys qloxmra rdsysae rdtagot reqlige reufxeh sbmkhur sejhaer tbmohoh tbnbnbn tglvkck ugrhslr uhbjtqj vbqmwmf vexyoji wcglsen wdsigex xbxrrfn xgykvgx yaorheu ybegdpw awrdpqm aopkmqb aqxlhmj avkhdbu acrvbgx alxpbwm aqauedn avadboj agypanu 
FALSE 
epcoyft ephrota 

FALSE 

aavuruv afntvfk bdgvfpk bexnlkk bexalhi cbqqjcp ceybaja decjeur divfeqf diyipks ebogaus ecxqadt faohodm ffriybf gcohpwg gdkoknl gdwmvla hliiovu hljssot iavmesm iddiyyw jcahbkk jdlokdr kawxgrr kbrxqhc laiopvl lcxjgmi maeehtv maqhuja mceuawb mchhctx namwlaa ndlwmbn obkhmrs ociyogl pddpblp pievktc qkhjpuu qkjirtw qljadys qloxmra rdsysae rdtagot reqlige reufxeh sbmkhur sejhaer tbmohoh tbnbnbn tglvkck ugrhslr uhbjtqj vbqmwmf vevqlqt vexyoji wcaqdpu wcglsen wdsigex xbxrrfn xgykvgx yaorheu ybegdpw awrdpqm aopkmqb aqxlhmj avkhdbu acrvbgx alxpbwm aqauedn avadboj agypanu appttut actsmbp 
aavuruv afntvfk bdgvfpk bexnlkk bexalhi cbqqjcp ceybaja decjeur divfeqf diyipks ebogaus ecxqadt faohodm ffriybf gcohpwg gdkoknl gdwmvla hliiovu hljssot iavmesm iddiyyw jcahbkk jdlokdr kawxgrr kbrxqhc laiopvl lcxjgmi maeehtv maqhuja mceuawb mchhctx namwlaa ndlwmbn obkhmrs ociyogl pddpblp pievktc qkhjpuu qkjirtw qljadys qloxmra rdsysae rdtagot reqlige reufxeh sbmkhur sejhaer tbmohoh tbnbnbn tglvkck ugrhslr uhbjtqj vbqmwmf vevqlqt vexyoji wcaqdpu wcglsen wdsigex xbxrrfn xgykvgx yaorheu ybegdpw awrdpqm aopkmqb aqxlhmj avkhdbu acrvbgx alxpbwm aqauedn avadboj agypanu appttut actsmbp aljelyc awsectt 

dpqusnu drclbkh dryilna dsdhvsp e7iebbn epcoyft ephrota eqiebbn eriebbn esiebbn fpxxfeb fqvwgaj frnfjhg fpxxfeb fqvwgaj frnfjhg 
aavuruv afntvfk bdgvfpk bexnlkk bexalhi cbqqjcp ceybaja decjeur divfeqf diyipks ebogaus ecxqadt faohodm ffriybf gcohpwg gdkoknl gdwmvla hliiovu hljssot iavmesm iddiyyw jcahbkk jdlokdr kawxgrr kbrxqhc laiopvl lcxjgmi maeehtv maqhuja mceuawb mchhctx namwlaa ndlwmbn obkhmrs ociyogl pddpblp pievktc qkhjpuu qkjirtw qljadys qloxmra rdsysae rdtagot reqlige reufxeh sbmkhur sejhaer tbmohoh tbnbnbn tglvkck ugrhslr uhbjtqj vbqmwmf vevqlqt vexyoji wcaqdpu wcglsen wdsigex xbxrrfn xgykvgx yaorheu ybegdpw awrdpqm aopkmqb aqxlhmj avkhdbu acrvbgx alxpbwm aqauedn avadboj agypanu appttut actsmbp aljelyc awsectt 
aavuruv afntvfk bdgvfpk bexnlkk bexalhi cbqqjcp ceybaja decjeur divfeqf diyipks ebogaus ecxqadt faohodm ffriybf gcohpwg gdkoknl gdwmvla hliiovu hljssot iavmesm iddiyyw jcahbkk jdlokdr kawxgrr kbrxqhc laiopvl lcxjgmi maeehtv maqhuja mceuawb mchhctx namwlaa ndlwmbn obkhmrs ociyogl pddpblp pievktc qkhjpuu qkjirtw qljadys qloxmra rdsysae rdtagot reqlige reufxeh sbmkhur sejhaer tbmohoh tbnbnbn tglvkck ugrhslr uhbjtqj vbqmwmf vevqlqt vexyoji wcaqdpu wcglsen wdsigex xbxrrfn xgykvgx yaorheu ybegdpw awrdpqm aopkmqb aqxlhmj avkhdbu acrvbgx alxpbwm aqauedn avadboj agypanu appttut actsmbp aljelyc awsectt 

FALSE 
aavuruv afntvfk bdgvfpk bexnlkk bexalhi cbqqjcp ceybaja decjeur divfeqf diyipks ebogaus ecxqadt faohodm ffriybf gcohpwg gdkoknl gdwmvla hliiovu hljssot iavmesm iddiyyw jcahbkk jdlokdr kawxgrr kbrxqhc laiopvl lcxjgmi maeehtv maqhuja mceuawb mchhctx namwlaa ndlwmbn obkhmrs ociyogl pddpblp pievktc qkhjpuu qkjirtw qljadys qloxmra rdsysae rdtagot reqlige reufxeh sbmkhur sejhaer tbmohoh tbnbnbn tdofifx ugrhslr uhbjtqj vbqmwmf vevqlqt vexyoji wcaqdpu wcglsen wdsigex xbxrrfn xeomdia yaorheu ybegdpw awrdpqm aopkmqb aqxlhmj avkhdbu acrvbgx alxpbwm aqauedn avadboj agypanu appttut actsmbp aljelyc awsectt ahrvnev 
107.740602 
aavuruv acprxtl bdgvfpk bexnlkk bexalhi cbqqjcp ceybaja decjeur divfeqf diyipks ebogaus ecxqadt faohodm ffriybf gcohpwg gdkoknl gdwmvla hliiovu hljssot iavmesm iddiyyw jcahbkk jdlokdr kawxgrr kbrxqhc laiopvl lcxjgmi maeehtv maqhuja mceuawb mchhctx namwlaa ndlwmbn obkhmrs ociyogl pddpblp pievktc qkhjpuu qkjirtw qljadys qloxmra rdsysae rdtagot reqlige reufxeh sbmkhur sejhaer tbmohoh tbnbnbn tdofifx ugrhslr uhbjtqj vbqmwmf vevqlqt vexyoji wcaqdpu wcglsen wdsigex xbxrrfn xeomdia yaorheu ybegdpw awrdpqm aopkmqb aqxlhmj avkhdbu acrvbgx alxpbwm aqauedn avadboj agypanu appttut actsmbp aljelyc awsectt ahrvnev 
aavuruv acprxtl bdgvfpk bexnlkk bexalhi cbqqjcp ceybaja decjeur divfeqf diyipks ebogaus ecxqadt faohodm ffriybf gcohpwg gdkoknl gdwmvla hliiovu hljssot iavmesm iddiyyw jcahbkk jdlokdr kawxgrr kbrxqhc laiopvl lcxjgmi maeehtv maqhuja mceuawb mchhctx namwlaa ndlwmbn obkhmrs ociyogl pddpblp pievktc qkhjpuu qkjirtw qljadys qloxmra rdsysae rdtagot reqlige reufxeh sbmkhur sejhaer tbmohoh tbnbnbn tdofifx ugrhslr uhbjtqj vbqmwmf vevqlqt vexyoji wcaqdpu wcglsen wdsigex xbxrrfn xeomdia yaorheu ybegdpw awrdpqm aopkmqb aqxlhmj avkhdbu acrvbgx alxpbwm aqauedn avadboj agypanu appttut actsmbp aljelyc awsectt ahrvnev 
aavuruv acprxtl bdgvfpk bexnlkk bexalhi cbqqjcp ceybaja decjeur divfeqf diyipks ebogaus ecxqadt faohodm ffriybf gbuvarv gcohpwg hliiovu hljssot iavmesm iddiyyw jcahbkk jdlokdr kawxgrr kbrxqhc laiopvl lcxjgmi maeehtv maqhuja mceuawb mchhctx namwlaa ndlwmbn obkhmrs ociyogl pddpblp pievktc qkhjpuu qkjirtw qljadys qloxmra rdsysae rdtagot reqlige reufxeh sbmkhur sejhaer tbmohoh tbnbnbn tdofifx ugrhslr uhbjtqj vbqmwmf vevqlqt vexyoji wcaqdpu wcglsen wdsigex xbxrrfn xeomdia yaorheu ybegdpw awrdpqm aopkmqb aqxlhmj avkhdbu acrvbgx alxpbwm aqauedn avadboj agypanu appttut actsmbp aljelyc awsectt ahrvnev 

aavuruv acprxtl bdgvfpk bexnlkk bexalhi cbqqjcp ceybaja decjeur divfeqf diyipks ebogaus ecxqadt faohodm ffriybf gbuvarv gcohpwg hliiovu hljssot iavmesm iddiyyw jcahbkk jdlokdr kawxgrr kbrxqhc laiopvl lcxjgmi maeehtv maqhuja mceuawb mchhctx namwlaa ndlwmbn obkhmrs ociyogl pddpblp pievktc qkhjpuu qkjirtw qljadys qloxmra rdsysae rdtagot reqlige reufxeh sbmkhur sejhaer tbmohoh tbnbnbn tdofifx ugrhslr uhbjtqj vbqmwmf vevqlqt vexyoji wcaqdpu wcglsen wdsigex xbxrrfn xeomdia yaorheu ybegdpw awrdpqm aopkmqb aqxlhmj avkhdbu acrvbgx alxpbwm aqauedn avadboj agypanu appttut actsmbp aljelyc awsectt ahrvnev 

FALSE 
FALSE 
aavuruv acprxtl bdgvfpk bexnlkk bexalhi cbqqjcp ceybaja decjeur divfeqf diyipks ebogaus ecxqadt faohodm ffriybf gbuvarv gcohpwg higfajj hliiovu hljssot iavmesm iddiyyw jcahbkk jdlokdr kawxgrr kbrxqhc laiopvl lcxjgmi maeehtv maqhuja mceuawb mchhctx namwlaa ndlwmbn obkhmrs ociyogl pddpblp pievktc qejlvkf qkhjpuu qkjirtw rdsysae rdtagot reqlige reufxeh sbmkhur sejhaer tbmohoh tbnbnbn tdofifx ugrhslr uhbjtqj vbqmwmf vevqlqt vexyoji wcaqdpu wcglsen wdsigex xbxrrfn xeomdia yaorheu ybegdpw awrdpqm aopkmqb aqxlhmj avkhdbu acrvbgx alxpbwm aqauedn avadboj agypanu appttut actsmbp aljelyc awsectt ahrvnev avttxpb 

aavuruv acprxtl bdgvfpk bexnlkk bexalhi cbqqjcp ceybaja decjeur divfeqf diyipks ebogaus ecxqadt faohodm ffriybf ffxsdaa gbuvarv gcohpwg higfajj hliiovu hljssot iavmesm iddiyyw jcahbkk jdlokdr kawxgrr kbrxqhc laiopvl lcxjgmi maeehtv maqhuja mceuawb mchhctx namwlaa ndlwmbn obkhmrs ociyogl pddpblp pievktc qejlvkf qkhjpuu qkjirtw rdidnaf rdsysae reqlige reufxeh sbmkhur sejhaer tbmohoh tbnbnbn tdofifx ugrhslr uhbjtqj vbqmwmf vevqlqt vexyoji wcaqdpu wcglsen wdsigex xbxrrfn xeomdia yaorheu ybegdpw awrdpqm aopkmqb aqxlhmj avkhdbu acrvbgx alxpbwm aqauedn avadboj agypanu appttut actsmbp aljelyc awsectt ahrvnev avttxpb 

aavuruv acprxtl bdgvfpk bexnlkk bexalhi cbqqjcp ceybaja decjeur divfeqf diyipks ebogaus ecxqadt faohodm ffriybf ffxsdaa gbuvarv gcohpwg higfajj hliiovu hljssot iavmesm iddiyyw jcahbkk jdlokdr kawxgrr kbrxqhc laiopvl lcxjgmi maeehtv maqhuja mceuawb mchhctx namwlaa ndlwmbn obkhmrs ociyogl pddpblp pievktc qejlvkf qkhjpuu qkjirtw rdidnaf rdsysae reqlige reufxeh sbmkhur sejhaer tbmohoh tbnbnbn tdofifx ugrhslr uhbjtqj vbqmwmf vevqlqt vexyoji wcaqdpu wcglsen wdsigex xbxrrfn xeomdia yaorheu ybegdpw awrdpqm aopkmqb aqxlhmj avkhdbu acrvbgx alxpbwm aqauedn avadboj agypanu appttut actsmbp aljelyc awsectt ahrvnev avttxpb 

FALSE 
FALSE 
aavuruv acprxtl bamblbt bdgvfpk cbqqjcp ceybaja decjeur divfeqf diyipks ebogaus ecxqadt faohodm ffriybf ffxsdaa gbuvarv gcohpwg higfajj hliiovu hljssot iavmesm iddiyyw jcahbkk jdlokdr kawxgrr kbrxqhc laiopvl lcxjgmi maeehtv maqhuja mceuawb mchhctx namwlaa ndlwmbn obkhmrs ociyogl pddpblp peodtwx qejlvkf qkhjpuu qkjirtw rdidnaf rdsysae reqlige reufxeh sbmkhur sejhaer tbmohoh tbnbnbn tdofifx ugrhslr uhbjtqj vbqmwmf vevqlqt vexyoji wcaqdpu wcglsen wdsigex xbxrrfn xeomdia yaorheu ybegdpw awrdpqm aopkmqb aqxlhmj avkhdbu acrvbgx alxpbwm aqauedn avadboj agypanu appttut actsmbp aljelyc awsectt ahrvnev avttxpb 
6remdri mremdri nremdri oremdri oremdri 
5liiovu 5ljssot jliiovu jljssot kliiovu kljssot lliiovu lljssot lliiovu lljssot 

107.545788 
aavuruv acprxtl baevjkh bamblbt c2avjwm caavjwm cbqqjcp ccavjwm c2avjwm caavjwm cbqqjcp ccavjwm 
aavuruv acprxtl baevjkh bamblbt bdgvfpk cbqqjcp ceybaja ddacnli decjeur ebogaus ecxqadt faohodm ffriybf ffxsdaa garkdcb gbuvarv higfajj hliiovu hljssot iavmesm iddiyyw jcahbkk jcqkije jdlokdr kawxgrr kbrxqhc laiopvl lcxjgmi maeehtv maqhuja mceuawb mchhctx namwlaa ndlwmbn obkhmrs ociyogl pddpblp peodtwx qejlvkf qkhjpuu qkjirtw rdidnaf rdsysae reqlige reufxeh sbmkhur sejhaer tbmohoh tbnbnbn tdofifx ugrhslr uhbjtqj vbqmwmf vevqlqt vexyoji wcaqdpu wcglsen wdsigex xbpyuea xbxrrfn xeomdia yaorheu ybegdpw awrdpqm aopkmqb aqxlhmj avkhdbu acrvbgx alxpbwm aqauedn avadboj agypanu appttut actsmbp aljelyc awsectt ahrvnev avttxpb aexjjkh afxxaia 

FALSE 

doeaxyn e6iebbn emiebbn eniebbn eoiebbn 


aavuruv acprxtl baevjkh bamblbt c2avjwm caavjwm cbqqjcp ccavjwm c2avjwm caavjwm cbqqjcp ccavjwm 

aavuruv acprxtl baevjkh bamblbt bdgvfpk cbqqjcp ceybaja ddacnli decjeur ebogaus ecxqadt faohodm farxdpy ffriybf ffxsdaa garkdcb gbuvarv higfajj hliiovu hljssot iavmesm iddiyyw jcahbkk jcqkije jdlokdr kawxgrr kbrxqhc laiopvl lcxjgmi maeehtv maqhuja mceuawb mchhctx namwlaa ndlwmbn nduteqb obkhmrs ociyogl pddpblp peodtwx qcolowo qejlvkf rdidnaf rdsysae reqlige reufxeh sbmkhur sejhaer tbmohoh tbnbnbn tdofifx ugrhslr uhbjtqj vbqmwmf vevqlqt vexyoji wcaqdpu wcglsen wdsigex xbdvitr xbpyuea xeomdia yaorheu ybegdpw awrdpqm aopkmqb aqxlhmj avkhdbu acrvbgx alxpbwm aqauedn avadboj agypanu appttut actsmbp aljelyc awsectt ahrvnev avttxpb aexjjkh afxxaia atjhfte 

wigfajj 
aavuruv acprxtl baevjkh bamblbt bdgvfpk cbqqjcp ceybaja ddacnli decjeur ebogaus ecxqadt faohodm farxdpy ffriybf ffxsdaa garkdcb gbuvarv higfajj hliiovu hljssot iavmesm iddiyyw jcahbkk jcqkije jdlokdr kawxgrr kbrxqhc laiopvl lcxjgmi maeehtv maqhuja mceuawb mchhctx namwlaa ndlwmbn nduteqb obkhmrs ociyogl pddpblp peodtwx qcolowo qejlvkf rdidnaf rdsysae reqlige reufxeh sbmkhur sejhaer tbmohoh tbnbnbn tdofifx ugrhslr uhbjtqj vbqmwmf vevqlqt vexyoji wcaqdpu wcglsen wdsigex xbdvitr xbpyuea xeomdia yaorheu ybegdpw awrdpqm aopkmqb aqxlhmj avkhdbu acrvbgx alxpbwm aqauedn avadboj agypanu appttut actsmbp aljelyc awsectt ahrvnev avttxpb aexjjkh afxxaia atjhfte 
aavuruv acprxtl baevjkh bamblbt bdgvfpk cbqqjcp ccarosi ddacnli decjeur ebogaus ecxqadt faohodm farxdpy ffriybf ffxsdaa garkdcb gbuvarv higfajj hliiovu hljssot iavmesm iddiyyw jcahbkk jcqkije jdlokdr kawxgrr kbrxqhc laiopvl lcxjgmi maeehtv maqhuja mceuawb mchhctx namwlaa ndlwmbn nduteqb obkhmrs ociyogl pddpblp peodtwx qcolowo qejlvkf rdidnaf rdsysae reqlige reufxeh sbmkhur sejhaer tbmohoh tbnbnbn tdofifx ugrhslr uhbjtqj vbqmwmf vevqlqt vexyoji wcaqdpu wcglsen wdsigex xbdvitr xbpyuea xeomdia yaorheu ybegdpw awrdpqm aopkmqb aqxlhmj avkhdbu acrvbgx alxpbwm aqauedn avadboj agypanu appttut actsmbp aljelyc awsectt ahrvnev avttxpb aexjjkh afxxaia atjhfte 




107.432056 

aavuruv acprxtl baevjkh bamblbt bdgvfpk cbqqjcp ccarosi ddacnli ddhavxy decjeur ebogaus ecxqadt faohodm farxdpy ffriybf ffxsdaa garkdcb gbuvarv higfajj hliiovu hljssot iavmesm iddiyyw jcahbkk jcqkije jdlokdr kawxgrr kbrxqhc laiopvl lcxjgmi maeehtv maqhuja mbbgmgj namwlaa ndlwmbn nduteqb obkhmrs ociyogl pddpblp peodtwx qcolowo qejlvkf rdidnaf rdsysae reqlige reufxeh sbmkhur sejhaer tbmohoh tbnbnbn tdofifx ugrhslr uhbjtqj vbqmwmf vevqlqt vexyoji wcaqdpu wcglsen wdsigex xbdvitr xbpyuea xeomdia yaorheu ybegdpw awrdpqm aopkmqb aqxlhmj avkhdbu acrvbgx alxpbwm aqauedn avadboj agypanu appttut actsmbp aljelyc awsectt ahrvnev avttxpb aexjjkh afxxaia atjhfte 
gvqmkic 


aavuruv acprxtl baevjkh bamblbt bdgvfpk cbqqjcp ccarosi ddacnli ddhavxy decjeur ebogaus ecxqadt faohodm farxdpy ffrcyat ffriybf ffxsdaa garkdcb gbuvarv higfajj hliiovu hljssot iavmesm iddiyyw jcahbkk jcgupma jdlokdr kawxgrr kbrxqhc laiopvl lcxjgmi maeehtv maqhuja mbbgmgj namwlaa ndlwmbn nduteqb obkhmrs ociyogl pddpblp peodtwx qcolowo qejlvkf rdidnaf rdsysae reqlige reufxeh sbmkhur sejhaer tbmohoh tbnbnbn tdofifx ugrhslr uhbjtqj vbqmwmf vevqlqt vexyoji wcaqdpu wcglsen wdsigex xbdvitr xbpyuea xeomdia yaorheu ybegdpw awrdpqm aopkmqb aqxlhmj avkhdbu acrvbgx alxpbwm aqauedn avadboj agypanu appttut actsmbp aljelyc awsectt ahrvnev avttxpb aexjjkh afxxaia atjhfte 
FALSE 
aavuruv acprxtl baevjkh bamblbt bdgvfpk cbqqjcp ccarosi ddacnli ddhavxy decjeur ebogaus ecxqadt faohodm farxdpy ffrcyat ffriybf ffxsdaa garkdcb gbuvarv higfajj hkkamgq iavmesm iddiyyw jcahbkk jcgupma jdlokdr kawxgrr kbrxqhc laiopvl lcxjgmi maeehtv maqhuja mbbgmgj namwlaa ndlwmbn nduteqb obkhmrs ociyogl pddpblp peodtwx qcolowo qejlvkf rdidnaf rdsysae reqlige reufxeh sbmkhur sejhaer tbmohoh tbnbnbn tdofifx ugrhslr uhbjtqj vbqmwmf vevqlqt vexyoji wcaqdpu wcglsen wdsigex xbdvitr xbpyuea xeomdia yaorheu ybegdpw awrdpqm aopkmqb aqxlhmj avkhdbu acrvbgx alxpbwm aqauedn avadboj agypanu appttut actsmbp aljelyc awsectt ahrvnev avttxpb aexjjkh afxxaia atjhfte 
aavuruv acprxtl baevjkh bamblbt bdgvfpk cbqqjcp ccarosi ddacnli ddhavxy decjeur ebogaus ecxqadt faohodm farxdpy ffrcyat ffriybf ffxsdaa garkdcb gbuvarv higfajj hkkamgq iavmesm iddiyyw jcahbkk jcgupma jdlokdr kawxgrr kbrxqhc laiopvl lcxjgmi maeehtv maqhuja mbbgmgj namwlaa ndlwmbn nduteqb obkhmrs ociyogl pddpblp peodtwx qcolowo qejlvkf rdidnaf rdsysae reqlige reufxeh sbmkhur sejhaer tbmohoh tbnbnbn tdofifx ugrhslr uhbjtqj vbqmwmf vevqlqt vexyoji wcaqdpu wcglsen wdsigex xbdvitr xbpyuea xeomdia yaorheu ybegdpw awrdpqm aopkmqb aqxlhmj avkhdbu acrvbgx alxpbwm aqauedn avadboj agypanu appttut actsmbp aljelyc awsectt ahrvnev avttxpb aexjjkh afxxaia atjhfte 
2kkamgq 2kntfey 2liiovu 2ljssot blhrbwh blqhigd c5avjwm cjavjwm cktnyqa ckyguji clavjwm c5avjwm cjavjwm cktnyqa ckyguji clavjwm 



gvqmkic 

9kdqosb 9kkamgq 9liiovu 9ljssot wkdqosb wkkamgq wliiovu wljssot xkdqosb xkkamgq xliiovu xljssot ykdqosb ykkamgq yliiovu yljssot zkdqosb zkkamgq zliiovu zljssot zkdqosb zkkamgq zliiovu zljssot 
TRUE 
aavuruv abygfcm baevjkh bamblbt bdgvfpk cbqqjcp ccarosi ccgnqid ddacnli ddhavxy decjeur ebogaus ecxqadt faohodm farxdpy fcwhsoe gamfxca gaoisan gblgcqi gbuvarv higfajj hkdqosb hkkamgq iavmesm iddiyyw jcahbkk jcgupma jdlokdr kawxgrr kbrxqhc laiopvl lcxjgmi maeehtv maqhuja mbbgmgj namwlaa ndlwmbn nduteqb obkhmrs ociyogl pddpblp peodtwx qcolowo qejlvkf rdidnaf rdsysae reqlige reufxeh sbmkhur sejhaer tbmohoh tbnbnbn tdofifx ugrhslr uhbjtqj vbqmwmf vevqlqt vexyoji wbhadga wcaqdpu wcglsen xbdvitr xbpyuea xeomdia yaorheu ybegdpw awrdpqm aopkmqb aqxlhmj avkhdbu acrvbgx alxpbwm aqauedn avadboj agypanu appttut actsmbp aljelyc awsectt ahrvnev avttxpb aexjjkh afxxaia atjhfte ajbqabj ajyauaf abxluai aancjnw 
ehltstt 
FALSE 
107.105090 
aavuruv abygfcm baevjkh bamblbt bdgvfpk cbqqjcp ccarosi ccgnqid ddacnli ddhavxy decjeur ebogaus ecxqadt faohodm farxdpy fcwhsoe gamfxca gaoisan gblgcqi gbuvarv hbxnyto higfajj iavmesm iddiyyw jcahbkk jcgupma jdlokdr kawxgrr kbrxqhc laiopvl lcxjgmi maeehtv maqhuja mbbgmgj namwlaa ndlwmbn nduteqb obkhmrs ociyogl pddpblp peodtwx qcolowo qejlvkf rdidnaf rdsysae reqlige reufxeh sbmkhur sejhaer tbmohoh tbnbnbn tdofifx ugrhslr uhbjtqj vbqmwmf vevqlqt vexyoji wbhadga wcaqdpu wcglsen xaerfbd xbdvitr xbpyuea yaorheu ybegdpw awrdpqm aopkmqb aqxlhmj avkhdbu acrvbgx alxpbwm aqauedn avadboj agypanu appttut actsmbp aljelyc awsectt ahrvnev avttxpb aexjjkh afxxaia atjhfte ajbqabj ajyauaf abxluai aancjnw 
107.105090 
fugylmq 
71gfajj p1gfajj q1gfajj r1gfajj s1gfajj s1gfajj 
ezltstt 
aavuruv abygfcm baevjkh bamblbt bdgvfpk cbqqjcp ccarosi ccgnqid ddacnli ddhavxy decjeur ebogaus ecxqadt faohodm farxdpy fcwhsoe gamfxca gaoisan gblgcqi gbuvarv hbxnyto higfajj iavmesm iddiyyw jcahbkk jcgupma jdlokdr kawxgrr kbrxqhc laiopvl lcxjgmi maeehtv maqhuja mbbgmgj namwlaa ndlwmbn nduteqb obkhmrs ociyogl pddpblp peodtwx qcolowo qejlvkf rdidnaf rdsysae reqlige reufxeh sbmkhur sejhaer tbmohoh tbnbnbn tdofifx ugrhslr uhbjtqj vbqmwmf vevqlqt vexyoji wbhadga wcaqdpu wcglsen xaerfbd xbdvitr xbpyuea yaorheu ybegdpw awrdpqm aopkmqb aqxlhmj avkhdbu acrvbgx alxpbwm aqauedn avadboj agypanu appttut actsmbp aljelyc awsectt ahrvnev avttxpb aexjjkh afxxaia atjhfte ajbqabj ajyauaf abxluai aancjnw atlkkgk 
hggfajj 
aavuruv abygfcm baevjkh bamblbt bdgvfpk cbqqjcp ccarosi ccgnqid ddacnli ddhavxy decjeur ebogaus ecxqadt faohodm farxdpy fcwhsoe gamfxca gaoisan gbawwcx gblgcqi hbxnyto higfajj iavmesm iddiyyw jcahbkk jcgupma jdlokdr kawxgrr kbrxqhc laiopvl lcxjgmi maeehtv maqhuja mbbgmgj namwlaa ndlwmbn nduteqb obkhmrs ociyogl pddpblp peodtwx qcolowo qejlvkf rdidnaf rdsysae reqlige reufxeh sbmkhur sejhaer tbmohoh tbnbnbn tdofifx ugrhslr uhbjtqj vbqmwmf vevqlqt vexyoji wbhadga wcaqdpu wcglsen xaerfbd xbdvitr xbpyuea yaorheu ybegdpw awrdpqm aopkmqb aqxlhmj avkhdbu acrvbgx alxpbwm aqauedn avadboj agypanu appttut actsmbp aljelyc awsectt ahrvnev avttxpb aexjjkh afxxaia atjhfte ajbqabj ajyauaf abxluai aancjnw atlkkgk 
iogfajj 

aavuruv abygfcm baevjkh bamblbt bdgvfpk cbqqjcp ccarosi ccgnqid ddacnli ddhavxy decjeur ebogaus ecxqadt faohodm farxdpy fcwhsoe gamfxca gaoisan gbawwcx gblgcqi hbxnyto higfajj iavmesm iddiyyw jcahbkk jcgupma jdlokdr kawxgrr kbrxqhc laiopvl lcxjgmi maeehtv maqhuja mbbgmgj namwlaa ndlwmbn nduteqb obkhmrs ociyogl pddpblp peodtwx qcolowo qejlvkf rdidnaf rdsysae reqlige reufxeh sbmkhur sejhaer tbmohoh tbnbnbn tdofifx ugrhslr uhbjtqj vbqmwmf vevqlqt vexyoji wbhadga wcaqdpu wcglsen xaerfbd xbdvitr xbpyuea yaorheu ybegdpw awrdpqm aopkmqb aqxlhmj avkhdbu acrvbgx alxpbwm aqauedn avadboj agypanu appttut actsmbp aljelyc awsectt ahrvnev avttxpb aexjjkh afxxaia atjhfte ajbqabj ajyauaf abxluai aancjnw atlkkgk aoitqia 
olgfajj 
ppgfajj 
aavuruv abygfcm baevjkh bamblbt bdgvfpk cbqqjcp ccarosi ccgnqid ddacnli ddhavxy decjeur ebogaus ecxqadt faohodm farxdpy fcwhsoe gamfxca gaoisan gbawwcx gblgcqi haqqidj hbxnyto iavmesm iddiyyw jcahbkk jcgupma jdlokdr kawxgrr kbrxqhc laiopvl lcxjgmi maeehtv maqhuja mbbgmgj namwlaa ndlwmbn nduteqb obkhmrs ociyogl pddpblp peodtwx qcolowo qejlvkf rdidnaf rdsysae reqlige reufxeh sbmkhur sejhaer tbmohoh tbnbnbn tdofifx ugrhslr uhbjtqj vbqmwmf vevqlqt vexyoji wbhadga wcaqdpu wcglsen xaerfbd xbdvitr xbpyuea yaorheu ybegdpw awrdpqm aopkmqb aqxlhmj avkhdbu acrvbgx alxpbwm aqauedn avadboj agypanu appttut actsmbp aljelyc awsectt ahrvnev avttxpb aexjjkh afxxaia atjhfte ajbqabj ajyauaf abxluai aancjnw atlkkgk aoitqia 
hsgfajj 
99gfajj 9wgfajj 9xgfajj 9ygfajj 9zgfajj w9gfajj wwgfajj wxgfajj wygfajj wzgfajj x9gfajj xwgfajj xxgfajj xygfajj xzgfajj y9gfajj ywgfajj yxgfajj yygfajj yzgfajj z9gfajj zwgfajj zxgfajj zygfajj zzgfajj z9gfajj zwgfajj zxgfajj zygfajj zzgfajj 
95gfajj 9jgfajj 9kgfajj 9lgfajj w5gfajj wjgfajj wkgfajj wlgfajj x5gfajj xjgfajj xkgfajj xlgfajj y5gfajj yjgfajj ykgfajj ylgfajj z5gfajj zjgfajj zkgfajj zlgfajj z5gfajj zjgfajj zkgfajj zlgfajj 
sxgfajj 
iegfajj 
107.114600 
FALSE 
FALSE 
aavuruv abygfcm baevjkh bamblbt bdgvfpk cbqqjcp ccarosi ccgnqid ddacnli ddhavxy decjeur ebogaus ecxqadt faohodm farxdpy fcwhsoe gamfxca gaoisan gbawwcx gblgcqi haqqidj hbxnyto iavmesm iddiyyw jcahbkk jcgupma jdlokdr kawxgrr kbrxqhc laiopvl lcxjgmi maeehtv maqhuja mbbgmgj namwlaa ndlwmbn nduteqb obkhmrs ociyogl pddpblp peodtwx qcolowo qejlvkf rdidnaf rdsysae reqlige reufxeh sbmkhur sejhaer tasqovh tbmohoh tbnbnbn ugrhslr uhbjtqj vbqmwmf vevqlqt vexyoji wbeintv wbhadga wcaqdpu wcglsen xaerfbd xbdvitr xbpyuea yaorheu ybegdpw ybvmlnw awrdpqm aopkmqb aqxlhmj avkhdbu acrvbgx alxpbwm aqauedn avadboj agypanu appttut actsmbp aljelyc awsectt ahrvnev avttxpb aexjjkh afxxaia atjhfte ajbqabj ajyauaf abxluai aancjnw atlkkgk aoitqia apdpmhq aiptlnt axxglgd 
qugfajj 
aavuruv abygfcm baevjkh bamblbt bdgvfpk cbqqjcp ccarosi ccgnqid ddacnli ddhavxy decjeur ebogaus ecxqadt faohodm farxdpy fcwhsoe gamfxca gaoisan gbawwcx gblgcqi haqqidj hbxnyto iavmesm iddiyyw jcahbkk jcgupma jdlokdr kawxgrr kbrxqhc laiopvl lcxjgmi maeehtv maqhuja mbbgmgj namwlaa ndlwmbn nduteqb obkhmrs ociyogl pabyejw pavawhq pddpblp qcolowo qejlvkf rdidnaf rdsysae reqlige reufxeh sbmkhur sejhaer tasqovh tbmohoh tbnbnbn ugrhslr uhbjtqj vbqmwmf vevqlqt vexyoji wbeintv wbhadga wcaqdpu wcglsen xaerfbd xbaycym xbdvitr yaorheu ybegdpw ybvmlnw awrdpqm aopkmqb aqxlhmj avkhdbu acrvbgx alxpbwm aqauedn avadboj agypanu appttut actsmbp aljelyc awsectt ahrvnev avttxpb aexjjkh afxxaia atjhfte ajbqabj ajyauaf abxluai aancjnw atlkkgk aoitqia apdpmhq aiptlnt axxglgd 
