



aooiyjb cgvxcao fmfdahg jwxflib mvmhqlm vcnavaj vufctah 
FALSE 
aooiyjb cgvxcao fmfdahg jlkefto jwxflib mvmhqlm vcnavaj vufctah 
107.317460 


aooiyjb arrjyuf cgvxcao dpfwevn fmfdahg jlkefto jusqumt lagyavt lxrsmff mupayxq mvmhqlm ncfddtt ndmwywl pgcpvci qpjryjs ufqrbrk vcnavaj vufctah xhajpsq xjchspd aisryje 


FALSE 
aooiyjb arrjyuf cgvxcao degvsid dpeafep dpfwevn etbvmbo fmfdahg iplkdex jlkefto jugqvtj jusqumt lagyavt lxrsmff mupayxq mvmhqlm ncfddtt ndmwywl pgcpvci pjkdqkc qpjryjs rlmaatc ufqrbrk vcnavaj vptsifb xhajpsq xjchspd aisryje adeyjmb 
FALSE 

e1bvmbo 

aooiyjb arrjyuf cgvxcao degvsid dipjfha esxjjox etbvmbo fmfdahg gxvpqws hfmhlrh igjmodm iplkdex ipphjnj jlkefto jugqvtj jusqumt lagyavt leftcjf mupayxq muwswum mvmhqlm ncfddtt ndmwywl oesgmax ohfuxac pgcpvci pjkdqkc qpjryjs rlmaatc sqxfxyr tcuqhnt tmrosri ufqrbrk ujgacjy vcnavaj vptsifb xhajpsq xjchspd aisryje adeyjmb atcrrgh 
FALSE 

aooiyjb aqimunj cgvxcao ckxcyxt degvsid dipjfha esxjjox etbvmbo fmfdahg fpsgkfv gxvpqws hfmhlrh igjmodm iplkdex ipphjnj jlkefto jugqvtj jusqumt lagyavt leftcjf mgfnxsv mupayxq muwswum ncfddtt ndmwywl oesgmax ohfuxac pgcpvci pjkdqkc qeshwbv qpjryjs rlmaatc sqxfxyr tcuqhnt tmrosri ufqrbrk ujgacjy vcnavaj vptsifb xhajpsq xjchspd aisryje adeyjmb atcrrgh 
aooiyjb aqimunj cgvxcao ckxcyxt degvsid dipjfha esxjjox etbvmbo fmfdahg fpsgkfv gxvpqws hfmhlrh igjmodm iplkdex ipphjnj jlkefto jugqvtj jusqumt lagyavt leftcjf mgfnxsv mixisnr ncfddtt ndmwywl oesgmax ohfuxac pdlpsuo pgcpvci qeshwbv qpjryjs rlmaatc sqxfxyr tcuqhnt tmrosri ufqrbrk ujgacjy vcnavaj vptsifb xhajpsq xjchspd aisryje adeyjmb atcrrgh 

aooiyjb aqimunj cgvxcao ckxcyxt degvsid dipjfha esxjjox etbvmbo fmfdahg fpsgkfv gxvpqws hfmhlrh huhmhas igjmodm iplkdex ipphjnj jlkefto jugqvtj jusqumt lagyavt leftcjf mgfnxsv mixisnr ncfddtt ndmwywl oesgmax ohfuxac pdlpsuo pgcpvci qeshwbv qiklwft rlmaatc sqxfxyr tcuqhnt tmrosri ufqrbrk ujgacjy vcnavaj vptsifb xhajpsq xjchspd aisryje adeyjmb atcrrgh 

108.372671 
aooiyjb aqimunj cgvxcao ckxcyxt degvsid dipjfha esxjjox etbvmbo fmfdahg fpcqfal fpsgkfv gkukarl gxvpqws hfmhlrh hgryasx igjmodm iplkdex ipphjnj jlkefto jugqvtj jusqumt lagyavt leftcjf mgfnxsv mixisnr naeqxln ncfddtt oesgmax ohfuxac pdlpsuo pgcpvci qeshwbv qiklwft rlmaatc sqxfxyr tcuqhnt tmrosri ufqrbrk ujgacjy vckhpbq vcnavaj vptsifb xhajpsq xjchspd aisryje adeyjmb atcrrgh 
FALSE 
aooiyjb aqimunj cgvxcao ckxcyxt degvsid dipjfha esxjjox etbvmbo fmfdahg fpcqfal fpsgkfv gkukarl gxvpqws hfmhlrh hgryasx igjmodm iplkdex ipphjnj jlkefto jugqvtj jusqumt kwgtwws kwxmvcw lagyavt leftcjf mgfnxsv mixisnr naeqxln ncfddtt oesgmax ohfuxac pdlpsuo pgcpvci qeshwbv qiklwft rlmaatc sqxfxyr tcuqhnt tmrosri ufqrbrk ujgacjy vckhpbq vcnavaj vptsifb xhajpsq xjchspd aisryje adeyjmb atcrrgh 
108.559767 
aooiyjb aqimunj cgvxcao ckxcyxt degvsid digkasp dipjfha esxjjox etbvmbo fmfdahg fpcqfal fpsgkfv gkukarl gphyyat hfmhlrh hgryasx igjmodm iplkdex ipphjnj jlkefto jugqvtj jusqumt kwgtwws kwxmvcw lagyavt leftcjf mgfnxsv mixisnr naeqxln ncfddtt oesgmax ohfuxac pdlpsuo pgcpvci qeshwbv qiklwft rlmaatc ryujawt sqxfxyr tcuqhnt tmrosri ufqrbrk ujgacjy vckhpbq vcnavaj vptsifb xhajpsq xjchspd aisryje adeyjmb atcrrgh 
FALSE 

aooiyjb aqimunj cgvxcao ckxcyxt degvsid digkasp dipjfha esxjjox etbvmbo fmfdahg fpcqfal fpsgkfv gkukarl gphyyat hfmhlrh hgryasx igjmodm iplkdex ipphjnj jlkefto jugqvtj jusqumt kwgtwws kwxmvcw lagyavt leftcjf mgfnxsv mixisnr naeqxln ncfddtt oesgmax ohfuxac pdlpsuo pgcpvci qeshwbv qiklwft rlmaatc ryujawt sqxfxyr tcuqhnt tmrosri ufqrbrk ujgacjy vckhpbq vcnavaj vjinepw xhajpsq xjchspd aisryje adeyjmb atcrrgh ykonpya yyaftvx 
aooiyjb aqimunj cgvxcao ckxcyxt degvsid digkasp dipjfha esxjjox etbvmbo fmfdahg fpcqfal fpsgkfv gkukarl gphyyat hfmhlrh hgryasx igjmodm iplkdex ipphjnj jlkefto jugqvtj jusqumt kwgtwws kwxmvcw lagyavt leftcjf mgfnxsv mixisnr naeqxln ncfddtt oesgmax ohfuxac pdlpsuo pgcpvci qeshwbv qiklwft rlmaatc ryujawt sqxfxyr tcuqhnt tmrosri ufqrbrk ujgacjy vckhpbq vcnavaj vjinepw xhajpsq xjchspd aisryje adeyjmb atcrrgh ykonpya yyaftvx 
aooiyjb aqimunj cgvxcao ckxcyxt degvsid digkasp dipjfha esxjjox etbvmbo flgdwgm fmfdahg gkukarl gphyyat hfmhlrh hgryasx igjmodm iplkdex ipphjnj jlkefto jugqvtj jusqumt kwgtwws kwxmvcw kxrbajh lagyavt leftcjf mcdbgos mgfnxsv naeqxln ncfddtt oesgmax ohfuxac pdlpsuo pgcpvci qeshwbv qiklwft rlmaatc ryujawt sqxfxyr tcuqhnt tmrosri ufqrbrk ugnpkxn vckhpbq vcnavaj vjinepw xhajpsq xjchspd aisryje adeyjmb atcrrgh ykonpya yyaftvx 
FALSE 
aooiyjb aqimunj cgvxcao ckxcyxt degvsid digkasp dipjfha esxjjox etbvmbo flgdwgm fmfdahg gkukarl gphyyat hfmhlrh hgryasx igjmodm iplkdex ipphjnj jlkefto jugqvtj jusqumt kqbyeeb kwgtwws kwxmvcw lagyavt leftcjf mcdbgos mgfnxsv naeqxln ncfddtt oesgmax ohfuxac pdlpsuo pgcpvci qeshwbv qiklwft rlmaatc ryujawt sqxfxyr tcuqhnt tmrosri ufqrbrk ugnpkxn vckhpbq vcnavaj vjinepw xhajpsq xjchspd aisryje adeyjmb atcrrgh ykonpya yyaftvx 
aooiyjb aqimunj cgvxcao ckxcyxt degvsid digkasp dipjfha ehvklpu esxjjox flgdwgm fmfdahg gkukarl govelqx hfmhlrh hgryasx igjmodm iplkdex ipphjnj jlkefto jugqvtj jusqumt kqbyeeb kwgtwws kwxmvcw lagyavt leftcjf mcdbgos mgfnxsv naeqxln ncfddtt odwsxae oesgmax pdlpsuo pgcpvci qeshwbv qiklwft rlmaatc ryujawt sqxfxyr tcuqhnt tmrosri ufqrbrk ugnpkxn vckhpbq vcnavaj vjinepw xhajpsq xjchspd aisryje adeyjmb atcrrgh ykonpya yyaftvx 
108.638814 
aooiyjb aqimunj cgvxcao ckxcyxt degvsid digkasp dipjfha ehvklpu eqlojhm flgdwgm fmfdahg gkukarl govelqx hfmhlrh hgryasx igjmodm iplkdex ipphjnj jlkefto jugqvtj jusqumt kqbyeeb kwgtwws kwxmvcw lagyavt leftcjf mcdbgos mftxmqs naeqxln ncfddtt odwsxae oesgmax pdlpsuo pgcpvci qeshwbv qiklwft rlmaatc ryujawt sqxfxyr tcuqhnt tmrosri ufqrbrk ugnpkxn vckhpbq vcnavaj vjinepw xhajpsq xjchspd aisryje adeyjmb atcrrgh ykonpya yyaftvx 


FALSE 
FALSE 
aooiyjb aqimunj bjpsqsi bqtamvq cawnoha cgvxcao degvsid digkasp dipjfha ehvklpu ekqddjv flgdwgm fmfdahg gkukarl govelqx hdaxfed hfmhlrh igjmodm iplkdex ipphjnj jlkefto jugqvtj jusqumt kqbyeeb kwgtwws kwxmvcw lagyavt leftcjf mcdbgos mftxmqs naeqxln ncfddtt odwsxae oesgmax pdlpsuo pgcpvci qeshwbv qiklwft rlmaatc ryujawt snfnisv sqxfxyr tcuqhnt tmrosri ufqrbrk ugnpkxn vaohalj vckhpbq vcnavaj wawflga wiqnlag xhajpsq xjchspd aisryje adeyjmb atcrrgh ybcsduh yijguab awwjtjp 
aooiyjb aqimunj bjpsqsi bqtamvq cawnoha cgvxcao degvsid digkasp dipjfha ehvklpu ekqddjv flgdwgm fmfdahg gkukarl govelqx hdaxfed hfmhlrh igjmodm iplkdex ipphjnj jlkefto jugqvtj jusqumt kqbyeeb kwgtwws kwxmvcw lagyavt leftcjf mcdbgos mftxmqs naeqxln ncfddtt odwsxae oesgmax pdlpsuo pgcpvci qeshwbv qiklwft rlmaatc ryujawt snfnisv sqxfxyr tcuqhnt tmrosri ufqrbrk ugnpkxn vaohalj vckhpbq vcnavaj wawflga wiqnlag xhajpsq xjchspd aisryje adeyjmb atcrrgh ybcsduh yijguab awwjtjp 

akrlnkt bjpsqsi ckxcyxt ckxcyxt 
wovjjgw 
FALSE 
108.064286 
FALSE 
FALSE 
FALSE 
akrlnkt aooiyjb bjpsqsi bqtamvq catndqv cawnoha cgvxcao degvsid digkasp dipjfha ehvklpu ekqddjv flgdwgm fmfdahg gkukarl govelqx hdaxfed hfmhlrh iavysmb igjmodm jlkefto jugqvtj jusqumt kqbyeeb kwgtwws kwxmvcw lagyavt leftcjf mbjthiy mbsolos mcdbgos naeqxln ncfddtt odwsxae oesgmax pdlpsuo pgcpvci qeshwbv qiklwft rlmaatc ryujawt sfwbaor snfnisv tcuqhnt tmrosri ufqrbrk ugnpkxn vaohalj vckhpbq vcnavaj wawflga wiqnlag xhajpsq xhpnfak xjchspd aisryje adeyjmb atcrrgh ybcsduh yijguab awwjtjp axgiqnj 

9ovjjgw wovjjgw xovjjgw yovjjgw zovjjgw zovjjgw 
akrlnkt aooiyjb bjpsqsi bqtamvq catndqv cawnoha cgvxcao degvsid digkasp dipjfha ehvklpu ekqddjv fhbjild flgdwgm gkukarl govelqx hdaxfed hfmhlrh iavysmb idsiwbm jlkefto jokuihm kmhjqyi kqbyeeb lagyavt leftcjf mbjthiy mbsolos mcdbgos naeqxln ncfddtt odwsxae oesgmax pdlpsuo pgcpvci qeshwbv qfqewwu rlmaatc ryujawt sfwbaor snfnisv tcuqhnt tmrosri ufqrbrk ugnpkxn vaohalj vckhpbq vcnavaj wawflga wiqnlag xhajpsq xhpnfak xjchspd aisryje adeyjmb atcrrgh ybcsduh yijguab awwjtjp axgiqnj 
1gjmodm 1gjmodm 

aaorfpy abadmha bjpsqsi bqtamvq catndqv cawnoha cgvxcao degvsid digkasp dipjfha ehvklpu ekqddjv fhbjild flgdwgm gkukarl govelqx hdaxfed hfmhlrh iavysmb idsiwbm jhjnvfp jlkefto kmhjqyi kqbyeeb lagyavt leftcjf mbjthiy mbsolos mcdbgos naeqxln ncfddtt odwsxae oesgmax pdlpsuo pgcpvci qeshwbv qfqewwu rlmaatc ryujawt sfwbaor shrhhou tcuqhnt tmrosri ufqrbrk ugnpkxn vaohalj vckhpbq vcnavaj wawflga wiqnlag xhajpsq xhpnfak xjchspd aisryje adeyjmb atcrrgh ybcsduh yijguab awwjtjp axgiqnj atqholp 
2avysmb aaorfpy abadmha catndqv cawnoha catndqv cawnoha 
aaorfpy abadmha bjpsqsi bqtamvq catndqv cawadou cawnoha cgvxcao degvsid digkasp dipjfha ehvklpu ekqddjv fhbjild flgdwgm gkukarl govelqx hdaxfed hfmhlrh iavysmb idsiwbm jhjnvfp jlkefto kmhjqyi kqbyeeb lagyavt leftcjf mbjthiy mbsolos mcdbgos naeqxln ncfddtt odwsxae oesgmax pdlpsuo pgcpvci qeshwbv qfqewwu rlmaatc ryujawt sfwbaor shrhhou tcuqhnt tmrosri ufqrbrk ugnpkxn vaohalj vckhpbq vcnavaj wawflga wiqnlag xhajpsq xhpnfak xjchspd aisryje adeyjmb atcrrgh ybcsduh yijguab awwjtjp axgiqnj atqholp 
mdsiwbm 
aaorfpy abadmha bjpsqsi bqtamvq catndqv cawadou cawnoha cgvxcao degvsid digkasp dipjfha ehvklpu ekqddjv fhbjild fkyudlm gkukarl govelqx hdaxfed hfmhlrh iavysmb idsiwbm jhjnvfp jlkefto kmhjqyi kqbyeeb lagyavt leftcjf mbjthiy mbsolos mcdbgos naeqxln ncfddtt odwsxae oesgmax pdlpsuo pgcpvci qeshwbv qfqewwu rlmaatc ryujawt sfwbaor shrhhou tcuqhnt tmrosri udcvanj ufqrbrk vaohalj vckhpbq vcnavaj wawflga wiqnlag xhajpsq xhpnfak xjchspd aisryje adeyjmb atcrrgh ybcsduh yijguab awwjtjp axgiqnj atqholp 
7avysmb pavysmb qavysmb ravysmb savysmb savysmb 

aaorfpy abadmha bjpsqsi bqtamvq catndqv cawadou cawnoha cgvxcao degvsid digkasp dipjfha ehvklpu ekqddjv fhbjild fkyudlm gkukarl govelqx hdaxfed hfmhlrh iavysmb idsiwbm jhjnvfp jlkefto kmhjqyi kqbyeeb lagyavt leftcjf mbjthiy mbsolos mcdbgos naeqxln ncfddtt odwsxae oesgmax pdlpsuo pgcpvci qeshwbv qfqewwu rdxveum rlmaatc sfwbaor shrhhou tcuqhnt tmrosri udcvanj ufqrbrk vaohalj vckhpbq vcnavaj wawflga wiqnlag xhajpsq xhpnfak xjchspd aisryje adeyjmb atcrrgh ybcsduh yijguab awwjtjp axgiqnj atqholp 
107.596774 

3avysmb d2sftep dasftep dbsftep dcsftep e2bvmbo eabvmbo ebbvmbo ecbvmbo f2gdwgm fagdwgm fbgdwgm fcgdwgm f2gdwgm fagdwgm fbgdwgm fcgdwgm 


aaorfpy abadmha bjpsqsi bqtamvq catndqv cawadou cawnoha cgvxcao dbousor degvsid ehvklpu ekqddjv fhbjild fkyudlm gkukarl govelqx hdaxfed hfmhlrh iavysmb idsiwbm jhjnvfp jlkefto kmhjqyi kqbyeeb lagyavt leftcjf mbjthiy mbsolos mcdbgos naeqxln ncfddtt odwsxae oesgmax pdlpsuo pgcpvci qeshwbv qfqewwu rdxveum rldaywi rlmaatc sfwbaor shrhhou tcuqhnt tmrosri udcvanj ufqrbrk vaohalj vckhpbq vcnavaj wawflga wiqnlag xdfgpea xhajpsq xhpnfak aisryje adeyjmb atcrrgh ybcsduh yijguab awwjtjp axgiqnj atqholp 
aaorfpy abadmha bjpsqsi bqtamvq catndqv cawadou cawnoha cgvxcao dbousor degvsid ehvklpu ekqddjv eksoytq fhbjild fkyudlm gkukarl govelqx hdaxfed hfmhlrh iavysmb idsiwbm jhjnvfp jlkefto kmhjqyi kqbyeeb lagyavt leftcjf mbjthiy mbsolos mcdbgos naeqxln ncfddtt odwsxae oesgmax pdlpsuo pgcpvci qeshwbv qfqewwu rdxveum rldaywi rlmaatc sfwbaor shrhhou tcuqhnt tmrosri udcvanj ufqrbrk vaohalj vckhpbq vcnavaj wawflga wiqnlag xdfgpea xhajpsq xhpnfak aisryje adeyjmb atcrrgh ybcsduh yijguab awwjtjp axgiqnj atqholp 
FALSE 
FALSE 
4dsiwbm hdaxfed hfmhlrh idsiwbm idsiwbm 
aaorfpy abadmha bjpsqsi bqtamvq catndqv cawadou cawnoha cgvxcao dbousor degvsid ehvklpu ekqddjv eksoytq fhbjild fkyudlm gkukarl gopogae govelqx hdaxfed hfmhlrh iaqqgpw iavysmb idsiwbm jhjnvfp jlkefto kmhjqyi kqbyeeb lagyavt leftcjf mbjthiy mbsolos mcdbgos naeqxln nbnporg odwsxae oesgmax pdlpsuo pgcpvci qeshwbv qfqewwu rdxveum rldaywi rlmaatc sfwbaor shrhhou tcuqhnt tiodkkv udcvanj ufqrbrk vafbybr vaohalj vckhpbq vcnavaj wawflga wiqnlag xdfgpea xhajpsq xhpnfak aisryje adeyjmb atcrrgh ybcsduh yijguab awwjtjp axgiqnj atqholp apsuaoj 
xplkdex xpphjnj 


107.771855 
aaorfpy abadmha bjpsqsi bqtamvq catndqv cawadou cawnoha cdcsamt dbousor degvsid ehvklpu ekqddjv eksoytq fhbjild fkyudlm gkukarl gopogae govelqx hdaxfed hfmhlrh iaqqgpw iavysmb idkrjqw idsiwbm jhjnvfp jlkefto kmhjqyi kqbyeeb lagyavt leftcjf mbjthiy mbsolos mcdbgos naeqxln nbnporg odwsxae oesgmax pdlpsuo pgcpvci qeshwbv qfqewwu rdxveum riuueyc sfwbaor shrhhou tcuqhnt tiodkkv udcvanj ufqrbrk vafbybr vaohalj vckhpbq vcnavaj wawflga wiqnlag xdfgpea xhajpsq xhpnfak aisryje adeyjmb atcrrgh ybcsduh yijguab awwjtjp axgiqnj atqholp apsuaoj 
aaorfpy abadmha bjpsqsi bqtamvq catndqv cawadou cawnoha cdcsamt dbousor degvsid ehvklpu ekqddjv eksoytq fhbjild fkyudlm gkukarl gopogae govelqx hdaxfed hfmhlrh iaqqgpw iavysmb idkrjqw idsiwbm jhjnvfp jlkefto kmhjqyi kqbyeeb lagyavt lakakqb leftcjf mbjthiy mbsolos mcdbgos naeqxln nbnporg odwsxae oesgmax pdlpsuo pgcpvci qeshwbv qfqewwu rdxveum riuueyc sfwbaor shrhhou shxjagc tcuqhnt tiodkkv udcvanj ufqrbrk vafbybr vaohalj vckhpbq vcnavaj wawflga whpvntt xdfgpea xhajpsq xhpnfak aisryje adeyjmb atcrrgh ybcsduh yijguab awwjtjp axgiqnj atqholp apsuaoj 
aaorfpy abadmha bjpsqsi bqtamvq catndqv cawadou cawnoha cdcsamt dbousor degvsid ehvklpu ekqddjv eksoytq fhbjild fkyudlm gkukarl gopogae govelqx hdaxfed hfmhlrh iaqqgpw iavysmb idkrjqw idsiwbm jhjnvfp jlkefto kmhjqyi kqbyeeb lagyavt lakakqb leftcjf mbjthiy mbsolos mcdbgos naeqxln nbnporg odwsxae oesgmax pdlpsuo pgcpvci qeshwbv qfqewwu rdxveum riuueyc sfwbaor shrhhou shxjagc tcuqhnt tiodkkv udcvanj ufqrbrk vafbybr vaohalj vckhpbq vcnavaj wawflga whpvntt xdfgpea xhajpsq xhpnfak aisryje adeyjmb atcrrgh ybcsduh yijguab awwjtjp axgiqnj atqholp apsuaoj 


FALSE 
aaorfpy abadmha bjpsqsi bqtamvq catndqv cawadou cawnoha cdcsamt dbousor degvsid ehvklpu ekqddjv eksoytq fhbjild fkyudlm gkukarl gopogae govelqx hdaxfed hfmhlrh iaqqgpw iavysmb idkrjqw idsiwbm jhjnvfp jlkefto kmhjqyi kqbyeeb lagyavt lakakqb leftcjf mbjthiy mbsolos mcdbgos naeqxln nbnporg odwsxae oesgmax pdlpsuo pgcpvci qeshwbv qfqewwu rdxveum riuueyc sfwbaor shrhhou shxjagc tcuqhnt tiodkkv udcvanj ufqrbrk vafbybr vaohalj vckhpbq vcnavaj wawflga whpvntt xdfgpea xhajpsq xhpnfak aisryje adeyjmb atcrrgh ybcsduh yijguab awwjtjp axgiqnj atqholp apsuaoj 
fvgdwgm 
rovjjgw 
aaorfpy abadmha bjpsqsi bqtamvq catndqv cawadou cawnoha cdcsamt dbousor degvsid ehvklpu ekqddjv eksoytq fhbjild fkyudlm gkukarl gopogae govelqx hdaxfed hfmhlrh iaqqgpw iavysmb idkrjqw idsiwbm jhjnvfp jlkefto klkrjqb kmhjqyi lagyavt lakakqb leftcjf mbjthiy mbsolos mcdbgos naeqxln nbnporg odwsxae oesgmax pdlpsuo pgcpvci qeshwbv qfqewwu rdxveum riaweva riuueyc sfwbaor shrhhou shxjagc tcuqhnt tiodkkv udcvanj ufqrbrk vafbybr vaohalj vckhpbq vcnavaj wawflga whpvntt xdfgpea xhajpsq xhpnfak aisryje adeyjmb atcrrgh ybcsduh yijguab awwjtjp axgiqnj atqholp apsuaoj atcboci 
8aqqgpw 8avysmb taqqgpw tavysmb uaqqgpw uavysmb vaqqgpw vavysmb vaqqgpw vavysmb 
aaorfpy abadmha bjpsqsi bqtamvq catndqv cawadou cawnoha cdcsamt dbousor degvsid ehvklpu ekqddjv eksoytq fhbjild fkyudlm gkukarl gopogae govelqx hdaxfed hfmhlrh iaqqgpw iavysmb idkrjqw idsiwbm jhjnvfp jjakajg klkrjqb kmhjqyi lagyavt lakakqb leftcjf leajlmf mbjthiy mbsolos mcdbgos naeqxln nbnporg odwsxae oesgmax pdlpsuo pgcpvci qbkxmob qeshwbv rdopejl rdxveum riaweva riuueyc sfwbaor shrhhou shxjagc tcuqhnt tdhknon udcvanj ufqrbrk vafbybr vaohalj vckhpbq vcnavaj wawflga whpvntt xdfgpea xhajpsq xhpnfak aisryje adeyjmb atcrrgh ybcsduh yijguab awwjtjp axgiqnj atqholp apsuaoj atcboci ardfxis 
0gjmodm 0gqasth 0gjmodm 0gqasth 
aaorfpy abadmha bjpsqsi bqtamvq catndqv cawadou cawnoha cdcsamt dbousor degvsid ehvklpu ekqddjv eksoytq fhbjild fkyudlm gkukarl gopogae govelqx hdaxfed hfmhlrh iaqqgpw iavysmb idkrjqw idsiwbm jhjnvfp jjakajg klkrjqb kmhjqyi lagyavt lakakqb leftcjf leajlmf mbjthiy mbsolos mcdbgos naeqxln nbnporg odwsxae oesgmax pdlpsuo pgcpvci qbkxmob qeshwbv rdopejl rdxveum riaweva riuueyc sfwbaor shrhhou shxjagc tcuqhnt tdhknon udcvanj ufqrbrk vafbybr vaohalj vckhpbq vcnavaj wawflga whpvntt xdfgpea xhajpsq xhpnfak aisryje adeyjmb atcrrgh ybcsduh yijguab awwjtjp axgiqnj atqholp apsuaoj atcboci ardfxis 
FALSE 

aaorfpy abadmha bjpsqsi bqtamvq catndqv cawadou cawnoha cdcsamt dbousor degvsid ehvklpu ekqddjv eksoytq fhbjild fkyudlm gkukarl gopogae govelqx hdaxfed hfmhlrh iaqqgpw iavysmb idkrjqw idsiwbm jhjnvfp jjakajg klkrjqb kmhjqyi lagyavt lakakqb leftcjf leajlmf mbjthiy mbsolos mcdbgos naeqxln nbnporg odwsxae oesgmax pdlpsuo pgcpvci qbkxmob qeshwbv rdopejl rdxveum riaweva riuueyc sfwbaor shrhhou shxjagc tcuqhnt tdhknon udcvanj ufqrbrk vafbybr vaohalj vckhpbq vcnavaj wawflga whpvntt xdfgpea xhajpsq xhpnfak aisryje adeyjmb atcrrgh ybcsduh yijguab awwjtjp axgiqnj atqholp apsuaoj atcboci ardfxis 
aaorfpy abadmha bjpsqsi bqtamvq catndqv cawadou cawnoha cdcsamt dbousor degvsid ehvklpu ekqddjv eksoytq fhbjild fkyudlm gkukarl gopogae govelqx hdaxfed hfmhlrh iaqqgpw iavysmb idkrjqw idsiwbm jhjnvfp jjakajg klkrjqb kmhjqyi lagyavt lakakqb leftcjf leajlmf mbjthiy mbsolos mcdbgos naeqxln nbnporg odwsxae oesgmax pdlpsuo pgcpvci qbkxmob qeshwbv rdopejl rdxveum riaweva riuueyc sfwbaor shrhhou shxjagc tcuqhnt tdhknon udcvanj ufqrbrk vafbybr vaohalj vckhpbq vcnavaj wawflga whpvntt xdfgpea xhajpsq xhpnfak aisryje adeyjmb atcrrgh ybcsduh yijguab awwjtjp axgiqnj atqholp apsuaoj atcboci ardfxis 
aaorfpy abadmha bjpsqsi bqtamvq catndqv cawadou cawnoha cdcsamt dbousor degvsid ehvklpu ekqddjv eksoytq fhbjild fkyudlm gkukarl gopogae govelqx hdaxfed hfmhlrh iaqqgpw iavysmb idkrjqw idsiwbm jhjnvfp jjakajg klkrjqb kmhjqyi lagyavt lakakqb leftcjf leajlmf mbjthiy mbsolos mcdbgos naeqxln nbnporg odwsxae oesgmax pdlpsuo pgcpvci qbkxmob qeshwbv rdopejl rdxveum riaweva riuueyc sfwbaor shrhhou shxjagc tcuqhnt tdhknon udcvanj ufqrbrk vafbybr vaohalj vckhpbq vcnavaj wawflga whpvntt xdfgpea xhajpsq xhpnfak aisryje adeyjmb atcrrgh ybcsduh yboocua yijguab awwjtjp axgiqnj atqholp apsuaoj atcboci ardfxis 
FALSE 
107.567619 
aaorfpy abadmha bjpsqsi bqtamvq catndqv cawadou cawnoha cdcsamt dbousor degvsid ehvklpu ekqddjv eksoytq fhbjild fkyudlm gkukarl gopogae govelqx hdaxfed hfmhlrh iaqqgpw iavysmb idkrjqw idsiwbm jhjnvfp jjakajg klkrjqb kmhjqyi lagyavt lakakqb leftcjf leajlmf mbjthiy mbsolos mcdbgos naeqxln nbnporg odwsxae oesgmax pdlpsuo pgcpvci qbkxmob qeshwbv rdopejl rdxveum riaweva riuueyc sfwbaor shrhhou shxjagc tcuqhnt tdhknon udcvanj ufqrbrk vafbybr vaohalj vckhpbq vcnavaj wawflga whpvntt xdfgpea xhajpsq xhpnfak aisryje adeyjmb atcrrgh ybcsduh yboocua yijguab awwjtjp axgiqnj atqholp apsuaoj atcboci ardfxis 
aaorfpy abadmha bjpsqsi bqtamvq catndqv cawadou cawnoha cdcsamt dbousor degvsid ehvklpu ekqddjv eksoytq fhbjild fkyudlm gkukarl gopogae govelqx hdaxfed hfmhlrh iaqqgpw iavysmb idkrjqw idsiwbm jhjnvfp jjakajg klkrjqb kmhjqyi lagyavt lakakqb leftcjf leajlmf mbjthiy mbsolos mcdbgos naeqxln nbnporg odwsxae oesgmax pdlpsuo pgcpvci qbkxmob qeshwbv rdopejl rdxveum riaweva riuueyc sfwbaor shrhhou shxjagc tcuqhnt tdhknon udcvanj ufqrbrk vafbybr vaohalj vckhpbq vcnavaj wawflga whpvntt xdfgpea xhajpsq xhpnfak aisryje adeyjmb atcrrgh ybcsduh yboocua yijguab awwjtjp axgiqnj atqholp apsuaoj atcboci ardfxis 
aaorfpy abadmha bjpsqsi bqtamvq catndqv cawadou cawnoha cdcsamt dbousor degvsid ehvklpu ekqddjv eksoytq fhbjild fkyudlm gkukarl gmacimf hdaxfed hfmhlrh iaqqgpw iavysmb idkrjqw idsiwbm jhjnvfp jjakajg klkrjqb kmhjqyi lagyavt lakakqb leftcjf leajlmf mbjthiy mbsolos mcdbgos naeqxln nbnporg odwsxae oesgmax pdlpsuo pgcpvci qbkxmob qeshwbv rdopejl rdxveum riaweva riuueyc sfwbaor shrhhou shxjagc tcuqhnt tdhknon udcvanj ufqrbrk vafbybr vaohalj vckhpbq vcnavaj wawflga whpvntt xdfgpea xhajpsq xhpnfak aisryje adeyjmb atcrrgh ybcsduh yboocua yijguab awwjtjp axgiqnj atqholp apsuaoj atcboci ardfxis 
8aqqgpw 8avysmb taqqgpw tavysmb uaqqgpw uavysmb vaqqgpw vavysmb vaqqgpw vavysmb 
2gjmodm 2gqasth 2hertrj cgvxcao chumrtu cgvxcao chumrtu 
3xaesmb d9sftep dwsftep dxsftep dysftep dzsftep e9bvmbo e9vugsy ewbvmbo ewvugsy exbvmbo exvugsy eybvmbo eyvugsy ezbvmbo ezvugsy f9gdwgm fwgdwgm fxgdwgm fygdwgm fzgdwgm f9gdwgm fwgdwgm fxgdwgm fygdwgm fzgdwgm 
aaorfpy abadmha bjpsqsi bqtamvq catndqv cawadou cawnoha cdcsamt dbousor degvsid ehvklpu ekqddjv eksoytq fhbjild fkyudlm gkukarl gmacimf hdaxfed hfmhlrh iaqqgpw iavysmb idkrjqw idsiwbm jhjnvfp jjakajg klkrjqb kmhjqyi lagyavt lakakqb leftcjf leajlmf mbjthiy mbsolos mcdbgos naeqxln nbnporg odwsxae oesgmax pdlpsuo pgcpvci qbkxmob qeshwbv rdopejl rdxveum riaweva riuueyc sfwbaor shrhhou shxjagc tcuqhnt tdhknon udcvanj ufqrbrk vafbybr vaohalj vckhpbq vcnavaj wawflga whpvntt xdfgpea xhajpsq xhpnfak aisryje adeyjmb atcrrgh ybcsduh yboocua yijguab awwjtjp axgiqnj atqholp apsuaoj atcboci ardfxis 
0gjmodm 0gqasth 0hertrj 0gjmodm 0gqasth 0hertrj 
2gjmodm 2gqasth 2hertrj b4ppgxi bgppgxi bhppgxi bippgxi cgvxcao chumrtu cgvxcao chumrtu 


107.464286 
aaorfpy abadmha bjpsqsi bqtamvq catndqv cawadou cawnoha cdcsamt dbousor degvsid ehvklpu ekqddjv eksoytq fhbjild fkyudlm gkukarl gmacimf hdaxfed hfmhlrh iaqqgpw iavysmb idkrjqw idsiwbm jhjnvfp jjakajg klkrjqb kmhjqyi lagyavt lakakqb leftcjf leajlmf mbjthiy mbsolos mcdbgos naeqxln nbnporg odwsxae oesgmax pdlpsuo pgcpvci qbkxmob qeshwbv rdopejl rdxveum riaweva riuueyc sfwbaor shrhhou shxjagc tcuqhnt tdhknon tdjxgca udcvanj ufqrbrk vafbybr vaohalj vckhpbq vcnavaj wawflga whpvntt xdfgpea xhajpsq xhpnfak aisryje adeyjmb atcrrgh ybcsduh yboocua yijguab awwjtjp axgiqnj atqholp apsuaoj atcboci ardfxis amhnuoa 

b1ppgxi 
FALSE 

107.430476 


aaorfpy abadmha bhcgoeg bjpsqsi catndqv cawadou cawnoha cdcsamt dbousor degvsid ehvklpu ekqddjv eksoytq fhbjild fkyudlm gkukarl gmacimf hasbpvj hdaxfed iaqqgpw iavysmb idkrjqw idsiwbm jhjnvfp jjakajg klkrjqb kmhjqyi lagyavt lakakqb ldtehir mbjthiy mbsolos mcdbgos naeqxln nbnporg ocdkdbi odwsxae pdlpsuo pgcpvci qbkxmob qeshwbv rdopejl rdxveum riaweva riuueyc sfwbaor shrhhou shxjagc tcuqhnt tdhknon tdjxgca ucfqykj ucklfqr udcvanj vafbybr vaohalj vckhpbq vcnavaj wawflga wcjgqmb xdfgpea xhajpsq xhpnfak aisryje adeyjmb atcrrgh ybcsduh yboocua ygushey awwjtjp axgiqnj atqholp apsuaoj atcboci ardfxis amhnuoa aqfages 
aaorfpy abadmha bhcgoeg bjpsqsi catndqv cawadou cawnoha cdcsamt dbousor degvsid ehvklpu ekqddjv eksoytq fhbjild fkyudlm gkukarl gmacimf hasbpvj hdaxfed iaqqgpw iavysmb idkrjqw idsiwbm jhjnvfp jjakajg klkrjqb kmhjqyi lagyavt lakakqb ldtehir mbjthiy mbsolos mcdbgos naeqxln nbnporg ocdkdbi odwsxae pdlpsuo pgcpvci qbkxmob qeshwbv rdopejl rdxveum riaweva riuueyc sfwbaor shrhhou shxjagc tcuqhnt tdhknon tdjxgca ucfqykj ucklfqr udcvanj vafbybr vaohalj vckhpbq vcnavaj wawflga wcjgqmb xdfgpea xhajpsq xhpnfak aisryje adeyjmb atcrrgh ybcsduh yboocua ygushey awwjtjp axgiqnj atqholp apsuaoj atcboci ardfxis amhnuoa aqfages 

aaorfpy abadmha bhcgoeg bjpsqsi catndqv cawadou cawnoha cdcsamt dbousor degvsid ehvklpu ekqddjv eksoytq fhbjild fkyudlm gkukarl gmacimf hasbpvj hdaxfed iaqqgpw iavysmb idkrjqw idsiwbm jhjnvfp jjakajg klkrjqb kmhjqyi lagyavt lakakqb ldtehir mbjthiy mbsolos mcdbgos naeqxln nbnporg ocdkdbi odwsxae pbigutb pdlpsuo qbkxmob qeshwbv rdopejl rdxveum riaweva riuueyc sfwbaor shrhhou shxjagc tcuqhnt tdhknon tdjxgca ucfqykj ucklfqr udcvanj vafbybr vaohalj vckhpbq vcnavaj wawflga wcjgqmb xdfgpea xhajpsq xhpnfak aisryje adeyjmb atcrrgh ybcsduh yboocua ygushey awwjtjp axgiqnj atqholp apsuaoj atcboci ardfxis amhnuoa aqfages 
107.335807 

xovjjgw 


tvclnan 
5vclnan jvclnan kvclnan lvclnan lvclnan 

TRUE 
6ovjjgw movjjgw novjjgw oovjjgw oovjjgw 
9dkrjqw 9dsiwbm 9egeiko wdkrjqw wdsiwbm wegeiko xdkrjqw xdsiwbm xegeiko ydkrjqw ydsiwbm yegeiko zdkrjqw zdsiwbm zegeiko zdkrjqw zdsiwbm zegeiko 
aaorfpy abadmha bhcgoeg bhurnju bjpsqsi catndqv cawadou cawnoha cdcsamt dbousor degvsid ehvklpu ekqddjv eksoytq fhbjild fholdxd fkyudlm gkukarl gmacimf hasbpvj hdaxfed iaqqgpw iavysmb idkrjqw idsiwbm jhjnvfp jjakajg klkrjqb kmhjqyi lagyavt lakakqb ldtehir mbjthiy mbsolos mcdbgos naeqxln nbnporg ocdkdbi odwsxae pbigutb pdlpsuo qbkxmob qeshwbv rdopejl rdxveum rfiowgc sfwbaor shrhhou shxjagc tcuqhnt tdhknon tdjxgca ucfqykj ucklfqr udcvanj vafbybr vaohalj vcbkfqa vckhpbq wawflga wcjgqmb xbyikmr xdfgpea aisryje adeyjmb atcrrgh ybcsduh yboocua ygushey awwjtjp axgiqnj atqholp apsuaoj atcboci ardfxis amhnuoa aqfages aisuscp aqdbfoo acvcjgs 
jgjmodm jgqasth 
cnomera 


aaorfpy abadmha bhcgoeg bhurnju bjpsqsi catndqv cawadou cawnoha cdcsamt dbousor degvsid ehvklpu ekqddjv eksoytq fhbjild fholdxd fkyudlm gkukarl gmacimf hasbpvj hctnhnq iaqqgpw iavysmb idkrjqw idsiwbm jhjnvfp jjakajg klkrjqb kmhjqyi lagyavt lakakqb ldtehir mbjthiy mbsolos mcdbgos naeqxln nbnporg ocdkdbi odwsxae pbigutb pdlpsuo qbkxmob qeshwbv rdmrwom rdopejl rfiowgc sfwbaor shrhhou shxjagc tcuqhnt tdhknon tdjxgca ucfqykj ucklfqr udcvanj vafbybr vaohalj vcbkfqa vckhpbq wawflga wcjgqmb xbyikmr xdfgpea aisryje adeyjmb atcrrgh ybcsduh yboocua ygushey awwjtjp axgiqnj atqholp apsuaoj atcboci ardfxis amhnuoa aqfages aisuscp aqdbfoo acvcjgs 

akrlnkt alxahnd b5ppgxi bjpsqsi bkppgxi blppgxi ckxcyxt clkchre ckxcyxt clkchre 
aaorfpy abadmha bhcgoeg bhurnju bjpsqsi catndqv cawadou cawnoha cdcsamt dbousor degvsid ehvklpu ekqddjv eksoytq fhbjild fholdxd fkyudlm gkukarl gmacimf gmtteai hasbpvj hctnhnq iaqqgpw iavysmb idkrjqw idsiwbm jfowviy jhjnvfp klkrjqb kmhjqyi lagyavt lakakqb ldtehir mbjthiy mbsolos mcdbgos naeqxln nbnporg ocdkdbi odwsxae pbigutb pdlpsuo qbkxmob qeshwbv rdmrwom rdopejl rfiowgc scniama sfwbaor tcuqhnt tdhknon tdjxgca ualygpf ucfqykj ucklfqr vafbybr vaohalj vcbkfqa vckhpbq wawflga wcjgqmb xbyikmr xdfgpea aisryje adeyjmb atcrrgh ybcsduh yboocua ygushey awwjtjp axgiqnj atqholp apsuaoj atcboci ardfxis amhnuoa aqfages aisuscp aqdbfoo acvcjgs 
8xaesmb 8xckqoa txaesmb txckqoa uxaesmb uxckqoa vxaesmb vxckqoa vxaesmb vxckqoa 

fpgdwgm 
aaorfpy abadmha bhcgoeg bhurnju bjpsqsi catndqv cawadou cawnoha cdcsamt dbousor degvsid ehvklpu ekqddjv eksoytq fhbjild fholdxd fkyudlm gkukarl gmacimf gmtteai hasbpvj hctnhnq iaqqgpw iavysmb idkrjqw idsiwbm jfowviy jhjnvfp klkrjqb kmhjqyi lagyavt lakakqb ldtehir mbjthiy mbsolos mcdbgos naeqxln nbnporg ocdkdbi odwsxae pbigutb pdlpsuo qbkxmob qeshwbv rdmrwom rdopejl rfiowgc scniama sfwbaor tcuqhnt tdhknon tdjxgca ualygpf ucfqykj ucklfqr vafbybr vaohalj vcbkfqa vckhpbq wawflga wcjgqmb xbyikmr xdfgpea aisryje adeyjmb atcrrgh ybcsduh yboocua ygushey awwjtjp axgiqnj atqholp apsuaoj atcboci ardfxis amhnuoa aqfages aisuscp aqdbfoo acvcjgs aanqlyx 
aaorfpy abadmha bhcgoeg bhurnju bjpsqsi catndqv cawadou cawnoha cdcsamt cdabgar dbousor degvsid ehvklpu ekqddjv eksoytq fhbjild fholdxd fkyudlm gkukarl gmacimf gmtteai hasbpvj hctnhnq iaqqgpw iavysmb idkrjqw idsiwbm jfowviy jhjnvfp jhlsxma klkrjqb kmhjqyi lagyavt lakakqb ldtehir mbjthiy mbsolos mcdbgos naeqxln nbnporg ocdkdbi odwsxae pbigutb pdlpsuo qbkxmob qeshwbv rdmrwom rdopejl rfiowgc scniama sfwbaor tcuqhnt tdhknon tdjxgca ualygpf ucfqykj ucklfqr vafbybr vaohalj vcbkfqa vckhpbq wawflga wcjgqmb xbyikmr xdfgpea aisryje adeyjmb atcrrgh ybcsduh yboocua ygushey awwjtjp axgiqnj atqholp apsuaoj atcboci ardfxis amhnuoa aqfages aisuscp aqdbfoo acvcjgs aanqlyx 
5xaesmb 5xckqoa jxaesmb jxckqoa kxaesmb kxckqoa lxaesmb lxckqoa lxaesmb lxckqoa 

aaorfpy abadmha bhcgoeg bhurnju bjpsqsi catndqv cawadou cawnoha cdcsamt cdabgar dbousor degvsid ehvklpu ekqddjv eksoytq fhbjild fholdxd fkyudlm gkukarl gmacimf gmtteai hasbpvj hctnhnq iaqqgpw iavysmb idkrjqw idsiwbm jfowviy jhjnvfp jhlsxma klkrjqb kmhjqyi lagyavt lakakqb ldtehir mbjthiy mbsolos mcdbgos naeqxln nbnporg ocdkdbi odwsxae pbigutb pdlpsuo qbkxmob qeshwbv rdmrwom rdopejl rfiowgc scniama sfwbaor tcuqhnt tdhknon tdjxgca ualygpf ucfqykj ucklfqr vafbybr vaohalj vcbkfqa vckhpbq wawflga wcjgqmb xbyikmr xdfgpea aisryje adeyjmb atcrrgh ybcsduh yboocua ygushey awwjtjp axgiqnj atqholp apsuaoj atcboci ardfxis amhnuoa aqfages aisuscp aqdbfoo acvcjgs aanqlyx 
FALSE 
FALSE 
ecbvmbo ecvugsy 
aaorfpy abadmha babrnwx bhcgoeg bhurnju catndqv cawadou cawnoha cdcsamt cdabgar dbousor degvsid ehvklpu ekqddjv eksoytq fhbjild fholdxd fkyudlm gkukarl gmacimf gmtteai hasbpvj hctnhnq iaqqgpw iavysmb idkrjqw idsiwbm jfowviy jhjnvfp jhlsxma klkrjqb kmhjqyi lagyavt lakakqb ldtehir mbjthiy mbsolos mcdbgos naeqxln nbnporg ocdkdbi odwsxae pbigutb pdlpsuo qbkxmob qeshwbv rdmrwom rdopejl rfiowgc scniama sfwbaor tcuqhnt tdhknon tdjxgca ualygpf ucfqykj ucklfqr vafbybr vaohalj vcbkfqa vckhpbq wawflga wbroyce xbyikmr xdfgpea aisryje adeyjmb atcrrgh ybcsduh yboocua ygushey awwjtjp axgiqnj atqholp apsuaoj atcboci ardfxis amhnuoa aqfages aisuscp aqdbfoo acvcjgs aanqlyx alfsybl 
aaorfpy abadmha babrnwx bhcgoeg bhurnju catndqv cawadou cawnoha cdcsamt cdabgar dbousor degvsid ehvklpu ekqddjv eksoytq fhbjild fholdxd fkyudlm gkukarl gmacimf gmtteai hasbpvj hctnhnq iaqqgpw iavysmb idkrjqw idsiwbm jfowviy jhjnvfp jhlsxma klkrjqb kmhjqyi lagyavt lakakqb ldtehir mbjthiy mbsolos mcdbgos naeqxln nbnporg ocdkdbi odwsxae pbigutb pdlpsuo qbkxmob qeshwbv rdmrwom rdopejl rfiowgc scniama sfwbaor tcuqhnt tdhknon tdjxgca ualygpf ucfqykj ucklfqr vafbybr vaohalj vcbkfqa vckhpbq wawflga wbroyce xbyikmr xdfgpea aisryje adeyjmb atcrrgh ybcsduh yboocua ygushey awwjtjp axgiqnj atqholp apsuaoj atcboci ardfxis amhnuoa aqfages aisuscp aqdbfoo acvcjgs aanqlyx alfsybl 

107.282272 

FALSE 

7aqqgpw 7avysmb paqqgpw pavysmb qaqqgpw qavysmb raqqgpw ravysmb saqqgpw savysmb saqqgpw savysmb 
3vclnan d8pkbvy d8sftep dtpkbvy dtsftep dupkbvy dusftep dvpkbvy dvsftep e8bvmbo e8vugsy etbvmbo etvugsy eubvmbo euvugsy evbvmbo evvugsy f8gdwgm ftgdwgm fugdwgm fvgdwgm f8gdwgm ftgdwgm fugdwgm fvgdwgm 
aaorfpy abadmha babrnwx bhcgoeg bhurnju catndqv cawadou cawnoha cdcsamt cdabgar dbousor degvsid eeauarm ehvklpu fhbjild fholdxd fkyudlm gcqsjml gkukarl hasbpvj hctnhnq iaqqgpw iavysmb idkrjqw idsiwbm jcuqpng jfowviy klkrjqb kmhjqyi lagyavt lakakqb ldtehir mbjthiy mbsolos mcdbgos naeqxln nbnporg ocdkdbi odwsxae pbigutb pdlpsuo qbkxmob qeshwbv rdmrwom rdopejl regaonh scniama sfwbaor tcuqhnt tdhknon tdjxgca ualygpf ucfqykj ucklfqr vafbybr vaohalj vcbkfqa vckhpbq wawflga wbroyce xbyikmr xdfgpea aisryje adeyjmb atcrrgh ybcsduh yboocua ygushey awwjtjp axgiqnj atqholp apsuaoj atcboci ardfxis amhnuoa aqfages aisuscp aqdbfoo acvcjgs aanqlyx alfsybl awjnopj 
akrlnkt alxahnd alahnto b5ppgxi bjpsqsi bkppgxi blikfww ckxcyxt clkchre ckxcyxt clkchre 
FALSE 
0vclnan 0vclnan 
9gjmodm 9gqasth 9hertrj 9hnqfnt wgjmodm wgqasth whertrj whnqfnt xgjmodm xgqasth xhertrj xhnqfnt ygjmodm ygqasth yhertrj yhnqfnt zgjmodm zgqasth zhertrj zhnqfnt zgjmodm zgqasth zhertrj zhnqfnt 
8kkitmr tkkitmr ukkitmr vkkitmr vkkitmr 
FALSE 
3dkrjqw 3dsiwbm 3egeiko d3ovqwm d3pkbvy ddovqwm ddpkbvy degvsid dfovqwm dfpkbvy e3bvmbo e3vugsy edbvmbo edvugsy eeauarm efbvmbo efvugsy f3bjild f3oldxd fdbjild fdoldxd febjild feoldxd ffbjild ffoldxd f3bjild f3oldxd fdbjild fdoldxd febjild feoldxd ffbjild ffoldxd 

6plkdex 6pphjnj mplkdex mpphjnj nplkdex npphjnj oplkdex opphjnj oplkdex opphjnj 
107.259442 
4xaesmb 4xckqoa gwmmbbu gwockqg gxcwama gxvpqws hxjbqjv hxvmoaw ixaesmb ixckqoa ixaesmb ixckqoa 
aaorfpy abadmha babrnwx bhcgoeg bhurnju catndqv cawadou cawnoha cdcsamt cdabgar dbousor degvsid eeauarm ehvklpu fbkiuit fhbjild fholdxd gcqsjml gkukarl hasbpvj hctnhnq iaqqgpw iavysmb idkrjqw idsiwbm jcuqpng jddepbl klkrjqb kmhjqyi lagyavt lakakqb ldtehir mbjthiy mbsolos mcdbgos naeqxln nbnporg ocdkdbi odwsxae pbigutb pdlpsuo pdrxbrc qbkxmob qeshwbv rdmrwom rdopejl regaonh scniama sfwbaor tcjpfpc tcuqhnt tdhknon tdjxgca ualygpf ucfqykj ucklfqr vafbybr vaohalj vcbkfqa vckhpbq wawflga wbroyce xbyikmr xdfgpea aisryje adeyjmb atcrrgh ybcsduh yboocua ygushey awwjtjp axgiqnj atqholp apsuaoj atcboci ardfxis amhnuoa aqfages aisuscp aqdbfoo acvcjgs aanqlyx alfsybl awjnopj aesgpjh abxagiw abkxuas 

7aqqgpw 7avysmb paqqgpw pavysmb qaqqgpw qavysmb raqqgpw ravysmb saqqgpw savysmb saqqgpw savysmb 
ixaesmb ixckqoa 
aaorfpy abadmha babrnwx bcupqpr catndqv cawadou cawnoha cdcsamt cdabgar dbousor degvsid eeauarm ehrjfsg ehvklpu fbkiuit fhbjild fholdxd gcqsjml giemlax hasbpvj hctnhnq iaqqgpw iavysmb idkrjqw idsiwbm jcuqpng jddepbl klkrjqb kmhjqyi lagyavt lakakqb ldtehir mbjthiy mbsolos mcdbgos naeqxln nbnporg ocdkdbi odwsxae pbigutb pdlpsuo pdrxbrc qbkxmob qeshwbv rdmrwom rdopejl regaonh scniama sfwbaor tcjpfpc tcuqhnt tdhknon tdjxgca ualygpf ucfqykj ucklfqr vafbybr vaohalj vcbkfqa vckhpbq wawflga wbroyce xbbstey xbyikmr xdfgpea aisryje adeyjmb atcrrgh ybcsduh yboocua ygushey awwjtjp axgiqnj atqholp apsuaoj atcboci ardfxis amhnuoa aqfages aisuscp aqdbfoo acvcjgs aanqlyx alfsybl awjnopj aesgpjh abxagiw abkxuas awtqrnu 
8gjmodm 8gqasth 8hertrj 8hlbyaa tgjmodm tgqasth thertrj thlbyaa ugjmodm ugqasth uhertrj uhlbyaa vgjmodm vgqasth vhertrj vhlbyaa vgjmodm vgqasth vhertrj vhlbyaa 
zmbaofa 
107.269841 
aaorfpy abadmha babrnwx bcupqpr catndqv cawadou cawnoha cdcsamt cdabgar dbousor degvsid eeauarm ehrjfsg ehvklpu fbkiuit fhbjild fholdxd gcqsjml giemlax hasbpvj hctnhnq iaqqgpw iavysmb idkrjqw idsiwbm jcuqpng jddepbl klkrjqb kmhjqyi lagyavt lakakqb ldtehir mbjthiy mbsolos mcdbgos naeqxln nbnporg ocdkdbi odwsxae pbasprb pbigutb pdlpsuo pdrxbrc qbkxmob qeshwbv rdmrwom rdopejl regaonh scniama sfwbaor tcjpfpc tcuqhnt tdhknon tdjxgca ualygpf ucfqykj ucklfqr vafbybr vaohalj vcbkfqa vckhpbq wawflga wbroyce xbbstey xbyikmr xdfgpea aisryje adeyjmb atcrrgh ybcsduh yboocua ygushey awwjtjp axgiqnj atqholp apsuaoj atcboci ardfxis amhnuoa aqfages aisuscp aqdbfoo acvcjgs aanqlyx alfsybl awjnopj aesgpjh abxagiw abkxuas awtqrnu 

aaorfpy abadmha babrnwx bcupqpr catndqv cawadou cawnoha cdcsamt cdabgar dbousor ddhliwy eeauarm ehrjfsg ehvklpu fbkiuit fhbjild fholdxd gcqsjml giemlax hasbpvj hctnhnq iaqqgpw iavysmb idkrjqw idsiwbm jcuqpng jddepbl klkrjqb kmhjqyi lagyavt lakakqb ldtehir mbjthiy mbsolos mcdbgos naeqxln nbnporg ocdkdbi odwsxae pbasprb pbigutb pdlpsuo pdrxbrc qbkxmob qeshwbv rdmrwom rdopejl regaonh scniama sfwbaor tcjpfpc tcuqhnt tdhknon tdjxgca ualygpf ucfqykj ucklfqr vafbybr vaohalj vcbkfqa vckhpbq wawflga wbroyce xbbstey xbyikmr xdfgpea aisryje adeyjmb atcrrgh yawguma ybcsduh yboocua awwjtjp axgiqnj atqholp apsuaoj atcboci ardfxis amhnuoa aqfages aisuscp aqdbfoo acvcjgs aanqlyx alfsybl awjnopj aesgpjh abxagiw abkxuas awtqrnu arsgorp 
mhertrj mhlbyaa 
0dkrjqw 0dsiwbm 0egeiko 0dkrjqw 0dsiwbm 0egeiko 
mhertrj mhlbyaa 
107.312112 
aaorfpy abadmha babrnwx bcupqpr catndqv cawadou cawnoha cdcsamt cdabgar dbousor ddhliwy eaydisn eeauarm fbkiuit fhbjild fholdxd gcqsjml giemlax hasbpvj hctnhnq iaqqgpw iavysmb idkrjqw idsiwbm jcuqpng jddepbl kkscwwh klkrjqb lagyavt lakakqb ldtehir mbjthiy mbsolos mcdbgos naeqxln nbnporg ocdkdbi odwsxae pbasprb pbigutb pdlpsuo pdrmvby pdrxbrc qbkxmob qeshwbv rdmrwom rdopejl regaonh scniama serkvsh tcjpfpc tcuqhnt tdhknon tdjxgca ualygpf ucfqykj ucklfqr vafbybr vaohalj vcbkfqa vckhpbq wawflga wbroyce xbbstey xbyikmr xdfgpea aisryje adeyjmb atcrrgh yawguma ybcsduh yboocua awwjtjp axgiqnj atqholp apsuaoj atcboci ardfxis amhnuoa aqfages aisuscp aqdbfoo acvcjgs aanqlyx alfsybl awjnopj aesgpjh abxagiw abkxuas awtqrnu arsgorp aanjkrh 
0mbaofa 0ovjjgw 0mbaofa 0ovjjgw 
