apqmodv brmkimk mmgabdt nsmkluu 

apqmodv brmkimk mmgabdt nsmkluu txuhujk yegpqfk 
apqmodv brmkimk mmgabdt nsmkluu txuhujk yegpqfk yvlylox 



apqmodv brmkimk kqmslkc mmgabdt nsmkluu smymasg txuhujk yegpqfk ymhuows 

FALSE 
apqmodv brmkimk kqmslkc mmgabdt nsmkluu smymasg txuhujk uxaesua yegpqfk ymhuows 


FALSE 
108.982143 
cwavcsu cwavcsu 

FALSE 
108.760504 



FALSE 
FALSE 

apqmodv arlawwg behlqgk bftgobu cwavcsu dwsgihq filhigo fljovxf gqpwflt hokdloi hspkcwb imcjaaj jaumuoo kqmslkc lkkhaul lslkava mmgabdt nsmkluu natqpie pebheug pkuaumo qgvolax qqhpjbx rlydcty rorgtyq skmatbm skvypps smymasg txuhujk uxaesua vakhajn vpahkrd wyapoif xewjmor xfpawkb yegpqfk ymhuows 


apqmodv arlawwg behlqgk bftgobu cjxecfr cwavcsu dwsgihq filhigo fljovxf gqpwflt hokdloi hspkcwb imcjaaj jaumuoo kqmslkc lkkhaul lslkava mfljkic mmgabdt nsmkluu natqpie pebheug pkuaumo qgvolax qqhpjbx rlydcty rorgtyq skmatbm skvypps smymasg txuhujk uxaesua vakhajn vpahkrd wyapoif xewjmor xfpawkb yegpqfk ymhuows 
apqmodv arlawwg behlqgk bftgobu cjxecfr cwavcsu dwsgihq filhigo fljovxf gqpwflt hokdloi hspkcwb imcjaaj jaumuoo jffalrq kqmslkc lkkhaul lslkava mfljkic mmgabdt ncvkruv ndvbjju pebheug pkuaumo qgvolax qqhpjbx rlydcty rorgtyq skmatbm skvypps smymasg txuhujk uxaesua vakhajn vpahkrd wyapoif xewjmor xfpawkb yegpqfk ymhuows 


abymlvl apqmodv behlqgk bftgobu cbpdsly cjxecfr dgelruk dwsgihq efuqbrm enjavcn filhigo fljovxf gqpwflt hddmvba hokdloi iftkwop imcjaaj jaumuoo jffalrq kqmslkc lkkhaul lslkava mahfkay mfljkic ncvkruv ndvbjju oyfbopw pebheug pkuaumo qcyshjp qgvolax rkboxpe rlydcty skmatbm skvypps smymasg txuhujk uxaesua vakhajn vjrdyjm wyapoif xewjmor xfpawkb yegpqfk ymhuows 
iftkwop 
apqmodv 
FALSE 
abymlvl apqmodv behlqgk bftgobu cbpdsly cjxecfr dgelruk dwsgihq efuqbrm enjavcn filhigo fljovxf gqpwflt gsegila hddmvba hiajwkd iftkwop imcjaaj jaumuoo jffalrq kqmslkc lkkhaul lslkava mahfkay mfljkic ncvkruv ndvbjju oyfbopw pebheug pkuaumo qcyshjp qgvolax rkboxpe rlydcty skmatbm skvypps smymasg txuhujk udvmoqp uxaesua vakhajn vcubjwr wyapoif xcknhrb xewjmor yegpqfk ymhuows 
xpoiggt xqaxslc xrhkuxb yrhwime ysfqlgj 



abymlvl ajwrfru behlqgk bftgobu cbpdsly cjxecfr dgelruk dwsgihq efuqbrm enjavcn filhigo fljovxf gbrheqn gqpwflt hddmvba hiajwkd iftkwop imcjaaj jaumuoo jffalrq kqmslkc lkkhaul lslkava mahfkay mfljkic ncvkruv ndvbjju oyfbopw pebheug pkuaumo qcyshjp qgvolax rkboxpe rlydcty skmatbm skvypps smymasg txuhujk udvmoqp uxaesua vakhajn vcubjwr wyapoif xcknhrb xewjmor yegpqfk ymhuows 
pebheug 
qqhpjbx qrmnwrp s7fsghw spfsghw sqfsghw srfsghw ssfsghw s7fsghw spfsghw sqfsghw srfsghw ssfsghw 

abymlvl ajwrfru behlqgk bftgobu cbpdsly cjxecfr dgelruk dgrenfy dwsgihq efuqbrm enjavcn filhigo fljovxf gbrheqn gbusfnb gqpwflt hddmvba hiajwkd hiyuetk iftkwop imcjaaj jaumuoo jffalrq knwmbat kqmslkc lkkhaul lslkava mahfkay mfljkic ncvkruv ndvbjju oyfbopw pebheug pkuaumo qcyshjp qgvolax rkboxpe rlydcty skmatbm skvypps smymasg txuhujk udvmoqp uxaesua vakhajn vcubjwr wyapoif xcknhrb xewjmor yegpqfk ymhuows aujvttr 
abymlvl ajwrfru behlqgk bftgobu cbpdsly cjxecfr dgelruk dgrenfy dwsgihq efuqbrm enjavcn filhigo fljovxf gbrheqn gbusfnb gqpwflt hddmvba hiajwkd hiyuetk iftkwop imcjaaj jaumuoo jffalrq knwmbat kqmslkc lkkhaul lslkava mahfkay mfljkic ncvkruv ndvbjju oyfbopw pebheug pkuaumo qcyshjp qgvolax rkboxpe rlydcty skmatbm skvypps smymasg txuhujk udvmoqp uxaesua vakhajn vcubjwr wyapoif xcknhrb xewjmor yclvhko yegpqfk aujvttr 
abymlvl ajwrfru behlqgk bftgobu cbpdsly cjxecfr dgelruk dgrenfy dwsgihq efuqbrm enjavcn filhigo fljovxf gbrheqn gbusfnb gqpwflt hddmvba hiajwkd hiyuetk iftkwop imcjaaj jaumuoo jffalrq knwmbat kqmslkc lkkhaul lslkava mahfkay mfljkic ncvkruv ndvbjju oyfbopw pebheug pkuaumo qcyshjp qgvolax rkboxpe rlydcty skmatbm skvypps smymasg txuhujk udvmoqp uxaesua vakhajn vcubjwr wyapoif xcknhrb xewjmor yclvhko yegpqfk aujvttr 
abymlvl ajwrfru behlqgk bftgobu cbpdsly cjxecfr dgelruk dgrenfy dwsgihq efuqbrm egjiwym filhigo fljovxf gbrheqn gbusfnb gqpwflt hddmvba hiajwkd hiyuetk iftkwop imcjaaj jaumuoo jffalrq knwmbat kqmslkc lkkhaul lslkava mahfkay mfljkic ncvkruv ndvbjju oyfbopw pebheug pkuaumo qcyshjp qgvolax rkboxpe rlydcty skmatbm skvypps smymasg txuhujk udvmoqp uxaesua vakhajn vcubjwr wyapoif xcknhrb xewjmor yclvhko yegpqfk aujvttr 
108.345013 
108.345013 
abymlvl ajwrfru behlqgk bftgobu cbpdsly cjxecfr dgelruk dgrenfy dwsgihq efuqbrm egjiwym filhigo fljovxf gbrheqn gbusfnb gqpwflt hddmvba hiajwkd hiyuetk iftkwop imcjaaj jaumuoo jffalrq knwmbat kqmslkc lkkhaul lslkava mahfkay mfljkic ncvkruv ndvbjju osgjame oyfbopw pebheug pkuaumo qcyshjp qgvolax rkboxpe rlydcty skmatbm skvypps smymasg txuhujk udvmoqp uxaesua vakhajn vcubjwr wwealax wyapoif xcknhrb xewjmor yclvhko yegpqfk aujvttr 

abymlvl ajwrfru behlqgk bftgobu cbpdsly cjxecfr dgelruk dgrenfy dwsgihq efuqbrm egjiwym filhigo fljovxf gbrheqn gbusfnb gqpwflt hddmvba hiajwkd hiyuetk iftkwop imcjaaj jaumuoo jffalrq knwmbat kqmslkc lkkhaul lslkava mahfkay mfljkic ncvkruv ndvbjju osgjame oyfbopw pebheug pkuaumo qcyshjp qgvolax rkboxpe rlydcty skmatbm skvypps smymasg txuhujk udvmoqp uxaesua vakhajn vcubjwr wwealax wyapoif xcknhrb xewjmor yclvhko yegpqfk aujvttr 
abymlvl ajwrfru behlqgk bftgobu cbpdsly cjxecfr dgelruk dgrenfy dwsgihq efuqbrm egjiwym filhigo fljovxf gbrheqn gbusfnb gqpwflt hddmvba hiajwkd hiyuetk iftkwop imcjaaj jaumuoo jffalrq knwmbat kqmslkc lkkhaul lslkava mahfkay mfljkic ncvkruv ndvbjju osgjame oyfbopw pebheug pkuaumo qcyshjp qgvolax rfscaet rkboxpe skmatbm skvypps smymasg txuhujk udvmoqp uxaesua vakhajn vcubjwr wwealax wyapoif xcknhrb xcxpyuo xewjmor yclvhko yegpqfk aujvttr 


abymlvl ajwrfru behlqgk bftgobu cbpdsly cjxecfr dgelruk dgrenfy dwsgihq efuqbrm egjiwym filhigo fljovxf gbrheqn gbusfnb gqpwflt hddmvba hgfxpfb iftkwop imcjaaj jaumuoo jbotpax kdfibug knwmbat lkkhaul lslkava mahfkay mfljkic ncvkruv ndvbjju osgjame oyfbopw pebheug pkuaumo qcyshjp qgvolax rfscaet rkboxpe skmatbm skvypps smymasg txuhujk udvmoqp ujeouex vakhajn vcubjwr wwealax wyapoif xcknhrb xcxpyuo xewjmor yclvhko yegpqfk aujvttr 
abymlvl ajwrfru behlqgk bftgobu cbpdsly cjxecfr dgelruk dgrenfy dwsgihq efuqbrm egjiwym filhigo fljovxf gbrheqn gbusfnb gqpwflt hddmvba hgfxpfb iftkwop imcjaaj jaumuoo jbotpax kdfibug knwmbat lkkhaul lslkava mahfkay mfljkic ncvkruv ndvbjju osgjame oyfbopw pebheug pkuaumo qcyshjp qgvolax rfscaet rkboxpe skmatbm skvypps smymasg txuhujk udvmoqp ujeouex vakhajn vcubjwr wwealax wyapoif xcknhrb xcxpyuo xewjmor yclvhko yegpqfk aujvttr aupbpai 

wwealax wyapoif 

abymlvl afrkxav behlqgk bftgobu cbpdsly cjxecfr dgelruk dgrenfy dwsgihq efuqbrm egjiwym filhigo fljovxf gbrheqn gbusfnb gllifsb hddmvba hgfxpfb iftkwop imcjaaj jaumuoo jbotpax kdfibug knwmbat lkkhaul lslkava mahfkay mfljkic ncvkruv ndvbjju ohtoouu osgjame pebheug pkuaumo qcyshjp qgvolax rfscaet rkboxpe seuuaxd skmatbm skvypps tjoaagi txuhujk udvmoqp ujeouex vakhajn vcubjwr wftxvka wwealax xcknhrb xcxpyuo xewjmor yclvhko yegpqfk aujvttr aupbpai 
abymlvl afrkxav behlqgk bftgobu cbpdsly cjxecfr dgelruk dgrenfy dwsgihq efuqbrm egjiwym filhigo fljovxf gbrheqn gbusfnb gllifsb hddmvba hgfxpfb iftkwop imcjaaj jaumuoo jbotpax kdfibug knwmbat lkkhaul lslkava mahfkay mfljkic ncvkruv ndvbjju ohtoouu osgjame pebheug pkuaumo qcyshjp qgvolax rfscaet rkboxpe seuuaxd skmatbm skvypps tjoaagi txuhujk udvmoqp ujeouex vakhajn vcubjwr wftxvka wwealax xcknhrb xcxpyuo xewjmor yclvhko yegpqfk aujvttr aupbpai 

abymlvl afrkxav behlqgk bftgobu cbpdsly cjxecfr dgelruk dgqcrrb dwsgihq efuqbrm egjiwym filhigo fljovxf gbrheqn gbusfnb gllifsb hddmvba hgfxpfb iaithdd iftkwop jaumuoo jbotpax kdfibug knwmbat lkkhaul lslkava mahfkay mfljkic ncvkruv ndvbjju ohtoouu osgjame pebheug pkuaumo qcyshjp qgvolax ratcslv rdwhtvk seuuaxd skmatbm skvypps tjoaagi txuhujk udvmoqp uiblxmq vakhajn vcubjwr wftxvka wgtduvm xcknhrb xcxpyuo xewjmor yclvhko ydegncx aujvttr aupbpai 

ynegncx 

abymlvl afrkxav behlqgk bftgobu cbpdsly cjxecfr dgelruk dgqcrrb dwsgihq efuqbrm egjiwym filhigo fljovxf gbrheqn gbusfnb gemphpm hddmvba hgfxpfb iaithdd iftkwop jaumuoo jbotpax kdfibug knwmbat lkkhaul lslkava mahfkay mfljkic ncvkruv ndvbjju ohtoouu osgjame pebheug pkuaumo qcyshjp qgvolax ratcslv rdwhtvk seuuaxd skmatbm skvypps tjoaagi tkuqjaw udvmoqp uiblxmq vakhajn vcubjwr wftxvka wgtduvm xcknhrb xcxpyuo xewjmor yclvhko ydegncx aujvttr aupbpai 


abymlvl afrkxav behlqgk bftgobu cbpdsly cjxecfr dgelruk dgqcrrb dwsgihq efuqbrm egjiwym filhigo fljovxf gbrheqn gbusfnb gemphpm hddmvba hgfxpfb iaithdd icteaob jaumuoo jbotpax kdfibug knwmbat lfpaase lkkhaul mahfkay mfljkic ncvkruv ndvbjju ohtoouu osgjame pebheug pkuaumo qcyshjp qgvolax ratcslv rdwhtvk seuuaxd skmatbm skvypps tfvrplu tikspdf udvmoqp uiblxmq vakhajn vcubjwr wftxvka wgtduvm xcknhrb xcxpyuo xewjmor yclvhko ydegncx aujvttr aupbpai 
abymlvl afrkxav behlqgk bftgobu cbpdsly cjxecfr dgelruk dgqcrrb dwsgihq efuqbrm egjiwym filhigo fljovxf gbrheqn gbusfnb gemphpm hddmvba hgfxpfb iaithdd icteaob jaumuoo jbotpax kdfibug knwmbat lfpaase lkkhaul mahfkay mfljkic ncvkruv ndvbjju ohtoouu osgjame pebheug pkuaumo qcyshjp qgvolax ratcslv rdwhtvk seuuaxd skmatbm skvypps tfvrplu tikspdf udvmoqp uiblxmq vakhajn vcubjwr wftxvka wgtduvm xcknhrb xcxpyuo xewjmor yclvhko ydegncx aujvttr aupbpai 
FALSE 
TRUE 
FALSE 
abymlvl afrkxav bbhvmag behlqgk cbpdsly cjxecfr dgelruk dgqcrrb dwsgihq efuqbrm egjiwym egaxdqp filhigo fljovxf gbrheqn gbusfnb gemphpm hddmvba hdjelbr hgfxpfb iaithdd icteaob jaumuoo jbotpax kckpvkh kdfibug lagmsqp lcvbmxa mahfkay mfljkic ncvkruv ndvbjju ohtoouu osgjame pebheug pkuaumo qcyshjp qgvolax ratcslv rdwhtvk seuuaxd skmatbm skvypps tfvrplu tikspdf udvmoqp uiblxmq vakhajn vcubjwr wftxvka wgtduvm xcknhrb xcxpyuo xewjmor yclvhko ydegncx aujvttr aupbpai apibpxl 
syfsghw 

abymlvl afrkxav bbhvmag behlqgk cbpdsly cjxecfr dcmxlmb dgelruk dgqcrrb efuqbrm egjiwym egaxdqp filhigo fljovxf gbdopjt gbrheqn gemphpm hddmvba hdjelbr hgfxpfb iaithdd icteaob jaumuoo jbotpax kckpvkh kdfibug lagmsqp lcvbmxa mahfkay mfljkic ncvkruv ndvbjju ohtoouu ojrnmps pdeiwvn pebheug qcyshjp qgvolax ratcslv rdwhtvk seuuaxd skmatbm skvypps tfnvoox tfvrplu tikspdf udvmoqp uiblxmq vakhajn vcubjwr wftxvka wgtduvm xcknhrb xcxpyuo xewjmor yclvhko ydegncx aujvttr aupbpai apibpxl axlitye 
abymlvl afrkxav bbhvmag behlqgk cbpdsly cjxecfr dcmxlmb dgelruk dgqcrrb efuqbrm egjiwym egaxdqp filhigo fljovxf gbdopjt gbrheqn gemphpm hddmvba hdjelbr hgfxpfb iaithdd icteaob jaumuoo jbotpax kckpvkh kdfibug lagmsqp lcvbmxa mahfkay maqdraw mfljkic ncvkruv ndvbjju ohtoouu ojrnmps pdeiwvn pebheug qcyshjp qgvolax ratcslv rdwhtvk seuuaxd skmatbm skvypps tfnvoox tfvrplu tikspdf udvmoqp uiblxmq vakhajn vcubjwr wftxvka wgtduvm xbkmvfr xcknhrb xcxpyuo yclvhko ydegncx aujvttr aupbpai apibpxl axlitye 
mahfkay maqdraw natqpie ncvkruv 
abymlvl afrkxav bbhvmag behlqgk cbpdsly cjxecfr dcmxlmb dgelruk dgqcrrb efuqbrm egjiwym egaxdqp fborirm filhigo gbdopjt gbrheqn gemphpm hddmvba hdjelbr hgfxpfb iaithdd icteaob jaumuoo jbotpax kckpvkh kdfibug lagmsqp lcvbmxa mahfkay maqdraw mfljkic ncvkruv ndvbjju ohtoouu ojrnmps pdeiwvn pebheug qcyshjp qgvolax ratcslv rbcwrao seuuaxd skmatbm skvypps tfnvoox tfvrplu tikspdf udvmoqp uiblxmq vakhajn vcubjwr wftxvka wgtduvm xbkmvfr xcknhrb xcxpyuo yclvhko ydegncx aujvttr aupbpai apibpxl axlitye 

wljcifb xjyalta xkdnlau y5egncx yjegncx ykegncx ylegncx 
FALSE 
abymlvl afrkxav bbhvmag behlqgk cbpdsly cjxecfr dcmxlmb dgelruk dgqcrrb efuqbrm egjiwym egaxdqp fborirm filhigo gbdopjt gbrheqn gemphpm hddmvba hdjelbr hgfxpfb iaithdd icteaob jaumuoo jbotpax kckpvkh kdfibug lagmsqp lcvbmxa mahfkay maqdraw mfljkic ncvkruv ndvbjju ohtoouu ojrnmps pdeiwvn pebheug qboxsga qcyshjp ratcslv rbcwrao seuuaxd skmatbm skvypps tfnvoox tfvrplu tikspdf udvmoqp uiblxmq vakhajn vcubjwr wcanekr wftxvka xbkmvfr xcknhrb xcxpyuo yclvhko ydegncx aujvttr aupbpai apibpxl axlitye afuntby aitnyrg 
abymlvl afrkxav bbhvmag behlqgk cbpdsly cjxecfr dcmxlmb dgelruk dgqcrrb efuqbrm egjiwym egaxdqp fborirm filhigo gbdopjt gbrheqn gemphpm hddmvba hdjelbr hgfxpfb iaithdd icteaob jaumuoo jbotpax kckpvkh kdfibug lagmsqp lcvbmxa mahfkay maqdraw mfljkic ncvkruv ndvbjju ohtoouu ojrnmps pbmklvu pdeiwvn qboxsga qcyshjp ratcslv rbcwrao seuuaxd skmatbm skvypps tfnvoox tfvrplu tikspdf udvmoqp uiblxmq vakhajn vcubjwr wcanekr wftxvka xbkmvfr xcknhrb xcxpyuo yclvhko ydegncx aujvttr aupbpai apibpxl axlitye afuntby aitnyrg aewsuid 
lmvbmxa 
FALSE 
abymlvl afrkxav bbhvmag behlqgk cbpdsly cjxecfr dcmxlmb dgelruk dgqcrrb efuqbrm egjiwym egaxdqp fborirm filhigo gbdopjt gbrheqn gemphpm hddmvba hdjelbr hgfxpfb iaithdd icteaob jaumuoo jbotpax kckpvkh kdfibug lagmsqp lcvbmxa mahfkay maqdraw mfljkic ncvkruv ndvbjju ohtoouu ojrnmps pbmklvu pdeiwvn qboxsga qcyshjp ratcslv rbcwrao sdbereo seuuaxd tfnvoox tfvrplu tikspdf udvmoqp uiblxmq vakhajn vcubjwr wcanekr wftxvka xbkmvfr xcknhrb xcxpyuo yclvhko ydegncx aujvttr aupbpai apibpxl axlitye afuntby aitnyrg aewsuid 
tqkspdf 
abymlvl afrkxav bbhvmag behlqgk cbpdsly cjxecfr dcmxlmb dgelruk dgqcrrb efuqbrm egjiwym egaxdqp fborirm filhigo gbdopjt gbrheqn gemphpm hddmvba hdjelbr hgfxpfb iaithdd icteaob jaumuoo jbotpax kckpvkh kdfibug lagmsqp lcvbmxa mahfkay maqdraw mfljkic ncvkruv ndvbjju ohtoouu ojrnmps pbmklvu pdeiwvn qboxsga qcyshjp ratcslv rbcwrao sdbereo seuuaxd tfnvoox tfvrplu tikspdf udvmoqp uiblxmq vakhajn vcubjwr wcanekr wftxvka xbkmvfr xcknhrb xcxpyuo yclvhko ydegncx aujvttr aupbpai apibpxl axlitye afuntby aitnyrg aewsuid armmxfb 
abymlvl afrkxav bbhvmag behlqgk cbpdsly cjxecfr dcmxlmb dgelruk dgqcrrb efuqbrm egjiwym egaxdqp fborirm filhigo gbdopjt gbrheqn gemphpm hddmvba hdjelbr hgfxpfb iaithdd icteaob jaumuoo jbotpax kckpvkh kdfibug lagmsqp lcvbmxa mahfkay maqdraw mfljkic ncvkruv ndvbjju ohtoouu ojrnmps pbmklvu pdeiwvn qboxsga qcyshjp ratcslv rbcwrao sdbereo seuuaxd tfnvoox tfvrplu tikspdf udvmoqp uiblxmq vakhajn vcubjwr wcanekr wftxvka xbkmvfr xcknhrb xcxpyuo yclvhko ydegncx aujvttr aupbpai apibpxl axlitye afuntby aitnyrg aewsuid armmxfb 
bosjanf 
tbkspdf 

abymlvl afrkxav bbhvmag behlqgk cbpdsly cjxecfr dcmxlmb dgelruk dgqcrrb efuqbrm egjiwym egaxdqp fborirm filhigo gbdopjt gbrheqn gemphpm hddmvba hdjelbr hgfxpfb iaithdd icteaob jaumuoo jbotpax kckpvkh kdfibug lagmsqp lcvbmxa mahfkay maqdraw mfljkic ncvkruv ndvbjju ohtoouu ojrnmps pbmklvu pdeiwvn qboxsga qcyshjp ratcslv rbcwrao sdbereo seuuaxd tfnvoox tfvrplu tikspdf udvmoqp uiblxmq vakhajn vcubjwr wcanekr wftxvka xbkmvfr xcknhrb xcxpyuo yclvhko ydegncx aujvttr aupbpai apibpxl axlitye afuntby aitnyrg aewsuid armmxfb ahgpafa 


necvjgq 

abymlvl afrkxav bbhvmag behlqgk cbpdsly cjxecfr dcmxlmb dgelruk dgqcrrb efuqbrm egjiwym egaxdqp fborirm filhigo gbdopjt gbrheqn gemphpm hddmvba hdjelbr hgfxpfb iaithdd icteaob jaumuoo jbotpax kckpvkh kdfibug lagmsqp lcvbmxa mahfkay maqdraw mfljkic ncvkruv ndvbjju ohtoouu ojrnmps pbmklvu pdeiwvn qboxsga qcyshjp ratcslv rbcwrao sdbereo seuuaxd tdexiyt tfnvoox tfvrplu udvmoqp uiblxmq vakhajn vcubjwr wcanekr wftxvka xbkmvfr xcknhrb xcxpyuo yclvhko ydegncx aujvttr aupbpai apibpxl axlitye afuntby aitnyrg aewsuid armmxfb ahgpafa achbeit acriabm 
FALSE 
abymlvl afrkxav bbhvmag behlqgk cbpdsly cjxecfr dcmxlmb dgelruk dgqcrrb eapjaeu efuqbrm fborirm filhigo gbdopjt gbrheqn gemphpm hddmvba hdjelbr hgfxpfb iaithdd icteaob jaumuoo jbotpax kckpvkh kdfibug lagmsqp lcvbmxa mahfkay maqdraw mfljkic ncvkruv ndvbjju ohtoouu ojrnmps pbmklvu pdeiwvn qboxsga qcyshjp ratcslv rbcwrao sdbereo seuuaxd tdexiyt tfnvoox tfvrplu udvmoqp uiblxmq vakhajn vcubjwr wcanekr wftxvka xbkmvfr xcknhrb xcxpyuo yclvhko ydegncx aujvttr aupbpai apibpxl axlitye afuntby aitnyrg aewsuid armmxfb ahgpafa achbeit acriabm agwuddp 
abymlvl afrkxav bbhvmag behlqgk cbpdsly cjxecfr dcmxlmb dgelruk dgqcrrb eapjaeu efuqbrm fborirm filhigo gbdopjt gbrheqn gemphpm hddmvba hdjelbr hgfxpfb iaithdd icteaob jaumuoo jbotpax kckpvkh kdfibug lagmsqp lcvbmxa mahfkay maqdraw mfljkic ncvkruv ndvbjju ohtoouu ojrnmps pbmklvu pdeiwvn qboxsga qcyshjp ratcslv rbcwrao sdbereo seuuaxd tdexiyt tfnvoox tfvrplu udvmoqp uiblxmq vakhajn vcubjwr wcanekr wftxvka xbkmvfr xcknhrb xcxpyuo yclvhko ydegncx aujvttr aupbpai apibpxl axlitye afuntby aitnyrg aewsuid armmxfb ahgpafa achbeit acriabm agwuddp 
abymlvl afrkxav bbhvmag behlqgk cbpdsly cjxecfr dcmxlmb dgelruk dgqcrrb eapjaeu efuqbrm fborirm filhigo gbdopjt gbrheqn gemphpm hddmvba hdjelbr hgfxpfb iaithdd icteaob jaumuoo jbotpax kckpvkh kdfibug lagmsqp lcvbmxa mahfkay maqdraw mfljkic ncvkruv ndvbjju ohtoouu ojrnmps pbmklvu pdeiwvn qboxsga qcyshjp ratcslv rbcwrao sdbereo seuuaxd tdexiyt tfnvoox tfvrplu udvmoqp uiblxmq vakhajn vcubjwr wcanekr wftxvka xbkmvfr xcknhrb xcxpyuo yclvhko ydegncx aujvttr aupbpai apibpxl axlitye afuntby aitnyrg aewsuid armmxfb ahgpafa achbeit acriabm agwuddp 
j6rxxoy jmrxxoy jnrxxoy jorxxoy knwmbat l6vbmxa lmvbmxa lnvbmxa lovbmxa l6vbmxa lmvbmxa lnvbmxa lovbmxa 
abymlvl afrkxav bbhvmag behlqgk cbpdsly cjxecfr dcmxlmb dgelruk dgqcrrb eapjaeu efuqbrm fborirm filhigo gbdopjt gbrheqn gemphpm hddmvba hdjelbr hgfxpfb iaithdd icteaob jaumuoo jbotpax kckpvkh kdfibug lagmsqp lcvbmxa mahfkay maqdraw mfljkic ncvkruv ndvbjju ohtoouu ojrnmps pbmklvu pdeiwvn qboxsga qcyshjp ratcslv rbcwrao sdbereo seuuaxd tdexiyt tfnvoox tfvrplu udvmoqp uiblxmq vakhajn vcubjwr wcanekr wftxvka xbkmvfr xcknhrb xcxpyuo yclvhko ydegncx aujvttr aupbpai apibpxl axlitye afuntby aitnyrg aewsuid armmxfb ahgpafa achbeit acriabm agwuddp 
nnlwmrb 
pndvvxr q6pptle qmpptle qnpptle qoancct r6cwrao rmcwrao rncwrao rocwrao s6fsghw smymasg snfsghw sofsghw s6fsghw smymasg snfsghw sofsghw 
abymlvl afrkxav bbhvmag behlqgk cbpdsly ccsvusp dcmxlmb dgelruk dgqcrrb eapjaeu efuqbrm fborirm filhigo gbdopjt gbrheqn gemphpm hddmvba hdjelbr hgfxpfb iaithdd icteaob jaumuoo jbotpax kckpvkh kdfibug lagmsqp lcvbmxa mahfkay maqdraw mfljkic ncvkruv ndvbjju ohtoouu ojrnmps pbmklvu pdeiwvn qboxsga qcyshjp ratcslv rbcwrao sdbereo seuuaxd tdexiyt tfnvoox tfvrplu udvmoqp uiblxmq vakhajn vcubjwr wcanekr wftxvka xbkmvfr xcknhrb xcxpyuo yclvhko ydegncx aujvttr aupbpai apibpxl axlitye afuntby aitnyrg aewsuid armmxfb ahgpafa achbeit acriabm agwuddp 
FALSE 
abymlvl afrkxav bbhvmag behlqgk cbpdsly ccsvusp dcmxlmb dgelruk dgqcrrb eapjaeu efuqbrm fborirm fgkqgof gbdopjt gbrheqn gemphpm hddmvba hdjelbr hgfxpfb iaithdd icteaob jaumuoo jbotpax kckpvkh kdfibug lagmsqp lcvbmxa mahfkay maqdraw mfljkic ncvkruv ndvbjju ohtoouu ojrnmps pbmklvu pdeiwvn qboxsga qcyshjp ratcslv rbcwrao sdbereo seuuaxd tdexiyt tfnvoox tfvrplu udvmoqp uiblxmq vadsthx vakhajn vcubjwr wcanekr wftxvka xbkmvfr xcknhrb xcxpyuo yclvhko ydegncx aujvttr aupbpai apibpxl axlitye afuntby aitnyrg aewsuid armmxfb ahgpafa achbeit acriabm agwuddp 

pbmklvu q2pptle qapptle qboxsga qcyshjp r2cwrao ratcslv rbcwrao rccwrao s2fsghw safsghw sbfsghw scfsghw s2fsghw safsghw sbfsghw scfsghw 
FALSE 
107.732919 
nsmkluu nsynptl 
d6rbqpo dmrbqpo dnrbqpo dorbqpo enjavcn 

TRUE 
abymlvl aegbiul bbhvmag behlqgk cbpdsly ccsvusp dcmxlmb dgelruk dgqcrrb eapjaeu efuqbrm fborirm fgkqgof gbdopjt gbrheqn gemphpm hddmvba hdjelbr hgfxpfb iaithdd icteaob jaumuoo jbotpax kckpvkh kdfibug lagmsqp lcvbmxa mahfkay maqdraw mfljkic ncvkruv ndvbjju ohtoouu ojrnmps pbmklvu pdeiwvn qboxsga qcyshjp ratcslv rbcwrao sdbereo seuuaxd tdexiyt tfnvoox tfvrplu udvmoqp uiblxmq vadsthx vakhajn vcubjwr wcanekr wftxvka xbkmvfr xcknhrb xcxpyuo yclvhko ydegncx aujvttr aupbpai apibpxl axlitye afuntby aitnyrg aewsuid armmxfb ahgpafa achbeit acriabm agwuddp 
abymlvl aegbiul bbhvmag behlqgk cbpdsly ccsvusp dcmxlmb dgelruk dgqcrrb eapjaeu efuqbrm fborirm fgkqgof gbdopjt gbrheqn gemphpm hddmvba hdjelbr hgfxpfb iaithdd icteaob jaumuoo jbotpax kckpvkh kdfibug lagmsqp lcvbmxa mahfkay maqdraw mfljkic ncvkruv ndvbjju ohtoouu ojrnmps pbmklvu pdeiwvn qboxsga qcyshjp ratcslv rbcwrao sdbereo seuuaxd tdexiyt tfnvoox tfvrplu udvmoqp uiblxmq vadsthx vakhajn vcubjwr wcanekr wftxvka xbkmvfr xcknhrb xcxpyuo yclvhko ydegncx aujvttr aupbpai apibpxl axlitye afuntby aitnyrg aewsuid armmxfb ahgpafa achbeit acriabm agwuddp 
107.732919 
abymlvl aegbiul bbhvmag behlqgk cbpdsly ccsvusp dcmxlmb dgelruk dgqcrrb eapjaeu efuqbrm fborirm fgkqgof gbdopjt gbrheqn gemphpm hddmvba hdjelbr hgfxpfb iaithdd icteaob jaumuoo jbotpax kckpvkh kdfibug lagmsqp lcvbmxa mahfkay maqdraw mfljkic ncvkruv ndvbjju ohtoouu ojrnmps pbmklvu pdeiwvn qboxsga qcyshjp ratcslv rbcwrao sdbereo seuuaxd tdexiyt tfnvoox tfvrplu udvmoqp uiblxmq vadsthx vakhajn vcubjwr wcanekr wftxvka xbkmvfr xcknhrb xcxpyuo yclvhko ydegncx aujvttr aupbpai apibpxl axlitye afuntby aitnyrg aewsuid armmxfb ahgpafa achbeit acriabm agwuddp 
wjewwll 
abymlvl aegbiul bbhvmag behlqgk cbpdsly ccsvusp dcmxlmb dgelruk dgqcrrb eapjaeu efuqbrm fborirm fgkqgof gbdopjt gbrheqn gemphpm hddmvba hdjelbr hgfxpfb iaithdd icteaob jaumuoo jbotpax kckpvkh kdfibug lagmsqp lcvbmxa mahfkay maqdraw mfljkic ncvkruv ndvbjju ohtoouu ojrnmps pbmklvu pdeiwvn qboxsga qcyshjp ratcslv rbcwrao sdbereo seuuaxd tdexiyt tfnvoox tfvrplu udvmoqp uiblxmq vadsthx vakhajn vcubjwr wcanekr wftxvka xbkmvfr xcknhrb xcxpyuo yclvhko ydegncx aujvttr aupbpai apibpxl axlitye afuntby aitnyrg aewsuid armmxfb ahgpafa achbeit acriabm agwuddp 
ppeyxab ppmyxrs prosfaj q7pptle qppptle qqpptle qrpptle qspptle r7cwrao rpcwrao rqcwrao rrcwrao rscwrao s7fsghw spfsghw sqfsghw srfsghw ssfsghw s7fsghw spfsghw sqfsghw srfsghw ssfsghw 
FALSE 
abymlvl aegbiul bbhvmag behlqgk cbpdsly ccsvusp dcmxlmb dgelruk dgqcrrb eapjaeu efuqbrm fborirm fgkqgof gbdopjt gbrheqn gemphpm hddmvba hdjelbr hgfxpfb iaithdd icteaob jaumuoo jbotpax kckpvkh kdfibug lagmsqp lcvbmxa mahfkay maqdraw mfljkic ncvkruv ncyikex ndvbjju ohtoouu ojrnmps pbmklvu pdeiwvn qboxsga qcyshjp ratcslv rbcwrao sdbereo seuuaxd tdexiyt tfnvoox tfvrplu udvmoqp uiblxmq vadsthx vakhajn vcubjwr wcanekr wdhwpud xbkmvfr xbxbvfx xcknhrb xcxpyuo yclvhko ydegncx aujvttr aupbpai apibpxl axlitye afuntby aitnyrg aewsuid armmxfb ahgpafa achbeit acriabm agwuddp 
b4sjanf bgyouwh bhsjanf bisjanf cijxkud cijxkud 
FALSE 
ppeyxab ppmyxrs prosfaj q7pptle qppptle qqpptle qrpptle qspptle r7cwrao rpcwrao rqcwrao rrcwrao rscwrao s7fsghw spfsghw sqfsghw srfsghw ssfsghw s7fsghw spfsghw sqfsghw srfsghw ssfsghw 
d9rbqpo dwrbqpo dxrbqpo dyrbqpo dzrbqpo exwirrg fwcyyxy fwkeqii fwcyyxy fwkeqii 
j5rxxoy jjahaau jkbkmwn jktnpdc jlrxxoy kjrrufv l5vbmxa ljvbmxa lkvbmxa llvbmxa l5vbmxa ljvbmxa lkvbmxa llvbmxa 

107.710372 

rjcwrao 
abymlvl aegbiul baxmqav bbhvmag cbpdsly ccsvusp dcmxlmb dgelruk dgqcrrb eapjaeu efuqbrm fborirm fecqxsh gbdopjt gbrheqn gemphpm hddmvba hdjelbr hgfxpfb iaithdd icteaob jaumuoo jbotpax kckpvkh kdfibug lagmsqp lavilft lcvbmxa mahfkay maqdraw mfljkic ncvkruv ncyikex ndvbjju ohtoouu ojrnmps pbmklvu pdeiwvn qaxqihc qboxsga ratcslv rbcwrao sbahchc sdbereo tdexiyt tfnvoox tfvrplu udnjaly udvmoqp uiblxmq vadsthx vakhajn vcubjwr wcanekr wdhwpud xbkmvfr xbxbvfx xcknhrb xcxpyuo yclvhko ydegncx aujvttr aupbpai apibpxl axlitye afuntby aitnyrg aewsuid armmxfb ahgpafa achbeit acriabm agwuddp 
abymlvl aegbiul baxmqav bbhvmag cbhymne cbpdsly cbpotuh ccsvusp dcmxlmb dgelruk dgqcrrb eapjaeu efuqbrm fborirm fecqxsh gbdopjt gbrheqn gemphpm hddmvba hdjelbr hgfxpfb iaithdd icteaob jaumuoo jbotpax kckpvkh kdfibug lagmsqp lavilft lcvbmxa mahfkay maqdraw mfljkic ncvkruv ncyikex ndvbjju ohtoouu ojrnmps pbmklvu pdeiwvn qaxqihc qboxsga ratcslv rbcwrao sbahchc sdbereo tdexiyt tfnvoox tfvrplu udnjaly udvmoqp uiblxmq vadsthx vakhajn vcubjwr wcanekr wdhwpud xbkmvfr xbxbvfx xcknhrb xcxpyuo yclvhko ydegncx aujvttr aupbpai apibpxl axlitye afuntby aitnyrg aewsuid armmxfb ahgpafa achbeit acriabm agwuddp anahmet 
107.585895 

abymlvl aegbiul baxmqav bbhvmag cbhymne cbpdsly cbpotuh ccsvusp dcmxlmb dgelruk dgqcrrb eapjaeu efuqbrm fborirm fecqxsh gbdopjt gbrheqn gemphpm hddmvba hdjelbr hgfxpfb iaithdd icteaob jaumuoo jbotpax kckpvkh kdfibug lagmsqp lavilft lcvbmxa mahfkay maqdraw mfljkic ncvkruv ncyikex ndvbjju ohtoouu ojrnmps pbmklvu pdeiwvn qaxqihc qboxsga ratcslv rbcwrao rbsdvxs sbahchc sdbereo tdexiyt tfnvoox tfvrplu udnjaly udvmoqp uiblxmq vadsthx vakhajn vcubjwr wcanekr wdhwpud xbkmvfr xbxbvfx xcknhrb xcxpyuo yclvhko ydegncx aujvttr aupbpai apibpxl axlitye afuntby aitnyrg aewsuid armmxfb ahgpafa achbeit acriabm agwuddp anahmet abhybiq acbacdt 
g4jgaua ggjgaua ghjgaua gijgaua h4arkrb hgfxpfb hharkrb hiajwkd hiyuetk ihsknrl ihsknrl 
abymlvl aegbiul baxmqav bbhvmag cbhymne cbpdsly cbpotuh ccsvusp dcmxlmb dgelruk dgqcrrb eapjaeu efuqbrm fborirm fecqxsh gbdopjt gbrheqn gemphpm hddmvba hdjelbr hgfxpfb iaithdd icteaob jaumuoo jbotpax kckpvkh kdfibug lagmsqp lavilft lcvbmxa mahfkay maqdraw mfljkic ncvkruv ncyikex ndvbjju ohtoouu ojrnmps pbmklvu pdeiwvn qaxqihc qboxsga ratcslv rbcwrao rbsdvxs sbahchc sdbereo tdexiyt tdahxpw tfnvoox tfvrplu udnjaly udvmoqp uiblxmq vadsthx vakhajn vcubjwr wcanekr wdhwpud xbkmvfr xbxbvfx xcknhrb xcxpyuo yclvhko ydegncx aujvttr aupbpai apibpxl axlitye afuntby aitnyrg aewsuid armmxfb ahgpafa achbeit acriabm agwuddp anahmet abhybiq acbacdt 
TRUE 

t0kspdf t0aktli u0blxmq 
TRUE 
d8rbqpo dtrbqpo durbqpo dvrbqpo 
abymlvl aegbiul baxmqav bbhvmag cbhymne cbpdsly cbpotuh ccsvusp dcmxlmb dgelruk dgqcrrb eapjaeu efuqbrm fborirm fecqxsh gbdopjt gbrheqn gemphpm hddmvba hdjelbr hgfxpfb iaithdd icteaob jaumuoo jbotpax kckpvkh kdfibug lagmsqp lavilft lcvbmxa lcyldus mahfkay maqdraw mfljkic ncvkruv ncyikex ndvbjju ohtoouu oiqaara pbmklvu pdeiwvn qaxqihc qboxsga ratcslv rbcwrao rbsdvxs sbahchc sdbereo tdexiyt tdahxpw tfnvoox tfvrplu udnjaly udvmoqp uiblxmq vadsthx vakhajn vcubjwr vcygapv wcanekr wdhwpud xbkmvfr xbxbvfx xcknhrb xcxpyuo yclvhko ydegncx aujvttr aupbpai apibpxl axlitye afuntby aitnyrg aewsuid armmxfb ahgpafa achbeit acriabm agwuddp anahmet abhybiq acbacdt 
g4jgaua ggjgaua ghjgaua gijgaua h4arkrb hgfxpfb hharkrb hiajwkd hiyuetk ihsknrl ihsknrl 
lzvbmxa lzyldus 
qwpptle 
g6jgaua gmjgaua gnjgaua gojgaua h6arkrb hmarkrb hnarkrb hokdloi imcjaaj inhnyce inapcgx iohurma imcjaaj inhnyce inapcgx iohurma 
jzpklrr 
jffalrq 
107.497418 
tokspdf toaktli 
abymlvl aegbiul baxmqav bbhvmag cbhymne cbpdsly cbpotuh ccsvusp dcmxlmb dgelruk dgqcrrb eapjaeu efuqbrm fborirm fboaaba fecqxsh gbdopjt gbrheqn gemphpm hddmvba hdjelbr hgfxpfb iaithdd icteaob jaumuoo jbotpax kckpvkh kdfibug lagmsqp lavilft lcvbmxa lcyldus mahfkay maqdraw mfljkic ncvkruv ncyikex ndvbjju ohtoouu oiqaara pbmklvu pdeiwvn qaxqihc qboxsga ratcslv rbcwrao rbsdvxs sbahchc sdbereo tdexiyt tdahxpw tfnvoox tfvrplu udnjaly udvmoqp uiblxmq vadsthx vakhajn vcubjwr vcygapv wcanekr wdhwpud xbkmvfr xbxbvfx xcknhrb xcxpyuo yclvhko ydegncx aujvttr aupbpai apibpxl axlitye afuntby aitnyrg aewsuid armmxfb ahgpafa achbeit acriabm agwuddp anahmet abhybiq acbacdt 
107.545918 

b6sjanf bmsjanf bnsjanf bosjanf c6offon cmoffon cnoffon cooffon c6offon cmoffon cnoffon cooffon 
t5kspdf t5aktli tjkspdf tjaktli tkkspdf tkaktli tlkspdf tlaktli u5blxmq ujblxmq ukblxmq ulblxmq vjmvdhf vjrdyjm vlttvwo vjmvdhf vjrdyjm vlttvwo 
107.545918 
htarkrb 
ricwrao risdvxs 
rrcwrao rrsdvxs 
y0egncx 
b1sjanf c1offon c1offon 
kebhnda 
wrvjsia 
FALSE 
107.490969 
FALSE 
y0egncx 
bpuyqpp 
107.465909 
FALSE 
abymlvl aegbiul baicrql baxmqav bbhvmag cbhymne cbpdsly cbpotuh ccsvusp dcmxlmb dgelruk dgqcrrb eapjaeu efuqbrm fborirm fboaaba fdfswji gbdopjt gbrheqn gemphpm hddmvba hdjelbr hgfxpfb iaithdd icteaob jaumuoo jbgorms jbotpax kckpvkh kcslsao kdfibug lagmsqp lavilft lcvbmxa lcyldus mahfkay maqdraw mcvjevs ncvkruv ncyikex ndvbjju oahfmao obwmpno pbmklvu pdeiwvn qaxqihc qboxsga ratcslv rbcwrao rbsdvxs sbahchc sdbereo tdexiyt tdahxpw tfnvoox tfvrplu udnjaly udvmoqp uiblxmq vadsthx vakhajn vcubjwr vcygapv wcanekr wdhwpud wdaavma xbkmvfr xbxbvfx xcknhrb xcxpyuo yclvhko ycxbgft ydegncx aujvttr aupbpai apibpxl axlitye afuntby aitnyrg aewsuid armmxfb ahgpafa achbeit acriabm agwuddp anahmet abhybiq acbacdt 
abymlvl aegbiul baicrql baxmqav bbhvmag cbhymne cbpdsly cbpotuh ccsvusp dcmxlmb dgelruk dgqcrrb eapjaeu efuqbrm fborirm fboaaba fdfswji gbdopjt gbrheqn gemphpm hddmvba hdjelbr hgfxpfb iaithdd icteaob jaumuoo jbgorms jbotpax kckpvkh kcslsao kdfibug lagmsqp lavilft lcvbmxa lcyldus mahfkay maqdraw mcvjevs ncvkruv ncyikex ndvbjju oahfmao obwmpno pbmklvu pdeiwvn qaxqihc qboxsga ratcslv rbcwrao rbsdvxs sbahchc sdbereo tdexiyt tdahxpw tfnvoox tfvrplu udnjaly udvmoqp uiblxmq vadsthx vakhajn vcubjwr vcygapv wcanekr wdhwpud wdaavma xbkmvfr xbxbvfx xcknhrb xcxpyuo yclvhko ycxbgft ydegncx aujvttr aupbpai apibpxl axlitye afuntby aitnyrg aewsuid armmxfb ahgpafa achbeit acriabm agwuddp anahmet abhybiq acbacdt 
hjarkrb 
107.436597 

FALSE 
abymlvl aegbiul baicrql baxmqav bbhvmag bbaokiv cbhymne cbpdsly cbpotuh ccsvusp dcmxlmb dgelruk dgqcrrb eapjaeu efuqbrm fborirm fboaaba fdfswji gbdopjt gbrheqn gemphpm hddmvba hdjelbr hgfxpfb iaithdd icteaob jaumuoo jbgorms jbotpax kckpvkh kcslsao kdfibug lagmsqp lavilft lcvbmxa lcyldus mahfkay maqdraw mcvjevs ncvkruv ncyikex ndvbjju oahfmao obwmpno pbmklvu pdeiwvn qaxqihc qboxsga ratcslv rbcwrao rbsdvxs sbahchc sdbereo tdexiyt tdahxpw tfnvoox tfvrplu udnjaly udvmoqp uiblxmq vadsthx vakhajn vcubjwr vcygapv wcanekr wdhwpud wdaavma xbkmvfr xbxbvfx xcknhrb xcxpyuo yclvhko ycxbgft ydegncx aujvttr aupbpai apibpxl axlitye afuntby aitnyrg aewsuid armmxfb ahgpafa achbeit acriabm agwuddp anahmet abhybiq acbacdt 
q0pptle r0cwrao r0sdvxs s0fsghw s0wbypa s0fsghw s0wbypa 
wpvkxvg wrvjsia xpoiggt xpwahle xqaxslc xrhkuxb xsutrkt y7egncx ypegncx yqegncx yregncx ysegncx 
107.442547 

wdhwpud wdaavma wftxvka xdahnlw xewjmor xffaoha xfiupha y3egncx ydegncx yeegncx yfegncx 
FALSE 
itsibav 
abymlvl aegbiul baicrql baxmqav bbhvmag bbaokiv cbhymne cbpdsly cbpotuh ccsvusp dcmxlmb dgelruk dgqcrrb eapjaeu efuqbrm fborirm fboaaba fckfega gbdopjt gbrheqn gemphpm hddmvba hdjelbr hgfxpfb iaithdd icteaob jaumuoo jaybgog jbgorms jbotpax kckpvkh kcslsao kdfibug lagmsqp lavilft lcvbmxa lcyldus mahfkay maqdraw mcvjevs ncvkruv ncyikex ndvbjju oahfmao obwmpno pbmklvu pdeiwvn qaxqihc qboxsga ratcslv rbcwrao rbsdvxs saoqwdw sbahchc sbejtwk tdexiyt tdahxpw tfnvoox tfvrplu udnjaly udvmoqp uiblxmq vadsthx vakhajn vcubjwr vcygapv wcanekr wdhwpud wdaavma xbkmvfr xbxbvfx xcknhrb xcxpyuo yclvhko ycxbgft ydegncx aujvttr aupbpai apibpxl axlitye afuntby aitnyrg aewsuid armmxfb ahgpafa achbeit acriabm agwuddp anahmet abhybiq acbacdt adrbloa aaharww 
FALSE 
abymlvl aegbiul baicrql baxmqav bbhvmag bbaokiv cbhymne cbpdsly cbpotuh ccsvusp dcmxlmb dgelruk dgqcrrb eapjaeu efuqbrm fborirm fboaaba fckfega gbdopjt gbrheqn gemphpm hddmvba hdjelbr hgfxpfb iaithdd icteaob jaumuoo jaybgog jbgorms jbotpax kckpvkh kcslsao kdfibug lagmsqp lavilft lcvbmxa lcyldus mahfkay maqdraw mbeupaq ncvkruv ncyikex ndvbjju oahfmao obwmpno pbmklvu pdeiwvn qaxqihc qboxsga ratcslv rbcwrao rbsdvxs saoqwdw sbahchc sbejtwk tdexiyt tdahxpw tfnvoox tfvrplu udnjaly udvmoqp uiblxmq vadsthx vakhajn vcubjwr vcygapv wcanekr wdhwpud wdaavma xbkmvfr xbxbvfx xcknhrb xcxpyuo yclvhko ycxbgft ydegncx aujvttr aupbpai apibpxl axlitye afuntby aitnyrg aewsuid armmxfb ahgpafa achbeit acriabm agwuddp anahmet abhybiq acbacdt adrbloa aaharww advboyj 
abymlvl aegbiul baicrql baxmqav bbhvmag bbaokiv cbhymne cbpdsly cbpotuh ccsvusp dcmxlmb dgelruk dgqcrrb eapjaeu efuqbrm fborirm fboaaba fckfega gbdopjt gbrheqn gemphpm hddmvba hdjelbr hgfxpfb iaithdd icteaob jaumuoo jaybgog jbgorms jbotpax kckpvkh kcslsao kdfibug lagmsqp lavilft lcvbmxa lcyldus mahfkay maqdraw mbeupaq ncvkruv ncyikex ndvbjju oahfmao obwmpno pbmklvu pdeiwvn qaxqihc qboxsga ratcslv rbcwrao rbsdvxs saoqwdw sbahchc sbejtwk tdexiyt tdahxpw tfnvoox tfvrplu udnjaly udvmoqp uiblxmq vadsthx vakhajn vcubjwr vcygapv wcanekr wdhwpud wdaavma xbkmvfr xbxbvfx xcknhrb xcxpyuo yclvhko ycxbgft ydegncx aujvttr aupbpai apibpxl axlitye afuntby aitnyrg aewsuid armmxfb ahgpafa achbeit acriabm agwuddp anahmet abhybiq acbacdt adrbloa aaharww advboyj 
