


107.773109 


FALSE 
awpomde bqvlsyf dxogigq eiokhme etqlcnm fjevnar fmmvckx gahtqtr hesarkr jvsdtgh jybaafe ktipgxb nsdaaap nwtakfa oacykmh pdlrilq rfwafxy soadbbs tpnurjg wgmxutq whjvier 
FALSE 
awpomde bqvlsyf dxogigq eiokhme etqlcnm fjevnar fmmvckx gahtqtr hesarkr jvsdtgh jybaafe ktipgxb nsdaaap nwtakfa oacykmh pdlrilq rfwafxy soadbbs tpnurjg wgmxutq whjvier 
awpomde bqvlsyf dxogigq eiokhme etqlcnm fhtqmol fjevnar gahtqtr hesarkr jvsdtgh jybaafe ktipgxb nsdaaap nwtakfa oacykmh pdlrilq rfwafxy soadbbs tpnurjg twapfpc wgmxutq whjvier 

awpomde bqvlsyf dxogigq eiokhme etqlcnm fhtqmol fjevnar gahtqtr hesarkr hymsxbf jvsdtgh jybaafe ktipgxb nsdaaap nwtakfa oacykmh pdlrilq rfwafxy soadbbs tpnurjg twapfpc wgmxutq whjvier 
awpomde bqvlsyf dxogigq eiokhme etqlcnm fhtqmol fjevnar gahtqtr hesarkr hymsxbf jvsdtgh jybaafe ktipgxb nsdaaap nwtakfa oacykmh pdlrilq rfwafxy soadbbs tpnurjg twapfpc wgmxutq whjvier 
awpomde bqvlsyf dxogigq eiokhme etqlcnm fhtqmol fjevnar gahtqtr hesarkr hymsxbf jvsdtgh jybaafe ktipgxb mmilmak nsdaaap nwtakfa oacykmh pdlrilq rfwafxy soadbbs tpnurjg twapfpc wgmxutq whjvier 

107.937143 
107.963134 
awpomde bqvlsyf dkcaalt dxogigq eiokhme etqlcnm fhtqmol fjevnar gahtqtr hesarkr hymsxbf jvsdtgh jybaafe ktipgxb kxaixhk letgiip mmilmak ndqnfkk nsdaaap oacykmh obaavdn pdlrilq pqmyafd rffvvbw rfwafxy soadbbs tpnurjg tshmker wgmxutq whjvier ypeyoep 
tjaixhk 
mlaixhk 
107.986607 
awpomde bqvlsyf dkcaalt dxogigq eiokhme elsecou fhtqmol fjevnar gahtqtr hesarkr hymsxbf jvsdtgh jybaafe ktipgxb kxaixhk letgiip mmilmak ndqnfkk nsdaaap oacykmh obaavdn pdlrilq pqmyafd qawlufi rffvvbw rfwafxy soadbbs tpnurjg tshmker wgmxutq whjvier ydsfljt ypeyoep 
reaixhk 
12aixhk 1aaixhk 1baixhk 1caixhk 12aixhk 1aaixhk 1baixhk 1caixhk 

phaixhk 
veaixhk 
FALSE 
FALSE 
FALSE 
53aixhk 5daixhk 5eaixhk 5faixhk k3aixhk kdaixhk keaixhk kfaixhk l3aixhk ldaixhk leaixhk lfaixhk l3aixhk ldaixhk leaixhk lfaixhk 
08aixhk 0tipgxb 0uaixhk 0vaixhk 08aixhk 0tipgxb 0uaixhk 0vaixhk 
adihvnn awpomde bkasdlo bkpptov bqvlsyf cahmagt ddppfxn dkcaalt efmbyjq eiokhme fhtqmol fjevnar gahtqtr gfcktko hesarkr hksijpw iorpame jvsdtgh jxakmxd kbobolk ktipgxb lasmlmx lesuasl letgiip mkycowe mmilmak ndqnfkk nsdaaap oacykmh oatvawp obaavdn pdlrilq pqmyafd qawlufi rffvvbw rfwafxy soadbbs tenvcct tpnurjg ucjxbnh uibewcn wchxhnb wefqjqn xoouspq ydsfljt ypeyoep axxwknb awcbxck 

44aixhk 4gaixhk 4haixhk 4iaixhk 
adihvnn awpomde bkasdlo bkpptov bqvlsyf cahmagt ddppfxn dkcaalt efmbyjq eiokhme fhtqmol fjevnar gahtqtr gfcktko hesarkr hksijpw iorpame jjavtrc jvsdtgh kbobolk ktipgxb lasmlmx lesuasl letgiip mkycowe mmilmak ndqnfkk nsdaaap oacykmh oatvawp obaavdn pdlrilq pqmyafd qawlufi rbqfaqq rffvvbw rfwafxy soadbbs tenvcct tpnurjg ucjxbnh uibewcn wchxhnb wefqjqn xicfhca xoouspq ydsfljt ypeyoep axxwknb awcbxck ageants 
lvaixhk 
37aixhk 3paixhk 3qaixhk 3raixhk 3saixhk esbuxxa 
adihvnn awpomde bkasdlo bkpptov bqvlsyf cahmagt ddppfxn dkcaalt efmbyjq egfgtqd fhtqmol fjevnar gahtqtr gfcktko hesarkr hksijpw iorpame jjavtrc jvsdtgh kbobolk ktipgxb lasmlmx lesuasl letgiip mkycowe mmilmak ndqnfkk nsdaaap oacykmh oatvawp obaavdn pdlrilq pqmyafd qawlufi rbqfaqq rffvvbw rfwafxy soadbbs tenvcct tpnurjg ucjxbnh uibewcn wchxhnb wefqjqn xicfhca xoouspq ydsfljt ypeyoep axxwknb awcbxck ageants 
adihvnn awpomde bkasdlo bkpptov bqvlsyf cahmagt ddppfxn dkcaalt efmbyjq egfgtqd fhtqmol fjevnar gahtqtr gfcktko hesarkr hksijpw iorpame jjavtrc jojbrig kbobolk ktipgxb lasmlmx lesuasl letgiip mkycowe mmilmak ndqnfkk nsdaaap oacykmh oatvawp obaavdn pdlrilq pqmyafd qawlufi rbqfaqq rffvvbw rfwafxy soadbbs tenvcct tpnurjg ucjxbnh uibewcn wchxhnb wefqjqn xicfhca xoouspq yclepka ydsfljt axxwknb awcbxck ageants 
adihvnn awpomde bkasdlo bkpptov bqvlsyf cahmagt ddppfxn dkcaalt efmbyjq egfgtqd fhtqmol fjevnar gahtqtr gfcktko hesarkr hksijpw iorpame jjavtrc jojbrig kbobolk ktipgxb lasmlmx lesuasl letgiip mkycowe mmilmak ndqnfkk nsdaaap oacykmh oatvawp obaavdn pdlrilq pqmyafd qawlufi rbqfaqq rffvvbw rfwafxy soadbbs tenvcct tpnurjg ucjxbnh uibewcn wchxhnb wefqjqn xicfhca xoouspq yclepka ydsfljt axxwknb awcbxck ageants 
adihvnn awpomde bkasdlo bkpptov bqvlsyf cahmagt ddppfxn dkcaalt efmbyjq egfgtqd fhtqmol fjevnar gahtqtr gfcktko hesarkr hksijpw iorpame jjavtrc jojbrig kbobolk kkobkre lasmlmx lesuasl letgiip mkycowe mmilmak ndqnfkk nsdaaap oacykmh oatvawp obaavdn pdlrilq pqmyafd qawlufi rbqfaqq rffvvbw rfwafxy soadbbs tenvcct tpnurjg ucjxbnh uibewcn wchxhnb wefqjqn xicfhca xoouspq yclepka ydsfljt axxwknb awcbxck ageants 
91aixhk w1aixhk x1aixhk y1aixhk z1aixhk z1aixhk 
adihvnn awpomde bkasdlo bkpptov bqvlsyf cahmagt dbjdjqa ddppfxn efmbyjq egfgtqd fhtqmol fjevnar gahtqtr gfcktko hesarkr hksijpw iorpame jjavtrc jojbrig kbobolk kkobkre lasmlmx lesuasl letgiip mctxmrj mkycowe nadapqw ndqnfkk oacykmh oatvawp obaavdn pdlrilq pqmyafd qawlufi rbqfaqq rffvvbw rfwafxy soadbbs tenvcct tpnurjg ucjxbnh uibewcn uirltaa wchxhnb wefqjqn xicfhca xoouspq yclepka ydsfljt axxwknb awcbxck ageants 
yeaixhk 
107.768194 
FALSE 
adihvnn awpomde bkasdlo bkpptov bqvlsyf cahmagt dbjdjqa ddppfxn efmbyjq egfgtqd fhtqmol fjevnar gahtqtr gfcktko hbouuee hesarkr iorpame jjavtrc jojbrig kbobolk kkobkre lasmlmx lesuasl letgiip mctxmrj mkycowe nadapqw ndqnfkk oacykmh oatvawp obaavdn pdlrilq pqmyafd qawlufi rbqfaqq rffvvbw rfwafxy soadbbs tenvcct tpnurjg ucjxbnh uibewcn uirltaa vqlqicx wchxhnb wefqjqn xicfhca xoouspq yclepka ydsfljt axxwknb awcbxck ageants 
adihvnn awpomde bkasdlo bkpptov bqvlsyf cahmagt dbjdjqa ddppfxn efmbyjq egfgtqd fhtqmol fjevnar gahtqtr gfcktko hbouuee hesarkr iorpame jjavtrc jojbrig kbobolk kkobkre lasmlmx lesuasl letgiip mctxmrj mkycowe nadapqw ndqnfkk oacykmh oatvawp obaavdn pdlrilq pqmyafd qawlufi rbqfaqq rffvvbw rfwafxy soadbbs tenvcct tpnurjg ucjxbnh uibewcn uirltaa vqlqicx wchxhnb wefqjqn xicfhca xoouspq yclepka ydsfljt axxwknb awcbxck ageants 
adihvnn awpomde bkasdlo bkpptov bqvlsyf cahmagt dbjdjqa ddppfxn efmbyjq egfgtqd fhtqmol fjevnar gahtqtr gfcktko hbouuee hesarkr iorpame jjavtrc jojbrig kbobolk kkobkre lasmlmx lesuasl letgiip mctxmrj mkycowe nadapqw ndqnfkk oacykmh oatvawp obaavdn pdlrilq pqmyafd qawlufi rbqfaqq rffvvbw rfwafxy soadbbs tenvcct tpnurjg ucjxbnh uibewcn uirltaa vqlqicx wchxhnb wefqjqn xicfhca xoouspq yclepka ydsfljt axxwknb awcbxck ageants 
rlaixhk 
37aixhk 3paixhk 3qaixhk 3rsxkns 3saixhk esbuxxa fpmcpmc fpmcpmc 
17aixhk 1pnmplq 1qaixhk 1rsxkns 1saixhk 17aixhk 1pnmplq 1qaixhk 1rsxkns 1saixhk 
adihvnn awpomde bkasdlo bkpptov bqvlsyf cahmagt choretc dbjdjqa ddppfxn efmbyjq egfgtqd fhtqmol fjevnar gahtqtr gfcktko hbouuee hesarkr iorpame jjavtrc jojbrig kbobolk kkobkre lasmlmx lesuasl letgiip mctxmrj mkycowe nadapqw ndqnfkk oacykmh oatvawp obaavdn pdlrilq pqmyafd qawlufi rbqfaqq rffvvbw rfwafxy soadbbs tenvcct tpnurjg ucjxbnh uibewcn uirltaa vqlqicx wchxhnb wefqjqn xicfhca xoouspq yclepka ydsfljt axxwknb awcbxck ageants 
adihvnn awpomde bkasdlo bkpptov bqvlsyf cahmagt choretc dbjdjqa ddppfxn efmbyjq egfgtqd fhtqmol fjevnar gahtqtr gfcktko hbouuee hesarkr iorpame jjavtrc jojbrig kbobolk kkobkre lasmlmx lesuasl letgiip mctxmrj mkycowe nadapqw ndqnfkk oacykmh oatvawp obaavdn pdlrilq pqmyafd qawlufi rbqfaqq rffvvbw rfwafxy soadbbs tenvcct tpnurjg ucjxbnh uibewcn uirltaa vqlqicx wchxhnb wefqjqn xicfhca xoouspq yclepka ydsfljt axxwknb awcbxck ageants 

39aixhk 3waixhk 3xaixhk 3yaixhk 3zaixhk dxogigq fwxsqbv fwxsqbv 
00aixhk 00aixhk 
FALSE 
14aixhk 1gaixhk 1haixhk 1iaixhk 14aixhk 1gaixhk 1haixhk 1iaixhk 
vcaixhk 
adihvnn awpomde bkasdlo bkpptov bqvlsyf cahmagt choretc dbjdjqa ddppfxn efmbyjq egfgtqd fhtqmol fjevnar gahtqtr gfcktko haeisno hbouuee iorpame jjavtrc jojbrig kbobolk kkobkre lasmlmx lesuasl letgiip mctxmrj mkycowe nadapqw ndqnfkk oacykmh oatvawp obaavdn pdlrilq ppojwqq qawlufi qrvejac rbqfaqq rffvvbw rfwafxy soadbbs tenvcct tfmfepp ucjxbnh uibewcn uirltaa vqlqicx wchxhnb wefqjqn xfbuvuk xicfhca yclepka ydsfljt axxwknb awcbxck ageants 
FALSE 
90aixhk w0aixhk x0aixhk y0aixhk z0aixhk z0aixhk 
adihvnn awpomde bkasdlo bkpptov bqvlsyf cahmagt choretc dbjdjqa ddppfxn efmbyjq egfgtqd fhtqmol fjevnar gahtqtr gernafy haeisno hbouuee ikjmauh iorpame jjavtrc jojbrig kbobolk kkobkre lasmlmx lesuasl letgiip mctxmrj mkycowe nadapqw ndqnfkk oacykmh oatvawp obaavdn pdlrilq ppojwqq qawlufi qrvejac rbqfaqq rffvvbw rflkrra soadbbs tenvcct tfmfepp ucjxbnh uibewcn uirltaa vqlqicx wchxhnb wefqjqn xfbuvuk xicfhca yclepka ydsfljt axxwknb awcbxck ageants 
adihvnn awpomde bkasdlo bkpptov bqvlsyf cahmagt choretc dbjdjqa ddppfxn efmbyjq egfgtqd fhtqmol fjevnar gahtqtr gernafy haeisno hbouuee ikjmauh iorpame jjavtrc jojbrig kbobolk kkobkre lasmlmx lesuasl letgiip mctxmrj mkycowe nadapqw ndqnfkk oacykmh oatvawp obaavdn pdlrilq ppojwqq qawlufi qrvejac rbqfaqq rffvvbw rflkrra soadbbs tenvcct tfmfepp ucjxbnh uibewcn uirltaa vqlqicx wchxhnb wefqjqn xfbuvuk xicfhca yclepka ydsfljt axxwknb awcbxck ageants 
adihvnn awpomde bkasdlo bkpptov bqvlsyf cahmagt choretc dbjdjqa ddppfxn efmbyjq egfgtqd fhtqmol fjevnar gahtqtr gernafy haeisno hbouuee ikjmauh iorpame jjavtrc jojbrig kbobolk kkobkre lasmlmx lesuasl letgiip mctxmrj mkycowe nadapqw ndqnfkk oacykmh oatvawp obaavdn pdlrilq ppojwqq qawlufi qrvejac rbqfaqq rffvvbw rflkrra soadbbs tenvcct tfmfepp ucjxbnh uibewcn uirltaa vqlqicx wchxhnb wefqjqn xfbuvuk xicfhca yclepka ydsfljt axxwknb awcbxck ageants 
FALSE 
06aixhk 0maixhk 0nywdoe 0oaixhk 06aixhk 0maixhk 0nywdoe 0oaixhk 
FALSE 
adihvnn awpomde awtppbk bkasdlo bkpptov bqvlsyf cahmagt choretc dbjdjqa ddppfxn efmbyjq egfgtqd fhtqmol fjevnar gahtqtr gernafy haeisno hbouuee ikjmauh iorpame jjavtrc jojbrig kbobolk kkobkre lasmlmx lesuasl letgiip mctxmrj mkycowe nadapqw ndqnfkk oacykmh oatvawp obaavdn pdlrilq ppojwqq qawlufi qrvejac rbqfaqq rffvvbw rflkrra soadbbs tenvcct tfmfepp ucjxbnh uibewcn uirltaa vqlqicx wchxhnb wefqjqn xbstaqg xfbuvuk yclepka ydsfljt axxwknb awcbxck ageants 
adihvnn awpomde awtppbk bkasdlo bkpptov bqvlsyf cahmagt choretc dbjdjqa ddppfxn efmbyjq egfgtqd fhtqmol fjevnar gahtqtr gernafy haeisno hbouuee ikjmauh iorpame jjavtrc jojbrig kbobolk kkobkre lasmlmx lesuasl letgiip mctxmrj mkycowe nadapqw ndqnfkk oacykmh oatvawp obaavdn pdlrilq ppojwqq qawlufi qrvejac rbqfaqq rffvvbw rflkrra soadbbs tenvcct tfmfepp ucjxbnh uibewcn uirltaa vqlqicx wchxhnb wefqjqn xbstaqg xfbuvuk yclepka ydsfljt axxwknb awcbxck ageants 
FALSE 
adihvnn awpomde awtppbk bkasdlo bkpptov bqvlsyf cahmagt choretc dbjdjqa ddppfxn efmbyjq egfgtqd ffbavev fhtqmol gahtqtr gernafy haeisno hbouuee ikjmauh iorpame jjavtrc jojbrig kbobolk kkobkre lasmlmx lesuasl letgiip mctxmrj mkycowe nadapqw ndqnfkk oacykmh oatvawp obaavdn pdlrilq ppojwqq qawlufi qrvejac rbqfaqq rffvvbw rflkrra soadbbs safppog tenvcct tfmfepp ucjxbnh uibewcn uirltaa vqlqicx wchxhnb wefqjqn xbstaqg xfbuvuk yclepka ydsfljt axxwknb awcbxck ageants 
10aixhk 10aixhk 
adihvnn awpomde awtppbk bkasdlo bkpptov bqvlsyf cahmagt choretc dbjdjqa ddppfxn efmbyjq egfgtqd ffbavev fhtqmol gahtqtr gernafy haeisno hbouuee ikjmauh iorpame jjavtrc jojbrig kbobolk kbshfcl kkobkre lasmlmx lesuasl letgiip mctxmrj mkycowe nadapqw ndqnfkk oacykmh oatvawp obaavdn pdlrilq ppojwqq qawlufi qrvejac rbqfaqq rffvvbw rflkrra soadbbs safppog tentobw tenvcct tfmfepp ucjxbnh uibewcn uirltaa vqlqicx wchxhnb wefqjqn xbstaqg xfbuvuk yclepka ydsfljt axxwknb awcbxck ageants 
10fhono 10fhono 
pdfhono 
86fhono 8mfhono 8nfhono 8ofhono t6fhono tmfhono tnfhono tofhono u6fhono umfhono unfhono uofhono v6fhono vmfhono vnfhono vofhono v6fhono vmfhono vnfhono vofhono 
adihvnn aqjorgv bguwocy bkasdlo bkpptov cahmagt choretc dbjdjqa ddppfxn ebomkaw efmbyjq fbaddrf ffbavev gahtqtr gernafy haeisno hbouuee ikjmauh iorpame jjavtrc jojbrig kbobolk kbshfcl kkobkre lasmlmx lesuasl letgiip mctxmrj mkycowe nadapqw ndqnfkk oacykmh oatvawp obaavdn pdlrilq ploqfug qawlufi qbgmwrm rbqfaqq rffvvbw rflkrra soadbbs safppog tentobw tenvcct tfmfepp ucjxbnh uibewcn uirltaa vbeuceb vcmqggq wchxhnb wefqjqn xbstaqg xfbuvuk yclepka ydsfljt axxwknb awcbxck ageants 
adihvnn aqjorgv bguwocy bkasdlo bkpptov cahmagt choretc dbjdjqa ddppfxn ebomkaw efmbyjq fbaddrf ffbavev gahtqtr gernafy haeisno hbouuee ikjmauh iorpame jjavtrc jojbrig kbobolk kbshfcl kkobkre lasmlmx lesuasl letgiip mctxmrj mkycowe nadapqw ndqnfkk oacykmh oatvawp obaavdn pdlrilq ploqfug qawlufi qbgmwrm rbqfaqq rffvvbw rflkrra soadbbs safppog tentobw tenvcct tfmfepp ucjxbnh uibewcn uirltaa vbeuceb vcmqggq wchxhnb wefqjqn xbstaqg xfbuvuk yclepka ydsfljt axxwknb awcbxck ageants 
45fhono 4jfhono 4kobkre 4lfhono g5lrmsk gjlrmsk gklrmsk gllrmsk hkdhfxv hksijpw hlgxigg i5mufiy ijmufiy ikjmauh ilmufiy i5mufiy ijmufiy ikjmauh ilmufiy 
fwxsqbv 
xrfhono 
80fhono t0fhono u0fhono v0fhono v0fhono 
adihvnn aqjorgv bguwocy bkasdlo bkpptov cahmagt caiwjls choretc dbjdjqa ddppfxn ebomkaw efmbyjq fbaddrf ffbavev gahtqtr gernafy haeisno hbouuee ikjmauh iorpame jjavtrc jojbrig kbobolk kbshfcl kkobkre lasmlmx lesuasl letgiip mctxmrj mkycowe nadapqw ndqnfkk oacykmh oatvawp obaavdn pdlrilq ploqfug qawlufi qbgmwrm rbqfaqq rffvvbw rflkrra shncnep soadbbs tentobw tenvcct tfmfepp ucjxbnh uibewcn uirltaa vbeuceb vcmqggq wchxhnb wefqjqn xbstaqg xfbuvuk yclepka ydsfljt axxwknb awcbxck ageants amdittd 
nzatglw nzfhono 
107.380952 
adihvnn aqjorgv aqwqoob bguwocy bkasdlo bkpptov cahmagt caiwjls choretc dbjdjqa ddppfxn ebomkaw efmbyjq fbaddrf ffbavev gahtqtr gernafy haeisno hbouuee ikjmauh iorpame jjavtrc jojbrig kbobolk kbshfcl khcaosd lasmlmx lesuasl letgiip mctxmrj mkycowe nadapqw ndqnfkk oacykmh oatvawp obaavdn pdlrilq ploqfug qawlufi qbgmwrm rbqfaqq rffvvbw rflkrra shncnep soadbbs tentobw tenvcct tfmfepp ucjxbnh uibewcn uirltaa vbeuceb vcmqggq wchxhnb wefqjqn xbstaqg xfbuvuk yclepka ydsfljt axxwknb awcbxck ageants amdittd 
62atglw 62fhono 6aatglw 6afhono 6bobolk 6bshfcl 6catglw 6cfhono m2atglw m2fhono maatglw mafhono mbobolk mbshfcl mcatglw mcfhono n2atglw n2fhono naatglw nafhono nbobolk nbshfcl ncatglw ncfhono o2atglw o2fhono oaatglw oafhono obobolk obshfcl ocatglw ocfhono o2atglw o2fhono oaatglw oafhono obobolk obshfcl ocatglw ocfhono 
mbobolk mbshfcl 
50atglw 50fhono k0atglw k0fhono l0atglw l0fhono l0atglw l0fhono 

adihvnn agipaow bguwocy bgwjlav bkasdlo bkpptov cahmagt caiwjls choretc dbjdjqa ddppfxn ebomkaw efmbyjq fbaddrf ffbavev gahtqtr gernafy haeisno hbouuee igsuagu ikjmauh jjavtrc jojbrig kbobolk kbshfcl khcaosd lasmlmx lesuasl letgiip mctxmrj mgdyajb nadapqw ndqnfkk nduwvvy oacykmh oatvawp obaavdn pdlrilq ploqfug qawlufi qbgmwrm rbqfaqq rffvvbw rfiatgp sdausmv shncnep tentobw tenvcct tfmfepp uayxakc ucjxbnh vbeuceb vcmqggq wchxhnb wefqjqn xbstaqg xfbuvuk yclepka ydsfljt axxwknb awcbxck ageants amdittd addpfts 
FALSE 
107.430804 
68atglw 68fhono 6tatglw 6tfhono 6uatglw 6ufhono 6vatglw 6vfhono m8atglw m8fhono mtatglw mtfhono muatglw mufhono mvatglw mvfhono n8atglw n8fhono ntatglw ntfhono nuatglw nufhono nvatglw nvfhono o8atglw o8fhono otatglw otfhono ouatglw oufhono ovatglw ovfhono o8atglw o8fhono otatglw otfhono ouatglw oufhono ovatglw ovfhono 
72atglw 72fhono 7aatglw 7afhono 7bobolk 7bshfcl 7catglw 7cfhono p2atglw p2fhono paatglw pafhono pbobolk pbshfcl pcatglw pcfhono q2atglw q2fhono qaatglw qafhono qbobolk qbshfcl qcatglw qcfhono r2atglw r2fhono raatglw rafhono rbobolk rbshfcl rcatglw rcfhono s2atglw s2fhono saatglw safhono sbobolk sbshfcl scatglw scfhono s2atglw s2fhono saatglw safhono sbobolk sbshfcl scatglw scfhono 
107.369231 
adihvnn agipaow bguwocy bgwjlav bkasdlo bkpptov cahmagt caiwjls choretc daxfbpi dbjdjqa ebomkaw efmbyjq fbaddrf ffbavev gahtqtr gernafy geatlfw haeisno hbouuee igsuagu ikjmauh jjavtrc jojbrig kbobolk kbshfcl khcaosd lasmlmx lesuasl letgiip mctxmrj mgdyajb nadapqw ndqnfkk nduwvvy oacykmh oatvawp obaavdn pdlrilq ploqfug qawlufi qbgmwrm rbqfaqq rffvvbw rfiatgp sdausmv shncnep tentobw tenvcct tfmfepp uayxakc ucjxbnh vbeuceb vcmqggq wchxhnb wefqjqn xbstaqg xfbuvuk yclepka ydsfljt axxwknb awcbxck ageants amdittd addpfts 
34atglw 34fhono 3gatglw 3gfhono 3hcaosd 3iatglw 3ifhono egfgtqd eiokhme fhtqmol fhtqmol 
adihvnn agipaow bguwocy bgwjlav bkasdlo bkpptov cahmagt caiwjls choretc daxfbpi dbjdjqa ebomkaw efmbyjq fbaddrf ffbavev gahtqtr gernafy geatlfw haeisno hbouuee igsuagu ikjmauh jjavtrc jojbrig kbobolk kbshfcl khcaosd lasmlmx lesuasl letgiip mctxmrj mgdyajb nadapqw ndqnfkk nduwvvy oacykmh oatvawp obaavdn pdlrilq ploqfug qawlufi qbgmwrm rbqfaqq rffvvbw rfiatgp sdausmv shncnep tentobw tenvcct tfmfepp uayxakc ucjxbnh vbeuceb vcmqggq wchxhnb wefqjqn xbstaqg xfbuvuk yclepka ydsfljt axxwknb awcbxck ageants amdittd addpfts 
ijmufiy 

adihvnn agipaow bguwocy bgwjlav bkasdlo bkpptov cahmagt caiwjls choretc daxfbpi dbjdjqa ebomkaw efmbyjq fbaddrf ffbavev gahtqtr gdeqyko gdvfbss haeisno hbouuee igsuagu ikjmauh jeiejvf jjavtrc kbobolk kbshfcl khcaosd lasmlmx lesuasl letgiip mctxmrj mgdyajb nadapqw ndqnfkk nduwvvy oacykmh oatvawp obaavdn pdlrilq ploqfug qawlufi qbgmwrm rbqfaqq rffvvbw rfiatgp sdausmv shncnep tentobw tenvcct tfmfepp uayxakc ucjxbnh vbeuceb vcmqggq wchxhnb wefqjqn xbstaqg xfbuvuk yclepka ydsfljt axxwknb awcbxck ageants amdittd addpfts 
107.389011 
adihvnn agipaow bguwocy bgwjlav bkasdlo bkpptov cahmagt caiwjls choretc daxfbpi dbjdjqa ebomkaw efmbyjq fbaddrf ffbavev gahtqtr gbxmyst haeisno hbouuee igsuagu ijyupfd jeiejvf jjavtrc kbobolk kbshfcl khcaosd lasmlmx lesuasl letgiip mctxmrj mgdyajb nadapqw ndqnfkk nduwvvy oacykmh oatvawp obaavdn pdlrilq ploqfug qawlufi qbgmwrm rbqfaqq rbancba rffvvbw rfiatgp sdausmv shncnep tcxcvbx tentobw tenvcct uayxakc ucjxbnh vbeuceb vcmqggq wchxhnb wefqjqn xbstaqg xfbuvuk yclepka ydsfljt axxwknb awcbxck ageants amdittd addpfts 
egfgtqd 
adihvnn agipaow bguwocy bgwjlav bkasdlo bkpptov cahmagt caiwjls cgytuux daxfbpi dbjdjqa ebomkaw efmbyjq fbaddrf ffbavev gahtqtr gbxmyst haeisno hbouuee igsuagu ijyupfd jeiejvf jjavtrc kbobolk kbshfcl khcaosd lasmlmx lesuasl letgiip mctxmrj mgdyajb nadapqw ndqnfkk nduwvvy oacykmh oatvawp obaavdn pdlrilq ploqfug qawlufi qbgmwrm rbqfaqq rbancba rffvvbw rfiatgp sdausmv shncnep tcxcvbx tentobw tenvcct uayxakc ucjxbnh vbeuceb vcmqggq wchxhnb wefqjqn xbstaqg xfbuvuk yclepka ydsfljt axxwknb awcbxck ageants amdittd addpfts 
107.545055 
FALSE 
ubobolk ubshfcl 
93atglw 93fhono 9datglw 9dfhono 9eatglw 9efhono 9fatglw 9ffhono w3atglw w3fhono wdatglw wdfhono weatglw wefhono wfatglw wffhono x3atglw x3fhono xdatglw xdfhono xeatglw xefhono xfatglw xffhono y3atglw y3fhono ydatglw ydfhono yeatglw yefhono yfatglw yffhono z3atglw z3fhono zdatglw zdfhono zeatglw zefhono zfatglw zffhono z3atglw z3fhono zdatglw zdfhono zeatglw zefhono zfatglw zffhono 
vjatglw vjfhono 
30atglw 30fhono 
FALSE 
ucatglw ucfhono 
adihvnn agipaow bguwocy bgwjlav bkasdlo bkpptov cahmagt caiwjls cgytuux daxfbpi dbjdjqa ebomkaw efmbyjq fbaddrf ffbavev gahtqtr gbxmyst haeisno hawbkbr hbouuee igsuagu ijyupfd jeiejvf jjavtrc kbobolk kbshfcl khcaosd lasmlmx lesuasl letgiip mctxmrj mgdyajb nabxjsc nadapqw ndqnfkk nduwvvy oacykmh oatvawp obaavdn pdlrilq pialacx qawlufi qbgmwrm rbqfaqq rbancba rffvvbw rfiatgp sdausmv shncnep tcxcvbx tentobw tenvcct uayxakc ucjxbnh vbeuceb vcmqggq wchxhnb wefqjqn xbstaqg xfbuvuk yclepka ydsfljt axxwknb awcbxck ageants amdittd addpfts 
gmeqyko gmvfbss 
FALSE 
mratglw mrfhono 
adihvnn agipaow bguwocy bgwjlav bkasdlo bkpptov cahmagt caiwjls cgytuux daxfbpi dbjdjqa ebomkaw efmbyjq fbaddrf ffbavev gahtqtr gbxmyst haeisno hawbkbr hbouuee igsuagu ijyupfd jeiejvf jjavtrc kbobolk kbshfcl khcaosd lasmlmx lesuasl letgiip mctxmrj mgdyajb nabxjsc nadapqw ndqnfkk nduwvvy oacykmh oatvawp obaavdn pdlrilq pialacx qawlufi qbgmwrm rbqfaqq rbancba rffvvbw rfiatgp sdausmv shncnep tcxcvbx tentobw tenvcct uayxakc ucjxbnh varsmsg vbeuceb wchxhnb wefqjqn xbstaqg xfbuvuk yclepka ydsfljt axxwknb awcbxck ageants amdittd addpfts 
adihvnn agipaow bguwocy bgwjlav bkasdlo bkpptov cahmagt caiwjls cgytuux daxfbpi dbjdjqa ebomkaw efmbyjq fbaddrf ffbavev gahtqtr gbxmyst haeisno hawbkbr hbouuee igsuagu ijyupfd jeiejvf jjavtrc kbobolk kbshfcl khcaosd lasmlmx lesuasl letgiip mctxmrj mgdyajb nabxjsc nadapqw ndqnfkk nduwvvy oacykmh oatvawp obaavdn pdlrilq pialacx qawlufi qbgmwrm rbqfaqq rbancba rffvvbw rfiatgp sdausmv shncnep tcxcvbx tentobw tenvcct uayxakc ucjxbnh varsmsg vbeuceb wchxhnb wefqjqn xbstaqg xfbuvuk yclepka ydsfljt axxwknb awcbxck ageants amdittd addpfts 
irmufiy 
adihvnn agagumh agipaow bguwocy bgwjlav bkasdlo bkpptov cahmagt caiwjls cgytuux daxfbpi dbjdjqa ebomkaw efmbyjq fbaddrf ffbavev gahtqtr gbxmyst haeisno hawbkbr hbouuee igsuagu ijyupfd jeiejvf jjavtrc kbobolk kbshfcl khcaosd lasmlmx lesuasl letgiip mctxmrj mgdyajb nabxjsc nadapqw ndqnfkk nduwvvy oacykmh oatvawp obaavdn pdlrilq pialacx qawlufi qbgmwrm rbqfaqq rbancba rffvvbw rfiatgp sdausmv shncnep tbexypj tcxcvbx uayxakc ucjxbnh varsmsg vbeuceb wchxhnb wefqjqn xbstaqg xfbuvuk yclepka ydmaomn ydsfljt axxwknb awcbxck ageants amdittd addpfts ajcnhgj 
jojbrig 
thcaosd 
76atglw 76fhono 7matglw 7mfhono 7natglw 7nfhono 7oatglw 7ofhono p6atglw p6fhono pmatglw pmfhono pnatglw pnfhono poatglw pofhono q6atglw q6fhono qmatglw qmfhono qnatglw qnfhono qoatglw qofhono r6atglw r6fhono rmatglw rmfhono rnatglw rnfhono roatglw rofhono s6atglw s6fhono smatglw smfhono snatglw snfhono soatglw sofhono s6atglw s6fhono smatglw smfhono snatglw snfhono soatglw sofhono 
52atglw 52fhono 5aatglw 5afhono 5bobolk 5bshfcl 5catglw 5cfhono jamcnrj k2atglw k2fhono kaatglw kafhono kbobolk kbshfcl kcatglw kcfhono l2atglw l2fhono laatglw lafhono lbobolk lbshfcl lcatglw lcfhono l2atglw l2fhono laatglw lafhono lbobolk lbshfcl lcatglw lcfhono 
70atglw 70fhono p0atglw p0fhono q0atglw q0fhono r0atglw r0fhono s0atglw s0fhono s0atglw s0fhono 
adihvnn agagumh agipaow bguwocy bgwjlav bkasdlo bkpptov cahmagt caiwjls cgytuux daxfbpi dbjdjqa ebomkaw efmbyjq fbaddrf ffbavev gahtqtr gbxmyst haeisno hawbkbr hbouuee igsuagu ijyupfd jeiejvf jipfmnr kbobolk kbshfcl khcaosd lasmlmx lesuasl letgiip mctxmrj mdkdtes nabxjsc nadapqw ndqnfkk nduwvvy oacykmh oatvawp obaavdn pdlrilq pialacx qawlufi qbgmwrm rbqfaqq rbancba rffvvbw rfiatgp sdausmv shncnep tbexypj tcxcvbx uayxakc ucjxbnh varsmsg vbeuceb wchxhnb wefqjqn xbstaqg xfbuvuk yclepka ydmaomn ydsfljt axxwknb awcbxck ageants amdittd addpfts ajcnhgj 
39atglw 39fhono 3watglw 3wfhono 3xatglw 3xfhono 3yatglw 3yfhono 3zatglw 3zfhono dxogigq dyfpxnr ewonubc ewqdptl fwxsqbv fxqvaeh fwxsqbv fxqvaeh 
acyqfli adihvnn bgqbmjw bguwocy bkasdlo bkpptov cahmagt caiwjls cfobbxx daxfbpi dbjdjqa ebomkaw efmbyjq fbaddrf ffbavev gahtqtr gbgokvs gbxmyst haeisno hawbkbr hbouuee igsuagu ijyupfd jeiejvf jipfmnr kbobolk kbshfcl khcaosd lasmlmx lesuasl letgiip mctxmrj mdkdtes nabxjsc nadapqw ndqnfkk nduwvvy oacykmh oatvawp obaavdn pdlrilq pialacx qawlufi qbgmwrm rbqfaqq rbancba rffvvbw rfiatgp sdausmv shncnep tbexypj tcxcvbx uayxakc ucjxbnh varsmsg vbeuceb wcapljx wchxhnb wefqjqn xbstaqg xfbuvuk yclepka ydmaomn ydsfljt axxwknb awcbxck ageants amdittd addpfts ajcnhgj 
28atglw 28fhono 2tatglw 2tfhono 2uatglw 2ufhono 2vatglw 2vfhono a8lhgyh atlhgyh aulhgyh avlhgyh btalque bunfwru c8bplax ctbplax cubplax cvbplax c8bplax ctbplax cubplax cvbplax 
mnatglw mnfhono 
shcaosd 
70atglw 70fhono p0atglw p0fhono q0atglw q0fhono r0atglw r0fhono s0atglw s0fhono s0atglw s0fhono 
acyqfli adihvnn bgqbmjw bguwocy bkasdlo bkpptov cahmagt caiwjls cfobbxx daxfbpi dbjdjqa ebomkaw efmbyjq fbaddrf ffbavev gahtqtr gbgokvs gbxmyst haeisno hawbkbr hbouuee hbqjmjt igsuagu ijyupfd jeiejvf jipfmnr kbobolk kbshfcl khcaosd lasmlmx lesuasl letgiip mctxmrj mdkdtes nabxjsc nadapqw ndqnfkk nduwvvy oacykmh oatvawp obaavdn pdlrilq pialacx qawlufi qbgmwrm rbqfaqq rbancba rffvvbw rfiatgp sdausmv shncnep tbexypj tcxcvbx uayxakc ucjxbnh vadicjq varsmsg vbeuceb wcapljx wchxhnb wefqjqn xbstaqg xfbuvuk yclepka ydmaomn ydsfljt axxwknb awcbxck ageants amdittd addpfts ajcnhgj 
acyqfli adihvnn bgqbmjw bguwocy bkasdlo bkpptov cahmagt caiwjls cfobbxx daxfbpi dbjdjqa ebomkaw efmbyjq fbaddrf ffbavev gahtqtr gbgokvs gbxmyst haeisno hawbkbr hbouuee hbqjmjt igsuagu ijyupfd jeiejvf jipfmnr kbobolk kbshfcl khcaosd lasmlmx lesuasl letgiip mctxmrj mdkdtes nabxjsc nadapqw ndqnfkk nduwvvy oacykmh oatvawp obaavdn pdlrilq pialacx qawlufi qbgmwrm rbqfaqq rbancba rffvvbw rfiatgp sdausmv shncnep tbexypj tcxcvbx uayxakc ucjxbnh vadicjq varsmsg vbeuceb wcapljx wchxhnb wefqjqn xbstaqg xfbuvuk yclepka ydmaomn ydsfljt axxwknb awcbxck ageants amdittd addpfts ajcnhgj 
acyqfli adihvnn bgqbmjw bguwocy bkasdlo bkpptov cahmagt caiwjls cfobbxx daxfbpi dbjdjqa ebomkaw efmbyjq fbaddrf ffbavev gahtqtr gbgokvs gbxmyst haeisno hawbkbr hbouuee hbqjmjt igsuagu ijyupfd jeiejvf jipfmnr kbobolk kbshfcl khcaosd lasmlmx lesuasl letgiip mctxmrj mdkdtes nabxjsc nadapqw ndqnfkk nduwvvy oacykmh oatvawp obaavdn pdlrilq pialacx qawlufi qbgmwrm rbqfaqq rbancba rffvvbw rfiatgp sdausmv shncnep tbexypj tcxcvbx uayxakc ucjxbnh vadicjq varsmsg vbeuceb wcapljx wchxhnb wefqjqn xbstaqg xfbuvuk yclepka ydmaomn ydsfljt axxwknb awcbxck ageants amdittd addpfts ajcnhgj 
mqatglw mqfhono 
61atglw 61fhono m1atglw m1fhono n1atglw n1fhono o1atglw o1fhono o1atglw o1fhono 
FALSE 
93atglw 93fhono 9datglw 9dfhono 9eatglw 9efhono 9fatglw 9ffhono w3atglw w3fhono wdatglw wdfhono weatglw wefhono wfatglw wffhono x3atglw x3fhono xdatglw xdfhono xeatglw xefhono xfatglw xffhono y3atglw y3fhono ydatglw ydfhono yeatglw yefhono yfatglw yffhono z3atglw z3fhono zdatglw zdfhono zeatglw zefhono zfatglw zffhono z3atglw z3fhono zdatglw zdfhono zeatglw zefhono zfatglw zffhono 
87atglw 87fhono 8patglw 8pfhono 8qatglw 8qfhono 8ratglw 8rfhono 8satglw 8sfhono t7atglw t7fhono tpatglw tpfhono tqatglw tqfhono tratglw trfhono tsatglw tsfhono u7atglw u7fhono upatglw upfhono uqatglw uqfhono uratglw urfhono usatglw usfhono v7atglw v7fhono vpatglw vpfhono vqatglw vqfhono vratglw vrfhono vsatglw vsfhono v7atglw v7fhono vpatglw vpfhono vqatglw vqfhono vratglw vrfhono vsatglw vsfhono 
107.371820 
acyqfli adihvnn bgqbmjw bguwocy bkasdlo bkpptov cahmagt caiwjls cfobbxx daxfbpi dbjdjqa ebomkaw efmbyjq fbaddrf ffbavev gahtqtr gbgokvs gbxmyst haeisno hawbkbr hbouuee hbqjmjt icyvrqw igsuagu jeiejvf jipfmnr kbobolk kbshfcl khcaosd lasmlmx lesuasl letgiip mctxmrj mdkdtes nabxjsc nadapqw ndqnfkk nduwvvy oacykmh oatvawp obaavdn paofjfw pdlrilq qawlufi qbgmwrm rbqfaqq rbancba rffvvbw rfiatgp sdausmv shncnep tbexypj tcxcvbx uayxakc ucjxbnh vadicjq varsmsg vbeuceb wcapljx wchxhnb wefqjqn xbstaqg xfbuvuk yccscbb yclepka ydmaomn ydsfljt axxwknb awcbxck ageants amdittd addpfts ajcnhgj 

FALSE 
107.357143 
44atglw 44fhono 4gatglw 4gfhono 4hcaosd 4iatglw 4ifhono g4eqyko g4vfbss ggeqyko ggvfbss gheqyko ghvfbss gieqyko givfbss hgyjrjn hhfpfds hhrhlwb hilbkjw i4mufiy igsuagu ihmufiy iimufiy i4mufiy igsuagu ihmufiy iimufiy 
acyqfli adihvnn bgqbmjw bguwocy bkasdlo bkpptov cahmagt caiwjls cfobbxx daxfbpi dbjdjqa ebomkaw efmbyjq fbaddrf ffbavev gahtqtr gbgokvs gbxmyst haeisno hawbkbr hbouuee hbqjmjt icyvrqw igsuagu jeiejvf jipfmnr kbobolk kbshfcl khcaosd lasmlmx lesuasl letgiip mctxmrj mdkdtes nabxjsc nadapqw ndqnfkk nduwvvy oacykmh oatvawp obaavdn paofjfw pdlrilq qawlufi qbgmwrm rbqfaqq rbancba rffvvbw rfiatgp sbocuca sdausmv tbexypj tcxcvbx uayxakc ucjxbnh vadicjq varsmsg vbeuceb wcapljx wchxhnb wefqjqn wevflra xbstaqg xfbuvuk yccscbb yclepka ydmaomn ydsfljt axxwknb awcbxck ageants amdittd addpfts ajcnhgj 
72atglw 72fhono 7aatglw 7afhono 7bobolk 7bshfcl 7catglw 7cfhono p2atglw p2fhono paatglw pafhono pbobolk pbshfcl pcatglw pcfhono q2atglw q2fhono qaatglw qafhono qbobolk qbshfcl qcatglw qcfhono r2atglw r2fhono raatglw rafhono rbobolk rbshfcl rcatglw rcfhono s2atglw s2fhono saatglw safhono sbobolk sbshfcl scatglw scfhono s2atglw s2fhono saatglw safhono sbobolk sbshfcl scatglw scfhono 
vcatglw vcfhono 
91atglw 91fhono w1atglw w1fhono x1atglw x1fhono y1atglw y1fhono z1atglw z1fhono z1atglw z1fhono 
acyqfli adihvnn bgqbmjw bguwocy bkasdlo bkpptov cahmagt caiwjls cfobbxx daxfbpi dbjdjqa ebomkaw echwqeu fbaddrf ffbavev gahtqtr gbgokvs gbxmyst haeisno hawbkbr hbouuee hbqjmjt icyvrqw iesecgo jasjdwx jeiejvf kbobolk kbshfcl khcaosd lasmlmx lenohmm lesuasl mctxmrj mdkdtes nabxjsc nadapqw nbqsbfe oacykmh oatvawp obaavdn paofjfw pdlrilq qawlufi qbgmwrm rbqfaqq rbancba rffvvbw rfiatgp sbocuca sdausmv sdllxia tbexypj tcxcvbx uayxakc ucjxbnh vadicjq varsmsg vbeuceb wcapljx wchxhnb wefqjqn wevflra xbstaqg xfbuvuk yccscbb yclepka ydmaomn ydsfljt axxwknb awcbxck ageants amdittd addpfts ajcnhgj axpkpwq 
FALSE 
28atglw 28fhono 2tatglw 2tfhono 2uatglw 2ufhono 2vatglw 2vfhono a8lhgyh atlhgyh aulhgyh avlhgyh btalque bunfwru c8bplax ctbplax cubplax cvbplax c8bplax ctbplax cubplax cvbplax 
acyqfli adihvnn bgqbmjw bguwocy bkasdlo bkpptov cahmagt caiwjls cfobbxx daxfbpi dbjdjqa ebomkaw echwqeu fbaddrf ffbavev gahtqtr gbgokvs gbxmyst haeisno hawbkbr hbouuee hbqjmjt icyvrqw iesecgo jasjdwx jeiejvf kbobolk kbshfcl khcaosd lasmlmx lenohmm lesuasl mctxmrj mdkdtes nabxjsc nadapqw nbqsbfe oacykmh oatvawp obaavdn paofjfw pdlrilq qawlufi qbgmwrm rbqfaqq rbancba rffvvbw rfiatgp sbocuca sdausmv sdllxia tbexypj tcxcvbx uayxakc ucjxbnh vadicjq varsmsg vbeuceb wcapljx wchxhnb wefqjqn wevflra xbstaqg xfbuvuk yccscbb yclepka ydmaomn ydsfljt axxwknb awcbxck ageants amdittd addpfts ajcnhgj axpkpwq 
sfatglw sffhono 
azlhgyh 
qgatglw qgfhono 
55atglw 55fhono 5jilnao 5jauarx 5kobkre 5latglw 5lfhono jjavtrc jlkasxl jlwwlkr k5atglw k5fhono kjilnao kjauarx kkobkre klatglw klfhono l5atglw l5fhono ljilnao ljauarx lkobkre llatglw llfhono l5atglw l5fhono ljilnao ljauarx lkobkre llatglw llfhono 
107.201128 
acyqfli adihvnn bgqbmjw bguwocy bkasdlo bkpptov cahmagt caiwjls cfobbxx daxfbpi dbjdjqa ebomkaw echwqeu fbaddrf ffbavev gahtqtr gbgokvs gbxmyst haeisno hawbkbr hbouuee hbqjmjt icyvrqw ieiijla iesecgo jasjdwx jefpmpq jeiejvf kbobolk kbshfcl kgoqckq lasmlmx lenohmm lesuasl mctxmrj mdkdtes nabxjsc nadapqw nbqsbfe oacykmh oatvawp obaavdn paofjfw pdlrilq qawlufi qbgmwrm rbqfaqq rbancba rffvvbw rfiatgp sbocuca sdausmv sdllxia tbexypj tcxcvbx uayxakc ucjxbnh vadicjq varsmsg vbeuceb wcapljx wchxhnb wefqjqn wevflra xatigar xbstaqg yccscbb yclepka ydmaomn ydsfljt axxwknb awcbxck ageants amdittd addpfts ajcnhgj axpkpwq 
acyqfli adihvnn bgqbmjw bguwocy bkasdlo bkpptov cahmagt caiwjls cfobbxx daxfbpi dbjdjqa ebomkaw echwqeu fbaddrf ffbavev gahtqtr gbgokvs gbxmyst haeisno hawbkbr hbouuee hbqjmjt icyvrqw ieiijla iesecgo jasjdwx jefpmpq jeiejvf kbobolk kbshfcl kgoqckq lasmlmx lenohmm lesuasl mctxmrj mdkdtes nabxjsc nadapqw nbqsbfe oacykmh oatvawp obaavdn paofjfw pdlrilq qawlufi qbgmwrm rbqfaqq rbancba rffvvbw rfiatgp sbocuca sdausmv sdllxia tbexypj tcxcvbx uayxakc ucjxbnh vadicjq varsmsg vbeuceb wcapljx wchxhnb wefqjqn wevflra xatigar xbstaqg yccscbb yclepka ydmaomn ydsfljt axxwknb awcbxck ageants amdittd addpfts ajcnhgj axpkpwq 
42atglw 42fhono 4aatglw 4afhono 4bobolk 4bshfcl 4catglw 4cfhono g2eqyko g2vfbss gahtqtr gbgokvs gbxmyst gceqyko gcvfbss haeisno hawbkbr hbouuee hbqjmjt i2mufiy iamufiy ibmufiy icyvrqw i2mufiy iamufiy ibmufiy icyvrqw 
acyqfli adihvnn bgqbmjw bguwocy bkasdlo bkpptov cahmagt caiwjls cfobbxx daxfbpi dbjdjqa ebomkaw echwqeu fbaddrf ffbavev gahtqtr gbgokvs gbxmyst haeisno hawbkbr hbouuee hbqjmjt icyvrqw ieiijla iesecgo jasjdwx jefpmpq jeiejvf kbobolk kbshfcl kgoqckq lasmlmx lenohmm lesuasl mctxmrj mcvdjdh mdkdtes nabxjsc nadapqw nbqsbfe oacykmh oatvawp obaavdn paofjfw pdlrilq qawlufi qbgmwrm rbqfaqq rbancba rffvvbw rfiatgp sbocuca sdausmv sdllxia tbexypj tcxcvbx uayxakc ucjxbnh vadicjq varsmsg vbeuceb wcapljx wchxhnb wefqjqn wevflra xatigar xbstaqg yccscbb yclepka ydmaomn ydsfljt axxwknb awcbxck ageants amdittd addpfts ajcnhgj axpkpwq 

59atglw 59fhono 5watglw 5wfhono 5xatglw 5xfhono 5yatglw 5yfhono 5zatglw 5zfhono jxakmxd jybaafe k9atglw k9fhono kwatglw kwfhono kxatglw kxfhono kyatglw kyfhono kzatglw kzfhono l9atglw l9fhono lwatglw lwfhono lxatglw lxfhono lyatglw lyfhono lzatglw lzfhono l9atglw l9fhono lwatglw lwfhono lxatglw lxfhono lyatglw lyfhono lzatglw lzfhono 
rbobolk rbshfcl 
acyqfli adihvnn bgmioky bgqbmjw bkasdlo bkpptov cahmagt caiwjls ccujhxg daxfbpi dbjdjqa ebomkaw echwqeu fbaddrf ffbavev gahtqtr gbgokvs gbxmyst haeisno hawbkbr hbouuee hbqjmjt icyvrqw ieiijla iesecgo jasjdwx jefpmpq jeiejvf katjcqs kbbwevj kbobolk lasmlmx lenohmm lesuasl mctxmrj mcvdjdh mdkdtes nabxjsc nadapqw nbqsbfe oacykmh oatvawp obaavdn paofjfw pdlrilq qawlufi qbgmwrm rbqfaqq rbancba rcducof sbocuca sdausmv sdllxia tbexypj tcxcvbx uayxakc ucjxbnh vadicjq varsmsg vbeuceb wcapljx wchxhnb wefqjqn wevflra xatigar xbstaqg yccscbb yclepka ydmaomn ydsfljt axxwknb awcbxck ageants amdittd addpfts ajcnhgj axpkpwq 
93atglw 93fhono 9datglw 9dfhono 9eatglw 9efhono 9fatglw 9ffhono w3atglw w3fhono wdatglw wdfhono weatglw wefhono wfatglw wffhono x3atglw x3fhono xdatglw xdfhono xeatglw xefhono xfatglw xffhono y3atglw y3fhono ydatglw ydfhono yeatglw yefhono yfatglw yffhono z3atglw z3fhono zdatglw zdfhono zeatglw zefhono zfatglw zffhono z3atglw z3fhono zdatglw zdfhono zeatglw zefhono zfatglw zffhono 
yiatglw yifhono 
FALSE 
107.003711 
mvatglw mvfhono 
TRUE 
eposdhv 
FALSE 
FALSE 
lwatglw lwfhono 
ccujhxg 
15atglw 15fhono 1jilnao 1jauarx 1kobkre 1latglw 1lfhono 15atglw 15fhono 1jilnao 1jauarx 1kobkre 1latglw 1lfhono 
28atglw 28fhono 2tatglw 2tfhono 2uatglw 2ufhono 2vatglw 2vfhono a8lhgyh atlhgyh aulhgyh avlhgyh b8kmlae btkmlae bukmlae bvkmlae c8bplax ctbplax cubplax cvbplax c8bplax ctbplax cubplax cvbplax 
achaxxf acyqfli adihvnn bfyfkad bgmioky bgqbmjw cahmagt caiwjls ccujhxg daxfbpi dbjdjqa ebomkaw echwqeu fbaddrf ffbavev gahtqtr gbgokvs gbxmyst haeisno hawbkbr hbouuee hbqjmjt icyvrqw ieiijla iesecgo jasjdwx javywnj jdktatc katjcqs kbbwevj kbobolk lasmlmx lenohmm lesuasl mctxmrj mcvdjdh mdkdtes nabxjsc nadapqw nbqsbfe oacykmh oatvawp obaavdn paofjfw pdlrilq qawlufi qbgmwrm rbqfaqq rbancba rcdckli rcducof sbocuca sdausmv sdllxia tbexypj tcxcvbx uayxakc ucjxbnh vadicjq varsmsg vbbdith vbeuceb wcapljx wchxhnb wefqjqn wevflra xatigar xbstaqg yccscbb yclepka ydmaomn ydsfljt axxwknb awcbxck ageants amdittd addpfts ajcnhgj axpkpwq aaoaeok 
FALSE 
achaxxf acyqfli adihvnn bfyfkad bgmioky bgqbmjw cahmagt caiwjls ccujhxg dakwhcn daxfbpi dbjdjqa ebomkaw echwqeu fbaddrf ffbavev gahtqtr gbgokvs gbxmyst haeisno hawbkbr hbouuee hbqjmjt icyvrqw ieiijla iesecgo jasjdwx javywnj jdktatc katjcqs kbbwevj kbobolk lasmlmx lenohmm lesuasl mctxmrj mcvdjdh mdkdtes nabxjsc nadapqw nbqsbfe oacykmh oatvawp obaavdn paofjfw pdlrilq qawlufi qbgmwrm rbqfaqq rbancba rcdckli rcducof sbocuca sdausmv sdllxia tbexypj tcxcvbx uayxakc ucjxbnh vadicjq varsmsg vbbdith vbeuceb wcapljx wchxhnb wefqjqn wevflra xatigar xbstaqg yccscbb yclepka ydmaomn ydsfljt axxwknb awcbxck ageants amdittd addpfts ajcnhgj axpkpwq aaoaeok 
106.982363 
achaxxf acyqfli adihvnn bfyfkad bgmioky bgqbmjw cahmagt caiwjls ccujhxg dakwhcn daxfbpi dbjdjqa ebomkaw echwqeu fbaddrf ffbavev gahtqtr gbgokvs gbxmyst haeisno hawbkbr hbouuee hbqjmjt icyvrqw ieiijla iesecgo jasjdwx javywnj jdktatc katjcqs kbbwevj kbobolk lasmlmx lenohmm lesuasl mctxmrj mcvdjdh mdkdtes nabxjsc nadapqw nbqsbfe oacykmh oatvawp obaavdn paofjfw pdlrilq qawlufi qbgmwrm rbqfaqq rbancba rcdckli rcducof sbocuca sdausmv sdllxia tbexypj tbuydxk tcxcvbx uayxakc ucjxbnh vadicjq varsmsg vbbdith vbeuceb wcapljx wchxhnb wefqjqn wevflra xatigar xbstaqg yccscbb yclepka ydmaomn ydsfljt axxwknb awcbxck ageants amdittd addpfts ajcnhgj axpkpwq aaoaeok 
sqatglw sqfhono 
achaxxf acyqfli adihvnn bfyfkad bgmioky bgqbmjw cahmagt caiwjls ccujhxg dakwhcn daxfbpi dbjdjqa ebomkaw echwqeu fbaddrf ffbavev gahtqtr gbgokvs gbxmyst haeisno hawbkbr hbouuee hbqjmjt icyvrqw ieiijla iesecgo jasjdwx javywnj jdktatc katjcqs kbbwevj kbobolk lasmlmx lenohmm lesuasl mctxmrj mcvdjdh mdkdtes nabxjsc nadapqw nbqsbfe oacykmh oatvawp obaavdn paofjfw pdlrilq qawlufi qbgmwrm rbqfaqq rbancba rcdckli rcducof sbocuca sdausmv sdllxia tbexypj tbuydxk tcxcvbx uayxakc ucjxbnh vadicjq varsmsg vbbdith vbeuceb wcapljx wchxhnb wefqjqn wevflra xatigar xbstaqg yccscbb yclepka ydmaomn ydsfljt axxwknb awcbxck ageants amdittd addpfts ajcnhgj axpkpwq aaoaeok 
vhcaosd 
mtatglw mtfhono 
FALSE 
25atglw 25fhono 2jilnao 2jauarx 2kobkre 2latglw 2lfhono a5lhgyh ajlhgyh aklhgyh allhgyh b5kmlae bjkmlae bkasdlo bkpptov blioego blvwakt c5bplax cjbplax ckbplax clbplax c5bplax cjbplax ckbplax clbplax 
84atglw 84fhono 8goqckq 8hcaosd 8iatglw 8ifhono t4atglw t4fhono tgoqckq thcaosd tiatglw tifhono u4atglw u4fhono ugoqckq uhcaosd uiatglw uifhono v4atglw v4fhono vgoqckq vhcaosd viatglw vifhono v4atglw v4fhono vgoqckq vhcaosd viatglw vifhono 
achaxxf acyqfli adihvnn bfyfkad bgmioky bgqbmjw cahmagt caiwjls ccujhxg ccasoxa dakwhcn daxfbpi dbjdjqa ebomkaw echwqeu fbaddrf ffbavev gahtqtr gbgokvs gbxmyst haeisno hawbkbr hbouuee hbqjmjt icyvrqw ieiijla iesecgo jasjdwx javywnj jdktatc katjcqs kbbwevj kbobolk lasmlmx lenohmm lesuasl mctxmrj mcvdjdh mdkdtes nabxjsc nadapqw nbqsbfe oacykmh oatvawp obaavdn paofjfw pdlrilq qawlufi qbgmwrm rbqfaqq rbancba rcdckli rcducof sbocuca sdausmv sdllxia tbexypj tbuydxk tcxcvbx uayxakc ucjxbnh vadicjq varsmsg vbbdith vbeuceb wcapljx wchxhnb wefqjqn wevflra xatigar xbstaqg yccscbb yclepka ydmaomn ydsfljt axxwknb awcbxck ageants amdittd addpfts ajcnhgj axpkpwq aaoaeok 
FALSE 
