
FALSE 
epbckrc 

FALSE 




aiyqdbu atacofa bfqsjuj bnmjyge cmvktiq cuptrax eapgmwo epbckrc idkllws lippcia lpkagsl mdauysp mimulmb opjhtbf prwlwws qbgveip qbxqtvv rfqrjim svgfayv vqvqlly xqgmmkc xtrlgoq 
99lhpdq 9wlhpdq 9xlhpdq 9ylhpdq 9zlhpdq w9lhpdq wwlhpdq wxlhpdq wylhpdq wzlhpdq x9lhpdq xwlhpdq xxlhpdq xylhpdq xzlhpdq y9lhpdq ywlhpdq yxlhpdq yylhpdq yzlhpdq z9lhpdq zwlhpdq zxlhpdq zylhpdq zzlhpdq z9lhpdq zwlhpdq zxlhpdq zylhpdq zzlhpdq 
06lhpdq 0mlhpdq 0nlhpdq 0olhpdq 06lhpdq 0mlhpdq 0nlhpdq 0olhpdq 
aiyqdbu atacofa bblhddg bfqsjuj cejapin cmvktiq eapgmwo epbckrc idkllws lippcia lpkagsl mdauysp mimulmb opjhtbf prwlwws qbgveip qbxqtvv rfqrjim rfxjwrx svgfayv vqvqlly wstrwch xqgmmkc xtrlgoq 
swlhpdq 
aiyqdbu atacofa bblhddg bfqsjuj cejapin cmvktiq dcbqnrb eapgmwo epbckrc idkllws lippcia lpkagsl mdauysp mimulmb omshaas opjhtbf prtdmfi prwlwws qbgveip qbxqtvv rfqrjim rfxjwrx rudcutt svgfayv vqvqlly wstrwch xqgmmkc xtrlgoq 
aiyqdbu atacofa bblhddg bfqsjuj cejapin cmvktiq dcbqnrb eapgmwo epbckrc idkllws lippcia lpkagsl mdauysp mimulmb omshaas opjhtbf prtdmfi prwlwws qbgveip qbxqtvv rfqrjim rfxjwrx rudcutt svgfayv vqvqlly wstrwch xqgmmkc xtrlgoq 
108.676190 
108.575893 
vdlhpdq 
FALSE 
FALSE 
FALSE 
abvqrnf aiyqdbu bayjilw bblhddg cejapin cmvktiq dcbqnrb djywuok eapgmwo epbckrc idkllws klyvwfd lippcia lpkagsl mdauysp mdxbara mimulmb nffatwu ngaaqnb omshaas opjhtbf prtdmfi prwlwws pupahlo qbgveip qbxqtvv rfqrjim rfxjwrx rudcutt svgfayv tdufued vgqlkao vocxbiq wicasmj wpokmpk xqgmmkc xtrlgoq yesgwxm ypvilyy akewmmo 
abvqrnf aiyqdbu bayjilw bblhddg cejapin cmvktiq dcbqnrb djuuyvn djywuok eapgmwo epbckrc idkllws klyvwfd lippcia lpkagsl mdauysp mdxbara mimulmb nffatwu ngaaqnb omshaas opjhtbf prtdmfi prwlwws pupahlo qbgveip qbxqtvv rfqrjim rfxjwrx rudcutt svgfayv tdufued vgqlkao vocxbiq wicasmj wpokmpk xqgmmkc xtrlgoq yesgwxm ypvilyy akewmmo 
37lhpdq 3pkagsl 3qlhpdq 3rlhpdq 3slhpdq epbckrc f7lhpdq fpkagsl fqlhpdq frlhpdq fslhpdq f7lhpdq fpkagsl fqlhpdq frlhpdq fslhpdq 
abvqrnf aiyqdbu bayjilw bblhddg cejapin cmvktiq dcbqnrb djuuyvn djywuok eapgmwo epbckrc idkllws igjcmdk klyvwfd lippcia lpkagsl mdauysp mdxbara mimulmb nffatwu ngaaqnb oatamuk omshaas prtdmfi prwlwws pupahlo qbgveip qbxqtvv rfqrjim rfxjwrx rudcutt svgfayv tdufued vgqlkao vocxbiq wicasmj wpokmpk xqgmmkc xtrlgoq ydayqra yesgwxm akewmmo 
abvqrnf aiyqdbu bayjilw bblhddg cejapin cmvktiq dcbqnrb djuuyvn djywuok eapgmwo epbckrc idkllws igjcmdk klyvwfd lippcia lpkagsl mdauysp mdhlnre mimulmb nffatwu ngaaqnb oatamuk omshaas prtdmfi prwlwws pupahlo qbgveip qbxqtvv rdkcceb rfqrjim rfxjwrx svgfayv tdufued vgqlkao vocxbiq wicasmj wpokmpk xqgmmkc xtrlgoq ydayqra yesgwxm akewmmo 
FALSE 
108.227273 
29lhpdq 2wlhpdq 2xlhpdq 2ylhpdq 2zlhpdq cxwsqra cxwsqra 
43lhpdq 4dlhpdq 4elhpdq 4figvej g3lhpdq gdlhpdq gelhpdq gfigvej h3lhpdq hdlhpdq helhpdq hfigvej idkllws idkllws 
vylhpdq 
zslhpdq 
aaprwaw abvqrnf bayjilw bblhddg cejapin cmvktiq dcbqnrb djuuyvn djywuok eapgmwo epbckrc idkllws igjcmdk klyvwfd laxpdnf lfigvej mdauysp mdhlnre mimulmb nffatwu ngaaqnb oajvyab oatamuk omshaas pcrpnhe prtdmfi prwlwws qbgveip qbxqtvv rdkcceb rfqrjim rfxjwrx sdswtpf svgfayv tdufued vetcnyj vgqlkao wicasmj wpokmpk xqgmmkc xsbcdtn ydayqra yesgwxm akewmmo avtvhhf 
FALSE 
108.184524 
FALSE 
rippcia 
aaprwaw abvqrnf bayjilw bblhddg cejapin cmvktiq dcbqnrb djuuyvn djywuok eapgmwo epbckrc ftvbicy gargrwd idkllws igjcmdk klyvwfd laxpdnf lfigvej mdauysp mdhlnre mimulmb nbwjkoo nffatwu oajvyab oatamuk omshaas pcrpnhe prtdmfi prwlwws qbgveip qbxqtvv rdkcceb rfqrjim rfxjwrx sdswtpf svgfayv tdufued uaxlclo ujnjqtd vetcnyj vgqlkao wicasmj wpokmpk xqgmmkc xsbcdtn ydayqra yesgwxm akewmmo avtvhhf akfrgkj 
aaprwaw abvqrnf bayjilw bblhddg cejapin cmvktiq dcbqnrb djuuyvn djywuok eapgmwo epbckrc ftvbicy gargrwd idkllws igjcmdk klyvwfd ksdackf laxpdnf lfigvej mdauysp mdhlnre mimulmb nbwjkoo nffatwu oajvyab oatamuk omshaas pcrpnhe prtdmfi prwlwws qbgveip qbxqtvv rdkcceb rfqrjim rfxjwrx sdswtpf svgfayv tdufued uaxlclo ujnjqtd vetcnyj vgqlkao wicasmj wpokmpk xqgmmkc xsbcdtn ydayqra yesgwxm akewmmo avtvhhf akfrgkj 
aaprwaw abvqrnf bayjilw bblhddg cejapin cmvktiq dcbqnrb djuuyvn djywuok eapgmwo epbckrc ftvbicy gargrwd idkllws igjcmdk klyvwfd ksdackf laxpdnf lfigvej mdauysp mdhlnre mimulmb nbwjkoo nffatwu oajvyab oatamuk omshaas pcrpnhe prtdmfi prwlwws qbgveip qbxqtvv rdkcceb rfqrjim rfxjwrx sdswtpf svgfayv tdufued uaxlclo ujnjqtd vetcnyj vgqlkao wicasmj wpokmpk xqgmmkc xsbcdtn ydayqra yesgwxm akewmmo avtvhhf akfrgkj 
hllhpdq 
nrlhpdq 
FALSE 
14lhpdq 1glhpdq 1hlhpdq 1ippcia 14lhpdq 1glhpdq 1hlhpdq 1ippcia 
TRUE 

32lhpdq 3axpdnf 3blhpdq 3clhpdq dcbqnrb eapgmwo 
aaprwaw abvqrnf bayjilw bblhddg cejapin cmvktiq dcbqnrb djuuyvn djywuok eapgmwo epbckrc ftvbicy gargrwd idkllws igjcmdk kbmwgxl klyvwfd laxpdnf leyamad mcxuhju mdauysp mdhlnre nbwjkoo ndqhynb oajvyab oatamuk obkpgqe pbxwier pcrpnhe qbgveip qbxqtvv qgmgjwr rdkcceb rfqrjim rfxjwrx sdswtpf sfehpdh tdufued ttubxug uaxlclo ujnjqtd vetcnyj vgqlkao wicasmj wpokmpk xqgmmkc xsbcdtn ydayqra yesgwxm akewmmo avtvhhf akfrgkj 
FALSE 
108.228022 
FALSE 
FALSE 

aaprwaw abvqrnf bayjilw bblhddg cejapin cmvktiq dcbqnrb djuuyvn djywuok eapgmwo epbckrc ftvbicy gargrwd hiinkry idkllws igjcmdk kbmwgxl klyvwfd laxpdnf leyamad mcxuhju mdauysp mdhlnre nbwjkoo ndqhynb oajvyab oatamuk obkpgqe pbxwier pcrpnhe qbgveip qbxqtvv qgmgjwr rdkcceb rfqrjim rfxjwrx sdswtpf sfehpdh tdufued ttubxug uaxlclo ujnjqtd vetcnyj vgqlkao wicasmj wpokmpk xqgmmkc xsbcdtn ydayqra yddiawf yesgwxm akewmmo avtvhhf akfrgkj 
aaprwaw abvqrnf bayjilw bblhddg cejapin cmvktiq dcbqnrb djuuyvn djywuok eapgmwo epbckrc ftvbicy gargrwd hiinkry idkllws igjcmdk kbmwgxl klyvwfd laxpdnf leyamad mcxuhju mdauysp mdhlnre nbwjkoo ndqhynb oajvyab oatamuk obkpgqe pbxwier pcrpnhe qbgveip qbxqtvv qgmgjwr rdkcceb rfqrjim rfxjwrx sdswtpf sfehpdh tdufued ttubxug uaxlclo ujnjqtd vetcnyj vgqlkao wicasmj wpokmpk xqgmmkc xsbcdtn ydayqra yddiawf yesgwxm akewmmo avtvhhf akfrgkj 
73lhpdq 7dlhpdq 7eyamad 7figvej p3lhpdq pdlhpdq peyamad pfigvej q3lhpdq qdlhpdq qeyamad qfigvej r3lhpdq rdlhpdq reyamad rfigvej s3lhpdq sdlhpdq seyamad sfigvej s3lhpdq sdlhpdq seyamad sfigvej 
10lhpdq 10lhpdq 
14lhpdq 1glhpdq 1hlhpdq 1ippcia 14lhpdq 1glhpdq 1hlhpdq 1ippcia 
FALSE 
FALSE 

aaprwaw abvqrnf bayjilw bblhddg cejapin cmvktiq dcbqnrb djuuyvn djywuok eapgmwo efnhaaa ftvbicy fvsxabh gargrwd hawiefb hduknmc idkllws igjcmdk jvjdtou kbmwgxl klyvwfd laxpdnf leyamad mcxuhju mdauysp mdhlnre nbwjkoo ndqhynb oajvyab oatamuk obkdlal obkpgqe pbxwier pcrpnhe qbgveip qbxqtvv qgmgjwr rdkcceb rfqrjim rfxjwrx sdswtpf sfehpdh tdufued ttubxug uaxlclo ueufpwk vetcnyj vgqlkao wemiefp wicasmj xqgmmkc xrfohhh ydayqra yddiawf yesgwxm akewmmo avtvhhf akfrgkj agxusby agjhjvu 
aaprwaw abvqrnf bayjilw bblhddg cejapin cmvktiq dcbqnrb djuuyvn djywuok eapgmwo efnhaaa ftvbicy fvsxabh gargrwd hawiefb hduknmc idkllws igjcmdk jvjdtou kbmwgxl klyvwfd laxpdnf leyamad mcxuhju mdauysp mdhlnre nbwjkoo ndqhynb oajvyab oatamuk obkdlal obkpgqe pbxwier pcrpnhe qbgveip qbxqtvv qgmgjwr rdkcceb rfqrjim rfxjwrx sdswtpf sfehpdh tdufued ttubxug uaxlclo ueufpwk vetcnyj vgqlkao wemiefp wicasmj xqgmmkc xrfohhh ydayqra yddiawf yesgwxm akewmmo avtvhhf akfrgkj agxusby agjhjvu 
bepmjtd 
aaprwaw abvqrnf bayjilw bblhddg cejapin clgtcbp dcbqnrb djuuyvn djywuok eapgmwo efnhaaa ftvbicy fvsxabh gargrwd hawiefb hduknmc idkllws igjcmdk jvjdtou kbmwgxl klyvwfd laxpdnf leyamad mcxuhju mdauysp mdhlnre nbwjkoo ndqhynb oajvyab oatamuk obkdlal obkpgqe pbxwier pcrpnhe qbgveip qbxqtvv qgmgjwr rdkcceb rfqrjim rfxjwrx sdswtpf sfehpdh tdufued ttubxug uaxlclo ueufpwk vetcnyj vgqlkao wemiefp wicasmj xqgmmkc xrfohhh ydayqra yddiawf yesgwxm akewmmo avtvhhf akfrgkj agxusby agjhjvu 
aaprwaw abvqrnf bayjilw bblhddg cejapin clgtcbp dcbqnrb djuuyvn djywuok eapgmwo efnhaaa ftvbicy fvsxabh gargrwd hawiefb hduknmc idkllws igjcmdk jvjdtou kbmwgxl klyvwfd laxpdnf leyamad mcxuhju mdauysp mdhlnre nbwjkoo ndqhynb oajvyab oatamuk obkdlal obkpgqe pbxwier pcrpnhe qbgveip qbxqtvv qgmgjwr rdkcceb rfqrjim rfxjwrx sdswtpf sfehpdh tdufued ttubxug uaxlclo ueufpwk vetcnyj vgqlkao wemiefp wicasmj xqgmmkc xrfohhh ydayqra yddiawf yesgwxm akewmmo avtvhhf akfrgkj agxusby agjhjvu 
aaprwaw abvqrnf bayjilw bblhddg cejapin clgtcbp dcbqnrb djuuyvn djywuok eapgmwo efnhaaa ftvbicy fvsxabh gargrwd hawiefb hduknmc idkllws igjcmdk jvjdtou kbmwgxl klyvwfd laxpdnf leyamad mcxuhju mdauysp mdhlnre nbwjkoo ndqhynb oajvyab oatamuk obkdlal obkpgqe pbxwier pcrpnhe qbgveip qbxqtvv qgmgjwr rdkcceb rfqrjim rfxjwrx sdswtpf sfehpdh tdufued ttubxug uaxlclo ueufpwk vetcnyj vgqlkao wemiefp wicasmj xqgmmkc xrfohhh ydayqra yddiawf yesgwxm akewmmo avtvhhf akfrgkj agxusby agjhjvu 

91lhpdq w1lhpdq x1lhpdq y1lhpdq z1lhpdq z1lhpdq 
FALSE 

88lhpdq 8tlhpdq 8ulhpdq 8vlhpdq t8lhpdq ttlhpdq tulhpdq tvlhpdq u8lhpdq utlhpdq uulhpdq uvlhpdq v8lhpdq vtlhpdq vulhpdq vvlhpdq v8lhpdq vtlhpdq vulhpdq vvlhpdq 
44lhpdq 4glhpdq 4hlhpdq 4ippcia h4uknmc hguknmc hhuknmc hiuknmc igjcmdk iikyodw igjcmdk iikyodw 

aaprwaw abvqrnf bayjilw bblhddg cejapin clgtcbp dcbqnrb djuuyvn djywuok eapgmwo efnhaaa frhbjsd ftvbicy gargrwd hawiefb hduknmc idkllws igjcmdk jvjdtou kbmwgxl klyvwfd laxpdnf leyamad mcxuhju mdauysp mdhlnre nbwjkoo ndqhynb oajvyab oatamuk obkdlal obkpgqe pbxwier pcrpnhe qbgveip qbxqtvv qgmgjwr rdkcceb rfqrjim rfxjwrx sdswtpf sfehpdh tdufued ttubxug uaxlclo ueufpwk vetcnyj vgqlkao wemiefp wicasmj xgxdalp xqgmmkc ydayqra yddiawf yesgwxm akewmmo avtvhhf akfrgkj agxusby agjhjvu agqpxsw 
FALSE 
aaprwaw abvqrnf bayjilw bblhddg cejapin clgtcbp dcbqnrb djuuyvn djywuok eapgmwo efnhaaa frhbjsd ftvbicy gargrwd hawiefb hduknmc iayiwue idkllws jvjdtou kbmwgxl klyvwfd laxpdnf leyamad mcxuhju mdauysp mdhlnre nbwjkoo ndqhynb oajvyab oatamuk obkdlal obkpgqe pbxwier pcrpnhe qbgveip qbxqtvv qgmgjwr rdkcceb rfqrjim rfxjwrx sdswtpf sfehpdh tdufued ttubxug uaxlclo ueufpwk vetcnyj vgqlkao wemiefp wicasmj xgxdalp xqgmmkc ydayqra yddiawf yesgwxm akewmmo avtvhhf akfrgkj agxusby agjhjvu agqpxsw 

qglhpdq 
rvlhpdq 
aaprwaw abvqrnf bayjilw bblhddg cejapin clgtcbp dcbqnrb djuuyvn djywuok eapgmwo efnhaaa fgrjcyj frhbjsd gargrwd goibqjy hawiefb hduknmc iayiwue idkllws jvjdtou kbmwgxl klyvwfd laxpdnf leyamad mcxuhju mdauysp mdhlnre nbftqkt nbwjkoo ndqhynb oajvyab oatamuk obkdlal obkpgqe pbxwier pcrpnhe qbgveip qbxqtvv qgmgjwr rdkcceb rfqrjim rfxjwrx sdswtpf sfehpdh tdufued ttubxug uaxlclo ueufpwk vetcnyj vgqlkao wemiefp wicasmj xgxdalp xqgmmkc ydayqra yddiawf yesgwxm akewmmo avtvhhf akfrgkj agxusby agjhjvu agqpxsw 
ofigvej 
FALSE 
zulhpdq 
aaprwaw abvqrnf bayjilw bblhddg cejapin clgtcbp dcbqnrb djuuyvn djywuok eapgmwo efnhaaa fgrjcyj frhbjsd gargrwd goibqjy hawiefb hduknmc iayiwue idkllws jvjdtou kbmwgxl klyvwfd laxpdnf leyamad mcxuhju mdauysp mdhlnre nbftqkt nbwjkoo ndqhynb oajvyab oatamuk obkdlal obkpgqe pbxwier pcrpnhe qbgveip qbxqtvv qgmgjwr rdkcceb rfqrjim rfxjwrx sdswtpf sfehpdh tdufued ttubxug uaxlclo ueufpwk vetcnyj vgqlkao wemiefp wicasmj xgxdalp xqgmmkc ydayqra yddiawf yesgwxm akewmmo avtvhhf akfrgkj agxusby agjhjvu agqpxsw 
FALSE 
aaprwaw abvqrnf bayjilw bblhddg cejapin clgtcbp dcbqnrb djuuyvn djywuok eapgmwo efnhaaa fgrjcyj frhbjsd gargrwd gkiidba hawiefb hduknmc iayiwue idkllws jvjdtou kbmwgxl klyvwfd laxpdnf leyamad mcxuhju mdauysp mdhlnre nbftqkt nbwjkoo ndqhynb oajvyab oatamuk obkdlal obkpgqe pbxwier pcrpnhe qbgveip qbxqtvv qgmgjwr rdkcceb rfqrjim rfxjwrx sdswtpf sfehpdh tdufued ttubxug uaxlclo ueufpwk vetcnyj vgqlkao wemiefp wicasmj xgxdalp xqgmmkc ydayqra yddiawf yesgwxm akewmmo avtvhhf akfrgkj agxusby agjhjvu agqpxsw 
aaprwaw abvqrnf bayjilw bblhddg cejapin clgtcbp dcbqnrb dctfpuy djuuyvn djywuok eapgmwo efnhaaa faakfbq fgrjcyj gargrwd gkiidba hawiefb hduknmc iayiwue idkllws jojbiud jvjdtou kbmwgxl klyvwfd laxpdnf leyamad mcxuhju mdauysp mdhlnre nbftqkt nbwjkoo ndqhynb oajvyab oatamuk obkdlal obkpgqe pbxwier pcrpnhe qbgveip qbxqtvv qgmgjwr rdkcceb rfqrjim rfxjwrx sdswtpf sfehpdh tdufued tmqahdp uaxlclo ueufpwk vetcnyj vgqlkao wemiefp wfklnfh xgxdalp xqgmmkc ydayqra yddiawf yesgwxm akewmmo avtvhhf akfrgkj agxusby agjhjvu agqpxsw 
60lhpdq m0lhpdq n0lhpdq o0lhpdq o0lhpdq 

oxlhpdq 
uippcia 
83lhpdq 8dlhpdq 8evaddb 8eyamad 8figvej t3lhpdq tdlhpdq tevaddb teyamad tfigvej u3lhpdq udlhpdq uevaddb ueyamad ufigvej v3lhpdq vdlhpdq vevaddb veyamad vfigvej v3lhpdq vdlhpdq vevaddb veyamad vfigvej 
aaprwaw abvqrnf bayjilw bblhddg cejapin clgtcbp dcbqnrb dctfpuy djfkaat djuuyvn eapgmwo efnhaaa faakfbq fgrjcyj gargrwd gkiidba hacvmeq hawiefb hduknmc iayiwue idkllws jctuyiv jnmftjx kbmwgxl khrfcka laxpdnf levaddb leyamad mcxuhju mdauysp mdhlnre nbftqkt nbwjkoo ndqhynb oajvyab oatamuk obkdlal obkpgqe pberusq pbxwier pcrpnhe qbgveip qbxqtvv qgmgjwr rdkcceb rfqrjim rfxjwrx sdswtpf sfehpdh tdufued tgmurrp uaxlclo ucgqacp vetcnyj vgqlkao wblksmc wemiefp xgxdalp xpcwuou ydayqra yddiawf yesgwxm akewmmo avtvhhf akfrgkj agxusby agjhjvu agqpxsw 
aaprwaw abvqrnf bayjilw bblhddg cejapin clgtcbp dcbqnrb dctfpuy djfkaat djuuyvn eapgmwo efnhaaa faakfbq fgrjcyj gargrwd gkiidba hacvmeq hawiefb hduknmc iayiwue idkllws jctuyiv jnmftjx kbmwgxl khrfcka laxpdnf levaddb leyamad mcxuhju mdauysp mdhlnre nbftqkt nbwjkoo ndqhynb oajvyab oatamuk obkdlal obkpgqe pberusq pbxwier pcrpnhe qbgveip qbxqtvv qgmgjwr rdkcceb rfqrjim rfxjwrx sdswtpf sfehpdh tdufued tgmurrp uaxlclo ucgqacp vetcnyj vgqlkao wblksmc wemiefp xgxdalp xpcwuou ydayqra yddiawf yesgwxm akewmmo avtvhhf akfrgkj agxusby agjhjvu agqpxsw 
naxpdnf 
21lhpdq 
aaprwaw abvqrnf bayjilw bblhddg cejapin clgtcbp dcbqnrb dctfpuy djfkaat djuuyvn eapgmwo efnhaaa faakfbq fgrjcyj gargrwd gkiidba hacvmeq hawiefb hduknmc iayiwue idkllws jctuyiv jnmftjx kbmwgxl khrfcka laxpdnf levaddb leyamad mcxuhju mdauysp mdhlnre nbftqkt nbwjkoo ndqhynb oajvyab oatamuk obkdlal obkpgqe pberusq pbxwier pcrpnhe qbgveip qbxqtvv qgmgjwr rdkcceb rfqrjim rfxjwrx sdswtpf sfehpdh tdufued tgmurrp uaxlclo ucgqacp vetcnyj vgqlkao wblksmc wemiefp xgxdalp xpcwuou ydayqra yddiawf yesgwxm akewmmo avtvhhf akfrgkj agxusby agjhjvu agqpxsw 
aaprwaw abvqrnf bayjilw bblhddg cejapin clgtcbp dcbqnrb dctfpuy djfkaat djuuyvn eapgmwo efnhaaa faakfbq fgrjcyj gargrwd gkiidba hacvmeq hawiefb hduknmc iayiwue idkllws jctuyiv jnmftjx kbmwgxl khrfcka laxpdnf levaddb leyamad mcxuhju mdauysp mdhlnre nbftqkt nbwjkoo ndqhynb oajvyab oatamuk obkdlal obkpgqe pberusq pbxwier pcrpnhe qbgveip qbxqtvv qgmgjwr rdkcceb rfqrjim rfxjwrx sdswtpf sfehpdh tdufued tgmurrp uaxlclo ucgqacp vetcnyj vgqlkao wblksmc wemiefp xgxdalp xpcwuou ydayqra yddiawf yesgwxm akewmmo avtvhhf akfrgkj agxusby agjhjvu agqpxsw 
ipkllws 
aaprwaw abvqrnf bayjilw bblhddg cejapin chchucg dcbqnrb dctfpuy dhcwocb eapgmwo efnhaaa faakfbq fgrjcyj gargrwd gkiidba hacvmeq hawiefb hduknmc iayiwue idkllws jctuyiv jnmftjx kbmwgxl khrfcka laxpdnf levaddb leyamad mcxuhju mdauysp mdhlnre nbftqkt nbwjkoo ndqhynb oajvyab oatamuk obkdlal obkpgqe pberusq pbxwier pcrpnhe qbgveip qbxqtvv qgmgjwr rdkcceb rfqrjim rfxjwrx sdswtpf sfehpdh tdufued tgmurrp uaxlclo ucgqacp vetcnyj vgqlkao wblksmc weefwri wemiefp xgxdalp xoyathb ydayqra yddiawf yesgwxm akewmmo avtvhhf akfrgkj agxusby agjhjvu agqpxsw arogapn aspsyvm aobocaq 
pfigvej 
47lhpdq 4pkagsl 4qiwkoy 4rlhpdq 4slhpdq h7uknmc hpuknmc hquknmc hruknmc hsuknmc i7kllws ipkllws iqkllws irkllws iskllws i7kllws ipkllws iqkllws irkllws iskllws 
61lhpdq m1lhpdq n1lhpdq o1lhpdq o1lhpdq 
91lhpdq w1lhpdq x1lhpdq y1lhpdq z1lhpdq z1lhpdq 
66lhpdq 6mlhpdq 6ncyfie 6nnhoae 6olhpdq m6lhpdq mmlhpdq mncyfie mnnhoae molhpdq n6lhpdq nmlhpdq nncyfie nnnhoae nolhpdq o6lhpdq omlhpdq oncyfie onnhoae oolhpdq o6lhpdq omlhpdq oncyfie onnhoae oolhpdq 
107.492063 
aaprwaw abvqrnf bayjilw bblhddg cejapin chchucg dcbqnrb dctfpuy dhcwocb eapgmwo efnhaaa faakfbq fgrjcyj gargrwd gkiidba hacvmeq hawiefb hduknmc iayiwue idkllws jctuyiv jnmftjx kbmwgxl khrfcka laxpdnf levaddb leyamad mcxuhju mdauysp mdhlnre nbftqkt nbwjkoo ndqhynb oajvyab oatamuk obkdlal obkpgqe paydlfr pberusq pbxwier qbgveip qbxqtvv qgmgjwr rdkcceb rfqrjim rfxjwrx sdswtpf sfehpdh tdufued tgmurrp uaxlclo ucgqacp vetcnyj vgqlkao wblksmc weefwri wemiefp xgxdalp xoyathb ydayqra yddiawf yesgwxm akewmmo avtvhhf akfrgkj agxusby agjhjvu agqpxsw arogapn aspsyvm aobocaq aheyfar 
84lhpdq 8glhpdq 8hlhpdq 8ippcia t4lhpdq tglhpdq thlhpdq tippcia u4lhpdq uglhpdq uhlhpdq uippcia v4lhpdq vglhpdq vhlhpdq vippcia v4lhpdq vglhpdq vhlhpdq vippcia 
ozlhpdq 
ylehmsr 
aaprwaw abvqrnf bayjilw bblhddg cejapin cfacamr dcbqnrb dctfpuy dhcwocb eapgmwo efnhaaa faakfbq fgrjcyj gargrwd gkiidba hacvmeq hawiefb hduknmc iayiwue idkllws jctuyiv jnmftjx kbmwgxl khrfcka laxpdnf levaddb leyamad mcxuhju mdauysp mdhlnre nbftqkt nbwjkoo ndqhynb oajvyab oatamuk obkdlal obkpgqe paydlfr pberusq pbxwier qbgveip qbxqtvv qgmgjwr rdkcceb rfqrjim rfxjwrx sdswtpf sfehpdh tdufued tgmurrp uaxlclo ucgqacp vetcnyj vfjlrer wblksmc weefwri wemiefp xgxdalp xoyathb ydayqra yddiawf yesgwxm akewmmo avtvhhf akfrgkj agxusby agjhjvu agqpxsw arogapn aspsyvm aobocaq aheyfar 
107.488095 
107.616438 
13lhpdq 1dlhpdq 1evaddb 1eyamad 1figvej 13lhpdq 1dlhpdq 1evaddb 1eyamad 1figvej 
FALSE 
50lhpdq k0hegmf k0wlwqj l0lhpdq l0lhpdq 
epbckrc 

17lhpdq 1pkagsl 1qiwkoy 1rlhpdq 1slhpdq 17lhpdq 1pkagsl 1qiwkoy 1rlhpdq 1slhpdq 
97lhpdq 9pkagsl 9qiwkoy 9rlhpdq 9slhpdq w7lhpdq wpkagsl wqiwkoy wrlhpdq wslhpdq x7lhpdq xpkagsl xqiwkoy xrlhpdq xslhpdq y7lhpdq ypkagsl yqiwkoy yrlhpdq yslhpdq z7lhpdq zpkagsl zqiwkoy zrlhpdq zslhpdq z7lhpdq zpkagsl zqiwkoy zrlhpdq zslhpdq 
FALSE 
aaprwaw abvqrnf bayjilw bblhddg cejapin cfacamr dcbqnrb dctfpuy dhcwocb eapgmwo efnhaaa faakfbq fdunodx gargrwd gdbvpdm hacvmeq hawiefb hduknmc iayiwue idkllws jctuyiv jnmftjx kbmwgxl khrfcka laxpdnf leioalc levaddb mcxuhju mdauysp mdhlnre nbftqkt nbwjkoo ndqhynb oajvyab oatamuk obkdlal obkpgqe paydlfr pberusq pbxwier qbgveip qbxqtvv qgmgjwr rdkcceb repgjsq sdrlouw sdswtpf sfehpdh tdufued tgmurrp uaxlclo ucgqacp vetcnyj vfjlrer wblksmc weefwri wemiefp xgxdalp xoyathb ydayqra yddiawf yesgwxm akewmmo avtvhhf akfrgkj agxusby agjhjvu agqpxsw arogapn aspsyvm aobocaq aheyfar ajxwjqj 
txlhpdq 
107.422619 
aaprwaw abvqrnf bayjilw bblhddg cejapin cfacamr dcbqnrb dctfpuy dhcwocb eapgmwo efnhaaa faakfbq fdunodx gargrwd gdbvpdm hacvmeq hawiefb hduknmc iayiwue idkllws jctuyiv jnmftjx kbmwgxl khrfcka laxpdnf leioalc levaddb mcxuhju mdauysp mdhlnre nbftqkt nbwjkoo ndqhynb oajvyab oatamuk obkdlal obkpgqe paydlfr pberusq pbxwier qbgveip qbxqtvv qdgwcwg rckjeqx rdkcceb sdrlouw sdswtpf sfehpdh tcydwhq tdufued uaxlclo ucgqacp vetcnyj vfjlrer wblksmc wdycobh xgxdalp xoyathb ybokcen ydayqra yddiawf akewmmo avtvhhf akfrgkj agxusby agjhjvu agqpxsw arogapn aspsyvm aobocaq aheyfar ajxwjqj 
107.408730 
107.432485 


20ccafu 20lhpdq a0hbrtw 
34ccafu 34lhpdq 3gccafu 3glhpdq 3hccafu 3hlhpdq 3ippcia dhcwocb fgrjcyj fgrjcyj 
107.451128 
35ccafu 35lhpdq 3jccafu 3jlhpdq 3kccafu 3klhpdq 3lehmsr djfkaat djuuyvn dkuqsdw dljlxxk 
44ccafu 44lhpdq 4gccafu 4glhpdq 4hccafu 4hlhpdq 4ippcia h4uknmc hguknmc hhuknmc hiuknmc i4kllws igkllws ihkllws iikllws i4kllws igkllws ihkllws iikllws 
61ccafu 61lhpdq m1ccafu m1lhpdq n1ccafu n1lhpdq o1ccafu o1lhpdq o1ccafu o1lhpdq 
aaprwaw abjwubj abvqrnf bayjilw bblhddg cejapin cfacamr dcbqnrb dctfpuy dhcwocb eapgmwo efnhaaa efsfqeh faakfbq fdunodx gaqmqqt gargrwd gbhwahk hacvmeq hawiefb hduknmc iayiwue idkllws jctuyiv jnmftjx kbmwgxl khrfcka laxpdnf leioalc levaddb mcxuhju mdauysp mdhlnre nbftqkt nbwjkoo ndqhynb oajvyab oatamuk obkdlal obkpgqe paydlfr pberusq pbxwier qbgveip qbxqtvv qdgwcwg rckjeqx rdkcceb sdrlouw sdswtpf sefxiys tcydwhq tdufued uaxlclo ucgqacp vetcnyj vfjlrer wblksmc wdycobh xgxdalp xoyathb ybokcen ydayqra yddiawf akewmmo avtvhhf akfrgkj agxusby agjhjvu agqpxsw arogapn aspsyvm aobocaq aheyfar ajxwjqj adkujom adppqji 
aaprwaw abjwubj abvqrnf baoehdp bayjilw bblhddg cejapin cfacamr dcbqnrb dctfpuy dhcwocb eapgmwo efnhaaa efsfqeh faakfbq fdunodx gaqmqqt gargrwd gbhwahk hacvmeq hawiefb hduknmc iayiwue idkllws jctuyiv jnmftjx kbmwgxl khrfcka laxpdnf leioalc levaddb mcxuhju mdauysp mdhlnre nbftqkt nbwjkoo ndqhynb oajvyab oatamuk obkdlal obkpgqe paydlfr pberusq pbxwier qbgveip qbxqtvv qdgwcwg rckjeqx rdkcceb sdrlouw sdswtpf sefxiys tcydwhq tdufued uaxlclo ucgqacp vetcnyj vfjlrer wblksmc wdycobh xgxdalp xoyathb ybokcen ydayqra yddiawf akewmmo avtvhhf akfrgkj agxusby agjhjvu agqpxsw arogapn aspsyvm aobocaq aheyfar ajxwjqj adkujom adppqji 
97ccafu 97lhpdq 9pkagsl 9qiwkoy 9rccafu 9rlhpdq 9sccafu 9slhpdq w7ccafu w7lhpdq wpkagsl wqiwkoy wrccafu wrlhpdq wsccafu wslhpdq x7ccafu x7lhpdq xpkagsl xqiwkoy xrccafu xrlhpdq xsccafu xslhpdq y7ccafu y7lhpdq ypkagsl yqiwkoy yrccafu yrlhpdq ysccafu yslhpdq z7ccafu z7lhpdq zpkagsl zqiwkoy zrccafu zrlhpdq zsccafu zslhpdq z7ccafu z7lhpdq zpkagsl zqiwkoy zrccafu zrlhpdq zsccafu zslhpdq 
aaprwaw abjwubj abvqrnf baoehdp bayjilw bblhddg cejapin cfacamr dcbqnrb dctfpuy dhcwocb eapgmwo efnhaaa efsfqeh faakfbq fdunodx gaqmqqt gargrwd gbhwahk hacvmeq hawiefb hduknmc iayiwue idkllws jctuyiv jlopday kbmwgxl khrfcka laxpdnf leioalc levaddb mcxuhju mdauysp mdhlnre nbftqkt nbwjkoo ndqhynb oajvyab oatamuk obkdlal obkpgqe paydlfr pberusq pbxwier qbgveip qbxqtvv qdgwcwg rckjeqx rdkcceb sdrlouw sdswtpf sefxiys tcydwhq tdufued uaxlclo ucgqacp vetcnyj vfjlrer wblksmc wdycobh xgxdalp xoyathb ybokcen ycvalul akewmmo avtvhhf akfrgkj agxusby agjhjvu agqpxsw arogapn aspsyvm aobocaq aheyfar ajxwjqj adkujom adppqji 
aaprwaw abjwubj abvqrnf baoehdp bayjilw bblhddg cejapin cfacamr dcbqnrb dctfpuy dhcwocb eapgmwo efnhaaa efsfqeh faakfbq fdunodx gaqmqqt gargrwd gbhwahk hacvmeq hawiefb hduknmc iayiwue idkllws jctuyiv jlopday kbmwgxl kdnycrp laxpdnf leioalc levaddb mcxuhju mdauysp mdhlnre nbftqkt nbwjkoo ndqhynb oajvyab oatamuk obkdlal obkpgqe paydlfr pberusq pbxwier qbgveip qbxqtvv qdbudnc qdgwcwg rbgjxqd rckjeqx sdrlouw sdswtpf sefxiys tcydwhq tdufued uaxlclo ucgqacp vetcnyj vfjlrer wblksmc wdycobh xgxdalp xoyathb ybokcen ycvalul akewmmo avtvhhf akfrgkj agxusby agjhjvu agqpxsw arogapn aspsyvm aobocaq aheyfar ajxwjqj adkujom adppqji 
aaprwaw abjwubj abvqrnf baoehdp bayjilw bblhddg cejapin cfacamr dcbqnrb dctfpuy dhcwocb eapgmwo efnhaaa efsfqeh faakfbq fdunodx gaqmqqt gargrwd gbhwahk hacvmeq hawiefb hduknmc iayiwue idkllws jctuyiv jlopday kbmwgxl kdnycrp laxpdnf leioalc levaddb mcxuhju mdauysp mdhlnre nbftqkt nbwjkoo ndqhynb oajvyab oatamuk obkdlal obkpgqe paydlfr pberusq pbxwier qbgveip qbxqtvv qdbudnc qdgwcwg rbgjxqd rckjeqx sdrlouw sdswtpf sefxiys tcydwhq tdufued uaxlclo ucgqacp vetcnyj vfjlrer wblksmc wdycobh xgxdalp xoyathb ybokcen ycvalul akewmmo avtvhhf akfrgkj agxusby agjhjvu agqpxsw arogapn aspsyvm aobocaq aheyfar ajxwjqj adkujom adppqji 
aaprwaw abjwubj abvqrnf baoehdp bayjilw bblhddg cecljut cejapin cfacamr dcbqnrb dctfpuy dhcwocb eapgmwo efnhaaa efsfqeh faakfbq fbilrci gaqmqqt gargrwd gbhwahk hacvmeq hawiefb hbsymrf iayiwue idkllws jctuyiv jlopday kbmwgxl kdnycrp laxpdnf leioalc levaddb mcxuhju mdauysp mdhlnre nbftqkt nbwjkoo ndqhynb oajvyab oatamuk obkdlal obkpgqe paydlfr pberusq pbxwier qbgveip qbxqtvv qdbudnc qdgwcwg rbgjxqd rckjeqx sdrlouw sdswtpf sefxiys tcydwhq tdufued uaxlclo ucgqacp vetcnyj vfjlrer wblksmc wdycobh xgxdalp xoyathb ybokcen ycvalul akewmmo avtvhhf akfrgkj agxusby agjhjvu agqpxsw arogapn aspsyvm aobocaq aheyfar ajxwjqj adkujom adppqji 
loccafu lolhpdq 
soccafu solhpdq 
aaprwaw abjwubj abvqrnf baoehdp bayjilw bblhddg cecljut cejapin cfacamr dcbqnrb dctfpuy dhcwocb eapgmwo efnhaaa efsfqeh faakfbq fbilrci gaqmqqt gargrwd gbhwahk hacvmeq hawiefb hbsymrf iayiwue idkllws jctuyiv jlopday kbmwgxl kdnycrp laxpdnf leioalc levaddb mcxuhju mdauysp mdhlnre nbftqkt nbwjkoo ndqhynb oajvyab oatamuk obkdlal obkpgqe paydlfr pberusq pbxwier qbgveip qbxqtvv qdbudnc qdgwcwg rbgjxqd rckjeqx sdrlouw sdswtpf sefxiys tcydwhq tdufued uaxlclo ucgqacp vetcnyj vfjlrer wblksmc wdycobh xgxdalp xoyathb ybokcen ycvalul akewmmo avtvhhf akfrgkj agxusby agjhjvu agqpxsw arogapn aspsyvm aobocaq aheyfar ajxwjqj adkujom adppqji aeekkco 
58ccafu 58lhpdq 5tccafu 5tlhpdq 5uccafu 5ulhpdq 5vccafu 5vlhpdq jtklknx jvjdtou jvyapyt k8hegmf k8wlwqj kthegmf ktwlwqj kuhegmf kuwlwqj kvhegmf kvwlwqj l8ccafu l8lhpdq ltccafu ltlhpdq luccafu lulhpdq lvccafu lvlhpdq l8ccafu l8lhpdq ltccafu ltlhpdq luccafu lulhpdq lvccafu lvlhpdq 
odccafu odlhpdq 
FALSE 
aaprwaw abjwubj abvqrnf baoehdp bayjilw bblhddg cecljut cejapin cfacamr dcbqnrb dctfpuy dhcwocb eapgmwo efnhaaa efsfqeh faakfbq fbilrci gaqmqqt gargrwd gbhwahk hacvmeq hawiefb hbsymrf iayiwue idkllws jctuyiv jlopday kbmwgxl kdnycrp laxpdnf leioalc levaddb mcxuhju mdauysp mdhlnre nbftqkt nbwjkoo ndqhynb oajvyab oatamuk obkdlal obkpgqe paydlfr pberusq pbxwier qbgveip qbxqtvv qdbudnc qdgwcwg rbgjxqd rckjeqx sdrlouw sdswtpf sefxiys tcydwhq tdufued uaxlclo ucgqacp vetcnyj vfjlrer wblksmc wdycobh xgxdalp xoyathb ybokcen ycvalul akewmmo avtvhhf akfrgkj agxusby agjhjvu agqpxsw arogapn aspsyvm aobocaq aheyfar ajxwjqj adkujom adppqji aeekkco 
57ccafu 57lhpdq 5pkagsl 5qiwkoy 5rccafu 5rlhpdq 5sccafu 5slhpdq jredmbb k7hegmf k7wlwqj kphegmf kpwlwqj kqhegmf kqwlwqj krhegmf krwlwqj kshegmf kswlwqj l7ccafu l7lhpdq lpkagsl lqiwkoy lrccafu lrlhpdq lsccafu lslhpdq l7ccafu l7lhpdq lpkagsl lqiwkoy lrccafu lrlhpdq lsccafu lslhpdq 
aaprwaw abjwubj abvqrnf baoehdp bayjilw bblhddg cecljut cejapin cfacamr dcbqnrb dctfpuy dhcwocb eakwnse eapgmwo efnhaaa efsfqeh faakfbq fbilrci gaqmqqt gargrwd gbhwahk hacvmeq hawiefb hbsymrf iayiwue idkllws jctuyiv jlopday kbmwgxl kdnycrp lahfuxl laxpdnf leioalc levaddb mcxuhju mdauysp mdhlnre nbftqkt nbwjkoo ndqhynb oajvyab oatamuk obkdlal obkpgqe paydlfr pberusq pbxwier qbgveip qbxqtvv qdbudnc qdgwcwg rbgjxqd rckjeqx sdrlouw sdswtpf sefxiys tcydwhq tdufued uaxlclo ucgqacp vdexwtf vetcnyj wblksmc wdycobh xgxdalp xiffpib ybokcen ycvalul akewmmo avtvhhf akfrgkj agxusby agjhjvu agqpxsw arogapn aspsyvm aobocaq aheyfar ajxwjqj adkujom adppqji aeekkco 
lxccafu lxlhpdq 
wzccafu wzlhpdq 
FALSE 
46ccafu 46lhpdq 4malnwr 4ncyfie 4nnhoae 4occafu 4olhpdq gmqafih gmrjbwt goibqjy h6uknmc hmuknmc hnuknmc houknmc i6kllws imkllws inkllws iokllws i6kllws imkllws inkllws iokllws 
84ccafu 84lhpdq 8gccafu 8glhpdq 8hccafu 8hlhpdq 8ippcia t4ccafu t4lhpdq tgccafu tglhpdq thccafu thlhpdq tippcia u4ccafu u4lhpdq ugccafu uglhpdq uhccafu uhlhpdq uippcia v4ccafu v4lhpdq vgccafu vglhpdq vhccafu vhlhpdq vippcia v4ccafu v4lhpdq vgccafu vglhpdq vhccafu vhlhpdq vippcia 
90ccafu 90lhpdq w0ccafu w0lhpdq x0ccafu x0lhpdq y0ccafu y0lhpdq z0ccafu z0lhpdq z0ccafu z0lhpdq 
vzccafu vzlhpdq 
76ccafu 76lhpdq 7malnwr 7ncyfie 7nnhoae 7occafu 7olhpdq p6ccafu p6lhpdq pmalnwr pncyfie pnnhoae poccafu polhpdq q6ccafu q6lhpdq qmalnwr qncyfie qnnhoae qoccafu qolhpdq r6ccafu r6lhpdq rmalnwr rncyfie rnnhoae roccafu rolhpdq s6ccafu s6lhpdq smalnwr sncyfie snnhoae soccafu solhpdq s6ccafu s6lhpdq smalnwr sncyfie snnhoae soccafu solhpdq 
aaprwaw abjwubj abvqrnf baoehdp bayjilw bblhddg cecljut cejapin cfacamr dcbqnrb dctfpuy dhcwocb eakwnse eapgmwo efnhaaa efsfqeh faakfbq fbilrci gaqmqqt gargrwd gbhwahk hacvmeq hawiefb hbsymrf iayiwue idkllws jctuyiv jlopday kbmwgxl kdnycrp lahfuxl laxpdnf leioalc levaddb mcxuhju mdauysp mdhlnre nbftqkt nbwjkoo ndqhynb oajvyab oatamuk obkdlal obkpgqe paydlfr pberusq pbxwier qbgveip qbxqtvv qdbudnc qdgwcwg rbgjxqd rckjeqx sdrlouw sdswtpf sefxiys tarfgvh tcydwhq uaxlclo ucgqacp vdexwtf vetcnyj wblksmc wdycobh xgxdalp xiffpib ybokcen ycvalul akewmmo avtvhhf akfrgkj agxusby agjhjvu agqpxsw arogapn aspsyvm aobocaq aheyfar ajxwjqj adkujom adppqji aeekkco 
aaprwaw abjwubj abvqrnf baoehdp bayjilw bblhddg cecljut cejapin cfacamr dcbqnrb dctfpuy dhcwocb eakwnse eapgmwo efnhaaa efsfqeh faakfbq fbilrci gaqmqqt gargrwd gbhwahk hacvmeq hawiefb hbsymrf iayiwue idkllws jctuyiv jlopday kbmwgxl kdnycrp lahfuxl laxpdnf leioalc levaddb mcxuhju mdauysp mdhlnre nbftqkt nbwjkoo ndqhynb oajvyab oatamuk obkdlal obkpgqe paydlfr pberusq pbxwier qbgveip qbxqtvv qdbudnc qdgwcwg rbgjxqd rckjeqx sdrlouw sdswtpf sefxiys tarfgvh tcydwhq uaxlclo ucgqacp vdexwtf vetcnyj wblksmc wdycobh xgxdalp xiffpib ybokcen ycvalul akewmmo avtvhhf akfrgkj agxusby agjhjvu agqpxsw arogapn aspsyvm aobocaq aheyfar ajxwjqj adkujom adppqji aeekkco 
53ccafu 53lhpdq 5dccafu 5dlhpdq 5eioalc 5evaddb 5figvej k3hegmf k3wlwqj kdnycrp kehegmf kewlwqj kfhegmf kfwlwqj l3ccafu l3lhpdq ldccafu ldlhpdq leioalc levaddb lfigvej l3ccafu l3lhpdq ldccafu ldlhpdq leioalc levaddb lfigvej 
FALSE 
aaprwaw abjwubj abvqrnf baoehdp bayjilw bblhddg cecljut cejapin cfacamr dcbqnrb dctfpuy dhcwocb eakwnse eapgmwo efnhaaa efsfqeh faakfbq fbilrci gaqmqqt gargrwd gbhwahk hacvmeq hawiefb hbsymrf iayiwue idkllws jctuyiv jlopday kbmwgxl kdnycrp lahfuxl laxpdnf leioalc levaddb mcxuhju mdauysp mdhlnre nbftqkt nbwjkoo ndqhynb oajvyab oatamuk obkdlal obkpgqe obwxbii paydlfr pberusq pbxwier qbgveip qbxqtvv qdbudnc qdgwcwg rbgjxqd rckjeqx sdrlouw sdswtpf sefxiys tarfgvh tcydwhq uaxlclo ucgqacp vdexwtf vetcnyj wblksmc wdycobh xgxdalp xiffpib ybokcen ycvalul akewmmo avtvhhf akfrgkj agxusby agjhjvu agqpxsw arogapn aspsyvm aobocaq aheyfar ajxwjqj adkujom adppqji aeekkco ajkxdat abbcark 
107.295798 
aaprwaw abjwubj abvqrnf baoehdp bayjilw bblhddg cecljut cejapin cfacamr dcbqnrb dctfpuy dhcwocb eakwnse eapgmwo efnhaaa efsfqeh faakfbq fbilrci gaqmqqt gargrwd gbhwahk hacvmeq hawiefb hbsymrf iayiwue idkllws jctuyiv jlopday kbmwgxl kdnycrp lahfuxl laxpdnf leioalc levaddb mcxuhju mdauysp mdhlnre nbftqkt nbwjkoo ncasbfm oajvyab oatamuk obkdlal obkpgqe obwxbii paydlfr pberusq pbxwier qbgveip qbxqtvv qdbudnc qdgwcwg rbgjxqd rckjeqx sdrlouw sdswtpf sefxiys tarfgvh tcydwhq uaxlclo ucgqacp vdexwtf vetcnyj wblksmc wdycobh xffyagb xgxdalp ybokcen ycvalul akewmmo avtvhhf akfrgkj agxusby agjhjvu agqpxsw arogapn aspsyvm aobocaq aheyfar ajxwjqj adkujom adppqji aeekkco ajkxdat abbcark 
FALSE 
12ccafu 12lhpdq 1ahfuxl 1axpdnf 1bccafu 1blhpdq 1cccafu 1clhpdq 12ccafu 12lhpdq 1ahfuxl 1axpdnf 1bccafu 1blhpdq 1cccafu 1clhpdq 
aaprwaw abjwubj abvqrnf baoehdp bayjilw bblhddg cecljut cejapin cfacamr dcbqnrb dctfpuy dhcwocb eakwnse eapgmwo efnhaaa efsfqeh faakfbq fbilrci gamrqgj gaqmqqt gbhwahk hacvmeq hawiefb hbsymrf iayiwue idkllws jctuyiv jlopday kbmwgxl kdnycrp lahfuxl laxpdnf leioalc levaddb mcxuhju mdauysp mdhlnre nbftqkt nbwjkoo ncasbfm oajvyab oatamuk obkdlal obkpgqe obwxbii paydlfr pberusq pbxwier qbgveip qbxqtvv qdbudnc qdgwcwg rbgjxqd rckjeqx sdrlouw sdswtpf sefxiys tarfgvh tcydwhq uaxlclo ucgqacp vdexwtf vetcnyj wblksmc wdycobh xffyagb xgxdalp ybokcen ycvalul akewmmo avtvhhf akfrgkj agxusby agjhjvu agqpxsw arogapn aspsyvm aobocaq aheyfar ajxwjqj adkujom adppqji aeekkco ajkxdat abbcark axphyup avgdoiv asmmjsp 
zoccafu zolhpdq 

52ccafu 52lhpdq 5ahfuxl 5axpdnf 5bccafu 5blhpdq 5cccafu 5clhpdq jctuyiv k2hegmf k2wlwqj kahegmf kawlwqj kbmwgxl kchegmf kcwlwqj l2ccafu l2lhpdq lahfuxl laxpdnf lbccafu lblhpdq lcccafu lclhpdq l2ccafu l2lhpdq lahfuxl laxpdnf lbccafu lblhpdq lcccafu lclhpdq 
pxccafu pxlhpdq 
85ccafu 85lhpdq 8jccafu 8jlhpdq 8kccafu 8klhpdq 8lehmsr t5ccafu t5lhpdq tjccafu tjlhpdq tkccafu tklhpdq tlehmsr u5ccafu u5lhpdq ujccafu ujlhpdq ukccafu uklhpdq ulehmsr v5ccafu v5lhpdq vjccafu vjlhpdq vkccafu vklhpdq vlehmsr v5ccafu v5lhpdq vjccafu vjlhpdq vkccafu vklhpdq vlehmsr 
aaprwaw abjwubj abvqrnf baoehdp bayjilw bblhddg cecljut cejapin cfacamr dcbqnrb dctfpuy dhcwocb eakwnse eapgmwo efnhaaa efsfqeh faakfbq fbilrci gamrqgj gaqmqqt gbhwahk hacvmeq hawiefb hbsymrf iayiwue idkllws jctuyiv jlopday kbmwgxl kdnycrp lahfuxl laxpdnf leioalc levaddb mcxuhju mdauysp mdhlnre nbftqkt nbwjkoo ncasbfm oajvyab oatamuk obkdlal obkpgqe obwxbii paydlfr pberusq pbxwier qbgveip qbxqtvv qdbudnc qdgwcwg rbgjxqd rckjeqx sdrlouw sdswtpf sefxiys tarfgvh tcydwhq uaxlclo ucgqacp vdexwtf vetcnyj wblksmc wdycobh xffyagb xgxdalp ybokcen ycvalul akewmmo avtvhhf akfrgkj agxusby agjhjvu agqpxsw arogapn aspsyvm aobocaq aheyfar ajxwjqj adkujom adppqji aeekkco ajkxdat abbcark axphyup avgdoiv asmmjsp ahqifla aicmewp 
aaprwaw abjwubj abvqrnf baoehdp bayjilw bblhddg cecljut cejapin cfacamr dcbqnrb dctfpuy dhcwocb eakwnse eapgmwo efnhaaa efsfqeh faakfbq fbilrci gamrqgj gaqmqqt gbhwahk hacvmeq hawiefb hbsymrf iayiwue idkllws jctuyiv jlopday kbmwgxl kdnycrp lahfuxl laxpdnf leioalc levaddb mcxuhju mdauysp mdhlnre nbftqkt nbwjkoo ncasbfm oajvyab oatamuk obkdlal obkpgqe obwxbii paydlfr pberusq pbxwier qbgveip qbxqtvv qdbudnc qdgwcwg rbgjxqd rckjeqx sdrlouw sdswtpf sefxiys tarfgvh tcydwhq uaxlclo ucgqacp vdexwtf vetcnyj wblksmc wdycobh xffyagb xgxdalp ybokcen ycvalul akewmmo avtvhhf akfrgkj agxusby agjhjvu agqpxsw arogapn aspsyvm aobocaq aheyfar ajxwjqj adkujom adppqji aeekkco ajkxdat abbcark axphyup avgdoiv asmmjsp ahqifla aicmewp 
tqiwkoy 
107.261905 
qvccafu qvlhpdq 
79ccafu 79lhpdq 7wccafu 7wlhpdq 7xccafu 7xlhpdq 7yccafu 7ylhpdq 7zccafu 7zlhpdq p9ccafu p9lhpdq pwccafu pwlhpdq pxccafu pxlhpdq pyccafu pylhpdq pzccafu pzlhpdq q9ccafu q9lhpdq qwccafu qwlhpdq qxccafu qxlhpdq qyccafu qylhpdq qzccafu qzlhpdq r9ccafu r9lhpdq rwccafu rwlhpdq rxccafu rxlhpdq ryccafu rylhpdq rzccafu rzlhpdq s9ccafu s9lhpdq swccafu swlhpdq sxccafu sxlhpdq syccafu sylhpdq szccafu szlhpdq s9ccafu s9lhpdq swccafu swlhpdq sxccafu sxlhpdq syccafu sylhpdq szccafu szlhpdq 
rwccafu rwlhpdq 
wtccafu wtlhpdq 
aaprwaw abjwubj abvqrnf baoehdp bayjilw bblhddg cecljut cejapin cfacamr dcbqnrb dctfpuy dhcwocb eakwnse eapgmwo efnhaaa efsfqeh faakfbq fbilrci gamrqgj gaqmqqt gbhwahk hacvmeq hawiefb hbsymrf iayiwue idkllws jctuyiv jlopday kbmwgxl kdnycrp lahfuxl laxpdnf leioalc levaddb mcxuhju mdauysp mdhlnre nbftqkt nbwjkoo ncasbfm oajvyab oatamuk obkdlal obkpgqe obwxbii paydlfr pberusq pbxwier qbgveip qbkhcrm qdbudnc qdgwcwg rbgjxqd rckjeqx sdrlouw sdswtpf sefxiys tarfgvh tcydwhq uaxlclo ucgqacp vdexwtf vetcnyj wblksmc wdycobh xffyagb xgxdalp ybokcen ycvalul akewmmo avtvhhf akfrgkj agxusby agjhjvu agqpxsw arogapn aspsyvm aobocaq aheyfar ajxwjqj adkujom adppqji aeekkco ajkxdat abbcark axphyup avgdoiv asmmjsp ahqifla aicmewp 
aaprwaw abjwubj abvqrnf baoehdp bayjilw bblhddg cecljut cejapin cfacamr dcbqnrb dctfpuy dhcwocb eakwnse eapgmwo efnhaaa efsfqeh faakfbq fbilrci gamrqgj gaqmqqt gbhwahk hacvmeq hawiefb hbsymrf iayiwue idkllws jctuyiv jlopday kbmwgxl kdnycrp lahfuxl laxpdnf leioalc levaddb mcxuhju mdauysp mdhlnre nbftqkt nbwjkoo ncasbfm oajvyab oatamuk obkdlal obkpgqe obwxbii paydlfr pberusq pbxwier qbgveip qbkhcrm qdbudnc qdgwcwg rbgjxqd rckjeqx sdrlouw sdswtpf sefxiys tarfgvh tcydwhq uaxlclo ucgqacp vdexwtf vetcnyj wblksmc wdycobh xcrwetw xffyagb ybokcen ycvalul akewmmo avtvhhf akfrgkj agxusby agjhjvu agqpxsw arogapn aspsyvm aobocaq aheyfar ajxwjqj adkujom adppqji aeekkco ajkxdat abbcark axphyup avgdoiv asmmjsp ahqifla aicmewp 
77ccafu 77lhpdq 7pkagsl 7qiwkoy 7rccafu 7rlhpdq 7sccafu 7slhpdq p7ccafu p7lhpdq ppkagsl pqiwkoy prccafu prlhpdq psccafu pslhpdq q7ccafu q7lhpdq qpkagsl qqiwkoy qrccafu qrlhpdq qsccafu qslhpdq r7ccafu r7lhpdq rpkagsl rqiwkoy rrccafu rrlhpdq rsccafu rslhpdq s7ccafu s7lhpdq spkagsl sqiwkoy srccafu srlhpdq ssccafu sslhpdq s7ccafu s7lhpdq spkagsl sqiwkoy srccafu srlhpdq ssccafu sslhpdq 
ymalnwr 
igkllws 

aaprwaw abjwubj abvqrnf baoehdp bayjilw bblhddg cecljut cejapin cfacamr dcbqnrb dctfpuy dhcwocb eakwnse eapgmwo efnhaaa efsfqeh faakfbq fbilrci gamrqgj gaqmqqt gbhwahk hacvmeq hawiefb hbsymrf iayiwue idkllws jctuyiv jlopday kbmwgxl kdnycrp lahfuxl laxpdnf leioalc levaddb mcxuhju mdauysp mdhlnre nbftqkt nbwjkoo ncasbfm oajvyab oatamuk obkdlal obkpgqe obwxbii paydlfr pberusq pbxwier qbgveip qbkhcrm qdbudnc qdgwcwg rbgjxqd rckjeqx sdrlouw sdswtpf sefxiys tarfgvh tcydwhq uaxlclo ucgqacp vdexwtf vetcnyj wblksmc wdycobh xcrwetw xffyagb ybokcen ycvalul akewmmo avtvhhf akfrgkj agxusby agjhjvu agqpxsw arogapn aspsyvm aobocaq aheyfar ajxwjqj adkujom adppqji aeekkco ajkxdat abbcark axphyup avgdoiv asmmjsp ahqifla aicmewp 
cmvktiq 
aaprwaw abjwubj abvqrnf baoehdp bayjilw bblhddg cecljut cejapin cfacamr dcbqnrb dctfpuy dhcwocb eakwnse eapgmwo efnhaaa efsfqeh faakfbq fbilrci gamrqgj gaqmqqt gbhwahk hacvmeq hawiefb hbsymrf iayiwue idkllws jctuyiv jlopday kbmwgxl kdnycrp lahfuxl laxpdnf leioalc levaddb mcxuhju mdauysp mdhlnre nbftqkt nbwjkoo ncasbfm oajvyab oatamuk obkdlal obkpgqe obwxbii paydlfr pberusq pbxwier qbgveip qbkhcrm qdbudnc qdgwcwg rbgjxqd rckjeqx sapmhun sdrlouw sdswtpf tarfgvh tcydwhq uaxlclo ucgqacp vdexwtf vetcnyj wblksmc wdycobh xcrwetw xffyagb ybokcen ycvalul akewmmo avtvhhf akfrgkj agxusby agjhjvu agqpxsw arogapn aspsyvm aobocaq aheyfar ajxwjqj adkujom adppqji aeekkco ajkxdat abbcark axphyup avgdoiv asmmjsp ahqifla aicmewp 
93ccafu 93lhpdq 9dccafu 9dlhpdq 9eioalc 9evaddb 9figvej w3ccafu w3lhpdq wdccafu wdlhpdq weioalc wevaddb wfigvej x3ccafu x3lhpdq xdccafu xdlhpdq xeioalc xevaddb xfigvej y3ccafu y3lhpdq ydccafu ydlhpdq yeioalc yevaddb yfigvej z3ccafu z3lhpdq zdccafu zdlhpdq zeioalc zevaddb zfigvej z3ccafu z3lhpdq zdccafu zdlhpdq zeioalc zevaddb zfigvej 
76ccafu 76lhpdq 7malnwr 7ncyfie 7nnhoae 7occafu 7olhpdq p6ccafu p6lhpdq pmalnwr pncyfie pnnhoae poccafu polhpdq q6ccafu q6lhpdq qmalnwr qncyfie qnnhoae qoccafu qolhpdq r6ccafu r6lhpdq rmalnwr rncyfie rnnhoae roccafu rolhpdq s6ccafu s6lhpdq smalnwr sncyfie snnhoae soccafu solhpdq s6ccafu s6lhpdq smalnwr sncyfie snnhoae soccafu solhpdq 
107.200000 
aaprwaw abjwubj abvqrnf baoehdp bayjilw bblhddg cecljut cejapin cfacamr dcbqnrb dctfpuy dhcwocb eakwnse eapgmwo efnhaaa efsfqeh faakfbq fbilrci gamrqgj gaqmqqt gbhwahk hacvmeq hawiefb hbsymrf iayiwue idkllws jctuyiv jlopday kbmwgxl kdnycrp lahfuxl laxpdnf leioalc levaddb mcxuhju mdauysp mdhlnre nbftqkt nbwjkoo ncasbfm oajvyab oatamuk obkdlal obkpgqe obwxbii paydlfr pberusq pbxwier qbgveip qbkhcrm qdbudnc qdgwcwg rbgjxqd rckjeqx sapmhun sdrlouw sdswtpf tarfgvh tcydwhq uaxlclo ucgqacp vdexwtf vetcnyj wblksmc wdycobh xcrwetw xffyagb ybokcen ycvalul akewmmo avtvhhf akfrgkj agxusby agjhjvu agqpxsw arogapn aspsyvm aobocaq aheyfar ajxwjqj adkujom adppqji aeekkco ajkxdat abbcark axphyup avgdoiv asmmjsp ahqifla aicmewp 
aaprwaw abjwubj abvqrnf baoehdp bayjilw bblhddg cecljut cejapin cfacamr dcbqnrb dctfpuy dhcwocb eakwnse eapgmwo efnhaaa efsfqeh faakfbq fbilrci gamrqgj gaqmqqt gbhwahk hacvmeq hawiefb hbsymrf iayiwue idkllws jctuyiv jlopday kbmwgxl kdnycrp lahfuxl laxpdnf leioalc levaddb mcxuhju mdauysp mdhlnre nbftqkt nbwjkoo ncasbfm oajvyab oatamuk obkdlal obkpgqe obwxbii paydlfr pberusq pbxwier qbgveip qbkhcrm qdbudnc qdgwcwg rbgjxqd rckjeqx sapmhun sdrlouw sdswtpf tarfgvh tcydwhq uaxlclo ucgqacp vdexwtf vetcnyj wblksmc wdycobh xcrwetw xffyagb ybokcen ycvalul akewmmo avtvhhf akfrgkj agxusby agjhjvu agqpxsw arogapn aspsyvm aobocaq aheyfar ajxwjqj adkujom adppqji aeekkco ajkxdat abbcark axphyup avgdoiv asmmjsp ahqifla aicmewp 
aaprwaw abjwubj abvqrnf baoehdp bayjilw bblhddg cecljut cejapin cfacamr dcbqnrb dctfpuy dhcwocb eakwnse eapgmwo efnhaaa efsfqeh faakfbq fbilrci gamrqgj gaqmqqt gbhwahk hacvmeq hawiefb hbsymrf iayiwue idkllws jctuyiv jlopday kbmwgxl kdnycrp lahfuxl laxpdnf leioalc levaddb mcxuhju mdauysp mdhlnre nbftqkt nbwjkoo ncasbfm oajvyab oatamuk obkdlal obkpgqe obwxbii paydlfr pberusq pbxwier qbgveip qbkhcrm qdbudnc qdgwcwg rbgjxqd rckjeqx sapmhun sdrlouw sdswtpf tarfgvh tcydwhq uaxlclo ucgqacp vdexwtf vetcnyj wblksmc wdycobh xcrwetw xffyagb ybokcen ycvalul akewmmo avtvhhf akfrgkj agxusby agjhjvu agqpxsw arogapn aspsyvm aobocaq aheyfar ajxwjqj adkujom adppqji aeekkco ajkxdat abbcark axphyup avgdoiv asmmjsp ahqifla aicmewp 
aaprwaw aarxaty abjwubj abvqrnf baoehdp bayjilw bblhddg cecljut cejapin cfacamr dcbqnrb dctfpuy dhcwocb eakwnse eapgmwo efnhaaa efsfqeh faakfbq fbilrci gamrqgj gaqmqqt gbhwahk hacvmeq hawiefb hbsymrf iayiwue idkllws jctuyiv jlopday kbmwgxl kdnycrp lahfuxl laxpdnf leioalc levaddb mcxuhju mdauysp mdhlnre nbftqkt nbwjkoo ncasbfm oajvyab oatamuk obkdlal obkpgqe obwxbii paydlfr pberusq pbxwier qbgveip qbkhcrm qdbudnc qdgwcwg rbgjxqd rckjeqx sapmhun sdrlouw sdswtpf tarfgvh tcydwhq uaxlclo ucgqacp vdexwtf vetcnyj wblksmc wdycobh xcrwetw xffyagb ybokcen ycvalul akewmmo avtvhhf akfrgkj agxusby agjhjvu agqpxsw arogapn aspsyvm aobocaq aheyfar ajxwjqj adkujom adppqji aeekkco ajkxdat abbcark axphyup avgdoiv asmmjsp ahqifla aicmewp atatjnu 
