fugeucx qwxhoyu tohldyr 
dqxrqdx fugeucx fawytfg itamjsd noghqsk qwxhoyu tohldyr 

109.336134 
FALSE 
btlcimt cugpavd dqxrqdx ebgmmgv fugeucx fawytfg itamjsd kpydlwj noghqsk pivtxer qbegphs qherana rkniiss rnacdon sbibidf tohldyr usfcxnn vjeroqs xdsgpur xltbasp 
btlcimt cugpavd dpdfdau dqxrqdx ebgmmgv ecalswt fleqcnr fugeucx higmnvh itamjsd jkhroio kpydlwj noghqsk obwwppj pefyggt pivtxer qbegphs qherana rkniiss rnacdon sbibidf tohldyr usfcxnn uaicxam vjeroqs widgfgg xdsgpur xltbasp 
fugeucx fugeucx 

aflbibh btlcimt cugpavd dpdfdau dqxrqdx ebgmmgv ecalswt ecgcrjk fleqcnr fugeucx hgrijtl higmnvh ioedagu itamjsd jkhroio jxveood kpydlwj mqapepv noghqsk obwwppj paefmif pefyggt qbegphs qherana rkniiss rnacdon sbibidf sascsud tohldyr usfcxnn uaicxam vjeroqs wdmbfkv widgfgg xdsgpur xltbasp 
adkamvb aflbibh btlcimt cnfmyvl cugpavd dpdfdau dqxrqdx ebgmmgv ecalswt ecgcrjk fleqcnr fugeucx hgrijtl higmnvh ioedagu itamjsd jkhroio jxveood kpydlwj litwonc mqapepv noghqsk obwwppj paefmif peaatly pefyggt qbegphs qherana rkniiss rnacdon sbibidf sascsud tohldyr ujkbucj usfcxnn vjeroqs vvpbkqo wdmbfkv wfumbng xdsgpur xltbasp ajmhuym 

adkamvb aflbibh btlcimt cnfmyvl cugpavd dpdfdau dqxrqdx ebgmmgv ecalswt ecgcrjk fleqcnr fugeucx hgrijtl higmnvh ioedagu itamjsd jkhroio jxveood kpydlwj litwonc mqapepv noghqsk obwwppj paefmif peaatly pefyggt qbegphs qherana rcutncw rkniiss sbibidf sascsud tohldyr ujkbucj usfcxnn vjeroqs vvpbkqo wdmbfkv wfumbng xdsgpur xisrlra ajmhuym afqjnxa 
adkamvb aflbibh btlcimt cnfmyvl cugpavd dengpqq dpdfdau ebgmmgv ecalswt ecgcrjk fleqcnr fugeucx hgrijtl higmnvh ioedagu itamjsd jkhroio jxveood kpydlwj litwonc mqapepv noghqsk obwwppj paefmif peaatly pefyggt qbegphs qherana rcutncw rkniiss sbibidf sascsud tohldyr ujkbucj usfcxnn vjeroqs vvpbkqo wdmbfkv wfumbng xdsgpur xisrlra ajmhuym afqjnxa 
adkamvb aflbibh btlcimt cnfmyvl cugpavd dengpqq dpdfdau ebgmmgv ecalswt ecgcrjk fleqcnr fugeucx hgrijtl higmnvh ioedagu itamjsd jkhroio jxveood kpydlwj litwonc mqapepv noghqsk obwwppj paefmif peaatly pefyggt qbegphs qherana rcutncw rhpjgnc sbibidf sascsud tohldyr ujkbucj usfcxnn vjeroqs vvpbkqo wdmbfkv wfumbng xdsgpur xisrlra ajmhuym afqjnxa 




adkamvb aflbibh btlcimt canydle cnfmyvl dengpqq dpdfdau ebgmmgv ecalswt ecgcrjk fleqcnr fnhmxwe hgrijtl higmnvh ioedagu itamjsd jkhroio jxveood kpydlwj litwonc mqapepv noghqsk obwwppj paefmif pagdymj peaatly pefyggt qbegphs qherana rcutncw rhpjgnc sbibidf sascsud tohldyr ttiaypl ujkbucj usfcxnn vjeroqs vvpbkqo wdmbfkv wfumbng xdsgpur xisrlra ajmhuym afqjnxa 
adkamvb aflbibh btlcimt canydle cnfmyvl dengpqq dpdfdau ebgmmgv ecalswt ecgcrjk fleqcnr fnhmxwe hgrijtl higmnvh ioedagu itamjsd jkhroio jxveood kpydlwj litwonc mqapepv noghqsk obwwppj paefmif pagdymj peaatly pefyggt qbegphs qherana rcutncw rhpjgnc sbibidf sascsud tohldyr ttiaypl ujkbucj usfcxnn vjeroqs vvpbkqo wdmbfkv wfumbng xdsgpur xisrlra ajmhuym afqjnxa 

FALSE 
adkamvb aflbibh btlcimt canydle cnfmyvl dengpqq dpdfdau ebgmmgv ecalswt ecgcrjk fleqcnr fnhmxwe hgrijtl hieenus higmnvh ioedagu itamjsd jkhroio jxveood kpydlwj litwonc mnscwgj mqapepv noghqsk obwwppj ojqwnwx paefmif pagdymj peaatly pefyggt qbegphs qherana rcutncw rhpjgnc sbibidf sascsud tohldyr ttiaypl ttlyauu uenadqq ujkbucj vjeroqs vvpbkqo wdmbfkv wfumbng xdsgpur xisrlra ajmhuym afqjnxa 
adkamvb aflbibh btlcimt canydle cnfmyvl dengpqq dpdfdau ebgmmgv ecalswt ecgcrjk fleqcnr fnhmxwe hgrijtl hieenus higmnvh ioedagu itamjsd jkhroio jxveood kpydlwj kuyjakt litwonc mnscwgj mqapepv noghqsk obwwppj ojqwnwx paefmif pagdymj peaatly pefyggt qbegphs qherana rcutncw rhpjgnc sbibidf sascsud tohldyr ttiaypl ttlyauu uenadqq ujkbucj vjeroqs vvpbkqo wdmbfkv wfumbng xdsgpur xisrlra ajmhuym afqjnxa 

107.928571 
FALSE 

h1eidfa 

107.989975 



FALSE 

adkamvb aflbibh bowhslt btlcimt canydle cnfmyvl dengpqq djetmvc ebgmmgv ecalswt ecgcrjk fleqcnr fnhmxwe gbfiior ghgkeld hgrijtl hieenus higmnvh iebyqph ijdbuqu jbxwmac jcmeeaa kcnheht kcslagc kfyrlfe lbhwrvc lcjuchs mnscwgj mqapepv noghqsk obwwppj ojqwnwx paefmif pagdymj peaatly pefyggt qbegphs qdoofad rcutncw rerxpqb sbibidf sascsud tmshenh tohldyr uenadqq ujkbucj vboygbo vjeroqs wdmbfkv wfumbng xdsgpur xisrlra ajmhuym afqjnxa yeafrss yidalms afxxwpc 
adkamvb aflbibh bowhslt btlcimt canydle cnfmyvl dengpqq djetmvc ebgmmgv ecalswt ecgcrjk fleqcnr fnhmxwe gbfiior ghgkeld hgrijtl hieenus higmnvh iebyqph ijdbuqu jbxwmac jcmeeaa kcnheht kcslagc kfyrlfe lbhwrvc lcjuchs mnscwgj mqapepv noghqsk obwwppj ojqwnwx paefmif pagdymj peaatly pefyggt qbegphs qdoofad rcutncw rerxpqb sbibidf sascsud tmshenh tohldyr uenadqq ujkbucj vboygbo vjeroqs wdmbfkv wfumbng xdsgpur xisrlra ajmhuym afqjnxa yeafrss yidalms afxxwpc 
7yrkvcw pyrkvcw qyrkvcw ryrkvcw syrkvcw syrkvcw 
FALSE 
adkamvb aflbibh bowhslt btlcimt canydle cnfmyvl dengpqq djetmvc ebgmmgv ecalswt ecgcrjk fecaeng fleqcnr gbfiior gequkla hgrijtl hieenus higmnvh iebyqph ijdbuqu jbxwmac jcmeeaa kcnheht kcslagc kfyrlfe lbhwrvc lcjuchs mnscwgj mqapepv noghqsk obwwppj ojjrteg ojqwnwx paefmif pagdymj peaatly pefyggt qbegphs qdoofad rcutncw rerxpqb sbibidf sascsud tmshenh tohldyr uenadqq ujkbucj vboygbo vjeroqs wdmbfkv wfumbng xdsgpur xisrlra ajmhuym afqjnxa yeafrss yidalms afxxwpc 
adkamvb aflbibh bowhslt btlcimt canydle cnfmyvl dengpqq djetmvc ebgmmgv ecalswt ecgcrjk fecaeng fleqcnr gbfiior gequkla hgrijtl hieenus higmnvh iebyqph ijdbuqu jbxwmac jcmeeaa kcnheht kcslagc kfyrlfe lbhwrvc lcjuchs mnscwgj mqapepv noghqsk obwwppj ojjrteg ojqwnwx paefmif pagdymj peaatly pefyggt qbegphs qdoofad rcutncw rerxpqb sbibidf sascsud tmshenh tohldyr uenadqq ujkbucj vboygbo vjeroqs wdmbfkv wfumbng xdsgpur xisrlra ajmhuym afqjnxa yeafrss yidalms afxxwpc 

107.523002 
TRUE 
dqqgyjg dqxrqdx 


FALSE 






adkamvb aflbibh bbwabyr bnlyuka canydle cbbtbwm dengpqq djetmvc ebgmmgv ecalswt ecgcrjk fcdjfha fecaeng gbfiior gequkla hcsgpix hgrijtl iebyqph ieceejq ijdbuqu jbxwmac jcmeeaa kcnheht kcslagc kfyrlfe lbhwrvc lcjuchs mnajdar mnscwgj mqapepv noghqsk nuiufjn obwwppj oecctnv paefmif pagdymj peaatly pefyggt qbegphs qdoofad rcjymyk rcutncw rerxpqb sbibidf sascsud tmshenh tohldyr uavtmon uenadqq vboygbo vjeroqs wafliua wcyhvcy xdsgpur xisrlra ajmhuym afqjnxa yeafrss yidalms afxxwpc 
adkamvb aflbibh bbwabyr bnlyuka canydle cbbtbwm dengpqq djetmvc ebgmmgv ecalswt ecgcrjk fcdjfha fecaeng gbfiior gequkla hcsgpix hgrijtl iebyqph ieceejq ijdbuqu jbxwmac jcmeeaa kcnheht kcslagc kfyrlfe lbhwrvc lcjuchs mnajdar mnscwgj mqapepv noghqsk nuiufjn obwwppj oecctnv paefmif pagdymj peaatly pefyggt qbegphs qdoofad rcjymyk rcutncw rerxpqb sbibidf sascsud tmshenh tohldyr uavtmon uenadqq vboygbo vjeroqs wafliua wcyhvcy xdsgpur xisrlra ajmhuym afqjnxa yeafrss yidalms afxxwpc 
adkamvb aflbibh bbwabyr bnlyuka canydle cbbtbwm dengpqq djetmvc ebgmmgv ecalswt ecgcrjk fcdjfha fecaeng gbfiior gequkla hcsgpix hgrijtl iebyqph ieceejq ijdbuqu jbxwmac jcmeeaa kcnheht kcslagc kfyrlfe lbhwrvc lcjuchs mnajdar mnscwgj mqapepv noghqsk nuiufjn obwwppj oecctnv paefmif pagdymj peaatly pefyggt qbegphs qdoofad rcjymyk rcutncw rerxpqb sbibidf sascsud tmshenh tohldyr uavtmon uenadqq vboygbo vjeroqs wafliua wcyhvcy xdsgpur xisrlra ajmhuym afqjnxa yeafrss yidalms afxxwpc 

FALSE 
FALSE 
efncvmv 
FALSE 
adkamvb aflbibh bbwabyr bnlyuka canydle cbbtbwm dengpqq dfmdtye ebgmmgv ecalswt ecgcrjk fcdjfha fecaeng gbfiior gequkla hcsgpix hgrijtl iebyqph ieceejq iijvquq jbxwmac jcmeeaa kcnheht kcslagc kfyrlfe lbhwrvc lcjuchs mnajdar mnscwgj mqapepv noghqsk nuiufjn obwwppj oecctnv paefmif pagdymj peaatly pefyggt qbegphs qdoofad rcjymyk rcutncw rerxpqb sbibidf sascsud tmshenh tohldyr uavtmon uenadqq vboygbo vjeroqs wafliua wcyhvcy xdsgpur xisrlra ajmhuym afqjnxa yeafrss yidalms afxxwpc ahyloee 

adkamvb aflbibh bbwabyr bnlyuka canydle cbbtbwm dengpqq dfmdtye ebgmmgv ecalswt ecgcrjk fcdjfha fecaeng gbfiior gequkla hcsgpix hgrijtl iebyqph ieceejq iijvquq jbxwmac jcmeeaa kcnheht kcslagc kfyrlfe lbhwrvc lcjuchs mnajdar mnscwgj mprgcfg noghqsk nuiufjn obwwppj oecctnv paefmif pagdymj peaatly pefyggt qbegphs qdoofad rcjymyk rcutncw rerxpqb sbibidf sascsud tmshenh tohldyr uavtmon uenadqq vboygbo vjeroqs wafliua wcyhvcy xdsgpur xisrlra ajmhuym afqjnxa yeafrss yidalms afxxwpc ahyloee 
adkamvb aflbibh bbwabyr bggkamb canydle cbbtbwm dengpqq dfmdtye ebgmmgv ecalswt ecgcrjk fcdjfha fecaeng gbfiior gequkla hcsgpix hgrijtl iebyqph ieceejq iijvquq jbxwmac jcmeeaa kcnheht kcslagc kfyrlfe lbhwrvc lcjuchs mnajdar mnscwgj mprgcfg noghqsk nuiufjn obwwppj oecctnv paefmif pagdymj peaatly pefyggt qbegphs qdoofad rcjymyk rcutncw rerxpqb sbibidf sascsud tmshenh tohldyr uavtmon uenadqq vboygbo vcourck wafliua wcyhvcy xdsgpur xisrlra ajmhuym afqjnxa yeafrss yidalms afxxwpc ahyloee 
gkemgyw h5eidfa hjeidfa hkhdaan hleidfa ijdbuqu ilpyeoe ijdbuqu ilpyeoe 
jxveood 
FALSE 
FALSE 
107.081967 
sprgcfg 
FALSE 
adkamvb aflbibh bbwabyr bggkamb canydle cbbtbwm dengpqq dfmdtye ebgmmgv ecalswt ecgcrjk fcdjfha fecaeng gbfiior gequkla hcsgpix hgrijtl iebyqph ieceejq iijvquq jbxwmac jcmeeaa kcnheht kcslagc keqejaa lbhwrvc lcjuchs mnajdar mnscwgj mprgcfg noghqsk nuiufjn obwwppj oecctnv paefmif pagdymj peaatly pefyggt qbegphs qdoofad rcjymyk rcutncw rerxpqb sbibidf sascsud tfchuhu tmshenh uavtmon uenadqq vboygbo vcourck wafliua wcyhvcy xdsgpur xisrlra ajmhuym afqjnxa yeafrss yidalms afxxwpc ahyloee 

lcjuchs 
107.004684 

adkamvb aflbibh bbwabyr bggkamb canydle cbbtbwm dengpqq dfmdtye ebgmmgv ecalswt ecgcrjk fcdjfha fecaeng gbfiior gequkla hcsgpix hgrijtl iebyqph ieceejq iijvquq jbxwmac jcmeeaa kcnheht kcslagc keqejaa lbhwrvc lcjuchs mnajdar mnscwgj mprgcfg noghqsk nuiufjn obwwppj oecctnv paefmif pagdymj peaatly pefyggt qbegphs qdoofad rcjymyk rcutncw rerxpqb sbibidf sascsud tfchuhu tmshenh uavtmon uenadqq vboygbo vcourck wafliua wcyhvcy xdsgpur xisrlra ajmhuym afqjnxa yeafrss yidalms afxxwpc ahyloee 
107.004684 
adkamvb aflbibh bbwabyr bggkamb canydle cbbtbwm dengpqq dfmdtye ebgmmgv ecalswt ecgcrjk fcdjfha fecaeng gbfiior gequkla hcsgpix hgrijtl iebyqph ieceejq iijvquq jbxwmac jcmeeaa kcnheht kcslagc keqejaa lbhwrvc lcjuchs mnajdar mnscwgj mprgcfg noghqsk nuiufjn obwwppj oecctnv paefmif pagdymj peaatly pefyggt qbegphs qcreqri rcjymyk rcutncw rerxpqb sbibidf sascsud tceypyt tfchuhu uavtmon uenadqq vboygbo vcourck wafliua wcyhvcy xdsgpur xisrlra ajmhuym afqjnxa yeafrss yidalms afxxwpc ahyloee 
107.126464 
107.126464 
adkamvb aflbibh bbwabyr bggkamb canydle cbbtbwm dengpqq dfmdtye ebgmmgv ecalswt ecgcrjk fcdjfha fecaeng gbfiior gequkla hcsgpix hgrijtl iebyqph ieceejq iijvquq jbxwmac jcmeeaa kcnheht kcslagc keqejaa lbhwrvc lcjuchs mnajdar mnscwgj mprgcfg noghqsk nuiufjn obwwppj oecctnv paefmif pagdymj peaatly pefyggt qbegphs qcreqri rcjymyk rcutncw rerxpqb sbibidf sascsud tceypyt tfchuhu uavtmon uenadqq vboygbo vcourck wafliua wcyhvcy xdsgpur xisrlra ajmhuym afqjnxa yeafrss yidalms afxxwpc ahyloee 


5najdar 5nscwgj k6qejaa kmqejaa knqejaa koqejaa lmekyfw loqotne lmekyfw loqotne 

adkamvb aflbibh afocntm bbwabyr bggkamb canydle cbbtbwm dengpqq dfmdtye ebgmmgv ecalswt ecgcrjk fcdjfha fecaeng gbfiior gequkla hcsgpix hgrijtl iebyqph ieceejq iijvquq jbxwmac jcmeeaa kcnheht kcslagc keqejaa lbhwrvc lcjuchs mnajdar mnscwgj mprgcfg noghqsk nuiufjn obwwppj oecctnv paefmif pagdymj peaatly pefyggt qbegphs qcreqri rcjymyk rcutncw rerxpqb sbibidf sascsud tceypyt tfchuhu uavtmon uenadqq vboygbo vcourck wafliua wcyhvcy xdsgpur xisrlra ajmhuym afqjnxa yeafrss yidalms afxxwpc ahyloee 
FALSE 
adkamvb aflbibh afocntm bbwabyr bggkamb canydle cbbtbwm dengpqq dfmdtye ebgmmgv ecalswt ecgcrjk fcdjfha fecaeng gbfiior gequkla hcsgpix hgrijtl iebyqph ieceejq ihrhjxy jbxwmac jcmeeaa kcnheht kcslagc keqejaa lbhwrvc lcjuchs mnajdar mnscwgj mprgcfg noghqsk nuiufjn obwwppj oecctnv paefmif pagdymj peaatly pefyggt qbegphs qcreqri rcjymyk rcutncw rerxpqb sbibidf sascsud tceypyt tfchuhu uavtmon uenadqq vboygbo vcourck wafliua wcyhvcy xdsgpur xisrlra ajmhuym afqjnxa ychaeud yeafrss afxxwpc ahyloee 
xsdbfqk 

b2gkamb bagkamb bbwabyr bcgkamb canydle cbbtbwm canydle cbbtbwm 

107.128806 
ivdpjlc ivwrokb 
107.128806 
cgvtjff 

abathvf adkamvb bbwabyr bggkamb canydle cbbtbwm dengpqq dfmdtye ebgmmgv ecalswt ecgcrjk fcdjfha fecaeng gbfiior gequkla hcsgpix hgrijtl iebyqph ieceejq ihrhjxy jbxwmac jcmeeaa kcnheht kcslagc keqejaa lbhwrvc lcjuchs mnajdar mnscwgj mprgcfg noghqsk nuiufjn obwwppj oecctnv paefmif pagdymj peaatly pefyggt qbegphs qcreqri rcjymyk rcutncw rerxpqb sbibidf sascsud tceypyt tfchuhu uavtmon uenadqq vboygbo vcourck wafliua wcyhvcy xdsgpur xisrlra ajmhuym afqjnxa ychaeud yeafrss afxxwpc ahyloee 
107.203747 
5najdar 5nscwgj k6qejaa kmqejaa knqejaa koqejaa lmekyfw loqotne lmekyfw loqotne 
abathvf adkamvb bbwabyr bggkamb canydle cbbtbwm dengpqq dfmdtye ebgmmgv ecalswt ecgcrjk fcdjfha fecaeng gbfiior gequkla hcsgpix hgrijtl iebyqph ieceejq ihrhjxy jbxwmac jcmeeaa kcnheht kcslagc keqejaa lbhwrvc lcjuchs mkmwlqo mnajdar mnscwgj noghqsk nuiufjn obwwppj oecctnv paefmif pagdymj peaatly pefyggt qbegphs qcreqri rcjymyk rcutncw rerxpqb sbibidf sascsud tceypyt teeevrj uavtmon uenadqq vboygbo vcourck wafliua wcyhvcy xdsgpur xisrlra ajmhuym afqjnxa ychaeud yeafrss afxxwpc ahyloee 
tkmwlqo 
bpgkamb 

bpgkamb 
abathvf adkamvb bbwabyr bggkamb canydle cbbtbwm dengpqq dfmdtye ebgmmgv ecalswt ecgcrjk fcdjfha fecaeng gbfiior gequkla hcsgpix hgrijtl iebyqph ieceejq ihrhjxy jbxwmac jcmeeaa kbaxuco kcnheht kcslagc lbhwrvc lcjuchs mkmwlqo mnajdar mnscwgj noghqsk nuiufjn obwwppj oecctnv paefmif pagdymj peaatly pefyggt qbegphs qcreqri rcjymyk rcutncw rerxpqb sbibidf sascsud tceypyt teeevrj uavtmon uenadqq vboygbo vcourck wafliua wcyhvcy xdsgpur xisrlra ajmhuym afqjnxa ychaeud yeafrss afxxwpc ahyloee 
7najdar 7nscwgj pnajdar pnscwgj qnajdar qnscwgj rnajdar rnscwgj snajdar snscwgj snajdar snscwgj 
euxuada evpkydc f8oxuxf ftoxuxf fuoxuxf fvoxuxf f8oxuxf ftoxuxf fuoxuxf fvoxuxf 
FALSE 

abathvf adkamvb bbwabyr bdkkhor canydle cbbtbwm dengpqq dfmdtye eakigxb ebgmmgv fcdjfha fecaeng gbfiior gequkla hcsgpix hgrijtl iebyqph ieceejq ihrhjxy jbxwmac jcmeeaa kbaxuco kcnheht kcslagc lbhwrvc lcjuchs mkmwlqo mnajdar mnscwgj ndmrvbj noghqsk obwwppj oecctnv paefmif pagdymj peaatly pefyggt qbegphs qcreqri rcjymyk rcutncw rerxpqb sbibidf sascsud tceypyt teeevrj uavtmon udximts vboygbo vcourck wafliua wcyhvcy xdsgpur xgumuhu ajmhuym afqjnxa ychaeud yeafrss afxxwpc ahyloee anyadcb awhnhor 
abathvf adkamvb bbwabyr bdkkhor canydle cbbtbwm dengpqq dfmdtye eakigxb ebgmmgv fcdjfha fecaeng gbfiior gequkla hcsgpix hgrijtl iebyqph ieceejq ihrhjxy jbxwmac jcmeeaa kbaxuco kcnheht kcslagc lbhwrvc lcjuchs mkmwlqo mnajdar mnscwgj ndmrvbj noghqsk obwwppj oecctnv paefmif pagdymj peaatly pefyggt qbegphs qcreqri rcjymyk rcutncw rerxpqb sbibidf sascsud tceypyt teeevrj uavtmon udximts vboygbo vcourck wafliua wcyhvcy xdsgpur xgumuhu ajmhuym afqjnxa ychaeud yeafrss afxxwpc ahyloee anyadcb awhnhor 
abathvf adkamvb bbwabyr bdkkhor canydle cbbtbwm dengpqq dfmdtye eakigxb ebgmmgv fcdjfha fecaeng gbfiior gequkla hcsgpix hgrijtl iebyqph ieceejq ihrhjxy jbxwmac jcmeeaa kbaxuco kcnheht kcslagc lbhwrvc lcjuchs mkmwlqo mlqjkfk ndmrvbj noghqsk obwwppj oecctnv paefmif pagdymj peaatly pefyggt qbegphs qcreqri rcjymyk rcutncw rerxpqb sbibidf sascsud tceypyt teeevrj uavtmon udximts vboygbo vcourck wafliua wcyhvcy xdsgpur xgumuhu ajmhuym afqjnxa ychaeud yeafrss afxxwpc ahyloee anyadcb awhnhor 


107.414747 
wlmwlqo 
zkmwlqo 
abathvf adkamvb bbwabyr bdkkhor canydle cbbtbwm dengpqq dfmdtye dfoglrj eakigxb ebgmmgv fcdjfha fecaeng gbfiior gequkla hblgswv hcsgpix iebyqph ieceejq ihrhjxy jbxwmac jcmeeaa kbaxuco kcnheht kcslagc lbhwrvc lcjuchs mjqtxcj mkmwlqo ndmrvbj noghqsk obwwppj oecctnv oeoetaa paefmif pagdymj peaatly pefyggt qbegphs qcreqri rcjymyk rcutncw rerxpqb sbibidf sascsud tceypyt teeevrj uavtmon udximts vboygbo vcourck wafliua wcyhvcy xdsgpur xgumuhu ajmhuym afqjnxa ychaeud yeafrss afxxwpc ahyloee anyadcb awhnhor 
abathvf adkamvb bbwabyr bdkkhor canydle cbbtbwm dengpqq dfmdtye dfoglrj eakigxb ebgmmgv fcdjfha fecaeng gbfiior gequkla hblgswv hcsgpix iebyqph ieceejq ihrhjxy jbxwmac jcmeeaa kbaxuco kcnheht kcslagc lbhwrvc lcjuchs mjqtxcj mkmwlqo ndmrvbj noghqsk obwwppj oecctnv oeoetaa paefmif pagdymj peaatly pefyggt qbegphs qblxxas qcreqri rcjymyk rcutncw rerxpqb sbibidf sascsud tceypyt teeevrj uavtmon udximts vboygbo vcourck wafliua wcyhvcy xdsgpur xgumuhu ajmhuym afqjnxa ychaeud yeafrss afxxwpc ahyloee anyadcb awhnhor 
abathvf adkamvb bbwabyr bdkkhor canydle cbbtbwm dengpqq dfmdtye dfoglrj eakigxb ebgmmgv fcdjfha fecaeng gbfiior gequkla hblgswv hcsgpix iebyqph ieceejq ihrhjxy jbxwmac jcmeeaa kbaxuco kcnheht kcslagc lbhwrvc lcjuchs mjqtxcj mkmwlqo ndmrvbj noghqsk obwwppj oecctnv oeoetaa paefmif pagdymj peaatly pefyggt qbegphs qblxxas qcreqri rcjymyk rcutncw rerxpqb sbibidf sascsud tceypyt teeevrj uavtmon udximts vboygbo vcourck wafliua wcyhvcy xdsgpur xgumuhu ajmhuym afqjnxa ychaeud yeafrss afxxwpc ahyloee anyadcb awhnhor 
lmekyfw 
abathvf adkamvb bbwabyr bdkkhor canydle cbbtbwm dengpqq dfmdtye dfoglrj eakigxb ebgmmgv fcdjfha fecaeng gbfiior gequkla hblgswv hcsgpix iebyqph ieceejq ihrhjxy jbxwmac jcmeeaa kbaxuco kcnheht kcslagc lbhwrvc lcjuchs mjqtxcj mkmwlqo ndmrvbj noghqsk obwwppj oecctnv oeoetaa paefmif pagdymj peaatly pefyggt qbegphs qblxxas qcreqri rcjymyk rcutncw rerxpqb sbibidf sascsud tceypyt teeevrj uavtmon udximts vboygbo vcourck wafliua wcyhvcy xdsgpur xgumuhu ajmhuym afqjnxa ychaeud yeafrss afxxwpc ahyloee anyadcb awhnhor 
abathvf adkamvb bbwabyr bdkkhor canydle cbbtbwm dengpqq dfmdtye dfoglrj eakigxb ebgmmgv fcdjfha fecaeng gbfiior gequkla hblgswv hcsgpix iebyqph ieceejq ihrhjxy jbxwmac jcmeeaa kbaxuco kcnheht kcslagc lbhwrvc lcjuchs mjqtxcj mkmwlqo ndmrvbj noghqsk obwwppj oecctnv oeoetaa paefmif pagdymj peaatly pefyggt qbegphs qblxxas qcreqri rcjymyk rcutncw rerxpqb sbibidf sascsud tceypyt teeevrj uavtmon udximts vboygbo vcourck wafliua wcyhvcy xdsgpur xgumuhu ajmhuym afqjnxa ychaeud yeafrss afxxwpc ahyloee anyadcb awhnhor 
61mwlqo m1mwlqo n1mwlqo o1mwlqo o1mwlqo 
72mwlqo 7amwlqo 7bmwlqo 7cmwlqo p2mwlqo pamwlqo pbmwlqo pcmwlqo q2mwlqo qamwlqo qbmwlqo qcmwlqo r2mwlqo ramwlqo rbmwlqo rcmwlqo s2mwlqo samwlqo sbmwlqo scmwlqo s2mwlqo samwlqo sbmwlqo scmwlqo 
abathvf adkamvb bbwabyr bdkkhor canydle cbbtbwm dengpqq dfmdtye dfoglrj eakigxb ebgmmgv fcdjfha fecaeng gbfiior gequkla hblgswv hcsgpix iebyqph ieceejq ihrhjxy jbxwmac jcmeeaa kbaxuco kcnheht kcslagc lbavcic lbhwrvc lcjuchs mjqtxcj mkmwlqo ndmrvbj noghqsk obwwppj oecctnv oeoetaa paefmif pagdymj peaatly pefyggt qbegphs qblxxas qcreqri rcjymyk rcutncw rerxpqb sbibidf sascsud tceypyt teeevrj uavtmon udximts vboygbo vcourck wafliua wcyhvcy xdsgpur xeewsjb ajmhuym afqjnxa ychaeud yeafrss afxxwpc ahyloee anyadcb awhnhor 
lpapcal 
btdoded btgkamb 
unmwlqo 
abathvf adkamvb bbwabyr bdkkhor canydle cbbtbwm dengpqq dfmdtye dfoglrj eakigxb ebgmmgv fcdjfha fecaeng gbfiior gequkla hblgswv hcsgpix iebyqph ieceejq ihrhjxy jbxwmac jcmeeaa kbaxuco kcnheht kcslagc lbavcic lbhwrvc lcjuchs mjqtxcj mkmwlqo ndmrvbj noghqsk obwwppj oecctnv oeoetaa paefmif pagdymj peaatly pefyggt qbegphs qblxxas qcreqri rcjymyk rcutncw rerxpqb sbibidf sascsud tceypyt teeevrj uavtmon udximts vboygbo vcourck wafliua wcyhvcy xdsgpur xeewsjb ajmhuym afqjnxa ychaeud yeafrss afxxwpc ahyloee anyadcb awhnhor 
zsmwlqo 
FALSE 
abathvf adkamvb bbwabyr bdkkhor canydle cbbtbwm dengpqq dfmdtye dfoglrj eakigxb ebgmmgv fcdjfha fecaeng gbfiior gequkla hblgswv hcsgpix iebyqph ieceejq ihrhjxy jbxwmac jcmeeaa kbaxuco kcnheht kcslagc lbavcic lbhwrvc lcjuchs mjqtxcj mkmwlqo ndmrvbj noghqsk obwwppj oecctnv oeoetaa paefmif pagdymj peaatly pefyggt qbegphs qblxxas qcreqri rcjymyk rcutncw rerxpqb sbibidf sascsud tceypyt teeevrj uavtmon udximts vboygbo vcourck wafliua wcyhvcy xdsgpur xeewsjb ajmhuym afqjnxa ychaeud yeafrss afxxwpc ahyloee anyadcb awhnhor 
TRUE 
rcmwlqo 
fkoxuxf 
abathvf adkamvb bbwabyr bdkkhor canydle cbbtbwm ddtkdgh dengpqq eakigxb ebgmmgv fcdjfha fecaeng gbfiior gequkla hblgswv hcsgpix iebyqph ieceejq ihrhjxy jbxwmac jcmeeaa kbaxuco kcnheht kcslagc lbavcic lbhwrvc lcjuchs maohaot mjqtxcj ndmrvbj ngnxlca obwwppj oecctnv oeoetaa paefmif pagdymj peaatly pefyggt qbegphs qblxxas qcreqri rcjymyk rcutncw rerxpqb sbibidf sascsud tceypyt teeevrj uavtmon udximts vboygbo vcourck wafliua wcyhvcy xdsgpur xeewsjb ajmhuym afqjnxa ychaeud yeafrss afxxwpc ahyloee anyadcb awhnhor ajwodcx 
39mwlqo 3wmwlqo 3xmwlqo 3ymwlqo 3zmwlqo d9cabhc dwcabhc dxcabhc dycabhc dzcabhc exqxwsa eylbald f9oxuxf fwoxuxf fxoxuxf fyoxuxf fzoxuxf f9oxuxf fwoxuxf fxoxuxf fyoxuxf fzoxuxf 
10mwlqo 10mwlqo 
oomwlqo 
FALSE 
abathvf adkamvb bbwabyr bdkkhor canydle cbbtbwm ddtkdgh dengpqq eakigxb ebgmmgv fcdjfha fecaeng gbfiior gbidxei gequkla hblgswv hcsgpix iebyqph ieceejq ihrhjxy jbxwmac jcmeeaa kbaxuco kcnheht kcslagc lbavcic lbhwrvc lcjuchs maohaot mjqtxcj ndmrvbj ngnxlca obwwppj oecctnv oeoetaa paefmif pagdymj peaatly pefyggt qbegphs qblxxas qcreqri rcjymyk rcutncw rerxpqb sbibidf sascsud tceypyt teeevrj uavtmon udximts vboygbo vcourck wafliua wcyhvcy xdsgpur xeewsjb ajmhuym afqjnxa ychaeud yeafrss afxxwpc ahyloee anyadcb awhnhor ajwodcx ajusxrf 
vkmwlqo 
28mwlqo 2tmwlqo 2umwlqo 2vmwlqo b8doded b8gkamb btdoded btgkamb budoded bugkamb bvdoded bvgkamb cugpavd cusnsda cugpavd cusnsda 
lmekyfw 
TRUE 
39mwlqo 3wmwlqo 3xmwlqo 3ymwlqo 3zmwlqo d9cabhc dwcabhc dxcabhc dycabhc dzcabhc exqxwsa eylbald f9oxuxf fwoxuxf fxoxuxf fyoxuxf fzoxuxf f9oxuxf fwoxuxf fxoxuxf fyoxuxf fzoxuxf 
67mwlqo 6pmwlqo 6qmwlqo 6rmwlqo 6smwlqo m7mwlqo mpmwlqo mqmwlqo mrmwlqo msmwlqo n7mwlqo npmwlqo nqmwlqo nrmwlqo nsmwlqo o7mwlqo opmwlqo oqmwlqo ormwlqo osmwlqo o7mwlqo opmwlqo oqmwlqo ormwlqo osmwlqo 
abathvf adkamvb bbwabyr bdkkhor canydle cbbtbwm ddmyonn ddtkdgh dengpqq eakigxb ebgmmgv fcdjfha fecaeng gbfiior gbidxei gequkla hblgswv hcsgpix iebyqph ieceejq ihrhjxy jbxwmac jcmeeaa kbaxuco kcnheht kcslagc ladeoyw lbavcic lbhwrvc maohaot mjqtxcj ndmrvbj ngnxlca obwwppj oecctnv oeoetaa paefmif pagdymj pdgeveg qbegphs qblxxas qcreqri rcjymyk rcutncw rerxpqb sbibidf sascsud tceypyt teeevrj uavtmon udximts vboygbo vcourck wablgqn wafliua wcyhvcy xdsgpur xeewsjb ajmhuym afqjnxa ychaeud yeafrss afxxwpc ahyloee anyadcb awhnhor ajwodcx ajusxrf 

10mwlqo 10mwlqo 
FALSE 
mmmwlqo 
FALSE 
aamoyxr abathvf bbwabyr bdkkhor canydle cbbtbwm ddmyonn ddtkdgh dengpqq eakigxb ebgmmgv fcdjfha fecaeng gbfiior gbidxei gequkla hblgswv hcsgpix iebyqph ieceejq ihrhjxy jbxwmac jcmeeaa kbaxuco kcnheht kcslagc ladeoyw lbavcic lbhwrvc maohaot mjqtxcj ncafrjn ndmrvbj obwwppj oecctnv oeoetaa paefmif pagdymj pdgeveg qbegphs qblxxas qcreqri rcjymyk rcutncw rerxpqb sbibidf sascsud tceypyt teeevrj uavtmon udximts vboygbo vcourck wablgqn wafliua wcyhvcy xdsgpur xeewsjb ajmhuym afqjnxa ychaeud yeafrss afxxwpc ahyloee anyadcb awhnhor ajwodcx ajusxrf 
aamoyxr abathvf bbwabyr bdkkhor canydle cbbtbwm ddmyonn ddtkdgh dengpqq eakigxb ebgmmgv fcdjfha fecaeng gbfiior gbidxei gequkla hblgswv hcsgpix iebyqph ieceejq ihrhjxy jbxwmac jcmeeaa kbaxuco kcnheht kcslagc ladeoyw lbavcic lbhwrvc maohaot mjqtxcj ncafrjn ndmrvbj obwwppj oecctnv oeoetaa paefmif pagdymj pdgeveg qbegphs qblxxas qcreqri rcjymyk rcutncw rerxpqb sbibidf sascsud tceypyt teeevrj uavtmon udximts vboygbo vcourck wablgqn wafliua wcyhvcy xdsgpur xeewsjb ajmhuym afqjnxa ychaeud yeafrss afxxwpc ahyloee anyadcb awhnhor ajwodcx ajusxrf 
aamoyxr abathvf bbwabyr bdkkhor canydle cbbtbwm ddmyonn ddtkdgh dengpqq eakigxb ebgmmgv fcdjfha fecaeng gbfiior gbidxei gequkla hblgswv hcsgpix iebyqph ieceejq ihrhjxy jbxwmac jcmeeaa kbaxuco kcnheht kcslagc ladeoyw lbavcic lbhwrvc maohaot mjqtxcj ncafrjn ndmrvbj obwwppj oecctnv oeoetaa paefmif pagdymj pdgeveg qbegphs qblxxas qcreqri rcjymyk rcutncw rerxpqb sbibidf sascsud tceypyt teeevrj uavtmon udximts vboygbo vcourck wablgqn wafliua wcyhvcy xdsgpur xeewsjb ajmhuym afqjnxa ychaeud yeafrss afxxwpc ahyloee anyadcb awhnhor ajwodcx ajusxrf 
03mwlqo 0dmwlqo 0emwlqo 0fmwlqo 03mwlqo 0dmwlqo 0emwlqo 0fmwlqo 
aamoyxr abathvf bbwabyr bdkkhor canydle cbbtbwm ddmyonn ddtkdgh dengpqq eakigxb ebgmmgv fcdjfha fecaeng gbfiior gbidxei gequkla hblgswv hcsgpix iebyqph ieceejq ihrhjxy jbxwmac jcmeeaa kbaxuco kcnheht kcslagc ladeoyw lbavcic lbhwrvc maohaot mjqtxcj ncafrjn ndmrvbj obwwppj oecctnv oeoetaa paefmif pagdymj pdgeveg qbegphs qblxxas qcreqri rcjymyk rcutncw rerxpqb sbibidf sascsud tceypyt teeevrj uavtmon udximts vboygbo vcourck wablgqn wafliua wcyhvcy xdsgpur xeewsjb ajmhuym afqjnxa ychaeud yeafrss afxxwpc ahyloee anyadcb awhnhor ajwodcx ajusxrf 
aamoyxr abathvf bbwabyr bdkkhor canydle cbbtbwm ddmyonn ddtkdgh dengpqq eakigxb ebgmmgv fcdjfha fecaeng gbfiior gbidxei gequkla hblgswv hcsgpix iebyqph ieceejq ihrhjxy jbxwmac jcmeeaa kbaxuco kcnheht kcslagc ladeoyw lbavcic lbhwrvc maohaot mjqtxcj ncafrjn ndmrvbj obwwppj oecctnv oeoetaa paefmif pagdymj pdgeveg qbegphs qblxxas qcreqri rcjymyk rcutncw rerxpqb sbibidf sascsud tceypyt teeevrj uavtmon ucxudlu vboygbo vcourck wablgqn wafliua wcyhvcy xdsgpur xeewsjb ajmhuym afqjnxa ychaeud yeafrss afxxwpc ahyloee anyadcb awhnhor ajwodcx ajusxrf 
06mwlqo 0mmwlqo 0nmwlqo 0omwlqo 06mwlqo 0mmwlqo 0nmwlqo 0omwlqo 
pemwlqo 
FALSE 
73mwlqo 7dmwlqo 7emwlqo 7fmwlqo p3mwlqo pdmwlqo pemwlqo pfmwlqo q3mwlqo qdmwlqo qemwlqo qfmwlqo r3mwlqo rdmwlqo remwlqo rfmwlqo s3mwlqo sdmwlqo semwlqo sfmwlqo s3mwlqo sdmwlqo semwlqo sfmwlqo 
35mwlqo 3jqtxcj 3kmwlqo 3lmwlqo d5cabhc djcabhc dkcabhc dlcabhc elwwyxa f5oxuxf fjfhjjt fkoxuxf fleqcnr f5oxuxf fjfhjjt fkoxuxf fleqcnr 
FALSE 
FALSE 
aamoyxr abathvf bbwabyr bdaxsxw bdkkhor canydle cbbtbwm daohccp ddmyonn ddtkdgh eakigxb ebgmmgv fcdjfha fecaeng gbfiior gbidxei gequkla hblgswv hcsgpix iebyqph ieceejq iflhumv jbxwmac jcmeeaa kbaxuco kcnheht kcslagc ladeoyw lbavcic lbhwrvc maohaot mjqtxcj ncafrjn ndmrvbj obwwppj oecctnv oeoetaa paefmif pagdymj pdgeveg qbegphs qblxxas qcreqri rcjymyk rcutncw rerxpqb sbibidf sascsud tceypyt teeevrj tenfrfy uavtmon ucxudlu vboygbo vcourck wablgqn wafliua wcyhvcy xdsgpur xeewsjb ajmhuym afqjnxa ychaeud yeafrss afxxwpc ahyloee anyadcb awhnhor ajwodcx ajusxrf aldubje 

aamoyxr abathvf bbwabyr bdaxsxw bdkkhor canydle cbbtbwm daohccp ddmyonn ddtkdgh eakigxb ebgmmgv fcdjfha fecaeng gbfiior gbidxei gequkla hblgswv hcsgpix iebyqph ieceejq iflhumv jbxwmac jcmeeaa kbaxuco kcnheht kcslagc ladeoyw lbavcic lbhwrvc maohaot mjqtxcj ncafrjn ndmrvbj obwwppj oecctnv oeoetaa paefmif pagdymj pdgeveg qbegphs qblxxas qcreqri rcjymyk rcutncw rerxpqb sbibidf sascsud tceypyt teeevrj tenfrfy uavtmon ucxudlu vboygbo vcourck wablgqn wafliua wcyhvcy xdsgpur xeewsjb ajmhuym afqjnxa ychaeud yeafrss afxxwpc ahyloee anyadcb awhnhor ajwodcx ajusxrf aldubje 
aamoyxr abathvf bbwabyr bdaxsxw bdkkhor canydle cbbtbwm daohccp ddmyonn ddtkdgh eakigxb ebgmmgv fcdjfha fecaeng gbfiior gbidxei gequkla hblgswv hcsgpix iebyqph ieceejq iflhumv jbxwmac jcmeeaa kbaxuco kcnheht kcslagc ladeoyw lbavcic lbhwrvc maohaot mjqtxcj ncafrjn ndmrvbj obwwppj oecctnv oeoetaa paefmif pagdymj pdgeveg qbegphs qblxxas qcreqri rcjymyk rcutncw rerxpqb sbibidf sascsud tceypyt teeevrj tenfrfy uavtmon ucxudlu vboygbo vcourck wablgqn wafliua wcyhvcy xdsgpur xeewsjb ajmhuym afqjnxa ychaeud yeafrss afxxwpc ahyloee anyadcb awhnhor ajwodcx ajusxrf aldubje 
19mwlqo 1wmwlqo 1xmwlqo 1ymwlqo 1zmwlqo 19mwlqo 1wmwlqo 1xmwlqo 1ymwlqo 1zmwlqo 
42mwlqo 4aohaot 4bmwlqo 4cmwlqo gbfiior gbidxei h2eidfa haeidfa hblgswv hcsgpix 
83mwlqo 8dmwlqo 8emwlqo 8fmwlqo t3mwlqo tdmwlqo temwlqo tfmwlqo u3mwlqo udmwlqo uemwlqo ufmwlqo v3mwlqo vdmwlqo vemwlqo vfmwlqo v3mwlqo vdmwlqo vemwlqo vfmwlqo 
aamoyxr abathvf bbwabyr bdaxsxw bdkkhor canydle cbbtbwm daohccp ddmyonn ddtkdgh eakigxb ebgmmgv fcdjfha fecaeng gbfiior gbidxei gequkla hblgswv hcsgpix iebyqph ieceejq iflhumv jbxwmac jcmeeaa kbaxuco kcnheht kcslagc ladeoyw lbavcic lbhwrvc maohaot mjqtxcj ncafrjn ndmrvbj oakfaai obwwppj paefmif pagdymj pdgeveg qbegphs qblxxas qcreqri rcjymyk rcutncw rerxpqb sbibidf sascsud tceypyt teeevrj tenfrfy uavtmon ucxudlu vboygbo vcourck wablgqn wafliua wcyhvcy xdsgpur xeewsjb ajmhuym afqjnxa ychaeud yeafrss afxxwpc ahyloee anyadcb awhnhor ajwodcx ajusxrf aldubje 
litwonc 
aamoyxr abathvf abdvwff bagixxl bbwabyr canydle cbbtbwm daohccp ddmyonn ddtkdgh eakigxb ebgmmgv fcdjfha fecaeng gbfiior gbidxei gequkla hblgswv hcsgpix iebyqph ieceejq iflhumv jbxwmac jcmeeaa kbaxuco kcnheht kcslagc ladeoyw lbavcic lbhwrvc maohaot mjqtxcj ncafrjn ndmrvbj oakfaai obwwppj paefmif pagdymj pdgeveg qbegphs qblxxas qcreqri rcjymyk rcutncw rerxpqb sbibidf sascsud tceypyt teeevrj tenfrfy uavtmon ucxudlu vboygbo vcourck wablgqn wafliua wcyhvcy xdsgpur xeewsjb ajmhuym afqjnxa ychaeud yeafrss afxxwpc ahyloee anyadcb awhnhor ajwodcx ajusxrf aldubje 
76mwlqo 7mmwlqo 7nmwlqo 7omwlqo p6mwlqo pmmwlqo pnmwlqo pomwlqo q6mwlqo qmmwlqo qnmwlqo qomwlqo r6mwlqo rmmwlqo rnmwlqo romwlqo s6mwlqo smmwlqo snmwlqo somwlqo s6mwlqo smmwlqo snmwlqo somwlqo 
aamoyxr abathvf abdvwff bagixxl bbwabyr canydle cbbtbwm daohccp ddmyonn ddtkdgh eakigxb ebgmmgv fcdjfha fecaeng gbfiior gbidxei gequkla hblgswv hcsgpix iebyqph ieceejq iflhumv jbxwmac jcmeeaa kbaxuco kcnheht kcslagc ladeoyw lbavcic lbhwrvc maohaot mjqtxcj ncafrjn ndmrvbj oakfaai obwwppj paefmif pagdymj pdgeveg qbegphs qblxxas qcreqri rcjymyk rcutncw rerxpqb sbibidf sascsud tceypyt teeevrj tenfrfy uavtmon ucxudlu vboygbo vcourck wablgqn wafliua wcyhvcy xdsgpur xeewsjb ajmhuym afqjnxa ychaeud yeafrss afxxwpc ahyloee anyadcb awhnhor ajwodcx ajusxrf aldubje artclre 
107.074447 
ladeoyw 
FALSE 
19mwlqo 1wmwlqo 1xmwlqo 1ymwlqo 1zmwlqo 19mwlqo 1wmwlqo 1xmwlqo 1ymwlqo 1zmwlqo 
63mwlqo 6dmwlqo 6emwlqo 6fmwlqo m3mwlqo mdmwlqo memwlqo mfmwlqo n3mwlqo ndmwlqo nemwlqo nfmwlqo o3mwlqo odmwlqo oemwlqo ofmwlqo o3mwlqo odmwlqo oemwlqo ofmwlqo 
aamoyxr abathvf abdvwff bagixxl bbwabyr canydle cbbtbwm daohccp ddmyonn ddtkdgh eakigxb ebgmmgv fcdjfha fecaeng gbfiior gbidxei gequkla hblgswv hcsgpix iebyqph ieceejq iflhumv jbxwmac jcmeeaa kbaxuco kcnheht kcslagc ladeoyw lbavcic lbhwrvc maohaot mjqtxcj ncafrjn ndmrvbj oakfaai obwwppj paefmif pagdymj pdgeveg qbegphs qblxxas qcreqri rcjymyk rcutncw rerxpqb sbibidf sascsud tbqixlj tceypyt uavtmon ucxudlu vboygbo vcourck wablgqn wafliua wcyhvcy xdsgpur xeewsjb ajmhuym afqjnxa ychaeud yeafrss afxxwpc ahyloee anyadcb awhnhor ajwodcx ajusxrf aldubje artclre ajpllen 
scmwlqo 
53mwlqo 5dmwlqo 5emwlqo 5fmwlqo j3akoyt jdpdaqs jeakoyt jfakoyt k3qejaa kdqejaa keqejaa kfqejaa l3apcal l3peybg ldapcal ldpeybg leemvad leoufaw lfapcal lfpeybg l3apcal l3peybg ldapcal ldpeybg leemvad leoufaw lfapcal lfpeybg 
98mwlqo 9tmwlqo 9umwlqo 9vmwlqo w8mwlqo wtmwlqo wumwlqo wvmwlqo x8mwlqo xtmwlqo xumwlqo xvmwlqo y8mwlqo ytmwlqo yumwlqo yvmwlqo z8mwlqo ztmwlqo zumwlqo zvmwlqo z8mwlqo ztmwlqo zumwlqo zvmwlqo 
bcdoded bcgkamb 
qimwlqo 
106.976190 
59mwlqo 5wmwlqo 5xmwlqo 5ymwlqo 5zmwlqo j9akoyt jwavaxc jxveood jyakoyt jzakoyt k9qejaa kwqejaa kxqejaa kyqejaa kzqejaa l9apcal l9peybg lwapcal lwpeybg lxapcal lxpeybg lyapcal lypeybg lzapcal lzpeybg l9apcal l9peybg lwapcal lwpeybg lxapcal lxpeybg lyapcal lypeybg lzapcal lzpeybg 
aamoyxr abathvf abdvwff bagixxl bbwabyr canydle cbbtbwm daohccp ddmyonn ddtkdgh eakigxb ebgmmgv fcdjfha fcaabfx fecaeng gbfiior gbidxei gequkla hblgswv hcsgpix iebyqph ieceejq iflhumv jbxwmac jcmeeaa kbaxuco kcnheht kcslagc ladeoyw lbavcic lbhwrvc maohaot mjqtxcj ncafrjn ndmrvbj oakfaai obwwppj paefmif pagdymj pdgeveg qbegphs qblxxas qcreqri rcjymyk rcutncw rerxpqb sbibidf sascsud tbqixlj tceypyt uavtmon ucxudlu vboygbo vcourck wablgqn wafliua wcyhvcy xdsgpur xeewsjb ajmhuym afqjnxa ychaeud yeafrss afxxwpc ahyloee anyadcb awhnhor ajwodcx ajusxrf aldubje artclre ajpllen auggash 
aamoyxr abathvf abdvwff bagixxl bbwabyr canydle cbbtbwm daohccp ddmyonn ddtkdgh eakigxb ebgmmgv fcdjfha fcaabfx fecaeng gbfiior gbidxei gequkla hblgswv hcsgpix iebyqph ieceejq iflhumv jbxwmac jcmeeaa kbaxuco kcnheht kcslagc ladeoyw lbavcic lbhwrvc maohaot mjqtxcj ncafrjn ndmrvbj oakfaai obwwppj paefmif pagdymj pdgeveg qbegphs qblxxas qcreqri rcjymyk rcutncw rerxpqb sbibidf sascsud tbqixlj tceypyt uavtmon ucxudlu vboygbo vcourck wablgqn wafliua wcyhvcy xdsgpur xeewsjb ajmhuym afqjnxa ychaeud yeafrss afxxwpc ahyloee anyadcb awhnhor ajwodcx ajusxrf aldubje artclre ajpllen auggash 
