
FALSE 
jjlnaab jjshduc oeewcqa pbpracc rssbddb rvadabw sixfitu uahampe udtpmcb wyldgla 

FALSE 

cdyhhym dwaivro jjlnaab jjshduc oeewcqa pbpracc qhmkgny rssbddb rvadabw sixfitu uahampe udtpmcb wyldgla 
cdyhhym dwaivro imtdhqc jjlnaab jjshduc oeewcqa pbpracc qhmkgny rrallka rssbddb sixfitu uahampe udtpmcb wyldgla 

FALSE 

FALSE 
ahjfaaa cdyhhym dwaivro dyclgap gdqxjxi imtdhqc jgludxt jjlnaab jjshduc kxtfsmy oeewcqa pbpracc qhmkgny rrallka rssbddb sixfitu uahampe udtpmcb vbjtvsb wihlyfs wyldgla 



acokmpq ahjfaaa barglav cdyhhym dwaivro dyclgap gdqxjxi imtdhqc jgludxt jjlnaab jjshduc kcmrxar kxtfsmy oeewcqa pbpracc qhmkgny rrallka rssbddb sixfitu tgtawgx uahampe udtpmcb vbjtvsb wihlyfs wwkjogh 

acokmpq ahjfaaa barglav cbhhiwj cdyhhym dwaivro dyclgap gdqxjxi imtdhqc iumfyiw jgludxt jjlnaab jjshduc kcmrxar kxtfsmy oeewcqa pbpracc qhmkgny rrallka rrneqiv rssbddb sixfitu tgtawgx uahampe udtpmcb vbjtvsb wihlyfs wwkjogh xsqqeax 
9bpracc wbpracc xbpracc ybpracc zbpracc zbpracc 


FALSE 
acokmpq ahjfaaa barglav cbhhiwj cdyhhym dchwrwl ddkuigr ehervym gbevlov gdqxjxi imtdhqc iumfyiw jgludxt jjlnaab jjshduc kcmrxar kxtfsmy mgyiyha mwdcmyu oeewcqa pbpracc qhmkgny rrallka rrneqiv rssbddb sixfitu tgtawgx uahampe udtpmcb vbjtvsb vuswtth wihlyfs wwkjogh xsqqeax avqyhoj ywtixdx 

acokmpq aevamvw barglav cbhhiwj cdyhhym dchwrwl ddkuigr ehervym eslevvq fpcgbda gbevlov gdqxjxi imtdhqc iumfyiw jgludxt jjlnaab jjshduc kcmrxar kxtfsmy mgyiyha mwdcmyu oeewcqa pbpracc pdfnsmd qhmkgny rrallka rrneqiv rssbddb sixfitu tgtawgx uahampe udtpmcb vbjtvsb vuswtth wihlyfs wwkjogh xsqqeax avqyhoj ywtixdx 

acokmpq aevamvw barglav cbhhiwj cdyhhym dchwrwl ddkuigr ehervym eslevvq fpcgbda gbevlov gdqxjxi imtdhqc iumfyiw jgludxt jjlnaab jjshduc kcmrxar kxtfsmy mgyiyha misvfcl oeewcqa pbpracc pdfnsmd qfncgnh qhmkgny rrallka rrneqiv rssbddb sixfitu tgtawgx tonlhtv uahampe udtpmcb vbjtvsb vqkqcqy wihlyfs wwkjogh xsqqeax avqyhoj ywtixdx 


jnjjsid 


acokmpq aevamvw barglav bybmmqu cbhhiwj cdyhhym dchwrwl ddkuigr ehervym emxbdcv fpcgbda gbevlov gdqxjxi hgxgbcd imtdhqc iumfyiw jgludxt jjlnaab jjshduc kcmrxar kxtfsmy mgyiyha misvfcl oeewcqa okindyp pbpracc pdfnsmd qfncgnh qhmkgny rqugacy rrallka rrneqiv sixfitu tgtawgx tonlhtv uahampe udtpmcb vbjtvsb vqkqcqy wihlyfs wwkjogh xotxaqn xsqqeax avqyhoj yilfkfw ywtixdx 


108.370821 
1dfnsmd 1dfnsmd 
FALSE 
acokmpq aevamvw barglav bybmmqu cbhhiwj cdyhhym dchwrwl ddkuigr ehervym emxbdcv fpcgbda gbevlov gdqxjxi hcbojrm hgxgbcd imtdhqc iumfyiw jgludxt jjlnaab jjshduc kcmrxar kxtfsmy mgyiyha misvfcl oeewcqa okindyp pbpracc pdfnsmd qfncgnh qhmkgny rqugacy rrallka rrneqiv sixfitu sjjnoow tgtawgx tonlhtv uahampe udtpmcb vbjtvsb vqkqcqy wihlyfs wwkjogh xotxaqn xsqqeax avqyhoj yilfkfw ywtixdx 


acokmpq aevamvw barglav bbltflo cacjisa cbhhiwj dchwrwl ddkuigr ehervym emxbdcv fpcgbda gbevlov gdqxjxi hcbojrm hgxgbcd imtdhqc iumfyiw jgludxt jjlnaab jjshduc kcmrxar kxtfsmy lxukccj mgyiyha misvfcl nqrfdwn oeewcqa ofmvaxb pbpracc pdfnsmd qfncgnh qhmkgny rqugacy rrallka rrneqiv sixfitu sjjnoow tbyecaq tgtawgx uahampe udtpmcb vbjtvsb vckkemv wihlyfs wwkjogh xotxaqn xsqqeax avqyhoj yilfkfw ywtixdx 
acokmpq aevamvw barglav bbltflo cacjisa cbhhiwj dchwrwl ddkuigr ehervym emxbdcv fpcgbda gbevlov gdqxjxi hcbojrm hgxgbcd imtdhqc iumfyiw jgludxt jjlnaab jjshduc kcmrxar kxtfsmy lxukccj mgyiyha misvfcl nqrfdwn oeewcqa ofmvaxb pbpracc pdfnsmd qfncgnh qhmkgny rqugacy rrallka rrneqiv sixfitu sjjnoow tbyecaq tgtawgx uahampe udtpmcb vbjtvsb vckkemv wihlyfs wwkjogh xotxaqn xsqqeax avqyhoj yilfkfw ywtixdx 
acokmpq aevamvw barglav bbltflo cacjisa cbhhiwj dchwrwl ddkuigr ehervym emxbdcv fpcgbda fuaqold gbevlov gdqxjxi hcbojrm hgxgbcd imtdhqc iumfyiw jgludxt jjlnaab jjshduc kcmrxar kxtfsmy lxukccj mgyiyha misvfcl nqrfdwn oeewcqa ofmvaxb pbpracc pdfnsmd qfncgnh qhmkgny rqugacy rrallka rrneqiv sixfitu sjjnoow tbyecaq tgtawgx uahampe udtpmcb vbjtvsb vckkemv wihlyfs wwkjogh xltentv xotxaqn avqyhoj yilfkfw ywtixdx 
108.050420 
64oiyhs 6goiyhs 6hoiyhs 6ioiyhs mgyiyha misvfcl 
107.978022 
acokmpq aevamvw barglav bbltflo cacjisa cbhhiwj dchwrwl ddkuigr edkpmcs egsnnyc fpcgbda fuaqold gbevlov gdqxjxi hcbojrm hgxgbcd imtdhqc iumfyiw jgludxt jjlnaab jjshduc kcmrxar kxtfsmy lxukccj mgyiyha misvfcl nqrfdwn oeewcqa ofmvaxb pbpracc pdfnsmd qfncgnh qhmkgny rqugacy rrallka rrneqiv sixfitu sjjnoow tbyecaq tgtawgx uahampe udtpmcb vbjtvsb vckkemv wdaekpu wihlyfs xltentv xotxaqn avqyhoj yilfkfw ywtixdx agnmqqn asnucfa 
89oiyhs 8woiyhs 8xoiyhs 8yoiyhs 8zoiyhs t9oiyhs twoiyhs txoiyhs tyoiyhs tzoiyhs u9oiyhs uwoiyhs uxoiyhs uyoiyhs uzoiyhs v9oiyhs vwoiyhs vxoiyhs vyoiyhs vzoiyhs v9oiyhs vwoiyhs vxoiyhs vyoiyhs vzoiyhs 
acokmpq aevamvw barglav bbltflo cacjisa cbhhiwj dchwrwl ddkuigr edkpmcs egsnnyc fpcgbda fuaqold gbevlov gdqxjxi hcbojrm hgxgbcd imtdhqc iumfyiw jgludxt jjlnaab jjshduc kcmrxar kslqegw lxukccj mgyiyha misvfcl nqrfdwn oeewcqa ofmvaxb pbpracc pdfnsmd qfncgnh qhmkgny rqugacy rrallka rrneqiv sixfitu sjjnoow tbyecaq tgtawgx uahampe udtpmcb vbjtvsb vckkemv wdaekpu wihlyfs xiudmmw xltentv avqyhoj yilfkfw ywtixdx agnmqqn asnucfa 
acokmpq aevamvw barglav bbltflo cacjisa cbhhiwj dchwrwl ddkuigr ebtdmar edkpmcs fpcgbda fuaqold fuisnac gbevlov gdqxjxi hcbojrm hgxgbcd ifkqnbg imtdhqc jgludxt jjlnaab jjshduc kcmrxar kslqegw lxukccj mgyiyha misvfcl nqrfdwn oeewcqa ofmvaxb pbpracc pdfnsmd qfncgnh qhmkgny rqugacy rrallka rrneqiv sixfitu sjjnoow tbyecaq tgtawgx uahampe udtpmcb vbjtvsb vckkemv wdaekpu wihlyfs xiudmmw xltentv avqyhoj yilfkfw ywtixdx agnmqqn asnucfa asdaugp 
fuaqold fuisnac 
acokmpq aevamvw barglav bbltflo cacjisa cbhhiwj dchwrwl ddkuigr ebtdmar edkpmcs fpcgbda fuaqold fuisnac gbevlov gdqxjxi hcbojrm hgxgbcd ifkqnbg imtdhqc jgludxt jjlnaab jjshduc kcmrxar kslqegw lxukccj mgyiyha misvfcl nqrfdwn oeewcqa ofmvaxb pbpracc pdfnsmd qfncgnh qhmkgny rqugacy rrallka rrneqiv sixfitu sjjnoow tbyecaq tgtawgx uahampe udtpmcb vbjtvsb vckkemv wdaekpu wihlyfs xiudmmw xltentv avqyhoj yilfkfw ywtixdx agnmqqn asnucfa asdaugp 

xaoiyhs 
107.631169 
acokmpq aevamvw barglav bbltflo cacjisa cbhhiwj dchwrwl ddkuigr ebtdmar edkpmcs fpcgbda fuaqold fuisnac gbevlov gdqxjxi hcbojrm hgxgbcd ifkqnbg imtdhqc jgludxt jjlnaab jjshduc kcmrxar kqqoigy lxukccj mgyiyha misvfcl nqrfdwn oeewcqa ofmvaxb pbpracc pdfnsmd qfncgnh qhmkgny rqugacy rrallka rrneqiv sixfitu sjjnoow tbyecaq tgtawgx uahampe udtpmcb vbjtvsb vckkemv wdaekpu wihlyfs xiudmmw xltentv avqyhoj yilfkfw ywtixdx agnmqqn asnucfa asdaugp 
40oiyhs 
86oiyhs 8moiyhs 8nblexw 8ooiyhs t6oiyhs tmoiyhs tnblexw tooiyhs u6oiyhs umoiyhs unblexw uooiyhs v6oiyhs vmoiyhs vnblexw vooiyhs v6oiyhs vmoiyhs vnblexw vooiyhs 
acokmpq aevamvw barglav bbltflo cacjisa cbhhiwj dchwrwl ddkuigr ebtdmar edkpmcs fpcgbda fuaqold fuisnac gbevlov gdqxjxi hcbojrm hgxgbcd ibeqgcr ifkqnbg jgludxt jjlnaab jjshduc kcmrxar kqqoigy lxukccj mgyiyha misvfcl nqrfdwn oeewcqa ofmvaxb pbpracc pdfnsmd qfncgnh qhmkgny rqugacy rrallka rrneqiv sixfitu sjjnoow tbyecaq tgtawgx uahampe udtpmcb vbjtvsb vckkemv wdaekpu wihlyfs xiudmmw xltentv avqyhoj yilfkfw ywtixdx agnmqqn asnucfa asdaugp 
acokmpq aevamvw barglav bbltflo cacjisa cbhhiwj dchwrwl ddkuigr ebtdmar edkpmcs fpcgbda fuaqold fuisnac gbevlov gdqxjxi hcbojrm hgxgbcd ibeqgcr ifkqnbg jgludxt jjlnaab jjshduc kcmrxar kqqoigy lxukccj mgyiyha misvfcl nqrfdwn oeewcqa ofmvaxb pbpracc pdfnsmd qdrwnpi qfncgnh rqugacy rrallka rrneqiv sixfitu sjjnoow tbyecaq tgtawgx uahampe udtpmcb vbjtvsb vckkemv wdaekpu wihlyfs xiudmmw xltentv avqyhoj yilfkfw ywtixdx agnmqqn asnucfa asdaugp 
saoiyhs 
weoiyhs 
acokmpq aevamvw barglav bbltflo cacjisa cbhhiwj dchwrwl ddkuigr ebtdmar edkpmcs fpcgbda fuaqold fuisnac gbevlov gdqxjxi hcbojrm hgxgbcd ibeqgcr ifkqnbg jgludxt jjlnaab jjshduc kcmrxar kqqoigy lxukccj mgyiyha misvfcl nqrfdwn oeewcqa ofmvaxb pbpracc pdfnsmd qdrwnpi qewlald rpuwgjd rqugacy sixfitu sjjnoow tbyecaq tgtawgx uahampe udtpmcb vbjtvsb vckkemv wdaekpu wihlyfs xiudmmw xltentv avqyhoj yilfkfw ywtixdx agnmqqn asnucfa asdaugp 
37oiyhs 3poiyhs 3qoiyhs 3roiyhs 3soiyhs drifvup eslevvq fpcgbda fpcgbda 
59oiyhs 5woiyhs 5xoiyhs 5yoiyhs 5zoiyhs jxahvvi kxtfsmy lxukccj lxukccj 
acokmpq aevamvw barglav bbltflo cacjisa cbhhiwj dchwrwl ddkuigr ebtdmar edkpmcs fjajyxh fpcgbda gbevlov gdqxjxi hcbojrm hgxgbcd iasfjua ibeqgcr jgludxt jjlnaab jjshduc kcmrxar kqqoigy lxukccj mgyiyha misvfcl nqrfdwn oeewcqa ofmvaxb pbdyvyj pbpracc pdfnsmd qdrwnpi qewlald rpuwgjd rqugacy sixfitu sjjnoow tbyecaq tgtawgx uahampe udtpmcb vbjtvsb vckkemv wdaekpu wgoxaar xiudmmw xltentv avqyhoj yilfkfw ywtixdx agnmqqn asnucfa asdaugp asgbnsq 
acokmpq aevamvw barglav bbltflo cacjisa cbhhiwj dchwrwl ddkuigr ebtdmar edkpmcs fjajyxh fpcgbda gbevlov gdqxjxi hcbojrm hgxgbcd iasfjua ibeqgcr jgludxt jjlnaab jjshduc kcmrxar kqqoigy lxukccj mgyiyha misvfcl nqrfdwn oeewcqa ofmvaxb pbdyvyj pbpracc pdfnsmd qdrwnpi qewlald rpuwgjd rqugacy sixfitu sjjnoow tbyecaq tgtawgx uahampe udtpmcb vbjtvsb vckkemv wdaekpu wgoxaar xiudmmw xltentv avqyhoj yilfkfw ywtixdx agnmqqn asnucfa asdaugp asgbnsq 

hgxgbcd 

acokmpq aevamvw barglav bbltflo cacjisa cbhhiwj dchwrwl ddkuigr ebtdmar edkpmcs fjajyxh fpcgbda gbevlov gdqxjxi hcbojrm heqljnp iasfjua ibeqgcr jgludxt jjlnaab jjshduc kcmrxar kqqoigy lxukccj mgyiyha misvfcl nqrfdwn oeewcqa ofmvaxb pbdyvyj pbpracc pdfnsmd qdrwnpi qewlald rlmijma rpuwgjd sixfitu sjjnoow tbyecaq tgtawgx uahampe udtpmcb vbjtvsb vckkemv wdaekpu wgoxaar xiudmmw xltentv avqyhoj yilfkfw ywtixdx ywajsnv agnmqqn asnucfa asdaugp asgbnsq 
acokmpq aevamvw barglav bbltflo cacjisa cbhhiwj dchwrwl ddkuigr ebtdmar edkpmcs fjajyxh fpcgbda gbevlov gdqxjxi hcbojrm heqljnp iasfjua ibeqgcr jgludxt jjlnaab jjshduc kcmrxar kqqoigy lxukccj mgyiyha misvfcl nqrfdwn oeewcqa ofmvaxb pbdyvyj pbpracc pdfnsmd qdrwnpi qewlald rlmijma rpuwgjd sixfitu sjjnoow tbyecaq tgtawgx uahampe udtpmcb vbjtvsb vckkemv wdaekpu wgoxaar xiudmmw xltentv avqyhoj yilfkfw ywtixdx ywajsnv agnmqqn asnucfa asdaugp asgbnsq 
107.811224 
vjhhaul vjoiyhs 

52hhaul 52oiyhs 5ahhaul 5aoiyhs 5bdyvyj 5bpracc 5chhaul 5coiyhs kcmrxar 
gtmwasx 
35hhaul 35oiyhs 3jhhaul 3joiyhs 3khhaul 3koiyhs 3lhhaul 3loiyhs dkqnhby fjajyxh fjajyxh 

99hhaul 99oiyhs 9whhaul 9woiyhs 9xhhaul 9xoiyhs 9yhhaul 9yoiyhs 9zhhaul 9zoiyhs w9hhaul w9oiyhs wwhhaul wwoiyhs wxhhaul wxoiyhs wyhhaul wyoiyhs wzhhaul wzoiyhs x9hhaul x9oiyhs xwhhaul xwoiyhs xxhhaul xxoiyhs xyhhaul xyoiyhs xzhhaul xzoiyhs y9hhaul y9oiyhs ywhhaul ywoiyhs yxhhaul yxoiyhs yyhhaul yyoiyhs yzhhaul yzoiyhs z9hhaul z9oiyhs zwhhaul zwoiyhs zxhhaul zxoiyhs zyhhaul zyoiyhs zzhhaul zzoiyhs z9hhaul z9oiyhs zwhhaul zwoiyhs zxhhaul zxoiyhs zyhhaul zyoiyhs zzhhaul zzoiyhs 
acokmpq aevamvw barglav bbltflo cacjisa cbhhiwj dchwrwl ddkuigr ebtdmar edkpmcs fjajyxh fpcgbda gbevlov gdqxjxi hcbojrm heqljnp iasfjua ibeqgcr jgludxt jjlnaab jjshduc kcmrxar kenegfr lxukccj mejeqlc mgyiyha nqfxihy nqrfdwn oeewcqa ofmvaxb pbdyvyj pbpracc pdfnsmd qdrwnpi qewlald rlmijma rpuwgjd sixfitu sjjnoow tbyecaq tcwvaal uahampe udtpmcb vbjtvsb vckkemv wdaekpu wgoxaar xiudmmw xltentv avqyhoj yilfkfw ywtixdx ywajsnv agnmqqn asnucfa asdaugp asgbnsq alniybr asuathy 
19hhaul 19oiyhs 1whhaul 1woiyhs 1xhhaul 1xoiyhs 1yhhaul 1yoiyhs 1zhhaul 1zoiyhs 19hhaul 19oiyhs 1whhaul 1woiyhs 1xhhaul 1xoiyhs 1yhhaul 1yoiyhs 1zhhaul 1zoiyhs 
acokmpq aevamvw barglav bbltflo cacjisa cbhhiwj dchwrwl ddkuigr ebtdmar edkpmcs fjajyxh fpcgbda gbevlov gdqxjxi hcbojrm heqljnp iasfjua ibeqgcr jgludxt jjlnaab jjshduc kcmrxar kenegfr lfohkft lusroma mejeqlc mgyiyha ngggaco nqfxihy nqrfdwn oeewcqa ofmvaxb pbdyvyj pbpracc pdfnsmd qdrwnpi qewlald rlmijma rpuwgjd sixfitu sjjnoow tbyecaq tcwvaal uahampe udtpmcb vbjtvsb vckkemv wdaekpu wgoxaar xiudmmw xltentv avqyhoj yilfkfw ywtixdx ywajsnv agnmqqn asnucfa asdaugp asgbnsq alniybr asuathy amjatau 
66hhaul 66oiyhs 6mhhaul 6moiyhs 6nblexw 6ohhaul 6ooiyhs mnofbru molfadt onsahfe oovndvw onsahfe oovndvw 
09hhaul 09oiyhs 0whhaul 0woiyhs 0xhhaul 0xoiyhs 0yhhaul 0yoiyhs 0zhhaul 0zoiyhs 09hhaul 09oiyhs 0whhaul 0woiyhs 0xhhaul 0xoiyhs 0yhhaul 0yoiyhs 0zhhaul 0zoiyhs 
acokmpq aevamvw barglav bbltflo cacjisa cbhhiwj dchwrwl ddkuigr ebtdmar edkpmcs fjajyxh fpcgbda gbevlov gdqxjxi hcbojrm heqljnp iasfjua ibeqgcr jgludxt jjlnaab jjshduc kcmrxar kenegfr lfohkft lusroma mejeqlc mgyiyha ngggaco nqfxihy nqrfdwn oeewcqa ofmvaxb pbdyvyj pbpracc pdfnsmd qdrwnpi qewlald rlmijma rpuwgjd sixfitu sjjnoow tbyecaq tcwvaal uahampe udtpmcb vbjtvsb vckkemv wdaekpu wgoxaar xehumbs xiudmmw avqyhoj yilfkfw ywtixdx ywajsnv agnmqqn asnucfa asdaugp asgbnsq alniybr asuathy amjatau 
acokmpq aevamvw barglav bbltflo cacjisa cbhhiwj dchwrwl ddkuigr ebtdmar edkpmcs fjajyxh fpcgbda gbevlov gdqxjxi hcbojrm heqljnp iasfjua ibeqgcr jgludxt jjlnaab jjshduc kcmrxar kenegfr lfohkft lusroma mejeqlc mgyiyha ngggaco nqfxihy nqrfdwn oeewcqa ofmvaxb pbdyvyj pbpracc pdfnsmd qdrwnpi qewlald rlapkgh rlmijma rpuwgjd sixfitu sjjnoow tbyecaq tcwvaal uahampe udtpmcb vbjtvsb vckkemv wdaekpu wgoxaar xehumbs xiudmmw avqyhoj yilfkfw ywtixdx ywajsnv agnmqqn asnucfa asdaugp asgbnsq alniybr asuathy amjatau 
acokmpq aevamvw barglav bbltflo cacjisa cbhhiwj dchwrwl ddkuigr ebtdmar edkpmcs fbbpkjj fjajyxh gbevlov gdqxjxi hcbojrm heqljnp iasfjua ibeqgcr jbjpvde jgludxt kcmrxar kenegfr lfohkft lusroma mejeqlc mgyiyha ngggaco nqfxihy nqrfdwn oeewcqa ofmvaxb pbdyvyj pbpracc pdfnsmd qdrwnpi qewlald rlapkgh rlmijma rpuwgjd sgyybux sixfitu tbyecaq tcwvaal uahampe udtpmcb vbjtvsb vckkemv wdaekpu wgoxaar xehumbs xiudmmw xiupsxp avqyhoj yilfkfw yqfksxr agnmqqn asnucfa asdaugp asgbnsq alniybr asuathy amjatau 
FALSE 
acokmpq aevamvw barglav bbltflo cacjisa cbhhiwj dchwrwl ddkuigr ebtdmar edkpmcs fbbpkjj fjajyxh gbevlov gdqxjxi hcbojrm heqljnp iasfjua ibeqgcr jbjpvde jgludxt kcmrxar kenegfr lfohkft lusroma maafqwi mejeqlc ngggaco nqfxihy nqrfdwn oeewcqa ofmvaxb pbdyvyj pbpracc pdfnsmd qdrwnpi qewlald rlapkgh rlmijma rpuwgjd sgyybux sixfitu tbyecaq tcwvaal uahampe udtpmcb vbjtvsb vckkemv wdaekpu wgoxaar xehumbs xiudmmw xiupsxp avqyhoj yilfkfw yngtssk agnmqqn asnucfa asdaugp asgbnsq alniybr asuathy amjatau 
FALSE 
acokmpq aevamvw barglav bbltflo cacjisa cbhhiwj dchwrwl ddkuigr ebtdmar edkpmcs fbbpkjj fjajyxh gbevlov gdqxjxi hcbojrm heqljnp iasfjua ibeqgcr jbjpvde jgludxt kcmrxar kenegfr lfohkft lusroma maafqwi mbaxhht ngggaco nmcdqlv oeewcqa ofmvaxb pbdyvyj pbpracc pdfnsmd qdrwnpi qewlald rlapkgh rlmijma rpuwgjd sgyybux sixfitu tbyecaq tcwvaal uahampe udtpmcb vbjtvsb vckkemv wdaekpu wgoxaar xehumbs xiudmmw xiupsxp avqyhoj yilfkfw yngtssk agnmqqn asnucfa asdaugp asgbnsq alniybr asuathy amjatau awqnbhu 
84hhaul 84oiyhs 8ghhaul 8goiyhs 8hhhaul 8hoiyhs 8ihhaul 8ioiyhs t4hhaul t4oiyhs tghhaul tgoiyhs thhhaul thoiyhs tihhaul tioiyhs u4hhaul u4oiyhs ughhaul ugoiyhs uhhhaul uhoiyhs uihhaul uioiyhs v4hhaul v4oiyhs vghhaul vgoiyhs vhhhaul vhoiyhs vihhaul vioiyhs v4hhaul v4oiyhs vghhaul vgoiyhs vhhhaul vhoiyhs vihhaul vioiyhs 
FALSE 
35hhaul 35oiyhs 3jhhaul 3joiyhs 3khhaul 3koiyhs 3lgendb dkqnhby e5wkjxm ejwkjxm ekwkjxm elwkjxm fjajyxh fjajyxh 
30hhaul 30oiyhs e0wkjxm 
acokmpq aevamvw barglav bbltflo cacjisa cbhhiwj dchwrwl ddkuigr ebtdmar edkpmcs fbbpkjj fjajyxh gbevlov gdqxjxi hcbojrm hefmpmp heqljnp iasfjua ibeqgcr jbjpvde jgludxt kcmrxar kenegfr lfohkft lusroma maafqwi mbaxhht ngggaco nmcdqlv odhufac oeewcqa pbdyvyj pbpracc pdfnsmd qdrwnpi qewlald rlapkgh rlmijma rpuwgjd sbcfhgl sgyybux tbyecaq tcwvaal uahampe udtpmcb vbjtvsb vckkemv wdaekpu wgoxaar xehumbs xiudmmw xiupsxp avqyhoj yilfkfw yngtssk agnmqqn asnucfa asdaugp asgbnsq alniybr asuathy amjatau awqnbhu 

64hhaul 64oiyhs 6ghhaul 6goiyhs 6hhhaul 6hoiyhs 6ihhaul 6ioiyhs mgyiyha misvfcl ngggaco ohvjspe ohvjspe 
23hhaul 23oiyhs 2dfnsmd 2ehhaul 2eoiyhs 2fhhaul 2foiyhs aevamvw bdgypqd bfaegqp cdashfx cdyhhym cdashfx cdyhhym 
63hhaul 63oiyhs 6dfnsmd 6ehhaul 6eoiyhs 6fhhaul 6foiyhs mejeqlc odhufac oeewcqa ofmvaxb odhufac oeewcqa ofmvaxb 
FALSE 
FALSE 
srhhaul sroiyhs 
TRUE 
107.210884 
acokmpq aevamvw barglav bbltflo cacjisa cbhhiwj dchwrwl ddkuigr ebtdmar edkpmcs fbbpkjj fjajyxh gbevlov gdqxjxi hcbojrm hefmpmp heqljnp iasfjua ibeqgcr jbjpvde jebvbua kcmrxar kenegfr lfohkft lusroma maafqwi mbaxhht necnwwf ngggaco odhufac oeewcqa pbdyvyj pbpracc pdfnsmd qdrwnpi qewlald rlapkgh rlmijma rpuwgjd sbcfhgl sgyybux tbyecaq tcwvaal uahampe udtpmcb vbjtvsb vckkemv wdaekpu wgoxaar xbdrcsc xehumbs avqyhoj yilfkfw yngtssk agnmqqn asnucfa asdaugp asgbnsq alniybr asuathy amjatau awqnbhu aoyfrpo 

acokmpq aevamvw barglav bbltflo cacjisa cbhhiwj dchwrwl ddkuigr ebtdmar edkpmcs fbbpkjj fjajyxh gbevlov gdqxjxi hcbojrm hefmpmp heqljnp iasfjua ibeqgcr jbjpvde jebvbua kcmrxar kenegfr lfohkft lusroma maafqwi mbaxhht necnwwf ngggaco odhufac oeewcqa pbdyvyj pbpracc pdfnsmd qdrwnpi qewlald rlapkgh rlmijma rpuwgjd sbcfhgl sgyybux tbyecaq tcwvaal uahampe udtpmcb vbjtvsb vckkemv wdaekpu wgoxaar xbdrcsc xehumbs avqyhoj ycxmgkw yilfkfw agnmqqn asnucfa asdaugp asgbnsq alniybr asuathy amjatau awqnbhu aoyfrpo 
27hhaul 27oiyhs 2phhaul 2poiyhs 2qhhaul 2qoiyhs 2rhhaul 2roiyhs 2shhaul 2soiyhs appatkf bqyrmqx brotucn 
FALSE 
acokmpq aevamvw barglav bbltflo cacjisa cbhhiwj dchwrwl ddkuigr ebtdmar edkpmcs fbbpkjj fjajyxh gbevlov gdqxjxi hcbojrm hefmpmp heqljnp iasfjua ibeqgcr jbjpvde jebvbua kcmrxar kenegfr lfohkft lusroma maafqwi mbaxhht necnwwf ngggaco odhufac oeewcqa pbdyvyj pbpracc pdfnsmd qdrwnpi qewlald rlapkgh rlmijma rpuwgjd sbcfhgl sgyybux tbyecaq tcwvaal uahampe ubvodpa ubxfefv vbjtvsb vckkemv wdaekpu wgoxaar xbdrcsc xehumbs avqyhoj ycxmgkw yilfkfw agnmqqn asnucfa asdaugp asgbnsq alniybr asuathy amjatau awqnbhu aoyfrpo 
TRUE 
107.259740 
107.259740 
95hhaul 95oiyhs 9jhhaul 9joiyhs 9khhaul 9koiyhs 9lgendb w5hhaul w5oiyhs wjhhaul wjoiyhs wkhhaul wkoiyhs wlgendb x5hhaul x5oiyhs xjhhaul xjoiyhs xkhhaul xkoiyhs xlgendb y5hhaul y5oiyhs yjhhaul yjoiyhs ykhhaul ykoiyhs ylgendb z5hhaul z5oiyhs zjhhaul zjoiyhs zkhhaul zkoiyhs zlgendb z5hhaul z5oiyhs zjhhaul zjoiyhs zkhhaul zkoiyhs zlgendb 
acokmpq aevamvw barglav bbltflo cacjisa cbhhiwj dchwrwl ddkuigr ebtdmar edkpmcs fbbpkjj fjajyxh gbevlov gdqxjxi hcbojrm hefmpmp heqljnp iasfjua ibeqgcr jbjpvde jebvbua kcmrxar kenegfr lfohkft lusroma maafqwi mbaxhht necnwwf ngggaco odhufac oeewcqa pbdyvyj pbpracc pdfnsmd qdrwnpi qewlald rlapkgh rlmijma rpuwgjd sbcfhgl sgyybux tbyecaq tcwvaal uahampe ubvodpa ubxfefv vbjtvsb vckkemv wdaekpu wgoxaar xbdrcsc xehumbs avqyhoj ycfbqws ycxmgkw yilfkfw agnmqqn asnucfa asdaugp asgbnsq alniybr asuathy amjatau awqnbhu aoyfrpo anvlcqo 
FALSE 
acokmpq aevamvw barglav bbltflo cacjisa cbhhiwj dchwrwl ddkuigr ebtdmar edkpmcs fbbpkjj fjajyxh gbevlov gdqxjxi hcbojrm hefmpmp heqljnp iasfjua ibeqgcr jbjpvde jebvbua kcmrxar kenegfr lfohkft lusroma maafqwi mbaxhht necnwwf ngggaco odhufac oeewcqa pbdyvyj pbpracc pdfnsmd qdrwnpi qewlald rlapkgh rlmijma rpuwgjd sbcfhgl sgyybux tbyecaq tcwvaal uahampe ubvodpa ubxfefv vbjtvsb vckkemv wdaekpu wgoxaar xbdrcsc xehumbs avqyhoj ycfbqws ycxmgkw yilfkfw agnmqqn asnucfa asdaugp asgbnsq alniybr asuathy amjatau awqnbhu aoyfrpo anvlcqo 
TRUE 

00hhaul 00oiyhs 00hhaul 00oiyhs 
107.258403 
76hhaul 76oiyhs 7mtxfcs 7nblexw 7ohhaul 7ooiyhs p6hhaul p6oiyhs pmtxfcs pnblexw pohhaul pooiyhs q6hhaul q6oiyhs qmtxfcs qnblexw qohhaul qooiyhs r6hhaul r6oiyhs rmtxfcs rnblexw rohhaul rooiyhs s6hhaul s6oiyhs smtxfcs snblexw sohhaul sooiyhs s6hhaul s6oiyhs smtxfcs snblexw sohhaul sooiyhs 
imtdhqc 
mnofbru 
107.069388 
47hhaul 47oiyhs 4phhaul 4poiyhs 4qhhaul 4qoiyhs 4rhhaul 4roiyhs 4shhaul 4soiyhs g7huqap gphuqap gqhuqap grhuqap gshuqap hriljma hsbtusu i7uaran ipuaran iquaran iruaran isuaran i7uaran ipuaran iquaran iruaran isuaran 

acokmpq aevamvw barglav bbltflo cacjisa cbhhiwj dchwrwl ddkuigr ebtdmar edkpmcs fbbpkjj fhpuvae gbevlov gcklcpb gcruqsd hcbojrm hefmpmp heqljnp iasfjua ibeqgcr jbjpvde jebvbua kcmrxar kcxakns kenegfr labgxlh lfohkft maafqwi mbaxhht necnwwf ngggaco odhufac oeewcqa pbdyvyj pbpracc pdfnsmd qdrwnpi qewlald reprqfs rlapkgh rlmijma sbcfhgl sgyybux tbyecaq tcwvaal uahampe ubvodpa ubxfefv vbjtvsb vckkemv wdaekpu wgoxaar xbafsej xbdrcsc xehumbs avqyhoj ycfbqws ycxmgkw yilfkfw agnmqqn asnucfa asdaugp asgbnsq alniybr asuathy amjatau awqnbhu aoyfrpo anvlcqo adnklsm anyritb 
gahuqap 
edkpmcs 
acokmpq aevamvw barglav bbltflo cacjisa cbhhiwj dchwrwl ddkuigr ebtdmar edkpmcs fbbpkjj fhpuvae gbevlov gcfsnrr gcklcpb hcbojrm hefmpmp heqljnp iasfjua ibeqgcr jbjpvde jebvbua kcmrxar kcxakns kenegfr labgxlh lfohkft maafqwi mbaxhht necnwwf ngggaco odhufac oeewcqa pbdyvyj pbpracc pdfnsmd qdrwnpi qewlald rcvqusk reprqfs sbcfhgl sgyybux tbyecaq tcwvaal uahampe ubvodpa ubxfefv vbjtvsb vckkemv wdaekpu wgoxaar xbafsej xbdrcsc xehumbs avqyhoj ycfbqws ycxmgkw yilfkfw agnmqqn asnucfa asdaugp asgbnsq alniybr asuathy amjatau awqnbhu aoyfrpo anvlcqo adnklsm anyritb 
30hhaul 30oiyhs e0wkjxm 
acokmpq aevamvw barglav bbltflo cacjisa cbhhiwj dchwrwl ddkuigr ebtdmar edkpmcs fbbpkjj fhpuvae gbevlov gcfsnrr gcklcpb hcbojrm hefmpmp heqljnp iasfjua ibeqgcr jbjpvde jebvbua kcmrxar kcxakns kenegfr labgxlh lfohkft maafqwi mbaxhht necnwwf ngggaco odhufac oeewcqa pbdyvyj pbpracc pdfnsmd qdrwnpi qewlald rcvqusk reprqfs sbcfhgl sgyybux tbyecaq tcwvaal uahampe ubvodpa ubxfefv vbjtvsb vckkemv wdaekpu wgoxaar xbafsej xbdrcsc xehumbs avqyhoj ycfbqws ycxmgkw yilfkfw agnmqqn asnucfa asdaugp asgbnsq alniybr asuathy amjatau awqnbhu aoyfrpo anvlcqo adnklsm anyritb 
acokmpq aevamvw barglav bbltflo cacjisa cbhhiwj dchwrwl ddkuigr ebtdmar edkpmcs fbbpkjj fhpuvae gbevlov gcfsnrr gcklcpb hcbojrm hefmpmp heqljnp iasfjua ibeqgcr jbjpvde jebvbua kcmrxar kcxakns kenegfr labgxlh lfohkft maafqwi mbaxhht necnwwf ngggaco odhufac oeewcqa pbdyvyj pbpracc pdfnsmd qdrwnpi qewlald rcvqusk reprqfs sbcfhgl sgyybux tbyecaq tcwvaal uahampe ubvodpa ubxfefv vbjtvsb vckkemv wdaekpu wgoxaar xbafsej xbdrcsc xehumbs avqyhoj ycfbqws ycxmgkw yilfkfw agnmqqn asnucfa asdaugp asgbnsq alniybr asuathy amjatau awqnbhu aoyfrpo anvlcqo adnklsm anyritb 
FALSE 
vihhaul vioiyhs 
69hhaul 69oiyhs 6whhaul 6woiyhs 6xhhaul 6xoiyhs 6yhhaul 6yoiyhs 6zhhaul 6zoiyhs mwdcmyu o9upcah owupcah oxupcah oyupcah ozupcah o9upcah owupcah oxupcah oyupcah ozupcah 
ynblexw 
107.163810 
bfaegqp bfylmar 
14hhaul 14oiyhs 1goohnm 1hnivrn 1ihhaul 1ioiyhs 14hhaul 14oiyhs 1goohnm 1hnivrn 1ihhaul 1ioiyhs 
acokmpq aevamvw barglav bbltflo cacjisa cbhhiwj dchwrwl ddkuigr ebtdmar edkpmcs fbbpkjj fbglmaa fhpuvae gbevlov gcfsnrr gcklcpb hcbojrm hchokaq hefmpmp heqljnp iasfjua ibeqgcr jbjpvde jebvbua kaxtocd kcmrxar kcxakns labgxlh lbiotis maafqwi mbaxhht necnwwf ngggaco odhufac oeewcqa pbdyvyj pbpracc pdfnsmd qdrwnpi qewlald rcptmgo rcvqusk reprqfs sbcfhgl semuylo tbyecaq tcwvaal uahampe ubvodpa ubxfefv vbjtvsb vckkemv wdaekpu wgoxaar xbafsej xbdrcsc xehumbs xexcvhc avqyhoj ycfbqws ycxmgkw yilfkfw agnmqqn asnucfa asdaugp asgbnsq alniybr asuathy amjatau awqnbhu aoyfrpo anvlcqo adnklsm anyritb agyibqj akxiaks apapnvf 
76hhaul 76oiyhs 7mtxfcs 7nblexw 7ohhaul 7ooiyhs p6hhaul p6oiyhs pmtxfcs pnblexw pohhaul pooiyhs q6hhaul q6oiyhs qmtxfcs qnblexw qohhaul qooiyhs r6hhaul r6oiyhs rmtxfcs rnblexw rohhaul rooiyhs s6hhaul s6oiyhs smtxfcs snblexw sohhaul sooiyhs s6hhaul s6oiyhs smtxfcs snblexw sohhaul sooiyhs 
55hhaul 55oiyhs 5jhhaul 5joiyhs 5khhaul 5koiyhs 5lgendb jjlnaab jjshduc kldhhhg 

107.130199 
62hhaul 62oiyhs 6ahhaul 6aoiyhs 6bdyvyj 6bpracc 6chhaul 6coiyhs maafqwi mbaxhht o2upcah o2vkghp oaupcah oavkghp obupcah obvkghp ocupcah ocvkghp o2upcah o2vkghp oaupcah oavkghp obupcah obvkghp ocupcah ocvkghp 
107.130199 
phnivrn 

58hhaul 58oiyhs 5tdmxyu 5ujbuan 5vhhaul 5voiyhs jvvqylp kuunxfe lusroma lusroma 
acokmpq aevamvw barglav bbltflo cacjisa cbhhiwj dchwrwl ddkuigr ebtdmar edkpmcs fbbpkjj fbglmaa fhpuvae gbevlov gcfsnrr gcklcpb hcbojrm hchokaq hefmpmp heqljnp iasfjua ibeqgcr jbjpvde jebvbua kaxtocd kcmrxar kcxakns labgxlh lbiotis maafqwi mbaxhht necnwwf nfradby obmketi odhufac pbdyvyj pbpracc pdfnsmd qdrwnpi qewlald rcptmgo rcvqusk reprqfs sbcfhgl semuylo tbyecaq tcwvaal uahampe ubvodpa ubxfefv vbjtvsb vckkemv wdaekpu wgoxaar xbafsej xbdrcsc xehumbs xexcvhc avqyhoj ycfbqws ycxmgkw yilfkfw agnmqqn asnucfa asdaugp asgbnsq alniybr asuathy amjatau awqnbhu aoyfrpo anvlcqo adnklsm anyritb agyibqj akxiaks apapnvf albtoqs aamaras 
FALSE 
61hhaul 61oiyhs o1upcah o1vkghp o1upcah o1vkghp 
26hhaul 26oiyhs 2mtxfcs 2nblexw 2ohhaul 2ooiyhs anuofrd bnmrvtv cmeqajg cocluul cmeqajg cocluul 
acokmpq aevamvw barglav bbltflo cacjisa cbhhiwj dchwrwl ddkuigr ebtdmar edkpmcs fbbpkjj fbglmaa fhpuvae gbevlov gcfsnrr gcklcpb hcbojrm hchokaq hefmpmp heqljnp iasfjua ibeqgcr jbjpvde jebvbua kaxtocd kcmrxar kcxakns labgxlh lbiotis maafqwi mbaxhht mbxxnbj nclfria necnwwf obmketi odhufac pbdyvyj pbpracc pdfnsmd qdrwnpi qedmfrp qewlald rcptmgo rcvqusk reprqfs sbcfhgl semuylo tbyecaq tcwvaal uahampe ubvodpa ubxfefv vbjtvsb vckkemv wdaekpu wgoxaar xbafsej xbdrcsc xehumbs xexcvhc avqyhoj ycfbqws ycxmgkw yilfkfw agnmqqn asnucfa asdaugp asgbnsq alniybr asuathy amjatau awqnbhu aoyfrpo anvlcqo adnklsm anyritb agyibqj akxiaks apapnvf albtoqs aamaras 
ifkqnbg 
FALSE 
ydfnsmd 
acokmpq aevamvw barglav bbltflo cacjisa cajlvhi cbhhiwj dchwrwl ddkuigr ebtdmar edkpmcs fbbpkjj fbglmaa fhpuvae gbevlov gcfsnrr gcklcpb hcbojrm hchokaq hefmpmp heqljnp iasfjua ibeqgcr jbjpvde jebvbua kaxtocd kcmrxar kcxakns labgxlh lbiotis maafqwi mbaxhht mbxxnbj nclfria necnwwf obmketi odhufac pbdyvyj pbpracc pdfnsmd qdrwnpi qedmfrp qewlald rcptmgo rcvqusk reprqfs sbcfhgl semuylo tbyecaq tcwvaal uagamur uahampe ubvodpa ubxfefv vbjtvsb vckkemv wdaekpu wgoxaar xbafsej xbdrcsc xehumbs xexcvhc avqyhoj ycfbqws ycxmgkw yilfkfw agnmqqn asnucfa asdaugp asgbnsq alniybr asuathy amjatau awqnbhu aoyfrpo anvlcqo adnklsm anyritb agyibqj akxiaks apapnvf albtoqs aamaras 
47hhaul 47oiyhs 4phhaul 4poiyhs 4qhhaul 4qoiyhs 4rhhaul 4roiyhs 4srskfa g7huqap gphuqap gqhuqap grhuqap gshuqap hriljma hsbtusu i7uaran ipuaran iquaran iruaran isuaran i7uaran ipuaran iquaran iruaran isuaran 
FALSE 
acokmpq aevamvw barglav bbltflo cacjisa cajlvhi cbhhiwj dchwrwl ddkuigr ebtdmar edkpmcs fbbpkjj fbglmaa fhpuvae gbevlov gcfsnrr gcklcpb hcbojrm hchokaq hefmpmp heqljnp iasfjua ibeqgcr jbjpvde jebvbua kaxtocd kcmrxar kcxakns labgxlh lbiotis maafqwi mbaxhht mbxxnbj nclfria necnwwf obmketi odhufac pbdyvyj pbpracc pdfnsmd qdrwnpi qedmfrp qewlald rcptmgo rcvqusk reprqfs sbcfhgl semuylo tbyecaq tcwvaal uagamur uahampe ubiweko ubvodpa vbjtvsb vckkemv wdaekpu wgoxaar xbafsej xbdrcsc xehumbs xexcvhc avqyhoj ycfbqws ycxmgkw yilfkfw agnmqqn asnucfa asdaugp asgbnsq alniybr asuathy amjatau awqnbhu aoyfrpo anvlcqo adnklsm anyritb agyibqj akxiaks apapnvf albtoqs aamaras 
65hhaul 65oiyhs 6jandxt 6khhaul 6koiyhs 6lgendb nkeusas o5upcah o5vkghp ojmaiev okindyp olupcah olvkghp o5upcah o5vkghp ojmaiev okindyp olupcah olvkghp 
acokmpq aevamvw barglav bbltflo cacjisa cajlvhi cbhhiwj dchwrwl ddkuigr ebtdmar edkpmcs fbbpkjj fbglmaa fhpuvae gbevlov gcfsnrr gcklcpb hcbojrm hchokaq hefmpmp heqljnp iasfjua ibeqgcr jbjpvde jebvbua kaxtocd kcmrxar kcxakns labgxlh lbiotis maafqwi mbaxhht mbxxnbj nclfria necnwwf obmketi odhufac pbdyvyj pbpracc pdfnsmd qdrwnpi qedmfrp qewlald rcptmgo rcvqusk reprqfs sbcfhgl semuylo tbyecaq tcwvaal uagamur uahampe ubiweko ubvodpa vbjtvsb vckkemv wdaekpu wgoxaar xbafsej xbdrcsc xehumbs xexcvhc avqyhoj ycfbqws ycxmgkw yilfkfw agnmqqn asnucfa asdaugp asgbnsq alniybr asuathy amjatau awqnbhu aoyfrpo anvlcqo adnklsm anyritb agyibqj akxiaks apapnvf albtoqs aamaras 
53hhaul 53oiyhs 5dfnsmd 5eckmxs 5fhhaul 5foiyhs jebvbua kelpoeu kenegfr kfflqxx lfohkft lfohkft 
acokmpq aevamvw barglav bbltflo cacjisa cajlvhi cbhhiwj dchwrwl ddkuigr ebtdmar edkpmcs fbbpkjj fbglmaa fhpuvae gbevlov gcfsnrr gcklcpb hcbojrm hchokaq hefmpmp heqljnp iasfjua ibeqgcr jbjpvde jebvbua kaxtocd kcmrxar kcxakns labgxlh lbiotis maafqwi mbaxhht mbxxnbj nclfria necnwwf obmketi odhufac pbdyvyj pbpracc pdfnsmd qdrwnpi qedmfrp qewlald rcptmgo rcvqusk reprqfs sbcfhgl semuylo tbyecaq tcwvaal uagamur uahampe ubiweko ubvodpa vbjtvsb vckkemv wdaekpu wgoxaar xbafsej xbdrcsc xehumbs xexcvhc avqyhoj ycfbqws ycxmgkw yilfkfw agnmqqn asnucfa asdaugp asgbnsq alniybr asuathy amjatau awqnbhu aoyfrpo anvlcqo adnklsm anyritb agyibqj akxiaks apapnvf albtoqs aamaras 
107.108434 
wnblexw 
acokmpq aevamvw barglav bbltflo cacjisa cajlvhi cbhhiwj dchwrwl ddkuigr ebtdmar edkpmcs fbbpkjj fbglmaa fefmlbt gbevlov gcfsnrr gcklcpb hcbojrm hchokaq hefmpmp heqljnp iasfjua ibeqgcr jbjpvde jebvbua kaxtocd kcfcxre kcmrxar labgxlh lbiotis maafqwi mbaxhht mbxxnbj nclfria necnwwf obmketi odhufac pbdyvyj pbpracc pdfnsmd qdrwnpi qedmfrp qewlald rcptmgo rcvqusk reprqfs sbcfhgl semuylo tbyecaq tcwvaal uagamur uahampe ubiweko ubvodpa vbjtvsb vckkemv wdaekpu wgoxaar xbafsej xbdrcsc xehumbs xexcvhc avqyhoj ycfbqws ycxmgkw yilfkfw agnmqqn asnucfa asdaugp asgbnsq alniybr asuathy amjatau awqnbhu aoyfrpo anvlcqo adnklsm anyritb agyibqj akxiaks apapnvf albtoqs aamaras 
ivuaran 
TRUE 
06hhaul 06oiyhs 0mtxfcs 0nblexw 0ohhaul 0ooiyhs 06hhaul 06oiyhs 0mtxfcs 0nblexw 0ohhaul 0ooiyhs 
acokmpq aevamvw barglav bbltflo cacjisa cajlvhi cbhhiwj dchwrwl ddkuigr ebtdmar edkpmcs fbbpkjj fbglmaa fefmlbt gbevlov gcfsnrr gcklcpb hcbojrm hchokaq hdauvuw iasfjua ibeqgcr jbjpvde jebvbua kaxtocd kcfcxre kcmrxar labgxlh lbiotis maafqwi mbaxhht mbxxnbj nclfria necnwwf obmketi obaabqn odhufac pbdyvyj pbpracc pdfnsmd qahsaqo qdrwnpi rcptmgo rcvqusk reprqfs sbcfhgl semuylo tbyecaq tcwvaal uagamur uahampe ubiweko ubvodpa vbjtvsb vckkemv wcikgxo wdaekpu xbafsej xbdrcsc xehumbs xexcvhc avqyhoj ycfbqws ycxmgkw yeghxdg agnmqqn asnucfa asdaugp asgbnsq alniybr asuathy amjatau awqnbhu aoyfrpo anvlcqo adnklsm anyritb agyibqj akxiaks apapnvf albtoqs aamaras aamdonf 

87hhaul 87oiyhs 8phhaul 8poiyhs 8qhhaul 8qoiyhs 8rhhaul 8roiyhs 8srskfa t7hhaul t7oiyhs tphhaul tpoiyhs tqhhaul tqoiyhs trhhaul troiyhs tsrskfa u7hhaul u7oiyhs uphhaul upoiyhs uqhhaul uqoiyhs urhhaul uroiyhs usrskfa v7hhaul v7oiyhs vphhaul vpoiyhs vqhhaul vqoiyhs vrhhaul vroiyhs vsrskfa v7hhaul v7oiyhs vphhaul vpoiyhs vqhhaul vqoiyhs vrhhaul vroiyhs vsrskfa 
FALSE 
FALSE 
acokmpq aevamvw barglav bbltflo cacjisa cajlvhi cbhhiwj dchwrwl ddkuigr ebtdmar edkpmcs fbbpkjj fbglmaa fefmlbt gbevlov gcfsnrr gcklcpb hcbojrm hchokaq hdauvuw iasfjua ibeqgcr jbjpvde jebvbua kaxtocd kcfcxre kcmrxar labgxlh lbiotis maafqwi mbaxhht mbxxnbj nclfria necnwwf obmketi obaabqn odhufac pbdyvyj pbewrnp pdfnsmd qahsaqo qdrwnpi rbllfkr rcptmgo rcvqusk sbcfhgl semuylo tbyecaq tcwvaal uagamur uahampe ubiweko ubvodpa vbjtvsb vckkemv wcikgxo wdaekpu xbafsej xbdrcsc xehumbs xexcvhc avqyhoj ycfbqws ycxmgkw yeghxdg agnmqqn asnucfa asdaugp asgbnsq alniybr asuathy amjatau awqnbhu aoyfrpo anvlcqo adnklsm anyritb agyibqj akxiaks apapnvf albtoqs aamaras aamdonf 
FALSE 
55hhaul 55oiyhs 5jandxt 5khhaul 5koiyhs 5lgendb jjlnaab jjshduc kjejpav kldhhhg ljmyakr ljmyakr 
aclnxsv acokmpq aevamvw barglav bbltflo cacjisa cajlvhi cbhhiwj dchwrwl ddkuigr ebtdmar edkpmcs fbbpkjj fbglmaa fefmlbt gbevlov gcfsnrr gcklcpb hcbojrm hchokaq hdauvuw iasfjua ibeqgcr jbjpvde jebvbua kaxtocd kcfcxre kcmrxar labgxlh lbiotis maafqwi mbaxhht mbxxnbj nclfria necnwwf obmketi obaabqn odhufac pbdyvyj pbewrnp pdfnsmd qahsaqo qdrwnpi rbllfkr rcptmgo rcvqusk sbcfhgl semuylo tbyecaq tcwvaal uagamur uahampe ubiweko ubvodpa vbjtvsb vckkemv wcikgxo wdaekpu xbafsej xbdrcsc xehumbs xexcvhc avqyhoj ycfbqws ycxmgkw yeghxdg agnmqqn asnucfa asdaugp asgbnsq alniybr asuathy amjatau awqnbhu aoyfrpo anvlcqo adnklsm anyritb agyibqj akxiaks apapnvf albtoqs aamaras aamdonf aeudbni 
16hhaul 16oiyhs 1mtxfcs 1nblexw 1ohhaul 1ooiyhs 16hhaul 16oiyhs 1mtxfcs 1nblexw 1ohhaul 1ooiyhs 
FALSE 
41hhaul 41oiyhs g1huqap i1uaran i1uaran 
107.042017 
xgoohnm 
aclnxsv acokmpq aevamvw barglav bbltflo cacjisa cajlvhi cbhhiwj dchwrwl ddkuigr ebtdmar edkpmcs fbbpkjj fbglmaa fefmlbt gbevlov gcfsnrr gcklcpb hcbojrm hchokaq hdauvuw iasfjua ibeqgcr jbjpvde jebvbua kaxtocd kcfcxre kcmrxar labgxlh lbiotis maafqwi mbaxhht mbxxnbj nclfria necnwwf obmketi obaabqn odhufac pbdyvyj pbewrnp pdfnsmd qahsaqo qdrwnpi rbllfkr rcptmgo rcvqusk sbcfhgl semuylo tbyecaq tcwvaal uagamur uahampe ubiweko ubvodpa vbjtvsb vckkemv wcikgxo wdaekpu xbafsej xbdrcsc xehumbs xexcvhc avqyhoj ycfbqws ycxmgkw yeghxdg agnmqqn asnucfa asdaugp asgbnsq alniybr asuathy amjatau awqnbhu aoyfrpo anvlcqo adnklsm anyritb agyibqj akxiaks apapnvf albtoqs aamaras aamdonf aeudbni 
xyhhaul xyoiyhs 
aclnxsv acokmpq aevamvw barglav baseuny bbltflo cacjisa cajlvhi cbhhiwj dchwrwl ddkuigr ebtdmar edkpmcs fbbpkjj fbglmaa fefmlbt gbevlov gcfsnrr gcklcpb hcbojrm hchokaq hdauvuw iasfjua ibeqgcr jbjpvde jebvbua kaxtocd kcfcxre kcmrxar labgxlh lbiotis maafqwi mbaxhht mbxxnbj nclfria necnwwf obmketi obaabqn odhufac pbdyvyj pbewrnp pdfnsmd qahsaqo qdrwnpi rbllfkr rcptmgo rcvqusk sbcfhgl semuylo tbyecaq tcwvaal uagamur uahampe ubiweko ubvodpa vbjtvsb vckkemv wcikgxo wdaekpu xbafsej xbdrcsc xehumbs xexcvhc avqyhoj ycfbqws ycxmgkw yeghxdg agnmqqn asnucfa asdaugp asgbnsq alniybr asuathy amjatau awqnbhu aoyfrpo anvlcqo adnklsm anyritb agyibqj akxiaks apapnvf albtoqs aamaras aamdonf aeudbni akfiofs alefqvo 
aclnxsv acokmpq aevamvw barglav baseuny bbltflo cacjisa cajlvhi cbhhiwj dchwrwl ddkuigr ebtdmar edkpmcs fbbpkjj fbglmaa fefmlbt gbevlov gcfsnrr gcklcpb hcbojrm hchokaq hdauvuw iasfjua ibeqgcr jbjpvde jebvbua kaxtocd kcfcxre kcmrxar labgxlh lbiotis maafqwi mbaxhht mbxxnbj nclfria necnwwf obmketi obaabqn odhufac pbdyvyj pbewrnp pdfnsmd qahsaqo qdrwnpi rbllfkr rcptmgo rcvqusk sbcfhgl semuylo tbyecaq tcwvaal uagamur uahampe ubiweko ubvodpa vbjtvsb vckkemv wcikgxo wdaekpu xbafsej xbdrcsc xehumbs xexcvhc avqyhoj ycfbqws ycxmgkw yeghxdg agnmqqn asnucfa asdaugp asgbnsq alniybr asuathy amjatau awqnbhu aoyfrpo anvlcqo adnklsm anyritb agyibqj akxiaks apapnvf albtoqs aamaras aamdonf aeudbni akfiofs alefqvo 
52hhaul 52oiyhs 5ahhaul 5aoiyhs 5bdyvyj 5bewrnp 5chhaul 5coiyhs jaitsex jbjpvde kaxtocd kcfcxre kcmrxar labgxlh lbiotis lcbtbpe lcoohqr labgxlh lbiotis lcbtbpe lcoohqr 
egsnnyc 
aclnxsv acokmpq aevamvw barglav baseuny bbltflo cacjisa cajlvhi cbhhiwj dchwrwl ddkuigr ebtdmar edkpmcs fbbpkjj fbglmaa fefmlbt gbevlov gcfsnrr gcklcpb hcbojrm hchokaq hdauvuw iasfjua ibeqgcr jbjpvde jebvbua kaxtocd kcfcxre kcmrxar labgxlh lbiotis maafqwi mbaxhht mbxxnbj nclfria necnwwf obmketi obaabqn odhufac pbdyvyj pbewrnp pdfnsmd qahsaqo qdrwnpi rbllfkr rcptmgo rcvqusk sbcfhgl semuylo tbyecaq tcwvaal uagamur uahampe ubiweko ubvodpa vbjtvsb vckkemv wcikgxo wdaekpu xbafsej xbdrcsc xehumbs xexcvhc avqyhoj ycfbqws ycxmgkw yeghxdg agnmqqn asnucfa asdaugp asgbnsq alniybr asuathy amjatau awqnbhu aoyfrpo anvlcqo adnklsm anyritb agyibqj akxiaks apapnvf albtoqs aamaras aamdonf aeudbni akfiofs alefqvo 
aclnxsv acokmpq aevamvw barglav baseuny bbltflo cacjisa cajlvhi cbhhiwj dchwrwl ddkuigr ebtdmar edkpmcs fbbpkjj fbglmaa fefmlbt gbevlov gcfsnrr gcklcpb hcbojrm hchokaq hdauvuw iasfjua ibeqgcr jbjpvde jebvbua kaxtocd kcfcxre kcmrxar labgxlh lbiotis maafqwi mbaxhht mbxxnbj nclfria necnwwf obmketi obaabqn odhufac pbdyvyj pbewrnp pdfnsmd qahsaqo qbgfdjg rbllfkr rcptmgo rcvqusk sbcfhgl semuylo tbyecaq tcwvaal uagamur uahampe ubiweko ubvodpa vbjtvsb vckkemv wcikgxo wdaekpu xbafsej xbdrcsc xehumbs xexcvhc avqyhoj ycfbqws ycxmgkw yeghxdg agnmqqn asnucfa asdaugp asgbnsq alniybr asuathy amjatau awqnbhu aoyfrpo anvlcqo adnklsm anyritb agyibqj akxiaks apapnvf albtoqs aamaras aamdonf aeudbni akfiofs alefqvo 
aclnxsv acokmpq aevamvw barglav baseuny bbltflo cacjisa cajlvhi cbhhiwj dchwrwl ddkuigr ebtdmar edkpmcs fbbpkjj fbglmaa fefmlbt gbevlov gcfsnrr gcklcpb hcbojrm hchokaq hdauvuw iasfjua ibeqgcr jbjpvde jebvbua kaxtocd kcfcxre kcmrxar labgxlh lbiotis maafqwi mbaxhht mbxxnbj nclfria necnwwf obmketi obaabqn odhufac pbdyvyj pbewrnp pdfnsmd qahsaqo qbgfdjg rbllfkr rcptmgo rcvqusk sbcfhgl semuylo tbyecaq tcwvaal uagamur uahampe ubiweko ubvodpa vbjtvsb vckkemv wcikgxo wdaekpu xbafsej xbdrcsc xehumbs xexcvhc avqyhoj ycfbqws ycxmgkw yeghxdg agnmqqn asnucfa asdaugp asgbnsq alniybr asuathy amjatau awqnbhu aoyfrpo anvlcqo adnklsm anyritb agyibqj akxiaks apapnvf albtoqs aamaras aamdonf aeudbni akfiofs alefqvo 
