


armksef erfsjhx ewxrwvm fwcawmj gowevup gvvfaun hwtbxfv hyndtyi ihborts ipfmwrl jawyakq kadiidp kfuegfm mawknpv mfkriuq nekjhta sdkupas sslgdvi apwuyni ukgfngy vnebvgp wcjuntf xhehaba 
armksef djuksgp erfsjhx ewxrwvm fwcawmj fwowbjy gowevup gvvfaun hwtbxfv hyndtyi ihborts ipfmwrl jawyakq kadiidp kfuegfm mawknpv mfkriuq nekjhta oxieunb qysofkp rwucyhd sdkupas sslgdvi apwuyni trqlkqn ukgfngy vnebvgp wcjuntf xhehaba xamwblu ykmoptt 
k1pfkth 
armksef bfpnbvu djuksgp erfsjhx ewxrwvm faxpjgh fwcawmj fwowbjy gowevup gvvfaun hwtbxfv hyndtyi ihborts ipfmwrl jawyakq kadiidp kfuegfm mawknpv mfkriuq nekjhta nalawuf oxieunb pjjcjrc qysofkp rwucyhd sdkupas sslgdvi apwuyni trqlkqn ukgfngy vnebvgp wcjuntf xhehaba xamwblu yeswgnx ykmoptt 
armksef bfpnbvu djuksgp erfsjhx ewxrwvm faxpjgh fwcawmj fwowbjy gowevup gvvfaun hwtbxfv hyndtyi ihborts ipfmwrl jawyakq kadiidp kfuegfm mawknpv mfkriuq nekjhta nalawuf oxieunb pjjcjrc qysofkp rwucyhd sdkupas sslgdvi apwuyni trqlkqn ukgfngy vnebvgp wcjuntf xhehaba xamwblu yeswgnx ykmoptt 

bfpnbvu 
armksef bfpnbvu bgsayha djuksgp erfsjhx ewxrwvm faxpjgh fwcawmj fwowbjy gowevup gvvfaun hwtbxfv hyndtyi ihborts ipfmwrl jawyakq kadiidp kfuegfm mawknpv mfkriuq nekjhta nalawuf oxieunb pjjcjrc qapdisq qysofkp rwucyhd sdkupas sslgdvi apwuyni trqlkqn ukgfngy vicwqqc vncknus vnebvgp wcjuntf xhehaba xamwblu yeswgnx yjfpatb 
armksef bfpnbvu bgsayha djuksgp erfsjhx ewxrwvm faxpjgh fbysggw ggmpboi gowevup hwtbxfv hyndtyi ihborts ipfmwrl jawyakq jqjghoo kadiidp kfuegfm mawknpv mfkriuq nekjhta nalawuf opymhjn oxieunb pjjcjrc qapdisq qysofkp rwucyhd sdkupas sslgdvi apwuyni trqlkqn twhjnju ukgfngy uyxeadm vicwqqc vncknus vnebvgp wcjuntf xhehaba xamwblu yeswgnx yjfpatb 
sllgdvi 
armksef bfpnbvu bgsayha djuksgp erfsjhx ewxrwvm faxpjgh fbysggw ggmpboi gowevup hwtbxfv hyndtyi ihborts ipfmwrl jawyakq jqjghoo kadiidp kfuegfm mawknpv mfkriuq nekjhta nalawuf oengljr opymhjn pjjcjrc qapdisq qysofkp rwucyhd sdkupas sslgdvi apwuyni trqlkqn twhjnju ukgfngy uyxeadm vicwqqc vncknus vnebvgp wcjuntf xhehaba xamwblu yeswgnx yjfpatb 
g2vfaun gavfaun gbvfaun gcvfaun 
armksef bcvnhru bfpnbvu comdqsg djuksgp dlehikd dlhuwir encwtca erfsjhx faxpjgh fbysggw ggmpboi gowevup hwtbxfv hyndtyi ihborts ipfmwrl jawyakq jjbyiti kadiidp kfuegfm ljfadpp mawknpv mfkriuq nekjhta nalawuf oengljr okmmxwv pjjcjrc qapdisq qjwqqls rvajuka rwucyhd sdkupas sslgdvi apwuyni tamedci tphnbho ukgfngy uyxeadm vicwqqc vncknus vnebvgp wcjuntf wtbtvuu xhehaba xamwblu yeswgnx yjfpatb 
armksef bcvnhru bfpnbvu comdqsg djuksgp dlehikd dlhuwir encwtca erfsjhx faxpjgh fbysggw ggmpboi gowevup hwtbxfv hyndtyi ihborts ipfmwrl jawyakq jjbyiti kadiidp kfuegfm ljfadpp mawknpv mfkriuq nekjhta nalawuf oengljr okmmxwv pjjcjrc qapdisq qjwqqls rvajuka rwucyhd sdkupas sslgdvi apwuyni tamedci tphnbho ukgfngy uyxeadm vicwqqc vncknus vnebvgp wcjuntf wtbtvuu xhehaba xamwblu yeswgnx yjfpatb 
s3lgdvi sdkupas selgdvi sflgdvi s3lgdvi sdkupas selgdvi sflgdvi 



gqymacg 
FALSE 

ahcrjep armksef bcvnhru bfpnbvu comdqsg cqbjwkw dfpinbo djuksgp encwtca erfsjhx faxpjgh fbysggw ggmpboi gowevup hwtbxfv hyndtyi ihborts iopeurs jawyakq jjbyiti kadiidp kfuegfm ljfadpp lxawskt mawknpv mdtnpty nekjhta nalawuf oengljr okmmxwv pjjcjrc podwyad potkfqw qapdisq qjwqqls rbhebcm rvajuka sdkupas sslgdvi apwuyni tamedci tdauwny ukgfngy uqvcghq vicwqqc vncknus vnebvgp wcjuntf wqysita xhehaba xamwblu yaawadb yeswgnx abimubk avuvxai 
ahcrjep armksef bcvnhru bfpnbvu comdqsg cqbjwkw dfpinbo djuksgp encwtca erfsjhx faxpjgh fbysggw ggmpboi gowevup hwtbxfv hyndtyi ihborts iopeurs jawyakq jjbyiti kadiidp kfuegfm ljfadpp lxawskt lxranpa mawknpv mdtnpty nekjhta nalawuf oengljr okmmxwv pjjcjrc podwyad potkfqw qapdisq qjwqqls rbhebcm rvajuka sdkupas sslgdvi apwuyni tamedci tdauwny ugbxkpl ukgfngy vicwqqc vncknus vnebvgp wcjuntf wqysita xhehaba xamwblu yaawadb yeswgnx abimubk avuvxai amvaewd 
ugbxkpl v4auymp vgauymp vhauymp vicwqqc v4auymp vgauymp vhauymp vicwqqc 

107.693506 

FALSE 
mfkriuq 

vgauymp 
ahcrjep appsegc bcvnhru bfpnbvu comdqsg cqbjwkw dbluyqa dcayhaf eakjxcl efyqkbs faxpjgh fbysggw ggmpboi gjfbfjj hnpfamf hwtbxfv ihborts iopeurs jawyakq jhyspii kadiidp kfuegfm ljfadpp lntipxf mawknpv mdtnpty nekjhta nalawuf oacdgrd oengljr pbvuttf pjjcjrc qapdisq qeamoki rbhebcm rkakoaq sdkupas sslgdvi apwuyni tamedci tdauwny ugbxkpl ukgfngy vicwqqc vncknus vnebvgp wcjuntf wlbiglo xhehaba xamwblu yaawadb yeswgnx abimubk avuvxai amvaewd 

ahcrjep appsegc bcvnhru bfpnbvu comdqsg cqbjwkw cqwmlyr dbluyqa dcayhaf eakjxcl efyqkbs faxpjgh fbysggw ggmpboi gjfbfjj hbhnwfa hnpfamf ihborts iopeurs jawyakq jhyspii kadiidp kfuegfm ljfadpp lntipxf mawknpv mdtnpty nekjhta nalawuf oacdgrd oengljr pbvuttf pjjcjrc qapdisq qeamoki rbhebcm rkakoaq sdkupas sslgdvi apwuyni tamedci tdauwny ugbxkpl ukgfngy vicwqqc vncknus vnebvgp wcjuntf wlbiglo xgjlifl xhehaba yaawadb yeswgnx abimubk avuvxai amvaewd 

FALSE 
g8vfaun gtvfaun guvfaun gvvfaun h8tbxfv httbxfv hutbxfv hvtbxfv i8cdiwi itcdiwi iucdiwi ivcdiwi i8cdiwi itcdiwi iucdiwi ivcdiwi 
dqgpukx e7yqkbs epyqkbs eqyqkbs eryqkbs esyqkbs 
TRUE 
ahcrjep appsegc bcvnhru bfpnbvu comdqsg cqbjwkw cqgydkr dbluyqa dcayhaf eakjxcl efyqkbs faxpjgh fbysggw ggmpboi gjfbfjj hbhnwfa hhslsbu ihborts iopeurs jawyakq jgjmesy kadiidp kfuegfm ljfadpp lntipxf mawknpv mdtnpty nekjhta nalawuf oacdgrd oengljr pbvuttf pjjcjrc qapdisq qeamoki rbhebcm rkakoaq sdkupas sslgdvi apwuyni tamedci tdauwny ugbxkpl ukgfngy vicwqqc vncknus vnebvgp wcjuntf wlbiglo xgjlifl xhehaba yaawadb yeomkug yeswgnx abimubk avuvxai amvaewd 
ahcrjep appsegc bcvnhru bfpnbvu comdqsg cqbjwkw cqgydkr dbluyqa dcayhaf eakjxcl efiemmn efyqkbs faxpjgh fbysggw ggmpboi gjfbfjj hbhnwfa hhslsbu ihborts iopeurs jawyakq jgjmesy kadiidp kfuegfm ljfadpp lntipxf mawknpv mdtnpty nekjhta nalawuf oacdgrd oengljr pbvuttf pjjcjrc qapdisq qeamoki rbhebcm rkakoaq sdkupas sslgdvi apwuyni tamedci tdauwny ugbxkpl ukgfngy vicwqqc vncknus vnebvgp wcjuntf wlbiglo xgjlifl xhehaba yaawadb yeomkug yeswgnx abimubk avuvxai amvaewd 
ahcrjep bgsayha 
xkjlifl 

107.468672 
ahcrjep aipdlhs bcvnhru bfpnbvu comdqsg cpkcadi dbluyqa dcayhaf eakjxcl eegqdxp faxpjgh fbysggw ggmpboi gjfbfjj hbhnwfa hhslsbu ihborts iopeurs jawyakq jgjmesy kadiidp kfuegfm ladyrjq ljfadpp mawknpv mdtnpty nekjhta nalawuf oacdgrd oengljr pbckcyp pbvuttf pjjcjrc qapdisq qeamoki rbhebcm rkakoaq sdkupas sslgdvi apwuyni tamedci tdauwny ugbxkpl ukgfngy vicwqqc vncknus vnebvgp wcjuntf wlbiglo xeaxhiv xgjlifl yaawadb yeomkug yeswgnx abimubk avuvxai amvaewd 
myjmvfa oxieunb oyiajbf oxieunb oyiajbf 
FALSE 
djuksgp dlehikd dlhuwir e5iemmn e5yqkbs ejiemmn ejyqkbs ekiemmn ekyqkbs eliemmn elyqkbs fjluvbm fjluvbm 
g1vfaun h1tbxfv i1cdiwi i1cdiwi 
kbpfkth 
107.428571 

107.379310 
107.379310 
wtbtvuu wtjetef 
dqgpukx 
t4uaihn tguaihn thuaihn tiuaihn u4xnghv ugbxkpl uhxnghv uixnghv v4auymp vgauymp vhauymp vicwqqc v4auymp vgauymp vhauymp vicwqqc 
t3uaihn tdauwny teuaihn tfuaihn u3xnghv udxnghv uexnghv ufxnghv v3auymp vdauymp veauymp vfauymp v3auymp vdauymp veauymp vfauymp 
FALSE 
FALSE 
j2euixk jawyakq jbeuixk jceuixk k2pfkth kadiidp karwpmq kbpfkth kcpfkth l2xdbce ladyrjq lbxdbce lcxdbce l2xdbce ladyrjq lbxdbce lcxdbce 
ahcrjep aipdlhs bcvnhru bfpnbvu chwqhme clpadcr dbluyqa dcayhaf eakjxcl eegqdxp faxpjgh fbysggw ggmpboi gjfbfjj hbhnwfa hhslsbu ifacpav ihborts jawyakq jgjmesy kadiidp karwpmq kfuegfm ladyrjq ljfadpp mawknpv mdtnpty nekjhta nalawuf oacdgrd oengljr pbckcyp pbvuttf pjjcjrc qapdisq qeamoki racxhqc rbhebcm sdkupas sftfhcj apwuyni tamedci tdauwny ugbxkpl ukgfngy vicwqqc vncknus vnebvgp wcjuntf wlbiglo xeaxhiv xgjlifl yaawadb yeomkug yeswgnx abimubk avuvxai amvaewd aatjute 

ahcrjep aipdlhs bcvnhru bfpnbvu chwqhme clpadcr dbluyqa dcayhaf eakjxcl eegqdxp faxpjgh fbysggw ggmpboi gjfbfjj hbhnwfa hhslsbu ifacpav ihborts jawyakq jgjmesy kadiidp karwpmq kfuegfm ladyrjq ljfadpp mawknpv mdtnpty nekjhta nalawuf oacdgrd oengljr pbckcyp pbvuttf pjjcjrc qapdisq qeamoki racxhqc rbhebcm sdkupas sftfhcj apwuyni tamedci tdauwny ugbxkpl ukgfngy vicwqqc vncknus vnebvgp wcjuntf wlbiglo xeaxhiv xgjlifl yaawadb yeomkug yeswgnx abimubk avuvxai amvaewd aatjute 
FALSE 
acpjiwa ahcrjep bcvnhru betfvkt beukukt chwqhme clpadcr dbluyqa dcayhaf eakjxcl eegqdxp faxpjgh fbysggw ggmpboi gjfbfjj hbhnwfa hhslsbu ifacpav ihborts jawyakq jgjmesy kadiidp karwpmq kfokesc kfuegfm ladyrjq ljfadpp mawknpv mdtnpty nekjhta nalawuf oacdgrd oengljr pabgpgi pbckcyp pbvuttf qapdisq qeamoki racxhqc rbhebcm sdkupas sftfhcj apwuyni tamedci tdauwny ugbxkpl ukgfngy vicwqqc vncknus vnebvgp wcjuntf wgqphvt xeaxhiv xgjlifl yaawadb yeomkug yeswgnx abimubk avuvxai amvaewd aatjute 
acpjiwa ahcrjep bcvnhru betfvkt beukukt chwqhme clpadcr dbluyqa dcayhaf eakjxcl eegqdxp faxpjgh fbysggw ggmpboi gjfbfjj hbhnwfa hhslsbu ifacpav ihborts jawyakq jgjmesy kadiidp karwpmq kfokesc kfuegfm ladyrjq ljfadpp mawknpv mdtnpty nekjhta nalawuf oacdgrd oengljr pabgpgi pbckcyp pbvuttf qapdisq qeamoki racxhqc rbhebcm sdkupas sftfhcj apwuyni tamedci tdauwny ugbxkpl ukgfngy vicwqqc vncknus vnebvgp wcjuntf wgqphvt xeaxhiv xgjlifl yaawadb yeomkug yeswgnx abimubk avuvxai amvaewd aatjute 
oengljr 
t9uaihn twuaihn txuaihn tyuaihn tzuaihn u9xnghv uwxnghv uxxnghv uyxnghv uzxnghv v9auymp vwauymp vxauymp vyauymp vzauymp v9auymp vwauymp vxauymp vyauymp vzauymp 
acpjiwa ahcrjep bcvnhru betfvkt beukukt chwqhme clpadcr dbluyqa dcayhaf eakjxcl eegqdxp faxpjgh fbysggw ggmpboi gjfbfjj hbhnwfa hhslsbu ifacpav ihborts jawyakq jgjmesy kadiidp karwpmq kfokesc kfuegfm ladyrjq ljfadpp mawknpv mdtnpty nekjhta nalawuf oacdgrd oengljr pabgpgi pbckcyp pbvuttf qapdisq qcjoidb racxhqc rbhebcm sdkupas sftfhcj apwuyni tamedci tdauwny ugbxkpl ukgfngy vicwqqc vncknus vnebvgp wcjuntf wgqphvt xeaxhiv xgjlifl yaawadb yeomkug yeswgnx abimubk avuvxai amvaewd aatjute 
TRUE 

qjwqqls 
acpjiwa ahcrjep bcvnhru betfvkt beukukt chwqhme clpadcr dbluyqa dcayhaf dcejvbi eakjxcl eegqdxp faxpjgh fbysggw ggmpboi gjfbfjj hbhnwfa hhslsbu ifacpav ihborts jawyakq jgjmesy kadiidp karwpmq kfokesc kfuegfm ladyrjq ljfadpp mawknpv mdtnpty nekjhta nalawuf oacdgrd oengljr pabgpgi pbckcyp pbvuttf qapdisq qcjoidb racxhqc rbhebcm sdkupas sftfhcj apwuyni tamedci tdauwny ugbxkpl ukgfngy vicwqqc vknenqy wcjuntf wgqphvt xeaxhiv xgjlifl yaawadb yeomkug yeswgnx abimubk avuvxai amvaewd aatjute 
107.325527 
j3euixk jdeuixk jeeuixk jfeuixk k3pfkth kdpfkth kepfkth kfokesc kfuegfm l3ncmfy l3xdbce ldncmfy ldxdbce lencmfy lexdbce lfncmfy lfxdbce l3ncmfy l3xdbce ldncmfy ldxdbce lencmfy lexdbce lfncmfy lfxdbce 

107.582766 
FALSE 
mmipkti molyioq moqxkan ootwkcc ootwkcc 
107.632653 
107.632653 
g2vfaun gavfaun gbvfaun gcvfaun h2thuni hathuni hbhnwfa hcthuni i2cdiwi iacdiwi ibcdiwi iccdiwi i2cdiwi iacdiwi ibcdiwi iccdiwi 

mfkriuq 
enacrjq eniemmn 
ouqbcxe ouqbcxe 
acpjiwa ahcrjep bcvnhru betfvkt beukukt chwqhme clpadcr dbluyqa dcayhaf dcejvbi eakjxcl eegqdxp faxpjgh fbxplay fbysggw ggmpboi gjfbfjj hbhnwfa hhslsbu ifacpav ihborts jawyakq jfetqca kadiidp karwpmq kfokesc kfuegfm ladyrjq ljfadpp ljjvwpw mawknpv mdtnpty nekjhta nalawuf oacdgrd oengljr pabgpgi pbckcyp pbvuttf qapdisq qcjoidb racxhqc rbhebcm sdkupas sewwoxg apwuyni tamedci tdauwny uenrqym ugbxkpl vdjyxyx vicwqqc wbnvaqx wcjuntf xeaxhiv xgjlifl yaawadb yeomkug yeswgnx abimubk avuvxai amvaewd aatjute 
acpjiwa ahcrjep bcvnhru betfvkt beukukt chwqhme clpadcr dbluyqa dcayhaf dcejvbi eakjxcl eegqdxp faxpjgh fbxplay fbysggw ggmpboi gjfbfjj hbhnwfa hhslsbu ifacpav ihborts jawyakq jfetqca kadiidp karwpmq kfokesc kfuegfm ladyrjq ljfadpp ljjvwpw mawknpv mdtnpty nekjhta nalawuf oacdgrd oengljr pabgpgi pbckcyp pbvuttf qapdisq qcjoidb racxhqc rbhebcm sdkupas sewwoxg apwuyni tamedci tdauwny uenrqym ugbxkpl vdjyxyx vicwqqc wbnvaqx wcjuntf xeaxhiv xgjlifl yaawadb yeomkug yeswgnx abimubk avuvxai amvaewd aatjute 

acpjiwa ahcrjep bcvnhru betfvkt beukukt chwqhme clpadcr dbluyqa dcayhaf dcejvbi eakjxcl eegqdxp faxpjgh fbxplay fbysggw ggmpboi gjfbfjj hbhnwfa hhslsbu ifacpav ihborts jawyakq jfetqca kadiidp karwpmq kfokesc kfuegfm ladyrjq ljfadpp ljjvwpw mawknpv mdtnpty nekjhta nalawuf oacdgrd oengljr pabgpgi pbckcyp pbvuttf qapdisq qcjoidb racxhqc rbhebcm sdkupas sewwoxg apwuyni tamedci tdauwny uenrqym ugbxkpl vdjyxyx vicwqqc wbnvaqx wcjuntf xeaxhiv xgjlifl yaawadb yeomkug yeswgnx abimubk avuvxai amvaewd aatjute 
acpjiwa ahcrjep bcvnhru betfvkt beukukt chwqhme clpadcr dbluyqa dcayhaf dcejvbi eakjxcl eegqdxp faxpjgh fbxplay fbysggw ggmpboi gjfbfjj hbhnwfa hhslsbu ifacpav ihborts jawyakq jfetqca kadiidp karwpmq kfokesc kfuegfm ladyrjq ljfadpp ljjvwpw mawknpv mdtnpty nekjhta nalawuf oacdgrd oengljr pabgpgi pbckcyp pbvuttf qapdisq qcjoidb racxhqc rbhebcm sdkqngt sdkupas sewwoxg apwuyni tamedci tdauwny uenrqym ugbxkpl vdjyxyx vicwqqc wbnvaqx wcjuntf xeaxhiv xgjlifl yaawadb yeomkug yeswgnx abimubk avuvxai amvaewd aatjute 
d2nhdne danhdne dbluyqa dcayhaf dcejvbi e2acrjq e2iemmn eakjxcl ebacrjq ebiemmn ecacrjq eciemmn faxpjgh fbxplay fbysggw fcmehcf faxpjgh fbxplay fbysggw fcmehcf 
FALSE 
acpjiwa ahcrjep bcvnhru betfvkt beukukt chwqhme clpadcr dbluyqa dcayhaf dcejvbi eakjxcl eegqdxp faxpjgh fbxplay fbysggw ggmpboi gjfbfjj hbhnwfa hhslsbu ifacpav ihborts jawyakq jfetqca kadiidp karwpmq kfokesc kfuegfm ladyrjq ljfadpp ljjvwpw mawknpv mdtnpty nekjhta nalawuf oacdgrd oengljr pabgpgi pbckcyp pbvuttf qapdisq qcjoidb racxhqc rbhebcm sdkqngt sdkupas sewwoxg apwuyni tamedci tdauwny uenrqym ugbxkpl vdjyxyx vicwqqc wbnvaqx wcjuntf xeaxhiv xgjlifl yaawadb yeomkug yeswgnx abimubk avuvxai amvaewd aatjute 
acpjiwa ahcrjep bcvnhru betfvkt beukukt chwqhme clpadcr dbluyqa dcayhaf dcejvbi eakjxcl eegqdxp faxpjgh fbxplay fbysggw ggmpboi gjfbfjj hbhnwfa hflrkcw ifacpav ihborts jawyakq jdvjpjb kadiidp karwpmq kfokesc kfuegfm ladyrjq ljfadpp ljjvwpw mawknpv mdtnpty nekjhta nalawuf oacdgrd obbfgrj pabgpgi pbckcyp pbvuttf qacnnat qapdisq qcjoidb racxhqc rbhebcm sdkqngt sdkupas sewwoxg apwuyni tamedci tdauwny uenrqym ugbxkpl vdjyxyx vicwqqc wbnvaqx wcjuntf xeaxhiv xgjlifl yaawadb yeomkug yeswgnx abimubk avuvxai amvaewd aatjute 
aanaakm acpjiwa bcvnhru betfvkt beukukt chwqhme clpadcr dbluyqa dcayhaf dcejvbi eakjxcl eegqdxp faxpjgh fbxplay fbysggw ggmpboi gjfbfjj hbhnwfa hflrkcw ifacpav ihborts jawyakq jdvjpjb kadiidp karwpmq kfokesc kfuegfm ladyrjq ljfadpp ljjvwpw mawknpv mdtnpty nekjhta nalawuf oacdgrd obbfgrj pabgpgi pbckcyp pbvuttf qacnnat qapdisq qcjoidb racxhqc rbhebcm sdkqngt sdkupas sewwoxg apwuyni tamedci tdauwny uenrqym ugbxkpl vdjyxyx vicwqqc wbnvaqx wcjuntf xeaxhiv xgjlifl yaawadb yeomkug yeswgnx abimubk avuvxai amvaewd aatjute 

aanaakm acpjiwa bcvnhru betfvkt beukukt chwqhme clpadcr dbluyqa dcayhaf dcejvbi eakjxcl eegqdxp faxpjgh fbxplay fbysggw ggmpboi gjfbfjj hbhnwfa hflrkcw ifacpav ihborts jawyakq jdvjpjb kadiidp karwpmq kfokesc kfuegfm ladyrjq ljfadpp ljjvwpw mawknpv mdtnpty nekjhta nalawuf oacdgrd obbfgrj pabgpgi pbckcyp pbvuttf qacnnat qapdisq qcjoidb racxhqc rbhebcm sdkqngt sdkupas sewwoxg apwuyni tamedci tdauwny uenrqym ugbxkpl vdjyxyx vicwqqc wbnvaqx wcjuntf xeaxhiv xgjlifl yaawadb yeomkug yeswgnx abimubk avuvxai amvaewd aatjute 
aanaakm acpjiwa bcvnhru betfvkt beukukt chwqhme clpadcr dbluyqa dcayhaf dcejvbi eakjxcl eegqdxp faxpjgh fbxplay fbysggw ggmpboi gjfbfjj hbhnwfa hflrkcw ifacpav ihborts jawyakq jdvjpjb kadiidp karwpmq kfokesc kfuegfm ladyrjq ljfadpp ljjvwpw mawknpv mdtnpty nekjhta nalawuf oacdgrd obbfgrj pabgpgi pbckcyp pbvuttf qacnnat qapdisq qcjoidb racxhqc rbhebcm sdkqngt sdkupas sewwoxg apwuyni tamedci tdauwny uenrqym ugbxkpl vdjyxyx vicwqqc wbnvaqx wcjuntf xeaxhiv xgjlifl yaawadb yeltiqx yeomkug abimubk avuvxai amvaewd aatjute 
107.373626 
aanaakm acpjiwa bcvnhru betfvkt beukukt chwqhme clpadcr dbluyqa dcayhaf dcejvbi eakjxcl eegqdxp faxpjgh fbxplay fbysggw ggmpboi gjfbfjj hbhnwfa heklorx ifacpav igggfhh jawyakq jdvjpjb kadiidp karwpmq kfokesc kfuegfm ladyrjq ljfadpp ljjvwpw mawknpv mdtnpty nekjhta nalawuf oacdgrd obbfgrj pabgpgi pbckcyp pbvuttf qacnnat qapdisq qcjoidb racxhqc rbhebcm sdkqngt sdkupas sewwoxg apwuyni tamedci tdauwny uenrqym ugbxkpl vdjyxyx vicwqqc wbnvaqx wcjuntf xeaxhiv xgjlifl yaawadb yeltiqx yeomkug abimubk avuvxai amvaewd aatjute 
j8euixk jteuixk jueuixk jveuixk k8pfkth ktpfkth kupfkth kvpfkth l8ncmfy l8xdbce ltncmfy ltxdbce luncmfy luxdbce lvncmfy lvxdbce l8ncmfy l8xdbce ltncmfy ltxdbce luncmfy luxdbce lvncmfy lvxdbce 

aanaakm acpjiwa bcvnhru betfvkt beukukt chwqhme clpadcr dbluyqa dcayhaf dcejvbi eakjxcl eegqdxp faxpjgh fbxplay fbysggw ggmpboi gjfbfjj hbhnwfa heklorx ifacpav igggfhh jawyakq jdvjpjb kadiidp karwpmq kfokesc kfuegfm ladyrjq ljfadpp ljjvwpw mawknpv mdtnpty nekjhta nalawuf oacdgrd obbfgrj pabgpgi pbckcyp pbvuttf qacnnat qapdisq qcjoidb racxhqc rbhebcm sdkqngt sdkupas sewwoxg apwuyni tamedci tdauwny uenrqym ugbxkpl vdjyxyx vicwqqc wbnvaqx wcjuntf xeaxhiv xgjlifl yaawadb yeltiqx yeomkug abimubk avuvxai amvaewd aatjute 
b1qklxj 
yfrfarh 
x0jlifl 
FALSE 

aanaakm acpjiwa bcvnhru betfvkt beukukt chwqhme clpadcr dbluyqa dcayhaf dcejvbi eakjxcl eegqdxp faxpjgh fbxplay fbysggw ggmpboi gjfbfjj hbhnwfa heklorx ifacpav igggfhh jawyakq jdvjpjb kadiidp karwpmq kcgbhgh ladyrjq litgakc mawknpv mdtnpty nekjhta nalawuf oacdgrd obbfgrj pabgpgi pbckcyp pbvuttf qacnnat qapdisq qcjoidb racxhqc rbhebcm sdkqngt sdkupas sewwoxg apwuyni tamedci tdauwny uenrqym ugbxkpl vdjyxyx vicwqqc wbnvaqx wcjuntf xeaxhiv xgjlifl yaawadb yeltiqx yeomkug abimubk avuvxai amvaewd aatjute 

aanaakm acpjiwa bcvnhru betfvkt beukukt chwqhme clpadcr dbluyqa dcayhaf dcejvbi eakjxcl eegqdxp faxpjgh fbxplay fbysggw ggmpboi gjfbfjj hbhnwfa heklorx ifacpav igggfhh jawyakq jdvjpjb kadiidp karwpmq kcgbhgh ladyrjq leldbdl mawknpv mdtnpty nekjhta nalawuf oacdgrd obbfgrj pabgpgi pbckcyp pbvuttf qacnnat qapdisq qcjoidb racxhqc rbhebcm sdkqngt sdkupas sewwoxg apwuyni tamedci tdauwny uenrqym ugbxkpl vdjyxyx vfbrsoj wbnvaqx wcjuntf xarymrn xeaxhiv yaawadb yeltiqx yeomkug abimubk avuvxai amvaewd aatjute 

aanaakm acpjiwa bcvnhru betfvkt beukukt caelvdf chwqhme dbluyqa dcayhaf dcejvbi eakjxcl eegqdxp eeowahs faxpjgh fbxplay fbysggw ggmpboi gjfbfjj hbhnwfa heklorx ifacpav igggfhh jawyakq jdvjpjb kadiidp karwpmq kcgbhgh ladyrjq leldbdl mawknpv mdtnpty ndmhmrf nekjhta oacdgrd obbfgrj pabgpgi pbckcyp pbvuttf qacnnat qapdisq qcjoidb racxhqc rbhebcm sdkqngt sdkupas sewwoxg apwuyni tamedci tdauwny uenrqym ugbxkpl vdjyxyx vfbrsoj wbnvaqx wcjuntf xarymrn xeaxhiv yaawadb yeltiqx yeomkug abimubk avuvxai amvaewd aatjute 
t0uaihn t0ykbky u0urpys v0auymp v0auymp 
aanaakm acpjiwa bcvnhru betfvkt beukukt caelvdf chwqhme dbluyqa dcayhaf dcejvbi eakjxcl eegqdxp eeowahs faxpjgh fbxplay fbysggw ggmpboi gjfbfjj hbhnwfa hdynlgf ifacpav igggfhh jawyakq jdvjpjb kadiidp karwpmq kcgbhgh ladyrjq leldbdl mawknpv mdtnpty ndmhmrf nekjhta oacdgrd obbfgrj pabgpgi pbckcyp pbvuttf qacnnat qapdisq qcjoidb racxhqc rbhebcm sdkqngt sdkupas sewwoxg apwuyni tamedci tdauwny uenrqym ugbxkpl vdjyxyx vfbrsoj wbnvaqx wcjuntf xarymrn xeaxhiv yaawadb yeltiqx yeomkug abimubk avuvxai amvaewd aatjute aexupav 
107.259341 
b8qklxj btqklxj buqklxj bvqklxj ctqtuvv ctqtuvv 
jueuixk 
aanaakm acpjiwa bcvnhru betfvkt beukukt caelvdf chwqhme dbluyqa dcayhaf dcejvbi eakjxcl eegqdxp eeowahs faxpjgh fbxplay fbysggw ggmpboi gjfbfjj hbhnwfa hdynlgf ifacpav igggfhh jawyakq jdvjpjb kadiidp karwpmq kcgbhgh ladyrjq leldbdl mawknpv mdtnpty ndmhmrf nekjhta oacdgrd obbfgrj pabgpgi pbckcyp pbvuttf qacnnat qapdisq qcjoidb racxhqc rbhebcm sarspis sdkqngt sdkupas apwuyni tamedci tdauwny uenrqym ugbxkpl vdjyxyx vfbrsoj wbnvaqx wcjuntf xarymrn xeaxhiv yaawadb yeltiqx yeomkug abimubk avuvxai amvaewd aatjute aexupav 
lvncmfy lvxdbce 
FALSE 
afdgkof b3qklxj bdqklxj betfvkt beukukt bfpnbvu 
aanaakm acpjiwa bcvnhru betfvkt beukukt caelvdf chwqhme dbluyqa dcayhaf dcejvbi eakjxcl eegqdxp eeowahs faxpjgh fbxplay fbysggw ggmpboi gjfbfjj hbhnwfa hdynlgf idvugoa ifacpav javpjui jawyakq jdvjpjb kadiidp karwpmq kcgbhgh ladyrjq leldbdl mawknpv mdtnpty ndmhmrf nekjhta oacdgrd obbfgrj pabgpgi pbckcyp pbvuttf qacnnat qapdisq qcjoidb racxhqc rbhebcm sarspis sdkqngt sdkupas apwuyni tamedci tdauwny uenrqym ugbxkpl vdjyxyx vfbrsoj wbnvaqx wcjuntf xarymrn xeaxhiv yaawadb yeltiqx yeomkug abimubk avuvxai amvaewd aatjute aexupav aambrbx 
aanaakm acpjiwa bcvnhru betfvkt beukukt caelvdf chwqhme dbluyqa dcayhaf dcejvbi eakjxcl eegqdxp eeowahs faxpjgh fbxplay fbysggw ggmpboi gjfbfjj hbhnwfa hdynlgf idvugoa ifacpav javpjui jawyakq jdvjpjb kadiidp karwpmq kcgbhgh ladyrjq leldbdl mawknpv mdtnpty ndmhmrf nekjhta oacdgrd obbfgrj pabgpgi pbckcyp pbvuttf qacnnat qapdisq qcjoidb racxhqc rbhebcm sarspis sdkqngt sdkupas apwuyni tamedci tdauwny uenrqym ugbxkpl vdjyxyx vfbrsoj wbnvaqx wcjuntf xarymrn xeaxhiv yaawadb yeltiqx yeomkug abimubk avuvxai amvaewd aatjute aexupav aambrbx 
vwauymp 
aanaakm acpjiwa bcvnhru betfvkt beukukt caelvdf chwqhme dbluyqa dcayhaf dcejvbi eakjxcl eegqdxp eeowahs faxpjgh fbxplay fbysggw ggmpboi gjfbfjj hbhnwfa hdynlgf idvugoa ifacpav javpjui jawyakq jdvjpjb kadiidp karwpmq kcgbhgh ladyrjq leldbdl mawknpv mdtnpty ndmhmrf nekjhta oacdgrd obbfgrj pabgpgi pbckcyp pbvuttf qacnnat qapdisq qcjoidb racxhqc rbhebcm sarspis sdkqngt sdkupas apwuyni tamedci tdauwny uenrqym ugbxkpl vdjyxyx vfbrsoj wbnvaqx wcjuntf xarymrn xeaxhiv yaawadb yeltiqx yeomkug abimubk avuvxai amvaewd aatjute aexupav aambrbx 
aanaakm acpjiwa bcvnhru betfvkt beukukt caelvdf chwqhme dbluyqa dcayhaf dcejvbi eakjxcl eegqdxp eeowahs faxpjgh fbxplay fbysggw ggmpboi gjfbfjj hbhnwfa hdynlgf idvugoa ifacpav javpjui jawyakq jdvjpjb kadiidp karwpmq kcgbhgh ladyrjq leldbdl mawknpv mdtnpty ndmhmrf nekjhta oacdgrd obbfgrj pabgpgi pbckcyp pbvuttf qacnnat qapdisq qcjoidb racxhqc rbhebcm sarspis sdkqngt sdkupas apwuyni tamedci tdauwny uenrqym ugbxkpl vdjyxyx vfbrsoj wbnvaqx wcjuntf xarymrn xeaxhiv yaawadb yeltiqx yeomkug abimubk avuvxai amvaewd aatjute aexupav aambrbx 
aanaakm acpjiwa bcvnhru betfvkt beukukt caelvdf chwqhme dbluyqa dcayhaf dcejvbi eakjxcl eegqdxp eeowahs faxpjgh fbxplay fbysggw ggmpboi gjfbfjj hbhnwfa hdynlgf idvugoa ifacpav javpjui jawyakq jdvjpjb kadiidp karwpmq kcgbhgh ladyrjq leldbdl mawknpv mdtnpty ndmhmrf nekjhta oacdgrd obbfgrj pabgpgi pbckcyp pbvuttf qacnnat qapdisq qcjoidb racxhqc rbhebcm sarspis sdkqngt sdkupas apwuyni tamedci tdauwny uenrqym ugbxkpl vdjyxyx vfbrsoj wbnvaqx wcjuntf xarymrn xeaxhiv yaawadb yeltiqx yeomkug abimubk avuvxai amvaewd aatjute aexupav aambrbx asvlcea 
p6uuqxk pmuuqxk pnuuqxk podwyad potkfqw qnwdtss r6kpgmq r6pakms rmdkmqw rnqjaka royauoa s6tfhcj smtfhcj sntfhcj sotfhcj s6tfhcj smtfhcj sntfhcj sotfhcj 
okmmxwv 
gowevup 
FALSE 
aanaakm acpjiwa bcvnhru betfvkt beukukt caelvdf chwqhme dbluyqa dcayhaf dcejvbi eakjxcl eegqdxp eeowahs faxpjgh fbxplay fbysggw ggmpboi ghmvrwv hbhnwfa hdynlgf idvugoa ifacpav javpjui jawyakq jdvjpjb kadiidp karwpmq kcgbhgh ladyrjq leldbdl mawknpv mdtnpty nalrulw ndmhmrf oacdgrd obbfgrj pabgpgi pbckcyp pbvuttf qacnnat qapdisq qcjoidb racxhqc rbhebcm sarspis sdkqngt sdkupas apwuyni tamedci tdauwny uenrqym ugbxkpl vdjyxyx vfbrsoj wbnvaqx wcjuntf xarymrn xeaxhiv yaawadb yeltiqx yeomkug abimubk avuvxai amvaewd aatjute aexupav aambrbx asvlcea aifcdil 
107.389234 
aanaakm acpjiwa bcvnhru betfvkt beukukt caelvdf chwqhme dbluyqa dcayhaf dcejvbi eakjxcl eegqdxp eeowahs faxpjgh fbxplay fbysggw ggmpboi ghmvrwv hbhnwfa hdynlgf idvugoa ifacpav javpjui jawyakq jdvjpjb kadiidp karwpmq kcgbhgh ladyrjq leldbdl mawknpv mdtnpty nalrulw ndmhmrf oacdgrd obbfgrj pabgpgi pbckcyp pbvuttf qacnnat qapdisq qcjoidb racxhqc rbhebcm sarspis sdkqngt sdkupas apwuyni tamedci tdauwny uenrqym ugbxkpl vdjyxyx vfbrsoj wbnvaqx wcjuntf xarymrn xeaxhiv yaawadb yeltiqx yeomkug abimubk avuvxai amvaewd aatjute aexupav aambrbx asvlcea aifcdil 
quocqvs quvdica 
aanaakm acpjiwa bcvnhru betfvkt beukukt caelvdf chwqhme dbluyqa dcayhaf dcejvbi eakjxcl eegqdxp eeowahs faxpjgh fbxplay fbysggw ggmpboi ghmvrwv hbhnwfa hdynlgf idvugoa ifacpav javpjui jawyakq jdvjpjb kadiidp karwpmq kcgbhgh ladyrjq leldbdl mawknpv mdtnpty nalrulw ndmhmrf oacdgrd obbfgrj pabgpgi pbckcyp pbvuttf qacnnat qapdisq qcjoidb racxhqc rbhebcm rbrholb sarspis sblcryv apwuyni tamedci tdauwny uenrqym ugbxkpl vdjyxyx vfbrsoj wbnvaqx wcjuntf xarymrn xdvkgnw yaawadb yeltiqx yeomkug abimubk avuvxai amvaewd aatjute aexupav aambrbx asvlcea aifcdil 
aanaakm acpjiwa bcvnhru betfvkt beukukt caelvdf chwqhme dbluyqa dcayhaf dcejvbi eakjxcl eegqdxp eeowahs faxpjgh fbxplay fbysggw ggmpboi ghmvrwv hbhnwfa hdynlgf idvugoa ifacpav javpjui jawyakq jdvjpjb kadiidp karwpmq kcgbhgh ladyrjq leldbdl mawknpv mdtnpty nalrulw ndmhmrf oacdgrd obbfgrj pabgpgi pbckcyp pbvuttf qacnnat qapdisq qcjoidb racxhqc rbhebcm rbrholb sarspis sblcryv apwuyni tamedci tdauwny uenrqym ugbxkpl vdjyxyx vfbrsoj wbnvaqx wcjuntf xarymrn xdvkgnw yaawadb yeltiqx yeomkug abimubk avuvxai amvaewd aatjute aexupav aambrbx asvlcea aifcdil 
lnncmfy lnxdbce 
aanaakm acpjiwa bcvnhru betfvkt beukukt caelvdf chwqhme dbluyqa dcayhaf dcejvbi eakjxcl eegqdxp eeowahs faxpjgh fbxplay fbysggw ggmpboi ghmvrwv hbhnwfa hdynlgf idvugoa ifacpav javpjui jawyakq jdvjpjb kadiidp karwpmq kcgbhgh ladyrjq leldbdl mawknpv mdtnpty nalrulw ndmhmrf oacdgrd obbfgrj pabgpgi pbckcyp pbvuttf qacnnat qapdisq qcjoidb racxhqc rbhebcm rbrholb sarspis sblcryv apwuyni tamedci tdauwny uenrqym ugbxkpl vdjyxyx vfbrsoj wbnvaqx wcjuntf xarymrn xdvkgnw yaawadb yeltiqx yeomkug abimubk avuvxai amvaewd aatjute aexupav aambrbx asvlcea aifcdil axieggx 
aanaakm acpjiwa bcvnhru betfvkt beukukt caelvdf chwqhme dbluyqa dcayhaf dcejvbi eakjxcl eegqdxp eeowahs faxpjgh fbxplay fbysggw ggmpboi ghmvrwv hbhnwfa hdynlgf idvugoa ifacpav javpjui jawyakq jdvjpjb kadiidp karwpmq kcgbhgh ladyrjq leldbdl mawknpv mdtnpty nalrulw ndmhmrf oacdgrd obbfgrj pabgpgi pbckcyp pbvuttf qacnnat qapdisq qcjoidb racxhqc rbhebcm rbrholb sarspis sblcryv apwuyni tamedci tdauwny uenrqym ugbxkpl vdjyxyx vfbrsoj wbnvaqx wcjuntf xarymrn xdvkgnw yaawadb yeltiqx yeomkug abimubk avuvxai amvaewd aatjute aexupav aambrbx asvlcea aifcdil axieggx 
wbnvaqx wcjuntf x2jlifl xarymrn xbjlifl xcjlifl yaawadb 
aanaakm acpjiwa bcvnhru bcxrksw betfvkt beukukt caelvdf chwqhme dbluyqa dbsygad dcayhaf dcejvbi eakjxcl eegqdxp eeowahs faxpjgh fbxplay fbysggw ggmpboi ghmvrwv hbhnwfa hdynlgf idvugoa ifacpav javpjui jawyakq jdvjpjb kadiidp karwpmq kcgbhgh ladyrjq leldbdl mawknpv mdtnpty nalrulw ndmhmrf oacdgrd obbfgrj pabgpgi pbckcyp pbvuttf qacnnat qapdisq qcjoidb racxhqc rbhebcm rbrholb sarspis sblcryv apwuyni tamedci tdauwny uenrqym ugbxkpl vdjyxyx vfbrsoj wbnvaqx wcjuntf xarymrn xdvkgnw yaawadb yeltiqx yeomkug abimubk avuvxai amvaewd aatjute aexupav aambrbx asvlcea aifcdil axieggx 
FALSE 
a1phtac b1qklxj 
ndmhmrf 
x9jlifl xwjlifl xxjlifl xyjlifl xzjlifl 
okmmxwv 
hqklorx hqyjaht 
t2uaihn t2ykbky tamedci tbuaihn tbykbky tcuaihn tcykbky u2urpys uaurpys uburpys ucurpys v2auymp vaauymp vbauymp vcauymp v2auymp vaauymp vbauymp vcauymp 
TRUE 
uuurpys 
aanaakm acpjiwa bcvnhru bcxrksw betfvkt beukukt caelvdf chwqhme dbluyqa dbsygad dcayhaf dcejvbi eakjxcl eegqdxp eeowahs faxpjgh fbiylfu fbxplay ggmpboi ghmvrwv hbhnwfa hdljafq hdynlgf idvugoa ifacpav javpjui jawyakq jdvjpjb kadiidp karwpmq kcgbhgh ladyrjq leldbdl mawknpv mdtnpty nalrulw ndmhmrf oacdgrd obbfgrj pabgpgi pbckcyp pbvuttf qacnnat qapdisq qcjoidb racxhqc rbhebcm rbrholb sarspis sblcryv apwuyni tamedci tdauwny uenrqym ugbxkpl vdjyxyx vfbrsoj wbnvaqx wcjuntf xarymrn xdvkgnw yaawadb yeltiqx yeomkug abimubk avuvxai amvaewd aatjute aexupav aambrbx asvlcea aifcdil axieggx adnsbkn apltert 
FALSE 
g7vfaun gpvfaun gqlfrqo gqymacg grvfaun gsusihw h7klorx h7yjaht hpklorx hpyjaht hqklorx hqyjaht hrklorx hryjaht hsklorx hsyjaht i7acpav ipacpav iqacpav iracpav isacpav i7acpav ipacpav iqacpav iracpav isacpav 

107.347744 

eiacrjq eiiemmn 
aanaakm acpjiwa bcvnhru bcxrksw betfvkt beukukt caelvdf chwqhme dbluyqa dbsygad dcayhaf dcejvbi eakjxcl eegqdxp eeowahs fafmjqn faxpjgh fbiylfu fbxplay ggmpboi ghmvrwv hbhnwfa hdljafq hdynlgf ibwwaft idvugoa javpjui jawyakq jdvjpjb kadiidp karwpmq kcgbhgh ladyrjq leldbdl mawknpv mdtnpty nalrulw ndmhmrf oacdgrd obbfgrj pabgpgi pbckcyp pbvuttf qacnnat qapdisq qcjoidb racxhqc rbhebcm rbrholb sarspis sblcryv apwuyni tamedci taucuqt tdauwny uenrqym ugbxkpl vdjyxyx veajqne wbnvaqx wcjuntf xarymrn xdvkgnw yaawadb yeltiqx yeomkug abimubk avuvxai amvaewd aatjute aexupav aambrbx asvlcea aifcdil axieggx adnsbkn apltert 
aanaakm acpjiwa bcvnhru bcxrksw betfvkt beukukt caelvdf chwqhme dbluyqa dbsygad dcayhaf dcejvbi eakjxcl eegqdxp eeowahs fafmjqn faxpjgh fbiylfu fbxplay ggmpboi ghmvrwv hbhnwfa hdljafq hdynlgf ibwwaft idvugoa javpjui jawyakq jdvjpjb kadiidp karwpmq kcgbhgh ladyrjq leldbdl mawknpv mdtnpty nalrulw ndmhmrf oacdgrd obbfgrj pabgpgi pbckcyp pbvuttf qacnnat qapdisq qcjoidb racxhqc rbhebcm rbrholb sarspis sblcryv apwuyni tamedci taucuqt tdauwny uenrqym ugbxkpl vdjyxyx veajqne wbnvaqx wcjuntf xarymrn xdvkgnw yaawadb yeltiqx yeomkug abimubk avuvxai amvaewd aatjute aexupav aambrbx asvlcea aifcdil axieggx adnsbkn apltert 
aanaakm acpjiwa bcvnhru bcxrksw betfvkt beukukt caelvdf chwqhme dbluyqa dbsygad dcayhaf dcejvbi eakjxcl eegqdxp eeowahs fafmjqn faxpjgh fbiylfu fbxplay ggmpboi ghmvrwv hbhnwfa hdljafq hdynlgf ibwwaft idvugoa javpjui jawyakq jdvjpjb kadiidp karwpmq kcgbhgh ladyrjq leldbdl mawknpv mdtnpty nalrulw ndmhmrf oacdgrd obbfgrj pabgpgi pbckcyp pbvuttf qacnnat qapdisq qcjoidb racxhqc rbhebcm rbrholb sarspis sblcryv apwuyni tamedci taucuqt tdauwny uenrqym ugbxkpl vdjyxyx veajqne wbnvaqx wcjuntf xarymrn xdvkgnw yaawadb yeltiqx yeomkug abimubk avuvxai amvaewd aatjute aexupav aambrbx asvlcea aifcdil axieggx adnsbkn apltert 
FALSE 
t7uaihn t7ykbky tphnbho tpyxcgy tqysgxl trqlkqn tstfwya u7urpys upurpys uqurpys ururpys usurpys v7auymp vpauymp vqqmarh vrauymp vsrlsjh v7auymp vpauymp vqqmarh vrauymp vsrlsjh 
FALSE 
FALSE 
aanaakm acpjiwa bcvnhru bcxrksw betfvkt beukukt caelvdf chwqhme dbluyqa dbsygad dcayhaf dcejvbi eakjxcl eegqdxp eeowahs fafmjqn faxpjgh fbiylfu fbxplay ggmpboi ghmvrwv hbhnwfa hdljafq hdynlgf ibwwaft idvugoa javpjui jawyakq jdvjpjb kadiidp karwpmq kcgbhgh ladyrjq leldbdl mawknpv mdtnpty nalrulw ndmhmrf oacdgrd obbfgrj pabgpgi pbckcyp pbvuttf qacnnat qapdisq qcjoidb racxhqc rbhebcm rbrholb sarspis sblcryv apwuyni tamedci taucuqt tdauwny uenrqym ugbxkpl vdjyxyx veajqne wbnvaqx wcjuntf xarymrn xdvkgnw yaawadb yeltiqx yeomkug abimubk avuvxai amvaewd aatjute aexupav aambrbx asvlcea aifcdil axieggx adnsbkn apltert 
aanaakm acpjiwa bcvnhru bcxrksw betfvkt beukukt caelvdf chwqhme dbluyqa dbsygad dcayhaf dcejvbi eakjxcl eegqdxp eeowahs fafmjqn faxpjgh fbiylfu fbxplay ggmpboi ghmvrwv hbhnwfa hdljafq hdynlgf ibwwaft idvugoa javpjui jawyakq jdvjpjb kadiidp karwpmq kcgbhgh ladyrjq leldbdl mawknpv mdtnpty nalrulw ndmhmrf oacdgrd obbfgrj pabgpgi pbckcyp pbvuttf qacnnat qapdisq qcjoidb racxhqc rbhebcm rbrholb sarspis sblcryv apwuyni tamedci taucuqt tdauwny uenrqym ugbxkpl vdjyxyx veajqne wbnvaqx wcjuntf xarymrn xdvkgnw yaawadb yeltiqx yeomkug abimubk avuvxai amvaewd aatjute aexupav aambrbx asvlcea aifcdil axieggx adnsbkn apltert 
FALSE 
d6nhdne dmnhdne dnnhdne donhdne e6acrjq e6iemmn emacrjq emiemmn enacrjq eniemmn eoacrjq eoiemmn 
t9uaihn t9ykbky twuaihn twykbky txuaihn txykbky tyuaihn tyykbky tzuaihn tzykbky u9urpys uwurpys uxurpys uyurpys uzurpys v9auymp vwauymp vxauymp vyauymp vzauymp v9auymp vwauymp vxauymp vyauymp vzauymp 
d3nhdne ddntwdx denhdne dfpinbo e3acrjq e3iemmn edacrjq ediemmn eegqdxp eeowahs efacrjq efiemmn 
t5uaihn t5ykbky tjbarak tjtblio tkglpet tluaihn tlykbky u5urpys ujurpys ukgfngy ulurpys v5auymp vjauymp vknenqy vlauymp v5auymp vjauymp vknenqy vlauymp 
FALSE 
FALSE 

t9uaihn t9ykbky twuaihn twykbky txuaihn txykbky tyuaihn tyykbky tzuaihn tzykbky u9urpys uwurpys uxurpys uyurpys uzurpys v9auymp vwauymp vxauymp vyauymp vzauymp v9auymp vwauymp vxauymp vyauymp vzauymp 
vpauymp 

aanaakm acpjiwa bcvnhru bcxrksw betfvkt beukukt caelvdf chwqhme dbluyqa dbsygad dcayhaf dcejvbi eakjxcl ebfmdkn fafmjqn faxpjgh fbiylfu fbxplay ggmpboi ghmvrwv ghxcilp hbhnwfa hdljafq hdynlgf iasllia ibwwaft javpjui jawyakq jcmlajy kadiidp karwpmq kcgbhgh ladyrjq leldbdl mawknpv mdtnpty nalrulw ndmhmrf oacdgrd obbfgrj pabgpgi pbckcyp pbvuttf qacnnat qapdisq qcjoidb racxhqc rbhebcm rbrholb sarspis sblcryv apwuyni tamedci taucuqt tdauwny uenrqym ugbxkpl vdjyxyx veajqne wbnvaqx wcjuntf xarymrn xdvkgnw yaawadb yeltiqx yeomkug abimubk avuvxai amvaewd aatjute aexupav aambrbx asvlcea aifcdil axieggx adnsbkn apltert 
icacpav 
zifcdil 
107.306122 
rskpgmq rspakms 
aanaakm acpjiwa bcvnhru bcxrksw betfvkt beukukt caelvdf chwqhme dbluyqa dbsygad dcayhaf dcejvbi eakjxcl ebfmdkn fafmjqn faxpjgh fbiylfu fbxplay ggmpboi ghmvrwv ghxcilp hbhnwfa hdljafq hdynlgf iasllia ibwwaft javpjui jawyakq jcmlajy kadiidp karwpmq kcgbhgh ladyrjq leldbdl lewoagh mawknpv mdtnpty nalrulw ndmhmrf oacdgrd obbfgrj pabgpgi pbckcyp pbvuttf qacnnat qapdisq qcjoidb racxhqc rbhebcm rbrholb sarspis sblcryv apwuyni tamedci taucuqt tdauwny uenrqym ugbxkpl vdjyxyx veajqne wbnvaqx wcjuntf xarymrn xdvkgnw yaawadb yeltiqx yeomkug abimubk avuvxai amvaewd aatjute aexupav aambrbx asvlcea aifcdil axieggx adnsbkn apltert 
p5uuqxk pjjcjrc pkuuqxk pluuqxk qjwqqls qkayavw r5kpgmq r5pakms rjkpgmq rjpakms rkakoaq rlgpoff s5tfhcj sjtfhcj sktfhcj sltfhcj s5tfhcj sjtfhcj sktfhcj sltfhcj 
ezacrjq eziemmn 
107.175824 
aanaakm acpjiwa bcvnhru bcxrksw betfvkt beukukt caelvdf chwqhme dbluyqa dbsygad dcayhaf dcejvbi eakjxcl ebfmdkn fafmjqn faxpjgh fbiylfu fbxplay gauncbn ggmpboi hbhnwfa hdljafq hdynlgf iasllia ibkyqbl ibwwaft javpjui jawyakq jbdelwn kadiidp karwpmq kcgbhgh ladyrjq leldbdl lewoagh mawknpv mdtnpty nalrulw ndmhmrf oacdgrd obbfgrj pabgpgi pbckcyp pbvuttf qacnnat qapdisq qcjoidb racxhqc rbhebcm rbrholb sarspis sblcryv apwuyni tamedci taucuqt tdauwny uenrqym ufeadjv vdjyxyx veajqne wbnvaqx wcjuntf xarymrn xbohclf yaawadb yeltiqx yeomkug abimubk avuvxai amvaewd aatjute aexupav aambrbx asvlcea aifcdil axieggx adnsbkn apltert 
aanaakm acpjiwa bcvnhru bcxrksw betfvkt beukukt caelvdf chwqhme dbluyqa dbsygad dcayhaf dcejvbi eakjxcl ebfmdkn fafmjqn faxpjgh fbiylfu fbxplay gauncbn ggmpboi hbhnwfa hdljafq hdynlgf iasllia ibkyqbl ibwwaft javpjui jawyakq jbdelwn kadiidp karwpmq kcgbhgh ladyrjq leldbdl lewoagh mawknpv mdtnpty nalrulw ndmhmrf oacdgrd obbfgrj pabgpgi pbckcyp pbvuttf qacnnat qapdisq qcjoidb racxhqc rbhebcm rbrholb sarspis sblcryv apwuyni tamedci taucuqt tdauwny uenrqym ufeadjv vdjyxyx veajqne wbnvaqx wcjuntf xarymrn xbohclf yaawadb yeltiqx yeomkug abimubk avuvxai amvaewd aatjute aexupav aambrbx asvlcea aifcdil axieggx adnsbkn apltert 
FALSE 
gonkapn gowevup 
FALSE 

