

108.625000 
4hajkfh ghajkfh hhajkfh iglfkdl iglfkdl 
chfddgt dgvfhls eshhbjn gqnpufv iglfkdl ijmyavq khajkfh lrwmxua ojfwppy paqxbwm satfvdu tnuxmmv xhgltny 



108.857143 
atxtupa chfddgt dgvfhls eshhbjn gqnpufv howkbhn iglfkdl ijmyavq khajkfh lrwmxua mtkggpy nbrtkbx nkamciu ojfwppy ojyrweo paqxbwm pwbhdsd satfvdu scyolah tnuxmmv wefkawq wfhnecy xhgltny xnamtqj 




FALSE 




aciujex aqntdmo chfddgt dgvfhls eshhbjn glgtkps gqnpufv howkbhn iglfkdl ijmyavq jkdwjpo kahgody khajkfh khmaeai lrwmxua mtkggpy mtyjagu nbrtkbx njalitx ojfwppy ojyrweo opaqdbr paqxbwm pwbhdsd satfvdu scyolah tnuxmmv wefkawq wfhnecy xhgltny xnamtqj 
aciujex aqntdmo chfddgt dgvfhls eshhbjn glgtkps gqnpufv howkbhn iglfkdl ijmyavq jkdwjpo kahgody khajkfh khmaeai lrwmxua mtkggpy mtyjagu nbrtkbx njalitx ojfwppy ojyrweo opaqdbr paqxbwm pwbhdsd satfvdu scyolah tnuxmmv wefkawq wfhnecy xhgltny xnamtqj avgeluc 
FALSE 
aciujex aqntdmo chfddgt dgvfhls diqejcq eshhbjn glgtkps gqnpufv howkbhn iglfkdl ijmyavq jkdwjpo kahgody khajkfh khmaeai lrwmxua mtkggpy mtyjagu nbrtkbx njalitx ojfwppy ojyrweo opaqdbr paqxbwm pwbhdsd rfjdiax satfvdu scyolah tnuxmmv wefkawq wfhnecy xhgltny xnamtqj avgeluc 
22wncmr 2ahgody 2bwncmr 2cwncmr aciujex b2wncmr bahgody bbwncmr bcwncmr 
33wncmr 3dwncmr 3ewncmr 3fwncmr fegdybx fegdybx 
aciujex aqntdmo byluhdw chfddgt dgvfhls diqejcq eshhbjn fegdybx glgtkps gqnpufv howkbhn iglfkdl ijmyavq jkdwjpo kahgody khajkfh khmaeai lrwmxua mtkggpy mtyjagu nbrtkbx njalitx ojfwppy ojyrweo opaqdbr paqxbwm pwbhdsd rfjdiax satfvdu scyolah tnuxmmv wefkawq wfhnecy xhgltny xnamtqj avgeluc 
107.972973 
107.972973 
108.282392 
sahgody 
FALSE 
aciujex aefebhl byluhdw chfddgt cqqlrna dgvfhls diqejcq edncmvp eqtopop fegdybx glgtkps gqnpufv horycva howkbhn iglfkdl ijmyavq jkdwjpo jnnawni kahgody kbomncs lrwmxua mtkggpy mtyjagu nbrtkbx njalitx ojfwppy ojyrweo opaqdbr paqxbwm pwbhdsd qtesuew rfjdiax rvbijhf satfvdu scyolah tnuxmmv tridmsc ultuspr wefkawq wfhnecy wfkgpvq xhgltny xnamtqj avgeluc aujsbtw 
01wncmr 01wncmr 
FALSE 
15wncmr 1jwncmr 1kwncmr 1lwncmr 15wncmr 1jwncmr 1kwncmr 1lwncmr 
31wncmr d1kmawm 
aciujex aefebhl byluhdw cdarwql chfddgt dgvfhls diqejcq edncmvp eqtopop fegdybx glgtkps gqnpufv horycva howkbhn iejkbjy iglfkdl jkdwjpo jnnawni kahgody kbomncs lrwmxua mdjvxgu mtkggpy mtyjagu nbrtkbx njalitx odgtcwg ojfwppy ojyrweo paqxbwm pwbhdsd qtesuew rbhxcxj rdnddko satfvdu scyolah tnuxmmv tohybaa uarbuhx uhklwii vuytais wefkawq wfhnecy wfkgpvq xhgltny xnamtqj avgeluc aujsbtw 
53wncmr 5dwncmr 5ewncmr 5fwncmr k3wncmr kdwncmr kewncmr kfwncmr l3wncmr ldwncmr lewncmr lfwncmr l3wncmr ldwncmr lewncmr lfwncmr 
zywncmr 
znwncmr 
39wncmr 3wwncmr 3xwncmr 3ywncmr 3zwncmr d9kmawm dwkmawm dxkmawm dykmawm dzkmawm eypdppc 
24wncmr 2gwncmr 2hajkfh 2hmaeai 2iwncmr a4ivxwh agivxwh ahivxwh aiivxwh c4fddgt cgfddgt chfddgt cifddgt c4fddgt cgfddgt chfddgt cifddgt 
nahgody 
FALSE 
abktmgo aciujex booxwue bqlpyto cdarwql chfddgt dckjqqn dgvfhls edncmvp eqtopop fegdybx glgtkps gqnpufv hgaxpjx hjdeoky iejkbjy ifvyniv jkdwjpo jnnawni kahgody kbomncs lbckdww lrwmxua mdjvxgu mtkggpy mtyjagu nbrtkbx nehngfb odgtcwg ojfwppy ojyrweo paqxbwm pwbhdsd qtesuew qteteso rbhxcxj rdnddko satfvdu scyolah tnuxmmv tohybaa uarbuhx uhklwii vuytais wefkawq wfhnecy wfkgpvq xhgltny xnamtqj avgeluc aujsbtw arwsyqj yljlicl 
abktmgo aciujex booxwue bqlpyto cdarwql chfddgt dckjqqn dgvfhls edncmvp eqtopop fegdybx glgtkps gqnpufv hgaxpjx hjdeoky iejkbjy ifvyniv jkdwjpo jnnawni kahgody kbomncs lbckdww lrwmxua mdjvxgu mtkggpy mtyjagu nbrtkbx nehngfb odgtcwg ojfwppy ojyrweo paqxbwm pwbhdsd qtesuew qteteso rbhxcxj rdnddko satfvdu scyolah tnuxmmv tohybaa uarbuhx uhklwii vuytais wefkawq wfhnecy wfkgpvq xhgltny xnamtqj avgeluc aujsbtw arwsyqj yljlicl 
abktmgo aciujex booxwue bqlpyto cdarwql chfddgt dckjqqn dgvfhls edncmvp elwlhvq fegdybx glgtkps gqnpufv hgaxpjx hjdeoky iejkbjy ifvyniv jkdwjpo jnnawni kahgody kbomncs lbckdww lrwmxua mdjvxgu mtkggpy mtyjagu navikmv nbrtkbx odgtcwg ojfwppy ojyrweo paqxbwm pwbhdsd qtesuew qteteso rbhxcxj rdnddko satfvdu scyolah tnuxmmv tohybaa uarbuhx uhklwii vuytais wefkawq wfhnecy wfkgpvq xhgltny xnamtqj avgeluc aujsbtw arwsyqj yljlicl 
108.905660 
FALSE 
abktmgo aciujex blavpxv booxwue cdarwql chfddgt dckjqqn dgvfhls edncmvp elwlhvq fegdybx glgtkps gqnpufv hceehdm hgaxpjx iejkbjy ifvyniv jhfnjuk jkdwjpo kahgody kbomncs kbxobta lbckdww lrwmxua mdjvxgu mtkggpy mtyjagu navikmv nbrtkbx odgtcwg ojfwppy ojyrweo paqxbwm pnaahbs qtesuew qteteso rbhxcxj rdnddko saboeho satfvdu scyolah tnuxmmv tohybaa uarbuhx uhklwii vebtoke vgeeugw wefkawq wfhnecy wfkgpvq xbetweh xhgltny avgeluc aujsbtw arwsyqj yljlicl 
xqwncmr 
pvwncmr 

FALSE 
42wncmr 4ahgody 4bomncs 4bxobta 4cwncmr gaajvle hceehdm 
26wncmr 2mwncmr 2nwncmr 2owncmr a6ivxwh amvkswq anivxwh aoivxwh booxwue c6fddgt cmfddgt cnfddgt cofddgt c6fddgt cmfddgt cnfddgt cofddgt 
lhajkfh lhmaeai 
46wncmr 4mwncmr 4nwncmr 4owncmr hnpfjwb hnwaijx horycva howkbhn inlkbho inxvyxs ioasavc inlkbho inxvyxs ioasavc 
lahgody 
46wncmr 4mwncmr 4nwncmr 4owncmr hnpfjwb hnwaijx horycva howkbhn inlkbho inxvyxs ioasavc inlkbho inxvyxs ioasavc 
FALSE 
FALSE 
abktmgo aciujex behivlx blavpxv cdarwql chfddgt dckjqqn dgvfhls edncmvp elwlhvq fegdybx geafdrs glgtkps hceehdm hgaxpjx iejkbjy ifvyniv jhfnjuk jkdwjpo kahgody kbomncs kbxobta lbckdww lofxslf mbppkag mdjvxgu navikmv nbrtkbx odgtcwg ojfwppy ojyrweo paqxbwm pnaahbs qtesuew qteteso qvawaxx rbhxcxj rdnddko saboeho sanhula scyolah tnuxmmv tohybaa uarbuhx uhklwii vebtoke vgeeugw wajisng wbptgmr xbetweh xhgltny avgeluc aujsbtw arwsyqj yapmlgv yljlicl aeweduy akfpvgi 
FALSE 
abktmgo aciujex behivlx blavpxv cdarwql cencahk dckjqqn dgvfhls edncmvp elwlhvq fegdybx geafdrs glgtkps hceehdm hgaxpjx iejkbjy ifvyniv jhfnjuk jkdwjpo kahgody kbomncs kbxobta lbckdww lofxslf mbppkag mdjvxgu navikmv nbrtkbx odgtcwg ojfwppy ojyrweo paqxbwm pnaahbs qtesuew qteteso qvawaxx rbhxcxj rdnddko saboeho sanhula scyolah tnuxmmv tohybaa uarbuhx uhklwii vebtoke vgeeugw wajisng wbptgmr xbetweh xhgltny avgeluc aujsbtw arwsyqj yapmlgv yljlicl aeweduy akfpvgi aeqfyog anhrssg 
abktmgo aciujex behivlx blavpxv cdarwql cencahk dckjqqn dgvfhls edncmvp elwlhvq fegdybx fnrrqfj geafdrs glgtkps hceehdm hgaxpjx iejkbjy ifvyniv jhfnjuk jkdwjpo kahgody kbomncs kbxobta lbckdww lihjllf mbppkag mdjvxgu navikmv nbrtkbx odgtcwg ojfwppy ojyrweo paqxbwm pnaahbs qtesuew qteteso qvawaxx rbhxcxj rdnddko saboeho sanhula sblpgje tnuxmmv tohybaa uarbuhx uhklwii vebtoke vgeeugw wajisng wbptgmr xbetweh xhgltny avgeluc aujsbtw arwsyqj yapmlgv yljlicl aeweduy akfpvgi aeqfyog anhrssg 
24wncmr 2gwncmr 2hajkfh 2hmaeai 2iuxcmf a4ivxwh agvopdo ahivxwh aiivxwh c4fddgt cgfddgt chfddgt cifddgt c4fddgt cgfddgt chfddgt cifddgt 
97wncmr 9pwncmr 9qwncmr 9rwncmr 9swncmr w7wncmr wpwncmr wqwncmr wrwncmr wswncmr x7wncmr xpwncmr xqwncmr xrwncmr xswncmr y7wncmr ypwncmr yqwncmr yrwncmr yswncmr z7wncmr zpwncmr zqwncmr zrwncmr zswncmr z7wncmr zpwncmr zqwncmr zrwncmr zswncmr 
108.129032 
abktmgo aciujex bdijhdq behivlx cdarwql cencahk dckjqqn dgvfhls edncmvp ehwqbew fegdybx fnrrqfj geafdrs glgtkps hceehdm hejnqbx iejkbjy ifvyniv jaxtqii jhfnjuk kahgody kbomncs kbxobta lbckdww lgxsjph mbppkag mdjvxgu navikmv nbrtkbx odgtcwg ojfwppy ojyrweo paqxbwm peoxyut qjawmdo qtesuew qteteso rbhxcxj rdnddko saboeho sanhula sblpgje tnuxmmv tohybaa uarbuhx uhklwii vebtoke vgeeugw wajisng wbptgmr xbetweh xhgltny avgeluc aujsbtw arwsyqj yanicmm yapmlgv yljlicl aeweduy akfpvgi aeqfyog anhrssg 
TRUE 
pbomncs pbxobta 
28wncmr 2twncmr 2uwncmr 2vwncmr a8ivxwh atxtupa auivxwh avivxwh c8fddgt ctfddgt cufddgt cvfddgt c8fddgt ctfddgt cufddgt cvfddgt 
abktmgo aciujex bdijhdq behivlx cdarwql cencahk dckjqqn dgvfhls edncmvp ehwqbew fegdybx fnrrqfj geafdrs glgtkps hceehdm hejnqbx ibjlhrm iejkbjy jaxtqii jhfnjuk kahgody kbomncs kbxobta lbckdww lgxsjph mbppkag mdjvxgu navikmv nbrtkbx odgtcwg ojfwppy ojyrweo paqxbwm peoxyut qjawmdo qtesuew qteteso rbhxcxj rdnddko saboeho sanhula sblpgje tnuxmmv tohybaa uarbuhx uhklwii vebtoke vgeeugw wajisng wbptgmr xbetweh xhgltny avgeluc aujsbtw arwsyqj yanicmm yapmlgv yljlicl aeweduy akfpvgi aeqfyog anhrssg abhhkmp 
kvwncmr 
37wncmr 3pwncmr 3qwncmr 3rwncmr 3swncmr d7kmawm dpkmawm dqkmawm drkmawm dskmawm eqtopop ervydww eshhbjn 
87wncmr 8pwncmr 8qwncmr 8rwncmr 8swncmr t7wncmr tpwncmr tqwncmr trwncmr tswncmr u7wncmr upwncmr uqwncmr urwncmr uswncmr v7wncmr vpwncmr vqwncmr vrwncmr vswncmr v7wncmr vpwncmr vqwncmr vrwncmr vswncmr 
abktmgo aciujex bdijhdq behivlx cdarwql cencahk dckjqqn dgvfhls edncmvp ehwqbew fegdybx fnrrqfj geafdrs glgtkps hceehdm hejnqbx ibjlhrm iejkbjy jaxtqii jhfnjuk kahgody kbomncs kbxobta lbckdww lgxsjph mbppkag mdjvxgu navikmv nbrtkbx odgtcwg ojfwppy ojyrweo paqxbwm peoxyut qjawmdo qtesuew qteteso rbhxcxj rdnddko saboeho sanhula sblpgje tnuxmmv tohybaa uarbuhx uhklwii vebtoke vgeeugw wajisng wbptgmr xbetweh xhgltny avgeluc aujsbtw arwsyqj yanicmm yapmlgv yljlicl aeweduy akfpvgi aeqfyog anhrssg abhhkmp 
abktmgo aciujex bdijhdq behivlx cdarwql cencahk dckjqqn dgvfhls edncmvp ehwqbew fegdybx fnrrqfj geafdrs glgtkps hceehdm hejnqbx ibjlhrm iejkbjy jaxtqii jhfnjuk kahgody kbomncs kbxobta lbckdww lgxsjph mbppkag mdjvxgu navikmv nbrtkbx odgtcwg ojfwppy ojyrweo paqxbwm peoxyut qjawmdo qtesuew qteteso rbhxcxj rdnddko saboeho sanhula sblpgje tnuxmmv tohybaa uarbuhx uhklwii vebtoke vgeeugw wajisng wbptgmr xbetweh xhgltny avgeluc aujsbtw arwsyqj yanicmm yapmlgv yljlicl aeweduy akfpvgi aeqfyog anhrssg abhhkmp 
FALSE 
abktmgo aciujex bdijhdq behivlx cdarwql cencahk dckjqqn dgvfhls edncmvp ehwqbew fegdybx fnrrqfj geafdrs glgtkps hceehdm hejnqbx ibjlhrm iejkbjy jaxtqii jhfnjuk kahgody kbomncs kbxobta lbckdww lgxsjph mbppkag mdjvxgu navikmv nbrtkbx odgtcwg ojfwppy ojyrweo paqxbwm peoxyut qeijurh qjawmdo rbhxcxj rdnddko saboeho sanhula sblpgje tnuxmmv tohybaa uarbuhx uhklwii vebtoke vgeeugw wajisng wbptgmr xbetweh xhgltny avgeluc aujsbtw arwsyqj yanicmm yapmlgv yljlicl aeweduy akfpvgi aeqfyog anhrssg abhhkmp 
FALSE 
xbomncs xbxobta 
14wncmr 1gwncmr 1hajkfh 1hmaeai 1iuxcmf 14wncmr 1gwncmr 1hajkfh 1hmaeai 1iuxcmf 

vrwncmr 
abktmgo aciujex bdijhdq behivlx cdarwql cencahk dckjqqn dgvfhls ebejbhf edncmvp fegdybx ffeiyaj geafdrs glgtkps hceehdm hejnqbx ibjlhrm iejkbjy jaxtqii jhfnjuk kahgody kbomncs kbxobta labswki lbckdww mbppkag mdjvxgu navikmv nbrtkbx odgtcwg ohxqoja paqxbwm pdtcbal qeijurh qjawmdo rbhxcxj rdnddko saboeho sanhula sblpgje tnuxmmv tohybaa uarbuhx ubjmvjj vebtoke vgeeugw wajisng wbptgmr xbetweh xhgltny avgeluc aujsbtw arwsyqj yanicmm yapmlgv yljlicl aeweduy akfpvgi aeqfyog anhrssg abhhkmp 
36wncmr 3mwncmr 3naphqj 3owncmr d6kmawm dmkmawm dnkmawm dokmawm fnrrqfj fnrrqfj 
FALSE 
dwkmawm 
abktmgo aciujex bdijhdq behivlx cdarwql cencahk dckjqqn dgvfhls ebejbhf edncmvp fegdybx ffeiyaj geafdrs glgtkps hceehdm hejnqbx ibjlhrm iejkbjy jachjqk jaxtqii jhfnjuk kahgody kbomncs kbxobta labswki lbckdww mbppkag mdjvxgu navikmv nbrtkbx odgtcwg ohxqoja paqxbwm pdtcbal qeijurh qjawmdo rbhxcxj rdnddko saboeho sanhula sblpgje tasergb tnuxmmv uarbuhx ubjmvjj vebtoke vgeeugw wajisng wbptgmr xawfxpj xbetweh avgeluc aujsbtw arwsyqj yanicmm yapmlgv yljlicl aeweduy akfpvgi aeqfyog anhrssg abhhkmp 
abktmgo aciujex bdijhdq behivlx cdarwql cencahk dckjqqn dgvfhls ebejbhf edncmvp fegdybx ffeiyaj geafdrs glgtkps hceehdm hejnqbx ibjlhrm iejkbjy jachjqk jaxtqii jcnomau kahgody kbomncs kbxobta labswki lbckdww mbppkag mdjvxgu navikmv nbrtkbx odgtcwg ohxqoja paqxbwm pdtcbal qeijurh qjawmdo rbhxcxj rdnddko saboeho sanhula sblpgje tasergb tnuxmmv uarbuhx ubjmvjj vebtoke vgeeugw wajisng wbptgmr xawfxpj xbetweh avgeluc aujsbtw arwsyqj yanicmm yapmlgv yljlicl aeweduy akfpvgi aeqfyog anhrssg abhhkmp 
yuwncmr 
abktmgo aciujex bdijhdq behivlx cdarwql cencahk dckjqqn dgvfhls ebejbhf edncmvp fegdybx ffeiyaj geafdrs glgtkps hceehdm hejnqbx ibjlhrm iejkbjy jachjqk jaxtqii jcnomau kahgody kbomncs kbxobta labswki lbckdww mbppkag mdjvxgu navikmv nbrtkbx odgtcwg ohxqoja paqxbwm pdtcbal qeijurh qjawmdo rbhxcxj rdnddko saboeho sanhula sblpgje tasergb tnuxmmv uarbuhx ubjmvjj vebtoke vgeeugw wajisng wbptgmr xawfxpj xbetweh avgeluc aujsbtw arwsyqj yanicmm yapmlgv yljlicl aeweduy akfpvgi aeqfyog anhrssg abhhkmp 
72wncmr 7ahgody 7bomncs 7bxobta 7cwncmr p2wncmr pahgody pbomncs pbxobta pcwncmr q2wncmr qahgody qbomncs qbxobta qcwncmr r2wncmr rahgody rbomncs rbxobta rcwncmr s2wncmr sahgody sbomncs sbxobta scwncmr s2wncmr sahgody sbomncs sbxobta scwncmr 
auivxwh 
abktmgo aciujex bdijhdq behivlx cdarwql cencahk dckjqqn dgvfhls ebejbhf edncmvp fegdybx ffeiyaj geafdrs glgtkps hceehdm hejnqbx ibjlhrm iejkbjy jachjqk jaxtqii jcnomau kahgody kbomncs kbxobta labswki lbckdww mbppkag mdjvxgu navikmv nbrtkbx odgtcwg ohxqoja paqxbwm pdtcbal qeijurh qjawmdo rbhxcxj rdnddko saboeho sanhula sblpgje tasergb tnuxmmv uarbuhx uassqfp ubjmvjj vebtoke vgeeugw wajisng wbptgmr xawfxpj xbetweh avgeluc aujsbtw arwsyqj yanicmm yapmlgv yljlicl aeweduy akfpvgi aeqfyog anhrssg abhhkmp 
ywwncmr 
abktmgo aciujex bdijhdq behivlx cdarwql cencahk dckjqqn dgvfhls ebejbhf edncmvp fegdybx ffeiyaj geafdrs glgtkps hceehdm hejnqbx ibjlhrm iejkbjy jachjqk jaxtqii jcnomau kahgody kbomncs kbxobta labswki lbckdww mbppkag mdjvxgu navikmv nbrtkbx odgtcwg ohxqoja paqxbwm pdtcbal qeijurh qjawmdo rbhxcxj rdnddko saboeho sanhula sblpgje tasergb tnuxmmv uarbuhx uassqfp ubjmvjj vebtoke vgeeugw wajisng wbptgmr xawfxpj xbetweh avgeluc aujsbtw arwsyqj yanicmm yapmlgv yljlicl aeweduy akfpvgi aeqfyog anhrssg abhhkmp 
FALSE 
FALSE 
FALSE 
abktmgo aciujex bdijhdq behivlx cdarwql cencahk dckjqqn dgvfhls ebejbhf edncmvp fegdybx ffeiyaj gagbvrm geafdrs hceehdm hcoarhi hejnqbx ibjlhrm iejkbjy jachjqk jaxtqii jcnomau kahgody kbomncs kbxobta labswki lbckdww mbppkag mdjvxgu navikmv nbrtkbx odgtcwg ohxqoja paeblwh paqxbwm pdtcbal qeijurh qjawmdo rbhxcxj rdnddko saboeho sanhula sblpgje tasergb tnuxmmv uarbuhx uassqfp ubjmvjj vebtoke vgeeugw wajisng wbptgmr xawfxpj xbetweh avgeluc aujsbtw arwsyqj yamsgjj yanicmm yljlicl aeweduy akfpvgi aeqfyog anhrssg abhhkmp avcatqb 
aciujex 
38wncmr 3twncmr 3uwncmr 3vwncmr d8kmawm dtkmawm dukmawm dvkmawm 
32wncmr 3ahgody 3bomncs 3bxobta 3cwncmr d2kmawm dakmawm dbkmawm dckjqqn ebejbhf 
qmwncmr 
abktmgo aciujex bdijhdq behivlx cdarwql cencahk dckjqqn dgvfhls ebejbhf edncmvp fdyeogy fegdybx gagbvrm geafdrs hceehdm hcoarhi hejnqbx ibjlhrm iejkbjy jachjqk jaxtqii jcnomau kahgody kbomncs kbxobta labswki lbckdww mbppkag mdjvxgu mdrpapi navikmv nbrtkbx odgtcwg ohxqoja paeblwh paqxbwm pdtcbal qeijurh qjawmdo rbhxcxj rdnddko saboeho sanhula sblpgje tasergb tnuxmmv uarbuhx uassqfp ubjmvjj vebtoke vgeeugw wajisng wbptgmr xawfxpj xbetweh avgeluc aujsbtw arwsyqj yamsgjj yanicmm yljlicl aeweduy akfpvgi aeqfyog anhrssg abhhkmp avcatqb 
46wncmr 4mwncmr 4naphqj 4owncmr hmwcauk hnpfjwb hnwaijx hoqkaqo horycva i6unolr imunolr inlkbho inxvyxs ioasavc i6unolr imunolr inlkbho inxvyxs ioasavc 
FALSE 

17wncmr 1pwncmr 1qwncmr 1rwncmr 1swncmr 17wncmr 1pwncmr 1qwncmr 1rwncmr 1swncmr 
abktmgo aciujex bdijhdq behivlx cdarwql cencahk dckjqqn dgvfhls ebejbhf edncmvp fdyeogy fegdybx gagbvrm geafdrs hceehdm hcoarhi hejnqbx ibjlhrm iejkbjy jachjqk jaxtqii jcnomau kahgody kbomncs kbxobta labswki lbckdww mbppkag mdjvxgu mdrpapi navikmv nbrtkbx odgtcwg ohxqoja paeblwh paqxbwm pdtcbal qeijurh qjawmdo rayidjn rbhxcxj saboeho sanhula sblpgje tasergb tnuxmmv uarbuhx uassqfp ubjmvjj vebtoke vgeeugw wajisng wbptgmr xawfxpj xbetweh avgeluc aujsbtw arwsyqj yamsgjj yanicmm yljlicl aeweduy akfpvgi aeqfyog anhrssg abhhkmp avcatqb 

107.254202 
abktmgo aciujex acqfalg bdijhdq behivlx cdarwql cencahk dckjqqn dgvfhls ebejbhf edncmvp fdyeogy fegdybx gagbvrm gcvwtae hceehdm hcoarhi hejnqbx ibjlhrm iejkbjy jachjqk jaxtqii jcnomau kahgody kbomncs kbxobta labswki lbckdww lbgvwfy mbppkag mdjvxgu mdrpapi navikmv nbrtkbx odgtcwg ohxqoja paeblwh paqxbwm pdtcbal qeijurh qfbckkj rayidjn rbhxcxj saboeho sanhula sblpgje tasergb tnuxmmv uarbuhx uassqfp ubjmvjj vebtoke vgeeugw wajisng wbptgmr xawfxpj xbetweh avgeluc aujsbtw arwsyqj yamsgjj yanicmm yljlicl aeweduy akfpvgi aeqfyog anhrssg abhhkmp avcatqb 
07wncmr 0pwncmr 0qwncmr 0rwncmr 0swncmr 07wncmr 0pwncmr 0qwncmr 0rwncmr 0swncmr 
abktmgo aciujex acqfalg bdijhdq behivlx cdarwql cencahk dckjqqn dgvfhls ebejbhf edncmvp fdyeogy fegdybx gagbvrm gcvwtae hceehdm hcoarhi hejnqbx ibjlhrm iejkbjy jachjqk jaxtqii jcnomau kahgody kbomncs kbxobta labswki lbckdww lbgvwfy mbppkag mdjvxgu mdrpapi navikmv nbrtkbx odgtcwg ohxqoja paeblwh paqxbwm pdtcbal qeijurh qfbckkj rayidjn rbhxcxj saboeho sanhula sblpgje tasergb tauwlkc tnuxmmv uarbuhx uassqfp ubjmvjj vebtoke vgeeugw wajisng wbptgmr xawfxpj xbetweh avgeluc aujsbtw arwsyqj yamsgjj yanicmm yljlicl aeweduy akfpvgi aeqfyog anhrssg abhhkmp avcatqb 
TRUE 
lfwncmr 
abktmgo aciujex acqfalg bdijhdq behivlx cdarwql cencahk dckjqqn dgvfhls ebejbhf edncmvp fdyeogy fegdybx gagbvrm gcvwtae hceehdm hcoarhi hejnqbx ibjlhrm iejkbjy jachjqk jaxtqii jcnomau kahgody kbomncs kbxobta labswki lbckdww lbgvwfy mbppkag mdjvxgu mdrpapi navikmv nbrtkbx odgtcwg ohxqoja paeblwh paqxbwm pcicidh qeijurh qfbckkj rayidjn rbhxcxj saboeho sanhula sblpgje tasergb tauwlkc tnuxmmv uarbuhx uassqfp ubjmvjj vebtoke vgeeugw wajisng wbptgmr xawfxpj xbetweh avgeluc aujsbtw arwsyqj yamsgjj yanicmm yljlicl aeweduy akfpvgi aeqfyog anhrssg abhhkmp avcatqb 
FALSE 
abktmgo aciujex acqfalg bdijhdq behivlx cdarwql cencahk dckjqqn dgvfhls ebejbhf edncmvp fdyeogy fegdybx gagbvrm gcvwtae hceehdm hcoarhi hejnqbx ibjlhrm iejkbjy jachjqk jaxtqii jbxpgbp kahgody kbomncs kbxobta labswki lbckdww lbgvwfy mbppkag mdjvxgu mdrpapi navikmv nbrtkbx odgtcwg ohxqoja paeblwh paqxbwm pcicidh qeijurh qfbckkj rayidjn rbhxcxj saboeho sanhula sblpgje tasergb tauwlkc tnuxmmv uarbuhx uassqfp ubjmvjj vebtoke vgeeugw wajisng wbptgmr xawfxpj xbetweh avgeluc aujsbtw arwsyqj yamsgjj yanicmm yljlicl aeweduy akfpvgi aeqfyog anhrssg abhhkmp avcatqb acvvuvy 
67wncmr 6pwncmr 6qwncmr 6rwncmr 6swncmr m7wncmr mpwncmr mqwncmr mrwncmr mswncmr n7wncmr npwncmr nqwncmr nrwncmr nswncmr o7wncmr opwncmr oqwncmr orwncmr oswncmr o7wncmr opwncmr oqwncmr orwncmr oswncmr 
abktmgo aciujex acqfalg bdijhdq behivlx cdarwql cencahk dckjqqn dgvfhls ebejbhf edncmvp fdyeogy fegdybx gagbvrm gcvwtae hceehdm hcoarhi hejnqbx ibjlhrm iejkbjy jachjqk jaxtqii jbxpgbp kahgody kbomncs kbxobta labswki lbckdww lbgvwfy mbppkag mdjvxgu mdrpapi navikmv nbrtkbx odgtcwg ohxqoja paeblwh paqxbwm pcicidh qeijurh qfbckkj rayidjn rbhxcxj saboeho sanhula sblpgje tasergb tauwlkc tnuxmmv uarbuhx uassqfp ubjmvjj vebtoke vgeeugw wajisng wbptgmr xawfxpj xbetweh avgeluc aujsbtw arwsyqj yamsgjj yanicmm yljlicl aeweduy akfpvgi aeqfyog anhrssg abhhkmp avcatqb acvvuvy 

abktmgo aciujex acqfalg bdijhdq behivlx cdarwql cencahk dckjqqn dgvfhls ebejbhf edncmvp fdyeogy fegdybx gagbvrm gcvwtae hceehdm hcoarhi hejnqbx ibjlhrm iejkbjy jachjqk jaxtqii jbxpgbp kahgody kbomncs kbxobta labswki lbckdww lbgvwfy mbppkag mdjvxgu mdrpapi navikmv nbrtkbx odgtcwg ohwsisg ohxqoja paeblwh paqxbwm pcicidh qeijurh qfbckkj rayidjn rbhxcxj saboeho sanhula sblpgje tasergb tauwlkc thsqbsn uarbuhx uassqfp ubjmvjj vebtoke vgeeugw wajisng wbptgmr xawfxpj xbetweh avgeluc aujsbtw arwsyqj yamsgjj yanicmm yljlicl aeweduy akfpvgi aeqfyog anhrssg abhhkmp avcatqb acvvuvy 
87wncmr 8pwncmr 8qwncmr 8rwncmr 8swncmr t7wncmr tpwncmr tqwncmr trwncmr tswncmr u7wncmr upwncmr uqwncmr urwncmr uswncmr v7wncmr vpwncmr vqwncmr vrwncmr vswncmr v7wncmr vpwncmr vqwncmr vrwncmr vswncmr 
abktmgo aciujex acqfalg bdijhdq behivlx cdarwql cencahk dckjqqn dgvfhls ebejbhf edncmvp fdyeogy fegdybx gagbvrm gcvwtae hceehdm hcoarhi hejnqbx ibjlhrm iejkbjy jachjqk jaxtqii jbxpgbp kahgody kbomncs kbxobta labswki lbckdww lbgvwfy mbppkag mdjvxgu mdrpapi navikmv nbrtkbx odgtcwg ohwsisg ohxqoja paeblwh paqxbwm pcicidh qeijurh qfbckkj rayidjn rbhxcxj saboeho sanhula sblpgje tasergb tauwlkc thsqbsn uarbuhx uassqfp ubjmvjj vebtoke vgeeugw wajisng wbptgmr xawfxpj xbetweh avgeluc aujsbtw arwsyqj yamsgjj yanicmm yjmrnvs aeweduy akfpvgi aeqfyog anhrssg abhhkmp avcatqb acvvuvy 
abktmgo aciujex acqfalg bdijhdq behivlx cdarwql cencahk dckjqqn dgvfhls ebejbhf edncmvp fdyeogy fegdybx gagbvrm gcvwtae hceehdm hcoarhi hejnqbx ibjlhrm iejkbjy jachjqk jaxtqii jbxpgbp kahgody kbomncs kbxobta labswki lbckdww lbgvwfy mbppkag mdjvxgu mdrpapi navikmv nbrtkbx odgtcwg ohwsisg ohxqoja paeblwh paqxbwm pcicidh qeijurh qfbckkj rayidjn rbhxcxj saboeho sanhula sblpgje tasergb tauwlkc thsqbsn uarbuhx uassqfp ubjmvjj vebtoke vgeeugw wajisng wbptgmr xawfxpj xbetweh avgeluc aujsbtw arwsyqj yamsgjj yanicmm yjmrnvs aeweduy akfpvgi aeqfyog anhrssg abhhkmp avcatqb acvvuvy 

94wncmr 9gwncmr 9hajkfh 9hmaeai 9iuxcmf w4wncmr wgwncmr whajkfh whmaeai wiuxcmf x4wncmr xgwncmr xhajkfh xhmaeai xiuxcmf y4wncmr ygwncmr yhajkfh yhmaeai yiuxcmf z4wncmr zgwncmr zhajkfh zhmaeai ziuxcmf z4wncmr zgwncmr zhajkfh zhmaeai ziuxcmf 
vgwncmr 
67wncmr 6pwncmr 6qwncmr 6rwncmr 6swncmr m7wncmr mpwncmr mqwncmr mrwncmr mswncmr n7wncmr npwncmr nqwncmr nrwncmr nswncmr o7wncmr opwncmr oqwncmr orwncmr oswncmr o7wncmr opwncmr oqwncmr orwncmr oswncmr 
uqwncmr 
suwncmr 
dgvfhls 
zjwncmr 
02wncmr 0ahgody 0bomncs 0bxobta 0cwncmr 02wncmr 0ahgody 0bomncs 0bxobta 0cwncmr 
107.376984 
107.376984 
FALSE 
abktmgo aciujex acqfalg bdijhdq behivlx cdarwql cencahk dckjqqn dgvfhls ebejbhf edncmvp fdyeogy fegdybx gagbvrm gcvwtae havsisj hceehdm hcoarhi ibjlhrm iejkbjy jachjqk jaxtqii jbxpgbp kahgody kbomncs kbxobta labswki lbckdww lbgvwfy mbppkag mdjvxgu mdrpapi navikmv nbrtkbx odgtcwg ohwsisg ohxqoja paeblwh paqxbwm pcicidh qeijurh qfbckkj rayidjn rbhxcxj saboeho saktvcm sblpgje tasergb tauwlkc thsqbsn uarbuhx uassqfp ubjmvjj vebtoke vgeeugw wajisng wbptgmr xawfxpj xbetweh avgeluc aujsbtw arwsyqj yamsgjj yanicmm yjmrnvs aeweduy akfpvgi aeqfyog anhrssg abhhkmp avcatqb acvvuvy 
wfwncmr 
ioasavc 
lwwncmr 

abktmgo aciujex acqfalg bdijhdq behivlx cdarwql cencahk dckjqqn dgvfhls ebejbhf edncmvp fdyeogy fegdybx gagbvrm gcvwtae havsisj hceehdm hcoarhi ibjlhrm iejkbjy jachjqk jaxtqii jbxpgbp kahgody kbomncs kbxobta labswki lbckdww lbgvwfy mbppkag mdjvxgu mdrpapi navikmv nbrtkbx odgtcwg ohwsisg ohxqoja paeblwh paqxbwm pcicidh qeijurh qfbckkj rayidjn rbhxcxj saboeho saktvcm sblpgje tasergb tauwlkc thsqbsn uarbuhx uassqfp ubjmvjj vebtoke vgeeugw wajisng wbptgmr xawfxpj xbetweh avgeluc aujsbtw arwsyqj yamsgjj yanicmm yjmrnvs aeweduy akfpvgi aeqfyog anhrssg abhhkmp avcatqb acvvuvy 
abktmgo aciujex acqfalg bdijhdq behivlx cdarwql cencahk dckjqqn dgvfhls ebejbhf edncmvp fdyeogy fegdybx gagbvrm gbqatft havsisj hceehdm hcoarhi ibjlhrm iejkbjy jachjqk jaxtqii jbxpgbp kahgody kbomncs kbxobta labswki lbckdww lbgvwfy mbppkag mdjvxgu mdrpapi navikmv nbrtkbx odgtcwg ohwsisg ohxqoja paeblwh paqxbwm pcicidh qbdlbke qeijurh rayidjn rbhxcxj saboeho saktvcm sblpgje tasergb tauwlkc thsqbsn uarbuhx uassqfp ubjmvjj vebtoke vgeeugw wajisng wbptgmr xawfxpj xbetweh avgeluc aujsbtw arwsyqj yamsgjj yanicmm yjmrnvs aeweduy akfpvgi aeqfyog anhrssg abhhkmp avcatqb acvvuvy 
qxwncmr 
abktmgo aciujex acqfalg bdijhdq behivlx cdarwql cencahk dckjqqn ddrtalq ebejbhf edncmvp fdyeogy fegdybx gagbvrm gbqatft havsisj hceehdm hcoarhi ibjlhrm iejkbjy jachjqk jaxtqii jbxpgbp kahgody kbomncs kbxobta labswki lbckdww lbgvwfy mbppkag mdjvxgu mdrpapi navikmv nbrtkbx odgtcwg ohwsisg ohxqoja paeblwh paqxbwm pcicidh qbdlbke qeijurh rayidjn rbhxcxj saboeho saktvcm sblpgje tasergb tauwlkc thsqbsn uarbuhx uassqfp ubjmvjj vebtoke vgeeugw wajisng wbptgmr xawfxpj xbetweh avgeluc aujsbtw arwsyqj yamsgjj yanicmm yjmrnvs aeweduy akfpvgi aeqfyog anhrssg abhhkmp avcatqb acvvuvy 
abktmgo aciujex acqfalg bdijhdq behivlx cdarwql cencahk dckjqqn ddrtalq ebejbhf edncmvp fdyeogy fegdybx gagbvrm gbqatft havsisj hceehdm hcoarhi ibjlhrm iejkbjy jachjqk jaxtqii jbxpgbp kahgody kbomncs kbxobta labswki lbckdww lbgvwfy mbppkag mdjvxgu mdrpapi navikmv nbrtkbx odgtcwg ohwsisg ohxqoja paeblwh paqxbwm pcicidh qbdlbke qeijurh rayidjn rbhxcxj saboeho saktvcm sblpgje tasergb tauwlkc thsqbsn uarbuhx uassqfp ubjmvjj vebtoke vgeeugw wajisng wbptgmr xawfxpj xbetweh avgeluc aujsbtw arwsyqj yamsgjj yanicmm yjmrnvs aeweduy akfpvgi aeqfyog anhrssg abhhkmp avcatqb acvvuvy 
abktmgo aciujex acqfalg bdijhdq behivlx cdarwql cencahk dckjqqn ddrtalq ebejbhf edncmvp fdyeogy fegdybx gagbvrm gbqatft havsisj hceehdm hcoarhi ibjlhrm iejkbjy jachjqk jandlkt jbxpgbp kahgody kbomncs kbxobta labswki lbckdww lbgvwfy mbppkag mdjvxgu mdrpapi navikmv nbrtkbx odgtcwg ohwsisg ohxqoja paeblwh paqxbwm pcicidh qbdlbke qeijurh rayidjn rbhxcxj saboeho saktvcm sblpgje tasergb tauwlkc tgujmdl uarbuhx uassqfp ubjmvjj vbchlqm vebtoke wajisng wbptgmr xawfxpj xbetweh avgeluc aujsbtw arwsyqj yamsgjj yanicmm yjmrnvs aeweduy akfpvgi aeqfyog anhrssg abhhkmp avcatqb acvvuvy 
107.257937 
wxwncmr 
rahgody 
12wncmr 1ahgody 1bomncs 1bxobta 1cwncmr 12wncmr 1ahgody 1bomncs 1bxobta 1cwncmr 
21wncmr a1osnnr c1fddgt c1fddgt 
FALSE 
abktmgo aciujex acqfalg bdijhdq behivlx cdarwql cencahk dckjqqn ddrtalq ebejbhf edncmvp fdyeogy fegdybx gagbvrm gbqatft havsisj hceehdm hcoarhi ibjlhrm iejkbjy jachjqk jandlkt jbxpgbp kahgody kbomncs kbxobta labswki lbckdww lbgvwfy mbkvrbg mbppkag mdjvxgu mdrpapi nagkkav navikmv nbrtkbx odgtcwg ohwsisg ohxqoja paeblwh paqxbwm pcicidh qbdlbke qdqbwbw rayidjn rbhxcxj saboeho saktvcm sblpgje tasergb tauwlkc tgujmdl uarbuhx uassqfp ubjmvjj vbchlqm vebtoke wajisng wbptgmr xawfxpj xbetweh avgeluc aujsbtw arwsyqj yamsgjj yanicmm yjmrnvs aeweduy akfpvgi aeqfyog anhrssg abhhkmp avcatqb acvvuvy ahrvqaq 
11wncmr 11wncmr 
75wncmr 7jwncmr 7kwncmr 7lwncmr p5wncmr pjwncmr pkwncmr plwncmr q5wncmr qjwncmr qkwncmr qlwncmr r5wncmr rjwncmr rkwncmr rlwncmr s5wncmr sjwncmr skwncmr slwncmr s5wncmr sjwncmr skwncmr slwncmr 
abktmgo aciujex acqfalg bdijhdq behivlx cculxfy cdarwql dckjqqn ddrtalq ebejbhf edncmvp fdyeogy fegdybx gagbvrm gbqatft havsisj hceehdm hcoarhi ibjlhrm iejkbjy jachjqk jandlkt jbxpgbp kahgody kbomncs kbxobta labswki lbckdww lbgvwfy mbkvrbg mbppkag mdjvxgu mdrpapi nagkkav navikmv nbrtkbx odgtcwg ohvdujp ohwsisg paeblwh paqxbwm pcicidh qbdlbke qdqbwbw rayidjn rbhxcxj saboeho saktvcm sblpgje tasergb tauwlkc tgujmdl uarbuhx uassqfp ubjmvjj vbchlqm vebtoke wajisng wbptgmr xawfxpj xbetweh avgeluc aujsbtw arwsyqj yamsgjj yanicmm yjmrnvs aeweduy akfpvgi aeqfyog anhrssg abhhkmp avcatqb acvvuvy ahrvqaq 
73wncmr 7dwncmr 7ewncmr 7fwncmr p3wncmr pdwncmr pewncmr pfwncmr q3wncmr qdwncmr qewncmr qfwncmr r3wncmr rdwncmr rewncmr rfwncmr s3wncmr sdwncmr sewncmr sfwncmr s3wncmr sdwncmr sewncmr sfwncmr 
FALSE 
abktmgo aciujex acqfalg bdijhdq behivlx cculxfy cdarwql dckjqqn ddrtalq ebejbhf edncmvp fdyeogy fegdybx gagbvrm gbqatft havsisj hceehdm hcoarhi ibjlhrm iejkbjy jachjqk jandlkt jbxpgbp kahgody kbomncs kbxobta labswki lbckdww lbgvwfy mbkvrbg mbppkag mdjvxgu mdrpapi nagkkav navikmv nbrtkbx odgtcwg ohvdujp ohwsisg paeblwh paqxbwm pcicidh qbdlbke qdqbwbw rayidjn rbhxcxj saboeho saktvcm sblpgje tasergb tauwlkc tgujmdl uarbuhx uassqfp ubjmvjj vbchlqm vebtoke wajisng wbptgmr xawfxpj xbetweh avgeluc aujsbtw arwsyqj yamsgjj yanicmm yjmrnvs aeweduy akfpvgi aeqfyog anhrssg abhhkmp avcatqb acvvuvy ahrvqaq 
FALSE 
107.278195 
107.320965 
54nuqaj 5gnuqaj 5hajkfh 5hmaeai 5iuxcmf jhbhcem jhfnjuk jinqkur k4nuqaj kgnuqaj khajkfh khmaeai kiuxcmf l4nuqaj lgnuqaj lhajkfh lhmaeai liuxcmf l4nuqaj lgnuqaj lhajkfh lhmaeai liuxcmf 
lbomncs lbxobta 
abktmgo aciujex acqfalg bdijhdq behivlx cculxfy cdarwql dckjqqn ddrtalq eahawhj ebejbhf fdyeogy fegdybx gagbvrm gbqatft havsisj hceehdm hcoarhi ibjlhrm iejkbjy jachjqk jandlkt jbxpgbp kahgody kbomncs kbxobta labswki lalomfg lbckdww lbgvwfy mbkvrbg mbppkag mdjvxgu mdrpapi nagkkav navikmv nbrtkbx odgtcwg odypkju ohvdujp ohwsisg paeblwh paqxbwm pcicidh qbdlbke qdqbwbw rayidjn rbhxcxj saboeho saktvcm sblpgje tasergb tauwlkc tgujmdl uarbuhx uassqfp ubjmvjj vbchlqm vebtoke wajisng wbptgmr xawfxpj xbetweh avgeluc aujsbtw arwsyqj yamsgjj yanicmm yjmrnvs aeweduy akfpvgi aeqfyog anhrssg abhhkmp avcatqb acvvuvy ahrvqaq aykllto 
abktmgo aciujex acqfalg bdijhdq behivlx cculxfy cdarwql dckjqqn ddrtalq eahawhj ebejbhf fdyeogy fegdybx gagbvrm gbqatft havsisj hceehdm hcoarhi ibjlhrm iejkbjy jachjqk jandlkt jbxpgbp kahgody kbomncs kbxobta labswki lalomfg lbckdww lbgvwfy mbkvrbg mbppkag mdjvxgu mdrpapi nagkkav navikmv nbrtkbx odgtcwg odypkju ohvdujp ohwsisg paeblwh paqxbwm pcicidh qbdlbke qdqbwbw rayidjn rbhxcxj saboeho saktvcm sblpgje tasergb tauwlkc tgujmdl uarbuhx uassqfp ubjmvjj vbchlqm vebtoke wajisng wbptgmr xaordlo xawfxpj xbetweh avgeluc aujsbtw arwsyqj yamsgjj yanicmm yjmrnvs aeweduy akfpvgi aeqfyog anhrssg abhhkmp avcatqb acvvuvy ahrvqaq aykllto 
aoosnnr 
107.414286 
vnnuqaj 
FALSE 
abktmgo aciujex acqfalg bdijhdq behivlx cculxfy cdarwql dckjqqn ddrtalq eahawhj ebejbhf fdyeogy fegdybx gagbvrm gbqatft havsisj hceehdm hcoarhi ibjlhrm iejkbjy jachjqk jandlkt jbxpgbp kahgody kbomncs kbxobta labswki lalomfg lbckdww lbgvwfy mbkvrbg mbppkag mdjvxgu mdrpapi nagkkav navikmv nbrtkbx odgtcwg odypkju ohvdujp ohwsisg paeblwh paqxbwm pcicidh qbdlbke qdqbwbw rayidjn rbhxcxj saboeho saktvcm sblpgje tasergb tauwlkc tgujmdl uarbuhx uassqfp ubjmvjj vbchlqm vdbhass wajisng wbptgmr xaordlo xawfxpj xbetweh avgeluc aujsbtw arwsyqj yamsgjj yanicmm yjmrnvs aeweduy akfpvgi aeqfyog anhrssg abhhkmp avcatqb acvvuvy ahrvqaq aykllto aksrqwu 
abktmgo aciujex acqfalg bdijhdq behivlx cculxfy cdarwql dckjqqn ddrtalq eahawhj ebejbhf fdyeogy fegdybx gagbvrm gbqatft havsisj hceehdm hcoarhi ibjlhrm iejkbjy jachjqk jandlkt jbxpgbp kahgody kbomncs kbxobta labswki lalomfg lbckdww lbgvwfy mbkvrbg mbppkag mdjvxgu mdrpapi nagkkav navikmv nbrtkbx odgtcwg odypkju ohvdujp ohwsisg paeblwh paqxbwm pcicidh qbdlbke qdqbwbw rayidjn rbhxcxj saboeho saktvcm sblpgje tasergb tauwlkc tgujmdl uarbuhx uassqfp ubjmvjj vbchlqm vdbhass wajisng wbptgmr xaordlo xawfxpj xbetweh avgeluc aujsbtw arwsyqj yamsgjj yanicmm yjmrnvs aeweduy akfpvgi aeqfyog anhrssg abhhkmp avcatqb acvvuvy ahrvqaq aykllto aksrqwu 
abktmgo aciujex acqfalg bdijhdq behivlx cculxfy cdarwql dckjqqn ddrtalq eahawhj ebejbhf fdyeogy fegdybx gagbvrm gbqatft havsisj hceehdm hcoarhi ibjlhrm iejkbjy jachjqk jandlkt jbxpgbp kahgody kbomncs kbxobta labswki lalomfg lbckdww lbgvwfy mbkvrbg mbppkag mdjvxgu mdrpapi nagkkav navikmv nbrtkbx odgtcwg odypkju ohvdujp ohwsisg paeblwh paqxbwm pcicidh qbdlbke qdqbwbw rayidjn rbhxcxj saboeho saktvcm sblpgje tasergb tauwlkc tgujmdl uarbuhx uassqfp ubjmvjj vbchlqm vdbhass wajisng wbptgmr xaordlo xawfxpj xbetweh avgeluc aujsbtw arwsyqj yamsgjj yanicmm yjmrnvs aeweduy akfpvgi aeqfyog anhrssg abhhkmp avcatqb acvvuvy ahrvqaq aykllto aksrqwu audiuck 
wbomncs wbxobta 
22nuqaj 2ahgody 2ahkone 2bomncs 2bxobta 2cnuqaj a2osnnr aaosnnr abktmgo aciujex acqfalg c2fddgt cafddgt cbfddgt cculxfy c2fddgt cafddgt cbfddgt cculxfy 
01nuqaj 01nuqaj 
abktmgo aciujex acqfalg bdijhdq behivlx cculxfy cdarwql dckjqqn ddrtalq eahawhj ebejbhf fdyeogy fegdybx gagbvrm gbqatft havsisj hceehdm hcoarhi ibjlhrm iejkbjy jachjqk jandlkt jbxpgbp kahgody kahkone kbomncs kbxobta labswki lalomfg lbckdww lbgvwfy mbkvrbg mbppkag mdjvxgu mdrpapi nagkkav navikmv nbrtkbx odgtcwg odypkju ohvdujp ohwsisg paeblwh paqxbwm pcicidh qbdlbke qdqbwbw rayidjn rbhxcxj saboeho saktvcm sblpgje tasergb tauwlkc tgujmdl uarbuhx uassqfp ubjmvjj vbchlqm vdbhass wajisng wbptgmr xaordlo xawfxpj xbetweh avgeluc aujsbtw arwsyqj yamsgjj yanicmm yjmrnvs aeweduy akfpvgi aeqfyog anhrssg abhhkmp avcatqb acvvuvy ahrvqaq aykllto aksrqwu audiuck 
xhajkfh xhmaeai 

07nuqaj 0pnuqaj 0qnuqaj 0rnuqaj 0snuqaj 07nuqaj 0pnuqaj 0qnuqaj 0rnuqaj 0snuqaj 
abktmgo aciujex acqfalg bcqnudp bdijhdq cculxfy cdarwql dckjqqn ddrtalq eahawhj ebejbhf fdyeogy fegdybx gagbvrm gbqatft gbaerin havsisj hceehdm hcoarhi ibjlhrm iejkbjy jachjqk jandlkt jbxpgbp kahgody kahkone kbomncs kbxobta labswki lalomfg lbckdww lbgvwfy mbkvrbg mbppkag mdjvxgu mdrpapi nagkkav navikmv nbrtkbx odgtcwg odypkju ohvdujp ohwsisg paeblwh paqxbwm pbhvolw qbdlbke qdqbwbw rayidjn rbhxcxj saboeho saktvcm sblpgje tasergb tauwlkc tgujmdl uarbuhx uassqfp ubjmvjj vbchlqm vdbhass wajisng wbcjqxj wbptgmr xaordlo xawfxpj xbetweh avgeluc aujsbtw arwsyqj yamsgjj yanicmm yjmrnvs aeweduy akfpvgi aeqfyog anhrssg abhhkmp avcatqb acvvuvy ahrvqaq aykllto aksrqwu audiuck 
abktmgo aciujex acqfalg bcqnudp bdijhdq cculxfy cdarwql dckjqqn ddrtalq eahawhj ebejbhf fdyeogy fegdybx gagbvrm gbqatft gbaerin havsisj hceehdm hcoarhi ibjlhrm iejkbjy jachjqk jandlkt jbxpgbp kahgody kahkone kbomncs kbxobta labswki lalomfg lbckdww lbgvwfy mbkvrbg mbppkag mdjvxgu mdrpapi nagkkav navikmv nbrtkbx odgtcwg odypkju ohvdujp ohwsisg paeblwh paqxbwm pbhvolw qbdlbke qdqbwbw rayidjn rbhxcxj saboeho saktvcm sblpgje tasergb tauwlkc tgujmdl uarbuhx uassqfp ubjmvjj vbchlqm vdbhass wajisng wbcjqxj wbptgmr xaordlo xawfxpj xbetweh avgeluc aujsbtw arwsyqj yamsgjj yanicmm yjmrnvs aeweduy akfpvgi aeqfyog anhrssg abhhkmp avcatqb acvvuvy ahrvqaq aykllto aksrqwu audiuck 
abktmgo aciujex acqfalg bcqnudp bdijhdq cculxfy cdarwql dckjqqn ddrtalq eahawhj ebejbhf fdyeogy fegdybx gagbvrm gbqatft gbaerin havsisj hceehdm hcoarhi ibjlhrm iejkbjy jachjqk jandlkt jbxpgbp kahgody kahkone kbomncs kbxobta labswki lalomfg lbckdww lbgvwfy mbkvrbg mbppkag mdjvxgu mdrpapi nagkkav navikmv nbrtkbx odgtcwg odypkju ohvdujp ohwsisg paeblwh paqxbwm pbhvolw qbdlbke qdqbwbw rayidjn rbhxcxj saboeho saktvcm sblpgje tasergb tauwlkc tgujmdl uarbuhx uassqfp ubjmvjj vbchlqm vdbhass wajisng wbcjqxj wbptgmr xaordlo xawfxpj xbetweh avgeluc aujsbtw arwsyqj yamsgjj yanicmm yjmrnvs aeweduy akfpvgi aeqfyog anhrssg abhhkmp avcatqb acvvuvy ahrvqaq aykllto aksrqwu audiuck 
abktmgo aciujex acqfalg bcqnudp bdijhdq cculxfy cdarwql dckjqqn ddrtalq eahawhj ebejbhf fdyeogy fegdybx gagbvrm gbqatft gbaerin havsisj hceehdm hcoarhi ibjlhrm iejkbjy jachjqk jandlkt jbxpgbp kahgody kahkone kbomncs kbxobta labswki lalomfg lbckdww lbgvwfy mbkvrbg mbppkag mdjvxgu mdrpapi nagkkav navikmv nbrtkbx odgtcwg odypkju ohvdujp ohwsisg paeblwh paqxbwm pbhvolw qbdlbke qdqbwbw rayidjn rbhxcxj saboeho saktvcm sblpgje tasergb tauwlkc tgujmdl uarbuhx uassqfp ubjmvjj vbchlqm vdbhass wajisng wbcjqxj wbptgmr xaordlo xawfxpj xbetweh avgeluc aujsbtw arwsyqj yamsgjj yanicmm yjmrnvs aeweduy akfpvgi aeqfyog anhrssg abhhkmp avcatqb acvvuvy ahrvqaq aykllto aksrqwu audiuck 
nsnuqaj nsoqbel 
107.416667 
zjnbffi 
hrgcsbr hrishif 
abktmgo aciujex acqfalg bcqnudp bdijhdq cculxfy cdarwql dckjqqn ddrtalq eahawhj ebejbhf fdyeogy fegdybx gagbvrm gbqatft gbaerin havsisj hceehdm hcoarhi ibjlhrm iejkbjy jachjqk jandlkt jbxpgbp kahgody kahkone kbomncs kbxobta labswki lalomfg lbckdww lbgvwfy mbkvrbg mbppkag mdjvxgu mdrpapi nagkkav navikmv nbrtkbx odgtcwg odypkju ohvdujp ohwsisg paeblwh paqxbwm pbhvolw qbdlbke qdqbwbw rayidjn rbhxcxj saboeho saktvcm sblpgje tasergb tauwlkc tgujmdl uarbuhx uassqfp ubjmvjj vbchlqm vdbhass wajisng wbcjqxj wbptgmr xaordlo xawfxpj xbetweh avgeluc aujsbtw arwsyqj yamsgjj yanicmm yjmrnvs aeweduy akfpvgi aeqfyog anhrssg abhhkmp avcatqb acvvuvy ahrvqaq aykllto aksrqwu audiuck 
abktmgo aciujex acqfalg bcqnudp bdijhdq cculxfy cdarwql dckjqqn ddrtalq eahawhj ebejbhf fdyeogy fegdybx gagbvrm gbqatft gbaerin havsisj hceehdm hcoarhi ibjlhrm iejkbjy jachjqk jandlkt jbxpgbp kahgody kahkone kbomncs kbxobta labswki lalomfg lbckdww lbgvwfy mbkvrbg mbppkag mdjvxgu mdrpapi nagkkav navikmv nbrtkbx odgtcwg odypkju ohvdujp ohwsisg paeblwh paqxbwm pbhvolw qbdlbke qdqbwbw rayidjn rbhxcxj saboeho saktvcm sblpgje tasergb tauwlkc tgujmdl uarbuhx uassqfp ubjmvjj vbchlqm vdbhass wajisng wbcjqxj wbptgmr xaordlo xawfxpj xbetweh avgeluc aujsbtw arwsyqj yamsgjj yanicmm yjmrnvs aeweduy akfpvgi aeqfyog anhrssg abhhkmp avcatqb acvvuvy ahrvqaq aykllto aksrqwu audiuck 
29nuqaj 29oqbel 2wnuqaj 2woqbel 2xnuqaj 2xoqbel 2ynuqaj 2yoqbel 2znuqaj 2zoqbel a9osnnr awosnnr axosnnr ayosnnr azosnnr byluhdw bymqdaa c9fddgt cwfddgt cxfddgt cyfddgt czfddgt c9fddgt cwfddgt cxfddgt cyfddgt czfddgt 
abktmgo aciujex acqfalg bcqnudp bdijhdq cbxxpev cculxfy dckjqqn ddrtalq eahawhj ebejbhf fdyeogy fegdybx gagbvrm gbqatft gbaerin havsisj hceehdm hcoarhi ibjlhrm iejkbjy jachjqk jandlkt jbxpgbp kahgody kahkone kbomncs kbxobta labswki lalomfg lbckdww lbgvwfy mbkvrbg mbppkag mdjvxgu mdrpapi nagkkav navikmv nbrtkbx odgtcwg odypkju ohvdujp ohwsisg paeblwh paqxbwm pbhvolw qbdlbke qdqbwbw rayidjn rbhxcxj saboeho saktvcm sblpgje tasergb tauwlkc tgujmdl uarbuhx uassqfp ubjmvjj vbchlqm vdbhass wajisng wbcjqxj wbptgmr xaordlo xawfxpj xbetweh avgeluc aujsbtw arwsyqj yamsgjj yanicmm ybtkrdh aeweduy akfpvgi aeqfyog anhrssg abhhkmp avcatqb acvvuvy ahrvqaq aykllto aksrqwu audiuck 
abktmgo aciujex acqfalg bcqnudp bdijhdq cbxxpev cculxfy dckjqqn ddrtalq eahawhj ebejbhf fdyeogy fegdybx gagbvrm gbqatft gbaerin havsisj hceehdm hcoarhi ibjlhrm iejkbjy jachjqk jandlkt jbxpgbp kahgody kahkone kbomncs kbxobta labswki lalomfg lbckdww lbgvwfy mbkvrbg mbppkag mdjvxgu mdrpapi nagkkav navikmv nbrtkbx odgtcwg odypkju ohvdujp ohwsisg paeblwh paqxbwm pbhvolw qbdlbke qdqbwbw rayidjn rbhxcxj saboeho saktvcm sblpgje tasergb tauwlkc tgujmdl uarbuhx uassqfp ubjmvjj vbchlqm vdbhass wajisng wbcjqxj wbptgmr xaordlo xawfxpj xbetweh avgeluc aujsbtw arwsyqj yamsgjj yanicmm ybtkrdh aeweduy akfpvgi aeqfyog anhrssg abhhkmp avcatqb acvvuvy ahrvqaq aykllto aksrqwu audiuck 
