ciwgmmt vyhuqpm ayofgsd wrsygec 


ciwgmmt heiqntn vyhuqpm ayofgsd wrsygec 



FALSE 


aqdmryy biskulc bmmmvio ciwgmmt ecqamag heiqntn hnxgskw kcnnmnp lemmhbh nrdglrw pfmhlsr qhcuanb viutfih vrnvmoo ayofgsd wrsygec xcetryk 

aqdmryy biskulc bmmmvio ciwgmmt ecqamag heiqntn hnxgskw kcnnmnp lemmhbh nrdglrw pfmhlsr qapmlaa qhcuanb viutfih vrnvmoo ayofgsd wjhbiaq wrsygec xcetryk agehhig 

xcetryk 
aqdmryy biskulc bmmmvio ciwgmmt ecqamag heiqntn hnxgskw kcnnmnp lemmhbh nrdglrw pfmhlsr qapmlaa qhcuanb viutfih vrnvmoo ayofgsd wjhbiaq wrsygec xcetryk agehhig apleyif 

108.172619 


aqdmryy aalsywg bavplwd biskulc ciwgmmt ecqamag heibihc heiqntn hnxgskw kcnnmnp lemmhbh mvusfmd nrdglrw pfmhlsr qapmlaa qhcuanb sdobymw soxqaht viutfih vrnvmoo ayofgsd wjhbiaq wrsygec xcetryk xnktmpr agehhig apleyif 


107.870968 

107.830357 
107.895753 
kcnnmnp 
aqdmryy aalsywg bavplwd biskulc cagrdrw ciwgmmt eadadax ecqamag ffwpned fjdtulp heibihc heiqntn hnxgskw icvbrsk jayixaq jjrxalp kcnnmnp khatxlc khjrpqw lemmhbh lahdwfu mvusfmd nrdglrw obvveih pekpmjc pfmhlsr qapmlaa qhcuanb rvaqyxl sdobymw soxqaht uaewgkd vcfewkk viutfih ayofgsd wbfxwjk wjhbiaq xcetryk xnktmpr agehhig apleyif yfsvgvo 
FALSE 
vqfcscn vrnvmoo vqfcscn vrnvmoo 
aqdmryy aalsywg bavplwd biskulc cagrdrw cifwlsl ciwgmmt eadadax ecqamag ffwpned fjdtulp heibihc heiqntn hnxgskw icvbrsk imwsomt jayixaq jjrxalp kaaiuad kcnnmnp lemmhbh lahdwfu mfxtpgy mvusfmd ncutsiv nrdglrw obvveih olnfyrn pekpmjc pfmhlsr qapmlaa qhcuanb rvaqyxl sdobymw seovlsk thwkrit tyauofa uaewgkd vcfewkk viutfih ayofgsd wbfxwjk wjhbiaq xaapssr xcetryk agehhig apleyif yfsvgvo artirme atisega 

w7qxfda wpqxfda wqqxfda wrqxfda wsqxfda 
e9ydalq ewydalq exydalq eyydalq ezydalq 

107.964960 
aqdmryy aalsywg bavplwd biskulc cagrdrw cifwlsl ciwgmmt eadadax ecqamag ffwpned fjdtulp gqudeou heibihc heiqntn hnxgskw icvbrsk imwsomt jayixaq jffqadc kaaiuad kcnnmnp lcuoejp lemmhbh mbxjanp mfxtpgy ncutsiv nrdglrw obvveih okauujl pekpmjc pfmhlsr qapmlaa qhcuanb rvaqyxl sdobymw seovlsk thwkrit tlassuq uaewgkd uydrceq vcfewkk viutfih ayofgsd wbfxwjk wbkxfjw weqxfda xaapssr xcetryk agehhig apleyif yfsvgvo ykgoxea artirme atisega 
FALSE 
pncbxyk qnsrunj soxqaht soxqaht 

pncbxyk qnsrunj soxqaht soxqaht 
pjbsrgv 
boatgsb 
pfmhlsr 
acwyqva aqdmryy bavplwd biskulc cagrdrw cifwlsl ciwgmmt dafuydd eadadax ecqamag ffwpned fjdtulp gqudeou heibihc heiqntn hnxgskw icvbrsk imwsomt jayixaq jffqadc kaaiuad kcnnmnp lahhyes lcuoejp mbxjanp mfxtpgy ncsqeju ncutsiv ndspkmi obvveih okauujl pekpmjc pfmhlsr qapmlaa qhcuanb rvaqyxl scrqpdb sdobymw thwkrit tlassuq uaewgkd uydrceq vcfewkk viutfih ayofgsd wbfxwjk wbkxfjw weqxfda xaapssr xbmgevh agehhig apleyif yfsvgvo yjcfmau artirme atisega 



acwyqva aqdmryy bavplwd biskulc cagrdrw cifwlsl ciwgmmt dafuydd eadadax ecqamag ffwpned fjdtulp gqudeou heibihc heiqntn hnxgskw icvbrsk imwsomt jayixaq jffqadc kaaiuad kcnnmnp lahhyes lcuoejp mbxjanp mfxtpgy ncsqeju ncutsiv ndspkmi obvveih ognswqm pekpmjc pfmhlsr qapmlaa qhcuanb rqropjk rvaqyxl scrqpdb sdobymw thwkrit tlassuq uaewgkd uydrceq vcfewkk viutfih ayofgsd wbfxwjk wbkxfjw weqxfda xaapssr xbmgevh agehhig apleyif yfsvgvo yjcfmau artirme atisega 
w2qxfda waqxfda wbfxwjk wbkxfjw wcqxfda xaapssr xbmgevh xcetryk 
acwyqva alhrwad bavplwd biskulc cagrdrw cifwlsl ciwgmmt dafuydd eadadax ecqamag ffwpned fjdtulp gqudeou heibihc heiqntn hnxgskw icvbrsk imwsomt jayixaq jffqadc kaaiuad kcnnmnp lahhyes lcuoejp mbxjanp mfxtpgy ncsqeju ncutsiv ndspkmi obvveih ocklkpn pekpmjc pfmhlsr qapmlaa qhcuanb rqropjk rvaqyxl scrqpdb sdobymw thwkrit tlassuq uaewgkd uydrceq vcfewkk viutfih ayofgsd wbfxwjk wbkxfjw weqxfda xaapssr xbmgevh agehhig apleyif yfsvgvo yjcfmau artirme atisega 
acwyqva alhrwad bavplwd biskulc cagrdrw cifwlsl ciwgmmt dafuydd eadadax ecqamag ffwpned fjdtulp gqudeou heibihc heiqntn hnxgskw icvbrsk imwsomt jayixaq jffqadc kaaiuad kcnnmnp lahhyes lcuoejp mbxjanp mfxtpgy ncsqeju ncutsiv ndspkmi obvveih ocklkpn pekpmjc pfmhlsr qapmlaa qhcuanb rqropjk rvaqyxl scrqpdb sdobymw thwkrit tlassuq uaewgkd uydrceq vcfewkk viutfih ayofgsd wbfxwjk wbkxfjw weqxfda xaapssr xbmgevh agehhig apleyif yfsvgvo yjcfmau artirme atisega 

w5qxfda wjqxfda wkqxfda wlqxfda yjcfmau ykgoxea 
acwyqva alhrwad bavplwd biskulc cagrdrw cifwlsl ciwgmmt dafuydd eadadax ecqamag ffwpned fjdtulp gqudeou heibihc heiqntn hnxgskw icvbrsk ijcyaac jayixaq jffqadc kaaiuad kcnnmnp lahhyes lcuoejp mbxjanp mfxtpgy ncsqeju ncutsiv ndspkmi obvveih ocklkpn pekpmjc pfmhlsr qapmlaa qhcuanb rqropjk rvaqyxl scrqpdb sdobymw thwkrit tlassuq uaewgkd uydrceq vcfewkk viutfih ayofgsd wbfxwjk wbkxfjw weqxfda xaapssr xbmgevh agehhig apleyif yfsvgvo yjcfmau artirme atisega 
TRUE 
FALSE 
pwcljlq qwcomwu ryprwro syumnaj syumnaj 
acwyqva alhrwad bavplwd biskulc cagrdrw cifwlsl ciwgmmt dafuydd ddfmxuw eadadax ecqamag feketeq ffosrqa ffwpned ghejbhv gpruoct harwxgy heibihc heiqntn icvbrsk ifrkvac jayixaq jffqadc kaaiuad kcnnmnp lahhyes lcuoejp mbxjanp mfxtpgy ncsqeju ncutsiv ndspkmi obvveih ocklkpn pekpmjc pfmhlsr qapmlaa qhcuanb qhxcpvk rqropjk rvaqyxl scrqpdb sdobymw tedamea thwkrit uaewgkd ufiwkka vbwgtkx vcfewkk ayofgsd wbfxwjk wbkxfjw weqxfda xaapssr xbmgevh agehhig apleyif yfsvgvo yjcfmau artirme atisega 

acwyqva alhrwad bavplwd biskulc cagrdrw cifwlsl ciwgmmt dafuydd ddfmxuw eadadax ecqamag feketeq ffosrqa ffwpned ghejbhv gpruoct harwxgy heibihc heiqntn icvbrsk ifrkvac jayixaq jffqadc kaaiuad kcnnmnp lahhyes lcuoejp mbxjanp mfxtpgy ncsqeju ncutsiv ndspkmi obvveih ocklkpn pekpmjc pfmhlsr qapmlaa qhcuanb qhxcpvk rqropjk rvaqyxl scrqpdb sdobymw tedamea thwkrit uaewgkd ufiwkka vbwgtkx vcfewkk ayofgsd wbfxwjk wbkxfjw weqxfda xaapssr xbmgevh agehhig apleyif yfsvgvo yjcfmau artirme atisega 
acwyqva alhrwad bavplwd biskulc cagrdrw cifwlsl ciwgmmt dafuydd ddfmxuw eadadax ecqamag feketeq ffosrqa ffwpned ghejbhv gpruoct harwxgy heibihc heiqntn icvbrsk ifrkvac jayixaq jffqadc kaaiuad kcnnmnp lahhyes lcuoejp mbxjanp mdoglgt ncsqeju ncutsiv ndspkmi obvveih ocklkpn pekpmjc pfmhlsr qapmlaa qhcuanb qhxcpvk riuaqny rqropjk scrqpdb sdobymw tedamea thwkrit uaewgkd ufiwkka vbwgtkx vcfewkk ayofgsd wbfxwjk wbkxfjw weqxfda xaapssr xbmgevh agehhig apleyif yfsvgvo yjcfmau artirme atisega aamtsej 
acwyqva alhrwad bavplwd biskulc cagrdrw cifwlsl ciwgmmt dafuydd ddfmxuw eadadax ecqamag feketeq ffosrqa ffwpned ghejbhv gpruoct harwxgy heibihc heiqntn icvbrsk ifrkvac jayixaq jffqadc kaaiuad kcnnmnp lahhyes lcuoejp mbxjanp mdoglgt ncsqeju ncutsiv ndspkmi obvveih ocklkpn pekpmjc pfmhlsr qapmlaa qhcuanb qhxcpvk riuaqny rqropjk scrqpdb sdobymw tedamea thwkrit uaewgkd ufiwkka vbwgtkx vcfewkk ayofgsd wbfxwjk wbkxfjw weqxfda xaapssr xbmgevh agehhig apleyif yfsvgvo yjcfmau artirme atisega aamtsej 
h1xgskw 

FALSE 

acwyqva alhrwad bavplwd biskulc cagrdrw cghbegx dafuydd ddfmxuw eadadax ecqamag feketeq ffosrqa ffwpned ghejbhv gpruoct harwxgy heibihc heiqntn icvbrsk ifrkvac jayixaq jffqadc kaaiuad kcnnmnp lahhyes lcuoejp mbxjanp mdoglgt ncsqeju ncutsiv ndspkmi obvveih ocklkpn pekpmjc pfmhlsr qapmlaa qbbulli riuaqny rqropjk scrqpdb sdobymw tedamea thwkrit uaewgkd ufiwkka vbwgtkx vcfewkk ayofgsd wbfxwjk wbkxfjw weqxfda xaapssr xbmgevh agehhig apleyif yfsvgvo yjcfmau artirme atisega aamtsej ayoluih 
acwyqva alhrwad bavplwd biskulc cagrdrw cghbegx dafuydd ddfmxuw eadadax ecqamag feketeq ffosrqa ffwpned ghejbhv gpruoct harwxgy heibihc heiqntn icvbrsk ifrkvac jayixaq jffqadc kaaiuad kcnnmnp lahhyes lcuoejp mbxjanp mdoglgt ncsqeju ncutsiv ndspkmi obvveih ocklkpn pekpmjc pfmhlsr qapmlaa qbbulli riuaqny rqropjk scrqpdb sdobymw tedamea thwkrit uaewgkd ufiwkka vbwgtkx vcfewkk ayofgsd wbfxwjk wbkxfjw weqxfda xaapssr xbmgevh agehhig apleyif yfsvgvo yjcfmau artirme atisega aamtsej ayoluih 
h0xgskw 
acwyqva alhrwad bavplwd biskulc cagrdrw cghbegx dafuydd ddfmxuw eadadax ecqamag feketeq ffosrqa ffwpned ghejbhv gljrciw harwxgy heibihc heiqntn icvbrsk ifrkvac jayixaq jffqadc kaaiuad kcnnmnp lahhyes lcuoejp mbxjanp mdoglgt ncsqeju ncutsiv ndspkmi obvveih ocklkpn pekpmjc pfmhlsr qapmlaa qbbulli riuaqny rqropjk scrqpdb sdobymw tedamea thwkrit uaewgkd ufiwkka vbwgtkx vcfewkk ayofgsd wbfxwjk wbkxfjw weqxfda xaapssr xbmgevh agehhig apleyif yfsvgvo yjcfmau artirme atisega aamtsej ayoluih 
acwyqva alhrwad bavplwd biskulc cagrdrw cghbegx dafuydd ddfmxuw eadadax ecqamag feketeq ffosrqa ffwpned ghejbhv gljrciw harwxgy heibihc heiqntn icvbrsk ifrkvac jayixaq jffqadc kaaiuad kcnnmnp lahhyes lcuoejp mbxjanp mdoglgt ncsqeju ncutsiv ndspkmi obvveih ocklkpn pekpmjc pfmhlsr qapmlaa qbbulli riuaqny rqropjk scrqpdb sdobymw tedamea thwkrit uaewgkd ufiwkka vbwgtkx vcfewkk ayofgsd wbfxwjk wbkxfjw weqxfda xaapssr xbmgevh agehhig apleyif yfsvgvo yjcfmau artirme atisega aamtsej ayoluih 
h2xgskw harwxgy hbxgskw hcxgskw icvbrsk icvbrsk 
FALSE 

107.236534 
acwyqva alhrwad bavplwd biskulc cagrdrw cghbegx dafuydd ddfmxuw eadadax ecqamag feketeq ffosrqa ffwpned getcdfa ghejbhv harwxgy heibihc heiqntn icvbrsk ifrkvac jayixaq jffqadc kaaiuad kcnnmnp lahhyes lcuoejp mbxjanp mdoglgt ncsqeju ncutsiv ndspkmi obvveih ocklkpn pekpmjc pfmhlsr qapmlaa qbbulli riuaqny rqropjk scrqpdb sdobymw tedamea thwkrit uaewgkd ufiwkka vbwgtkx vcfewkk ayofgsd wbfxwjk wbkxfjw weqxfda xaapssr xbmgevh agehhig apleyif yfsvgvo yjcfmau artirme atisega aamtsej ayoluih 
107.236534 
pekpmjc pfmhlsr r3kxyns rdkxyns rekxyns rfkxyns sdobymw seovlsk sdobymw seovlsk 
107.238839 
l0mmhbh l0mmhbh 
acwyqva advarya adxdxan bavplwd biskulc cagrdrw cghbegx dafuydd ddfmxuw eadadax ecqamag feketeq ffosrqa ffwpned getcdfa ghejbhv harwxgy heibihc heiqntn icvbrsk ifrkvac jayixaq jffqadc kaaiuad kcnnmnp lahhyes lcuoejp mbxjanp mdoglgt ncsqeju ncutsiv ndspkmi obvveih ocklkpn pekpmjc pfmhlsr qapmlaa qbbulli riuaqny rqropjk scrqpdb sdobymw tedamea thwkrit uaewgkd ufiwkka vbwgtkx vcfewkk ayofgsd wbfxwjk wbkxfjw weqxfda xaapssr xbmgevh agehhig apleyif yfsvgvo yjcfmau artirme atisega aamtsej ayoluih ahveyfy adgldbi aprmvmr 
FALSE 
mqvagek nrdglrw nrfuadu osmtgaf osmtgaf 
acwyqva advarya adxdxan bavplwd bhpajca cagrdrw cghbegx dafuydd ddfmxuw eadadax ecqamag feketeq ffosrqa ffwpned getcdfa ghejbhv harwxgy heibihc heiqntn icvbrsk ifrkvac jayixaq jffqadc kaaiuad kcnnmnp lahhyes lcuoejp mbxjanp mdoglgt ncsqeju ncutsiv ndspkmi obvveih ocklkpn pcsubmm pekpmjc qapmlaa qbbulli riuaqny rqropjk scrqpdb sdobymw tedamea thwkrit uaewgkd ufiwkka vbwgtkx vcfewkk ayofgsd wbfxwjk wbkxfjw weqxfda xaapssr xbmgevh agehhig apleyif yfsvgvo yjcfmau artirme atisega aamtsej ayoluih ahveyfy adgldbi aprmvmr 
FALSE 
tlassuq ukeiarn 

FALSE 
acwyqva advarya adxdxan bavplwd bhpajca cagrdrw cghbegx dafuydd ddfmxuw eadadax ecqamag feketeq ffosrqa ffwpned getcdfa ghejbhv harwxgy heibihc heiqntn icvbrsk ifrkvac jayixaq jffqadc kaaiuad kcnnmnp lahhyes lcuoejp mbxjanp mdoglgt ncsqeju ncutsiv ndspkmi obvveih ocklkpn pcsubmm pekpmjc qapmlaa qbbulli rfsvser riuaqny scrqpdb sdobymw tedamea thwkrit uaewgkd ufiwkka vbwgtkx vcfewkk ayofgsd wbfxwjk wbkxfjw weqxfda xaapssr xbmgevh agehhig apleyif yfsvgvo yjcfmau artirme atisega aamtsej ayoluih ahveyfy adgldbi aprmvmr aqijvjg 
FALSE 

acwyqva advarya adxdxan bavplwd bhpajca cagrdrw cghbegx dafuydd ddfmxuw eadadax ecqamag feketeq ffosrqa ffwpned getcdfa ghejbhv harwxgy heibihc heiqntn icvbrsk ifrkvac jayixaq jffqadc kaaiuad kcnnmnp lahhyes lcuoejp mbxjanp mdoglgt ncsqeju ncutsiv ndspkmi obvveih ocklkpn pcsubmm pekpmjc qapmlaa qbbulli rfsvser riuaqny scrqpdb sdobymw tedamea thwkrit uaewgkd ufiwkka vbwgtkx vcfewkk ayofgsd wbfxwjk wbkxfjw weqxfda xaapssr xbmgevh agehhig apleyif yfsvgvo yjcfmau artirme atisega aamtsej ayoluih ahveyfy adgldbi aprmvmr aqijvjg 
acwyqva advarya adxdxan bavplwd bhpajca cagrdrw cghbegx dafuydd ddfmxuw eadadax ecqamag feketeq ffosrqa ffwpned getcdfa ghejbhv harwxgy heibihc heiqntn icvbrsk ifrkvac jayixaq jffqadc kaaiuad kcnnmnp lahhyes lcuoejp mbxjanp mdoglgt ncsqeju ncutsiv ndspkmi obvveih ocklkpn pcsubmm pekpmjc qapmlaa qbbulli rfsvser riuaqny scrqpdb sdobymw tedamea thwkrit uaewgkd ufiwkka vbwgtkx vcfewkk ayofgsd wbfxwjk wbkxfjw weqxfda xaapssr xbmgevh agehhig apleyif yfsvgvo yjcfmau artirme atisega aamtsej ayoluih ahveyfy adgldbi aprmvmr aqijvjg 
107.134199 
acwyqva advarya adxdxan bavplwd bhpajca cagrdrw cghbegx dafuydd ddfmxuw eadadax ecqamag feketeq ffosrqa ffwpned getcdfa ghejbhv harwxgy heibihc heiqntn icvbrsk ifrkvac jayixaq jffqadc kaaiuad kcnnmnp lahhyes lcuoejp mbxjanp mdoglgt ncsqeju ncutsiv ndspkmi obvveih ocklkpn pcsubmm pekpmjc qapmlaa qbbulli rfsvser riuaqny scrqpdb sdobymw tedamea thwkrit uaewgkd ufiwkka vbwgtkx vcfewkk ayofgsd wbfxwjk wbkxfjw weqxfda xaapssr xbmgevh agehhig apleyif yblfvcc yfsvgvo artirme atisega aamtsej ayoluih ahveyfy adgldbi aprmvmr aqijvjg 
FALSE 
acwyqva advarya adxdxan bavplwd bhaclxe bhpajca cagrdrw cghbegx dafuydd ddfmxuw eadadax ecqamag feketeq ffosrqa ffwpned getcdfa ghejbhv harwxgy heibihc heiqntn icvbrsk ifrkvac jayixaq jffqadc kaaiuad kcnnmnp lahhyes lcuoejp mbxjanp mdoglgt ncsqeju ncutsiv ndspkmi obvveih ocklkpn pcsubmm pekpmjc qapmlaa qbbulli rfsvser riuaqny scrqpdb sdobymw tedamea thwkrit uaewgkd ufiwkka vbwgtkx vcfewkk ayofgsd wbfxwjk wbkxfjw weqxfda xaapssr xbmgevh agehhig apleyif yblfvcc yfsvgvo artirme atisega aamtsej ayoluih ahveyfy adgldbi aprmvmr aqijvjg 
acwyqva advarya adxdxan bavplwd bhaclxe bhpajca cagrdrw cghbegx dafuydd ddfmxuw eadadax ecqamag feketeq ffosrqa ffwpned getcdfa ghejbhv harwxgy heibihc heiqntn icvbrsk ifrkvac jayixaq jffqadc kaaiuad kcnnmnp lahhyes lcuoejp mbxjanp mdoglgt ncsqeju ncutsiv ndspkmi obvveih ocklkpn pcsubmm pekpmjc qapmlaa qbbulli rfsvser riuaqny scrqpdb sdobymw tedamea thwkrit uaewgkd ufiwkka vbwgtkx vcfewkk ayofgsd wbfxwjk wbkxfjw weqxfda xaapssr xbmgevh agehhig apleyif yblfvcc yfsvgvo artirme atisega aamtsej ayoluih ahveyfy adgldbi aprmvmr aqijvjg 
acwyqva advarya adxdxan bavplwd bhaclxe bhpajca cagrdrw cghbegx dafuydd ddfmxuw eadadax ecqamag feketeq ffosrqa ffwpned getcdfa ghejbhv harwxgy heibihc heiqntn icvbrsk ifrkvac jayixaq jffqadc kaaiuad kcnnmnp lahhyes lcuoejp mbxjanp mdoglgt ncsqeju ncutsiv ndspkmi obvveih ocklkpn pcsubmm pekpmjc qapmlaa qbbulli rfsvser riuaqny scrqpdb sdobymw tbhhgdu tedamea uaewgkd ufiwkka vbwgtkx vcfewkk ayofgsd wbfxwjk wbkxfjw weqxfda xaapssr xbmgevh agehhig apleyif yblfvcc yfsvgvo artirme atisega aamtsej ayoluih ahveyfy adgldbi aprmvmr aqijvjg 
acwyqva advarya adxdxan bavplwd bhaclxe bhpajca cagrdrw cghbegx dafuydd ddfmxuw eadadax ecqamag feketeq ffosrqa ffwpned getcdfa ghejbhv harwxgy heibihc heiqntn icvbrsk ifrkvac jayixaq jffqadc kaaiuad kcnnmnp lahhyes lcuoejp mbxjanp mdoglgt ncsqeju ncutsiv ndspkmi obvveih ocklkpn pcsubmm pekpmjc qapmlaa qbbulli rfsvser riuaqny scrqpdb sdobymw tbhhgdu tedamea uaewgkd ufiwkka vbwgtkx vcfewkk ayofgsd wbfxwjk wbkxfjw weqxfda xaapssr xbmgevh agehhig apleyif yblfvcc yfsvgvo artirme atisega aamtsej ayoluih ahveyfy adgldbi aprmvmr aqijvjg 
acwyqva advarya adxdxan bavplwd bhaclxe bhpajca cagrdrw cghbegx dafuydd ddfmxuw eadadax ecqamag feketeq ffosrqa ffwpned getcdfa ghejbhv harwxgy heibihc heiqntn icvbrsk ifrkvac jayixaq jffqadc kaaiuad kcnnmnp lahhyes lcuoejp mbxjanp mdoglgt ncsqeju ncutsiv ndspkmi obvveih ocklkpn pcsubmm pekpmjc qapmlaa qbbulli rfsvser riuaqny scrqpdb sdobymw tbhhgdu tedamea uaewgkd ufiwkka vbwgtkx vcfewkk ayofgsd wbfxwjk wbkxfjw weqxfda xaapssr xbmgevh agehhig apleyif yblfvcc yfsvgvo artirme atisega aamtsej ayoluih ahveyfy adgldbi aprmvmr aqijvjg 

viutfih 
d8rehij dtrehij durehij dvrehij e8ydalq etydalq euydalq evydalq fttapsc fttapsc 
mxkjcoc nweabxq nwwyyqu nxvikqk owyjroh oxgaorp oxudevc owyjroh oxgaorp oxudevc 
dcrehij 
acwyqva advarya adxdxan bavplwd bhaclxe bhpajca cagrdrw cghbegx dafuydd ddfmxuw eadadax ecqamag feketeq ffosrqa ffwpned getcdfa ghejbhv harwxgy heibihc heiqntn icvbrsk ifrkvac jayixaq jffqadc kaaiuad kcnnmnp lahhyes lcuoejp mbxjanp mdoglgt ncsqeju ncutsiv ndspkmi obvveih ocklkpn pcsubmm pekpmjc qapmlaa qbbulli rfsvser riuaqny scrqpdb sdobymw tbhhgdu tedamea uaewgkd ufbaodw ufiwkka vbwgtkx vcfewkk ayofgsd wbfxwjk wbkxfjw weqxfda xaapssr xbmgevh agehhig apleyif yblfvcc yfsvgvo artirme atisega aamtsej ayoluih ahveyfy adgldbi aprmvmr aqijvjg 
ugjcjmd 
acwyqva advarya adxdxan bavplwd bhaclxe bhpajca cagrdrw cghbegx dafuydd ddfmxuw eadadax ecqamag feketeq ffosrqa ffwpned getcdfa ghejbhv harwxgy heibihc heiqntn icvbrsk ifrkvac jayixaq jffqadc kaaiuad kcnnmnp lahhyes lcuoejp mbxjanp mdoglgt ncsqeju ncutsiv ndspkmi obvveih ocklkpn pcsubmm pekpmjc qapmlaa qbbulli rfsvser riuaqny scrqpdb sdobymw tbhhgdu tedamea uaewgkd ufbaodw ufiwkka vbwgtkx vcfewkk ayofgsd wbfxwjk wbkxfjw weqxfda xaapssr xbmgevh agehhig apleyif yblfvcc yfsvgvo artirme atisega aamtsej ayoluih ahveyfy adgldbi aprmvmr aqijvjg 
hyxgskw 
acwyqva advarya adxdxan bavplwd bhaclxe bhpajca cagrdrw cghbegx dafuydd ddfmxuw eadadax ecqamag feketeq ffosrqa ffwpned getcdfa ghejbhv harwxgy heibihc heiqntn icvbrsk ifrkvac jayixaq jffqadc kaaiuad kcnnmnp lahhyes lcuoejp mbxjanp mdoglgt ncsqeju ncutsiv ndspkmi obvveih ocklkpn pcsubmm pekpmjc qapmlaa qbbulli rfsvser riuaqny scrqpdb sdobymw tbhhgdu tedamea uaewgkd ufbaodw ufiwkka vbwgtkx vcfewkk vckvuxk ayofgsd wbfxwjk wbkxfjw weqxfda xaapssr xbmgevh agehhig apleyif yblfvcc yfsvgvo artirme atisega aamtsej ayoluih ahveyfy adgldbi aprmvmr aqijvjg 
acwyqva advarya adxdxan bavplwd bhaclxe bhpajca cagrdrw cghbegx dafuydd ddfmxuw eadadax ecqamag feketeq ffosrqa ffwpned getcdfa ghejbhv harwxgy heibihc heiqntn icvbrsk ifrkvac jayixaq jffqadc kaaiuad kcnnmnp lahhyes lcuoejp mbxjanp mdoglgt ncsqeju ncutsiv ndspkmi obvveih ocklkpn pcsubmm pekpmjc qapmlaa qbbulli rfsvser riuaqny scrqpdb sdobymw tbhhgdu tedamea uaewgkd ufbaodw ufiwkka vbwgtkx vcfewkk vckvuxk ayofgsd wbfxwjk wbkxfjw weqxfda xaapssr xbmgevh agehhig apleyif yblfvcc yfsvgvo artirme atisega aamtsej ayoluih ahveyfy adgldbi aprmvmr aqijvjg 
d2rehij dafuydd dbrehij dcrehij e2ydalq eadadax ebydalq ecqamag 

harwxgy 
jjrxalp jjwdjol jlanaey kjsawlm l5mmhbh ljmmhbh lkmmhbh llmmhbh l5mmhbh ljmmhbh lkmmhbh llmmhbh 
acwyqva advarya adxdxan bavplwd bhaclxe bhpajca cagrdrw cghbegx dafuydd ddfmxuw eadadax ecqamag feketeq ffosrqa ffwpned getcdfa ghejbhv harwxgy heibihc heiqntn icvbrsk ifrkvac jayixaq jffqadc kaaiuad kcnnmnp lahhyes lcuoejp mbxjanp mdoglgt ncsqeju ncutsiv ndspkmi obvveih ocklkpn pcsubmm pekpmjc qapmlaa qbbulli rbunipc rfsvser scrqpdb sdobymw tbhhgdu tedamea uaewgkd ufbaodw ufiwkka vbwgtkx vcfewkk vckvuxk ayofgsd wbfxwjk wbkxfjw weqxfda xaapssr xbmgevh agehhig apleyif yblfvcc yfsvgvo artirme atisega aamtsej ayoluih ahveyfy adgldbi aprmvmr aqijvjg 

gkedrqb gkafkbu gljrciw h5xgskw hjxgskw hkxgskw hlxgskw ijbsnul ijcyaac ijbsnul ijcyaac 
FALSE 
107.123950 
vjcidta 
acwyqva advarya adxdxan bavplwd bcadvqa cagrdrw cfojirr dafuydd ddfmxuw eadadax ecqamag ectlown feketeq ffosrqa ffwpned getcdfa ghejbhv harwxgy heibihc heiqntn icvbrsk ifrkvac jayixaq jffqadc kaaiuad kcnnmnp lahhyes lcuoejp mbxjanp mdoglgt ncsqeju ncutsiv ndspkmi obvveih ocklkpn pcsubmm pekpmjc qapmlaa qbbulli rbunipc rfsvser scrqpdb sdobymw tbhhgdu tedamea uaewgkd ufbaodw ufiwkka vbwgtkx vcfewkk vckvuxk ayofgsd wbfxwjk wbkxfjw weqxfda xaapssr xbmgevh agehhig apleyif yblfvcc yfsvgvo artirme atisega aamtsej ayoluih ahveyfy adgldbi aprmvmr aqijvjg 
ljmmhbh 
FALSE 
acwyqva advarya adxdxan bavplwd bcadvqa cagrdrw cfojirr dafuydd ddfmxuw eadadax ecqamag ectlown feketeq ffosrqa ffwpned getcdfa ghejbhv harwxgy heibihc heiqntn icvbrsk ifrkvac jayixaq jffqadc kaaiuad kcnnmnp lahhyes lcuoejp mbxjanp mdoglgt ncsqeju ncutsiv ndspkmi oarqnmp obvveih pcsubmm pekpmjc qapmlaa qbbulli rbunipc rfsvser scrqpdb sdobymw tbhhgdu tedamea uaewgkd ufbaodw ufiwkka vbwgtkx vcfewkk vckvuxk ayofgsd waxdhfl wbfxwjk wbkxfjw xaapssr xbmgevh agehhig apleyif yblfvcc yfsvgvo artirme atisega aamtsej ayoluih ahveyfy adgldbi aprmvmr aqijvjg 
acwyqva advarya adxdxan bavplwd bcadvqa cagrdrw cfojirr dafuydd ddfmxuw eadadax ecqamag ectlown feketeq ffosrqa ffwpned getcdfa ghejbhv harwxgy heibihc heiqntn icvbrsk ifrkvac jayixaq jffqadc kaaiuad kcnnmnp lahhyes lcuoejp mbxjanp mdoglgt ncsqeju ncutsiv ndspkmi oarqnmp obvveih pcsubmm pekpmjc qapmlaa qbbulli rbunipc rfsvser scrqpdb sdobymw tbhhgdu tedamea uaewgkd ufbaodw ufiwkka vbwgtkx vcfewkk vckvuxk ayofgsd waxdhfl wbfxwjk wbkxfjw xaapssr xbmgevh agehhig apleyif yblfvcc yfsvgvo artirme atisega aamtsej ayoluih ahveyfy adgldbi aprmvmr aqijvjg 

FALSE 
acwyqva advarya adxdxan bavplwd bcadvqa cagrdrw cfojirr dafuydd ddfmxuw eadadax ecqamag ectlown feketeq ffosrqa ffwpned getcdfa ghejbhv harwxgy heibihc heiqntn icvbrsk ifrkvac jayixaq jffqadc kaaiuad kcnnmnp lahhyes lcmfjwy lcuoejp mbxjanp mdoglgt ncsqeju ncutsiv ndspkmi oarqnmp obvveih pcsubmm pekpmjc qapmlaa qbbulli rbunipc rfsvser scrqpdb sdobymw tbhhgdu tedamea uaewgkd ufbaodw ufiwkka vbwgtkx vcfewkk vckvuxk ayofgsd waxdhfl wbfxwjk wbkxfjw xaapssr xbmgevh agehhig apleyif yblfvcc yfsvgvo artirme atisega aamtsej ayoluih ahveyfy adgldbi aprmvmr aqijvjg 
rzkxyns 
FALSE 
yrhllbs 
107.275510 
cmortmx cmytgka 
d8rehij dtrehij durehij dvrehij e8ydalq etydalq euydalq evydalq fttapsc fttapsc 
mxkjcoc nweabxq nwwyyqu nxvikqk owyjroh oxbnojo oxgaorp owyjroh oxbnojo oxgaorp 

acwyqva advarya adxdxan bavplwd bcadvqa cagrdrw cfojirr dafuydd ddfcrea ddfmxuw eadadax ecqamag ectlown feketeq ffosrqa ffwpned gaxeoqj getcdfa harwxgy heibihc heiqntn icvbrsk ifrkvac jayixaq jesirly kaaiuad kcnnmnp lahhyes lcmfjwy lcuoejp mbbvwub mbxjanp mdoglgt nakaaxf ncsqeju ncutsiv oarqnmp obvveih pcsubmm pekpmjc qapmlaa qbbulli rbunipc rfsvser scrqpdb sdobymw tbhhgdu tedamea uaewgkd udysfqa vbwgtkx vcfewkk vckvuxk ayofgsd waxdhfl wbfxwjk wbkxfjw xaapssr xbmgevh xbovfyc agehhig apleyif ybhxmxl yblfvcc yfsvgvo artirme atisega aamtsej ayoluih ahveyfy adgldbi aprmvmr aqijvjg 
qmqospo 
wcqxfda 
FALSE 
acwyqva advarya adxdxan bavplwd bcadvqa cagrdrw cfojirr dafuydd ddfcrea ddfmxuw eadadax ecqamag ectlown fbatqkw feketeq gaxeoqj getcdfa harwxgy heibihc heiqntn icvbrsk ifrkvac jayixaq jesirly kaaiuad kcnnmnp lahhyes lcmfjwy lcuoejp mbbvwub mbxjanp mdoglgt nakaaxf ncsqeju ncutsiv oarqnmp obvveih pcsubmm pekpmjc qapmlaa qbbulli rbunipc rfsvser scrqpdb sdobymw tbhhgdu tedamea uaewgkd udysfqa vbwgtkx vcfewkk vckvuxk ayofgsd waxdhfl wbfxwjk wbkxfjw xaapssr xbmgevh xbovfyc agehhig apleyif ybhxmxl yblfvcc yfsvgvo artirme atisega aamtsej ayoluih ahveyfy adgldbi aprmvmr aqijvjg 


jjrxalp jjwdjol 
acwyqva advarya adxdxan bavplwd bcadvqa cagrdrw cfojirr dafuydd ddfcrea ddfmxuw eadadax ecqamag ectlown fbatqkw feketeq gaxeoqj gcahgmm gclfrdo harwxgy heibihc heiqntn icvbrsk ifrkvac jayixaq jesirly kaaiuad kcnnmnp lahhyes lcmfjwy lcuoejp mbbvwub mbxjanp mdoglgt nakaaxf ncsqeju ncutsiv oarqnmp obvveih pcenasc pcsubmm pekpmjc qapmlaa qbbulli qbiviae rbunipc rfsvser scrqpdb sdobymw tbhhgdu tedamea uaewgkd udysfqa vbwgtkx vcfewkk vckvuxk ayofgsd waxdhfl wbfxwjk wbkxfjw xaapssr xbmgevh xbovfyc agehhig apleyif ybhxmxl yblfvcc yfsvgvo artirme atisega aamtsej ayoluih ahveyfy adgldbi aprmvmr aqijvjg 
acwyqva advarya adxdxan bavplwd bcadvqa cagrdrw cfojirr dafuydd ddfcrea ddfmxuw eadadax ecqamag ectlown fbatqkw feketeq gaxeoqj gcahgmm gclfrdo harwxgy heibihc heiqntn icvbrsk ifrkvac jayixaq jesirly kaaiuad kcnnmnp lahhyes lceaiig lcmfjwy mbbvwub mbxjanp mdoglgt nakaaxf ncsqeju ncutsiv oarqnmp obvveih pcenasc pcsubmm pekpmjc qapmlaa qbbulli qbiviae rbunipc rfsvser scrqpdb sdobymw tbhhgdu tedamea uaewgkd udysfqa vbwgtkx vcfewkk vckvuxk ayofgsd waxdhfl wbfxwjk wbkxfjw xaapssr xbmgevh xbovfyc agehhig apleyif ybhxmxl yblfvcc yfsvgvo artirme atisega aamtsej ayoluih ahveyfy adgldbi aprmvmr aqijvjg atgiyuw 
apqsmcd aqdmryy ardttbb bpppxos bqenmty bslhbmt cqwufas csrvusw csvkgjh cqwufas csrvusw csvkgjh 
wkqxfda 

107.257519 
acwyqva advarya adxdxan bavplwd bcadvqa cagrdrw cerxndj dafuydd ddfcrea ddfmxuw eadadax ecqamag ectlown fbatqkw feketeq gaxeoqj gcahgmm gclfrdo harwxgy heibihc heiqntn icvbrsk ifrkvac jayixaq jesirly kaaiuad kcnnmnp lahhyes lceaiig lcmfjwy mbbvwub mbxjanp mdoglgt nakaaxf ncsqeju ncutsiv oarqnmp obvveih pcenasc pcsubmm pekpmjc qapmlaa qbbulli qbiviae rbunipc rfsvser scrqpdb sdobymw tbhhgdu tedamea uaewgkd udysfqa vbwgtkx vcfewkk vckvuxk ayofgsd waxdhfl wbfxwjk wbkxfjw xaapssr xbmgevh xbovfyc agehhig apleyif ybhxmxl yblfvcc yfsvgvo artirme atisega aamtsej ayoluih ahveyfy adgldbi aprmvmr aqijvjg atgiyuw 
107.257519 
lceaiig lcmfjwy 
txavgid 

FALSE 
acwyqva advarya adxdxan bavplwd bcadvqa cagrdrw cerxndj dafuydd ddfcrea ddfmxuw eadadax ecqamag ectlown fbatqkw feketeq gaxeoqj gcahgmm gclfrdo harwxgy heibihc heiqntn icvbrsk ifrkvac jayixaq jesirly kaaiuad kcnnmnp lahhyes lceaiig lcmfjwy mbbvwub mbxjanp mdoglgt nakaaxf ncsqeju ncutsiv oarqnmp obvveih pcenasc pcsubmm pekpmjc qapmlaa qbbulli qbiviae rbunipc rfsvser scrqpdb sdobymw tbhhgdu tedamea uaewgkd udysfqa vbwgtkx vcfewkk vckvuxk ayofgsd waxdhfl wbfxwjk wbkxfjw xaapssr xbmgevh xbovfyc agehhig apleyif ybhxmxl yblfvcc yfsvgvo artirme atisega aamtsej ayoluih ahveyfy adgldbi aprmvmr aqijvjg atgiyuw 
FALSE 
acwyqva advarya adxdxan bavplwd bcadvqa cagrdrw cerxndj dafuydd ddfcrea ddfmxuw eadadax ecqamag ectlown fbatqkw feketeq gaxeoqj gcahgmm gclfrdo harwxgy heibihc heiqntn icvbrsk ifrkvac jayixaq jesirly kaaiuad kcnnmnp lahhyes lceaiig lcmfjwy mbbvwub mbxjanp mdoglgt nakaaxf ncsqeju ncutsiv oarqnmp obvveih pcenasc pcsubmm pekpmjc qapmlaa qbbulli qbiviae rbunipc rfigvfd rfsvser scrqpdb sdobymw tbhhgdu tedamea uaewgkd udysfqa vbwgtkx vcfewkk vckvuxk ayofgsd waxdhfl wbfxwjk wbkxfjw xaapssr xbmgevh xbovfyc agehhig apleyif ybhxmxl yblfvcc yfsvgvo artirme atisega aamtsej ayoluih ahveyfy adgldbi aprmvmr aqijvjg atgiyuw 

FALSE 
FALSE 


FALSE 
107.194004 
acwyqva advarya adxdxan bavplwd bcadvqa cagrdrw cerxndj dafuydd ddbaaht ddfcrea ddfmxuw eadadax ecqamag ectlown fbatqkw feketeq gaxeoqj gcahgmm gclfrdo harwxgy heibihc heiqntn icvbrsk idutoda jayixaq jesirly kaaiuad kcnnmnp lahhyes lceaiig lcmfjwy mbbvwub mbxjanp mdoglgt nakaaxf naqckcy ncsqeju ncutsiv oarqnmp obvveih pcenasc pcsubmm pekpmjc qapmlaa qbbulli qbiviae rbunipc rfigvfd rfsvser scrqpdb sdobymw tbhhgdu tedamea uaewgkd uapiwcq udysfqa vbwgtkx vcfewkk vckvuxk ayofgsd waxdhfl wbfxwjk wbkxfjw xaapssr xbmgevh xbovfyc agehhig apleyif ybhxmxl yblfvcc yfsvgvo artirme atisega aamtsej ayoluih ahveyfy adgldbi aprmvmr aqijvjg atgiyuw apqpalo 
FALSE 
acwyqva advarya adxdxan bavplwd bcadvqa cagrdrw cerxndj dafuydd ddbaaht ddfcrea ddfmxuw eadadax ecqamag ectlown fbatqkw feketeq gaxeoqj gcahgmm gclfrdo hargael harwxgy heibihc heiqntn icvbrsk idutoda jayixaq jesirly kaaiuad kcnnmnp lahhyes lceaiig lcmfjwy mbbvwub mbxjanp mdoglgt nakaaxf naqckcy ncsqeju ncutsiv oarqnmp obvveih pcenasc pcsubmm pekpmjc qapmlaa qbbulli qbiviae rbunipc rfigvfd rfsvser scrqpdb sdobymw tbhhgdu tedamea uaewgkd uapiwcq udysfqa vbwgtkx vcfewkk vckvuxk ayofgsd waxdhfl wbfxwjk wbkxfjw xaapssr xbmgevh xbovfyc agehhig apleyif ybhxmxl yblfvcc yfsvgvo artirme atisega aamtsej ayoluih ahveyfy adgldbi aprmvmr aqijvjg atgiyuw apqpalo 
jayixaq kaaiuad kcnnmnp l2mmhbh lahhyes lbmmhbh lceaiig lcmfjwy l2mmhbh lahhyes lbmmhbh lceaiig lcmfjwy 
acwyqva advarya adxdxan bavplwd bcadvqa cagrdrw cerxndj dafuydd ddbaaht ddfcrea ddfmxuw eadadax ecqamag ectlown fbatqkw feketeq gaxeoqj gcahgmm gclfrdo hargael harwxgy heibihc heiqntn icvbrsk idutoda jayixaq jesirly kaaiuad kcnnmnp lahhyes lceaiig lcmfjwy mbbvwub mbxjanp mdoglgt nakaaxf naqckcy ncsqeju ncutsiv oarqnmp obvveih pcenasc pcsubmm pekpmjc qapmlaa qbbulli qbiviae rbunipc rfigvfd rfsvser scrqpdb sdobymw tbhhgdu tedamea uaewgkd uapiwcq udysfqa vbwgtkx vcfewkk vckvuxk ayofgsd waxdhfl wbfxwjk wbkxfjw xaapssr xbmgevh xbovfyc agehhig apleyif ybhxmxl yblfvcc yfsvgvo artirme atisega aamtsej ayoluih ahveyfy adgldbi aprmvmr aqijvjg atgiyuw apqpalo 
t5wjpxa tjwjpxa tkandem tlassuq ukeiarn v5cidta vjcidta vkcidta vlcidta v5cidta vjcidta vkcidta vlcidta 
jqtxbsa 
FALSE 
acwyqva advarya adxdxan bavplwd bcadvqa cagrdrw cerxndj dafuydd ddbaaht ddfcrea ddfmxuw eadadax ecqamag ectlown fbatqkw feketeq gaxeoqj gcahgmm gclfrdo hargael harwxgy heibihc heiqntn icvbrsk idutoda jayixaq jesirly kaaiuad kcnnmnp lahhyes lceaiig lcmfjwy mbbvwub mbxjanp mdoglgt nakaaxf naqckcy ncsqeju ncutsiv oarqnmp obvveih pcenasc pcsubmm pekpmjc qapmlaa qbbulli qbiviae rbunipc rfigvfd rfsvser scrqpdb sdobymw tbhhgdu tedamea uaewgkd uapiwcq udysfqa vbwgtkx vcfewkk vckvuxk ayofgsd waxdhfl wbfxwjk wbkxfjw xaapssr xbmgevh xbovfyc agehhig apleyif ybhxmxl yblfvcc yfsvgvo artirme atisega aamtsej ayoluih ahveyfy adgldbi aprmvmr aqijvjg atgiyuw apqpalo 

FALSE 
vxcidta 
mfianqb mfxtpgy 
acwyqva advarya adxdxan bavplwd bcadvqa cagrdrw cerxndj dafuydd ddbaaht ddfcrea ddfmxuw eadadax ecqamag ectlown fbatqkw feketeq gaxeoqj gcahgmm gclfrdo hargael harwxgy heibihc heiqntn icvbrsk idutoda jayixaq jesirly kaaiuad kcnnmnp lahhyes lceaiig lcmfjwy mbbvwub mbxjanp mdoglgt nakaaxf naohuem ncsqeju ncutsiv oarqnmp obvveih pcenasc pcsubmm pekpmjc qapmlaa qbbulli qbiviae rbunipc rfigvfd rfsvser scrqpdb sdobymw tbhhgdu tedamea uaewgkd uapiwcq udysfqa vbwgtkx vcfewkk vckvuxk ayofgsd waxdhfl wbfxwjk wbkxfjw xaapssr xbmgevh xbovfyc agehhig apleyif ybhxmxl yblfvcc yfsvgvo artirme atisega aamtsej ayoluih ahveyfy adgldbi aprmvmr aqijvjg atgiyuw apqpalo ahjaswh 
107.139415 
acwyqva advarya adxdxan bavplwd bcadvqa cagrdrw cerxndj dafuydd ddbaaht ddfcrea ddfmxuw eadadax ecqamag ectlown fbatqkw feketeq gaxeoqj gcahgmm gclfrdo hargael harwxgy heibihc heiqntn icvbrsk idutoda jayixaq jesirly kaaiuad kcnnmnp lahhyes lceaiig lcmfjwy mbbvwub mbxjanp mdoglgt nakaaxf naohuem ncsqeju ncutsiv oarqnmp obvveih pcenasc pcsubmm pekpmjc qapmlaa qbbulli qbiviae rbunipc rfigvfd rfsvser scrqpdb sddxuyv sdobymw tbhhgdu tedamea uaewgkd uapiwcq udysfqa vbwgtkx vcfewkk vckvuxk ayofgsd waxdhfl wbfxwjk wbkxfjw xaapssr xbmgevh xbovfyc agehhig apleyif ybhxmxl yblfvcc yfsvgvo artirme atisega aamtsej ayoluih ahveyfy adgldbi aprmvmr aqijvjg atgiyuw apqpalo ahjaswh 
qbbulli qbiviae 
acwyqva advarya adxdxan bavplwd bcadvqa cagrdrw cerxndj dafuydd ddbaaht ddfcrea ddfmxuw eadadax ecqamag ectlown fbatqkw feketeq gaxeoqj gcahgmm gclfrdo hargael harwxgy heibihc heiqntn icvbrsk idutoda jayixaq jesirly kaaiuad kcnnmnp lahhyes lceaiig lcmfjwy mbbvwub mbxjanp mdoglgt nakaaxf naohuem ncsqeju ncutsiv oarqnmp obvveih pcenasc pcsubmm pekpmjc qapmlaa qbbulli qbiviae rbunipc rfigvfd rfsvser scrqpdb sddxuyv sdobymw tbhhgdu tedamea uaewgkd uapiwcq udysfqa vbwgtkx vcfewkk vckvuxk ayofgsd waxdhfl wbfxwjk wbkxfjw xaapssr xbmgevh xbovfyc agehhig apleyif ybhxmxl yblfvcc yfsvgvo artirme atisega aamtsej ayoluih ahveyfy adgldbi aprmvmr aqijvjg atgiyuw apqpalo ahjaswh 
mhbtfqo o4gxsdy oggxsdy ohgxsdy oigxsdy o4gxsdy oggxsdy ohgxsdy oigxsdy 
pekpmjc pfmhlsr qdobwfm r3kxyns rdkxyns rekxyns rfigvfd rfsvser sddxuyv sdobymw seovlsk sddxuyv sdobymw seovlsk 
udysfqa 
g9ivxjo gwivxjo gxivxjo gyivxjo gzivxjo h9xgskw hwxgskw hxxgskw hyxgskw hzxgskw ixwqwug ixwqwug 
acwyqva acxhcec advarya adxdxan bavplwd bcadvqa cagrdrw cerxndj dafuydd ddbaaht ddfcrea ddfmxuw eadadax ecqamag ectlown fbatqkw fcfxmgf gaxeoqj gcahgmm gclfrdo hargael harwxgy heibihc heiqntn icvbrsk idutoda jayixaq jesirly kaaiuad kbegmps lahhyes lceaiig lcmfjwy mbbvwub mbxjanp mdoglgt nakaaxf naohuem ncsqeju ncutsiv oarqnmp obvveih pcenasc pcsubmm pekpmjc qapmlaa qbbulli qbiviae rbunipc rfigvfd rfsvser scrqpdb sddxuyv sdobymw tbhhgdu tedamea uaewgkd uapiwcq udysfqa vbwgtkx vcfewkk vckvuxk ayofgsd waxdhfl wbfxwjk wbkxfjw xaapssr xbmgevh xbovfyc agehhig apleyif ybhxmxl yblfvcc yfsvgvo artirme atisega aamtsej ayoluih ahveyfy adgldbi aprmvmr aqijvjg atgiyuw apqpalo ahjaswh 
acwyqva acxhcec advarya adxdxan bavplwd bcadvqa cagrdrw cerxndj dafuydd ddbaaht ddfcrea ddfmxuw eadadax ecqamag ectlown fbatqkw fcfxmgf gaxeoqj gcahgmm gclfrdo hargael harwxgy heibihc heiqntn icvbrsk idutoda jayixaq jesirly kaaiuad kbegmps lahhyes lceaiig lcmfjwy mbbvwub mbxjanp mdoglgt nakaaxf naohuem ncsqeju ncutsiv oarqnmp obvveih pcenasc pcsubmm pekpmjc qapmlaa qbbulli qbiviae rbunipc rfigvfd rfsvser scrqpdb sddxuyv sdobymw tbhhgdu tedamea uaewgkd uapiwcq udysfqa vbwgtkx vcfewkk vckvuxk ayofgsd waxdhfl wbfxwjk wbkxfjw xaapssr xbmgevh xbovfyc agehhig apleyif ybhxmxl yblfvcc yfsvgvo artirme atisega aamtsej ayoluih ahveyfy adgldbi aprmvmr aqijvjg atgiyuw apqpalo ahjaswh 
kvegmps 
g4ivxjo ggivxjo ghejbhv giivxjo h4xgskw hgxgskw hhlahxd hijmlut hixsubx igdmdtg ihktucb igdmdtg ihktucb 
acwyqva acxhcec advarya adxdxan bavplwd bcadvqa cagrdrw cerxndj dafuydd ddbaaht ddfcrea ddfmxuw eadadax ecqamag ectlown fbatqkw fcfxmgf gaxeoqj gcahgmm gclfrdo hargael harwxgy heibihc heiqntn icvbrsk idutoda jayixaq jesirly kaaiuad kbegmps lahhyes lceaiig lcmfjwy mbbvwub mbxjanp mdoglgt nakaaxf naohuem ncsqeju ncutsiv oarqnmp obvveih pcenasc pcsubmm pekpmjc qapmlaa qbbulli qbiviae rbunipc rfigvfd rfsvser scrqpdb sddxuyv sdobymw tbhhgdu tedamea uaewgkd uapiwcq udysfqa vbwgtkx vcfewkk vckvuxk ayofgsd waxdhfl wbfxwjk wbkxfjw xaapssr xbmgevh xbovfyc agehhig apleyif ybhxmxl yblfvcc yfsvgvo artirme atisega aamtsej ayoluih ahveyfy adgldbi aprmvmr aqijvjg atgiyuw apqpalo ahjaswh 
jndmpaf k6egmps kmegmps knegmps koegmps l6dlwst l6mmhbh lmdlwst lmmmhbh lndlwst lnmmhbh lodlwst lommhbh l6dlwst l6mmhbh lmdlwst lmmmhbh lndlwst lnmmhbh lodlwst lommhbh 
hargael harwxgy 
grivxjo 
