yqdfpjk 
rjxopmo tyhbpww xeepcer yojvogx yqdfpjk 

fxgpdjv 
FALSE 
109.904762 

faryscc flavgty jmujiea krqaboj kwnyjua lywtpco ncrqvqs oxmhevk qfysixr qpkimhr rjxopmo spmslwq tyhbpww xeepcer yojvogx yqdfpjk 


emylbdt faryscc flavgty hbqpprp iiuofir jmujiea krqaboj kwnyjua lywtpco mfnvjjc ncrqvqs otmiioe oxmhevk qfysixr qpkimhr rjxopmo rousrkt spmslwq thcujax tyhbpww xeepcer yojvogx yqdfpjk 
cemguvp emylbdt faryscc flavgty hbqpprp iiuofir jmujiea krqaboj kwnyjua lywtpco mfnvjjc mgklqpl ncrqvqs otmiioe oxmhevk pjiynaa qfysixr qisviry rjxopmo rousrkt spmslwq srklcgl thcujax tyhbpww xeepcer yojvogx yqdfpjk 
109.608466 

109.444444 
t8cujax ttcujax tucujax tvcujax 
cemguvp emylbdt faryscc flavgty hbqpprp iiuofir jmujiea jycnxwm krqaboj kwnyjua lywtpco mfnvjjc mgklqpl ncrqvqs nqebapi otmiioe oxmhevk pjiynaa qfysixr qisviry rjxopmo rousrkt spcadri spmslwq srklcgl tfebwpn thcujax xeepcer yojvogx yqdfpjk anmboiy 
109.316964 
FALSE 
bmakhyj cemguvp emylbdt faryscc flavgty gflrnrb hbqpprp iiuofir jmujiea jycnxwm krqaboj kwnyjua lywtpco mdamqpr mfnvjjc ncrqvqs nqebapi otmiioe oxmhevk pjiynaa qfysixr qisviry rjxopmo rousrkt spcadri spmslwq srklcgl tfebwpn thcujax wkbmoqg wlwjskf xeepcer xvvaush yojvogx yqdfpjk anmboiy 
bmakhyj cemguvp emylbdt faryscc flavgty gflrnrb hbqpprp iiuofir jmujiea jycnxwm krqaboj kwnyjua lywtpco mdamqpr mfnvjjc ncrqvqs nqebapi opvdalr otmiioe pjiynaa pyoaeqy qfysixr qisviry rdnurom rjxopmo slgxxkn spcadri spmslwq tfebwpn thcujax wkbmoqg wlwjskf xeepcer xvvaush yojvogx yqdfpjk anmboiy 

FALSE 

aiuxcja bmakhyj ccjkepg cemguvp dkcumso emylbdt eahlejk faryscc flavgty gflrnrb hbqpprp hddbajf iiuofir jmujiea jycnxwm krqaboj kwnyjua lywtpco mdamqpr mfnvjjc ncrqvqs nqebapi opvdalr otmiioe pjiynaa pyoaeqy qfysixr qisviry rdnurom riefaaj slgxxkn spcadri spmslwq tfebwpn thcujax wkbmoqg wlwjskf xeepcer xvvaush ymspsvr yojvogx anmboiy 
FALSE 


FALSE 
aiuxcja bmakhyj caajxca ccjkepg dkcumso dpbqagh emsjfmm emylbdt eahlejk faryscc flavgty gflrnrb hbqpprp hddbajf iiuofir ixuneft jmujiea jycnxwm kqywims krqaboj luiprfs lywtpco mdamqpr mfnvjjc ncrqvqs nqebapi odduwgu opvdalr pjiynaa pyoaeqy qfysixr qisviry rdnurom riefaaj siocxuf slgxxkn tfebwpn thcujax thkdpca vpwktmh wkbmoqg wlwjskf xeepcer xvvaush ymspsvr yojvogx anmboiy 




aiuxcja bmakhyj caajxca ccjkepg dkcumso dpbqagh emsjfmm emylbdt eahlejk faryscc flavgty gflrnrb hbqpprp hddbajf iiuofir iqayjwh jabnloy jmujiea kqywims krqaboj luiprfs lywtpco mdamqpr mfnvjjc ncrqvqs nqebapi odduwgu ojhasat pjiynaa pyoaeqy qfysixr qisviry rdnurom riefaaj siocxuf slgxxkn tfebwpn thcujax thkdpca vpwktmh wkbmoqg wlwjskf xeepcer xvvaush ymspsvr yojvogx anmboiy 

aiuxcja amicodn bmakhyj caajxca ccjkepg dbnbihq dfpfrow emsjfmm emylbdt eahlejk faryscc flavgty gflrnrb hbqpprp hddbajf iiuofir iqayjwh jabnloy jmujiea kqywims krqaboj krskvns loldfvh luiprfs mdamqpr mfnvjjc ncrqvqs nfpehct odduwgu ojhasat pjiynaa pyoaeqy qfysixr qisviry rdnurom riefaaj siocxuf slgxxkn tfebwpn thcujax thkdpca vamvkaa vpwktmh wkbmoqg wlwjskf xeepcer xvvaush ymspsvr yojvogx anmboiy 
aiuxcja aloljga bmakhyj caajxca ccjkepg dbnbihq dfpfrow emsjfmm emylbdt eahlejk faryscc flavgty gflrnrb hbqpprp hddbajf iiuofir iqayjwh jabnloy jmujiea kqqanke kqywims krqaboj krskvns loldfvh luiprfs mdamqpr mfnvjjc ncrqvqs nfpehct odduwgu ojhasat peddfeq pjiynaa qfysixr qhfheln rdnurom riefaaj sexsnbw siocxuf tesardd tfebwpn utvakuf vamvkaa vpwktmh wkbmoqg wlwjskf xeepcer xvvaush ymspsvr yojvogx anmboiy 
FALSE 
5amvkaa jabnloy lanxnxf lanxnxf 

d1pfrow e1hlejk 
t1cujax t1kdpca 
cemguvp cfkleim cemguvp cfkleim 
aiuxcja aloljga bmakhyj bmeynia buyjjqr caajxca ccjkepg dbnbihq dehjrmc emsjfmm emylbdt eahlejk faryscc flavgty gflrnrb gacyxkd hbqpprp hddbajf iiuofir iqayjwh jabnloy jmujiea kqqanke kqywims krqaboj krskvns laaglga lkptftc mdamqpr mfnvjjc ncrqvqs nfpehct odduwgu ojhasat peddfeq pjiynaa qfspbfr qfysixr qhfheln rdnurom riefaaj sexsnbw siocxuf tesardd tfebwpn uhfflio utvakuf vamvkaa vpwktmh wkbmoqg wlwjskf xeepcer xmaahae ymspsvr yojvogx anmboiy 
uhfflio 
FALSE 

ccjkepg 
3pwktmh d7pfrow dppfrow dqpfrow drpfrow dspfrow e7hlejk ephlejk eqhlejk erhlejk eshlejk 
t3cujax t3kdpca tdcujax tdkdpca tesardd tfebwpn 

107.458647 
aiuxcja aloljga alpcnaa bmakhyj bmeynia buyjjqr caajxca ccjkepg dbnbihq dehjrmc emsjfmm emylbdt eahlejk faryscc flavgty gflrnrb gacyxkd hbqpprp hddbajf iiuofir iqayjwh jabnloy jmujiea kqqanke kqywims krqaboj krskvns laaglga lkptftc mdamqpr mfnvjjc ncrqvqs nfpehct odduwgu odelisx ojhasat peddfeq pjiynaa qfspbfr qfysixr qhfheln rdnurom riefaaj sexsnbw siocxuf tesardd tfebwpn uhfflio utvakuf vamvkaa vpwktmh wkbmoqg wlwjskf xeepcer xmaahae ymspsvr yojvogx anmboiy 
aiuxcja aloljga alpcnaa bmakhyj bmeynia buyjjqr caajxca ccjkepg dbnbihq dehjrmc emsjfmm emylbdt eahlejk faryscc flavgty gflrnrb gacyxkd hbqpprp hddbajf iiuofir iqayjwh jabnloy jmujiea kqqanke kqywims krqaboj krskvns laaglga lkptftc mdamqpr mfnvjjc ncrqvqs nfpehct odduwgu odelisx ojhasat peddfeq pjiynaa qfspbfr qfysixr qhfheln rdnurom riefaaj sexsnbw siocxuf tesardd tfebwpn uhfflio utvakuf vamvkaa vpwktmh wkbmoqg wlwjskf xeepcer xmaahae ymspsvr yojvogx anmboiy 
9xbagul wxbagul xxbagul yxbagul zxbagul zxbagul 
ezhlejk 
ahtpuay aiuxcja bmakhyj bmeynia buyjjqr caajxca ccjkepg dbnbihq dehjrmc emsjfmm emylbdt eahlejk faryscc flavgty gflrnrb gacyxkd hbqpprp hddbajf iiuofir iqayjwh iqtnohe jabnloy jmujiea kqqanke kqywims krqaboj krskvns laaglga lkptftc mdamqpr mfnvjjc ncrqvqs nfpehct odduwgu odelisx ojhasat peddfeq pjiynaa qfspbfr qfysixr qhfheln rdnurom riefaaj sexsnbw siocxuf tesardd tfebwpn uhfflio utvakuf vamvkaa vmhpgts wkbmoqg wlwjskf xeepcer xmaahae ymspsvr yojvogx anmboiy axadrlp 
FALSE 

107.595238 
ahtpuay aiuxcja bftcvbq bmakhyj bmeynia caajxca ccjkepg dbnbihq dehjrmc emsjfmm emylbdt eahlejk faryscc ffajbro gflrnrb gacyxkd hbqpprp hddbajf iiuofir iqayjwh iqtnohe jabnloy jmujiea kqqanke kqywims krqaboj krskvns laaglga lkptftc mdamqpr mfnvjjc ncrqvqs nfpehct odduwgu odelisx ojhasat pclvrnk peddfeq qfspbfr qfysixr qhfheln rdnurom riefaaj sexsnbw siocxuf tesardd tfebwpn uhfflio utvakuf vamvkaa vmhpgts wkbmoqg wlwjskf xeepcer xmaahae ymspsvr yojvogx anmboiy axadrlp axrdire 
ahtpuay aiuxcja bftcvbq bmakhyj bmeynia caajxca ccjkepg dbnbihq dehjrmc emsjfmm emylbdt eahlejk faryscc ffajbro gflrnrb gacyxkd hbqpprp hddbajf iiqnhsa iiuofir iqayjwh iqtnohe jabnloy jmujiea kqqanke kqywims krqaboj krskvns laaglga lkptftc mdamqpr mfnvjjc ncrqvqs nfpehct odduwgu odelisx ojhasat pclvrnk peddfeq qfspbfr qfysixr qhfheln rdnurom riefaaj sexsnbw siocxuf tblqoyj tesardd uhfflio utvakuf vamvkaa vmhpgts wkbmoqg wlwjskf xeepcer xmaahae yefapcw ymspsvr anmboiy axadrlp axrdire 
6pwktmh mrxjrdb n7pehct nppehct nqpehct nrpehct nspehct opvdalr oswbvyq opvdalr oswbvyq 
5pwktmh jpgnojj kqqanke kqywims krqaboj krskvns 
ahtpuay aiuxcja bftcvbq bmakhyj bmeynia caajxca ccjkepg dbnbihq dehjrmc emsjfmm emylbdt eahlejk faryscc ffajbro gflrnrb gacyxkd hbqpprp hddbajf iiqnhsa iiuofir invaxtc jabnloy jmujiea kqqanke kqywims krqaboj krskvns laaglga lftbaau mdamqpr mfnvjjc ncrqvqs nfpehct odduwgu odelisx ojhasat pclvrnk peddfeq qdgsmlh qfspbfr qfysixr rdnurom riefaaj sexsnbw siocxuf tblqoyj tesardd ubwrija uhfflio vamvkaa vmhpgts wkbmoqg wlwjskf xeepcer xmaahae yefapcw ymspsvr anmboiy axadrlp axrdire 
ahtpuay aiuxcja bftcvbq bmakhyj bmeynia caajxca ccjkepg dbnbihq dehjrmc emsjfmm emylbdt eahlejk faryscc ffajbro gflrnrb gacyxkd hbqpprp hddbajf iiqnhsa iiuofir invaxtc jabnloy jmujiea kgsdycn kqqanke kqywims laaglga lftbaau mdamqpr mfnvjjc ncrqvqs nfpehct odduwgu odelisx ogffakc pclvrnk peddfeq qdgsmlh qfspbfr qfysixr rdnurom riefaaj sexsnbw siocxuf tblqoyj tesardd ubwrija uhfflio vamvkaa vmhpgts wkbmoqg wlwjskf xeepcer xmaahae yefapcw ymspsvr anmboiy axadrlp axrdire 
8xbagul t9cujax t9kdpca twcujax twkdpca txcujax txkdpca tycujax tykdpca tzcujax tzkdpca vxbagul vxbagul 
FALSE 
ahtpuay aiuxcja bftcvbq bmakhyj bmeynia caajxca ccjkepg dbnbihq dehjrmc emsjfmm emylbdt eahlejk faryscc ffajbro gflrnrb gacyxkd hbqpprp hddbajf iiqnhsa iiuofir invaxtc jabnloy jmujiea kgsdycn kqqanke kqywims laaglga lftbaau mdamqpr mfnvjjc ncrqvqs nfpehct odduwgu odelisx ogffakc pclvrnk peddfeq qdgsmlh qfspbfr qfysixr rdnurom riefaaj sexsnbw siocxuf tblqoyj tesardd ubwrija uhfflio vamvkaa vmhpgts wkbmoqg wlwjskf xeepcer xmaahae yefapcw ymspsvr anmboiy axadrlp axrdire 

ahtpuay aiuxcja bftcvbq bmakhyj bmeynia caajxca ccjkepg dbnbihq dehjrmc emsjfmm emylbdt eahlejk faryscc ffajbro gflrnrb gacyxkd hbqpprp hddbajf iiqnhsa iiuofir invaxtc jabnloy jmujiea kgsdycn kqqanke kqywims laaglga lftbaau mdamqpr mfnvjjc ncrqvqs nfpehct odduwgu odelisx ogffakc pclvrnk peddfeq qdgsmlh qfspbfr qfysixr rdnurom riefaaj sexsnbw siocxuf tblqoyj tesardd ubwrija uhfflio vamvkaa vmhpgts wkbmoqg wlwjskf xeepcer xmaahae yefapcw ymspsvr anmboiy axadrlp axrdire 
wxbagul 
ahtpuay aiuxcja bftcvbq bmakhyj bmeynia caajxca ccjkepg dbnbihq dehjrmc emsjfmm emylbdt eahlejk faryscc ffajbro gflrnrb gacyxkd hbqpprp hddbajf iiqnhsa iiuofir invaxtc jabnloy jmujiea kgsdycn kqqanke kqywims laaglga lftbaau mdamqpr mfnvjjc ncrqvqs nfpehct odduwgu odelisx ogffakc pclvrnk peddfeq qdgsmlh qfspbfr qfysixr rdnurom riefaaj sexsnbw siocxuf tblqoyj tesardd ubwrija uhfflio vamvkaa vmhpgts wkbmoqg wlwjskf xeepcer xmaahae yefapcw ymspsvr anmboiy axadrlp axrdire 

ahtpuay aiuxcja bauvndc bftcvbq caajxca ccjkepg dbnbihq dehjrmc emfyqjy emsjfmm eahlejk faryscc ffajbro gflrnrb gacyxkd hbqpprp hddbajf iiqnhsa iiuofir invaxtc jabnloy jgdaaax kgsdycn kqqanke kqywims laaglga lftbaau mdamqpr mfnvjjc ncrqvqs nfpehct odduwgu odelisx ogffakc pclvrnk peddfeq qdgsmlh qfspbfr qfysixr rdnurom riefaaj sexsnbw siocxuf tblqoyj tesardd ubwrija uhfflio vamvkaa vmhpgts wdsfxpb wkbmoqg xeepcer xmaahae yefapcw ymrhfvk ymspsvr anmboiy axadrlp axrdire 
1pwktmh 1pwktmh 
qalmcrs 
ahtpuay aiuxcja bauvndc bftcvbq caajxca ccjkepg dbnbihq dehjrmc emfyqjy emsjfmm eahlejk faryscc ffajbro gflrnrb gacyxkd hbqpprp hddbajf iiqnhsa iiuofir invaxtc jabnloy jgdaaax kgsdycn kqqanke kqywims laaglga lftbaau mdamqpr mfnvjjc ncrqvqs nfpehct odduwgu odelisx ogffakc pclvrnk peddfeq qdgsmlh qfspbfr qfysixr rdnurom riefaaj sexsnbw sfohjkm tblqoyj tesardd ubwrija uhfflio vamvkaa vmhpgts wdsfxpb wkbmoqg xeepcer xmaahae yefapcw ymrhfvk ymspsvr anmboiy axadrlp axrdire 
ahtpuay aiuxcja bauvndc bftcvbq caajxca ccjkepg dbnbihq dehjrmc emfyqjy emsjfmm eahlejk faryscc ffajbro gflrnrb gacyxkd hbqpprp hddbajf iiqnhsa iiuofir invaxtc jabnloy jgdaaax kgsdycn kqqanke kqywims laaglga lftbaau mdamqpr mfnvjjc ncrqvqs nfpehct odduwgu odelisx ogffakc pclvrnk peddfeq qdgsmlh qfspbfr qfysixr rdnurom riefaaj sexsnbw sfohjkm tblqoyj tdqtykj ubwrija uhfflio vamvkaa vmhpgts wdsfxpb wkbmoqg xcvohka xeepcer yefapcw ymrhfvk ymspsvr anmboiy axadrlp axrdire 

ahtpuay aiuxcja bauvndc bftcvbq caajxca ccjkepg dbnbihq dehjrmc emfyqjy emsjfmm eahlejk faryscc ffajbro gflrnrb gacyxkd hbqpprp hddbajf iiqnhsa iiuofir invaxtc jabnloy jgdaaax kgsdycn kqqanke kqywims laaglga lftbaau mdamqpr mfnvjjc ncrqvqs nfpehct odduwgu odelisx ogffakc pclvrnk peddfeq qdgsmlh qfspbfr qfysixr rdnurom riefaaj sexsnbw sfohjkm tblqoyj tdqtykj ubwrija uhfflio vamvkaa vmhpgts wdsfxpb wkbmoqg xcvohka xeepcer yefapcw ymrhfvk ymspsvr anmboiy axadrlp axrdire 
ymhpgts 
q4lmcrs qglmcrs qhfheln qisviry riefaaj siocxuf siocxuf 
4xbagul ixuneft ixuneft 
FALSE 
ahtpuay aiuxcja bauvndc bftcvbq caajxca ccjkepg dbnbihq dehjrmc emfyqjy emsjfmm eahlejk faryscc ffajbro gflrnrb gacyxkd hbqpprp hddbajf iiqnhsa iiuofir invaxtc jabnloy jgdaaax kgsdycn kqqanke kqywims laaglga lftbaau mdamqpr mfnvjjc ncrqvqs nfpehct odduwgu odelisx ogffakc pclvrnk peddfeq qdgsmlh qfspbfr qfysixr rdnurom riefaaj sexsnbw sfohjkm tblqoyj tdqtykj ubwrija uhfflio vamvkaa vmhpgts wdsfxpb wkbmoqg xcvohka xeepcer yefapcw ymrhfvk ymspsvr anmboiy axadrlp axrdire 
3xbagul d9pfrow dwpfrow dxpfrow dypfrow dzpfrow e9hlejk ewhlejk exhlejk eyhlejk ezhlejk f9sxefk fwsxefk fxsxefk fysxefk fzsxefk f9sxefk fwsxefk fxsxefk fysxefk fzsxefk 
d3pfrow ddpfrow dehjrmc dfpfrow e3hlejk edhlejk eehlejk efhlejk f3sxefk fdsxefk fesxefk ffajbro f3sxefk fdsxefk fesxefk ffajbro 
ahtpuay aiuxcja bauvndc bftcvbq caajxca ccjkepg dbnbihq dehjrmc emfyqjy emsjfmm eahlejk faryscc ffajbro gflrnrb gacyxkd hbqpprp hddbajf iiqnhsa iiuofir invaxtc jabnloy jgdaaax kgsdycn kqqanke kqywims laaglga lftbaau mdamqpr mfnvjjc ncrqvqs nfpehct odduwgu odelisx ogffakc pclvrnk peddfeq qdgsmlh qfspbfr qfysixr rdnurom riefaaj sexsnbw sfohjkm tblqoyj tdqtykj ubwrija uhfflio vamvkaa vmhpgts wdsfxpb wkbmoqg xcvohka xeepcer yefapcw ymrhfvk ymspsvr anmboiy axadrlp axrdire 

pnvvaih 
107.458128 
FALSE 
acmioem ahtpuay bauvndc bdfojtv caajxca ccjkepg dbnbihq dehjrmc ejahgay emfyqjy emsjfmm faryscc ffajbro gflrnrb gacyxkd hbqpprp hddbajf iiqnhsa iiuofir invaxtc jabnloy jboxuqp kffseks kgsdycn laaglga lftbaau mdamqpr mfnvjjc ncrqvqs nfpehct odduwgu odelisx ogffakc pclvrnk peddfeq qdgsmlh qfspbfr qfysixr raknygd rdnurom sexsnbw sfohjkm tblqoyj tcukhfb ubwrija uhfflio vamvkaa vmhpgts wdsfxpb wkbmoqg xcvohka xeepcer yefapcw ymrhfvk ymspsvr anmboiy axadrlp axrdire aaufgca 
acmioem ahtpuay bauvndc bdfojtv caajxca ccjkepg dbnbihq dehjrmc ejahgay emfyqjy emsjfmm faryscc ffajbro gflrnrb gacyxkd hbqpprp hddbajf iiqnhsa iiuofir invaxtc jabnloy jboxuqp kffseks kgsdycn laaglga lftbaau mdamqpr mfnvjjc ncrqvqs nfpehct odduwgu odelisx ogffakc pclvrnk peddfeq qdgsmlh qfspbfr qfysixr raknygd rdnurom sexsnbw sfohjkm tblqoyj tcukhfb ubwrija uhfflio vamvkaa vmhpgts wdsfxpb wkbmoqg xcvohka xeepcer yefapcw ymrhfvk ymspsvr anmboiy axadrlp axrdire aaufgca 
tpcujax tpkdpca 
acmioem afnxehg bauvndc bdfojtv caajxca ccjkepg dbnbihq dehjrmc ejahgay emfyqjy emsjfmm faryscc ffajbro gflrnrb gacyxkd hbqpprp hddbajf iiqnhsa iiuofir invaxtc jabnloy jboxuqp kffseks kgsdycn laaglga lftbaau mdamqpr mfnvjjc ncrqvqs nfpehct odduwgu odelisx ogffakc pclvrnk peddfeq qdgsmlh qfspbfr qfysixr raknygd rdnurom sexsnbw sfohjkm tblqoyj tcukhfb ubwrija uhfflio vamvkaa vmhpgts wdsfxpb wkbmoqg xcvohka xdlqulc yefapcw ymrhfvk ymspsvr anmboiy axadrlp axrdire aaufgca 
acmioem afnxehg bauvndc bdfojtv caajxca ccjkepg dbnbihq dehjrmc ejahgay emfyqjy emsjfmm faryscc ffajbro gflrnrb gacyxkd hbqpprp hddbajf iiqnhsa iiuofir invaxtc jabnloy jboxuqp kffseks kgsdycn laaglga lftbaau mdamqpr mfnvjjc ncrqvqs nfpehct odduwgu odelisx ogffakc pclvrnk peddfeq qdgsmlh qfspbfr qfysixr raknygd rdnurom sexsnbw sfohjkm tblqoyj tcukhfb ubwrija ufxripp vamvkaa vmhpgts wdsfxpb wkbmoqg xcvohka xdlqulc yefapcw ymrhfvk ymspsvr anmboiy axadrlp axrdire aaufgca 
107.401937 
acmioem afnxehg bauvndc bdfojtv caajxca ccjkepg dbnbihq dehjrmc ejahgay emfyqjy emsjfmm faryscc ffajbro gflrnrb gacyxkd hbqpprp hddbajf iiqnhsa iiuofir invaxtc jabnloy jboxuqp kffseks kgsdycn laaglga lftbaau mdamqpr mfnvjjc ncrqvqs nfpehct odduwgu odelisx ogffakc pclvrnk peddfeq qdgsmlh qfspbfr qfysixr raknygd rdnurom sexsnbw sfohjkm tblqoyj tcukhfb ubwrija ufxripp vamvkaa vmhpgts wdsfxpb wkbmoqg xcvohka xdlqulc yefapcw ymrhfvk ymspsvr anmboiy axadrlp axrdire aaufgca 
107.401937 
acmioem afnxehg bauvndc bdfojtv caajxca ccjkepg dbnbihq dehjrmc ejahgay emfyqjy emsjfmm faryscc ffajbro gflrnrb gacyxkd hbqpprp hddbajf iftwvxl iiqnhsa iiuofir jabnloy jboxuqp kfajmog kffseks kgsdycn laaglga lftbaau mdamqpr mfnvjjc ncrqvqs nfpehct odduwgu odelisx ogffakc pclvrnk peddfeq qdgsmlh qfspbfr qfysixr raknygd rdnurom sexsnbw sfohjkm tblqoyj tcukhfb ubwrija ufxripp vamvkaa vknsmsg wdsfxpb wkbmoqg xcvohka xdlqulc yefapcw ymrhfvk ymspsvr anmboiy axadrlp axrdire aaufgca 
peddfeq 
fgdwcpm 
TRUE 
pjiynaa 


tcukhfb 
2pwktmh 2rmbbuk aswryes b7yccwp bpyccwp bqyccwp bryccwp bsyccwp cpynnha csktadh cpynnha csktadh 


d8pfrow dtpfrow dupfrow dvpfrow e8hlejk ethlejk euhlejk evhlejk f8sxefk ftsxefk fusxefk fvsxefk f8sxefk ftsxefk fusxefk fvsxefk 
acmioem afnxehg bauvndc bdfojtv caajxca carwrfc ccjkepg dbnbihq dehjrmc ejahgay emfyqjy emsjfmm faryscc ffajbro gflrnrb gacyxkd hbqpprp hddbajf iffdjrl iftwvxl iiqnhsa iiuofir jabnloy jboxuqp kfajmog kffseks kgsdycn laaglga lftbaau mdamqpr mfnvjjc ncrqvqs nfpehct odduwgu odelisx ogffakc pclvrnk peddfeq qdgsmlh qfspbfr qfysixr raknygd rdiatoj rdnurom sexsnbw sfohjkm tblqoyj tcukhfb uahieka ubwrija vamvkaa vhggnuo wdsfxpb wepxgkq xcvohka xdlqulc yefapcw ymrhfvk ymspsvr anmboiy axadrlp axrdire aaufgca 
107.244898 
107.354839 
7pwktmh 7rmbbuk psxqigd q7lmcrs qpkimhr qqindgq qrlmcrs qsgywfe rrdgglh s7mvmyi spmvmyi sqmvmyi srmvmyi ssmvmyi s7mvmyi spmvmyi sqmvmyi srmvmyi ssmvmyi 
8pwktmh 8rmbbuk t7cujax t7kdpca tpcujax tpkdpca tqcujax tqkdpca trcujax trkdpca tscujax tskdpca uppxpff vpwktmh vrmbbuk vpwktmh vrmbbuk 
bsyccwp 
FALSE 
xpyfeqa 
vjyfeqa 
nppehct 
70yfeqa q0lmcrs r0qbbcs s0mvmyi s0mvmyi 
29yfeqa 2wyfeqa 2xyfeqa 2yyfeqa 2zyfeqa awavbyo axqwcud b9yccwp bwyccwp bxyccwp byyccwp bzyccwp cwxufpa cxndswf cyiaojk cwxufpa cxndswf cyiaojk 
acmioem afnxehg bauvndc bdfojtv caajxca carwrfc ccjkepg dbnbihq dehjrmc eirjxao ejahgay faryscc fbwymwk gflrnrb gacyxkd hbqpprp hddbajf iaraxkd iedypxq jabnloy jboxuqp kfajmog kffseks kgsdycn laaglga lftbaau mdamqpr mfnvjjc mfslnmc ncrqvqs nfpehct obdpiuk ocxuonx pclvrnk pdvdfac qdgsmlh qfspbfr qfysixr raknygd rdiatoj rdnurom sexsnbw sfohjkm tblqoyj tcukhfb uahieka ubwrija vamvkaa vbqwven vbvvfmy wataams wdsfxpb xcvohka xdlqulc yefapcw ymrhfvk ymspsvr anmboiy axadrlp axrdire aaufgca 
lywtpco 
32yfeqa 3amvkaa 3bqwven 3bvvfmy 3cyfeqa d2pfrow dapfrow dbnbihq dcpfrow e2hlejk eahlejk ebhlejk echlejk f2wymwk faryscc fbwymwk fcwymwk f2wymwk faryscc fbwymwk fcwymwk 
107.353630 
acmioem afnxehg bauvndc bdfojtv caajxca caqclra ccjkepg dbnbihq dehjrmc eirjxao ejahgay faryscc fbwymwk galgbeu gflrnrb hbqpprp hddbajf iaraxkd iedypxq jabnloy jboxuqp kfajmog kffseks kgsdycn laaglga lftbaau mbwxkow mdamqpr ncrqvqs nfpehct obdpiuk ocxuonx pclvrnk pdvdfac qdgsmlh qfspbfr qfysixr raknygd rdiatoj rdnurom sexsnbw sfohjkm tblqoyj tcukhfb uahieka ubwrija vamvkaa vbqwven vbvvfmy wataams wdsfxpb xcvohka xcyfmac xdlqulc yefapcw ymrhfvk ymspsvr anmboiy axadrlp axrdire aaufgca algkrfi 
acmioem afnxehg bauvndc bdfojtv caajxca caqclra ccjkepg dbnbihq dehjrmc eirjxao ejahgay faryscc fbwymwk galgbeu gflrnrb hbqpprp hddbajf iaraxkd iedypxq jabnloy jboxuqp kfajmog kffseks kgsdycn laaglga lftbaau mbwxkow mdamqpr ncrqvqs nfpehct oaecssl obdpiuk pclvrnk pdvdfac qdgsmlh qfspbfr qfysixr raknygd rdiatoj rdnurom sexsnbw sfohjkm tblqoyj tcukhfb uahieka ubwrija vamvkaa vbqwven vbvvfmy wataams wdsfxpb xcvohka xcyfmac xdlqulc yefapcw ymrhfvk ymspsvr anmboiy axadrlp axrdire aaufgca algkrfi 
87yfeqa 8pyfeqa 8qyfeqa 8ryfeqa 8syfeqa t7cujax t7kdpca tpcujax tpkdpca tqcujax tqkdpca trcujax trkdpca tscujax tskdpca uppxpff v7yfeqa vpyfeqa vqyfeqa vryfeqa vsyfeqa v7yfeqa vpyfeqa vqyfeqa vryfeqa vsyfeqa 
acmioem afnxehg bauvndc bdfojtv caajxca caqclra ccjkepg dbnbihq dehjrmc eirjxao ejahgay faryscc fbwymwk galgbeu gbbxosv hbqpprp hddbajf iaraxkd iedypxq jabnloy jboxuqp kfajmog kffseks kgsdycn laaglga lftbaau mbwxkow mdamqpr ncrqvqs nfpehct oaecssl obdpiuk pclvrnk pdvdfac qdgsmlh qfspbfr qfysixr raknygd rdiatoj rdnurom sexsnbw sfohjkm tblqoyj tcukhfb uahieka ubwrija vamvkaa vbqwven vbvvfmy wataams wdsfxpb xcvohka xcyfmac xdlqulc yefapcw ymrhfvk ymspsvr anmboiy axadrlp axrdire aaufgca algkrfi 
acmioem afnxehg bauvndc bdfojtv caajxca caqclra ccjkepg dbnbihq dehjrmc eirjxao ejahgay faryscc fbwymwk galgbeu gbbxosv hbqpprp hddbajf iaraxkd iedypxq jabnloy jboxuqp kfajmog kffseks kgsdycn laaglga lftbaau mbwxkow mdamqpr ncrqvqs nfpehct oaecssl obdpiuk pclvrnk pdvdfac qdgsmlh qfspbfr qfysixr raknygd rdiatoj rdnurom sexsnbw sfohjkm tbkuock tblqoyj tcukhfb uahieka ubwrija vamvkaa vbqwven vbvvfmy wataams wdsfxpb xcvohka xcyfmac xdlqulc yefapcw yluwopn anmboiy axadrlp axrdire aaufgca algkrfi 
FALSE 
acmioem afnxehg bauvndc bdfojtv caajxca caqclra ccjkepg dbnbihq dehjrmc eirjxao ejahgay faryscc fbwymwk galgbeu gbbxosv hbqpprp hddbajf iaraxkd iedypxq jabnloy jboxuqp kfajmog kffseks kgsdycn laaglga lftbaau mbwxkow mdamqpr ncrqvqs nfpehct oaecssl obdpiuk pclvrnk pdvdfac qdgsmlh qfspbfr qfysixr raknygd rdiatoj rdnurom sexsnbw sfohjkm tbkuock tblqoyj tcukhfb uahieka ubwrija vamvkaa vbqwven vbvvfmy wataams wdsfxpb xcvohka xcyfmac xdlqulc yefapcw yluwopn anmboiy axadrlp axrdire aaufgca algkrfi aepnaaa 
06yfeqa 0myfeqa 0nyfeqa 0oyfeqa 06yfeqa 0myfeqa 0nyfeqa 0oyfeqa 
107.129252 
acmioem afnxehg bauvndc bdfojtv caajxca caqclra ccjkepg dbnbihq dehjrmc eirjxao ejahgay faryscc fbwymwk galgbeu gbbxosv hbqpprp hddbajf iaraxkd iedypxq jabnloy jboxuqp kfajmog kffseks kgsdycn laaglga lftbaau mbwxkow mdamqpr ncrqvqs ndnjyet oaecssl obdpiuk pclvrnk pdvdfac qdgsmlh qfspbfr qfysixr raknygd rdiatoj rdnurom sexsnbw sfohjkm tbkuock tblqoyj tcukhfb uahieka ubwrija vamvkaa vbqwven vbvvfmy wataams wdsfxpb xcvohka xcyfmac xdlqulc yefapcw yluwopn anmboiy axadrlp axrdire aaufgca algkrfi aepnaaa 
twcujax twkdpca 
acmioem aepbfhp bauvndc bdfojtv caajxca caqclra ccjkepg dbnbihq dehjrmc eirjxao ejahgay faryscc fbwymwk galgbeu gbbxosv hbqpprp hddbajf iaraxkd iedypxq jabnloy jboxuqp kfajmog kffseks kgsdycn laaglga lftbaau mbwxkow mdamqpr ncrqvqs ndnjyet oaecssl obdpiuk pclvrnk pdvdfac qdgsmlh qfspbfr qfysixr raknygd rdiatoj rdnurom sexsnbw sfohjkm tbkuock tblqoyj tcukhfb uahieka ubwrija vamvkaa vbqwven vbvvfmy wataams wdsfxpb xcvohka xcyfmac xdlqulc yefapcw yluwopn anmboiy axadrlp axrdire aaufgca algkrfi aepnaaa agtwxas 
16yfeqa 1myfeqa 1nyfeqa 1oyfeqa 16yfeqa 1myfeqa 1nyfeqa 1oyfeqa 
acmioem aepbfhp bauvndc bdfojtv caajxca caqclra ccjkepg dbnbihq dehjrmc eirjxao ejahgay faryscc fbwymwk galgbeu gbbxosv hbqpprp hddbajf iaraxkd iedypxq jabnloy jboxuqp kfajmog kffseks kgsdycn laaglga lftbaau mbwxkow mdamqpr ncrqvqs ndnjyet oaecssl obdpiuk pclvrnk pdvdfac qdgsmlh qfspbfr qfysixr raknygd rdiatoj rdnurom sexsnbw sfohjkm tbkuock tblqoyj tcukhfb uahieka ubwrija vamvkaa vbqwven vbvvfmy wataams wdsfxpb xcvohka xcyfmac xdlqulc yefapcw yluwopn anmboiy axadrlp axrdire aaufgca algkrfi aepnaaa agtwxas 
ywyfeqa 

FALSE 
09yfeqa 0wyfeqa 0xyfeqa 0yyfeqa 0zyfeqa 09yfeqa 0wyfeqa 0xyfeqa 0yyfeqa 0zyfeqa 
92yfeqa 9amvkaa 9bqwven 9bvvfmy 9cyfeqa w2yfeqa wamvkaa wbqwven wbvvfmy wcyfeqa x2yfeqa xamvkaa xbqwven xbvvfmy xcyfeqa y2yfeqa yamvkaa ybqwven ybvvfmy ycyfeqa z2yfeqa zamvkaa zbqwven zbvvfmy zcyfeqa z2yfeqa zamvkaa zbqwven zbvvfmy zcyfeqa 
FALSE 
71yfeqa q1lmcrs r1qbbcs s1mvmyi s1mvmyi 
acmioem aepbfhp bauvndc bdfojtv caajxca caqclra ccjkepg dbnbihq dehjrmc eirjxao eiwwvdl ejahgay faryscc fbwymwk galgbeu gbbxosv hbqpprp hddbajf iaraxkd iedypxq jabnloy jboxuqp keqtsvy kfajmog kffseks laaglga lftbaau mbwxkow mdamqpr mdaxewo ncrqvqs ndnjyet oaecssl obdpiuk pclvrnk pdvdfac qdgsmlh qfspbfr qfysixr raknygd rdcxqjw rdiatoj sbcrbxb sexsnbw tbkuock tblqoyj tcukhfb uahieka ubwrija vamvkaa vbqwven vbvvfmy wataams wdsfxpb xcosqaa xcvohka xdlqulc yefapcw yluwopn anmboiy axadrlp axrdire aaufgca algkrfi aepnaaa agtwxas annmdmd 
acmioem aepbfhp bauvndc bdfojtv caajxca caqclra ccjkepg dbnbihq dehjrmc eirjxao eiwwvdl ejahgay faryscc fbwymwk galgbeu gbbxosv hbqpprp hddbajf iaraxkd iedypxq jabnloy jboxuqp keqtsvy kfajmog kffseks laaglga lftbaau mbwxkow mdamqpr mdaxewo ncrqvqs ndnjyet oaecssl obdpiuk pclvrnk pdvdfac qdgsmlh qfspbfr qfysixr raknygd rdcxqjw rdiatoj sbcrbxb sexsnbw tbkuock tblqoyj tcukhfb uahieka ubwrija vamvkaa vbqwven vbvvfmy wataams wdsfxpb xcosqaa xcvohka xdlqulc yefapcw yluwopn anmboiy axadrlp axrdire aaufgca algkrfi aepnaaa agtwxas annmdmd 
dzejdla dzpfrow 
acmioem aepbfhp bauvndc bdfojtv caajxca caqclra ccjkepg dbnbihq dehjrmc eirjxao eiwwvdl ejahgay faryscc fbwymwk galgbeu gbbxosv hbqpprp hddbajf iaraxkd iedypxq jabnloy jboxuqp keqtsvy kfajmog kffseks laaglga lftbaau mbwxkow mdamqpr mdaxewo ncrqvqs ndnjyet oaecssl obdpiuk pclvrnk pdvdfac qdgsmlh qfspbfr qfysixr raknygd rdcxqjw rdiatoj sbcrbxb sexsnbw tbkuock tblqoyj tcukhfb uahieka ubwrija vamvkaa vbqwven vbvvfmy wataams wdsfxpb xcosqaa xcvohka xdlqulc yefapcw yluwopn anmboiy axadrlp axrdire aaufgca algkrfi aepnaaa agtwxas annmdmd 
25yfeqa 2jhculq 2jvapht 2knsmsg 2lyfeqa aloljga alpcnaa b5yccwp bjyccwp bkyccwp blyccwp 
39yfeqa 3wyfeqa 3xyfeqa 3yyfeqa 3zyfeqa d9ejdla d9pfrow dwejdla dwpfrow dxejdla dxpfrow dyejdla dypfrow dzejdla dzpfrow e9hlejk ewhlejk exhlejk eyhlejk ezhlejk f9wymwk fwwymwk fxwymwk fywymwk fzwymwk f9wymwk fwwymwk fxwymwk fywymwk fzwymwk 
acmioem aepbfhp bauvndc bdfojtv caajxca caqclra ccjkepg dbnbihq dehjrmc eirjxao eiwwvdl ejahgay faryscc fbwymwk galgbeu gbbxosv hbqpprp hddbajf iaraxkd iedypxq jabnloy jboxuqp keqtsvy kfajmog kffseks laaglga lftbaau mbwxkow mdamqpr mdaxewo ncrqvqs ndnjyet oaecssl obdpiuk pclvrnk pdvdfac qdgsmlh qfspbfr qfysixr raknygd rdcxqjw rdiatoj sbcrbxb scdghjn tbkuock tblqoyj tcukhfb uahieka ubwrija vamvkaa vbqwven vbvvfmy wataams wdsfxpb xcosqaa xcvohka xdlqulc yefapcw yluwopn anmboiy axadrlp axrdire aaufgca algkrfi aepnaaa agtwxas annmdmd 
nspehct 
xuyfeqa 
acmioem aepbfhp bauvndc bdfojtv caajxca caqclra ccjkepg dbnbihq dehjrmc eirjxao eiwwvdl ejahgay faryscc fbwymwk galgbeu gbbxosv hbqpprp hddbajf iaraxkd iedypxq jabnloy jboxuqp keqtsvy kfajmog kffseks laaglga lftbaau mbwxkow mcovtdw ncrqvqs ndnjyet oaecssl obdpiuk pclvrnk pdvdfac qdgsmlh qfspbfr qfysixr raknygd rdcxqjw rdiatoj sbcrbxb scdghjn tbkuock tblqoyj tcukhfb uahieka ubwrija vamvkaa vbqwven vbvvfmy wataams wdsfxpb xcosqaa xcvohka xdlqulc yefapcw yluwopn anmboiy axadrlp axrdire aaufgca algkrfi aepnaaa agtwxas annmdmd 
acmioem aepbfhp bauvndc bdfojtv caajxca caqclra ccjkepg dbnbihq dehjrmc eirjxao eiwwvdl ejahgay faryscc fbwymwk galgbeu gbbxosv hbqpprp hddbajf iaraxkd iedypxq jabnloy jboxuqp keqtsvy kfajmog kffseks laaglga lftbaau mbwxkow mcovtdw ncrqvqs ndnjyet oaecssl obdpiuk pclvrnk pdvdfac qdgsmlh qfspbfr qfysixr raknygd rdcxqjw rdiatoj sbcrbxb scdghjn tbkuock tblqoyj tcukhfb uahieka ubwrija vamvkaa vbqwven vbvvfmy wataams wdsfxpb xcosqaa xcvohka xdlqulc yefapcw yluwopn anmboiy axadrlp axrdire aaufgca algkrfi aepnaaa agtwxas annmdmd 
acmioem aepbfhp bauvndc bdfojtv caajxca caqclra ccjkepg dbnbihq dehjrmc eirjxao eiwwvdl ejahgay faryscc fbwymwk galgbeu gbbxosv hbqpprp hddbajf iaraxkd iedypxq jabnloy jboxuqp keqtsvy kfajmog kffseks laaglga lbojtsk mbwxkow mcovtdw ncrqvqs ndnjyet oaecssl obdpiuk pclvrnk pdvdfac qdgsmlh qfspbfr qfysixr raknygd rdcxqjw rdiatoj sbcrbxb scdghjn tbkuock tblqoyj tcukhfb uahieka ubwrija vamvkaa vbqwven vbvvfmy wataams wdsfxpb xcosqaa xcvohka xdlqulc yefapcw yluwopn anmboiy axadrlp axrdire aaufgca algkrfi aepnaaa agtwxas annmdmd 
acmioem aepbfhp bauvndc bdfojtv caajxca caqclra ccjkepg dbnbihq dehjrmc eirjxao eiwwvdl ejahgay faryscc fbwymwk galgbeu gbbxosv hbqpprp hddbajf iaraxkd iedypxq jabnloy jboxuqp keqtsvy kfajmog kffseks laaglga lbojtsk mbwxkow mcovtdw ncrqvqs ndnjyet oaecssl obdpiuk pclvrnk pdvdfac qdgsmlh qfspbfr qfysixr raknygd rdcxqjw rdiatoj sbcrbxb scdghjn tbkuock tblqoyj tcukhfb uahieka ubwrija vamvkaa vbqwven vbvvfmy wataams wdsfxpb xcosqaa xcvohka xdlqulc yefapcw yluwopn anmboiy axadrlp axrdire aaufgca algkrfi aepnaaa agtwxas annmdmd 
FALSE 
jhqhgfd 
acmioem aepbfhp bauvndc bdfojtv caajxca caqclra ccjkepg dbnbihq dehjrmc eirjxao eiwwvdl ejahgay faryscc fbwymwk galgbeu gbbxosv hbqpprp hddbajf iaraxkd iedypxq jabnloy jboxuqp keqtsvy kfajmog kffseks laaglga lbojtsk mbwxkow mcovtdw ncrqvqs ndnjyet oaecssl obdpiuk pclvrnk pdvdfac qdgsmlh qfspbfr qfysixr raknygd rdcxqjw rdiatoj sbcrbxb scdghjn tbkuock tblqoyj tcukhfb uahieka ubwrija vamvkaa vbqwven vbvvfmy wataams wdsfxpb xcosqaa xcvohka xdlqulc yefapcw yluwopn anmboiy axadrlp axrdire aaufgca algkrfi aepnaaa agtwxas annmdmd 
acmioem aepbfhp bauvndc bdfojtv caajxca caqclra ccjkepg dbnbihq dehjrmc eirjxao eiwwvdl ejahgay faryscc fbwymwk galgbeu gbbxosv hbqpprp hddbajf iaraxkd iedypxq jabnloy jboxuqp keqtsvy kfajmog kffseks laaglga lbojtsk mbwxkow mcovtdw ncrqvqs ndnjyet oaecssl obdpiuk pclvrnk pdvdfac qdgsmlh qfspbfr qfysixr raknygd rdcxqjw rdiatoj sbcrbxb scdghjn tbkuock tblqoyj tcukhfb uahieka ubwrija valahbn vamvkaa vbqwven vbvvfmy wataams wdsfxpb xcosqaa xcvohka xdlqulc yefapcw yluwopn anmboiy axadrlp axrdire aaufgca algkrfi aepnaaa agtwxas annmdmd 
96yfeqa 9myfeqa 9nyfeqa 9oyfeqa w6yfeqa wmyfeqa wnyfeqa woyfeqa x6yfeqa xmyfeqa xnyfeqa xoyfeqa y6yfeqa ymyfeqa ynyfeqa yoyfeqa z6yfeqa zmyfeqa znyfeqa zoyfeqa z6yfeqa zmyfeqa znyfeqa zoyfeqa 
78yfeqa 7tyfeqa 7uyfeqa 7vyfeqa ptqhjrm puivdxw q8lmcrs qtlmcrs qulmcrs qvlmcrs r8qbbcs rtqbbcs ruqbbcs rvqbbcs s8dghjn stdghjn sudghjn svdghjn s8dghjn stdghjn sudghjn svdghjn 
FALSE 
FALSE 
21yfeqa b1yccwp 
29yfeqa 2wyfeqa 2xyfeqa 2yyfeqa 2zyfeqa awavbyo awierpi axqwcud b9yccwp bwyccwp bxyccwp byyccwp bzyccwp cwxufpa cxndswf cyfmspn cyiaojk cwxufpa cxndswf cyfmspn cyiaojk 
16yfeqa 1myfeqa 1nyfeqa 1oyfeqa 16yfeqa 1myfeqa 1nyfeqa 1oyfeqa 
FALSE 
FALSE 
FALSE 
39yfeqa 3wyfeqa 3xyfeqa 3yyfeqa 3zyfeqa d9ejdla d9pfrow dwejdla dwpfrow dxejdla dxpfrow dyejdla dypfrow dzejdla dzpfrow e9hlejk ewhlejk exhlejk eyhlejk ezhlejk f9wymwk fwwymwk fxwymwk fywymwk fzwymwk f9wymwk fwwymwk fxwymwk fywymwk fzwymwk 
FALSE 
xcdxvyg 
vdyfeqa 
acmioem aepbfhp bauvndc bdfojtv caajxca caqclra ccjkepg dbnbihq dehjrmc eirjxao eiwwvdl ejahgay faryscc fbwymwk galgbeu gbbxosv hanyfuc hbqpprp iaraxkd iedypxq jabnloy jboxuqp kacvpme keqtsvy laaglga lbojtsk mbwxkow mcovtdw ncrqvqs ndnjyet oaecssl obdpiuk pclvrnk pdvdfac qdgsmlh qfspbfr qfysixr raknygd rdcxqjw rdiatoj sbcrbxb scdghjn tbkuock tblqoyj tcukhfb uahieka ubwrija valahbn vamvkaa vbqwven vbvvfmy wataams wdsfxpb xathsln xcosqaa xcvohka yefapcw ykwdsoy anmboiy axadrlp axrdire aaufgca algkrfi aepnaaa agtwxas annmdmd ajmctrx ayeiqrc axfvmah 
75yfeqa 7jhculq 7jvapht 7knsmsg 7lyfeqa pjiynaa pkgnupk q5lmcrs qjlmcrs qklmcrs qllmcrs r5qbbcs rjxopmo rkqbbcs rlqbbcs s5dghjn sjdghjn skdghjn sldghjn s5dghjn sjdghjn skdghjn sldghjn 
exhlejk 
03yfeqa 0dyfeqa 0eyfeqa 0fyfeqa 03yfeqa 0dyfeqa 0eyfeqa 0fyfeqa 
81yfeqa t1cujax t1kdpca v1yfeqa v1yfeqa 
TRUE 
FALSE 
acmioem aepbfhp bauvndc bdfojtv caajxca caqclra ccjkepg dbnbihq dehjrmc eirjxao eiwwvdl ejahgay faryscc fbwymwk galgbeu gbbxosv hanyfuc hbqpprp iaraxkd idkhcxl jabnloy jboxuqp kacvpme kdipgiv laaglga lbojtsk mbwxkow mcovtdw nbiwlwq ncrqvqs oaecssl obdpiuk pclvrnk pdvdfac qbbaoxr qdgsmlh raknygd rbkxyyt rbaaxva sbcrbxb scdghjn tbkuock tblqoyj tcukhfb uahieka ubwrija valahbn vamvkaa vbqwven vbvvfmy wataams wcviqjp xathsln xcosqaa xcvohka ydveivf yefapcw anmboiy axadrlp axrdire aaufgca algkrfi aepnaaa agtwxas annmdmd ajmctrx ayeiqrc axfvmah anmbrbl aronytt ancidro aebvjxj 
nnpehct 
acmioem aepbfhp bauvndc bdfojtv caajxca caqclra ccjkepg dbnbihq dehjrmc egqlvcj eirjxao eiwwvdl faryscc fbwymwk galgbeu gbbxosv hanyfuc hbqpprp iaraxkd idkhcxl jabnloy jatfbnm jboxuqp kacvpme kdipgiv laaglga lbojtsk mbwxkow mcovtdw nbiwlwq ncrqvqs oaecssl obdpiuk pclvrnk pdvdfac qbbaoxr qdgsmlh raknygd rbkxyyt rbaaxva sbcrbxb scdghjn tbkuock tblqoyj tcahekl tcukhfb uahieka ubwrija valahbn vamvkaa vbeqgmf vbqwven wataams wcviqjp xathsln xcosqaa xcvohka ydveivf yefapcw anmboiy axadrlp axrdire aaufgca algkrfi aepnaaa agtwxas annmdmd ajmctrx ayeiqrc axfvmah anmbrbl aronytt ancidro aebvjxj 
55yfeqa 5jhculq 5jvapht 5knsmsg 5lyfeqa j5qhgfd jjwhrtu jkjiqsh jlqhgfd k5qtsvy kjqtsvy kkqtsvy klqtsvy lkptftc lkptftc 
69yfeqa 6wyfeqa 6xyfeqa 6yyfeqa 6zyfeqa m9qpjtc mwqpjtc mxqpjtc myqpjtc mzqpjtc n9pehct nwpehct nxpehct nypehct nzpehct oxarala oxmhevk oysmevo oxarala oxmhevk oysmevo 
ilrrcdp ilvjxiv 
acmioem aepbfhp bauvndc bdfojtv caajxca caqclra ccjkepg dbnbihq dehjrmc egqlvcj eirjxao eiwwvdl faryscc fbwymwk galgbeu gbbxosv hanyfuc hbqpprp iaraxkd idkhcxl jabnloy jatfbnm jboxuqp kacvpme kdipgiv laaglga lbojtsk mbwxkow mcovtdw nbiwlwq ncrqvqs oaecssl obdpiuk pclvrnk pdvdfac qbbaoxr qdgsmlh raknygd rbkxyyt rbaaxva sbcrbxb scdghjn tbkuock tblqoyj tcahekl tcukhfb uahieka ubwrija valahbn vamvkaa vbeqgmf vbqwven wataams wcviqjp xathsln xcosqaa xcvohka ydveivf yefapcw anmboiy axadrlp axrdire aaufgca algkrfi aepnaaa agtwxas annmdmd ajmctrx ayeiqrc axfvmah anmbrbl aronytt ancidro aebvjxj 
107.015444 
107.015444 
97yfeqa 9pyfeqa 9qyfeqa 9ryfeqa 9syfeqa w7yfeqa wpyfeqa wqyfeqa wryfeqa wsyfeqa x7yfeqa xpyfeqa xqyfeqa xryfeqa xsyfeqa y7yfeqa ypyfeqa yqyfeqa yryfeqa ysyfeqa z7yfeqa zpyfeqa zqyfeqa zryfeqa zsyfeqa z7yfeqa zpyfeqa zqyfeqa zryfeqa zsyfeqa 
zfyfeqa 
