

ekwphng qanxvun umcxiik 

109.666667 
ekwphng okasnnq qanxvun rxrgtgi umcxiik 


FALSE 
aefyunl diqpaih ekwphng eaiwqay mjolsui okasnnq qanxvun rxrgtgi sffrgvs umcxiik 

aefyunl atpdkcg atwnagc cnwamvp diqpaih ekwphng eaiwqay faweuri gvksdab jcgwvwm jqjlnla mjolsui okasnnq qanxvun rxrgtgi sffrgvs umcxiik 

FALSE 
sffrgvs sffrgvs 
aefyunl atpdkcg atwnagc cnwamvp diqpaih dqpnoxk ekwphng eaiwqay faweuri gvksdab igiynga jcgwvwm jqjlnla mjolsui okasnnq psyagyw qanxvun rxrgtgi sffrgvs sijfbke umcxiik wfjdlbf 
108.451429 

aefyunl akjhwyf bpgevxg cnwamvp diqpaih dqpnoxk ekwphng eaiwqay faweuri gvksdab igiynga jcgwvwm jqjlnla lfcinnk lrwwltg mjolsui nwqutix okasnnq oqbqwxa psyagyw qanxvun rxrgtgi sffrgvs sijfbke umcxiik wfjdlbf ailudpl 
aefyunl akjhwyf bpgevxg cnwamvp diqpaih dqpnoxk ekwphng eaiwqay faweuri gsseyra gvksdab igiynga jcgwvwm jqjlnla lfcinnk lrwwltg mjolsui natvbfa nwqutix okasnnq oqbqwxa psyagyw qanxvun qgklldw rxrgtgi sffrgvs sijfbke umcxiik wfjdlbf ailudpl yxqyltj auutbxi 

FALSE 

qgklldw 


FALSE 
FALSE 
7mcxiik q6klldw qmklldw qnklldw qoklldw 
aefyunl akjhwyf bktpffi bpgevxg clurdvg cnwamvp dhwafkm diqpaih eiarwtc ekwphng faweuri gsseyra gvksdab hbfmyla igiynga jcgwvwm jqjlnla lfcinnk lrwwltg mjolsui mpgorfb natvbfa nifyjkc okasnnq oqbqwxa pqgitrm psyagyw qanxvun qgklldw rxrgtgi sffrgvs sgrdxaa thtbahe tiwkbmv umcxiik wfjdlbf wxixbpq ailudpl xcoeyfs xxxpady yxqyltj auutbxi ascpgih aluecex 
mjolsui o5bqwxa ojbqwxa okasnnq olbqwxa o5bqwxa ojbqwxa okasnnq olbqwxa 
FALSE 
aefyunl akjhwyf bktpffi bpgevxg clurdvg cnwamvp dhwafkm diqpaih eiarwtc ekwphng faweuri ffcdqpq gsseyra gvksdab hbfmyla igiynga jcgwvwm jqjlnla lfcinnk lrwwltg mjolsui mpgorfb natvbfa nifyjkc okasnnq oqbqwxa pqgitrm psyagyw qanxvun qgklldw rxrgtgi sffrgvs sgrdxaa thtbahe tiwkbmv umcxiik wfjdlbf wxixbpq ailudpl xcoeyfs xxxpady yxqyltj auutbxi ascpgih aluecex 
FALSE 
FALSE 
aefyunl akjhwyf bktpffi bpgevxg bpiccac cjvqwtv clurdvg dhwafkm diqpaih eiarwtc ekwphng faweuri ffcdqpq gsseyra gvksdab hbfmyla hlthsna igiynga jcgwvwm jqjlnla lfcinnk lrwwltg mjolsui mpgorfb natvbfa nifyjkc okasnnq oqbqwxa pqgitrm psyagyw qanxvun qgklldw rxrgtgi sffrgvs sgrdxaa tehamsr thtbahe umcxiik wfjdlbf wxixbpq ailudpl xcoeyfs xxxpady yxqyltj auutbxi ascpgih aluecex 
FALSE 
aefyunl akjhwyf bktpffi bpgevxg bpiccac cjvqwtv clurdvg dhwafkm diqpaih eiarwtc ekwphng faweuri ffcdqpq gsseyra gvksdab hbfmyla hlthsna igiynga jcgwvwm jqjlnla lfcinnk lrwwltg mjolsui mpgorfb natvbfa nifyjkc okasnnq oqbqwxa pqgitrm psyagyw qanxvun qgklldw rxrgtgi sffrgvs sgrdxaa tehamsr thtbahe umcxiik wfjdlbf wxixbpq ailudpl xcoeyfs xryuldg yxqyltj auutbxi ascpgih aluecex 
qhklldw 
lypmsfe lypmsfe 
FALSE 
q2klldw qanxvun qbklldw qcklldw 
e1wphng 

3mcxiik e6wphng emwphng enwphng eowphng 
aefyunl aieqjgy bktpffi bpgevxg bpiccac cbvibwb cjvqwtv dcmpujl dhwafkm eiarwtc ekwphng faweuri ffcdqpq gcqaavi gsseyra hbfmyla hfpkegf igiynga jcgwvwm jqjlnla kbtkaqp kdchdrk lfcinnk loosfmo mjolsui mmlukhi natvbfa nifyjkc odkwhmr ogljusj pqgitrm psyagyw qanxvun qgklldw rxrgtgi sffrgvs sgrdxaa tdrfyqi tehamsr ulqfbxi umcxiik wfjdlbf wxixbpq ailudpl xcoeyfs xryuldg yxqyltj auutbxi ascpgih aluecex 
FALSE 

aefyunl aieqjgy bcwoupu bktpffi cbvibwb cjvqwtv dcmpujl dhwafkm eiarwtc ekwphng faweuri ffbyukn ffcdqpq gcqaavi gfcgwbq hbajrvp hbfmyla hfpkegf igiynga iamlhme jcgwvwm jqjlnla kbtkaqp kdchdrk lfcinnk loosfmo mjolsui mmlukhi natvbfa nifyjkc odkwhmr ogljusj pjpavrs pqgitrm qanxvun qgklldw rcqasoq rneimlo sffrgvs sgrdxaa tdrfyqi tehamsr udpfspb ulqfbxi wfjdlbf wqvyyjf ailudpl xcoeyfs xhmtdgo yelhweg yidyntd auutbxi ascpgih aluecex 

h0vyqft 
aefyunl aieqjgy bcwoupu begpfoe cbvibwb cjvqwtv dcmpujl dhwafkm egrimmv eiarwtc faweuri ffbyukn ffcdqpq gcqaavi gfcgwbq hbajrvp hbfmyla hfjluls hfpkegf igiynga iamlhme jcgwvwm jqjlnla kbtkaqp kdchdrk lfcinnk loosfmo mjolsui mmlukhi natvbfa naygrbl nifyjkc obyaxqj odkwhmr pjpavrs pqgitrm qanxvun qgklldw rcqasoq rneimlo sffrgvs sgrdxaa tdrfyqi tehamsr udpfspb ulqfbxi wfjdlbf wqvyyjf ailudpl xcoeyfs xhmtdgo ydyfiaf yelhweg auutbxi ascpgih aluecex 

107.780612 
0lqfbxi 0lqfbxi 
atpdkcg atwnagc ctaxldd ctaxldd 
aagaoop aefyunl bcwoupu begpfoe cbvibwb cjvqwtv dcmpujl dhwafkm egrimmv eiarwtc faweuri fbqilpd gcqaavi gfcgwbq hbajrvp hbfmyla hfjluls hfpkegf igiynga iamlhme jcgwvwm jqjlnla kbtkaqp kdchdrk lfcinnk loosfmo mjolsui mmlukhi natvbfa naygrbl nifyjkc obyaxqj odkwhmr pgvpjaa pjpavrs qanxvun qgklldw rcqasoq rneimlo sffrgvs sgrdxaa tdrfyqi tehamsr udpfspb ulqfbxi vkpgaai vvdhtxb wfjdlbf wqvyyjf ailudpl xcoeyfs xhmtdgo ydyfiaf yelhweg auutbxi ascpgih aluecex 
FALSE 
aagaoop aefyunl bcwoupu begpfoe cbvibwb cjvqwtv dcmpujl dhwafkm egrimmv eiarwtc faweuri fbqilpd gcqaavi gfcgwbq hbajrvp hbfmyla hfjluls hfpkegf igiynga iamlhme jcgwvwm jqjlnla kbtkaqp kdchdrk lfcinnk llasltd mjolsui mmlukhi natvbfa naygrbl nifyjkc obyaxqj odkwhmr pgvpjaa pjpavrs qanxvun qgklldw rcqasoq rneimlo sffrgvs sgrdxaa tdrfyqi tehamsr udpfspb ulqfbxi vkpgaai vvdhtxb wfjdlbf wqvyyjf ailudpl xcoeyfs xhmtdgo ydyfiaf yelhweg auutbxi ascpgih aluecex 
FALSE 
aagaoop aefyunl bcwoupu begpfoe cbvibwb cjvqwtv dcmpujl dhwafkm efrcwdw egrimmv faweuri fbqilpd gcqaavi gfcgwbq hbajrvp hbfmyla hfjluls hfpkegf igiynga iamlhme jcgwvwm jqjlnla kbtkaqp kdchdrk lfcinnk lgfcabi mjolsui mmlukhi natvbfa naygrbl nifyjkc obyaxqj odkwhmr pgvpjaa pjpavrs qanxvun qgklldw rcqasoq rneimlo sffrgvs sgrdxaa tdrfyqi tehamsr udpfspb ulqfbxi vkpgaai vvdhtxb wfjdlbf wqvyyjf ailudpl xcoeyfs xhmtdgo ydyfiaf yelhweg auutbxi ascpgih aluecex 
FALSE 

aagaoop aefyunl bcwoupu begpfoe cbvibwb cjvqwtv dcmpujl dhwafkm efrcwdw egrimmv faweuri fbqilpd gcqaavi gfcgwbq hbajrvp hbfmyla hfjluls hfpkegf igiynga iamlhme jcgwvwm jqjlnla kbtkaqp kdchdrk lfcinnk lgfcabi mjolsui mmlukhi natvbfa naygrbl nifyjkc obyaxqj odkwhmr pgvpjaa pjpavrs qanxvun qgklldw rcqasoq rneimlo sffrgvs sgrdxaa tdrfyqi tehamsr udpfspb ulqfbxi vkpgaai vvdhtxb wfjdlbf wqvyyjf ailudpl xcoeyfs xhmtdgo ydyfiaf yelhweg auutbxi ascpgih aluecex 

7mcxiik q6klldw qmklldw qnklldw qoklldw rneimlo 
aagaoop aefyunl bcwoupu begpfoe cbvibwb cjvqwtv dcmpujl dhwafkm efrcwdw egrimmv faweuri fbqilpd gcqaavi gfcgwbq hbajrvp hbfmyla hfjluls hfpkegf igiynga iamlhme jcgwvwm jqjlnla kbtkaqp kdchdrk lfcinnk lgfcabi mjolsui mlikhcv natvbfa naygrbl nifyjkc obyaxqj odkwhmr pgvpjaa pjpavrs qanxvun qgklldw rcqasoq rneimlo sbgseqo sffrgvs tdrfyqi tehamsr udpfspb ulqfbxi vkpgaai vvdhtxb wfjdlbf wqvyyjf ailudpl xcoeyfs xhmtdgo ydyfiaf yelhweg auutbxi ascpgih aluecex 
4mcxiik h6vyqft hmvyqft hnvyqft hovyqft 
7lqfbxi pjpavrs pkwswuj q5klldw qjklldw qkklldw qlklldw 

107.765133 

107.588378 
aagaoop aefyunl bcwoupu begpfoe cbvibwb cjvqwtv dcmpujl dhwafkm efaxpsu efrcwdw egrimmv faweuri fbqilpd gbkjapp gcqaavi hbajrvp hbfmyla hfjluls hfpkegf igiynga iamlhme jcgwvwm jllvxmh kbtkaqp kdchdrk lfcinnk lgfcabi mblrjrv mjolsui mjvmppw natvbfa naygrbl nifyjkc obyaxqj odkwhmr pgvpjaa pjpavrs qanxvun qdcaahd rcqasoq rneimlo sbgseqo sffrgvs tdrfyqi tehamsr udpfspb ulqfbxi vgofvpv vkpgaai wfjdlbf wgwouaj ailudpl xcoeyfs xhmtdgo ydyfiaf yelhweg auutbxi ascpgih aluecex 


FALSE 


107.273608 
aagaoop aefyunl bcwoupu begpfoe cbvibwb cjvqwtv dcmpujl dhwafkm eadxrem efaxpsu efrcwdw faweuri fbqilpd gbkjapp gbvrlad gcqaavi hbajrvp hbfmyla hfjluls hfpkegf igiynga iamlhme jcgwvwm jjkysit kbtkaqp kdchdrk lfcinnk lgfcabi maabbap mblrjrv natvbfa naygrbl nifyjkc obyaxqj odkwhmr pgvpjaa pjpavrs qanxvun qdcaahd rcqasoq rneimlo sbgseqo sffrgvs tdrfyqi tehamsr udpfspb ulqfbxi vgofvpv vkpgaai wfjdlbf wgwouaj ailudpl xcoeyfs xhmtdgo ydyfiaf yelhweg auutbxi ascpgih aluecex 

e0axpsu e0rcwdw 

FALSE 
4lqfbxi g5qaavi gjqaavi gkqaavi glqaavi h5vyqft hjvyqft hkvyqft hlthsna 
107.033333 
aagaoop aefyunl bcwoupu begpfoe cbvibwb cculkpv dcmpujl dhwafkm eadxrem efaxpsu efrcwdw faweuri fbqilpd gbkjapp gbvrlad gcqaavi hbajrvp hbfmyla hfjluls hfpkegf igixwhg igiynga iamlhme jcgwvwm jifaauc kbtkaqp kdchdrk lfcinnk lgfcabi maabbap mblrjrv natvbfa naygrbl nfoqrbw obyaxqj ocaetly pgvpjaa pjpavrs qanxvun qdcaahd rcqasoq rdcphji sbgseqo sffrgvs tdrfyqi tehamsr udpfspb ulqfbxi vgofvpv vkpgaai wfjdlbf wgwouaj ailudpl xbatgkk xcoeyfs ydyfiaf yelhweg auutbxi ascpgih aluecex 

k1nbgje 
aagaoop aefyunl bcwoupu begpfoe cbvibwb cculkpv dcmpujl dhwafkm eadxrem edagpoa faweuri fbqilpd gbkjapp gbvrlad gcqaavi hbajrvp hbfmyla hfjluls hfpkegf igixwhg igiynga iamlhme jcgwvwm jifaauc kbtkaqp kdchdrk laaekfe lfcinnk maabbap mblrjrv natvbfa naygrbl nfoqrbw obyaxqj ocaetly pgvpjaa pjpavrs qanxvun qdcaahd rcqasoq rdcphji sbgseqo sffrgvs tdrfyqi tehamsr udpfspb ulqfbxi vgofvpv vkpgaai wfjdlbf wgwouaj ailudpl xbatgkk xcoeyfs ydyfiaf yelhweg auutbxi ascpgih aluecex 
c0ulkpv c0ulkpv 
5rdyeui jqjlnla jrfkckk k7nbgje kpnbgje kqnbgje krnbgje ksnbgje lrexcka lrwwltg lrexcka lrwwltg 
aagaoop aefyunl bcwoupu begpfoe cbvibwb cculkpv dcmpujl dhwafkm eadxrem edagpoa faweuri fbqilpd gbkjapp gbvrlad gcqaavi hbajrvp hbfmyla hfjluls hfpkegf igixwhg igiynga iamlhme jcgwvwm jifaauc kbtkaqp kdchdrk laaekfe lfcinnk maabbap mblrjrv natvbfa naygrbl nfoqrbw obyaxqj ocaetly pgvpjaa pjpavrs qanxvun qdcaahd rcqasoq rdcphji sbgseqo sffrgvs tdrfyqi tehamsr udpfspb ulqfbxi vgofvpv vkpgaai wfjdlbf wgwouaj ailudpl xaltnms xbatgkk ydyfiaf yelhweg auutbxi ascpgih aluecex 
dwflqna dwrhduh e9axpsu e9rcwdw ewaxpsu ewrcwdw exaxpsu exrcwdw eyaxpsu eyrcwdw ezaxpsu ezrcwdw f9exkva fwexkva fxexkva fyexkva fzexkva f9exkva fwexkva fxexkva fyexkva fzexkva 
106.934625 
aagaoop aefyunl bcwoupu begpfoe cbvibwb cculkpv dcmpujl dhwafkm eadxrem edagpoa faweuri fbqilpd gbkjapp gbvrlad gcqaavi hbajrvp hbfmyla hfjluls hfpkegf igixwhg igiynga iamlhme jcgwvwm jifaauc kbtkaqp kdchdrk laaekfe lfcinnk maabbap mblrjrv natvbfa naygrbl nfoqrbw obyaxqj ocaetly pgvpjaa pjpavrs qanxvun qdcaahd rcqasoq rdcphji sbgseqo sffrgvs tdrfyqi tehamsr udpfspb ulqfbxi vgofvpv vkpgaai wfjdlbf wgwouaj ailudpl xaltnms xbatgkk ydyfiaf yelhweg auutbxi ascpgih aluecex 
aagaoop aefyunl bcwoupu begpfoe cbvibwb cculkpv dcmpujl dhwafkm eadxrem edagpoa faweuri fbqilpd gbkjapp gbvrlad gcqaavi hbajrvp hbfmyla hfjluls hfpkegf igixwhg igiynga iamlhme jcgwvwm jifaauc kbtkaqp kdchdrk laaekfe lfcinnk maabbap mblrjrv natvbfa naygrbl nfoqrbw obyaxqj ocaetly pgvpjaa pjpavrs qanxvun qdcaahd rcqasoq rdcphji sbgseqo sffrgvs tdrfyqi tehamsr udpfspb ulqfbxi vgofvpv vkpgaai wfjdlbf wgwouaj ailudpl xaltnms xbatgkk ydyfiaf yelhweg auutbxi ascpgih aluecex 
aagaoop aefyunl bcwoupu begpfoe cbvibwb cculkpv dcmpujl dhwafkm eadxrem edagpoa faweuri fbqilpd gbkjapp gbvrlad gcqaavi hbajrvp hbfmyla hfjluls hfpkegf igixwhg igiynga iamlhme jcgwvwm jifaauc kbtkaqp kdchdrk laaekfe lfcinnk maabbap mblrjrv natvbfa naygrbl nfoqrbw obyaxqj ocaetly pgvpjaa pjpavrs qanxvun qdcaahd rcqasoq rdcphji sbgseqo sffrgvs tdrfyqi tehamsr udpfspb ulqfbxi vgofvpv vkpgaai wfjdlbf wgwouaj ailudpl xaltnms xbatgkk ydyfiaf yelhweg auutbxi ascpgih aluecex 
aagaoop aefyunl bcwoupu begpfoe cbvibwb cculkpv dcmpujl dhwafkm eadxrem edagpoa faweuri fbqilpd gbkjapp gbvrlad gcqaavi hbajrvp hbfmyla hfjluls hfpkegf igixwhg igiynga iamlhme jcgwvwm jifaauc kbtkaqp kdchdrk laaekfe lfcinnk maabbap mblrjrv natvbfa naygrbl nfoqrbw obyaxqj ocaetly pgvpjaa pjpavrs qanxvun qdcaahd rcqasoq rdcphji sbgseqo sffrgvs tdrfyqi tehamsr udpfspb ulqfbxi vgofvpv vkpgaai wfjdlbf wgwouaj ailudpl xaltnms xbatgkk ydyfiaf yelhweg auutbxi ascpgih aluecex 
jcgwvwm k2nbgje kanbgje kbtkaqp kcnbgje laaekfe laaekfe 
FALSE 
aagaoop aefyunl bcwoupu begpfoe cbvibwb cculkpv dcmpujl dhwafkm eadxrem edagpoa faweuri fbqilpd gbkjapp gbvrlad gcqaavi hbajrvp hbfmyla hfjluls hfpkegf igixwhg igiynga iamlhme jcgwvwm jifaauc kbtkaqp kdchdrk laaekfe lfcinnk maabbap mblrjrv natvbfa naygrbl nfoqrbw obyaxqj ocaetly pgedarb pgvpjaa pjpavrs qanxvun qdcaahd rccvitc rcqasoq rdcphji rdnkgjx sbgseqo sffrgvs tdrfyqi tehamsr udpfspb ulqfbxi vgofvpv vkpgaai wfjdlbf wgwouaj ailudpl xaltnms xbatgkk ydyfiaf yelhweg auutbxi ascpgih aluecex 

aagaoop aefyunl bcwoupu begpfoe cbvibwb cculkpv dcmpujl dhwafkm eadxrem edagpoa faweuri fbqilpd gbkjapp gbvrlad gcqaavi hbajrvp hbfmyla hfjluls hfpkegf igixwhg igiynga iamlhme jcgwvwm jifaauc kbtkaqp kdchdrk laaekfe lfcinnk maabbap mblrjrv natvbfa naygrbl nfoqrbw obyaxqj ocaetly pgedarb pgvpjaa pjpavrs qanxvun qdcaahd rccvitc rcqasoq rdcphji rdnkgjx sbgseqo sffrgvs tdrfyqi tehamsr udpfspb ulqfbxi vgofvpv vkpgaai wfjdlbf wgwouaj ailudpl xaltnms xbatgkk ydyfiaf yelhweg auutbxi ascpgih aluecex 
o1pkteq o1pkteq 

FALSE 
aagaoop aefyunl bcwoupu begpfoe cbvibwb cculkpv dcmpujl dhwafkm eadxrem edagpoa faweuri fbqilpd gbkjapp gbvrlad gcqaavi hbajrvp hbfmyla hfjluls hfpkegf igixwhg igiynga iamlhme jcgwvwm jifaauc kbtkaqp kdchdrk laaekfe lfcinnk maabbap mblrjrv natvbfa naygrbl nfoqrbw obyaxqj ocaetly pgedarb pgvpjaa pjpavrs qanxvun qdcaahd rccvitc rcqasoq rdcphji rdnkgjx sbgseqo sffrgvs tdrfyqi tehamsr udpfspb ulqfbxi vgofvpv vkpgaai wfjdlbf wgwouaj ailudpl xaltnms xbatgkk ydyfiaf yelhweg auutbxi ascpgih aluecex 

wmcxiik 
7lqfbxi pjpavrs pkwswuj q5klldw q5sqofp qjklldw qjsqofp qkklldw qksqofp qlklldw qlsqofp rjgmjpg 
aagaoop aefyunl bcwoupu begpfoe cbvibwb cculkpv dcmpujl dhwafkm eadxrem edagpoa faweuri fbqilpd gbkjapp gbvrlad gcqaavi hbajrvp hbfmyla hfjluls hfpkegf igixwhg igiynga iamlhme jcgwvwm jifaauc kbtkaqp kdchdrk laaekfe lfcinnk maabbap mblrjrv natvbfa naygrbl nfoqrbw obyaxqj ocaetly pgedarb pgvpjaa pjpavrs qanxvun qdcaahd rccvitc rcqasoq rdcphji rdnkgjx sadtjue sbgseqo tdrfyqi tehamsr udpfspb ulqfbxi vgofvpv vkpgaai wfjdlbf wgwouaj ailudpl xaltnms xbatgkk ydyfiaf yelhweg auutbxi ascpgih aluecex 
106.870968 

aagaoop aefyunl bcwoupu begpfoe cbvibwb cculkpv dcmpujl dhwafkm eadxrem ebbbclr faweuri fbqilpd gbkjapp gbvrlad gcqaavi hbajrvp hbfmyla hfjluls hfpkegf igixwhg igiynga iamlhme jcgwvwm jifaauc kbtkaqp kdchdrk laaekfe lfcinnk maabbap mblrjrv natvbfa naygrbl nfoqrbw obyaxqj ocaetly pgedarb pgvpjaa pjpavrs qanxvun qdcaahd rccvitc rcqasoq rdcphji rdnkgjx sadtjue sbgseqo tdrfyqi tehamsr udpfspb ulqfbxi vgofvpv vkpgaai wfjdlbf wgwouaj ailudpl xaltnms xbatgkk ydyfiaf yelhweg auutbxi ascpgih aluecex anciwfm 
aagaoop aefyunl bcwoupu begpfoe cbvibwb cculkpv dcmpujl dhwafkm eadxrem ebbbclr faweuri fbqilpd gbkjapp gbvrlad gcqaavi hbajrvp hbfmyla hfjluls hfpkegf igixwhg igiynga iamlhme jcgwvwm jifaauc kbtkaqp kdchdrk laaekfe lfcinnk maabbap mblrjrv natvbfa naygrbl nfoqrbw obyaxqj ocaetly pgedarb pgvpjaa pjpavrs qanxvun qdcaahd rccvitc rcqasoq rdcphji rdnkgjx sadtjue sbgseqo tdrfyqi tehamsr udpfspb ulqfbxi vgofvpv vkpgaai wfjdlbf wgwouaj ailudpl xaltnms xbatgkk ydyfiaf yelhweg auutbxi ascpgih aluecex anciwfm 


jcgwvwm k2bnywv k2nbgje kabnywv kanbgje kbtkaqp kcbnywv kcnbgje laaekfe laaekfe 

aagaoop aefyunl bcwoupu begpfoe cbvibwb cculkpv dcmpujl dhwafkm eadxrem ebbbclr faweuri fbqilpd gbkjapp gbvrlad gcqaavi hbajrvp hbfmyla hfjluls hfpkegf igixwhg igiynga iamlhme jcgwvwm jifaauc kbtkaqp kdchdrk laaekfe lfcinnk maabbap mblrjrv natvbfa naygrbl nfoqrbw obyaxqj ocaetly pgedarb pgvpjaa pjpavrs qanxvun qdcaahd rccvitc rcqasoq rdcphji rdnkgjx sadtjue sbgseqo tdrfyqi tehamsr udpfspb ulqfbxi vgofvpv vkpgaai wfjdlbf wgwouaj ailudpl xaltnms xbatgkk ydyfiaf yelhweg auutbxi ascpgih aluecex anciwfm 

dhwafkm diqpaih e4axpsu e4rcwdw egaxpsu egrcwdw ehaxpsu ehrcwdw eiaxpsu eircwdw f4cpknu fgcpknu fhcpknu ficpknu f4cpknu fgcpknu fhcpknu ficpknu 
aagaoop aefyunl bcwoupu begpfoe cbvibwb cculkpv dcmpujl dhwafkm eadxrem ebbbclr faweuri fbqilpd gbkjapp gbvrlad gcqaavi hbajrvp hbfmyla hfjluls hfpkegf igixwhg igiynga iamlhme jcgwvwm jifaauc kbtkaqp kdchdrk laaekfe lfcinnk lfmakrn maabbap mblrjrv natvbfa naygrbl nfoqrbw obyaxqj ocaetly pgedarb pgvpjaa pjpavrs qanxvun qdcaahd rbgcitw rccvitc rcqasoq sadtjue sbgseqo tdrfyqi tehamsr udpfspb ulqfbxi vgofvpv vkpgaai wfjdlbf wgwouaj ailudpl xaltnms xbatgkk ydyfiaf yelhweg auutbxi ascpgih aluecex anciwfm 
nifyjkc nihatvd o4pkteq ogljusj ohpkteq oinoseb o4pkteq ogljusj ohpkteq oinoseb 
fucpknu 
ogljusj 
aagaoop aefyunl bcwoupu begpfoe cbvibwb cculkpv dcmpujl dhwafkm eadxrem ebbbclr faweuri fbqilpd gbkjapp gbvrlad gcqaavi harqcrq hbajrvp hbfmyla igixwhg igiynga iamlhme jcgwvwm jifaauc kbtkaqp kdchdrk laaekfe lfcinnk lfmakrn maabbap mblrjrv natvbfa naygrbl nfoqrbw obyaxqj ocaetly pgedarb pgvpjaa pjpavrs qanxvun qdcaahd rbgcitw rccvitc rcqasoq sadtjue sbgseqo tdrfyqi tehamsr uchhptn udpfspb vgofvpv vkpgaai wfjdlbf wgwouaj ailudpl xaltnms xbatgkk ydyfiaf yelhweg auutbxi ascpgih aluecex anciwfm 
aagaoop aefyunl bcwoupu begpfoe cbvibwb cculkpv dcmpujl dhwafkm eadxrem ebbbclr faweuri fbqilpd gbkjapp gbvrlad gcqaavi harqcrq hbajrvp hbfmyla igixwhg igiynga iamlhme jcgwvwm jifaauc kbtkaqp kdchdrk laaekfe lfcinnk lfmakrn maabbap mblrjrv natvbfa naygrbl nfoqrbw obyaxqj ocaetly pgedarb pgvpjaa pjpavrs qanxvun qdcaahd rbgcitw rccvitc rcqasoq sadtjue sbgseqo tdrfyqi tehamsr uchhptn udpfspb vgofvpv vkpgaai wfjdlbf wgwouaj ailudpl xaltnms xbatgkk ydyfiaf yelhweg auutbxi ascpgih aluecex anciwfm 
j4faoof jgfaoof jhfaoof jifaauc k4bnywv k4nbgje kgbnywv kgnbgje khbnywv khnbgje kibnywv kinbgje lgfcabi lgfcabi 
aagaoop aefyunl bcwoupu begpfoe cbvibwb cculkpv dcmpujl dhwafkm eadxrem ebbbclr faweuri fbqilpd gbkjapp gbvrlad gcqaavi harqcrq hbajrvp hbfmyla igixwhg igiynga iamlhme jcgwvwm jifaauc kbtkaqp kdchdrk laaekfe lfcinnk lfmakrn maabbap mblrjrv natvbfa naygrbl nfoqrbw obyaxqj ocaetly pgedarb pgvpjaa pjpavrs qanxvun qdcaahd rbgcitw rccvitc rcqasoq sadtjue sbgseqo tdrfyqi tehamsr uchhptn udpfspb vgofvpv vkpgaai wfjdlbf wgwouaj ailudpl xaltnms xbatgkk ydyfiaf yelhweg auutbxi ascpgih aluecex anciwfm 
aagaoop aefyunl bcwoupu begpfoe cbvibwb cculkpv dcmpujl dhwafkm eadxrem ebbbclr faweuri fbqilpd gbkjapp gbvrlad gcqaavi harqcrq hbajrvp hbfmyla igixwhg igiynga iamlhme jcgwvwm jifaauc kbtkaqp kdchdrk laaekfe lfcinnk lfmakrn maabbap mblrjrv natvbfa naygrbl nfoqrbw obyaxqj ocaetly pgedarb pgvpjaa pjpavrs qanxvun qdcaahd rbgcitw rccvitc rcqasoq sadtjue sbgseqo tdrfyqi tehamsr uchhptn udpfspb vgofvpv vkpgaai wfjdlbf wgwouaj ailudpl xaltnms xbatgkk ydyfiaf yelhweg auutbxi ascpgih aluecex anciwfm 
106.893424 

kkvoidn 

qtklldw qtsqofp 
aagaoop aefyunl bcwoupu begpfoe cbvibwb cculkpv dcmpujl dhwafkm eadxrem ebbbclr faweuri fbqilpd gbkjapp gbvrlad gcqaavi harqcrq hbajrvp hbfmyla igixwhg igiynga iamlhme jbacydq jcgwvwm kbtkaqp kdchdrk laaekfe lfcinnk lfmakrn maabbap mblrjrv mbogdxv natvbfa naygrbl nfoqrbw obyaxqj ocaetly pgedarb pgvpjaa pjpavrs qanxvun qdcaahd rbgcitw rccvitc rcqasoq sadtjue sbgseqo tdrfyqi tehamsr uchhptn udpfspb vgofvpv vkpgaai wfjdlbf wgwouaj ailudpl xaltnms xbatgkk ydyfiaf yelhweg auutbxi ascpgih aluecex anciwfm 
aagaoop aefyunl bcwoupu begpfoe cbvibwb cculkpv dcmpujl dhwafkm eadxrem ebbbclr faweuri fbqilpd gbkjapp gbvrlad gcqaavi harqcrq hbajrvp hbfmyla igixwhg igiynga iamlhme jbacydq jcgwvwm kbtkaqp kdchdrk laaekfe lfcinnk lfmakrn maabbap mblrjrv mbogdxv natvbfa naygrbl nfoqrbw obyaxqj ocaetly pgedarb pgvpjaa pjpavrs qanxvun qdcaahd rbgcitw rccvitc rcqasoq sadtjue sbgseqo tdrfyqi tehamsr uchhptn udpfspb vgofvpv vkpgaai wfjdlbf wgwouaj ailudpl xaltnms xbatgkk ydyfiaf yelhweg auutbxi ascpgih aluecex anciwfm 
aagaoop aefyunl bcwoupu begpfoe cbvibwb cculkpv dcmpujl dhwafkm eadxrem ebbbclr faweuri fbqilpd gbkjapp gbvrlad gcqaavi harqcrq hbajrvp hbfmyla igixwhg igiynga iamlhme jbacydq jcgwvwm kbtkaqp kdchdrk laaekfe lfcinnk lfmakrn maabbap mblrjrv mbogdxv natvbfa naygrbl nfoqrbw obyaxqj ocaetly pgedarb pgvpjaa pjpavrs qanxvun qdcaahd rbgcitw rccvitc rcqasoq sadtjue sbgseqo tdrfyqi tehamsr uchhptn udpfspb vgofvpv vkpgaai wfjdlbf wgwouaj ailudpl xaltnms xbatgkk ydyfiaf yelhweg auutbxi ascpgih aluecex anciwfm 
fscpknu 
aagaoop aefyunl bcwoupu begpfoe cbvibwb cculkpv dcmpujl dhwafkm eadxrem ebbbclr faweuri fbqilpd fbakeau gbkjapp gbvrlad gcqaavi harqcrq hbajrvp hbfmyla igixwhg igiynga iamlhme jbacydq jcgwvwm kbtkaqp kdchdrk laaekfe lfcinnk lfmakrn maabbap mblrjrv mbogdxv natvbfa naygrbl nfoqrbw obyaxqj ocaetly pgedarb pgvpjaa pjpavrs qanxvun qdcaahd rbgcitw rccvitc rcqasoq sadtjue sbgseqo tdrfyqi tehamsr uaareeq uchhptn vfenobc vgofvpv wfjdlbf wgwouaj ailudpl xaltnms xbatgkk ydyfiaf yelhweg auutbxi ascpgih aluecex anciwfm 
3rdyeui dpmuynt dqpnoxk drvtdbo e7axpsu e7rcwdw epaxpsu eprcwdw eqaxpsu eqrcwdw eraxpsu errcwdw esaxpsu esrcwdw f7cpknu fpcpknu fqcpknu frcpknu fscpknu f7cpknu fpcpknu fqcpknu frcpknu fscpknu 
aagaoop aefyunl bcwoupu begpfoe cbvibwb cculkpv dcmpujl dhwafkm eadxrem ebbbclr faweuri fbqilpd fbakeau gbkjapp gbvrlad gcqaavi harqcrq hbajrvp hbfmyla igixwhg igiynga iamlhme jbacydq jcgwvwm kbtkaqp kdchdrk laaekfe lfcinnk lfmakrn maabbap mblrjrv mbogdxv natvbfa naygrbl nfoqrbw obyaxqj ocaetly pgedarb pgvpjaa pjpavrs qanxvun qdcaahd rbgcitw rccvitc rcqasoq sadtjue sbgseqo tdrfyqi tehamsr uaareeq uchhptn vfenobc vgofvpv wfjdlbf wgwouaj ailudpl xaltnms xbatgkk ydyfiaf yelhweg auutbxi ascpgih aluecex anciwfm 
aagaoop aefyunl bcwoupu begpfoe cbvibwb cculkpv dcmpujl dhwafkm eadxrem ebbbclr faweuri fbqilpd fbakeau gbkjapp gbvrlad gcqaavi harqcrq hbajrvp hbfmyla igixwhg igiynga iamlhme jbacydq jcgwvwm kbtkaqp kdchdrk laaekfe lfcinnk lfmakrn maabbap mblrjrv mbogdxv natvbfa naygrbl nfoqrbw oaeryqh obyaxqj pgedarb pgvpjaa pjpavrs qanxvun qdcaahd rbgcitw rccvitc rcqasoq sadtjue sbgseqo tdrfyqi tehamsr uaareeq uchhptn vfenobc vgofvpv wfjdlbf wgwouaj ailudpl xaltnms xbatgkk ydyfiaf yelhweg auutbxi ascpgih aluecex anciwfm 
cgulkpv 
TRUE 
aagaoop aefyunl bcwoupu begpfoe cbvibwb cculkpv dcmpujl dhwafkm eadxrem ebbbclr faweuri fbqilpd fbakeau gbkjapp gbvrlad gcqaavi harqcrq hbajrvp hbfmyla igixwhg igiynga iamlhme jbacydq jcgwvwm kbtkaqp kdchdrk laaekfe lfcinnk lfmakrn maabbap mblrjrv mbogdxv natvbfa naygrbl nfoqrbw oaeryqh obyaxqj pgedarb pgvpjaa pjpavrs qanxvun qdcaahd rbgcitw rccvitc rcqasoq sadtjue sbgseqo tdrfyqi tehamsr uaareeq uchhptn vfenobc vgofvpv wfjdlbf wgwouaj ailudpl xaltnms xbatgkk ydyfiaf yelhweg auutbxi ascpgih aluecex anciwfm albsmae 
2lqfbxi akjhwyf bjqakyd bkaapup bktpffi c5ulkpv cjulkpv ckulkpv clulkpv c5ulkpv cjulkpv ckulkpv clulkpv 
FALSE 
5aareeq 5chhptn j2faoof jafaoof jbacydq jcgwvwm k2bnywv k2nbgje kabnywv kanbgje kbtkaqp kcbnywv kcnbgje laaekfe laaekfe 
thrxajd thtbahe tiwkbmv 
106.729437 
aagaoop aefyunl bcwoupu begpfoe cbvibwb cculkpv dcmpujl dhwafkm eadxrem ebbbclr faweuri fbqilpd fbakeau gbkjapp gbvrlad gcqaavi harqcrq hbajrvp hbfmyla igixwhg igiynga iamlhme jbacydq jcgwvwm kbtkaqp kdchdrk laaekfe lfcinnk lfmakrn maabbap mblrjrv mbogdxv natvbfa naygrbl nfbqbki nfoqrbw oaeryqh obyaxqj pgedarb pgvpjaa pjpavrs qanxvun qdcaahd rbgcitw rccvitc rcqasoq sadtjue sbgseqo tcahppe tdrfyqi uaareeq uchhptn vfenobc vgofvpv wfjdlbf wgwouaj ailudpl xaltnms xbatgkk ydyfiaf yelhweg auutbxi ascpgih aluecex anciwfm albsmae arggfmm adatjse 
goqaavi 
sxsedxu 

106.699580 
aagaoop aefyunl bcwoupu begpfoe cbvibwb ccklfar cculkpv dcmpujl dhwafkm eadxrem ebbbclr faweuri fbqilpd fbakeau gbkjapp gbvrlad gcqaavi harqcrq hbajrvp hbfmyla igixwhg igiynga iamlhme jbacydq jcgwvwm kbtkaqp kdchdrk laaekfe ldmmpwx maabbap mblrjrv mbogdxv natvbfa naygrbl nfbqbki nfoqrbw oaeryqh obyaxqj pgedarb pgvpjaa pjpavrs qanxvun qdcaahd rbgcitw rccvitc rcqasoq sadtjue sbgseqo tcahppe tdrfyqi uaareeq uchhptn vfenobc vgofvpv wfjdlbf wgwouaj ailudpl xaltnms xbatgkk ydyfiaf yelhweg auutbxi ascpgih aluecex anciwfm albsmae arggfmm adatjse 
aagaoop aefyunl bcwoupu begpfoe cbvibwb ccklfar cculkpv dcmpujl dhwafkm eadxrem ebbbclr faweuri fbqilpd fbakeau gbkjapp gbvrlad gcqaavi harqcrq hbajrvp hbfmyla igixwhg igiynga iamlhme jbacydq jcgwvwm kbtkaqp kdchdrk laaekfe ldmmpwx ldufppo maabbap mblrjrv mbogdxv natvbfa naygrbl nfbqbki nfoqrbw oaeryqh obyaxqj pgedarb pgvpjaa pjpavrs qanxvun qdcaahd rbgcitw rccvitc rcqasoq sadtjue sbgseqo tcahppe tdrfyqi uaareeq uchhptn vfenobc vgofvpv wfjdlbf wgwouaj ailudpl xaltnms xbatgkk ydyfiaf yelhweg auutbxi ascpgih aluecex anciwfm albsmae arggfmm adatjse 
aagaoop aefyunl bcwoupu begpfoe cbvibwb ccklfar cculkpv dcmpujl dhwafkm eadxrem ebbbclr faweuri fbqilpd fbakeau gbkjapp gbvrlad gcqaavi harqcrq hbajrvp hbfmyla igixwhg igiynga iamlhme jbacydq jcgwvwm kbtkaqp kdchdrk laaekfe ldmmpwx ldufppo maabbap mblrjrv mbogdxv natvbfa naygrbl nfbqbki nfoqrbw oaeryqh obyaxqj pgedarb pgvpjaa pjpavrs qanxvun qdcaahd rbgcitw rccvitc rcqasoq sadtjue sbgseqo tcahppe tdrfyqi uaareeq uchhptn vfenobc vgofvpv wfjdlbf wgwouaj ailudpl xaltnms xbatgkk ydyfiaf yelhweg auutbxi ascpgih aluecex anciwfm albsmae arggfmm adatjse 
9lqfbxi wlqfbxi xlqfbxi ylqfbxi zlqfbxi zlqfbxi 
aagaoop aefyunl bcwoupu begpfoe cbvibwb ccklfar cculkpv dcmpujl dhwafkm eadxrem ebbbclr faweuri fbqilpd fbakeau gbhkhxu gbkjapp gcqaavi harqcrq hbajrvp hbfmyla igixwhg igiynga iamlhme jbacydq jcgwvwm kbtkaqp kdchdrk laaekfe ldmmpwx ldufppo maabbap mblrjrv mbogdxv natvbfa naygrbl nfbqbki nfoqrbw oaeryqh obyaxqj pgedarb pgvpjaa pjpavrs qanxvun qdcaahd rbgcitw rccvitc rcqasoq sadtjue sbgseqo tcahppe tdrfyqi uaareeq uchhptn vfenobc vgofvpv wfjdlbf wgwouaj ailudpl xaltnms xbatgkk ydyfiaf yelhweg auutbxi ascpgih aluecex anciwfm albsmae arggfmm adatjse aqkqhqh 
aagaoop aefyunl bcwoupu begpfoe cbvibwb ccklfar cculkpv dcmpujl dhwafkm eadxrem ebbbclr faweuri fbqilpd fbakeau gbhkhxu gbkjapp gcqaavi harqcrq hbajrvp hbfmyla igixwhg igiynga iamlhme jbacydq jcgwvwm kbtkaqp kdchdrk laaekfe ldmmpwx ldufppo maabbap mblrjrv mbogdxv natvbfa naygrbl nfbqbki nfoqrbw oaeryqh obyaxqj pgedarb pgvpjaa pjpavrs qanxvun qcmkhpx rbgcitw rccvitc rcqasoq sadtjue sbgseqo tcahppe tdrfyqi uaareeq uchhptn vfenobc vgofvpv wfjdlbf wgwouaj ailudpl xaltnms xbatgkk ydyfiaf yelhweg auutbxi ascpgih aluecex anciwfm albsmae arggfmm adatjse aqkqhqh 

5jawshk 5lqfbxi j5faoof jjkysit jjrltod jkfaoof jllvxmh k5bnywv k5bvilf k5nbgje kjuaxkt kkvoidn klbnywv klbvilf klnbgje ljtfagu lkbxmqp llasltd llrdjnj ljtfagu lkbxmqp llasltd llrdjnj 
aagaoop aefyunl bcwoupu begpfoe cbvibwb ccklfar cculkpv dcmpujl dhwafkm eadxrem ebbbclr faweuri fbqilpd fbakeau gbhkhxu gbkjapp gcqaavi harqcrq hbajrvp hbfmyla igixwhg igiynga iamlhme jbacydq jcgwvwm kbtkaqp kdchdrk laaekfe ldmmpwx ldufppo maabbap mblrjrv mbogdxv natvbfa naygrbl nfbqbki nfoqrbw oaeryqh obyaxqj pgedarb pgvpjaa pjpavrs qanxvun qcmkhpx rbgcitw rccvitc rcqasoq sadtjue sbgseqo tcahppe tdrfyqi uaareeq uchhptn vfenobc vgofvpv wfjdlbf wgwouaj ailudpl xaltnms xbatgkk ydyfiaf yelhweg auutbxi ascpgih aluecex anciwfm albsmae arggfmm adatjse aqkqhqh 
aagaoop aefyunl bcwoupu begpfoe cbvibwb ccklfar cculkpv dcmpujl dhwafkm eadxrem ebbbclr faweuri fbqilpd fbakeau gbhkhxu gbkjapp gcqaavi harqcrq hbajrvp hbfmyla igixwhg igiynga iamlhme jbacydq jcgwvwm kbtkaqp kdchdrk laaekfe ldmmpwx ldufppo maabbap mblrjrv mbogdxv natvbfa naygrbl nfbqbki nfoqrbw oaeryqh obyaxqj pgedarb pgvpjaa pjpavrs qanxvun qcmkhpx rbgcitw rccvitc rcqasoq sadtjue sbgseqo tcahppe tdrfyqi uaareeq uchhptn vfenobc vgofvpv wfjdlbf wgwouaj ailudpl xaltnms xbatgkk ydyfiaf yelhweg auutbxi ascpgih aluecex anciwfm albsmae arggfmm adatjse aqkqhqh 
nscibed 
aagaoop aefyunl bcwoupu begpfoe cbvibwb ccklfar cculkpv dcmpujl dhwafkm eadxrem ebbbclr faweuri fbqilpd fbakeau gbhkhxu gbkjapp gcqaavi harqcrq hbajrvp hbfmyla igixwhg igiynga iamlhme jbacydq jcgwvwm kbtkaqp kdchdrk laaekfe ldmmpwx ldufppo maabbap mblrjrv mbogdxv natvbfa naygrbl nfbqbki nfoqrbw oaeryqh obyaxqj pgedarb pgvpjaa pjpavrs qanxvun qcmkhpx rbgcitw rccvitc rcqasoq sadtjue sbgseqo tcahppe tdrfyqi uaareeq uchhptn vfenobc vgofvpv wfjdlbf wgwouaj ailudpl xaltnms xbatgkk ydyfiaf yelhweg auutbxi ascpgih aluecex anciwfm albsmae arggfmm adatjse aqkqhqh 
aagaoop aefyunl bcwoupu begpfoe cbvibwb ccklfar cculkpv dcmpujl dhwafkm eadxrem ebbbclr faweuri fbqilpd fbakeau gbhkhxu gbkjapp gcqaavi harqcrq hbajrvp hbfmyla igixwhg igiynga iamlhme jbacydq jcgwvwm kbtkaqp kdchdrk laaekfe ldmmpwx ldufppo maabbap mblrjrv mbogdxv natvbfa naygrbl nfbqbki nfoqrbw oaeryqh obyaxqj paacbbh pgedarb pgvpjaa qanxvun qcmkhpx rbgcitw rccvitc rcqasoq sadtjue sbgseqo tcahppe tdrfyqi uaareeq uchhptn vbnruft vfenobc wfjdlbf wgwouaj ailudpl xaltnms xbatgkk ydyfiaf yelhweg auutbxi ascpgih aluecex anciwfm albsmae arggfmm adatjse aqkqhqh 
106.724490 

aagaoop aefyunl bcwoupu begpfoe cbvibwb ccklfar cculkpv dcmpujl dhwafkm eadxrem ebbbclr faweuri fbqilpd fbakeau gbhkhxu gbkjapp gcqaavi harqcrq hbajrvp hbfmyla igixwhg igiynga iamlhme jbacydq jcgwvwm kbtkaqp kdchdrk laaekfe ldmmpwx ldufppo maabbap mblrjrv mbogdxv natvbfa naygrbl nfbqbki nfoqrbw oaeryqh obyaxqj paacbbh pgedarb pgvpjaa qanxvun qcmkhpx rbgcitw rccvitc rcqasoq sadtjue sbgseqo tcahppe tdrfyqi uaareeq uchhptn vbnruft vfenobc wfjdlbf wgwouaj ailudpl xaltnms xbatgkk ydyfiaf yelhweg auutbxi ascpgih aluecex anciwfm albsmae arggfmm adatjse aqkqhqh 
106.724490 
aagaoop aefyunl bcwoupu begpfoe cbvibwb ccklfar cculkpv dcmpujl dhwafkm eadxrem ebbbclr faweuri fbqilpd fbakeau gbhkhxu gbkjapp gcqaavi harqcrq hbajrvp hbfmyla igixwhg igiynga iamlhme jbacydq jcgwvwm kbtkaqp kdchdrk laaekfe ldmmpwx ldufppo maabbap mblrjrv mbogdxv natvbfa naygrbl nfbqbki nfoqrbw oaeryqh obmgnxw obyaxqj paacbbh pgedarb pgvpjaa qanxvun qcmkhpx rbgcitw rccvitc rcqasoq sadtjue sbgseqo tcahppe tdrfyqi uaareeq uchhptn vbnruft vfenobc wfjdlbf wgwouaj ailudpl xaltnms xbatgkk ydyfiaf yelhweg auutbxi ascpgih aluecex anciwfm albsmae arggfmm adatjse aqkqhqh aqvhlqd 
ocaetly 
yvqeptt 
106.939850 
53qeptt 5dpfspb 5eqeptt 5fqeptt j3faoof jdfaoof jefaoof jffaoof k3bnywv k3bvilf k3nbgje kdchdrk kebnywv kebvilf kenbgje kfcsmvx l3qaiqe ldmmpwx ldufppo leqaiqe lfqaiqe l3qaiqe ldmmpwx ldufppo leqaiqe lfqaiqe 
FALSE 
TRUE 
75qeptt 7jawshk 7kqeptt 7lqfbxi pjpavrs pkrgula pkwswuj q5dcbup q5klldw qjdcbup qjklldw qkdcbup qkklldw qldcbup qlklldw rjgmjpg slwhbxi slyjhqf slwhbxi slyjhqf 

scqpdml 

FALSE 
28qeptt 2tqeptt 2uqeptt 2vqeptt atpdkcg atwnagc bvloajo c8klfar c8ulkpv ctklfar ctulkpv cuklfar cuulkpv cvklfar cvulkpv c8klfar c8ulkpv ctklfar ctulkpv cuklfar cuulkpv cvklfar cvulkpv 

FALSE 
01qeptt 01qeptt 


qmdcbup qmklldw 
vyqeptt 
aagaoop aefyunl bcwoupu bdjiwsq cbvibwb ccklfar cculkpv dcmpujl dhwafkm eadxrem ebbbclr eblvfxf faweuri fbqilpd fbakeau gbhkhxu gbkjapp gcqaavi gcaarkd harqcrq hbajrvp hbfmyla igixwhg igiynga iamlhme jbacydq jcgwvwm jclgrah kbtkaqp kcxaevo laaekfe ldmmpwx ldufppo maabbap mafyaob mblrjrv mbogdxv natvbfa naygrbl nfbqbki nfoqrbw oaeryqh obmgnxw obrajpb paacbbh paanpxg pceexur pcpkewh qanxvun qaxjrlq qcmkhpx qcmnptp rbgcitw rccvitc rcqasoq sadtjue sbgseqo tcahppe tdrfyqi uaareeq ubqgrku vbnruft vbxmwte vfenobc wfjdlbf wgwouaj ailudpl xaltnms xbatgkk xbmworl ydldqww ydyfiaf yelhweg auutbxi ascpgih aluecex anciwfm albsmae arggfmm adatjse aqkqhqh aqvhlqd aryiaws acwmfba 
ewaxpsu ewrcwdw 
59qeptt 5wqeptt 5xqeptt 5yqeptt 5zqeptt j9faoof j9lilnx jwfaoof jwlilnx jxfaoof jxlilnx jyfaoof jylilnx jzfaoof jzlilnx k9bnywv k9bvilf k9nbgje kwbnywv kwbvilf kwnbgje kxbnywv kxbvilf kxnbgje kybnywv kybvilf kynbgje kzbnywv kzbvilf kznbgje l9qaiqe lwqaiqe lxqaiqe lyqaiqe lzqaiqe l9qaiqe lwqaiqe lxqaiqe lyqaiqe lzqaiqe 
FALSE 
