109.408163 



FALSE 
cjrcpnm elrlpvu ersetiq fcamyse gepkulm qvhabbu rlicqtl rnrmxel tsnavdp uaienyf urkdidr 

108.108374 

FALSE 
ersetiq 






dckhcbr fcamyse fcamyse 
bhqasuo cbfedwq cjrcpnm dckhcbr elrlpvu elttyxv ersetiq fcamyse ffkamqv gbgspep gepkulm hawtgag hnafxya ipebafx keamgjc kodmtew llayham mfhrcsv mruaoan nxbpxwc ohvpgra otjvdfh ptswoaf qpmhnjy qvhabbu rgadead rlicqtl smakpio sodgrpx tacvhqv tcvvbxe uaienyf urkdidr vdbjsdr vvmydtq xssjjrx ykvmmih acewllg amjckce aunhdgl aaamhgb apqhomw amvsldl 

bhqasuo bqurndu cbfedwq cjrcpnm dckhcbr elrlpvu elttyxv ersetiq fcamyse ffkamqv gbgspep gepkulm hawtgag hnafxya ipebafx jyiehsi keamgjc kodmtew llayham mfhrcsv mruaoan ntansxr nxbpxwc ohvpgra otjvdfh pfysmmw ptswoaf qpmhnjy qvhabbu rgadead rlicqtl smakpio sodgrpx tacvhqv tcvvbxe uaienyf urkdidr vcovrgd vdbjsdr wntrkak xssjjrx ykvmmih acewllg amjckce aunhdgl aaamhgb apqhomw amvsldl 
4ntrkak hnafxya 

107.906706 
bhqasuo bqurndu cbfedwq cjrcpnm dckhcbr elrlpvu elttyxv ersetiq fcamyse ffkamqv gbgspep gepkulm hawtgag hnafxya ipebafx jljwbem jyiehsi keamgjc kodmtew llayham mfhrcsv mruaoan ntansxr nxbpxwc ohvpgra otjvdfh pfysmmw ptswoaf qpmhnjy qvhabbu rgadead rlicqtl smakpio sodgrpx tacvhqv tcvvbxe uaienyf urkdidr vcovrgd vdbjsdr wntrkak xssjjrx ykvmmih acewllg amjckce aunhdgl aaamhgb apqhomw amvsldl 
bhqasuo bqurndu cbfedwq cjrcpnm dckhcbr elrlpvu elttyxv ersetiq fcamyse ffkamqv gbgspep gepkulm hawtgag hnafxya ipebafx jljwbem jyiehsi keamgjc kodmtew llayham mfhrcsv mruaoan ntansxr nxbpxwc ohvpgra otjvdfh pfysmmw ptswoaf qpmhnjy qvhabbu rgadead rlicqtl smakpio sodgrpx tacvhqv tcvvbxe uaienyf urkdidr vcovrgd vdbjsdr wntrkak xssjjrx ykvmmih acewllg amjckce aunhdgl aaamhgb apqhomw amvsldl 


FALSE 
107.906706 
bhqasuo bqurndu cbfedwq cjrcpnm dckhcbr elrlpvu elttyxv ersetiq fcamyse ffkamqv gbgspep gepkulm hawtgag hnafxya ipebafx jljwbem jyiehsi keamgjc kodmtew llayham mfhrcsv mruaoan ntansxr ntlefdc nxbpxwc ohvpgra otjvdfh pfysmmw ptswoaf qgmjaqo qpmhnjy rgadead rlicqtl smakpio sodgrpx tacvhqv tcvvbxe uaienyf urkdidr vcovrgd vdbjsdr weslylw wntrkak xssjjrx ykvmmih acewllg amjckce aunhdgl aaamhgb apqhomw amvsldl 
FALSE 






q5habbu qjhabbu qkhabbu qlhabbu rlicqtl 
107.900270 
3eslylw ffkamqv ffkamqv 
FALSE 
bdatupn bhqasuo cbfedwq cjrcpnm dckhcbr dgfgcxr elrlpvu elttyxv ersetiq fcamyse ffkamqv gbgspep gepkulm hawtgag hhohava iiubvxf ilpkgxc jljwbem jyiehsi keamgjc kodmtew lhabwnr llayham mfhrcsv mruaoan ntansxr ntlefdc nxbpxwc ogqloea ohvpgra pfysmmw ptswoaf qgmjaqo qpmhnjy rgadead rlicqtl smakpio sodgrpx tacvhqv tcvvbxe uaienyf urkdidr vcovrgd vdbjsdr weslylw wntrkak xssjjrx ykvmmih acewllg amjckce aunhdgl aaamhgb apqhomw amvsldl 

bdatupn bhqasuo cbfedwq cjrcpnm dckhcbr dgfgcxr elrlpvu elttyxv enklffl fcamyse ffkamqv gbgspep gepkulm hawtgag hhaefnl hhohava iiubvxf ilpkgxc jljwbem jyiehsi jykqxei keamgjc kodmtew lewytxo lhabwnr mfhrcsv mruaoan ntansxr ntlefdc nxbpxwc ogqloea ohvpgra pfysmmw ptswoaf qgmjaqo qpmhnjy rgadead rgdwjfu rhkuywv smakpio sodgrpx tacvhqv tcvvbxe uaienyf urkdidr vcovrgd vdbjsdr weslylw wntrkak xssjjrx ykvmmih acewllg amjckce aunhdgl aaamhgb apqhomw amvsldl asvatxl apiypbm 
bdatupn bhqasuo cbfedwq cjrcpnm dckhcbr dgfgcxr elrlpvu elttyxv enklffl fcamyse ffkamqv gbgspep gepkulm hawtgag hhaefnl hhohava iiubvxf ilpkgxc jljwbem jyiehsi jykqxei keamgjc kodmtew lewytxo lhabwnr mfhrcsv mruaoan ntansxr ntlefdc nxbpxwc ogqloea ohvpgra pfysmmw ptswoaf qgmjaqo qpmhnjy rgadead rgdwjfu rhkuywv smakpio sodgrpx tacvhqv tcvvbxe uaienyf urkdidr vcovrgd vdbjsdr weslylw wntrkak xssjjrx ykvmmih acewllg amjckce aunhdgl aaamhgb apqhomw amvsldl asvatxl apiypbm 
FALSE 

bdatupn bhqasuo cbfedwq cjrcpnm dckhcbr dgfgcxr elrlpvu elttyxv enklffl fcamyse ffkamqv gbgspep gepkulm hawtgag hhaefnl hhohava iiubvxf ilpkgxc jljwbem jyiehsi jykqxei keamgjc kodmtew lewytxo lhabwnr mfhrcsv mruaoan ntansxr ntlefdc nxbpxwc ogqloea ohvpgra pfysmmw ptswoaf qgmjaqo qpmhnjy rgadead rgdwjfu rhkuywv smakpio sodgrpx tacvhqv tcvvbxe uaienyf urkdidr vcovrgd vdbjsdr weslylw wntrkak xssjjrx ykvmmih yatdiim acewllg amjckce aunhdgl aaamhgb apqhomw amvsldl asvatxl apiypbm acrygru 
gjaaafl ilpkgxc ilpkgxc 
bdatupn bhqasuo cbfedwq cjrcpnm dckhcbr dgfgcxr eewogab elrlpvu elttyxv fcamyse ffkamqv gbgspep gepkulm hawtgag hhaefnl hhohava iiubvxf ilpkgxc jljwbem jqosnaf keamgjc kodmtew lewytxo lhabwnr mfhrcsv mruaoan ntansxr ntlefdc nxbpxwc ogqloea ohvpgra pfysmmw ptswoaf qgmjaqo qpmhnjy rgadead rgdwjfu rhkuywv smakpio sodgrpx tacvhqv tcvvbxe uaienyf urkdidr vcovrgd vdbjsdr weslylw wntrkak xssjjrx ycvafsq ykvmmih acewllg amjckce aunhdgl aaamhgb apqhomw amvsldl asvatxl apiypbm acrygru 
bdatupn bhqasuo cbfedwq cjrcpnm dckhcbr dgfgcxr eewogab elrlpvu elttyxv fcamyse ffkamqv gbgspep gepkulm hawtgag hhaefnl hhohava iiubvxf ilpkgxc jljwbem jqosnaf keamgjc kodmtew lewytxo lhabwnr mcuvbep mfhrcsv nspksqb ntansxr ntlefdc ogqloea ohvpgra pfysmmw ptswoaf qgmjaqo qpmhnjy rgadead rgdwjfu rhkuywv smakpio sodgrpx tacvhqv tcvvbxe uaienyf urkdidr vcovrgd vdbjsdr weslylw wntrkak xssjjrx ycvafsq ykvmmih acewllg amjckce aunhdgl aaamhgb apqhomw amvsldl asvatxl apiypbm acrygru 
bdatupn bhqasuo cbfedwq cjrcpnm dckhcbr dgfgcxr eewogab elrlpvu elttyxv fcamyse ffkamqv gbgspep gepkulm hawtgag hhaefnl hhohava iiubvxf ilpkgxc jljwbem jqosnaf keamgjc kodmtew lewytxo lhabwnr mcuvbep mfhrcsv nspksqb ntansxr ntlefdc ogqloea ohvpgra pfysmmw ptswoaf qgmjaqo qpmhnjy rgadead rgdwjfu rhkuywv smakpio sodgrpx tacvhqv tcvvbxe uaienyf urkdidr vcovrgd vdbjsdr weslylw wntrkak xssjjrx ycvafsq ykvmmih acewllg amjckce aunhdgl aaamhgb apqhomw amvsldl asvatxl apiypbm acrygru 
tlqujip 
bdatupn bhqasuo cbfedwq cjrcpnm dckhcbr dgfgcxr eewogab elrlpvu elttyxv fcamyse ffkamqv gbgspep gepkulm hawtgag hhaefnl hhohava iiubvxf ilpkgxc jljwbem jqosnaf keamgjc kodmtew lewytxo lhabwnr mcuvbep mfhrcsv nmvdqko nspksqb ogqloea ohvpgra pfysmmw ptbindf ptswoaf qgmjaqo qpmhnjy rgadead rgdwjfu rhkuywv smakpio sodgrpx tacvhqv tcvvbxe uaienyf urkdidr vcovrgd vdbjsdr weslylw wntrkak xssjjrx ycvafsq ykvmmih acewllg amjckce aunhdgl aaamhgb apqhomw amvsldl asvatxl apiypbm acrygru 
5eslylw keamgjc lewytxo lewytxo 
107.976190 
edklffl 

bdatupn bhqasuo cbfedwq cjrcpnm dckhcbr dgfgcxr eewogab elrlpvu elttyxv fcamyse ffkamqv gbgspep gepkulm hawtgag hhaefnl hhohava iiubvxf ilpkgxc jljwbem jqosnaf keamgjc kodmtew lewytxo lhabwnr mcuvbep mfhrcsv nivmvww nmvdqko ogqloea ohvpgra pfysmmw ptbindf ptswoaf qgmjaqo qpmhnjy rgadead rgdwjfu rhkuywv salauun smakpio smjwjjp tacvhqv tcvvbxe uaienyf urkdidr vcovrgd vdbjsdr weslylw wntrkak xssjjrx ycvafsq ykvmmih acewllg amjckce aunhdgl aaamhgb apqhomw amvsldl asvatxl apiypbm acrygru 
abnkwqa awyuosa bdatupn bhqasuo cbfedwq cbmhtft cjrcpnm dckhcbr dgfgcxr eewogab ejfqvma fcamyse ffkamqv gbgspep gepkulm hawtgag hhaefnl hhohava iiubvxf ilpkgxc jljwbem jqosnaf keamgjc kodmtew lewytxo lhabwnr mcuvbep mfhrcsv nivmvww nmvdqko ogqloea ohvpgra pfysmmw ptbindf ptswoaf qgmjaqo qpmhnjy rgadead rgdwjfu rhkuywv salauun smakpio smjwjjp tacvhqv tcvvbxe uaienyf urkdidr vcovrgd vdbjsdr weslylw wlaafpe xssjjrx ycvafsq ykvmmih acewllg amjckce aunhdgl aaamhgb apqhomw amvsldl asvatxl apiypbm acrygru 
abnkwqa awyuosa bdatupn bhqasuo cbfedwq cbmhtft cjrcpnm dckhcbr dgfgcxr eewogab ejfqvma fcamyse ffkamqv gbgspep gepkulm hawtgag hhaefnl hhohava iiubvxf ilpkgxc jljwbem jqosnaf keamgjc kodmtew lewytxo lhabwnr mcuvbep mfhrcsv nivmvww nmvdqko ogqloea ohvpgra pfysmmw ptbindf ptswoaf qgmjaqo qpmhnjy rgadead rgdwjfu rhkuywv salauun smakpio smjwjjp tacvhqv tcvvbxe uaienyf urkdidr vcovrgd vdbjsdr weslylw wlaafpe xssjjrx ycvafsq ykvmmih acewllg amjckce aunhdgl aaamhgb apqhomw amvsldl asvatxl apiypbm acrygru awqkuci 
abnkwqa awyuosa bdatupn bhbqvqh bhqasuo cbfedwq cbmhtft cjrcpnm dckhcbr dgfgcxr eewogab eewtmmg ejfqvma fcamyse ffkamqv gbgspep gepkulm hawtgag hhaefnl hhohava iiubvxf ikpmmou jljwbem jqosnaf keamgjc kodmtew lewytxo lhabwnr mcuvbep mfhrcsv nivmvww nmvdqko ogqloea ohvpgra pfysmmw pisviyw qgmjaqo qpmhnjy rgadead rgdwjfu rhkuywv salauun smakpio smjwjjp tacvhqv tcvvbxe uaienyf urkdidr vcovrgd vdbjsdr weslylw wikwcdm xssjjrx ycvafsq ykvmmih acewllg amjckce aunhdgl aaamhgb apqhomw amvsldl asvatxl apiypbm acrygru awqkuci 
abnkwqa awyuosa bdatupn bhbqvqh bhqasuo cbfedwq cbmhtft cjrcpnm dckhcbr dgfgcxr eewogab eewtmmg ejfqvma fcamyse ffkamqv gbgspep gepkulm hawtgag hhaefnl hhohava iiubvxf ikpmmou jljwbem jqosnaf keamgjc kodmtew lewytxo lhabwnr mcuvbep mfhrcsv nivmvww nmvdqko ogqloea ohvpgra pfysmmw pisviyw qgmjaqo qpmhnjy rgadead rgdwjfu rhkuywv salauun smakpio smjwjjp tacvhqv tcvvbxe uaienyf urkdidr vcovrgd vdbjsdr weslylw wikwcdm xssjjrx ycvafsq ykvmmih acewllg amjckce aunhdgl aaamhgb apqhomw amvsldl asvatxl apiypbm acrygru awqkuci 
abnkwqa ampyxmq bdatupn bhbqvqh bhqasuo cbfedwq cbmhtft cjrcpnm dckhcbr dgfgcxr eewogab eewtmmg ejfqvma fcamyse ffkamqv gbgspep gepkulm hawtgag hhaefnl hhohava iiubvxf ikpmmou jljwbem jqosnaf keamgjc kodmtew lewytxo lhabwnr mcuvbep mfhrcsv nivmvww nmvdqko ogqloea ohvpgra pfysmmw pisviyw qgmjaqo qpmhnjy rgadead rgdwjfu rhkuywv salauun smakpio smjwjjp tacvhqv tcvvbxe uaienyf urkdidr vcovrgd vdbjsdr weslylw wikwcdm xssjjrx ycvafsq ykvmmih acewllg amjckce aunhdgl aaamhgb apqhomw amvsldl asvatxl apiypbm acrygru awqkuci 
17aafpe 1paafpe 1qaafpe 1raafpe 1saafpe 17aafpe 1paafpe 1qaafpe 1raafpe 1saafpe 
51aafpe 
107.951648 

abnkwqa ampyxmq bdatupn bhbqvqh bhqasuo cbfedwq cbmhtft cjrcpnm dckhcbr dgfgcxr eewogab eewtmmg ejfqvma fcamyse ffkamqv gbgspep gepkulm hawtgag hhaefnl hhohava iiubvxf ikpmmou jljwbem jqosnaf keamgjc kodmtew lewytxo lhabwnr mcuvbep mfhrcsv nivmvww nmvdqko ogqloea ohvpgra pfysmmw pisviyw qgmjaqo qpmhnjy rgadead rgdwjfu rhkuywv salauun skamcix tacvhqv tcvvbxe uaienyf urkdidr vcovrgd vdbjsdr weslylw wikwcdm xssjjrx ycvafsq ykvmmih acewllg amjckce aunhdgl aaamhgb apqhomw amvsldl asvatxl apiypbm acrygru awqkuci 
29aafpe 2waafpe 2xaafpe 2yaafpe 2zaafpe awyuosa 
09aafpe 0waafpe 0xaafpe 0yaafpe 0zaafpe 09aafpe 0waafpe 0xaafpe 0yaafpe 0zaafpe 
95aafpe 95ohsia 9jaafpe 9johsia 9kaafpe 9kohsia 9laafpe 9lohsia w5aafpe w5ohsia wjaafpe wjohsia wkaafpe wkohsia wlaafpe wlohsia x5aafpe x5ohsia xjaafpe xjohsia xkaafpe xkohsia xlaafpe xlohsia y5aafpe y5ohsia yjaafpe yjohsia ykaafpe ykohsia ylaafpe ylohsia z5aafpe z5ohsia zjaafpe zjohsia zkaafpe zkohsia zlaafpe zlohsia z5aafpe z5ohsia zjaafpe zjohsia zkaafpe zkohsia zlaafpe zlohsia 
10aafpe 10ohsia 10aafpe 10ohsia 
70aafpe 70ohsia q0habbu q0iovke 
FALSE 
abnkwqa ampyxmq bdatupn bhbqvqh bhqasuo cbfedwq cbmhtft cjrcpnm dckhcbr dgfgcxr eewogab eewtmmg ejfqvma fcamyse ffkamqv gbgspep gepkulm hawtgag hhaefnl hhohava iaevkii ibjufod jfoqdga jljwbem keamgjc kodmtew lewytxo lhabwnr mcuvbep mfhrcsv nivmvww nmvdqko ogqloea ohvpgra pfysmmw pisviyw qgmjaqo qpmhnjy rgadead rgdwjfu rhkuywv salauun skamcix tacvhqv tcvvbxe uaienyf updaame vcovrgd vdbjsdr weslylw wikwcdm xssjjrx ycvafsq ykvmmih acewllg amjckce aunhdgl aaamhgb apqhomw amvsldl asvatxl apiypbm acrygru awqkuci aoihtpd adpygbq 
abnkwqa ampyxmq bdatupn bhbqvqh bhqasuo cbfedwq cbmhtft cjrcpnm dckhcbr dgfgcxr eewogab eewtmmg ejfqvma fcamyse ffkamqv gbgspep gepkulm hawtgag hhaefnl hhohava iaevkii ibjufod jfoqdga jkffamv keamgjc kkfhdmh lewytxo lhabwnr mcuvbep mfhrcsv nivmvww nmvdqko ogqloea ohvpgra pfysmmw pisviyw qgmjaqo qpmhnjy rgadead rgdwjfu rhkuywv salauun skamcix tacvhqv tcvvbxe uaienyf updaame vcovrgd vdbjsdr weslylw wikwcdm xssjjrx ycvafsq ykvmmih acewllg amjckce aunhdgl aaamhgb apqhomw amvsldl asvatxl apiypbm acrygru awqkuci aoihtpd adpygbq 
68aafpe 68ohsia 6taafpe 6tohsia 6uaafpe 6uohsia 6vaafpe 6vohsia m8exvsa mtexvsa muexvsa mvexvsa n8otobn ntotobn nuotobn nvotobn o8mafwq otmafwq oumafwq ovmafwq o8mafwq otmafwq oumafwq ovmafwq 
FALSE 
107.657143 
abnkwqa ampyxmq bdatupn bhbqvqh bhqasuo cbfedwq cbmhtft cgrsvlr dckhcbr dgfgcxr eewogab eewtmmg ejfqvma fcamyse ffkamqv gbgspep gedryou gepkulm hanilpl hawtgag hhaefnl hhohava iaevkii ibjufod jfoqdga jkffamv keamgjc kkfhdmh lewytxo lhabwnr mcuvbep mfhrcsv nivmvww nkswomt ogqloea ohvpgra pfysmmw pisviyw qaevfvs qgmjaqo rgadead rgdwjfu rhkuywv salauun skamcix tacvhqv tcvvbxe uaienyf updaame vcovrgd vdbjsdr wcxjfdd weslylw xbycdsl xssjjrx ycvafsq ycvkyqh ykvmmih acewllg amjckce aunhdgl aaamhgb apqhomw amvsldl asvatxl apiypbm acrygru awqkuci aoihtpd adpygbq aqluplj 


mkexvsa 
FALSE 
xqaafpe xqohsia 
107.694165 
abnkwqa ampyxmq bdatupn bhbqvqh bhqasuo cbfedwq cbmhtft cgrsvlr dckhcbr dgfgcxr eewogab eewtmmg ejfqvma fcamyse ffkamqv gbgspep gedryou gepkulm hanilpl hawtgag hhaefnl hhohava iaevkii ibjufod jfoqdga jkffamv keamgjc kkfhdmh lewytxo lhabwnr mcuvbep mfhrcsv nivmvww nkswomt obannvy ogqloea pfysmmw pisviyw qaevfvs qgmjaqo rgadead rgdwjfu rhkuywv salauun skamcix tacvhqv tcvvbxe uaienyf updaame vcovrgd vdbjsdr wcxjfdd weslylw xbycdsl xssjjrx ycvafsq ycvkyqh ykvmmih acewllg amjckce aunhdgl aaamhgb apqhomw amvsldl asvatxl apiypbm acrygru awqkuci aoihtpd adpygbq aqluplj 
abnkwqa ampyxmq bdatupn bhbqvqh bhqasuo cbfedwq cbmhtft cgrsvlr dckhcbr dgfgcxr eewogab eewtmmg ejfqvma fcamyse ffkamqv gbgspep gedryou gepkulm hanilpl hawtgag hhaefnl hhohava iaevkii ibjufod jfoqdga jkffamv keamgjc kkfhdmh lewytxo lhabwnr mcuvbep mfhrcsv nivmvww nkswomt obannvy ogqloea pfysmmw pisviyw qaevfvs qgmjaqo rgadead rgdwjfu rhkuywv salauun skamcix tacvhqv tcvvbxe uaienyf updaame vcovrgd vdbjsdr wcxjfdd weslylw xbycdsl xssjjrx ycvafsq ycvkyqh ykvmmih acewllg amjckce aunhdgl aaamhgb apqhomw amvsldl asvatxl apiypbm acrygru awqkuci aoihtpd adpygbq aqluplj 

FALSE 
xmaafpe xmohsia 
TRUE 
70aafpe 70ohsia q0habbu q0iovke 
abnkwqa ampyxmq amtosfs bdatupn bhbqvqh bhcxmyy cbfedwq cbmhtft cgrsvlr dckhcbr dgfgcxr eewogab eewtmmg ejfqvma fcamyse ffkamqv gbgspep gedryou gepkulm hanilpl hawtgag hfqiuhf iaevkii ibjufod jfoqdga jkffamv kbvhpwl keamgjc lewytxo lhabwnr mcuvbep mfhrcsv nivmvww nkswomt obannvy ogqloea pfysmmw pisviyw qaevfvs qgmjaqo rgadead rgdwjfu rhkuywv salauun skamcix tacvhqv tcvvbxe uaienyf updaame vcovrgd vdbjsdr wcxjfdd weslylw xbycdsl xssjjrx ycvafsq ycvkyqh ykvmmih acewllg amjckce aunhdgl aaamhgb apqhomw amvsldl asvatxl apiypbm acrygru awqkuci aoihtpd adpygbq aqluplj apwxeka 
mqexvsa 
aajlonr abnkwqa bbvpjle bdatupn cbfedwq cbmhtft cgrsvlr dckhcbr dgfgcxr eewogab eewtmmg ejfqvma fcamyse ffkamqv gbgspep gedryou gepkulm hanilpl hawtgag hfqiuhf iaevkii ibjufod jfoqdga jkffamv kbvhpwl kdgmimd lewytxo lhabwnr mcuvbep mfhrcsv nivmvww nkswomt obannvy ogqloea pfysmmw pisviyw qaevfvs qbayhra rctreva rgadead rgdwjfu salauun skamcix tacvhqv tcvvbxe uaienyf ucmagum vcovrgd vdbjsdr wcxjfdd weslylw xbycdsl xssjjrx ycvafsq ycvkyqh ykvmmih acewllg amjckce aunhdgl aaamhgb apqhomw amvsldl asvatxl apiypbm acrygru awqkuci aoihtpd adpygbq aqluplj apwxeka awptblx 

107.750503 
aajlonr abnkwqa bbvpjle bdatupn cbfedwq cbmhtft cgrsvlr dckhcbr dgfgcxr eewogab eewtmmg ejfqvma fcamyse ffkamqv gbgspep gedryou gepkulm hanilpl hawtgag hfqiuhf iaevkii ibjufod jfoqdga jkffamv kbvhpwl kdgmimd lewytxo lhabwnr mcuvbep mfhrcsv nivmvww nkswomt obannvy ogqloea pfysmmw pisviyw qaevfvs qbayhra rctreva rgadead rgdwjfu salauun skamcix tacvhqv tcvvbxe uaienyf ucmagum vcovrgd vdbjsdr wcxjfdd weslylw xbycdsl xssjjrx ycvafsq ycvkyqh ykvmmih acewllg amjckce aunhdgl aaamhgb apqhomw amvsldl asvatxl apiypbm acrygru awqkuci aoihtpd adpygbq aqluplj apwxeka awptblx 
67aafpe 67ohsia 6paafpe 6pohsia 6qaafpe 6qohsia 6raafpe 6rohsia 6saafpe 6sohsia m7exvsa mpexvsa mqexvsa mrexvsa msexvsa n7otobn npotobn nqotobn nrotobn nsotobn o7mafwq opmafwq oqmafwq ormafwq osmafwq o7mafwq opmafwq oqmafwq ormafwq osmafwq 
107.750503 
38aafpe 38ohsia 3taafpe 3tohsia 3uaafpe 3uohsia 3vaafpe 3vohsia e8klffl etklffl euklffl evklffl ftrofpg ftrofpg 
aajlonr abnkwqa bbvpjle bdatupn cbfedwq cbmhtft cgrsvlr dckhcbr dgfgcxr eewogab eewtmmg ejfqvma fcamyse ffkamqv gbgspep gedryou gepkulm hanilpl hawtgag hfqiuhf iaevkii ibjufod jaaecqa jfoqdga kbiohws kbvhpwl kdgmimd lewytxo lhabwnr mcuvbep mfhrcsv nivmvww nkswomt obannvy ogqloea pfysmmw pisviyw qaevfvs qbayhra rctreva rgadead rgdwjfu salauun skamcix tacvhqv tcvvbxe uaienyf ucmagum vcovrgd vdbjsdr wcxjfdd weslylw xbycdsl xssjjrx ycvafsq ycvkyqh ykvmmih acewllg amjckce aunhdgl aaamhgb apqhomw amvsldl asvatxl apiypbm acrygru awqkuci aoihtpd adpygbq aqluplj apwxeka awptblx 

89aafpe 89ohsia 8waafpe 8wohsia 8xaafpe 8xohsia 8yaafpe 8yohsia 8zaafpe 8zohsia uxdcrdp vxocatf vyrpeuu vxocatf vyrpeuu 
mhexvsa 
FALSE 
aajlonr abnkwqa bbvpjle bdatupn cbfedwq cbmhtft cgrsvlr dckhcbr dgfgcxr eetpubc eewogab eewtmmg ejfqvma fcamyse ffkamqv gbgspep gedryou gepkulm hanilpl hawtgag hfqiuhf iaevkii ibjufod jaaecqa jfoqdga kbiohws kbvhpwl kdgmimd lewytxo lhabwnr mcuvbep mfhrcsv nivmvww nkswomt obannvy ogqloea pfysmmw pisviyw qaevfvs qbayhra qbnrauc rctreva rgadead rgdwjfu salauun seywwpf tacvhqv tcvvbxe uaienyf ucmagum vcovrgd vdbjsdr wcxjfdd weslylw xbycdsl xnedpjn ycvafsq ycvkyqh ykvmmih acewllg amjckce aunhdgl aaamhgb apqhomw amvsldl asvatxl apiypbm acrygru awqkuci aoihtpd adpygbq aqluplj apwxeka awptblx 
61aafpe 61ohsia m1exvsa n1otobn o1mafwq o1mafwq 
aajlonr abnkwqa bbvpjle bdatupn cbfedwq cbmhtft cgrsvlr dckhcbr dgfgcxr eetpubc eewogab eewtmmg ejfqvma fcamyse ffkamqv gbgspep gedryou gepkulm hanilpl hawtgag hfqiuhf iaevkii ibjufod jaaecqa jfoqdga kbiohws kbvhpwl kdgmimd lewytxo lhabwnr mcuvbep mfhrcsv nivmvww nkswomt obannvy ogqloea pfysmmw pisviyw qaevfvs qbayhra qbnrauc rctreva rgadead rgdwjfu salauun seywwpf tacvhqv tcvvbxe uaienyf ucmagum vcovrgd vdbjsdr wcxjfdd weslylw xbycdsl xnedpjn ycvafsq ycvkyqh ykvmmih acewllg amjckce aunhdgl aaamhgb apqhomw amvsldl asvatxl apiypbm acrygru awqkuci aoihtpd adpygbq aqluplj apwxeka awptblx 
aajlonr abnkwqa bbvpjle bdatupn cbfedwq cbmhtft cgrsvlr dckhcbr dgfgcxr eetpubc eewogab eewtmmg ejfqvma fcamyse ffkamqv gbgspep gedryou gepkulm hanilpl hawtgag hfqiuhf iaevkii ibjufod jaaecqa jfoqdga kbiohws kbvhpwl kdgmimd lewytxo lhabwnr mcuvbep mfhrcsv nivmvww nkswomt obannvy ogqloea pfysmmw pisviyw qaevfvs qbayhra qbnrauc rctreva rgadead rgdwjfu salauun seywwpf tacvhqv tcvvbxe uaienyf ucmagum vcovrgd vdbjsdr wcxjfdd weslylw xbycdsl xnedpjn ycvafsq ycvkyqh ykvmmih acewllg amjckce aunhdgl aaamhgb apqhomw amvsldl asvatxl apiypbm acrygru awqkuci aoihtpd adpygbq aqluplj apwxeka awptblx 
aajlonr abnkwqa bbvpjle bdatupn cbfedwq cbmhtft cgrsvlr dckhcbr dgfgcxr eetpubc eewogab eewtmmg ejfqvma fcamyse ffkamqv gbgspep gedryou gepkulm hanilpl hawtgag hfqiuhf iaevkii ibjufod jaaecqa jfoqdga kbiohws kbvhpwl kdgmimd lewytxo lhabwnr mcuvbep mfhrcsv nivmvww nkswomt obannvy ogqloea pfysmmw pisviyw qaevfvs qbayhra qbnrauc rctreva rgadead rgdwjfu salauun seywwpf tacvhqv tcvvbxe uaienyf ucmagum vcovrgd vdbjsdr wcxjfdd weslylw xbycdsl xnedpjn ycvafsq ycvkyqh ykvmmih acewllg amjckce aunhdgl aaamhgb apqhomw amvsldl asvatxl apiypbm acrygru awqkuci aoihtpd adpygbq aqluplj apwxeka awptblx apsbalc 
aajlonr abnkwqa bbvpjle bdatupn bduowbl cbfedwq cbmhtft cgrsvlr dckhcbr dgfgcxr eetpubc eewogab eewtmmg ejfqvma fcamyse ffkamqv gbgspep gedryou gepkulm hanilpl hawtgag hfqiuhf iaevkii ibjufod jaaecqa jfoqdga kbiohws kbvhpwl kdgmimd lewytxo lhabwnr mcuvbep mfhrcsv nivmvww nkswomt obannvy oefupop pfysmmw pisviyw qaevfvs qbayhra qbnrauc rctreva rgadead rgdwjfu salauun seywwpf tacvhqv tcvvbxe uaienyf ucmagum vcovrgd vdbjsdr wcxjfdd weslylw xbycdsl xnedpjn ycvafsq ycvkyqh ykvmmih acewllg amjckce aunhdgl aaamhgb apqhomw amvsldl asvatxl apiypbm acrygru awqkuci aoihtpd adpygbq aqluplj apwxeka awptblx apsbalc 
yraafpe yrohsia 

aajlonr abnkwqa bbvpjle bdatupn bduowbl cbfedwq cbmhtft cgrsvlr dckhcbr dgfgcxr eetpubc eewogab eewtmmg ejfqvma fcamyse ffkamqv gbgspep gedryou gepkulm hanilpl hawtgag hfqiuhf iaevkii ibjufod jaaecqa jfoqdga kbiohws kbvhpwl kdgmimd lewytxo lhabwnr mcuvbep mfhrcsv ncjyfar ndoatcd obannvy oefupop pfysmmw pisviyw qaevfvs qbayhra qbnrauc rctreva rgadead rgdwjfu salauun seywwpf tacvhqv tcvvbxe uaienyf ucmagum vcovrgd vdbjsdr wcxjfdd weslylw weyajfn xbycdsl xnedpjn ycvafsq ycvkyqh ykvmmih acewllg amjckce aunhdgl aaamhgb apqhomw amvsldl asvatxl apiypbm acrygru awqkuci aoihtpd adpygbq aqluplj apwxeka awptblx apsbalc 
12aafpe 12ohsia 1aaafpe 1aohsia 1baafpe 1bohsia 1cxjfdd 12aafpe 12ohsia 1aaafpe 1aohsia 1baafpe 1bohsia 1cxjfdd 
FALSE 
FALSE 
61aafpe 61ohsia m1exvsa n1otobn o1mafwq o1mafwq 
mxexvsa 
aajlonr abnkwqa bbvpjle bdatupn bduowbl cbfedwq cbmhtft cgrsvlr dckhcbr dgfgcxr eetpubc eewogab eewtmmg ejfqvma fcamyse ffkamqv gbgspep gedryou gepkulm hanilpl hawtgag hfqiuhf iaevkii ibjufod jaaecqa jfoqdga kbiohws kbvhpwl kdgmimd lewytxo lhabwnr mcuvbep mfhrcsv ncjyfar ndoatcd obannvy obcsivn oefupop pfysmmw pisviyw qaevfvs qbayhra qbnrauc raetssa rctreva salauun seywwpf tacvhqv tcvvbxe uaienyf ucmagum vcovrgd vdbjsdr wcxjfdd weslylw weyajfn xbycdsl xnedpjn ycvafsq ycvkyqh ykvmmih acewllg amjckce aunhdgl aaamhgb apqhomw amvsldl asvatxl apiypbm acrygru awqkuci aoihtpd adpygbq aqluplj apwxeka awptblx apsbalc afhuxta ayqxoiq 
TRUE 
qzhabbu qziovke 
50aafpe 50ohsia j0axmnb 
107.584087 
qdveeax 
aajlonr abnkwqa bbvpjle bdatupn bduowbl cbfedwq cbmhtft cgrsvlr dckhcbr dgfgcxr eetpubc eewogab eewtmmg ejfqvma fcamyse ffkamqv gbgspep gedryou gepkulm hanilpl hawtgag hfqiuhf iaevkii ibjufod jaaecqa jfoqdga kbiohws kbvhpwl kdgmimd lewytxo lhabwnr mcuvbep mfhrcsv ncjyfar ndoatcd obannvy obcsivn oefupop pfysmmw pisviyw qaevfvs qbayhra qbnrauc raetssa rctreva salauun seywwpf tacvhqv tcvvbxe uaienyf ucmagum vcovrgd vdbjsdr wcxjfdd weslylw weyajfn xbycdsl xnedpjn ycvafsq ycvkyqh yiehltu acewllg amjckce aunhdgl aaamhgb apqhomw amvsldl asvatxl apiypbm acrygru awqkuci aoihtpd adpygbq aqluplj apwxeka awptblx apsbalc afhuxta ayqxoiq aspmluj 
FALSE 
aajlonr abnkwqa bbvpjle bdatupn bduowbl cbfedwq cbmhtft cgrsvlr dckhcbr dgfgcxr eetpubc eewogab eewtmmg ejfqvma fcamyse ffkamqv gbgspep gedryou gepkulm hanilpl hawtgag hfqiuhf iaevkii ibjufod jaaecqa jfoqdga kbiohws kbvhpwl kdgmimd lewytxo lhabwnr mcuvbep mfhrcsv ncjyfar ndoatcd obannvy obcsivn oefupop pfysmmw pisviyw qaevfvs qbayhra qbnrauc raetssa rctreva salauun seywwpf tacvhqv tcvvbxe uaienyf ucmagum vajiaoh vcovrgd wcxjfdd weslylw weyajfn xbycdsl xmvvasm ycvafsq ycvkyqh yiehltu acewllg amjckce aunhdgl aaamhgb apqhomw amvsldl asvatxl apiypbm acrygru awqkuci aoihtpd adpygbq aqluplj apwxeka awptblx apsbalc afhuxta ayqxoiq aspmluj 
67aafpe 67ohsia 6paafpe 6pohsia 6qaafpe 6qohsia 6raafpe 6rohsia 6saafpe 6sohsia m7exvsa mpexvsa mqexvsa mrexvsa msexvsa n7otobn npotobn nqotobn nrotobn nsotobn o7mafwq opmafwq oqmafwq ormafwq osmafwq o7mafwq opmafwq oqmafwq ormafwq osmafwq 
TRUE 
63aafpe 63ohsia 6daafpe 6dohsia 6eslylw 6eyajfn 6faafpe 6fohsia m3exvsa mdexvsa meexvsa mfhrcsv n3cdjpc n3otobn ndoatcd necdjpc neotobn nfgkmqw o3mafwq odmafwq oefupop ofmafwq o3mafwq odmafwq oefupop ofmafwq 

04aafpe 04ohsia 0gaafpe 0gohsia 0haafpe 0hohsia 0ikwcdm 04aafpe 04ohsia 0gaafpe 0gohsia 0haafpe 0hohsia 0ikwcdm 
aajlonr abnkwqa bbvpjle bdatupn bduowbl cbfedwq cbmhtft cgrsvlr dckhcbr dgfgcxr ecmmkaf eetpubc eewogab eewtmmg fcamyse ffkamqv gbgspep gedryou gepkulm hanilpl hawtgag hfqiuhf iaevkii ibjufod jaaecqa jfoqdga kbiohws kbvhpwl kdgmimd lcuiyaw lewytxo mcuvbep mfhrcsv ncjyfar ndoatcd obannvy obcsivn oefupop pdsacae pfysmmw qaevfvs qbayhra qbnrauc raetssa rctreva salauun seywwpf tacvhqv tcvvbxe uaienyf ucmagum vajiaoh vcovrgd wcxjfdd weslylw weyajfn xbycdsl xmvvasm ycvafsq ycvkyqh yiehltu acewllg amjckce aunhdgl aaamhgb apqhomw amvsldl asvatxl apiypbm acrygru awqkuci aoihtpd adpygbq aqluplj apwxeka awptblx apsbalc afhuxta ayqxoiq aspmluj aiffkwv 
aajlonr abnkwqa bbvpjle bdatupn bduowbl cbfedwq cbmhtft cgrsvlr dckhcbr dgfgcxr ecmmkaf eetpubc eewogab eewtmmg fbjwcgc fcamyse gbgspep gedryou gepkulm hanilpl hawtgag hfqiuhf iaevkii ibjufod jaaecqa jfoqdga kbiohws kbvhpwl kdgmimd lcuiyaw lewytxo mcuvbep mfhrcsv ncjyfar ndoatcd obannvy obcsivn oefupop pdsacae pfysmmw qaevfvs qbayhra qbnrauc raetssa rctreva salauun seywwpf tacvhqv tcvvbxe uaienyf ucmagum vajiaoh vcovrgd wcxjfdd weslylw weyajfn xbycdsl xmvvasm ycvafsq ycvkyqh yiehltu acewllg amjckce aunhdgl aaamhgb apqhomw amvsldl asvatxl apiypbm acrygru awqkuci aoihtpd adpygbq aqluplj apwxeka awptblx apsbalc afhuxta ayqxoiq aspmluj aiffkwv 
yeslylw yeyajfn 
aajlonr abnkwqa bbvpjle bdatupn bduowbl cbfedwq cbmhtft cgrsvlr dckhcbr ddjnsgr ecmmkaf eetpubc eewogab eewtmmg fbjwcgc fcamyse gbgspep gedryou gepkulm hanilpl hawtgag hfqiuhf iaevkii ibjufod jaaecqa jfoqdga kbiohws kbvhpwl kdgmimd lcuiyaw lewytxo mcuvbep mfhrcsv ncjyfar ndoatcd obannvy obcsivn oefupop parojbp pbwsqdn qaevfvs qbayhra qbnrauc raetssa rctreva salauun seywwpf tacvhqv tcvvbxe uaienyf ucmagum vajiaoh vcovrgd wcxjfdd weslylw weyajfn xbycdsl xmvvasm ycvafsq ycvkyqh yiehltu acewllg amjckce aunhdgl aaamhgb apqhomw amvsldl asvatxl apiypbm acrygru awqkuci aoihtpd adpygbq aqluplj apwxeka awptblx apsbalc afhuxta ayqxoiq aspmluj aiffkwv 
107.461672 
aajlonr abnkwqa bbvpjle bdatupn bduowbl cbfedwq cbmhtft cgrsvlr dckhcbr ddjnsgr ecmmkaf eetpubc eewogab eewtmmg fbjwcgc fcamyse gbgspep gedryou gepkulm hanilpl hawtgag hfqiuhf iaevkii ibjufod jaaecqa jfoqdga kbiohws kbvhpwl kdgmimd lcuiyaw lewytxo mcuvbep mfhrcsv ncjyfar ndoatcd obannvy obcsivn oefupop parojbp pbwsqdn qaevfvs qbayhra qbnrauc raetssa rctreva salauun seywwpf tacvhqv taxclmb tcvvbxe uaienyf ucmagum vajiaoh vcovrgd wcxjfdd weslylw weyajfn xbycdsl xmvvasm ycvafsq ycvkyqh yiehltu acewllg amjckce aunhdgl aaamhgb apqhomw amvsldl asvatxl apiypbm acrygru awqkuci aoihtpd adpygbq aqluplj apwxeka awptblx apsbalc afhuxta ayqxoiq aspmluj aiffkwv 
38aafpe 38ohsia 3taafpe 3tohsia 3uaafpe 3uohsia 3vaafpe 3vohsia dtvaked e8klffl etklffl euklffl evklffl ftrofpg ftrofpg 
FALSE 
aajlonr abnkwqa bbvpjle bdatupn bduowbl cbfedwq cbmhtft cgrsvlr dckhcbr ddjnsgr ecmmkaf eetpubc eewogab eewtmmg fbjwcgc fcamyse gbgspep gedryou gepkulm hanilpl hawtgag hfqiuhf iaevkii ibjufod jaaecqa jfoqdga kbiohws kbvhpwl kdgmimd lcuiyaw lewytxo mcuvbep mfhrcsv ncjyfar ndoatcd obannvy obcsivn oefupop parojbp pbwsqdn qaevfvs qbayhra qbnrauc raetssa rctreva salauun seywwpf tacvhqv taxclmb tcvvbxe uaienyf ucmagum vajiaoh vcovrgd wcxjfdd weslylw weyajfn xbycdsl xmvvasm ycvafsq ycvkyqh yiehltu acewllg amjckce aunhdgl aaamhgb apqhomw amvsldl asvatxl apiypbm acrygru awqkuci aoihtpd adpygbq aqluplj apwxeka awptblx apsbalc afhuxta ayqxoiq aspmluj aiffkwv 
ejfqvma 
FALSE 
vajiaoh 
oefupop 
bjahmxd 
FALSE 
FALSE 
gmaamjg gmjpksj 
95aafpe 95ohsia 9jaafpe 9johsia 9kaafpe 9kohsia 9laafpe 9lohsia w5aafpe w5ohsia wjaafpe wjohsia wkaafpe wkohsia wlaafpe wlohsia x5aafpe x5ohsia xjaafpe xjohsia xkaafpe xkohsia xlaafpe xlohsia y5aafpe y5ohsia yjaafpe yjohsia ykaafpe ykohsia ylaafpe ylohsia z5aafpe z5ohsia zjaafpe zjohsia zkaafpe zkohsia zlaafpe zlohsia z5aafpe z5ohsia zjaafpe zjohsia zkaafpe zkohsia zlaafpe zlohsia 
59aafpe 59ohsia 5waafpe 5wohsia 5xaafpe 5xohsia 5yaafpe 5yohsia 5zaafpe 5zohsia j9axmnb jwaxmnb jxaxmnb jyaxmnb jzaxmnb kwjacrt kyntumw lxlqmne lxlqmne 
aajlonr abnkwqa bbvpjle bdatupn bduowbl cbfedwq cbmhtft cgrsvlr dckhcbr ddjnsgr ecmmkaf eetpubc eewogab eewtmmg fbjwcgc fcamyse gbgspep gedryou gepkulm hanilpl hawtgag hfqiuhf iaevkii ibjufod jaaecqa jcraanb kbiohws kbvhpwl kdgmimd lcuiyaw lewytxo mcuvbep mfhrcsv ncjyfar ndoatcd obannvy obcsivn oefupop pajdggr parojbp pbwsqdn qaevfvs qbayhra qbnrauc raetssa rctreva salauun sejealk seywwpf tacvhqv taxclmb tcvvbxe uaienyf ucmagum vajiaoh vcovrgd wcxjfdd weslylw weyajfn xbycdsl xmvvasm ycvafsq ycvkyqh yiehltu acewllg amjckce aunhdgl aaamhgb apqhomw amvsldl asvatxl apiypbm acrygru awqkuci aoihtpd adpygbq aqluplj apwxeka awptblx apsbalc afhuxta ayqxoiq aspmluj aiffkwv 
vtovrgd 
10aafpe 10ohsia 10aafpe 10ohsia 
aajlonr abnkwqa bbvpjle bdatupn bduowbl cbfedwq cbmhtft cgrsvlr dckhcbr ddjnsgr ecmmkaf eetpubc eewogab eewtmmg fbjwcgc fcamyse gbgspep gedryou gepkulm hanilpl hawtgag hfqiuhf iaevkii ibjufod jaaecqa jcraanb kbiohws kbvhpwl kdgmimd lcuiyaw lewytxo mcuvbep mfhrcsv ncjyfar ndoatcd obannvy obcsivn oefupop pajdggr parojbp pbwsqdn qaevfvs qbayhra qbnrauc raetssa rctreva salauun sejealk seywwpf tacvhqv taxclmb tcvvbxe uaienyf ucmagum vajiaoh vcovrgd wcxjfdd weslylw weyajfn xbycdsl xincbas ycvafsq ycvkyqh yiehltu acewllg amjckce aunhdgl aaamhgb apqhomw amvsldl asvatxl apiypbm acrygru awqkuci aoihtpd adpygbq aqluplj apwxeka awptblx apsbalc afhuxta ayqxoiq aspmluj aiffkwv 
FALSE 
aajlonr abnkwqa bbvpjle bdatupn bduowbl cbfedwq cbmhtft cgrsvlr dckhcbr ddjnsgr ecmmkaf eetpubc eewogab eewtmmg fbjwcgc fcamyse gbgspep gedryou gepkulm hanilpl hawtgag hfqiuhf iaevkii ibjufod jaaecqa jcraanb kbiohws kbvhpwl kdgmimd lcuiyaw lewytxo mcuvbep mfhrcsv ncjyfar ndoatcd obannvy obcsivn oefupop pajdggr parojbp pbwsqdn qaevfvs qbayhra qbnrauc raetssa rctreva salauun sejealk seywwpf tacvhqv taxclmb tcvvbxe uaienyf ucmagum vajiaoh vcovrgd wcxjfdd weslylw weyajfn xbycdsl xincbas ycvafsq ycvkyqh yiehltu acewllg amjckce aunhdgl aaamhgb apqhomw amvsldl asvatxl apiypbm acrygru awqkuci aoihtpd adpygbq aqluplj apwxeka awptblx apsbalc afhuxta ayqxoiq aspmluj aiffkwv 
aajlonr abnkwqa bbvpjle bdatupn bduowbl cbfedwq cbmhtft cgrsvlr dckhcbr ddjnsgr ecmmkaf eetpubc eewogab eewtmmg fbjwcgc fcamyse gbgspep gedryou gepkulm hanilpl hawtgag hfqiuhf iaevkii ibjufod jaaecqa jcraanb kbiohws kbvhpwl kdgmimd lcuiyaw lewytxo mcuvbep mfhrcsv ncjyfar ndoatcd obannvy obcsivn oefupop pajdggr parojbp pbwsqdn qaevfvs qbayhra qbnrauc raetssa rctreva salauun sejealk seywwpf tacvhqv taxclmb tcvvbxe uaienyf ucmagum vajiaoh vcovrgd wcxjfdd weslylw weyajfn xbycdsl xincbas ycvafsq ycvkyqh yiehltu acewllg amjckce aunhdgl aaamhgb apqhomw amvsldl asvatxl apiypbm acrygru awqkuci aoihtpd adpygbq aqluplj apwxeka awptblx apsbalc afhuxta ayqxoiq aspmluj aiffkwv aolyswo 
aajlonr abnkwqa bbvpjle bdatupn bduowbl cbfedwq cbmhtft cgrsvlr dckhcbr ddjnsgr ecmmkaf eetpubc eewogab eewtmmg fbjwcgc fcamyse gbgspep gedryou gepkulm hanilpl hawtgag hfqiuhf iaevkii ibjufod jaaecqa jcraanb kbiohws kbvhpwl kdgmimd lcuiyaw lewytxo mcuvbep mfhrcsv ncjyfar ndoatcd obannvy obcsivn oefupop pajdggr parojbp pbwsqdn qaevfvs qbayhra qbnrauc raetssa rcnhvud rctreva salauun sejealk seywwpf tacvhqv taxclmb tcvvbxe uaienyf ucmagum vajiaoh vcovrgd wcxjfdd weslylw weyajfn xbycdsl xincbas ycvafsq ycvkyqh yiehltu acewllg amjckce aunhdgl aaamhgb apqhomw amvsldl asvatxl apiypbm acrygru awqkuci aoihtpd adpygbq aqluplj apwxeka awptblx apsbalc afhuxta ayqxoiq aspmluj aiffkwv aolyswo 
107.382060 
91aafpe 91ohsia w1aafpe w1ohsia x1aafpe x1ohsia y1aafpe y1ohsia z1aafpe z1ohsia z1aafpe z1ohsia 
xikwcdm 
auhonpb 
wlaafpe wlohsia 
aajlonr abnkwqa bbvpjle bdatupn bduowbl cbfedwq cbmhtft cgrsvlr dbtwaeh dckhcbr ecmmkaf eetpubc eewogab eewtmmg fbjwcgc fcamyse gbgspep gedryou gepkulm hanilpl hawtgag hfqiuhf iaevkii ibjufod jaaecqa jcraanb kbiohws kbvhpwl kdgmimd lcuiyaw lewytxo mcuvbep mfhrcsv ncjyfar ndoatcd obannvy obcsivn oefupop pajdggr parojbp pbwsqdn qaevfvs qbayhra qbnrauc raetssa rcnhvud rctreva salauun sejealk seywwpf tacvhqv taxclmb tcvvbxe uaienyf ucmagum vajiaoh vcovrgd wcxjfdd weslylw weyajfn xbycdsl xincbas ycvafsq ycvkyqh yiehltu acewllg amjckce aunhdgl aaamhgb apqhomw amvsldl asvatxl apiypbm acrygru awqkuci aoihtpd adpygbq aqluplj apwxeka awptblx apsbalc afhuxta ayqxoiq aspmluj aiffkwv aolyswo 
aajlonr abnkwqa bbvpjle bdatupn bduowbl cbfedwq cbmhtft cgrsvlr dbtwaeh dckhcbr ecmmkaf eetpubc eewogab eewtmmg fbjwcgc fcamyse gbgspep gedryou gepkulm hanilpl hawtgag hfqiuhf iaevkii ibjufod jaaecqa jcraanb kbiohws kbvhpwl kdgmimd lcuiyaw lewytxo mcuvbep mfhrcsv ncjyfar ndoatcd obannvy obcsivn oefupop pajdggr parojbp pbwsqdn qaevfvs qbayhra qbnrauc raetssa rcnhvud rctreva salauun sejealk seywwpf tacvhqv taxclmb tbqiavl uaienyf ucmagum vajiaoh vcovrgd wcxjfdd weslylw weyajfn xbycdsl xincbas ycvafsq ycvkyqh yiehltu acewllg amjckce aunhdgl aaamhgb apqhomw amvsldl asvatxl apiypbm acrygru awqkuci aoihtpd adpygbq aqluplj apwxeka awptblx apsbalc afhuxta ayqxoiq aspmluj aiffkwv aolyswo 
hhaefnl hhohava 
15aafpe 15ohsia 1jaafpe 1johsia 1kaafpe 1kohsia 1laafpe 1lohsia 15aafpe 15ohsia 1jaafpe 1johsia 1kaafpe 1kohsia 1laafpe 1lohsia 
jnaxmnb 
aajlonr abnkwqa bbvpjle bdatupn bduowbl cbfedwq cbmhtft cgrsvlr dbtwaeh dckhcbr ecmmkaf eetpubc eewogab eewtmmg fbjwcgc fcamyse gbgspep gedryou gepkulm hanilpl hawtgag hfqiuhf iaevkii ibjufod jaaecqa jcraanb kbiohws kbvhpwl kdgmimd lcuiyaw lewytxo mcuvbep mfhrcsv ncjyfar ndoatcd obannvy obcsivn oefupop pajdggr parojbp pbwsqdn qaevfvs qbayhra qbnrauc raetssa rcnhvud rctreva salauun sejealk seywwpf tacvhqv taxclmb tbqiavl uaienyf ucmagum vajiaoh vcovrgd wcxjfdd weslylw weyajfn xbycdsl xincbas ycvafsq ycvkyqh yiehltu acewllg amjckce aunhdgl aaamhgb apqhomw amvsldl asvatxl apiypbm acrygru awqkuci aoihtpd adpygbq aqluplj apwxeka awptblx apsbalc afhuxta ayqxoiq aspmluj aiffkwv aolyswo 
aajlonr abnkwqa bbvpjle bdatupn bduowbl cbfedwq cbmhtft cgrsvlr dbtwaeh dckhcbr eabrbvq ecmmkaf fbjwcgc fcamyse gbgspep gedryou gepkulm hanilpl hawtgag hfqiuhf iaevkii ibjufod jaaecqa jcraanb kbiohws kbvhpwl kdgmimd lcuiyaw lewytxo mcuvbep mfhrcsv ncjyfar ndoatcd obannvy obcsivn oefupop pajdggr parojbp pbwsqdn qaevfvs qbayhra qbnrauc raetssa rcnhvud rctreva salauun saogakm sejealk seywwpf tacvhqv taxclmb tbmmsjx tbqiavl uaienyf ucmagum vajiaoh vcovrgd wcxjfdd weslylw weyajfn xbycdsl xincbas ycvafsq ycvkyqh yiehltu acewllg amjckce aunhdgl aaamhgb apqhomw amvsldl asvatxl apiypbm acrygru awqkuci aoihtpd adpygbq aqluplj apwxeka awptblx apsbalc afhuxta ayqxoiq aspmluj aiffkwv aolyswo ahnqqmk 
FALSE 
aajlonr abnkwqa bbvpjle bdatupn bduowbl cbfedwq cbmhtft cgrsvlr dbtwaeh dckhcbr eabrbvq ecmmkaf fbjwcgc fcamyse gbgspep gedryou gepkulm hanilpl hawtgag hfqiuhf iaevkii ibjufod jaaecqa jcraanb kbiohws kbvhpwl kdgmimd lcuiyaw lewytxo mcuvbep mfhrcsv ncjyfar ndoatcd obannvy obcsivn oefupop pajdggr parojbp pbwsqdn qaevfvs qbayhra qbnrauc raetssa rcnhvud rctreva salauun saogakm sejealk seywwpf tacvhqv taxclmb tbmmsjx tbqiavl uaienyf ucmagum vajiaoh vcovrgd wcxjfdd weslylw weyajfn xbycdsl xgygsnf ycvafsq ycvkyqh yiehltu acewllg amjckce aunhdgl aaamhgb apqhomw amvsldl asvatxl apiypbm acrygru awqkuci aoihtpd adpygbq aqluplj apwxeka awptblx apsbalc afhuxta ayqxoiq aspmluj aiffkwv aolyswo ahnqqmk 
vwovrgd 
aajlonr abnkwqa bbvpjle bdatupn bduowbl cbfedwq cbmhtft cgrsvlr dbtwaeh dckhcbr eabrbvq ecmmkaf fbjwcgc fcamyse gbgspep gedryou gepkulm hanilpl hawtgag hfqiuhf iaevkii ibjufod jaaecqa jcraanb kbiohws kbvhpwl kdgmimd lcuiyaw lewytxo mcuvbep mfhrcsv ncjyfar ndoatcd obannvy obcsivn oefupop pajdggr parojbp pbwsqdn qaevfvs qbayhra qbnrauc raetssa rcnhvud rctreva salauun saogakm sejealk seywwpf tacvhqv taxclmb tbmmsjx tbqiavl uaienyf ucmagum vajiaoh vcovrgd wcxjfdd weslylw weyajfn xbycdsl xgygsnf ycvafsq ycvkyqh yiehltu acewllg amjckce aunhdgl aaamhgb apqhomw amvsldl asvatxl apiypbm acrygru awqkuci aoihtpd adpygbq aqluplj apwxeka awptblx apsbalc afhuxta ayqxoiq aspmluj aiffkwv aolyswo ahnqqmk 
45aafpe 45ohsia 4jaafpe 4johsia 4kaafpe 4kohsia 4laafpe 4lohsia gjaaafl ijwvbcl ikpmmou ilcvrks ilpkgxc ijwvbcl ikpmmou ilcvrks ilpkgxc 
76aafpe 76ohsia 7maafpe 7mohsia 7naafpe 7nohsia 7oaafpe 7oohsia q6habbu q6iovke qmhabbu qmiovke qnwgltj qohabbu qoiovke rmbtwyr rnrmxel rocbstv smakpio smjwjjp sodgrpx smakpio smjwjjp sodgrpx 
87aafpe 87ohsia 8paafpe 8pohsia 8qaafpe 8qohsia 8raafpe 8rohsia 8saafpe 8sohsia trvrmbc tsnavdp tsnfxhi updaame urkdidr v7ovrgd vpovrgd vqovrgd vrovrgd vsovrgd v7ovrgd vpovrgd vqovrgd vrovrgd vsovrgd 
aajlonr abnkwqa bbvpjle bdatupn bduowbl cbfedwq cbmhtft cgrsvlr dbtwaeh dckhcbr eabrbvq ecmmkaf fbjwcgc fcamyse gbgspep gedryou gepkulm hanilpl hawtgag hfqiuhf iaevkii ibjufod jaaecqa jcraanb kbiohws kbvhpwl kdgmimd lcuiyaw lewytxo mcuvbep mfhrcsv ncjyfar ndoatcd obannvy obcsivn oefupop pajdggr parojbp pbwsqdn qaevfvs qbayhra qbnrauc raetssa rcnhvud rctreva salauun saogakm sejealk seywwpf tacvhqv taxclmb tbmmsjx tbqiavl uaienyf ucmagum vajiaoh vcovrgd wcxjfdd webrbph weslylw xbycdsl xgygsnf ycvafsq ycvkyqh yiehltu acewllg amjckce aunhdgl aaamhgb apqhomw amvsldl asvatxl apiypbm acrygru awqkuci aoihtpd adpygbq aqluplj apwxeka awptblx apsbalc afhuxta ayqxoiq aspmluj aiffkwv aolyswo ahnqqmk 
91aafpe 91ohsia w1aafpe w1ohsia x1aafpe x1ohsia y1aafpe y1ohsia z1aafpe z1ohsia z1aafpe z1ohsia 
aajlonr abnkwqa bbvpjle bdatupn bduowbl cbfedwq cbmhtft cgrsvlr dbtwaeh dckhcbr eabrbvq ecmmkaf fbjwcgc fcamyse gbgspep gedryou gepkulm hanilpl hawtgag hfqiuhf iaevkii ibjufod jaaecqa jcraanb kbiohws kbvhpwl kdgmimd lcuiyaw lewytxo mcuvbep mfhrcsv ncjyfar ndoatcd obannvy obcsivn oefupop pajdggr parojbp pbwsqdn qaevfvs qbayhra qbnrauc raetssa rcnhvud rctreva salauun saogakm sejealk seywwpf tacvhqv taxclmb tbmmsjx tbqiavl uaienyf ucmagum vajiaoh vcovrgd wcxjfdd webrbph weslylw xbycdsl xgygsnf ycvafsq ycvkyqh yiehltu acewllg amjckce aunhdgl aaamhgb apqhomw amvsldl asvatxl apiypbm acrygru awqkuci aoihtpd adpygbq aqluplj apwxeka awptblx apsbalc afhuxta ayqxoiq aspmluj aiffkwv aolyswo ahnqqmk 

78aafpe 78ohsia 7taafpe 7tohsia 7uaafpe 7uohsia 7vaafpe 7vohsia ptbindf ptswoaf pufraou puvtvaa pvahaxd pvkigcu q8habbu q8iovke qtpjsgv quhabbu quiovke qvhabbu qviovke rublxmb 
aajlonr abnkwqa bbvpjle bcawhtg cbfedwq cbmhtft cgrsvlr dbtwaeh dckhcbr eabrbvq ecmmkaf fbjwcgc fcamyse gbgspep gedryou gepkulm hanilpl hawtgag hfqiuhf iaevkii ibjufod jaaecqa jcraanb kbiohws kbvhpwl kdgmimd lcuiyaw lewytxo mcuvbep mfhrcsv ncjyfar ndoatcd obannvy obcsivn oefupop pajdggr parojbp pbwsqdn qaevfvs qbayhra qbnrauc raetssa rcnhvud rctreva salauun saogakm sejealk seywwpf tacvhqv taxclmb tbmmsjx tbqiavl uaienyf ucmagum vajiaoh vcovrgd wcxjfdd webrbph weslylw xbycdsl xgygsnf ycvafsq ycvkyqh yiehltu acewllg amjckce aunhdgl aaamhgb apqhomw amvsldl asvatxl apiypbm acrygru awqkuci aoihtpd adpygbq aqluplj apwxeka awptblx apsbalc afhuxta ayqxoiq aspmluj aiffkwv aolyswo ahnqqmk amkxjfj 
aajlonr abnkwqa bbvpjle bcawhtg cbfedwq cbmhtft cgrsvlr dbtwaeh dckhcbr eabrbvq ecmmkaf fbjwcgc fcamyse gbgspep gedryou gepkulm hanilpl hawtgag hfqiuhf iaevkii ibjufod jaaecqa jcraanb kbiohws kbvhpwl kdgmimd lcuiyaw lewytxo mcuvbep mfhrcsv ncjyfar ndoatcd obannvy obcsivn oefupop pajdggr parojbp pbwsqdn qaevfvs qbayhra qbnrauc raetssa rcnhvud rctreva salauun saogakm sejealk seywwpf tacvhqv taxclmb tbmmsjx tbqiavl uaienyf ucmagum vajiaoh vcovrgd wcxjfdd webrbph weslylw xbycdsl xgygsnf ycvafsq ycvkyqh yiehltu acewllg amjckce aunhdgl aaamhgb apqhomw amvsldl asvatxl apiypbm acrygru awqkuci aoihtpd adpygbq aqluplj apwxeka awptblx apsbalc afhuxta ayqxoiq aspmluj aiffkwv aolyswo ahnqqmk amkxjfj 

74aafpe 74ohsia 7ghkwpm 7haafpe 7hohsia 7ikwcdm pisviyw q4habbu q4iovke qgmjaqo qguvtpm qhhabbu qhiovke qihabbu qiiovke rgadead rgdwjfu rhkuywv riujaut sggyjri sggyjri 
nxcdawq nxcdjpc nxotobn 
29aafpe 29ohsia 2waafpe 2wohsia 2xaafpe 2xohsia 2yaafpe 2yohsia 2zaafpe 2zohsia awyuosa bwjefwj c9rsvlr cwrsvlr cxrsvlr cyrsvlr czrsvlr c9rsvlr cwrsvlr cxrsvlr cyrsvlr czrsvlr 
107.295238 
81aafpe 81ohsia v1ovrgd v1ovrgd 
aaftprq aajlonr abnkwqa bbvpjle bcawhtg cbfedwq cbmhtft cgrsvlr dbtwaeh dckhcbr eabrbvq ecmmkaf fbjwcgc fcamyse gbgspep gcolpqm hanilpl hawtgag hfqiuhf iaevkii ibjufod jaaecqa jcjvelj jcraanb kbiohws kbvhpwl kdgmimd lcuiyaw lewytxo mbehfjo mcuvbep ncjyfar ndoatcd obannvy obcsivn odlphww pajdggr parojbp pbwsqdn qaevfvs qbayhra qbnrauc raetssa raxdmfw rcnhvud rctreva salauun saogakm sejealk seywwpf tacvhqv taxclmb tbmmsjx tbqiavl uaienyf ucmagum vajiaoh vcovrgd wcxjfdd webrbph wesljeu weslylw xbycdsl xgygsnf ycvafsq ycvkyqh yiehltu acewllg amjckce aunhdgl aaamhgb apqhomw amvsldl asvatxl apiypbm acrygru awqkuci aoihtpd adpygbq aqluplj apwxeka awptblx apsbalc afhuxta ayqxoiq aspmluj aiffkwv aolyswo ahnqqmk amkxjfj amedidr 
FALSE 
FALSE 

