

6vahsax mvahsax nvahsax ovahsax ovahsax 



fcxbayt 

aqibyol arvmcmi bcxbayt bvahsax dgqptia fdwsgvy fuywlaw isndljx lmdsbqy mrnjwsj ohbpthm pplrnku rjchiic rxygmwt sxvqqpx usswqmd whivcya xkasqgn ybfpldo 
FALSE 

aqibyol arvmcmi bcxbayt bvahsax cmmjcbb dgqptia eighumy fdwsgvy fuywlaw gwqljbd htyprej ievjskl ihtmtmt kmpmopf lmdsbqy mrnjwsj oaflskx ohbpthm pplrnku rjchiic rxygmwt sdaroft suapfdn uedbpwh usswqmd vhdjwxs vqfbsta whivcya xkasqgn ybfpldo ajgdtno agithtd 

108.667954 
aqibyol arvmcmi bcxbayt bvahsax cmmjcbb dgqptia dluvinl eighumy fdwsgvy fuywlaw gwqljbd htyprej ievjskl ihtmtmt kmpmopf lmdsbqy mgoswrl mrnjwsj oaflskx ohbpthm pplrnku qmvnmba rjchiic rxygmwt sdaroft suapfdn tchlehc uedbpwh usswqmd vhdjwxs vqfbsta whivcya xkasqgn xuagysr ybfpldo ajgdtno agithtd 
108.586466 

aqibyol arvmcmi bcxbayt bvahsax cmmjcbb ddbkaig dgqptia eighumy fdwsgvy fuywlaw gwqljbd htyprej ievjskl ihtmtmt kmpmopf kyqundx lmdsbqy mgoswrl mrnjwsj oaflskx ohbpthm pbrdbej pplrnku qmvnmba rjchiic rvsuuqh sdaroft suapfdn tchlehc tjkaysi uedbpwh usswqmd vhdjwxs vqfbsta whivcya xkasqgn xuagysr ybfpldo yyenrmk ajgdtno agithtd 
aqibyol arvmcmi bcxbayt bvahsax cmmjcbb ddbkaig dgqptia eighumy fdwsgvy fuywlaw gwqljbd htyprej ievjskl ihtmtmt kmpmopf kyqundx lmdsbqy mgoswrl mrnjwsj oaflskx ohbpthm pbrdbej pplrnku qmvnmba rjchiic rvsuuqh sdaroft suapfdn tchlehc tjkaysi uedbpwh usswqmd vhdjwxs vqfbsta whivcya xkasqgn xuagysr ybfpldo yyenrmk ajgdtno agithtd 

aqibyol arvmcmi bcxbayt bvahsax cmmjcbb ddbkaig dgqptia eighumy fdwsgvy fuywlaw gwqljbd htyprej ievjskl ihtmtmt jxgcfqp kmpmopf kqgjrkc lmdsbqy mgoswrl mrnjwsj oaflskx ohbpthm pbrdbej pplrnku qmvnmba rjchiic rvsuuqh sdaroft suapfdn tchlehc tjkaysi uedbpwh usswqmd vhdjwxs vqfbsta whivcya xkasqgn xuagysr ybfpldo yyenrmk ajgdtno agithtd 

aqibyol arvmcmi bcxbayt bvahsax cmmjcbb ddbkaig dgqptia eighumy fdwsgvy fuywlaw gwqljbd htyprej ievjskl ihtmtmt jxgcfqp kmpmopf kqgjrkc lmdsbqy mgoswrl mrnjwsj oaflskx ohbpthm pbrdbej pplrnku qmvnmba rjchiic rvsuuqh sdaroft suapfdn tchlehc tjkaysi uedbpwh usswqmd vhdjwxs vqfbsta whivcya xkasqgn xuagysr ybfpldo yyenrmk ajgdtno agithtd 
aqibyol arvmcmi bcxbayt bvahsax cmmjcbb ddbkaig dgqptia eighumy fdwsgvy fuywlaw gwqljbd htyprej ievjskl ihtmtmt jxgcfqp kmpmopf kqgjrkc lmdsbqy mgoswrl mrnjwsj oaflskx ohbpthm pbrdbej pplrnku qmvnmba rjchiic rvsuuqh sdaroft suapfdn tchlehc tjkaysi uedbpwh usswqmd vhdjwxs vqfbsta whivcya xkasqgn xpesdvc ybfpldo ydjnjer ajgdtno agithtd 
FALSE 

aqibyol arvmcmi bcxbayt bvahsax cmmjcbb ddbkaig dgqptia eighumy fdwsgvy fuywlaw gwqljbd htyprej hxomcya ievjskl ihtmtmt jxgcfqp kmpmopf kqgjrkc lmdsbqy mgoswrl mrnjwsj nujvacy oaflskx ohbpthm pbrdbej potyqka qmvnmba rjchiic rvsuuqh sdaroft suapfdn tchlehc tjkaysi uedbpwh usswqmd vhdjwxs vqfbsta whivcya xkasqgn xpesdvc ybfpldo ydjnjer ajgdtno agithtd 

FALSE 
9vahsax wvahsax xvahsax yvahsax zvahsax zvahsax 
aqibyol arvmcmi bcxbayt btsaxqx cmmjcbb ddbkaig dgqptia eighumy fdwsgvy fuywlaw galicre gtampdu hbekump htyprej ievjskl ihtmtmt jxgcfqp kmpmopf kqgjrkc lmdsbqy lavlkty mgoswrl mknoyvk nujvacy oaflskx ohbpthm pbrdbej potyqka qmvnmba rjchiic rvsuuqh sdaroft suapfdn tchlehc tjkaysi uedbpwh usswqmd vhdjwxs vqfbsta whivcya xhaxfll xkasqgn ybfpldo ydjnjer ajgdtno agithtd abcuysq atjrgfq 
aqibyol arvmcmi bcxbayt btsaxqx cmmjcbb ddbkaig dgqptia efpdsvu eighumy fdwsgvy fuywlaw galicre gtampdu hbekump htyprej ievjskl ihtmtmt jxgcfqp kmpmopf kqgjrkc lmdsbqy lavlkty mescaqp mgoswrl nujvacy oaflskx ohbpthm pbrdbej potyqka qmvnmba rfrtfbi rjchiic sdaroft suapfdn tchlehc tjkaysi uedbpwh usswqmd vhdjwxs vqfbsta whivcya xhaxfll xkasqgn ybfpldo ydjnjer ajgdtno agithtd abcuysq atjrgfq 


btsaxqx 
aqibyol arvmcmi bcxbayt bkufqfu cmmjcbb ddbkaig dgqptia efpdsvu egnrvnv fdwsgvy fuywlaw galicre gtampdu hbekump htyprej ievjskl ihtmtmt jxgcfqp kmpmopf kqgjrkc lmdsbqy lavlkty mescaqp mgoswrl nujvacy oaflskx ohbpthm pbrdbej potyqka qmvnmba rfrtfbi rjchiic sdaroft suapfdn tchlehc tjkaysi ueajlbt uedbpwh usswqmd vhdjwxs vqfbsta whivcya xhaxfll xjnlmri yayqnfn ybfpldo ajgdtno agithtd abcuysq atjrgfq 

alhbwqa aqibyol bcxbayt bkufqfu cmmjcbb ddbkaig dgqptia efpdsvu egnrvnv fdwsgvy fuywlaw galicre gtampdu hbekump htyprej ievjskl ihtmtmt jvfxbwv jxgcfqp kmpmopf kqgjrkc lmdsbqy lavlkty mescaqp mgoswrl nujvacy oaflskx ohbpthm pbrdbej potyqka qmvnmba rfrtfbi rjchiic scoqatq sdaroft tchlehc tjkaysi ueajlbt uedbpwh usswqmd vhdjwxs vqfbsta whivcya xeuldnr xhaxfll yayqnfn ybfpldo ajgdtno agithtd abcuysq atjrgfq 

alhbwqa aqibyol bcxbayt bkufqfu cmmjcbb ddbkaig dgqptia efpdsvu egnrvnv fdwsgvy fuywlaw galicre gtampdu hbekump htyprej ievjskl ihtmtmt jvfxbwv jxgcfqp kmpmopf kqgjrkc lmdsbqy lavlkty mescaqp mgoswrl nujvacy oaflskx ohbpthm pbrdbej potyqka qmvnmba rfrtfbi rjchiic scoqatq sdaroft tchlehc tjkaysi ueajlbt uedbpwh ulijxwi vhdjwxs vqfbsta whivcya xeuldnr xhaxfll yayqnfn ybfpldo ajgdtno agithtd abcuysq atjrgfq 

108.045822 

abnhexm alhbwqa bcxbayt bkufqfu cmmjcbb cttqkyx ddbkaig dgqptia efpdsvu egnrvnv fdwsgvy fejoyna galicre gtampdu hbekump hqnnlla ievjskl ihtmtmt jmucumq jumavtw kewsdmt kmpmopf lmdsbqy lavlkty mescaqp mgoswrl nujvacy oaflskx ohbpthm pbrdbej potyqka qmvnmba rfrtfbi rjchiic scoqatq sdaroft tchlehc tjbjrjv tjkaysi ueajlbt uedbpwh ulijxwi vhdjwxs vqfbsta whivcya xeuldnr xhaxfll yayqnfn ybfpldo ajgdtno agithtd abcuysq atjrgfq 
aqibyol arvmcmi aspbnve 
abnhexm alhbwqa bcxbayt bkufqfu cmmjcbb cttqkyx ddbkaig dgqptia efpdsvu egnrvnv fdwsgvy fejoyna galicre gtampdu hbekump hqnnlla ievjskl ihtmtmt jmucumq jumavtw kewsdmt kmpmopf lmdsbqy lavlkty mescaqp mgoswrl nujvacy oaflskx ohbpthm pbrdbej potyqka qmvnmba rfrtfbi rjchiic scoqatq sdaroft tchlehc tjbjrjv tjkaysi ueajlbt uedbpwh ulijxwi vhdjwxs vqfbsta whivcya xeuldnr xhaxfll yayqnfn ybfpldo ajgdtno agithtd abcuysq atjrgfq 

abnhexm alhbwqa bcxbayt bkufqfu cmmjcbb cttqkyx ddbkaig dgqptia efpdsvu egnrvnv fdihthb fdwsgvy fejoyna galicre geuxmrq hbekump hqnnlla ievjskl ihtmtmt jmucumq jumavtw kewsdmt kmpmopf lmdsbqy lavlkty mescaqp mgoswrl ngrxkcb nujvacy oaflskx ohbpthm pbrdbej potyqka qmvnmba rfrtfbi rjchiic scoqatq sdaroft tchlehc tjbjrjv tjkaysi ueajlbt uedbpwh ulijxwi vhdjwxs vqfbsta whivcya xeuldnr xhaxfll yayqnfn ybfpldo ajgdtno agithtd abcuysq atjrgfq aitkelj 
108.028061 
abnhexm alhbwqa bcxbayt bkufqfu cmmjcbb cttqkyx ddbkaig dgqptia efpdsvu egnrvnv fdihthb fdwsgvy fejoyna galicre geuxmrq hbekump hqnnlla ievjskl ihtmtmt jmucumq jumavtw kewsdmt kmpmopf lmdsbqy lavlkty mescaqp mgoswrl ngrxkcb nujvacy oaflskx ohbpthm pbrdbej potyqka qmvnmba rfrtfbi rjchiic scoqatq sdaroft tchlehc tjbjrjv tjkaysi ueajlbt uedbpwh ulijxwi vhdjwxs vqfbsta whivcya xeuldnr xhaxfll yayqnfn ybfpldo ajgdtno agithtd abcuysq atjrgfq aitkelj 
1tcaxii 1tsaxqx 1vahsax 1tcaxii 1tsaxqx 1vahsax 

abnhexm alhbwqa bcxbayt bggdrbk cmmjcbb cttqkyx ddbkaig dgqptia efpdsvu egnrvnv fdihthb fdwsgvy fejoyna galicre geuxmrq hbekump hqnnlla ievjskl ihtmtmt jmucumq jumavtw kewsdmt kmpmopf lmdsbqy lavlkty mescaqp mgoswrl ngrxkcb nujvacy oaflskx ohbpthm pbrdbej potyqka qmvnmba qndqxqt rfrtfbi rjchiic scoqatq sdaroft tchlehc tjbjrjv tjkaysi ueajlbt uedbpwh ulijxwi vhdjwxs vifrmmf whivcya xeuldnr xhaxfll yayqnfn ybfpldo ajgdtno agithtd abcuysq atjrgfq aitkelj 
FALSE 
abnhexm alhbwqa bcxbayt bggdrbk cmmjcbb cttqkyx ddbkaig dgqptia efpdsvu egnrvnv fdihthb fdwsgvy fejoyna galicre geuxmrq hbekump hqnnlla ievjskl ihtmtmt ihvjyrv jmucumq jumavtw kdcwsxr kewsdmt lmdsbqy lavlkty mescaqp mgoswrl ngrxkcb nujvacy oaflskx ohbpthm pbrdbej pgkjprc qmvnmba qndqxqt rfrtfbi rjchiic scoqatq sdaroft tchlehc tjbjrjv tjkaysi ueajlbt uedbpwh ulijxwi vhdjwxs vifrmmf whivcya xeuldnr xhaxfll yayqnfn ybfpldo ajgdtno agithtd abcuysq atjrgfq aitkelj 

abnhexm alhbwqa bcxbayt bggdrbk cmmjcbb cttqkyx ddbkaig dgqptia efpdsvu egnrvnv fdihthb fdwsgvy fejoyna galicre geuxmrq hbekump hqnnlla ievjskl ihtmtmt ihvjyrv jmucumq jumavtw kdcwsxr kewsdmt lmdsbqy lavlkty mescaqp mgoswrl ngrxkcb nujvacy oaflskx ohbpthm pbrdbej pgkjprc qmvnmba qndqxqt rfrtfbi rjchiic sbuuyog scoqatq tchlehc tjbjrjv tjkaysi ueajlbt uedbpwh ulijxwi vhdjwxs vifrmmf whivcya xeuldnr xhaxfll yayqnfn ybfpldo ajgdtno agithtd abcuysq atjrgfq aitkelj 
abnhexm alhbwqa bcxbayt bggdrbk cmmjcbb ctrfcqx cttqkyx ddbkaig dgqptia efpdsvu egnrvnv fdihthb fdwsgvy fejoyna galicre geuxmrq hbekump hqnnlla ievjskl ihtmtmt ihvjyrv jmucumq jumavtw kdcwsxr kewsdmt lmdsbqy lavlkty mescaqp mgoswrl ngrxkcb nomyyua oaflskx ohbpthm pbrdbej pgkjprc qmvnmba qndqxqt rfrtfbi rjchiic sbuuyog scoqatq tchlehc tjbjrjv tjkaysi ueajlbt uedbpwh ulijxwi vhdjwxs vifrmmf whivcya xeuldnr xhaxfll yayqnfn ybfpldo ajgdtno agithtd abcuysq atjrgfq aitkelj 
FALSE 
3cxbayt dcxbayt ecxbayt fcxbayt fcxbayt 
abnhexm alhbwqa bcxbayt bggdrbk cgnqkqb cmmjcbb ddbkaig dgqptia efpdsvu egnrvnv faapdyp fdihthb fdwsgvy galicre geuxmrq hbekump hntsymf iaxxcda ievjskl jmucumq jumavtw kdcwsxr kewsdmt lmdsbqy lavlkty mescaqp mgoswrl ngrxkcb nomyyua oaflskx ohbpthm pbrdbej pgkjprc qmvnmba qndqxqt rfrtfbi rjchiic sbuuyog scoqatq tchlehc tjbjrjv tjkaysi ueajlbt uedbpwh ulijxwi vhdjwxs vifrmmf whivcya xeuldnr xhaxfll yayqnfn ybfpldo ajgdtno agithtd abcuysq atjrgfq aitkelj aabrkla 
0ggdrbk 0ggdrbk 
abnhexm alhbwqa bcxbayt bggdrbk cgnqkqb cmmjcbb ddbkaig dgqptia efpdsvu egnrvnv faapdyp fdihthb fdwsgvy galicre geuxmrq hbekump hdxkfug iaxxcda ievjskl jmucumq jumavtw kdcwsxr kewsdmt lmdsbqy lavlkty mescaqp mgoswrl ngrxkcb nomyyua oaflskx ohbpthm pbrdbej pgkjprc qmvnmba qndqxqt rfrtfbi rjchiic sbuuyog scoqatq tchlehc tjbjrjv tjkaysi ueajlbt uedbpwh ulijxwi vhdjwxs vifrmmf whivcya xeuldnr xhaxfll yayqnfn ybfpldo ajgdtno agithtd abcuysq atjrgfq aitkelj aabrkla atirflw 
107.728814 


abnhexm alhbwqa bcxbayt bggdrbk ccaacui cgnqkqb ddbkaig dgqptia efpdsvu egnrvnv faapdyp fdihthb fdwsgvy galicre geuxmrq hbekump hdxkfug iaxxcda ievjskl jmucumq jpygevg kdcwsxr kewsdmt lmdsbqy lavlkty mcsisif mescaqp ngrxkcb nomyyua oaflskx ohbpthm pbrdbej pgkjprc qmvnmba qndqxqt rfrtfbi rjchiic sbuuyog scoqatq tchlehc tjbjrjv tjkaysi ueajlbt uedbpwh ulijxwi vhdjwxs vifrmmf whivcya xeuldnr xhaxfll yayqnfn ybfpldo ajgdtno agithtd abcuysq atjrgfq aitkelj aabrkla atirflw 

6kufqfu mkufqfu nkufqfu okufqfu okufqfu 
FALSE 

1kufqfu 1kufqfu 
FALSE 

hkufqfu 

abnhexm alhbwqa bcxbayt bggdrbk ccaacui cgnqkqb ddbkaig dgqptia efpdsvu egnrvnv faapdyp fdihthb fdwsgvy galicre gbayyse hbekump hdxkfug iaxxcda ievjskl jmucumq jpygevg kdcwsxr kewsdmt lmdsbqy lavlkty mcsisif mescaqp ngrxkcb nomyyua oaflskx oedmmmh pbrdbej pgkjprc qbrjgnr qmvnmba qmalrwt rfrtfbi rjchiic sajsetb sbuuyog tchlehc tjbjrjv tjkaysi ueajlbt uedbpwh ulijxwi vhdjwxs vifrmmf wdvawtg whivcya xenkafa xeuldnr xhaxfll yayqnfn ybfpldo ajgdtno agithtd abcuysq atjrgfq aitkelj aabrkla atirflw adyjayo 
abnhexm alhbwqa bcxbayt bggdrbk ccaacui cgnqkqb ddbkaig dgqptia efpdsvu egnrvnv faapdyp fdihthb fdwsgvy galicre gbayyse hbekump hdxkfug iaxxcda ievjskl jmucumq jpygevg kdcwsxr kewsdmt lmdsbqy lavlkty mcsisif mescaqp ngrxkcb nomyyua oaflskx oedmmmh pbrdbej pgkjprc qbrjgnr qmvnmba qmalrwt rfrtfbi rjchiic sajsetb sbuuyog tchlehc tjbjrjv tjkaysi ueajlbt uedbpwh ulijxwi vhdjwxs vifrmmf wdvawtg whivcya xenkafa xeuldnr xhaxfll yayqnfn ybfpldo ajgdtno agithtd abcuysq atjrgfq aitkelj aabrkla atirflw adyjayo 
FALSE 

107.588235 
abnhexm afkxwmc bcxbayt bggdrbk ccaacui cfnltui ddbkaig dgqptia efpdsvu egnrvnv faapdyp fdihthb fdwsgvy galicre gbayyse hbekump hdxkfug iaxxcda ievjskl jmucumq jpygevg kctjcty kdcwsxr lgwkntx lhnlalg mcsisif mescaqp ngrxkcb nomyyua oaflskx oedmmmh pbrdbej pgkjprc qbrjgnr qmvnmba qmalrwt rfrtfbi rjchiic sajsetb sbuuyog tcfnprl tchlehc tjbjrjv tjkaysi ueajlbt uedbpwh ulijxwi vhdjwxs vifrmmf wdvawtg whivcya xenkafa xeuldnr xhaxfll yasvqnc yayqnfn ybfpldo ajgdtno agithtd abcuysq atjrgfq aitkelj aabrkla atirflw adyjayo ajowjap aanwgcn avhusbk 
3kufqfu dkufqfu ekufqfu fkufqfu fkufqfu 
abnhexm afkxwmc bcxbayt bggdrbk ccaacui cfnltui ddbkaig dgqptia ednedjx efpdsvu faapdyp fdihthb fdwsgvy galicre gbayyse hbekump hdxkfug iaxxcda ievjskl jjsayfh jmucumq kctjcty kdcwsxr lgwkntx lhnlalg mcsisif mescaqp ngrxkcb nomyyua oaflskx oedmmmh pbrdbej pgkjprc qbrjgnr qmvnmba qmalrwt rfrtfbi rjchiic sajsetb sbuuyog tcfnprl tchlehc tjbjrjv tjkaysi ueajlbt uedbpwh ulijxwi vhdjwxs vifrmmf wdvawtg whivcya xenkafa xeuldnr xhaxfll yasvqnc yayqnfn ybfpldo ajgdtno agithtd abcuysq atjrgfq aitkelj aabrkla atirflw adyjayo ajowjap aanwgcn avhusbk 
FALSE 
abnhexm afkxwmc bcxbayt bggdrbk ccaacui cfnltui ddbkaig dgqptia ednedjx efpdsvu faapdyp fdihthb fdwsgvy galicre gbayyse hbekump hdxkfug iaxxcda ievjskl jjsayfh jmucumq kctjcty kdcwsxr lgwkntx lhnlalg mcsisif mescaqp ngrxkcb nomyyua oaflskx oedmmmh pbrdbej pgkjprc qavwqxe qbrjgnr reeaatk rfrtfbi sajsetb sbuuyog tcfnprl tchlehc tjbjrjv tjkaysi ueajlbt uedbpwh ulijxwi vhdjwxs vifrmmf wdvawtg whivcya xenkafa xeuldnr xhaxfll yasvqnc yayqnfn ybfpldo ajgdtno agithtd abcuysq atjrgfq aitkelj aabrkla atirflw adyjayo ajowjap aanwgcn avhusbk 

abnhexm afkxwmc bcxbayt bggdrbk ccaacui cfnltui ddbkaig dgqptia ednedjx efpdsvu faapdyp fdihthb fdwsgvy galicre gbayyse hbekump hdxkfug iaxxcda ievjskl jjsayfh jmucumq kctjcty kdcwsxr lgwkntx lhnlalg mcsisif mescaqp ngrxkcb nomyyua oaflskx oedmmmh pbrdbej pgkjprc qavwqxe qbrjgnr reeaatk rfrtfbi sajsetb sbuuyog tcfnprl tchlehc tjbjrjv tjkaysi ueajlbt uedbpwh ulijxwi vhdjwxs vifrmmf wdvawtg whivcya xenkafa xeuldnr xhaxfll yasvqnc yayqnfn ybfpldo ajgdtno agithtd abcuysq atjrgfq aitkelj aabrkla atirflw adyjayo ajowjap aanwgcn avhusbk 
107.453782 
3wuebti dwuebti ewuebti fwuebti fwuebti 
1wuebti 1wuebti 
abnhexm afkxwmc bcxbayt bggdrbk ccaacui cdbwaop ddbkaig dgqptia ednedjx efpdsvu faapdyp fbopaqa galicre gbayyse gbtphjy hbekump hdxkfug iavrcxt iaxxcda ievjskl jjsayfh jmucumq kctjcty kdcwsxr lgwkntx lhnlalg mcsisif mescaqp nfkebus ngrxkcb oaflskx oedmmmh pbrdbej pgkjprc qavwqxe qbrjgnr reeaatk rfrtfbi sajsetb sbuuyog tcfnprl tchlehc tjbjrjv tjkaysi ueajlbt uedbpwh ukkogvw vhdjwxs vifrmmf wdvawtg whivcya xenkafa xeuldnr xhaxfll yasvqnc yayqnfn ybfpldo ajgdtno agithtd abcuysq atjrgfq aitkelj aabrkla atirflw adyjayo ajowjap aanwgcn avhusbk atapuhd 
3cxbayt dcxbayt ecxbayt fcxbayt fcxbayt 
2pspiem apewhop aqibyol arvmcmi aspbnve bpspiem cpspiem cpspiem 
abnhexm afkxwmc bcxbayt bggdrbk ccaacui cdbwaop ddbkaig dgqptia ednedjx efpdsvu faapdyp fbopaqa fbwfjqn galicre gbayyse gbtphjy hbekump hdxkfug iavrcxt iaxxcda ievjskl jjsayfh jmucumq kctjcty kdcwsxr lgwkntx lhnlalg mcsisif mescaqp nfkebus ngrxkcb oaflskx oedmmmh pbrdbej pgkjprc qavwqxe qbrjgnr reeaatk rfrtfbi rfyyauj sajsetb sbuuyog tcfnprl tchlehc tjbjrjv tjkaysi ueajlbt uedbpwh ugiwfbe vhdjwxs vifrmmf wdvawtg whivcya xenkafa xeuldnr xhaxfll yasvqnc yayqnfn ybfpldo ajgdtno agithtd abcuysq atjrgfq aitkelj aabrkla atirflw adyjayo ajowjap aanwgcn avhusbk atapuhd 
FALSE 
abnhexm afkxwmc bcxbayt bggdrbk ccaacui cdbwaop ddbkaig dgqptia ednedjx efpdsvu faapdyp fbopaqa fbwfjqn galicre gbayyse gbtphjy hbekump hdxkfug iavrcxt iaxxcda ievjskl jjsayfh jmucumq kctjcty kdcwsxr lgwkntx lhnlalg mcsisif mescaqp nfkebus ngrxkcb oaflskx oedmmmh pbrdbej pgkjprc qavwqxe qbrjgnr reeaatk rfrtfbi rfyyauj sajsetb sbuuyog tcfnprl tchlehc tjbjrjv tjkaysi ueajlbt uedbpwh ugiwfbe vhdjwxs vifrmmf wdvawtg whivcya xenkafa xeuldnr xhaxfll yasvqnc yayqnfn ybfpldo ajgdtno agithtd abcuysq atjrgfq aitkelj aabrkla atirflw adyjayo ajowjap aanwgcn avhusbk atapuhd ashphsk 
abnhexm afkxwmc bcxbayt bggdrbk ccaacui cdbwaop ddbkaig dgqptia ednedjx efpdsvu faapdyp fbopaqa fbwfjqn galicre gbayyse gbtphjy hbekump hdxkfug iavrcxt iaxxcda ievjskl jjsayfh jmucumq kctjcty kdcwsxr lgwkntx lhnlalg mcsisif mescaqp nfkebus ngrxkcb oaflskx oedmmmh pbrdbej pgkjprc qavwqxe qbrjgnr reeaatk rfrtfbi rfyyauj sajsetb sbuuyog tcfnprl tchlehc tjbjrjv tjkaysi ueajlbt uedbpwh ugiwfbe vhdjwxs vifrmmf wdvawtg whivcya xenkafa xeuldnr xhaxfll yasvqnc yayqnfn ybfpldo ajgdtno agithtd abcuysq atjrgfq aitkelj aabrkla atirflw adyjayo ajowjap aanwgcn avhusbk atapuhd ashphsk 
abnhexm afkxwmc bcxbayt bggdrbk ccaacui cdbwaop ddbkaig dgqptia ednedjx efpdsvu faapdyp fbopaqa fbwfjqn galicre gbayyse gbtphjy hbekump hdxkfug iavrcxt iaxxcda ievjskl jjsayfh jmucumq kctjcty kdcwsxr lgwkntx lhnlalg mcsisif mescaqp nfkebus ngrxkcb oaflskx oedmmmh pbrdbej pgkjprc qavwqxe qbrjgnr reeaatk rfrtfbi rfyyauj sajsetb sbuuyog tcfnprl tchlehc tjbjrjv tjkaysi ueajlbt uedbpwh ugiwfbe vhdjwxs vifrmmf wdvawtg whivcya xenkafa xeuldnr xhaxfll yasvqnc yayqnfn ybfpldo ajgdtno agithtd abcuysq atjrgfq aitkelj aabrkla atirflw adyjayo ajowjap aanwgcn avhusbk atapuhd ashphsk 

abnhexm afkxwmc bcxbayt bggdrbk ccaacui cdbwaop ddbkaig dgqptia ednedjx efpdsvu faapdyp fbopaqa fbwfjqn galicre gbayyse gbtphjy hbekump hdxkfug iavrcxt iaxxcda ievjskl jbqlpsx jjsayfh kctjcty kdcwsxr lgwkntx lhnlalg mcsisif mescaqp nfkebus ngrxkcb oaflskx oedmmmh pbrdbej pgkjprc qavwqxe qbrjgnr reeaatk rfrtfbi rfyyauj sajsetb sbuuyog tcfnprl tchlehc tjbjrjv tjkaysi ueajlbt uedbpwh ugiwfbe vhdjwxs vifrmmf wdvawtg whivcya xenkafa xeuldnr xhaxfll yasvqnc yayqnfn ybfpldo ybwflvi ajgdtno agithtd abcuysq atjrgfq aitkelj aabrkla atirflw adyjayo ajowjap aanwgcn avhusbk atapuhd ashphsk 
2wuebti ayrafno bwuebti cwuebti cwuebti 
abnhexm afkxwmc bcxbayt bggdrbk ccaacui cdbwaop ddbkaig dgqptia ednedjx efpdsvu faapdyp fbopaqa fbwfjqn galicre gbayyse gbtphjy hbekump hdxkfug iavrcxt iaxxcda ievjskl jbqlpsx jjsayfh kctjcty kdcwsxr lgwkntx lhnlalg mcsisif mescaqp nfkebus ngrxkcb oaflskx oedmmmh pbrdbej pgkjprc qavwqxe qbrjgnr reeaatk rfrtfbi rfyyauj sajsetb sbuuyog tcfnprl tchlehc tjbjrjv tjkaysi ueajlbt uedbpwh ugiwfbe vhdjwxs vifrmmf wdvawtg whivcya xenkafa xeuldnr xhaxfll yasvqnc yayqnfn ybfpldo ybwflvi ajgdtno agithtd abcuysq atjrgfq aitkelj aabrkla atirflw adyjayo ajowjap aanwgcn avhusbk atapuhd ashphsk 


abnhexm afkxwmc bcxbayt bggdrbk ccaacui cdbwaop ddbkaig dgqptia ednedjx efpdsvu faapdyp fbopaqa fbwfjqn galicre gbayyse gbtphjy hbekump hdxkfug iavrcxt iaxxcda ievjskl jbqlpsx jjsayfh kctjcty kdcwsxr lgwkntx lhnlalg mcsisif mescaqp nfkebus ngrxkcb oaflskx oedmmmh pbrdbej pgkjprc qavwqxe qbrjgnr reeaatk rfrtfbi rfyyauj sajsetb sbuuyog tcfnprl tchlehc tikvyjy ueajlbt uedbpwh ugiwfbe vhdjwxs vifrmmf wdvawtg whivcya xenkafa xeuldnr xhaxfll yasvqnc yayqnfn ybfpldo ybwflvi ajgdtno agithtd abcuysq atjrgfq aitkelj aabrkla atirflw adyjayo ajowjap aanwgcn avhusbk atapuhd ashphsk 
FALSE 
abnhexm afkxwmc bccfagw bcxbayt bfaevlt ccaacui cdbwaop ddbkaig dgqptia ednedjx efpdsvu faapdyp fbopaqa fbwfjqn galicre gbayyse gbtphjy hbekump hdxkfug iavrcxt iaxxcda ievjskl jbqlpsx jjsayfh kctjcty kdcwsxr lbdtuaa lgwkntx mcsisif mescaqp nfkebus ngrxkcb oaflskx oedmmmh pbrdbej pgkjprc qavwqxe qbrjgnr reeaatk rfrtfbi rfyyauj sajsetb sbuuyog tcfnprl tchlehc tdmomqa ueajlbt uedbpwh ugiwfbe vhdjwxs vifrmmf wdvawtg werrpdj xenkafa xeuldnr xhaxfll yasvqnc yayqnfn ybfpldo ybwflvi ajgdtno agithtd abcuysq atjrgfq aitkelj aabrkla atirflw adyjayo ajowjap aanwgcn avhusbk atapuhd ashphsk aqhpwuf 
8tcaxii 8tsaxqx 8vahsax ttcaxii ttsaxqx tvahsax utcaxii utsaxqx uvahsax vtcaxii vtsaxqx vvahsax vtcaxii vtsaxqx vvahsax 
dggdrbk 
abnhexm afkxwmc bccfagw bcxbayt bfaevlt ccaacui cdbwaop ddbkaig dgqptia ednedjx efpdsvu faapdyp fbopaqa fbwfjqn galicre gbayyse gbtphjy hbekump hdxkfug iavrcxt iaxxcda ievjskl jbqlpsx jjsayfh kctjcty kdcwsxr lbdtuaa lgwkntx mcsisif mescaqp nbqtigb nfkebus oaflskx oedmmmh pbrdbej pgkjprc qavwqxe qbrjgnr reeaatk rfrtfbi rfyyauj sajsetb sbuuyog tcfnprl tchlehc tdmomqa ueajlbt uedbpwh ugiwfbe vhdjwxs vifrmmf wdvawtg werrpdj xenkafa xeuldnr xhaxfll yasvqnc yayqnfn ybfpldo ybwflvi ajgdtno agithtd abcuysq atjrgfq aitkelj aabrkla atirflw adyjayo ajowjap aanwgcn avhusbk atapuhd ashphsk aqhpwuf 
0kufqfu 0kufqfu 
107.306950 
abnhexm afkxwmc bccfagw bcxbayt bfaevlt ccaacui cdbwaop ddbkaig dgqptia ednedjx efpdsvu faapdyp fbopaqa fbwfjqn galicre gbayyse gbtphjy hbekump hdxkfug iavrcxt iaxxcda ievjskl jbqlpsx jjsayfh kctjcty kdcwsxr lbdtuaa lgwkntx mcsisif mescaqp nbqtigb nfkebus oaflskx oedmmmh pbrdbej pgkjprc qavwqxe qbrjgnr reeaatk rfrtfbi rfyyauj sajsetb sbuuyog tcfnprl tchlehc tdmomqa ueajlbt uedbpwh ugiwfbe vhdjwxs vifrmmf wdvawtg werrpdj xenkafa xeuldnr xhaxfll yasvqnc yayqnfn ybfpldo ybwflvi ajgdtno agithtd abcuysq atjrgfq aitkelj aabrkla atirflw adyjayo ajowjap aanwgcn avhusbk atapuhd ashphsk aqhpwuf 
8faevlt tfaevlt ufaevlt vfaevlt vfaevlt 
7wuebti pwuebti qwuebti rwuebti swuebti swuebti 
stcaxii stsaxqx 
FALSE 
abnhexm afkxwmc bccfagw bcxbayt bfaevlt ccaacui cdbwaop ddbkaig dgqptia ednedjx efpdsvu faapdyp fbopaqa fbwfjqn galicre gbayyse gbtphjy hbekump hdwcsre hdxkfug iavrcxt iaxxcda ievjskl jbqlpsx jjsayfh kctjcty kdcwsxr lbdtuaa lgwkntx mcsisif mescaqp nbqtigb nfkebus oaflskx oedmmmh pbrdbej pgkjprc qavwqxe qbrjgnr reeaatk rfrtfbi rfyyauj sajsetb sbuuyog tcfnprl tchlehc tdmomqa ueajlbt uedbpwh ugiwfbe vhdjwxs vifrmmf wdvawtg werrpdj xenkafa xeuldnr xhaxfll yasvqnc yayqnfn ybfpldo ybwflvi ajgdtno agithtd abcuysq atjrgfq aitkelj aabrkla atirflw adyjayo ajowjap aanwgcn avhusbk atapuhd ashphsk aqhpwuf 
abnhexm afkxwmc bccfagw bcxbayt bfaevlt ccaacui cdbwaop ddbkaig dgqptia ednedjx efpdsvu faapdyp fbopaqa fbwfjqn galicre gbayyse gbtphjy hbekump hdwcsre hdxkfug iavrcxt iaxxcda ievjskl jbqlpsx jjsayfh kctjcty kdcwsxr lbdtuaa lefsrvy mcsisif mescaqp nbqtigb nfkebus oaflskx oedmmmh pbrdbej pgkjprc qavwqxe qbrjgnr reeaatk rfrtfbi rfyyauj sajsetb satstnq sbuuyog tcfnprl tchlehc tdmomqa ueajlbt uedbpwh ugiwfbe vhdjwxs vifrmmf wdvawtg werrpdj xenkafa xeuldnr xhaxfll yasvqnc yayqnfn ybfpldo ybwflvi ajgdtno agithtd abcuysq atjrgfq aitkelj aabrkla atirflw adyjayo ajowjap aanwgcn avhusbk atapuhd ashphsk aqhpwuf 
abnhexm afkxwmc bccfagw bcxbayt bfaevlt ccaacui cdbwaop ddbkaig dgqptia ednedjx efpdsvu faapdyp fbopaqa fbwfjqn galicre gbayyse gbtphjy hbekump hdwcsre hdxkfug iavrcxt iaxxcda ievjskl jbqlpsx jjsayfh kctjcty kdcwsxr lbdtuaa lefsrvy mcsisif mescaqp nbqtigb nfkebus oaflskx ocgkbcd pbrdbej pgkjprc qavwqxe qbrjgnr reeaatk rfrtfbi rfyyauj sajsetb satstnq sbuuyog tcfnprl tchlehc tdmomqa ueajlbt uedbpwh ugiwfbe vhdjwxs vifrmmf wdvawtg werrpdj xenkafa xeuldnr xhaxfll yasvqnc yayqnfn ybfpldo ybwflvi ajgdtno agithtd abcuysq atjrgfq aitkelj aabrkla atirflw adyjayo ajowjap aanwgcn avhusbk atapuhd ashphsk aqhpwuf 
5wuebti jwuebti kwuebti lwuebti lwuebti 
2wuebti ayrafno bwuebti cwuebti cwuebti 
FALSE 
2ccfagw 2cxbayt abnhexm bccfagw bcxbayt cccfagw ccxbayt cccfagw ccxbayt 
5ggdrbk jggdrbk kggdrbk lggdrbk lggdrbk 

107.259398 

abnhexm afkxwmc bccfagw bcxbayt bfaevlt ccaacui cdbwaop ddbkaig dgqptia ednedjx efpdsvu faapdyp fbopaqa fbwfjqn galicre gbayyse gbnmqdo hbekump hdwcsre hdxkfug iavrcxt iaxxcda ievjskl jbqlpsx jesaalt kctjcty kdcwsxr lbdtuaa lefsrvy mcsisif mescaqp nbqtigb nfkebus oaflskx ocgkbcd pbrdbej pgkjprc qavwqxe qbrjgnr reeaatk rfrtfbi rfyyauj sajsetb satstnq sbuuyog tcfnprl tchlehc tdmomqa ueajlbt uedbpwh ugiwfbe vhdjwxs vifrmmf wdvawtg werrpdj xenkafa xeuldnr xhaxfll yasvqnc yayqnfn ybfpldo ybwflvi ajgdtno agithtd abcuysq atjrgfq aitkelj aabrkla atirflw adyjayo ajowjap aanwgcn avhusbk atapuhd ashphsk aqhpwuf 

FALSE 
abnhexm afkxwmc bccfagw bcxbayt bfaevlt ccaacui cdbwaop ddbkaig dgqptia ednedjx efpdsvu faapdyp fbopaqa fbwfjqn galicre gbayyse gbnmqdo hbekump hdwcsre hdxkfug iavrcxt iaxxcda ievjskl jbqlpsx jesaalt kctjcty kdcwsxr lbdtuaa lccccng mcsisif mescaqp nbqtigb nfkebus oaflskx ocgkbcd pbrdbej pgkjprc qavwqxe qbrjgnr reeaatk rfrtfbi rfyyauj sajsetb satstnq sbuuyog tcfnprl tchlehc tdmomqa ueajlbt uedbpwh ugiwfbe vhdjwxs vifrmmf wbpfwaf wdvawtg xenkafa xeuldnr xhaxfll yasvqnc yayqnfn ybfpldo ybwflvi ajgdtno agithtd abcuysq atjrgfq aitkelj aabrkla atirflw adyjayo ajowjap aanwgcn avhusbk atapuhd ashphsk aqhpwuf 
6wuebti mwuebti nwuebti owuebti owuebti 
abnhexm afkxwmc bccfagw bcxbayt bfaevlt ccaacui cdbwaop ddbkaig dgqptia ednedjx efpdsvu faapdyp fbopaqa fbwfjqn galicre gbayyse gbnmqdo hbekump hdwcsre hdxkfug iavrcxt iaxxcda ievjskl jbqlpsx jesaalt kctjcty kdcwsxr lbdtuaa lccccng mcsisif mescaqp nbqtigb ndagjpr oaflskx ocgkbcd pbrdbej pgkjprc qavwqxe qbrjgnr reeaatk rfrtfbi rfyyauj sajsetb saoawef sbuuyog tcfnprl tchlehc tdmomqa ueajlbt uedbpwh ugiwfbe vhdjwxs vifrmmf wbpfwaf wdvawtg xenkafa xeuldnr xhaxfll yasvqnc yayqnfn ybfpldo ybwflvi ajgdtno agithtd abcuysq atjrgfq aitkelj aabrkla atirflw adyjayo ajowjap aanwgcn avhusbk atapuhd ashphsk aqhpwuf aikuxxu 
4tcaxii 4tsaxqx 4vahsax 4vhfdom gtcaxii gtsaxqx gvahsax gvhfdom htcaxii htsaxqx hvahsax hvhfdom itcaxii itsaxqx ivahsax ivhfdom itcaxii itsaxqx ivahsax ivhfdom 
abnhexm afkxwmc bccfagw bcxbayt bfaevlt ccaacui cdbwaop ddbkaig dgqptia ednedjx efpdsvu faapdyp fbopaqa fbwfjqn galicre gbayyse gbnmqdo hbekump hdwcsre hdxkfug iavrcxt iaxxcda ievjskl jbqlpsx jesaalt kctjcty kdcwsxr lbdtuaa lccccng mcsisif mescaqp nbqtigb ndagjpr oaflskx ocgkbcd pbrdbej pgkjprc qavwqxe qbrjgnr reeaatk rfrtfbi rfyyauj sajsetb saoawef sbuuyog tcfnprl tchlehc tdmomqa ueajlbt uedbpwh ugiwfbe vhdjwxs vifrmmf wbpfwaf wdvawtg xenkafa xeuldnr xhaxfll yasvqnc yayqnfn ybfpldo ybwflvi ajgdtno agithtd abcuysq atjrgfq aitkelj aabrkla atirflw adyjayo ajowjap aanwgcn avhusbk atapuhd ashphsk aqhpwuf aikuxxu abxcgaj 
8ggdrbk tggdrbk uggdrbk vggdrbk vggdrbk 


abnhexm afkxwmc bccfagw bcxbayt bfaevlt ccaacui cdbwaop ddbkaig dgqptia ednedjx efpdsvu faapdyp fbopaqa fbwfjqn galicre gbayyse gbnmqdo hbekump hdfkimk hdwcsre iavrcxt iaxxcda ievjskl jbqlpsx jesaalt kctjcty kdcwsxr lbdtuaa lccccng mcsisif mescaqp namcmur nbqtigb oaflskx ocgkbcd pbrdbej pgkjprc qavwqxe qbrjgnr reeaatk rfrtfbi rfyyauj sajsetb saoawef sbuuyog tcfnprl tchlehc tdmomqa ueajlbt uedbpwh ugiwfbe vffetfe vhdjwxs wbpfwaf wbqcisw wdvawtg xenkafa xeuldnr xhaxfll yasvqnc yayqnfn ybfpldo ybwflvi ajgdtno agithtd abcuysq atjrgfq aitkelj aabrkla atirflw adyjayo ajowjap aanwgcn avhusbk atapuhd ashphsk aqhpwuf aikuxxu abxcgaj afkixlq admfunb 
8faevlt tfaevlt ufaevlt vfaevlt vfaevlt 
ykufqfu 
abnhexm afkxwmc bccfagw bcxbayt bfaevlt ccaacui cdbwaop ddbkaig dgqptia ednedjx efpdsvu faapdyp fbopaqa fbwfjqn galicre gbayyse gbnmqdo hbekump hdfkimk hdwcsre iavrcxt iaxxcda ievjskl jbqlpsx jesaalt kctjcty kdcwsxr lbdtuaa lccccng mcsisif mescaqp namcmur nbqtigb oaflskx ocgkbcd pbrdbej pgkjprc qavwqxe qbrjgnr reeaatk rfrtfbi rfyyauj sajsetb saoawef sbuuyog tcfnprl tchlehc tdmomqa ueajlbt uedbpwh ugiwfbe vffetfe vhdjwxs wbpfwaf wbqcisw wdvawtg xenkafa xeuldnr xhaxfll yasvqnc yayqnfn ybfpldo ybwflvi ajgdtno agithtd abcuysq atjrgfq aitkelj aabrkla atirflw adyjayo ajowjap aanwgcn avhusbk atapuhd ashphsk aqhpwuf aikuxxu abxcgaj afkixlq admfunb 
0ccfagw 0cxbayt 0ccfagw 0cxbayt 
FALSE 

107.048193 
abnhexm afkxwmc bccfagw bcxbayt bfaevlt ccaacui cdbwaop ddbkaig dfnntya ednedjx efpdsvu faapdyp fbopaqa fbwfjqn galicre gbayyse gbnmqdo hbekump hdfkimk hdwcsre iavrcxt iaxxcda ievjskl jaruhux jbqlpsx kctjcty kdcwsxr lbdtuaa lbgwhqx lccccng mcsisif mescaqp namcmur nbqtigb oaflskx ocgkbcd pbrdbej pgkjprc qavwqxe qbrjgnr reeaatk rfrtfbi rfyyauj sajsetb saoawef sbuuyog tcfnprl tchlehc tdmomqa ueajlbt uedbpwh ugiwfbe vbccoal vffetfe wbervfd wbpfwaf wdvawtg xenkafa xeuldnr xhaxfll yasvqnc yayqnfn ybfpldo ybwflvi ajgdtno agithtd abcuysq atjrgfq aitkelj aabrkla atirflw adyjayo ajowjap aanwgcn avhusbk atapuhd ashphsk aqhpwuf aikuxxu abxcgaj afkixlq admfunb axxvnmo 
0ccfagw 0cxbayt 0ccfagw 0cxbayt 
abnhexm afkxwmc bccfagw bcxbayt bfaevlt ccaacui cdbwaop ddbkaig dfnntya ednedjx efpdsvu faapdyp fbopaqa fbwfjqn galicre gbayyse gbnmqdo hbekump hdfkimk hdwcsre iavrcxt iaxxcda ievjskl jaruhux jbqlpsx kctjcty kdcwsxr lbdtuaa lbgwhqx lccccng mcsisif mescaqp namcmur nbqtigb oaflskx ocgkbcd paoabke pbrdbej qavwqxe qbrjgnr reeaatk rfrtfbi rfyyauj sajsetb saoawef sbuuyog tcfnprl tchlehc tdmomqa ueajlbt uedbpwh ugiwfbe vbccoal vffetfe wbervfd wbpfwaf wdvawtg xenkafa xeuldnr xhaxfll yasvqnc yayqnfn ybfpldo ybwflvi ajgdtno agithtd abcuysq atjrgfq aitkelj aabrkla atirflw adyjayo ajowjap aanwgcn avhusbk atapuhd ashphsk aqhpwuf aikuxxu abxcgaj afkixlq admfunb axxvnmo 
6tcaxii 6tsaxqx 6vahsax 6vhfdom mtcaxii mtsaxqx mvahsax mvhfdom ntcaxii ntsaxqx nvahsax nvhfdom otcaxii otsaxqx ovahsax ovhfdom otcaxii otsaxqx ovahsax ovhfdom 
abnhexm afkxwmc bccfagw bcxbayt bfaevlt cafmuui ccaacui ddbkaig dfnntya ednedjx efpdsvu faapdyp fbopaqa fbwfjqn galicre gbayyse gbnmqdo hbekump hdfkimk hdwcsre iavrcxt iaxxcda ievjskl jaruhux jbqlpsx kctjcty kdcwsxr lbdtuaa lbgwhqx lccccng mcsisif mescaqp namcmur nbqtigb oaflskx ocgkbcd paoabke pbrdbej qavwqxe qbrjgnr reeaatk rfrtfbi rfyyauj sajsetb saoawef sbuuyog tcfnprl tchlehc tdmomqa ueajlbt uedbpwh ugiwfbe vbccoal vbegsgs vffetfe wbervfd wbpfwaf wdvawtg xenkafa xeuldnr xhaxfll yasvqnc yayqnfn ybfpldo ybwflvi ajgdtno agithtd abcuysq atjrgfq aitkelj aabrkla atirflw adyjayo ajowjap aanwgcn avhusbk atapuhd ashphsk aqhpwuf aikuxxu abxcgaj afkixlq admfunb axxvnmo 
FALSE 
nccfagw ncxbayt 
9pspiem wpspiem xpspiem ypspiem zpspiem zpspiem 

106.978654 
1wuebti 1xthyxk 1ycnujy 1yjibyi 1wuebti 1xthyxk 1ycnujy 1yjibyi 
FALSE 
a1waguf 
9nqwywx 9oqxeuc wnqwywx woqxeuc xnqwywx xoqxeuc ynqwywx yoqxeuc znqwywx zoqxeuc znqwywx zoqxeuc 
107.035714 
plaiewi plhrpuk 
abnhexm afkxwmc bccfagw bcxbayt bfaevlt cafmuui ccaacui ddbkaig dfnntya ednedjx efpdsvu faapdyp fbopaqa fbwfjqn galicre gbayyse gbnmqdo hbekump hdfkimk hdwcsre iavrcxt iaxxcda ievjskl jaruhux jbawyjg jbqlpsx kctjcty kdcwsxr lbdtuaa lbgwhqx lccccng mcsisif mescaqp namcmur nbqtigb oaflskx ocgkbcd pajqmpe paoabke pbrdbej qavwqxe qbrjgnr reeaatk rfrtfbi rfyyauj sajsetb saoawef sbuuyog tcfnprl tchlehc tdmomqa ueajlbt uedbpwh ugiwfbe vbccoal vbegsgs vffetfe wbervfd wbpfwaf wdvawtg xenkafa xeuldnr xhaxfll yasvqnc yayqnfn ybfpldo ybwflvi ajgdtno agithtd abcuysq atjrgfq aitkelj aabrkla atirflw adyjayo ajowjap aanwgcn avhusbk atapuhd ashphsk aqhpwuf aikuxxu abxcgaj afkixlq admfunb axxvnmo akaaekt avxipus 
abnhexm afkxwmc bccfagw bcxbayt bfaevlt cafmuui ccaacui ddbkaig dfnntya ednedjx efpdsvu faapdyp fbopaqa fbwfjqn galicre gbayyse gbnmqdo hbekump hdfkimk hdwcsre iavrcxt iaxxcda ievjskl jaruhux jbawyjg jbqlpsx kctjcty kdcwsxr lbdtuaa lbgwhqx lccccng mcsisif mescaqp namcmur nbqtigb oaflskx ocgkbcd pajqmpe paoabke pbrdbej qavwqxe qbrjgnr reeaatk rfrtfbi rfyyauj sajsetb saoawef sbuuyog tcfnprl tchlehc tdmomqa ueajlbt uedbpwh ugiwfbe vbccoal vbegsgs vffetfe wbervfd wbpfwaf wdvawtg xenkafa xeuldnr xhaxfll yasvqnc yayqnfn ybfpldo ybwflvi ajgdtno agithtd abcuysq atjrgfq aitkelj aabrkla atirflw adyjayo ajowjap aanwgcn avhusbk atapuhd ashphsk aqhpwuf aikuxxu abxcgaj afkixlq admfunb axxvnmo akaaekt avxipus 
1tcaxii 1tsaxqx 1vahsax 1vhfdom 1tcaxii 1tsaxqx 1vahsax 1vhfdom 
FALSE 
107.035714 
abnhexm afkxwmc bccfagw bcxbayt bfaevlt cafmuui ccaacui ddbkaig dfnntya ednedjx efpdsvu faapdyp fbopaqa fbwfjqn galicre gbayyse gbnmqdo hbekump hdfkimk hdwcsre iavrcxt iaxxcda ievjskl jaruhux jbawyjg jbqlpsx kctjcty kdcwsxr lbdtuaa lbgwhqx lccccng mcsisif mescaqp namcmur nbqtigb oaflskx ocgkbcd pajqmpe paoabke pbrdbej qavwqxe qbrjgnr reeaatk rfrtfbi rfyyauj sajsetb saoawef sbuuyog tcfnprl tchlehc tdmomqa ueajlbt uedbpwh ugiwfbe vbccoal vbegsgs vffetfe wbervfd wbpfwaf wdvawtg xenkafa xeuldnr xhaxfll yasvqnc yayqnfn ybfpldo ybwflvi ajgdtno agithtd abcuysq atjrgfq aitkelj aabrkla atirflw adyjayo ajowjap aanwgcn avhusbk atapuhd ashphsk aqhpwuf aikuxxu abxcgaj afkixlq admfunb axxvnmo akaaekt avxipus 
abnhexm afkxwmc bccfagw bcxbayt bfaevlt cafmuui ccaacui ddbkaig dfnntya ebrryig ednedjx faapdyp fbopaqa fbwfjqn galicre gbayyse gbnmqdo hbekump hdfkimk hdwcsre iavrcxt iaxxcda ievjskl jaruhux jbawyjg jbqlpsx kctjcty kdcwsxr lbdtuaa lbgwhqx lccccng mcsisif mescaqp namcmur nbqtigb oaflskx ocgkbcd pajqmpe paoabke pbrdbej qavwqxe qbrjgnr reeaatk rfrtfbi rfyyauj sajsetb saoawef sbuuyog tcfnprl tchlehc tdmomqa ueajlbt uedbpwh ugiwfbe vbccoal vbegsgs vffetfe wbervfd wbpfwaf wdvawtg xenkafa xeuldnr xhaxfll yasvqnc yayqnfn ybfpldo ybwflvi ajgdtno agithtd abcuysq atjrgfq aitkelj aabrkla atirflw adyjayo ajowjap aanwgcn avhusbk atapuhd ashphsk aqhpwuf aikuxxu abxcgaj afkixlq admfunb axxvnmo akaaekt avxipus awbaodc 
4wuebti 4xthyxk 4ycnujy 4yjibyi gwuebti gxthyxk gycnujy gyjibyi hwuebti hxthyxk hycnujy hyjibyi iwuebti ixthyxk iycnujy iyjibyi iwuebti ixthyxk iycnujy iyjibyi 
opspiem 
7kufqfu 7laiewi 7lhrpuk pkufqfu plaiewi plhrpuk qkufqfu qlaiewi qlhrpuk rkufqfu rlaiewi rlhrpuk skufqfu slaiewi slhrpuk skufqfu slaiewi slhrpuk 
FALSE 


FALSE 
oggdrbk 
FALSE 
6pspiem 6sabnkr mpspiem msabnkr npspiem nsabnkr opspiem osabnkr opspiem osabnkr 


FALSE 
FALSE 
FALSE 
6kufqfu 6laiewi 6lhrpuk mkufqfu mlaiewi mlhrpuk nkufqfu nlaiewi nlhrpuk okufqfu olaiewi olhrpuk okufqfu olaiewi olhrpuk 


hfaevlt 
usabnkr 
107.027597 
FALSE 
kccfagw kcxbayt 
abnhexm afkxwmc bccfagw bcxbayt bfaevlt cafmuui ccaacui davdgtu dcqdrex eaqehxv ebrryig faapdyp fbopaqa fbwfjqn galicre gbayyse gbnmqdo hbekump hdfkimk hdwcsre iavrcxt iaxxcda ievjskl jaruhux jbawyjg jbqlpsx kctjcty kdcwsxr lbdtuaa lbgwhqx lccccng mcsisif mescaqp namcmur nbqtigb oaflskx ocgkbcd pajqmpe paoabke pbrdbej qagjjur qavwqxe qbrjgnr qbxnwwh rdmwgpb reeaatk sajsetb saoawef sbuuyog tcfnprl tchlehc tdmomqa ubibrfw ueajlbt uedbpwh vbccoal vbegsgs vcejjte wbervfd wbpfwaf wdvawtg xejygoh xenkafa xhaxfll yasvqnc yayqnfn ybfpldo ybwflvi ajgdtno agithtd abcuysq atjrgfq aitkelj aabrkla atirflw adyjayo ajowjap aanwgcn avhusbk atapuhd ashphsk aqhpwuf aikuxxu abxcgaj afkixlq admfunb axxvnmo akaaekt avxipus awbaodc 
abnhexm afkxwmc bccfagw bcxbayt bfaevlt cafmuui ccaacui davdgtu dcqdrex eaqehxv ebrryig faapdyp fbopaqa fbwfjqn galicre gbayyse gbnmqdo hbekump hdfkimk hdwcsre iavrcxt iaxxcda ievjskl jaruhux jbawyjg jbqlpsx kctjcty kdcwsxr lbdtuaa lbgwhqx lccccng mcsisif mescaqp namcmur nbqtigb oaflskx ocgkbcd pajqmpe paoabke pbrdbej qagjjur qavwqxe qbrjgnr qbxnwwh rdmwgpb reeaatk sajsetb saoawef sbuuyog tcfnprl tchlehc tdmomqa ubibrfw ueajlbt uedbpwh vbccoal vbegsgs vcejjte wbervfd wbpfwaf wdvawtg xejygoh xenkafa xhaxfll yasvqnc yayqnfn ybfpldo ybwflvi ajgdtno agithtd abcuysq atjrgfq aitkelj aabrkla atirflw adyjayo ajowjap aanwgcn avhusbk atapuhd ashphsk aqhpwuf aikuxxu abxcgaj afkixlq admfunb axxvnmo akaaekt avxipus awbaodc 
zccfagw zcxbayt 
7faevlt pfaevlt qfaevlt rfaevlt sfaevlt sfaevlt 
107.092063 
9pspiem 9sabnkr wpspiem wsabnkr xpspiem xsabnkr ypspiem ysabnkr zpspiem zsabnkr zpspiem zsabnkr 
