lipmtye 

FALSE 

apocopb ccmsikp flpgwoq hhcvvda hjdapcr jxbyapk ktpvpkm lipmtye llqdhqu shvljkc trcqfaj twkjyjx ajfuoql wyukvsc xskaham 

FALSE 


dsuebjx 
apocopb ccmsikp dsuebjx enjjfof flpgwoq hhcvvda hjdapcr jxbyapk ktpvpkm lipmtye llqdhqu pyjavlp quoocqn shvljkc tkyjqev trcqfaj ajfuoql wyukvsc xoxxfff xskaham ytslxlb 

xskaham ypxtywq 
shvljkc 


apocopb 
apocopb avbjcbw ccmsikp dsuebjx enjjfof flpgwoq hhcvvda hjdapcr jxbyapk kjujsnl ktpvpkm lipmtye llqdhqu pyjavlp quoocqn riflaic shvljkc tkyjqev tnawooh ajfuoql ugwpcje wyukvsc xoxxfff xskaham ypxtywq ytslxlb aaeqywl 
apocopb avbjcbw ccmsikp dsuebjx enjjfof flpgwoq hhcvvda hjdapcr jxbyapk kjujsnl ktpvpkm lipmtye llqdhqu pyjavlp quoocqn riflaic shvljkc tkyjqev tnawooh ajfuoql ugwpcje wyukvsc xoxxfff xskaham ypxtywq ytslxlb aaeqywl 
FALSE 

108.910053 
quoocqn qusspsq 

FALSE 
aovaxlw apocopb ccmsikp dsuebjx duipfgv enjjfof flpgwoq hhcvvda hjdapcr jxbyapk kjujsnl ktpvpkm lipmtye llqdhqu opliorw pyjavlp quoocqn qusspsq riflaic riitdgs shvljkc tkyjqev tnawooh ajfuoql ugwpcje wyukvsc xoxxfff xskaham yivilig ypxtywq aaeqywl asrrtpb 



aovaxlw apocopb beuigdr ccmsikp celcxju dsuebjx duipfgv enjjfof flpgwoq goixvul hhcvvda hjdapcr jxbyapk kjujsnl ktpvpkm lipmtye llnxfxp llqdhqu opliorw pyjavlp quoocqn qusspsq riflaic riitdgs shvljkc tkyjqev tnawooh ajfuoql ugwpcje uocuvcd wyukvsc xoxxfff xskaham yivilig ypxtywq aaeqywl asrrtpb 

109.009740 

ajqtyoc aovaxlw beuigdr blheccj ccmsikp celcxju dsuebjx dswmyqq duipfgv ebyeonr enjjfof flpgwoq gkosabe goixvul hhcvvda hjdapcr ihgrpbj jxbyapk kjujsnl ktpvpkm lipmtye llnxfxp llqdhqu opliorw pbxwkyc pyjavlp quoocqn qusspsq riflaic riitdgs rwhqrse shvljkc tkyjqev tnawooh ajfuoql ugwpcje uocuvcd vfkqqaj wmdtqgx wyukvsc xoxxfff xskaham yivilig ypxtywq aaeqywl asrrtpb 
108.975155 
ajqtyoc aovaxlw beuigdr blheccj ccmsikp celcxju dsuebjx dswmyqq duipfgv ebyeonr enjjfof flpgwoq gkosabe gntfhha hhcvvda hjdapcr ihgrpbj jxbyapk kjujsnl ktpvpkm lipmtye llnxfxp llqdhqu opliorw pbxwkyc pyjavlp quoocqn qusspsq riflaic riitdgs rwhqrse shvljkc tkyjqev tnawooh ajfuoql ugwpcje uocuvcd vfkqqaj wegolsm wmdtqgx xoxxfff xskaham yivilig ypxtywq aaeqywl asrrtpb 

ajqtyoc aovaxlw beuigdr blheccj ccmsikp celcxju dsuebjx dswmyqq duipfgv ebyeonr enjjfof flpgwoq gkosabe gntfhha hhcvvda hjdapcr ihgrpbj jxbyapk jyyffdj kjujsnl ktpvpkm lipmtye llnxfxp llqdhqu nghqrtw opliorw pbxwkyc pyjavlp quoocqn qusspsq riflaic riitdgs rwhqrse shvljkc tkyjqev tnawooh ajfuoql ugwpcje uocuvcd vfkqqaj wegolsm wmdtqgx xoxxfff xskaham yivilig ypxtywq aaeqywl asrrtpb 

FALSE 
apocopb aposoaw aqxplcr 
nghqrtw 

ajqtyoc aovaxlw beuigdr bknmqwm ccmsikp celcxju dsuebjx dswmyqq duipfgv ebyeonr enjjfof flpgwoq gkosabe gntfhha hhcvvda hjdapcr ihgrpbj jxbyapk jyyffdj keninai kjujsnl lipmtye llnxfxp llqdhqu mjsqtfx nghqrtw nrpdrbt opliorw pbxwkyc pepupco qeyxlnx qruqyhy reywfhx riflaic riitdgs shvljkc thibake tkyjqev ajfuoql ugwpcje uocuvcd uontoem vfkqqaj wcqqbea wegolsm xoxxfff xskaham ydspcna yivilig aaeqywl asrrtpb 
108.599440 
ajqtyoc aovaxlw beuigdr bknmqwm ccmsikp celcxju dsuebjx dswmyqq duipfgv ebyeonr enjjfof flpgwoq gkosabe gntfhha hhcvvda hjdapcr ihgrpbj jxbyapk jyyffdj keninai kjujsnl lipmtye llnxfxp llqdhqu mjsqtfx nghqrtw nrpdrbt opliorw pbxwkyc pepupco qeyxlnx qruqyhy reywfhx riflaic riitdgs shvljkc thibake tkyjqev ajfuoql ugwpcje uocuvcd uontoem vfkqqaj wcqqbea wegolsm xoxxfff xskaham ydspcna yivilig aaeqywl asrrtpb 


FALSE 
108.733154 
dsuebjx dswmyqq 

k1bteym 
afyitcc ajqtyoc beuigdr bknmqwm ccmsikp celcxju dsuebjx dswmyqq duipfgv ebxmvex ebyeonr emagsiw flpgwoq gkosabe gntfhha hhcvvda hjdapcr ihgrpbj ivixkic jqsyiwg jxbyapk keninai kjujsnl lgakddn lipmtye mjsqtfx nghqrtw nrpdrbt opliorw pbxwkyc pepupco qeyxlnx qiqeire reywfhx riflaic riitdgs sgaauwr shvljkc thibake tkyjqev ajfuoql ugwpcje ulgwagw vewbtnr vfkqqaj wcqqbea wegolsm wenafrp xmhyxgr xoxxfff ydspcna yivilig aaeqywl asrrtpb afnqyny afgasgp 


afyitcc ajqtyoc beuigdr bknmqwm ccmsikp celcxju ceqxxxr dsuebjx dswmyqq duipfgv ebxmvex ebyeonr emagsiw fexaalh flpgwoq gkosabe gntfhha hcwgymp hhcvvda ihgrpbj ivixkic jqsyiwg jxbyapk keninai kjujsnl lgakddn lipmtye mjsqtfx mrqtjnm nghqrtw nrpdrbt opliorw pbxwkyc pepupco qeyxlnx qiqeire reywfhx riflaic riitdgs sgaauwr shvljkc thibake tkyjqev ajfuoql ugwpcje ulgwagw vewbtnr vfkqqaj wcqqbea wegolsm wenafrp xmhyxgr xoxxfff ydspcna yivilig aaeqywl asrrtpb afnqyny afgasgp 
108.476998 
afyitcc ajqtyoc beuigdr bknmqwm ccmsikp celcxju ceqxxxr dsuebjx dswmyqq duipfgv ebxmvex ebyeonr emagsiw fexaalh fkiskim gkosabe gntfhha hcwgymp hhcvvda ieyagra ihgrpbj jqsyiwg jxbyapk keninai kjujsnl lgakddn lipmtye mjsqtfx mrqtjnm nghqrtw nrpdrbt opliorw oxnfhdt pbxwkyc pepupco qeyxlnx qiqeire reywfhx riflaic riitdgs sgaauwr shvljkc tdsybrc tdxiime thibake ajfuoql ufcvcdj ugwpcje vewbtnr vfkqqaj wcqqbea wegolsm wenafrp xmhyxgr xoxxfff ydspcna yivilig aaeqywl asrrtpb afnqyny afgasgp 
afyitcc ajqtyoc beuigdr bknmqwm ccmsikp celcxju ceqxxxr dsuebjx dswmyqq duipfgv ebxmvex ebyeonr emagsiw fexaalh fkiskim gkosabe gntfhha hcwgymp hhcvvda ieyagra ihgrpbj jkeqhxu jqsyiwg keninai kjujsnl lgakddn lipmtye mjsqtfx mrqtjnm nghqrtw nrpdrbt opliorw oxnfhdt pbxwkyc pepupco qeyxlnx qiqeire reywfhx riflaic riitdgs sgaauwr shvljkc tdsybrc tdxiime thibake ajfuoql ufcvcdj ugwpcje vewbtnr vfkqqaj wcqqbea wegolsm wenafrp xmhyxgr xoxxfff ydspcna yivilig aaeqywl asrrtpb afnqyny afgasgp 
108.360656 
afyitcc ajqtyoc beuigdr bknmqwm ccmsikp celcxju ceqxxxr dsuebjx dswmyqq duipfgv ebxmvex ebyeonr emagsiw fexaalh fkiskim gkosabe gntfhha hcwgymp hhcvvda ieyagra ihgrpbj jkeqhxu jqsyiwg keninai kjujsnl lgakddn lipmtye mjsqtfx mrqtjnm nghqrtw nrpdrbt opliorw oxnfhdt pbxwkyc pepupco qeyxlnx qiqeire reywfhx riflaic riitdgs sgaauwr shvljkc tdsybrc tdxiime thibake ajfuoql ufcvcdj ugwpcje vewbtnr vfkqqaj wcqqbea wegolsm wenafrp xmhyxgr xoxxfff ydspcna yivilig aaeqywl asrrtpb afnqyny afgasgp 
108.238876 
nghqrtw 
afyitcc ahrdakg beuigdr bknmqwm ccmsikp celcxju ceqxxxr dsuebjx dswmyqq duipfgv ebxmvex ebyeonr emagsiw fexaalh fkiskim gkosabe gntfhha hcwgymp hhcvvda ieyagra ifuubqf jkeqhxu jqsyiwg keninai kjujsnl lgakddn lhfdxds mjsqtfx mrqtjnm nghqrtw nrpdrbt opliorw oxnfhdt pbxwkyc pepupco qeyxlnx qiqeire reywfhx riflaic riitdgs sgaauwr shvljkc tdsybrc tdxiime thibake ajfuoql ufcvcdj ugwpcje vewbtnr vfkqqaj wcqqbea wegolsm wenafrp xmhyxgr xoxxfff ydspcna yivilig aaeqywl asrrtpb afnqyny afgasgp 
108.177986 
afyitcc ahrdakg beuigdr bfiqiwb ccmsikp celcxju ceqxxxr dsuebjx dswmyqq duipfgv ebwmmir ebxmvex emagsiw fexaalh fkiskim gkosabe gntfhha hcwgymp hhcvvda ieyagra ifuubqf jkeqhxu jqsyiwg keninai kjujsnl lgakddn lhfdxds mjsqtfx mrqtjnm nghqrtw nrpdrbt opliorw oxnfhdt pbxwkyc pepupco qeyxlnx qiqeire reywfhx riflaic riitdgs sgaauwr sgaghia shvljkc tdsybrc tdxiime thibake ajfuoql ufcvcdj ugwpcje vewbtnr vfkqqaj wcqqbea wegolsm wenafrp xmhyxgr xoxxfff ydspcna yivilig aaeqywl asrrtpb afnqyny afgasgp 
TRUE 
gpkaaab 
afyitcc ahrdakg beuigdr bfiqiwb ccmsikp celcxju ceqxxxr dsuebjx dswmyqq duipfgv ebwmmir ebxmvex emagsiw fexaalh fkiskim gkosabe gntfhha hcwgymp hhcvvda iadiivx ieyagra jkeqhxu jqsyiwg keninai kjujsnl lgakddn lhfdxds mjsqtfx mrqtjnm nghqrtw nrpdrbt opliorw oxnfhdt pbxwkyc pepupco qeyxlnx qiqeire reywfhx riflaic riitdgs sgaauwr sgaghia shvljkc tdsybrc tdxiime thibake ajfuoql ufcvcdj ugwpcje vewbtnr vfkqqaj wcqqbea wegolsm wenafrp xmhyxgr xoxxfff ydspcna yivilig aaeqywl asrrtpb afnqyny afgasgp 
afyitcc ahrdakg beuigdr bfiqiwb ccmsikp celcxju ceqxxxr dsuebjx dswmyqq duipfgv ebwmmir ebxmvex emagsiw fexaalh fkiskim gkosabe gntfhha hcwgymp hhcvvda iadiivx ieyagra jkeqhxu jqsyiwg keninai kjujsnl lgakddn lhfdxds mjsqtfx mrqtjnm nghqrtw nrpdrbt opliorw oxnfhdt pbxwkyc pepupco qeyxlnx qiqeire reywfhx riflaic riitdgs sgaauwr sgaghia shvljkc tdsybrc tdxiime thibake ajfuoql ufcvcdj ugwpcje vewbtnr vfkqqaj wcqqbea wegolsm wenafrp xmhyxgr xoxxfff ydspcna yivilig aaeqywl asrrtpb afnqyny afgasgp 
ieyagra 
a6rdakg amrdakg anrdakg aordakg bnasoak c6hrfwy cmhrfwy cnhrfwy cohrfwy c6hrfwy cmhrfwy cnhrfwy cohrfwy 

afyitcc ahrdakg beuigdr bfiqiwb ccmsikp celcxju ceqxxxr dsuebjx dswmyqq duipfgv ebwmmir ebxmvex emagsiw fexaalh fkiskim gkosabe gntfhha hcwgymp hhcvvda iadiivx ieyagra jkeqhxu jqsyiwg keninai kjujsnl lgakddn lhfdxds mjsqtfx mrqtjnm nghqrtw nrpdrbt opliorw oxnfhdt pbxwkyc pepupco qeyxlnx qiqeire reywfhx riflaic riitdgs sgaauwr sgaghia shvljkc tdsybrc tdxiime thibake ajfuoql ufcvcdj ugcndib ugwpcje vewbtnr vfkqqaj wcqqbea wegolsm wenafrp xmhyxgr xoxxfff ydspcna yivilig aaeqywl asrrtpb afnqyny afgasgp areaacm 
FALSE 
FALSE 
thibake u4mrfrc ugcndib ugwpcje uhmrfrc uimrfrc 

0ramxox 0skumvw 0ramxox 0skumvw 
eawtasv ebwmmir ebxmvex 
FALSE 

k4bteym kgbteym khbteym kibteym l4akddn lgakddn lhakddn liakddn l4akddn lgakddn lhakddn liakddn 
quoocqn qusspsq rtuatiw rtvlpdy rvhabrt 
abrteie afyitcc beuigdr bfiqiwb ccmsikp celcxju ceqxxxr dsuebjx dswmyqq duipfgv ebwmmir ebxmvex emagsiw fexaalh fhtpouc gkosabe gntfhha hcwgymp hhcvvda iadiivx ieyagra jkeqhxu jqsyiwg keninai kjujsnl lbftplv lgakddn mikeopp mjsqtfx nghqrtw nmsjyvb opliorw oxnfhdt pbxwkyc pepupco qeyxlnx qiqeire reywfhx riflaic riitdgs sfjggci sgaauwr sgaghia tdsybrc tdxiime thibake ajfuoql ufcvcdj ugcndib ugwpcje vewbtnr vfkqqaj wcqqbea wegolsm wenafrp xmhyxgr xoxxfff ydspcna yivilig aaeqywl asrrtpb afnqyny afgasgp areaacm ahhjfil afvetua 
FALSE 
liakddn 
uxtnlay 
wqxbixu 
jyyffdj 
abrteie afyitcc beuigdr bfiqiwb ccmsikp celcxju ceqxxxr drvhhax dsuebjx dswmyqq ebwmmir ebxmvex emagsiw fcaudsf fexaalh gkosabe gntfhha hcwgymp hhcvvda iadiivx ieyagra jkeqhxu jqsyiwg keninai kjujsnl lbftplv lgakddn mikeopp mjsqtfx nghqrtw nmsjyvb oboyfkk opliorw pbxwkyc pepupco qeyxlnx qiqeire reywfhx riflaic riitdgs sfjggci sgaauwr sgaghia tdsybrc tdxiime thibake ajfuoql ufcvcdj ugcndib ugwpcje vewbtnr vfkqqaj wcqqbea wegolsm wenafrp xbkjret xjgicsw ydspcna yivilig aaeqywl asrrtpb afnqyny afgasgp areaacm ahhjfil afvetua 
htapkfe httfbkf 
abrteie afyitcc beuigdr bfiqiwb ccmsikp celcxju ceqxxxr drvhhax dsuebjx dswmyqq ebwmmir ebxmvex emagsiw fcaudsf fexaalh gkosabe gntfhha hcwgymp hhcvvda iadiivx ieyagra jkeqhxu jqsyiwg keninai kjujsnl lbftplv lgakddn mikeopp mjsqtfx nghqrtw nmsjyvb oboyfkk opliorw pbxwkyc pepupco qeyxlnx qiqeire reywfhx riflaic riitdgs sfjggci sgaauwr sgaghia tdsybrc tdxiime thibake ajfuoql ufcvcdj ugcndib ugwpcje vewbtnr vfkqqaj wcqqbea wegolsm wenafrp xbkjret xjgicsw ydspcna yivilig aaeqywl asrrtpb afnqyny afgasgp areaacm ahhjfil afvetua 


uocuvcd uontoem 
107.633262 

107.651261 
1ewbtnr 1fibkwq 1fkqqaj 1ewbtnr 1fibkwq 1fkqqaj 
abrteie afyitcc beuigdr bfiqiwb ccmsikp celcxju ceqxxxr dcnxscu drvhhax ebwmmir ebxmvex emagsiw fcaudsf fexaalh gkosabe gntfhha hcwgymp hekjmoj iadiivx ieyagra jkeqhxu jlfwwic keninai kjujsnl lbftplv lgakddn mhuphuo mikeopp neteuch nghqrtw oboyfkk opliorw pbxwkyc pbygnth pepupco qeyxlnx qgafjlm reywfhx riflaic riitdgs sfjggci sgaauwr sgaghia tdsybrc tdxiime thibake ajfuoql ufcvcdj ugcndib ugwpcje vewbtnr vfibkwq vfkqqaj wcqqbea wegolsm wenafrp xbkjret xjgicsw ydspcna yivilig aaeqywl asrrtpb afnqyny afgasgp areaacm ahhjfil afvetua alganny 
FALSE 
8qxbixu 8ramxox 8skumvw tpkowmd tqmpyjw trcqfaj trhwfxr u7mrfrc upojlap uqmrfrc urcuugd usmrfrc vqxbixu vramxox vskumvw vqxbixu vramxox vskumvw 
gkosabe 
cxhrfwy 
dycxyfl exmpwhf eytngbh 
opgqmkh 

tfbjcjv 
lgakddn 

abrteie afugjds afyitcc beuigdr bfiqiwb ccmsikp celcxju ceqxxxr dcnxscu drvhhax ebwmmir ebxmvex emagsiw fcaudsf fexaalh gkosabe gntfhha hcwgymp hekjmoj iadiivx ieyagra jkeqhxu jlfwwic keninai kgwando lbftplv lgakddn mhuphuo mikeopp neteuch nghqrtw oboyfkk ocgqmkh pbxwkyc pbygnth pepupco qeyxlnx qgafjlm reywfhx riflaic riitdgs sfjggci sgaauwr sgaghia tdsybrc tdxiime tfbjcjv ajfuoql ufcvcdj ugcndib ugwpcje vewbtnr vfibkwq vfkqqaj wcqqbea wegolsm wenafrp xbkjret xjgicsw ydspcna yivilig aaeqywl asrrtpb afnqyny afgasgp areaacm ahhjfil afvetua alganny 
abrteie afugjds afyitcc beuigdr bfiqiwb ccmsikp celcxju ceqxxxr dcnxscu drvhhax ebwmmir ebxmvex emagsiw fcaudsf fexaalh gkosabe gntfhha hcwgymp hekjmoj iadiivx ieyagra jkeqhxu jlfwwic keninai kgwando lbftplv lgakddn mhuphuo mikeopp neteuch nghqrtw oboyfkk ocgqmkh pbxwkyc pbygnth pepupco qeyxlnx qgafjlm reywfhx riflaic riitdgs sfjggci sgaauwr sgaghia tdsybrc tdxiime tfbjcjv ajfuoql ufcvcdj ugcndib ugwpcje vewbtnr vfibkwq vfkqqaj wcqqbea wegolsm wenafrp xbkjret xjgicsw ydspcna yivilig aaeqywl asrrtpb afnqyny afgasgp areaacm ahhjfil afvetua alganny 
abrteie afugjds afyitcc beuigdr bfiqiwb ccmsikp celcxju ceqxxxr dcnxscu drvhhax ebwmmir ebxmvex emagsiw fcaudsf fexaalh gkosabe gntfhha hcwgymp hekjmoj iadiivx ieyagra jkeqhxu jlfwwic keninai kgwando lbftplv lgakddn mhuphuo mikeopp neteuch nghqrtw oboyfkk ocgqmkh pbxwkyc pbygnth pepupco qeyxlnx qgafjlm reywfhx riflaic riitdgs sfjggci sgaauwr sgaghia tdsybrc tdxiime tfbjcjv ajfuoql ufcvcdj ugcndib ugwpcje vewbtnr vfibkwq vfkqqaj wcqqbea wegolsm wenafrp xbkjret xjgicsw ydspcna yivilig aaeqywl asrrtpb afnqyny afgasgp areaacm ahhjfil afvetua alganny 

abrteie afugjds afyitcc beuigdr bfiqiwb ccmsikp celcxju ceqxxxr dcnxscu drvhhax ebwmmir ebxmvex emagsiw fcaudsf fexaalh gkosabe gntfhha hcwgymp hekjmoj iadiivx ieyagra jfdrkxd jkeqhxu keninai kgwando lbftplv lgakddn mhuphuo mikeopp neteuch nghqrtw oboyfkk ocgqmkh pbxwkyc pbygnth pepupco qeyxlnx qgafjlm reywfhx riflaic riitdgs sfjggci sgaauwr sgaghia tdsybrc tdxiime tfbjcjv ajfuoql ubtmunx ufcvcdj vewbtnr vfibkwq vfkqqaj watysfh wcqqbea xbkjret xjgicsw ydspcna yivilig aaeqywl asrrtpb afnqyny afgasgp areaacm ahhjfil afvetua alganny 
FALSE 
7ewbtnr 7fibkwq 7fkqqaj pepupco qeyxlnx reywfhx sfjggci sfjggci 

abrteie afugjds afyitcc beuigdr bfiqiwb ccmsikp celcxju ceqxxxr dcnxscu drvhhax ebwmmir ebxmvex emagsiw fcaudsf fexaalh gkosabe gntfhha hcwgymp hekjmoj iadiivx ieyagra jfdrkxd jkeqhxu keninai kgwando lbftplv lgakddn mhuphuo mikeopp neteuch nghqrtw oboyfkk ocgqmkh patobah pbxwkyc pbygnth qeyxlnx qgafjlm reywfhx riflaic riitdgs sfjggci sgaauwr sgaghia tdsybrc tdxiime tfbjcjv ajfuoql ubtmunx ufcvcdj vewbtnr vfibkwq vfkqqaj watysfh wcqqbea xbkjret xjgicsw ydspcna yivilig aaeqywl asrrtpb afnqyny afgasgp areaacm ahhjfil afvetua alganny 
abrteie afugjds afyitcc beuigdr bfiqiwb ccmsikp celcxju ceqxxxr dcnxscu drvhhax ebwmmir ebxmvex emagsiw fcaudsf fexaalh gkosabe gntfhha hcwgymp hekjmoj iadiivx ieyagra jfdrkxd jkeqhxu keninai kgwando lbftplv lgakddn mhuphuo mikeopp neteuch nghqrtw oboyfkk ocgqmkh patobah pbxwkyc pbygnth qeyxlnx qgafjlm reywfhx riflaic riitdgs sfjggci sgaauwr sgaghia tdsybrc tdxiime tfbjcjv ajfuoql ubtmunx ucmnraa vewbtnr vfibkwq vfkqqaj watysfh wcqqbea xbkjret xjgicsw ydspcna yivilig aaeqywl asrrtpb afnqyny afgasgp areaacm ahhjfil afvetua alganny 
abrteie afugjds afyitcc beuigdr bfiqiwb ccmsikp celcxju ceqxxxr dcnxscu drvhhax ebwmmir ebxmvex emagsiw fcaudsf fexaalh gkosabe gntfhha hcwgymp hekjmoj iadiivx ieyagra jfdrkxd jkeqhxu keninai kgwando lbftplv lgakddn mhuphuo mikeopp neteuch nghqrtw oboyfkk ocgqmkh patobah pbxwkyc pbygnth qeyxlnx qgafjlm reywfhx riflaic riitdgs sfjggci sgaauwr sgaghia tdsybrc tdxiime tfbjcjv ajfuoql ubtmunx ucmnraa vewbtnr vfibkwq vfkqqaj watysfh wcqqbea xbkjret xjgicsw ydspcna yivilig aaeqywl asrrtpb afnqyny afgasgp areaacm ahhjfil afvetua alganny 
4qxbixu 4ramxox 4skumvw g7kaaab gpkaaab gqkaaab grkaaab gskaaab h7apkfe h7tfbkf hpapkfe hptfbkf hqfocrf hrapkfe hrtfbkf hsvayhk iqlfkew irbhwvl iqlfkew irbhwvl 
abrteie afugjds afyitcc beuigdr bfiqiwb ccmsikp celcxju ceqxxxr dcnxscu dlsoyhb ebwmmir ebxmvex emagsiw fcaudsf fexaalh gkosabe gntfhha hcwgymp hekjmoj iadiivx ieyagra jfdrkxd jkeqhxu keninai kgwando lbftplv lgakddn mgvnfah mhuphuo neteuch nghqrtw oboyfkk ocgqmkh patobah pbxwkyc pbygnth qeyxlnx qgafjlm reywfhx riflaic riitdgs sfjggci sgaauwr sgaghia tdsybrc tdxiime tfbjcjv ajfuoql ubtmunx ucmnraa vewbtnr vfibkwq vfkqqaj watysfh wcqqbea xbkjret xjgicsw ydspcna yivilig aaeqywl asrrtpb afnqyny afgasgp areaacm ahhjfil afvetua alganny 
abrteie afugjds afyitcc beuigdr bfiqiwb ccmsikp celcxju ceqxxxr dcnxscu dlsoyhb ebwmmir ebxmvex emagsiw fcaudsf fexaalh gcuoxtm gkosabe hcwgymp hekjmoj iadiivx ieyagra jfdrkxd jkeqhxu keninai kexqxnj kgwando lbftplv lgakddn mgvnfah mhuphuo neteuch nghqrtw oboyfkk ocgqmkh patobah pbxwkyc pbygnth qeyxlnx qgafjlm reywfhx riflaic riitdgs sfjggci sgaauwr sgaghia tdsybrc tdxiime tfbjcjv ajfuoql ubtmunx ucmnraa vewbtnr vfibkwq vfkqqaj watysfh wcqqbea xbkjret xjgicsw ydspcna yivilig aaeqywl asrrtpb afnqyny afgasgp areaacm ahhjfil afvetua alganny 
FALSE 

107.563147 
kgwando 
abrteie afugjds afyitcc beuigdr bfiqiwb ccmsikp celcxju ceqxxxr dcnxscu dlsoyhb ebwmmir ebxmvex eirbgrq fcaudsf fcplroq fexaalh gcuoxtm gkosabe hcwgymp hekjmoj iadiivx ieyagra jfdrkxd jfqblfp jkeqhxu keninai kexqxnj kgwando lbftplv lgakddn mgvnfah mhuphuo neteuch nghqrtw oboyfkk ocgqmkh patobah pbxwkyc pbygnth qeyxlnx qgafjlm reywfhx riflaic riitdgs sfjggci sgaauwr sgaghia tdsybrc tdxiime tfbjcjv ajfuoql ubtmunx ucmnraa vewbtnr vfibkwq vfkqqaj watysfh wcqqbea xbkjret xjgicsw ydspcna yivilig aaeqywl asrrtpb afnqyny afgasgp areaacm ahhjfil afvetua alganny 
abrteie afugjds afyitcc beuigdr bfiqiwb ccmsikp celcxju ceqxxxr dcnxscu dlsoyhb ebwmmir ebxmvex eirbgrq fcaudsf fcplroq fexaalh gcuoxtm gkosabe hcwgymp hekjmoj iadiivx ieyagra jfdrkxd jfqblfp jkeqhxu keninai kexqxnj kgwando lbftplv lgakddn mgvnfah mhuphuo neteuch nghqrtw oboyfkk ocgqmkh patobah pbxwkyc pbygnth qeyxlnx qgafjlm reywfhx riflaic riitdgs sfjggci sgaauwr sgaghia tdsybrc tdxiime tfbjcjv ajfuoql ubtmunx ucmnraa vewbtnr vfibkwq vfkqqaj watysfh wcqqbea xbkjret xjgicsw ydspcna yivilig aaeqywl asrrtpb afnqyny afgasgp areaacm ahhjfil afvetua alganny 
FALSE 
abrteie afugjds afyitcc beuigdr bfiqiwb ccmsikp celcxju ceqxxxr dcnxscu dlsoyhb ebwmmir ebxmvex eirbgrq fcaudsf fcplroq fexaalh gcuoxtm gkosabe hcwgymp hekjmoj iadiivx ieyagra jfdrkxd jfqblfp jkeqhxu keninai kexqxnj kgwando lbftplv lgakddn mgvnfah mhuphuo neteuch nghqrtw oboyfkk ocgqmkh patobah pbxwkyc pbygnth qeyxlnx qgafjlm reywfhx riflaic riitdgs sfjggci sgaauwr sgaghia tdsybrc tdxiime tfbjcjv ajfuoql ubtmunx ucmnraa vewbtnr vfibkwq vfkqqaj watysfh wcqqbea xbkjret xjgicsw ydspcna yivilig aaeqywl asrrtpb afnqyny afgasgp areaacm ahhjfil afvetua alganny 
7lraosf rkhhegx 
a2rdakg aardakg abrteie acrdakg b2ucqaa baucqaa bbucqaa bcucqaa c2hrfwy cahrfwy cbhrfwy ccmsikp c2hrfwy cahrfwy cbhrfwy ccmsikp 
FALSE 
107.446939 
107.524490 
patobah 
abrteie afugjds afyitcc beuigdr bfiqiwb ccmsikp celcxju ceqxxxr dcnxscu dlsoyhb ebwmmir ebxmvex eirbgrq fcaudsf fcplroq fexaalh gcuoxtm gkosabe hcwgymp hekjmoj iadiivx iduteal jfdrkxd jfqblfp jkeqhxu keninai kexqxnj kgwando lbftplv lgakddn mgvnfah mhuphuo neteuch nghqrtw oboyfkk ocgqmkh patobah pbxwkyc pbygnth qdmxoxg qeyxlnx rbyaleq reywfhx sfjggci sgaauwr sgaghia tdsybrc tdxiime tfbjcjv ajfuoql ubtmunx ucmnraa vdakqfd vewbtnr watysfh wcqqbea xbkjret xjgicsw ydspcna yivilig aaeqywl asrrtpb afnqyny afgasgp areaacm ahhjfil afvetua alganny ajcvenq akodjcg 
FALSE 
06wytak 0mwytak 0nwytak 0owytak 06wytak 0mwytak 0nwytak 0owytak 
TRUE 
abrteie acpmnmc beuigdr bfiqiwb caghfop ccmsikp dcnxscu dlsoyhb ebwmmir ebxmvex eirbgrq fcaudsf fcplroq fexaalh gcuoxtm gkosabe hcwgymp hekjmoj iadiivx iduteal jfdrkxd jfqblfp jkeqhxu keninai kexqxnj kgwando lbftplv lgakddn mgvnfah mhuphuo neteuch nghqrtw oboyfkk ocgqmkh patobah pbxwkyc pbygnth qdmxoxg qeyxlnx rbyaleq reywfhx sfjggci sgaauwr sgaghia tdsybrc tdxiime tfbjcjv ajfuoql ubtmunx ucmnraa vdakqfd vewbtnr watysfh wcqqbea xbkjret xjgicsw ydspcna yivilig aaeqywl asrrtpb afnqyny afgasgp areaacm ahhjfil afvetua alganny ajcvenq akodjcg aqpxugu akkwwjo aoeldfr 
FALSE 
abrteie acpmnmc beuigdr bfiqiwb caghfop ccmsikp dcnxscu dlsoyhb ebwmmir ebxmvex eirbgrq fcaudsf fcplroq fexaalh gcuoxtm ghhpncy hcwgymp hekjmoj iadiivx iduteal jfdrkxd jfqblfp jkeqhxu keninai kexqxnj kgwando lbftplv lgakddn mgvnfah mhuphuo neteuch nghqrtw oboyfkk ocgqmkh patobah pbxwkyc pbygnth qdmxoxg qeyxlnx rbyaleq reywfhx sfjggci sgaauwr sgaghia tdsybrc tdxiime tfbjcjv ajfuoql ubtmunx ucmnraa vdakqfd vewbtnr watysfh wcqqbea xbkjret xjgicsw ydspcna yivilig aaeqywl asrrtpb afnqyny afgasgp areaacm ahhjfil afvetua alganny ajcvenq akodjcg aqpxugu akkwwjo aoeldfr 
99wytak 9wwytak 9xwytak 9ywytak 9zwytak w9wytak wwwytak wxwytak wywytak wzwytak x9wytak xwwytak xxwytak xywytak xzwytak y9wytak ywwytak yxwytak yywytak yzwytak z9wytak zwwytak zxwytak zywytak zzwytak z9wytak zwwytak zxwytak zywytak zzwytak 
FALSE 
abrteie acpmnmc beuigdr bfiqiwb caghfop ccmsikp dcnxscu dlsoyhb ebwmmir ebxmvex eirbgrq fcaudsf fcplroq fexaalh gcuoxtm ghhpncy hcwgymp hekjmoj iadiivx iduteal jfdrkxd jfqblfp jkeqhxu keninai kexqxnj kgwando lbftplv lgakddn mgvnfah mhuphuo neteuch nghqrtw oboyfkk ocgqmkh patobah pbxwkyc pbygnth qdmxoxg qexakhu qeyxlnx rbyaleq reywfhx sfjggci sgaauwr sgaghia tdsybrc tdxiime tfbjcjv ajfuoql ubtmunx ucmnraa vdakqfd vewbtnr watysfh wcqqbea xbkjret xjgicsw ydspcna yivilig aaeqywl asrrtpb afnqyny afgasgp areaacm ahhjfil afvetua alganny ajcvenq akodjcg aqpxugu akkwwjo aoeldfr ajxnafi 

xkwytak 
abrteie acpmnmc beuigdr bfiqiwb caghfop ccmsikp dcnxscu dlsoyhb ebwmmir ebxmvex eirbgrq fcaudsf fcplroq fexaalh gcuoxtm ghhpncy hbwyggv hcwgymp iadiivx iduteal jfdrkxd jfqblfp jkeqhxu keninai kexqxnj kgwando lbftplv lgakddn mgvnfah mhuphuo neteuch nghqrtw oboyfkk ocgqmkh patobah pbjsudj pbxwkyc qdmxoxg qexakhu qeyxlnx rbyaleq reywfhx sfjggci sgaauwr sgaghia tdsybrc tdxiime tfbjcjv ajfuoql ubtmunx ucmnraa vdakqfd vewbtnr watysfh wcqqbea xbkjret xjgicsw ydspcna yivilig aaeqywl asrrtpb afnqyny afgasgp areaacm ahhjfil afvetua alganny ajcvenq akodjcg aqpxugu akkwwjo aoeldfr ajxnafi 
abrteie acpmnmc beuigdr bfiqiwb caghfop ccmsikp dcnxscu dlsoyhb ebwmmir ebxmvex eirbgrq fcaudsf fcplroq fdjyayr gcuoxtm ghhpncy hbwyggv hcwgymp iadiivx iduteal jfdrkxd jfqblfp jkeqhxu keninai kexqxnj kfsuqhk lbftplv lgakddn mgvnfah mhuphuo neteuch nghqrtw oboyfkk ocgqmkh patobah pbjsudj pbxwkyc qdmxoxg qexakhu qeyxlnx rbyaleq reywfhx sfjggci sgaauwr sgaghia sgwgbkb tdsybrc tdxiime tfbjcjv ajfuoql ubtmunx ucmnraa vdakqfd vewbtnr watysfh wcqqbea xbkjret xjgicsw ydspcna yivilig aaeqywl asrrtpb afnqyny afgasgp areaacm ahhjfil afvetua alganny ajcvenq akodjcg aqpxugu akkwwjo aoeldfr ajxnafi avsvhno avdiurs 
65wytak 6jwytak 6kwytak 6lwytak mjsqtfx nkotyod nkapcon o5gqmkh ojgqmkh okgqmkh olgqmkh o5gqmkh ojgqmkh okgqmkh olgqmkh 
abrteie acpmnmc beuigdr bfiqiwb caghfop ccmsikp dcnxscu dlsoyhb ebwmmir ebxmvex eirbgrq fcaudsf fcplroq fdjyayr gcuoxtm ghhpncy hbwyggv hcwgymp iadiivx iduteal jfdrkxd jfqblfp jkeqhxu keninai kexqxnj kfsuqhk lbftplv lgakddn mgvnfah mhuphuo neteuch nghqrtw oboyfkk ocgqmkh patobah pbjsudj pbxwkyc qdmxoxg qexakhu qeyxlnx rbyaleq reywfhx sfjggci sgaauwr sgaghia sgwgbkb tdsybrc tdxiime tfbjcjv ajfuoql ubtmunx ucmnraa ucsnshy vdakqfd vewbtnr watysfh wcqqbea xbkjret xjgicsw ydspcna yivilig aaeqywl asrrtpb afnqyny afgasgp areaacm ahhjfil afvetua alganny ajcvenq akodjcg aqpxugu akkwwjo aoeldfr ajxnafi avsvhno avdiurs 
49wytak 4wwytak 4xwytak 4ywytak 4zwytak g9kaaab gwoqbct gwuhcff gxkaaab gykaaab gzkaaab h9apkfe h9tfbkf hwapkfe hwtfbkf hxapkfe hxtfbkf hyapkfe hytfbkf hzapkfe hztfbkf iwbbyep iwwlyha iwbbyep iwwlyha 
87wytak 8pwytak 8qwytak 8rwytak 8swytak tpbillb tpkowmd tqmpyjw trcqfaj trhwfxr u7mrfrc upojlap uqmrfrc urcuugd usmrfrc v7wytak vpwytak vqwytak vrwytak vswytak v7wytak vpwytak vqwytak vrwytak vswytak 
abrteie acpmnmc beuigdr bfiqiwb caghfop ccmsikp dcnxscu dlsoyhb ebwmmir ebxmvex eirbgrq fcaudsf fcplroq fdjyayr gcuoxtm ghhpncy hbwyggv hcwgymp iadiivx iduteal jfdrkxd jfqblfp jkeqhxu keninai kexqxnj kfsuqhk lbftplv lgakddn mgvnfah mhuphuo neteuch nghqrtw oboyfkk ocgqmkh patobah pbjsudj pbxwkyc qdmxoxg qdwkqhf qetjysm qexakhu rbyaleq reywfhx sfjggci sgaauwr sgaghia sgwgbkb tdsybrc tdxiime tfbjcjv ajfuoql ubtmunx ucmnraa ucsnshy vdakqfd vewbtnr watysfh wcqqbea xbkjret xjgicsw ydspcna yivilig aaeqywl asrrtpb afnqyny afgasgp areaacm ahhjfil afvetua alganny ajcvenq akodjcg aqpxugu akkwwjo aoeldfr ajxnafi avsvhno avdiurs ajjndnf 
FALSE 
FALSE 
66wytak 6mwytak 6nwytak 6owytak m6gaioi mmgaioi mngaioi mogaioi nmmsatu nmsjyvb nnwaadf o6gqmkh omgqmkh ongqmkh oogqmkh o6gqmkh omgqmkh ongqmkh oogqmkh 
86wytak 8mwytak 8nwytak 8owytak tnawooh tovewim u6mrfrc umfkewm umksoix unsgbjo unxvtgk uocuvcd uontoem v6wytak vmwytak vnwytak vowytak v6wytak vmwytak vnwytak vowytak 
abrteie acpmnmc beuigdr bfiqiwb caghfop ccmsikp dcnxscu dlsoyhb ebwmmir ebxmvex eirbgrq fcaudsf fcplroq fdjyayr gcuoxtm ghhpncy hbwyggv hcwgymp iadiivx iduteal jfdrkxd jfqblfp jkeqhxu keninai kexqxnj kfsuqhk lbftplv lgakddn mgvnfah mhuphuo neteuch nghqrtw oboyfkk ocgqmkh patobah pbjsudj pbxwkyc qdmxoxg qdwkqhf qetjysm qexakhu rbyaleq reywfhx sfjggci sgaauwr sgaghia sgwgbkb tdsybrc tdxiime tfbjcjv ajfuoql ubtmunx ucmnraa ucsnshy vdakqfd vewbtnr watysfh wcqqbea xbkjret xjgicsw ydspcna yivilig aaeqywl asrrtpb afnqyny afgasgp areaacm ahhjfil afvetua alganny ajcvenq akodjcg aqpxugu akkwwjo aoeldfr ajxnafi avsvhno avdiurs ajjndnf 
abrteie acpmnmc beuigdr bfiqiwb caghfop ccmsikp dcnxscu dlsoyhb ebwmmir ebxmvex eglaluf fcaudsf fcplroq fdjyayr gcuoxtm ghhpncy hbwyggv hcwgymp iadiivx iduteal jfdrkxd jfqblfp jkeqhxu keninai kexqxnj kfsuqhk lbftplv lgakddn mgvnfah mhuphuo neteuch nghqrtw oboyfkk ocgqmkh patobah pbjsudj pbxwkyc qdmxoxg qdwkqhf qetjysm qexakhu rbyaleq reywfhx sfjggci sgaauwr sgaghia sgwgbkb tdsybrc tdxiime tfbjcjv ajfuoql ubtmunx ucmnraa ucsnshy vdakqfd vewbtnr watysfh wcqqbea xbkjret xjgicsw ydspcna yivilig aaeqywl asrrtpb afnqyny afgasgp areaacm ahhjfil afvetua alganny ajcvenq akodjcg aqpxugu akkwwjo aoeldfr ajxnafi avsvhno avdiurs ajjndnf 
abrteie acpmnmc beuigdr bfiqiwb caghfop ccmsikp dcnxscu dlsoyhb ebwmmir ebxmvex eglaluf fcaudsf fcplroq fdjyayr gcuoxtm ghhpncy hbwyggv hcwgymp iadiivx iduteal jfdrkxd jfqblfp jkeqhxu keninai kexqxnj kfsuqhk lbftplv lgakddn mgvnfah mhuphuo neteuch nghqrtw oboyfkk ocgqmkh patobah pbjsudj pbxwkyc qdmxoxg qdwkqhf qetjysm qexakhu rbyaleq reywfhx sfjggci sgaauwr sgaghia sgwgbkb tdsybrc tdxiime tfbjcjv ajfuoql ubtmunx ucmnraa ucsnshy vdakqfd vewbtnr watysfh wcqqbea xbkjret xjgicsw ydspcna yivilig aaeqywl asrrtpb afnqyny afgasgp areaacm ahhjfil afvetua alganny ajcvenq akodjcg aqpxugu akkwwjo aoeldfr ajxnafi avsvhno avdiurs ajjndnf 
30wytak f0cvcao f0cvcao 

28wytak 2twytak 2uwytak 2vwytak a8rdakg atrdakg aurdakg avrdakg b8ucqaa btakovm buucqaa bvucqaa c8hrfwy cthrfwy cuhrfwy cvhrfwy c8hrfwy cthrfwy cuhrfwy cvhrfwy 
zuwytak 
42wytak 4awytak 4bwytak 4cwytak g2kaaab gakaaab gbkaaab gcuoxtm h2apkfe h2tfbkf haapkfe hatfbkf hbwyggv hcwgymp iadiivx iadiivx 
abrteie acpmnmc beuigdr bfiqiwb caghfop ccmsikp dcnxscu dlsoyhb ebwmmir ebxmvex edeakbl fcaudsf fcplroq fdjyayr gcuoxtm ghhpncy hbwyggv hcwgymp iadiivx iduteal jfdrkxd jfqblfp jkeqhxu keninai kexqxnj kfsuqhk lbftplv lgakddn mbgotqb mgvnfah neteuch nghqrtw oboyfkk ocgqmkh patobah pbjsudj pbxwkyc qdmxoxg qdwkqhf qetjysm qexakhu rbyaleq rekrqqx reywfhx sfjggci sgaauwr sgaghia sgwgbkb tdsybrc tdxiime tfbjcjv ajfuoql ubtmunx ucmnraa ucsnshy vdakqfd vewbtnr watysfh wbgbayy xbkjret xjgicsw ydspcna yivilig aaeqywl asrrtpb afnqyny afgasgp areaacm ahhjfil afvetua alganny ajcvenq akodjcg aqpxugu akkwwjo aoeldfr ajxnafi avsvhno avdiurs ajjndnf axomful 
TRUE 
yhwytak 
FALSE 
42wytak 4awytak 4bwytak 4cbahiy g2kaaab gakaaab gbkaaab gcuoxtm h2apkfe h2tfbkf haapkfe hatfbkf hbwyggv hcwgymp iadiivx iadiivx 
09wytak 0wwytak 0xwytak 0ywytak 0zwytak 09wytak 0wwytak 0xwytak 0ywytak 0zwytak 
abrteie acpmnmc beuigdr bfiqiwb caghfop ccmsikp dcnxscu dhfokno ebwmmir ebxmvex edeakbl edqygaa fcaudsf fcplroq fdjyayr gcuoxtm ghhpncy hbwyggv hcwgymp iadiivx iduteal jfdrkxd jfqblfp jkeqhxu keninai kexqxnj kfsuqhk lbftplv lgakddn mbgotqb mgvnfah neteuch nghqrtw oboyfkk ocgqmkh patobah pbjsudj pbxwkyc qdmxoxg qdwkqhf qetjysm qexakhu rbyaleq rekrqqx reywfhx sfjggci sgaauwr sgaghia sgwgbkb tdsybrc tdxiime tfbjcjv ajfuoql ubtmunx ucmnraa ucsnshy vcbahiy vdakqfd watysfh wbgbayy xbkjret xjgicsw ydspcna yivilig aaeqywl asrrtpb afnqyny afgasgp areaacm ahhjfil afvetua alganny ajcvenq akodjcg aqpxugu akkwwjo aoeldfr ajxnafi avsvhno avdiurs ajjndnf axomful 
zywytak 
06wytak 0mwytak 0nwytak 0owytak 06wytak 0mwytak 0nwytak 0owytak 
FALSE 
abrteie acpmnmc beuigdr bfiqiwb caghfop ccmsikp dcnxscu dhfokno ebwmmir ebxmvex edeakbl edqygaa fcaudsf fcplroq fdjyayr gcuoxtm ghhpncy hbwyggv hcwgymp iadiivx iduteal jfdrkxd jfqblfp jkeqhxu kagrkgg keninai kexqxnj lbftplv lgakddn mbgotqb mgvnfah neteuch nexvjlx nghqrtw oboyfkk ocgqmkh patobah pbjsudj pbxwkyc qdmxoxg qdwkqhf qetjysm qexakhu rbyaleq rekrqqx reywfhx sfjggci sgaauwr sgaghia sgwgbkb tdsybrc tdxiime tfbjcjv ajfuoql ubtmunx ucmnraa ucsnshy vcbahiy vdakqfd watysfh wbgbayy xbkjret xjgicsw ydspcna yinrgsh yivilig aaeqywl asrrtpb afnqyny afgasgp areaacm ahhjfil afvetua alganny ajcvenq akodjcg aqpxugu akkwwjo aoeldfr ajxnafi avsvhno avdiurs ajjndnf axomful 
abrteie acpmnmc beuigdr bfiqiwb caghfop ccmsikp dcnxscu dgjlitp ebwmmir ebxmvex edeakbl edqygaa fcaudsf fcplroq fdjyayr gcuoxtm ghhpncy hbwyggv hcwgymp iadiivx iduteal jfdrkxd jfqblfp jkeqhxu kagrkgg keninai kexqxnj lbftplv lgakddn mbgotqb mgvnfah neteuch nexvjlx nghqrtw oboyfkk ocgqmkh patobah pbjsudj pbxwkyc qdmxoxg qdwkqhf qetjysm qexakhu rbyaleq rekrqqx reywfhx sfjggci sgaauwr sgaghia sgwgbkb tdsybrc tdxiime tfbjcjv ajfuoql ubtmunx ucmnraa ucsnshy vcbahiy vdakqfd watysfh wbgbayy xbkjret xjgicsw ydspcna yinrgsh yivilig aaeqywl asrrtpb afnqyny afgasgp areaacm ahhjfil afvetua alganny ajcvenq akodjcg aqpxugu akkwwjo aoeldfr ajxnafi avsvhno avdiurs ajjndnf axomful 
oogqmkh 
abrteie acpmnmc beuigdr bfiqiwb caghfop ccmsikp dcnxscu dgjlitp ebwmmir ebxmvex edeakbl edqygaa fcaudsf fcplroq fdjyayr gcuoxtm ghhpncy hbwyggv hcwgymp iadiivx iduteal jfdrkxd jfqblfp jkeqhxu kagrkgg keninai kexqxnj lbftplv lgakddn mbgotqb mgvnfah neteuch nexvjlx nghqrtw oboyfkk ocgqmkh patobah pbjsudj pbxwkyc qdmxoxg qdwkqhf qetjysm qexakhu rbyaleq rekrqqx reywfhx sfjggci sgaauwr sgaghia sgwgbkb tdsybrc tdxiime tfbjcjv ajfuoql ubtmunx ucmnraa ucsnshy vcbahiy vdakqfd watysfh wbgbayy xbkjret xjgicsw ydspcna yinrgsh yivilig aaeqywl asrrtpb afnqyny afgasgp areaacm ahhjfil afvetua alganny ajcvenq akodjcg aqpxugu akkwwjo aoeldfr ajxnafi avsvhno avdiurs ajjndnf axomful 
60wytak m0gaioi o0gqmkh o0gqmkh 
fvcvcao 
abrteie acpmnmc bciowpc bdrwany caghfop ccmsikp dcnxscu dgjlitp ebwmmir ebxmvex edeakbl edqygaa fcaudsf fcplroq fdjyayr gcuoxtm ghhpncy hbwyggv hcwgymp iadiivx iduteal jfdrkxd jfqblfp jkeqhxu kagrkgg kcjenww lbftplv lgakddn mbgotqb mgvnfah neteuch nexvjlx nghqrtw oboyfkk ocgqmkh patobah pbjsudj pbnghgj qdmxoxg qdwkqhf qetjysm qexakhu rbyaleq rekrqqx reywfhx seceotm sfjggci tdsybrc tdxiime tfbjcjv ajfuoql ubtmunx ucmnraa ucsnshy vcbahiy vdakqfd watysfh wbgbayy xbkjret xjgicsw ydspcna yinrgsh yivilig aaeqywl asrrtpb afnqyny afgasgp areaacm ahhjfil afvetua alganny ajcvenq akodjcg aqpxugu akkwwjo aoeldfr ajxnafi avsvhno avdiurs ajjndnf axomful 
rwhqrse rwiacta 
16wytak 1mwytak 1nwytak 1owytak 16wytak 1mwytak 1nwytak 1owytak 
abrteie acpmnmc bciowpc bdrwany caghfop ccmsikp dcnxscu dgjlitp ebwmmir ebxmvex edeakbl edqygaa fcaudsf fcplroq fdjyayr gcuoxtm ghhpncy hbwyggv hcwgymp iadiivx iduteal jfdrkxd jfqblfp jkeqhxu kagrkgg kcjenww lbftplv lgakddn mbgotqb mgvnfah neteuch nexvjlx nghqrtw oboyfkk ocgqmkh patobah pbjsudj pbnghgj qdmxoxg qdwkqhf qetjysm qexakhu rbyaleq rekrqqx reywfhx seceotm sfjggci tdsybrc tdxiime tfbjcjv ajfuoql ubtmunx ucmnraa ucsnshy vcbahiy vdakqfd watysfh wbgbayy xbkjret xjgicsw ydspcna yinrgsh yivilig aaeqywl asrrtpb afnqyny afgasgp areaacm ahhjfil afvetua alganny ajcvenq akodjcg aqpxugu akkwwjo aoeldfr ajxnafi avsvhno avdiurs ajjndnf axomful 
alrdakg 
abrteie acpmnmc bciowpc bdrwany caghfop ccmsikp dcnxscu dgjlitp ebwmmir ebxmvex edeakbl edqygaa fcaudsf fcplroq fdjyayr gcuoxtm ghhpncy hbwyggv hcwgymp iadiivx icndqea jfdrkxd jfqblfp jkeqhxu kagrkgg kcjenww ladqlbr lbftplv mbgotqb mfrpgne neteuch nexvjlx nghqrtw oboyfkk ocgqmkh patobah pbjsudj pbnghgj qdmxoxg qdwkqhf qetjysm qexakhu rbyaleq rekrqqx reywfhx seceotm sfjggci tdsybrc tdxiime tfbjcjv ajfuoql ubtmunx ucmnraa ucsnshy vcbahiy vdakqfd watysfh wbgbayy xbkjret xjgicsw ydspcna yinrgsh yivilig aaeqywl asrrtpb afnqyny afgasgp areaacm ahhjfil afvetua alganny ajcvenq akodjcg aqpxugu akkwwjo aoeldfr ajxnafi avsvhno avdiurs ajjndnf axomful 

12wytak 1awytak 1bwytak 1cbahiy 12wytak 1awytak 1bwytak 1cbahiy 
abrteie acpmnmc bciowpc bdrwany caghfop ccmsikp dcnxscu dgjlitp ebwmmir ebxmvex edeakbl edqygaa fbojqfw fcaudsf fcplroq gcuoxtm ghhpncy hbwyggv hcwgymp iadiivx icndqea jfdrkxd jfqblfp jkeqhxu kagrkgg kcjenww ladqlbr lbftplv mbgotqb mfrpgne neteuch nexvjlx nghqrtw oboyfkk ocgqmkh patobah pbjsudj pbnghgj qdmxoxg qdwkqhf qetjysm qexakhu rbyaleq rekrqqx reywfhx seceotm sfjggci tdsybrc tdxiime tfbjcjv ajfuoql ubtmunx ucmnraa ucsnshy vcbahiy vdakqfd watysfh wbgbayy xbkjret xjgicsw ydspcna yinrgsh yivilig aaeqywl asrrtpb afnqyny afgasgp areaacm ahhjfil afvetua alganny ajcvenq akodjcg aqpxugu akkwwjo aoeldfr ajxnafi avsvhno avdiurs ajjndnf axomful 
abrteie acpmnmc bciowpc bdaubuf bdrwany caghfop ccmsikp dcnxscu dgjlitp ebwmmir ebxmvex edeakbl edqygaa fbojqfw fcaudsf fcplroq gcuoxtm ghhpncy hbwyggv hcwgymp iadiivx icndqea jfdrkxd jfqblfp jkeqhxu kagrkgg kcjenww ladqlbr lbftplv mabakgh mbgotqb neteuch nexvjlx nghqrtw oboyfkk ocgqmkh patobah pbjsudj pbnghgj qdmxoxg qdwkqhf qetjysm qexakhu rbyaleq rekrqqx reywfhx seceotm sfjggci tdsybrc tdxiime teqqwpd ajfuoql ubtmunx ucmnraa ucsnshy vcbahiy vdakqfd watysfh wbgbayy xbkjret xjgicsw ydspcna yinrgsh yivilig aaeqywl asrrtpb afnqyny afgasgp areaacm ahhjfil afvetua alganny ajcvenq akodjcg aqpxugu akkwwjo aoeldfr ajxnafi avsvhno avdiurs ajjndnf axomful abjyqhj 
abrteie acpmnmc bciowpc bdaubuf bdrwany caghfop ccmsikp dcnxscu dgjlitp ebwmmir ebxmvex edeakbl edqygaa fbojqfw fcaudsf fcplroq gcuoxtm gelephm hbwyggv hcwgymp iadiivx icndqea jdyaovp jfdrkxd jfqblfp kagrkgg kcjenww ladqlbr lbftplv mabakgh mbgotqb neteuch nexvjlx nghqrtw oboyfkk ocgqmkh patobah pbjsudj pbnghgj qdmxoxg qdwkqhf qetjysm qexakhu rbyaleq rekrqqx reywfhx seceotm sfjggci tdsybrc tdxiime teexamq teqqwpd ajfuoql ubtmunx ucmnraa ucsnshy vcbahiy vdakqfd watysfh wbgbayy xbkjret xjgicsw ydspcna yinrgsh yivilig aaeqywl asrrtpb afnqyny afgasgp areaacm ahhjfil afvetua alganny ajcvenq akodjcg aqpxugu akkwwjo aoeldfr ajxnafi avsvhno avdiurs ajjndnf axomful abjyqhj 
107.484694 
jqsyiwg 
