

avprumm awmebqk hdmykdi 
avprumm awmebqk hdmykdi 
FALSE 


FALSE 

107.839286 

avprumm awmebqk baebgvd bnwxutu cablyqv dqathnl dytfiun hdmykdi lepirnb owfddjh pgmnftf ruvmadn sabbggb ubqhmon anetfyv adgqcti ysxnobw 


auhawmo avgilxv avprumm baebgvd bcppmav cablyqv dehhfyq dqathnl fvodtmv gcooluy gqnwrjt hdmykdi hfmobwq jcslxct jxcrofq lepirnb loukoui naqubni owfddjh owlmoiy pgmnftf pjgaser pjmdikg ralimgj ruvmadn sabbggb tirrxnx tksuijy ubqhmon anetfyv adgqcti wdmjdgu wqkgnim xgxklyn xwbyqaw ysxnobw 

108.652510 
auhawmo avgilxv avprumm baebgvd bcppmav cablyqv dehhfyq dleiicg esrbqyw fvodtmv gcooluy gqnwrjt hdmykdi hfmobwq jcslxct jxcrofq khkykhc lepirnb loukoui naqubni obqtmaa owfddjh owlmoiy pgmnftf pjgaser pjmdikg ralimgj ruvmadn sabbggb tirrxnx tksuijy ubqhmon anetfyv adgqcti wdmjdgu wqkgnim xgxklyn xwbyqaw ysxnobw 

FALSE 
auhawmo avgilxv avprumm 
r1mwerw 
auhawmo avgilxv avprumm badesdc baebgvd bcppmav cablyqv dehhfyq dleiicg esrbqyw fvodtmv gcooluy gcabjxp ghaknwm hdmykdi hfmobwq jcslxct jlcovem khkykhc lepirnb loukoui naqubni obqtmaa odcvbsa pgmnftf pjgaser pjmdikg ralimgj rdmwerw sabbggb seoiiwe tirrxnx tksuijy ubqhmon anetfyv adgqcti wdmjdgu wqkgnim xgxklyn xwbyqaw ysxnobw 
FALSE 


FALSE 

b0xckse 
abalkyg auhawmo badesdc baebgvd bcppmav cablyqv dehhfyq dleiicg esrbqyw fvodtmv gcooluy gcabjxp ghaknwm hdmykdi hfmobwq imqcqsi jcslxct jlcovem kftlfjq khkykhc lepirnb loukoui naqubni obqtmaa odcvbsa pgmnftf pjgaser pjmdikg ralimgj rdmwerw sabbggb sdgaugr tfnvmwx tirrxnx ubqhmon anetfyv adgqcti vmjhsdo wdmjdgu wqkgnim xgxklyn xittpas ysxnobw 
kftlfjq lepirnb lepirnb 
abalkyg auhawmo badesdc baebgvd bcppmav cablyqv dehhfyq dleiicg esrbqyw fvodtmv gcooluy gcabjxp ghaknwm hdmykdi hfmobwq imqcqsi jcslxct jlcovem kftlfjq khkykhc lepirnb loukoui naqubni obqtmaa odcvbsa pgmnftf pjgaser pjmdikg ralimgj rdmwerw sabbggb sdgaugr tfnvmwx tirrxnx ubqhmon anetfyv adgqcti vmjhsdo wdmjdgu wqkgnim wqltmeq xgxklyn xittpas ysxnobw 

dytfiun 
FALSE 

abalkyg auhawmo badesdc baebgvd bcppmav cablyqv dehhfyq dleiicg ecgbuxd eigfpyf fmimyoq fvodtmv fvtfvei gcooluy gcabjxp ghaknwm hdmykdi hfmobwq imqcqsi jcslxct jlcovem kftlfjq khkykhc lepirnb loukoui naqubni nysvxvd obqtmaa odcvbsa pgmnftf pjgaser pjmdikg ralimgj rdmwerw sabbggb sbyjvva tfnvmwx tirrxnx ubqhmon anetfyv adgqcti vmjhsdo wdmjdgu wqkgnim wqltmeq xgxklyn xittpas yjygyas ysxnobw 

abalkyg auhawmo badesdc baebgvd bcppmav cablyqv cqgvhgj dehhfyq dleiicg ecgbuxd eigfpyf fmimyoq fvodtmv fvtfvei gcooluy gcabjxp ghaknwm hdmykdi hfmobwq imqcqsi jcslxct jlcovem kftlfjq khkykhc lepirnb loukoui naqubni nysvxvd obqtmaa odcvbsa pgmnftf pjgaser pjmdikg ralimgj rdmwerw sabbggb sbyjvva tfnvmwx tirrxnx ubqhmon anetfyv adgqcti viecsag vmjhsdo wdmjdgu wqkgnim wqltmeq xgxklyn xittpas yjygyas ysxnobw 
r7mwerw rpmwerw rqmwerw rrmwerw rsmwerw 

abalkyg acxjpki badesdc baebgvd bcppmav cablyqv cqgvhgj dehhfyq dleiicg ecgbuxd eigfpyf fmimyoq fvodtmv fvtfvei gcooluy gcabjxp ghaknwm hdmykdi hfmobwq igbhata imqcqsi jcslxct jlcovem kftlfjq khkykhc lepirnb liqphsr naqubni nlhahyp obqtmaa odcvbsa pgmnftf pjgaser pjmdikg qbgbuhu qgsbtmr ralimgj rdmwerw sabbggb sbyjvva tfnvmwx tirrxnx uapdagr ubqhmon anetfyv adgqcti viecsag vmjhsdo wdmjdgu wqbmaah wqkgnim xdnatxg xgxklyn yigkrps yjygyas 
eigfpyf 
gxsgpag 
abalkyg acxjpki badesdc baebgvd bcppmav cablyqv ceewkgs dehhfyq dgnfmca ecgbuxd eigfpyf fmimyoq fvodtmv fvtfvei gcooluy gcabjxp ghaknwm hdmykdi hfmobwq igbhata imqcqsi jcslxct jlcovem kftlfjq khkykhc lepirnb liqphsr naqubni nlhahyp obqtmaa odcvbsa pgmnftf pjgaser pjmdikg qbgbuhu qgsbtmr ralimgj rdmwerw sabbggb sbyjvva tfnvmwx tirrxnx uapdagr ubqhmon anetfyv adgqcti viecsag vmjhsdo wdmjdgu wqbmaah wqkgnim xclfxgj xdnatxg yigkrps yjygyas abnilpw 
107.418367 
abalkyg acxjpki badesdc baebgvd bcppmav cablyqv ceewkgs dehhfyq dgnfmca ecgbuxd eigfpyf fmimyoq fvodtmv fvtfvei gcooluy gcabjxp ghaknwm hdmykdi hfmobwq igbhata imqcqsi jcslxct jlcovem kftlfjq khkykhc lepirnb liqphsr naqubni nlhahyp obqtmaa odcvbsa pgmnftf pjgaser pjmdikg qbgbuhu qgsbtmr ralimgj rdmwerw sabbggb sbyjvva tfixbnx tfnvmwx tirrxnx uapdagr ubqhmon anetfyv adgqcti viecsag vmjhsdo wdmjdgu wqbmaah wqkgnim xclfxgj xdnatxg yigkrps yjygyas abnilpw 
uapdagr ubqhmon 

hdmykdi hfmobwq 
abalkyg acxjpki badesdc baebgvd bcppmav cablyqv ceewkgs dehhfyq dfltdib ecgbuxd eigfpyf fmimyoq fvodtmv fvtfvei gcooluy gcabjxp ghaknwm hbavdpm hdmykdi igbhata imqcqsi jcslxct jlcovem kftlfjq khkykhc lepirnb liqphsr naqubni nlhahyp oabbbrw obqtmaa pgmnftf pjgaser pjmdikg qbgbuhu qgsbtmr ralimgj rdmwerw sabbggb sbyjvva tfixbnx tfnvmwx tirrxnx uapdagr ubqhmon anetfyv adgqcti vahxcmy viecsag wdmjdgu wqbmaah wqkgnim xclfxgj xdnatxg yaneioi yigkrps abnilpw aoqheoa anjapam 
TRUE 
abalkyg acxjpki badesdc baebgvd bcppmav cablyqv ceewkgs dehhfyq dfltdib ecgbuxd eigfpyf fmimyoq fvodtmv fvtfvei gcooluy gcabjxp ghaknwm hbavdpm hdmykdi igbhata imqcqsi jcslxct jioluae kftlfjq khkykhc lepirnb liqphsr naqubni nlhahyp oabbbrw obqtmaa pgmnftf pjgaser pjmdikg qbgbuhu qgsbtmr ralimgj rdmwerw sabbggb sbyjvva tfixbnx tfnvmwx tirrxnx uapdagr ubqhmon anetfyv adgqcti vahxcmy viecsag wdmjdgu wqbmaah wqkgnim xclfxgj xdnatxg yaneioi yigkrps abnilpw aoqheoa anjapam 
x2gtkwd xagtkwd xbgtkwd xclfxgj yaneioi 

abalkyg acxjpki badesdc baebgvd bcppmav cablyqv ceewkgs dehhfyq dfltdib ecgbuxd eeqebry fmimyoq fvodtmv fvtfvei gcooluy gcabjxp ghaknwm hbavdpm hdmykdi igbhata imqcqsi jcslxct jioluae kftlfjq khkykhc lepirnb liqphsr naqubni nlhahyp oabbbrw obqtmaa paruosx pdmkmoo qbgbuhu qcflwbe ralimgj rdmwerw sabbggb sbyjvva tfixbnx tfnvmwx tirrxnx uapdagr ubqhmon anetfyv adgqcti vahxcmy viecsag wdmjdgu wqbmaah wqkgnim xclfxgj xdnatxg yaneioi yigkrps abnilpw aoqheoa anjapam 
107.312349 
tksuijy tlsgdlr 
wdmjdgu x3gtkwd xdnatxg xegtkwd xfgtkwd 
pcmkmoo 

d6sfhrw dmqrpau dnsfhrw docgyqv e6mbjos emmbjos enmbjos eombjos fmimyoq fmimyoq 
tksuijy tlsgdlr 
gacbqpe 
FALSE 
abalkyg acxjpki badesdc baebgvd bcppmav cablyqv ceewkgs dehhfyq dfltdib ecgbuxd eeqebry famsaaq fgiiebp gacbqpe gcooluy gcabjxp hbavdpm hdmykdi igbhata imqcqsi jcslxct jioluae kftlfjq khkykhc lepirnb liequvb liqphsr naqubni nlhahyp oabbbrw oaseswj obqtmaa paruosx pdmkmoo qbgbuhu qcflwbe ralimgj rdmwerw sabbggb sbyjvva tctauvt tfixbnx tfnvmwx uapdagr ubqhmon anetfyv adgqcti vahxcmy viecsag wdmjdgu wqbmaah wqkgnim xclfxgj xdnatxg yaneioi yigkrps abnilpw aoqheoa anjapam ammqhlo awclxnv 
jrghxbr krwukwi lqorhio lqorhio 
abalkyg acxjpki badesdc baebgvd bcppmav cablyqv ceewkgs dehhfyq dfltdib ecgbuxd eeqebry famsaaq fgiiebp gacbqpe gcooluy gcabjxp hbavdpm hdmykdi igbhata imqcqsi jcslxct jioluae kftlfjq khkykhc lepirnb liequvb liqphsr naqubni nlhahyp oabbbrw oaseswj obqtmaa paruosx pdmkmoo qbgbuhu qcflwbe ralimgj rdmwerw sabbggb sbyjvva tctauvt tfixbnx tfnvmwx uapdagr ubqhmon anetfyv adgqcti vahxcmy viecsag wdmjdgu wqbmaah wqkgnim xclfxgj xdnatxg yaneioi yigkrps abnilpw aoqheoa anjapam ammqhlo awclxnv 
FALSE 

FALSE 
abalkyg acxjpki badesdc baebgvd bcppmav cablyqv ceewkgs dehhfyq dfltdib ecgbuxd eeqebry famsaaq fgiiebp gacbqpe gcooluy gcabjxp hbavdpm hdmykdi igbhata imqcqsi jcslxct jioluae kftlfjq khkykhc lepirnb liequvb liqphsr naqubni nlhahyp oabbbrw oaseswj obqtmaa paruosx pdmkmoo qbgbuhu qcflwbe ralimgj rdmwerw sabbggb sbyjvva tctauvt tfixbnx tfnvmwx uapdagr ubqhmon anetfyv adgqcti vahxcmy viecsag wdmjdgu wqbmaah wqkgnim xclfxgj xdnatxg yaneioi yigkrps abnilpw aoqheoa anjapam ammqhlo awclxnv 
FALSE 
hkedoij hkykfyi hlwvepy 


alkppki 
abalkyg acfkwdu acxjpki badesdc baebgvd bcppmav cablyqv ceewkgs dehhfyq dfltdib ecgbuxd eeqebry famsaaq fgiiebp gacbqpe gcooluy gcabjxp hbavdpm hdmykdi igbhata imqcqsi jcslxct jioluae kftlfjq khkykhc khxfysw lcaodqa lepirnb naqubni nlhahyp oabbbrw oaseswj obqtmaa paruosx pdmkmoo qbgbuhu qcflwbe ralimgj rdmwerw sabbggb sbyjvva tctauvt tfixbnx tfnvmwx uapdagr ubqhmon anetfyv adgqcti vahxcmy viecsag wdmjdgu wqbmaah wqkgnim xbkjyho xclfxgj yaneioi ycmuxgp abnilpw aoqheoa anjapam ammqhlo awclxnv 


abalkyg acfkwdu acxjpki badesdc baebgvd bcppmav cablyqv ceewkgs dehhfyq dfltdib ecgbuxd eeqebry famsaaq fgiiebp gacbqpe gcooluy gcabjxp hbavdpm hdmykdi igbhata imqcqsi jcslxct jewpycg kftlfjq khkykhc khxfysw lcaodqa lepirnb naqubni nlhahyp oabbbrw oaseswj obqtmaa paruosx pdmkmoo qbgbuhu qcflwbe ralimgj rdmwerw sabbggb sbyjvva tctauvt tfixbnx tfnvmwx uapdagr ubqhmon anetfyv adgqcti vahxcmy viecsag wdmjdgu wqbmaah wqkgnim xbkjyho xclfxgj yaneioi ycmuxgp abnilpw aoqheoa anjapam ammqhlo awclxnv aaimopq 
107.045351 

107.086580 
abalkyg acfkwdu acxjpki badesdc baebgvd bcppmav cablyqv ceewkgs dehhfyq dfltdib ebrqdsx ecgbuxd famsaaq fgiiebp gacbqpe gcooluy gcabjxp hbavdpm hdmykdi igbhata imqcqsi jcslxct jewpycg kftlfjq khkykhc khxfysw lcaodqa lepirnb mildbiv naqubni nlhahyp oabbbrw oaseswj obqtmaa paqqgug paruosx pdmkmoo qbgbuhu qcflwbe ralimgj rdmwerw sabbggb sbyjvva tctauvt tfixbnx tfnvmwx uapdagr ubqhmon anetfyv adgqcti vahxcmy viecsag wdmjdgu wqbmaah wqkgnim xbkjyho xclfxgj yaneioi ycmuxgp abnilpw aoqheoa anjapam ammqhlo awclxnv aaimopq ahsxbrj 
abalkyg acfkwdu acxjpki badesdc baebgvd bcppmav cablyqv ceewkgs dehhfyq dfltdib ebrqdsx ecgbuxd famsaaq fgiiebp gacbqpe gcooluy gcabjxp hbavdpm hdmykdi igbhata imqcqsi jcslxct jewpycg kftlfjq khkykhc khxfysw lcaodqa lepirnb mildbiv naqubni nlhahyp oabbbrw oaseswj obqtmaa paqqgug paruosx pdmkmoo qbgbuhu qcflwbe ralimgj rdmwerw sabbggb sbyjvva tctauvt tfixbnx tfnvmwx uapdagr ubqhmon anetfyv adgqcti vahxcmy viecsag wdmjdgu wqbmaah wqkgnim xbkjyho xclfxgj yaneioi ycmuxgp abnilpw aoqheoa anjapam ammqhlo awclxnv aaimopq ahsxbrj 
luleicb luwmmob 
bzxckse 
TRUE 
d7mgorx d7sfhrw dpmgorx dpsfhrw dqathnl drmgorx drsfhrw dsmgorx dssfhrw e7mbjos epmbjos eqmbjos ermbjos esrbqyw 
cmewkgs 
abalkyg acfkwdu acxjpki badesdc baebgvd bcppmav cablyqv ceewkgs ddridvw dehhfyq ebbrprg ebrqdsx ecgbuxd famsaaq fgiiebp gacbqpe gcooluy gcabjxp hbavdpm hdmykdi igbhata imqcqsi jcslxct jewpycg kftlfjq khkykhc khxfysw lcaodqa lepirnb mildbiv naqubni nlhahyp oabbbrw oaseswj obqtmaa paqqgug paruosx pdmkmoo qbgbuhu qcflwbe raignfa ralimgj rdmwerw sabbggb sbyjvva tctauvt tfixbnx tfnvmwx uapdagr ubqhmon anetfyv adgqcti vahxcmy vhriocq wdmjdgu wqbmaah wqkgnim xbkjyho xclfxgj yaneioi ycmuxgp abnilpw aoqheoa anjapam ammqhlo awclxnv aaimopq ahsxbrj 
TRUE 
FALSE 

TRUE 

abalkyg acfkwdu acxjpki badesdc baebgvd bcppmav cablyqv ceewkgs ddridvw dehhfyq ebbrprg ebrqdsx eccvdnh ecgbuxd famsaaq ffvclkr gacbqpe gcooluy gcabjxp hbavdpm hdmykdi idamvyr igbhata jcslxct jewpycg kftlfjq khkykhc khxfysw lcaodqa lepirnb mildbiv naqubni nlhahyp oabbbrw oaseswj obqtmaa paqqgug paruosx pdmkmoo qalatio qbgbuhu raignfa ralimgj rdmwerw sabbggb sbyjvva tctauvt tfixbnx tfnvmwx uapdagr ubqhmon anetfyv adgqcti vahxcmy vhriocq wdmjdgu wqbmaah wqkgnim xbkjyho xclfxgj yaneioi ycmuxgp abnilpw aoqheoa anjapam ammqhlo awclxnv aaimopq ahsxbrj asauila 
jewpycg kftlfjq l3leicb l3wmmob ldleicb ldwmmob lepirnb lfleicb lfwmmob l3leicb l3wmmob ldleicb ldwmmob lepirnb lfleicb lfwmmob 
b0xckse c0ewkgs c0ewkgs 
lzleicb lzwmmob 

FALSE 
abalkyg acfkwdu acxjpki badesdc baebgvd bcppmav cablyqv ceewkgs ddridvw dehhfyq ebbrprg ebrqdsx eccvdnh ecgbuxd famsaaq ffvclkr gacbqpe gcooluy gcabjxp hbavdpm hdmykdi idamvyr igbhata jcslxct jewpycg kftlfjq khkykhc khxfysw lcaodqa lepirnb mildbiv naqubni newauwv oabbbrw oaseswj obqtmaa paqqgug paruosx pdmkmoo qalatio qbgbuhu raignfa ralimgj rdmwerw sabbggb sbyjvva tctauvt tfixbnx tfnvmwx uapdagr ubqhmon anetfyv adgqcti vahxcmy vhriocq wdmjdgu wqbmaah wqkgnim xbkjyho xclfxgj yaneioi ycmuxgp abnilpw aoqheoa anjapam ammqhlo awclxnv aaimopq ahsxbrj asauila 

xbkjyho 
107.189796 
FALSE 
mlrxbbk n5wauwv njwauwv nkwauwv nlwauwv o5osfxv ojosfxv okosfxv olosfxv o5osfxv ojosfxv okosfxv olosfxv 
abalkyg acfkwdu acxjpki badesdc baebgvd bcppmav cablyqv ceewkgs ddridvw dehhfyq ebbrprg ebrqdsx eccvdnh ecgbuxd famsaaq ffvclkr gacbqpe gcooluy gcabjxp hbavdpm hdmykdi idamvyr igbhata jcslxct jewpycg kftlfjq khkykhc khxfysw lcaodqa lepirnb mildbiv mlrxbbk naqubni newauwv oabbbrw oaseswj obqtmaa paqqgug paruosx pdmkmoo qalatio qbgbuhu raignfa ralimgj rdmwerw sabbggb sbyjvva tbtgblo tctauvt uapdagr ubqhmon anetfyv adgqcti vahxcmy vhriocq wdmjdgu wgmggua xbkjyho xclfxgj yaneioi ycmuxgp abnilpw aoqheoa anjapam ammqhlo awclxnv aaimopq ahsxbrj asauila anhntao 


abalkyg acfkwdu acxjpki badesdc baebgvd bcppmav cablyqv ceewkgs ddridvw dehhfyq ebbrprg ebrqdsx eccvdnh ecgbuxd famsaaq ffvclkr gacbqpe gcooluy gcabjxp hbavdpm hdmykdi idamvyr igbhata jcslxct jewpycg kftlfjq khkykhc khxfysw lcaodqa lepirnb mildbiv mlrxbbk naqubni newauwv oabbbrw oaseswj obqtmaa paqqgug paruosx pdmkmoo qalatio qbgbuhu raignfa ralimgj rdmwerw sabbggb sbyjvva tbtgblo tctauvt uapdagr ubqhmon anetfyv adgqcti vahxcmy vhriocq wdmjdgu wgmggua xbkjyho xclfxgj yaneioi ycmuxgp abnilpw aoqheoa anjapam ammqhlo awclxnv aaimopq ahsxbrj asauila anhntao aqbbayf 
107.004024 
abalkyg acfkwdu acxjpki badesdc baebgvd bcppmav cablyqv ceewkgs ddridvw dehhfyq ebbrprg ebrqdsx eccvdnh ecgbuxd famsaaq ffvclkr gacbqpe gcooluy gcabjxp hbavdpm hdmykdi idamvyr igbhata jcslxct jewpycg kftlfjq khkykhc khxfysw lcaodqa lepirnb mildbiv mlrxbbk naqubni newauwv oabbbrw oaseswj obqtmaa paqqgug paruosx pdmkmoo qalatio qbgbuhu raignfa ralimgj rdmwerw sabbggb sbyjvva tbtgblo tctauvt uapdagr ubqhmon anetfyv adgqcti vahxcmy vbubtto wdmjdgu wgmggua xbkjyho xclfxgj yaneioi ycmuxgp abnilpw aoqheoa anjapam ammqhlo awclxnv aaimopq ahsxbrj asauila anhntao aqbbayf 
abalkyg acfkwdu acxjpki badesdc baebgvd bcppmav cablyqv ceewkgs ddridvw dehhfyq ebbrprg ebrqdsx eccvdnh ecgbuxd famsaaq ffvclkr gacbqpe gcooluy gcabjxp hbavdpm hdmykdi idamvyr igbhata jcslxct jewpycg kftlfjq khkykhc khxfysw lcaodqa lepirnb mildbiv mlrxbbk naqubni newauwv oabbbrw oaseswj obqtmaa paqqgug paruosx pdmkmoo qalatio qbgbuhu raignfa ralimgj rdmwerw sabbggb sbyjvva tbtgblo tctauvt uapdagr ubqhmon anetfyv adgqcti vahxcmy vbubtto wdmjdgu wgmggua xbkjyho xclfxgj yaneioi ycmuxgp abnilpw aoqheoa anjapam ammqhlo awclxnv aaimopq ahsxbrj asauila anhntao aqbbayf 
glwaeao 
uxndxdo 
abalkyg acfkwdu acxjpki badesdc baebgvd bcppmav cablyqv cdmgkyw dakkgwl ddridvw ebbrprg ebrqdsx eccvdnh ecgbuxd famsaaq ffvclkr gacbqpe gcooluy gcabjxp hbavdpm hdmykdi idamvyr igbhata jcslxct jewpycg kftlfjq khkykhc khxfysw lcaodqa lepirnb mildbiv mlrxbbk naqubni newauwv oabbbrw oaseswj obqtmaa paqqgug paruosx pdmkmoo qalatio qbgbuhu raignfa ralimgj rdmwerw sabbggb sbyjvva tbtgblo tctauvt uapdagr ubqhmon anetfyv adgqcti vahxcmy vbubtto wdmjdgu wgmggua xbkjyho xclfxgj yaneioi ycmuxgp abnilpw aoqheoa anjapam ammqhlo awclxnv aaimopq ahsxbrj asauila anhntao aqbbayf 
FALSE 
b1xckse c1ewkgs c1ewkgs 

abalkyg acfkwdu acxjpki badesdc baebgvd bcppmav cablyqv cdmgkyw dakkgwl ddridvw ebbrprg ebrqdsx eccvdnh ecgbuxd famsaaq ffvclkr gacbqpe gcooluy gcabjxp hbavdpm hdmykdi idamvyr igbhata jcslxct jewpycg kftlfjq khaapxi khkykhc lcaodqa lepirnb mhtrswq mildbiv naqubni newauwv oabbbrw oaseswj obqtmaa paqqgug paruosx pdmkmoo qalatio qbgbuhu raignfa ralimgj rdmwerw sabbggb sbyjvva tbtgblo tctauvt uapdagr ubqhmon anetfyv adgqcti vahxcmy vbubtto wdmjdgu wgmggua xbkjyho xclfxgj yaneioi ycmuxgp abnilpw aoqheoa anjapam ammqhlo awclxnv aaimopq ahsxbrj asauila anhntao aqbbayf aptcwvc 
abalkyg acfkwdu acxjpki badesdc baebgvd bcppmav cablyqv cdmgkyw dakkgwl ddridvw ebbrprg ebrqdsx eccvdnh ecgbuxd famsaaq ffvclkr gacbqpe gcooluy gcabjxp hbavdpm hdmykdi idamvyr igbhata jcslxct jewpycg kftlfjq khaapxi khkykhc lcaodqa lepirnb mhtrswq mildbiv naqubni newauwv oabbbrw oaseswj obqtmaa paqqgug paruosx pdmkmoo qalatio qbgbuhu raignfa ralimgj rdmwerw sabbggb sbyjvva tbtgblo tctauvt uapdagr ubqhmon anetfyv adgqcti vahxcmy vbubtto wdmjdgu wgmggua xbkjyho xclfxgj yaneioi ycmuxgp abnilpw aoqheoa anjapam ammqhlo awclxnv aaimopq ahsxbrj asauila anhntao aqbbayf aptcwvc 
107.043651 
FALSE 
abalkyg acfkwdu acxjpki badesdc baebgvd bcppmav cablyqv cdmgkyw dakkgwl ddridvw ebbrprg ebrqdsx eccvdnh ecgbuxd famsaaq ffvclkr gacbqpe gcooluy gcabjxp hbavdpm hdmykdi idamvyr iejfcgh jcslxct jewpycg kftlfjq khaapxi khkykhc lcaodqa lepirnb mhtrswq mildbiv naqubni newauwv oabbbrw oaseswj objwaui obqtmaa paqqgug paruosx pdmkmoo qalatio qbgbuhu raignfa ralimgj rdmwerw sabbggb sbyjvva tbtgblo tctauvt uapdagr ubqhmon anetfyv adgqcti vahxcmy vbubtto wdmjdgu wgmggua xbkjyho xclfxgj yaneioi ycmuxgp abnilpw aoqheoa anjapam ammqhlo awclxnv aaimopq ahsxbrj asauila anhntao aqbbayf aptcwvc 
abalkyg acfkwdu acxjpki badesdc baebgvd bcppmav cablyqv cdmgkyw dakkgwl ddridvw ebbrprg ebrqdsx eccvdnh ecgbuxd famsaaq ffvclkr gacbqpe gcooluy gcabjxp hbavdpm hdmykdi idamvyr iejfcgh jcslxct jewpycg kftlfjq khaapxi khkykhc lcaodqa lepirnb mhtrswq mildbiv naqubni newauwv oabbbrw oaseswj objwaui obqtmaa paqqgug paruosx pdmkmoo qalatio qbgbuhu raignfa ralimgj rdmwerw sabbggb sbyjvva tbtgblo tctauvt uapdagr ubqhmon anetfyv adgqcti vahxcmy vbubtto wdmjdgu wgmggua xbkjyho xclfxgj yaneioi ycmuxgp abnilpw aoqheoa anjapam ammqhlo awclxnv aaimopq ahsxbrj asauila anhntao aqbbayf aptcwvc 
p7mkmoo ppmkmoo pqmkmoo prmkmoo psmkmoo q7nmmkt qpnmmkt qqnmmkt qrvbfav qsnmmkt r7mwerw rpmwerw rqmwerw rrmwerw rsmwerw sqnycdl sqrjcbw ssjbxqo sqnycdl sqrjcbw ssjbxqo 
abalkyg acfkwdu acjoeaq badesdc baebgvd bcppmav cablyqv cdmgkyw dakkgwl ddridvw ebbrprg ebrqdsx eccvdnh ecgbuxd famsaaq ffvclkr gacbqpe gcooluy gcabjxp hbavdpm hdmykdi idamvyr iejfcgh jcslxct jewpycg kftlfjq khaapxi khkykhc lcaodqa lepirnb mhtrswq mildbiv naqubni newauwv oabbbrw oaseswj objwaui obqtmaa paqqgug paruosx pdmkmoo qalatio qbgbuhu raignfa ralimgj rdmwerw sabbggb sbyjvva tbtgblo tctauvt uapdagr ubqhmon anetfyv adgqcti vahxcmy vapfitv vbubtto wdmjdgu wgmggua xbkjyho xclfxgj yaneioi ycmuxgp abnilpw aoqheoa anjapam ammqhlo awclxnv aaimopq ahsxbrj asauila anhntao aqbbayf aptcwvc 

abalkyg acfkwdu acjoeaq badesdc baebgvd bcppmav cablyqv cdmgkyw dakkgwl ddridvw ebbrprg ebrqdsx eccvdnh ecgbuxd famsaaq ffvclkr gacbqpe gcooluy gcabjxp hbavdpm hdmykdi idamvyr iejfcgh jcslxct jewpycg kftlfjq khaapxi khkykhc lcaodqa lepirnb mhtrswq mildbiv naqubni newauwv oabbbrw oaseswj objwaui obqtmaa paqqgug paruosx pdmkmoo qalatio qbgbuhu raignfa ralimgj rdmwerw sabbggb sbyjvva tbtgblo tctauvt uapdagr ubqhmon anetfyv adgqcti vahxcmy vapfitv vbubtto wdmjdgu wgmggua xbkjyho xclfxgj yaneioi ycmuxgp abnilpw aoqheoa anjapam ammqhlo awclxnv aaimopq ahsxbrj asauila anhntao aqbbayf aptcwvc asnhawt 
abalkyg acfkwdu acjoeaq badesdc baebgvd bcppmav cablyqv cdmgkyw dakkgwl ddridvw ebbrprg ebrqdsx eccvdnh ecgbuxd famsaaq ffvclkr gacbqpe gcooluy gcabjxp hbavdpm hdmykdi idamvyr iejfcgh jcslxct jewpycg kftlfjq khaapxi khkykhc lcaodqa lepirnb mhtrswq mildbiv naqubni newauwv oabbbrw oaseswj objwaui obqtmaa paqqgug paruosx pdmkmoo qalatio qbgbuhu raignfa ralimgj rdmwerw sabbggb sbyjvva tbtgblo tctauvt uapdagr ubqhmon anetfyv adgqcti vahxcmy vapfitv vbubtto wdmjdgu wgmggua xbkjyho xclfxgj yaneioi ycmuxgp abnilpw aoqheoa anjapam ammqhlo awclxnv aaimopq ahsxbrj asauila anhntao aqbbayf aptcwvc asnhawt 

d1mgorx d1sfhrw e1hcvod 
abalkyg acfkwdu acjoeaq badesdc baebgvd bcppmav cablyqv cdmgkyw dakkgwl ddridvw ebbrprg ebrqdsx eccvdnh ecgbuxd famsaaq ffvclkr gacbqpe gcooluy gcabjxp hbavdpm hdmykdi idamvyr iejfcgh jcslxct jewpycg kftlfjq khaapxi khkykhc lcaodqa lepirnb mhtrswq mildbiv naqubni newauwv oabbbrw oaseswj objwaui obqtmaa paqqgug paruosx pdmkmoo qalatio qbgbuhu raignfa ralimgj rdmwerw sabbggb sbyjvva tbtgblo tctauvt uapdagr ubqhmon anetfyv adgqcti vahxcmy vapfitv vbubtto wdmjdgu wgmggua xbkjyho xclfxgj yaneioi ycmuxgp abnilpw aoqheoa anjapam ammqhlo awclxnv aaimopq ahsxbrj asauila anhntao aqbbayf aptcwvc asnhawt 
FALSE 

p2mkmoo paqqgug paruosx pbmkmoo pcmkmoo q2nmmkt qalatio qbgbuhu qcflwbe r2mwerw raignfa ralimgj rbmwerw rcmwerw sabbggb sbyjvva sabbggb sbyjvva 
abalkyg acfkwdu acjoeaq badesdc baebgvd bcppmav cablyqv cdmgkyw dakkgwl ddridvw ebbrprg ebrqdsx eccvdnh ecgbuxd famsaaq ffvclkr gacbqpe gcooluy gcabjxp hbavdpm hdmykdi idamvyr iejfcgh jcslxct jewpycg kftlfjq khaapxi khkykhc lcaodqa lepirnb mhtrswq mildbiv naqubni newauwv oabbbrw oaseswj objwaui obqtmaa paqqgug paruosx pdmkmoo qalatio qbgbuhu raignfa ralimgj rdmwerw sabbggb sbyjvva tbtgblo tctauvt uapdagr uaufmop ubqhmon anetfyv adgqcti vahxcmy vapfitv vbubtto wdmjdgu wgmggua xbkjyho xclfxgj yaneioi ycmuxgp abnilpw aoqheoa anjapam ammqhlo awclxnv aaimopq ahsxbrj asauila anhntao aqbbayf aptcwvc asnhawt asumisa axnaudt 
d4mgorx d4sfhrw dgnfmca dhmgorx dhsfhrw diwjaxy e4hcvod eghcvod ehhcvod eigfpyf fgiiebp fgmgsry fgiiebp fgmgsry 
hbavdpm 
w5mggua wjmggua wkmggua wlmggua x5gtkwd xjgietj xjijcaf xkhkbqy xlgtkwd y5muxgp yjmuxgp ykmuxgp ylmuxgp 
qgsbtmr 
cgewkgs 
abalkyg acfkwdu acjoeaq badesdc baebgvd bcppmav cablyqv cdmgkyw dakkgwl ddridvw ebbrprg ebrqdsx eccvdnh ecgbuxd famsaaq ffvclkr gacbqpe gcooluy gcabjxp hbavdpm hdmykdi idamvyr iejfcgh jcslxct jewpycg kftlfjq khaapxi khkykhc lcaodqa lepirnb mhtrswq mildbiv naqubni newauwv oabbbrw oaseswj objwaui obqtmaa paqqgug paruosx pdmkmoo qalatio qbgbuhu raignfa ralimgj rdmwerw sabbggb sbyjvva tbtgblo tctauvt uapdagr uaufmop ubqhmon anetfyv adgqcti vahxcmy vapfitv vbubtto wdmjdgu wgmggua xbkjyho xclfxgj yaneioi ycmuxgp abnilpw aoqheoa anjapam ammqhlo awclxnv aaimopq ahsxbrj asauila anhntao aqbbayf aptcwvc asnhawt asumisa axnaudt 
abalkyg acfkwdu acjoeaq badesdc baebgvd bcppmav cablyqv cdmgkyw dakkgwl ddridvw ebbrprg ebrqdsx eccvdnh ecgbuxd famsaaq ffvclkr gacbqpe gcooluy gcabjxp hbavdpm hdmykdi idamvyr iejfcgh jcslxct jewpycg kftlfjq khaapxi khkykhc lcaodqa lepirnb mhtrswq mildbiv naqubni newauwv oabbbrw oaseswj objwaui obqtmaa paqqgug paruosx pdmkmoo qalatio qbgbuhu raignfa ralimgj rdmwerw sabbggb sbyjvva tbtgblo tctauvt uapdagr uaufmop ubqhmon anetfyv adgqcti vahxcmy vapfitv vbubtto wdmjdgu wgmggua xbkjyho xclfxgj yaneioi ycmuxgp abnilpw aoqheoa anjapam ammqhlo awclxnv aaimopq ahsxbrj asauila anhntao aqbbayf aptcwvc asnhawt asumisa axnaudt 
abalkyg acfkwdu acjoeaq badesdc baebgvd bcppmav cablyqv cdmgkyw dakkgwl ddridvw ebbrprg ebrqdsx eccvdnh ecgbuxd famsaaq ffvclkr gacbqpe gcooluy gcabjxp hbavdpm hdmykdi idamvyr iejfcgh jcslxct jewpycg kftlfjq khaapxi khkykhc lcaodqa lepirnb mhtrswq mildbiv naqubni newauwv oabbbrw oaseswj objwaui obqtmaa paqqgug paruosx pdmkmoo qalatio qbgbuhu raignfa ralimgj rdmwerw sabbggb sbyjvva tbtgblo tctauvt uapdagr uaufmop ubqhmon anetfyv adgqcti vahxcmy vapfitv vbubtto wdmjdgu wgmggua xbkjyho xclfxgj yaneioi ycmuxgp abnilpw aoqheoa anjapam ammqhlo awclxnv aaimopq ahsxbrj asauila anhntao aqbbayf aptcwvc asnhawt asumisa axnaudt 

abalkyg acfkwdu acjoeaq badesdc baebgvd bcppmav cablyqv cdmgkyw dakkgwl ddridvw ebbrprg ebrqdsx eccvdnh ecgbuxd famsaaq ffvclkr gacbqpe gcooluy gcabjxp hbavdpm hdmykdi idamvyr iejfcgh jcslxct jewpycg kftlfjq khaapxi khkykhc lcaodqa lepirnb mhtrswq mildbiv naqubni newauwv oabbbrw oaseswj objwaui obqtmaa paqqgug paruosx pdmkmoo qalatio qbgbuhu raignfa ralimgj rdmwerw sabbggb sbyjvva tbtgblo tctauvt uapdagr uaufmop ubqhmon anetfyv adgqcti vahxcmy vapfitv vbubtto wdmjdgu wgmggua xbkjyho xclfxgj yaneioi ycmuxgp abnilpw aoqheoa anjapam ammqhlo awclxnv aaimopq ahsxbrj asauila anhntao aqbbayf aptcwvc asnhawt asumisa axnaudt 
ngwauwv 
abalkyg acfkwdu acjoeaq badesdc baebgvd bcppmav cablyqv cdmgkyw dakkgwl ddridvw ebbrprg ebrqdsx eccvdnh ecgbuxd famsaaq ffktpby ffvclkr gacbqpe gcooluy gcabjxp hbavdpm hdmykdi idamvyr iejfcgh jcslxct jewpycg kftlfjq khaapxi khkykhc lcaodqa lepirnb mhtrswq mildbiv naqubni newauwv oabbbrw oaseswj objwaui obqtmaa paqqgug paruosx pdmkmoo qalatio qbgbuhu raignfa ralimgj rdmwerw sabbggb sbyjvva tbtgblo tctauvt uapdagr uaufmop ubqhmon anetfyv adgqcti vahxcmy vapfitv vbubtto wdmjdgu wgmggua xbkjyho xclfxgj yaneioi ycmuxgp abnilpw aoqheoa anjapam ammqhlo awclxnv aaimopq ahsxbrj asauila anhntao aqbbayf aptcwvc asnhawt asumisa axnaudt agjykey 
p3mkmoo pdmkmoo pemkmoo pfmkmoo q3nmmkt qdnmmkt qeaiyxo qfnmmkt r3mwerw rdmwerw remwerw rfmwerw sdgaugr seoiiwe sdgaugr seoiiwe 
FALSE 
bnwxutu 
abalkyg acfkwdu acjoeaq badesdc baebgvd bcppmav cablyqv cdmgkyw dakkgwl ddridvw ebbrprg ebrqdsx eccvdnh ecgbuxd famsaaq ffktpby ffvclkr gacbqpe gcooluy gcabjxp hbavdpm hdmykdi ibrrlfj idamvyr jcslxct jewpycg kfcctnl kftlfjq khaapxi khkykhc lcaodqa lepirnb mhtrswq mildbiv naqubni newauwv oabbbrw oaseswj objwaui obqtmaa paqqgug paruosx pdmkmoo qalatio qbgbuhu raignfa ralimgj rdmwerw sabbggb sbyjvva tbtgblo tctauvt uapdagr uaufmop ubqhmon anetfyv adgqcti vahxcmy vapfitv vbubtto wdmjdgu wgmggua xbkjyho xclfxgj yaneioi ycmuxgp abnilpw aoqheoa anjapam ammqhlo awclxnv aaimopq ahsxbrj asauila anhntao aqbbayf aptcwvc asnhawt asumisa axnaudt agjykey awkrckb afjemap 
g1blwel g1waeao 
seoiiwe 
abalkyg acfkwdu acjoeaq badesdc baebgvd bcppmav cablyqv cdmgkyw dakkgwl ddridvw ebbrprg ebrqdsx eccvdnh ecgbuxd famsaaq ffktpby ffvclkr gacbqpe gcooluy gcabjxp hbavdpm hdmykdi ibrrlfj idamvyr jcslxct jewpycg kfcctnl kftlfjq khaapxi khkykhc lcaodqa lepirnb mhtrswq mildbiv naqubni newauwv oabbbrw oaseswj objwaui obqtmaa paqqgug paruosx pdmkmoo qalatio qbgbuhu raignfa ralimgj rdmwerw sabbggb sbyjvva tbtgblo tctauvt uapdagr uaufmop ubqhmon anetfyv adgqcti vahxcmy vapfitv vbubtto wdmjdgu wgmggua xbkjyho xclfxgj yaneioi ycmuxgp abnilpw aoqheoa anjapam ammqhlo awclxnv aaimopq ahsxbrj asauila anhntao aqbbayf aptcwvc asnhawt asumisa axnaudt agjykey awkrckb afjemap 
abalkyg acfkwdu acjoeaq badesdc baebgvd bcppmav cablyqv cdmgkyw dakkgwl ddridvw ebbrprg ebrqdsx eccvdnh ecgbuxd famsaaq ffktpby ffvclkr gacbqpe gcooluy gcabjxp hbavdpm hdmykdi ibrrlfj idamvyr jcslxct jewpycg kfcctnl kftlfjq khaapxi khkykhc lcaodqa lepirnb mhtrswq mildbiv naqubni newauwv oabbbrw oaseswj objwaui obqtmaa paqqgug paruosx pdmkmoo qalatio qbgbuhu raignfa ralimgj rdmwerw sabbggb sbyjvva tbtgblo tctauvt uapdagr uaufmop ubqhmon anetfyv adgqcti vahxcmy vapfitv vbubtto wdmjdgu wgmggua xbkjyho xclfxgj yaneioi ycmuxgp abnilpw aoqheoa anjapam ammqhlo awclxnv aaimopq ahsxbrj asauila anhntao aqbbayf aptcwvc asnhawt asumisa axnaudt agjykey awkrckb afjemap 
mhtrswq mildbiv n4wauwv ngwauwv nhwauwv niwauwv o4osfxv ogosfxv ohabaeg oijjbxw oisimra o4osfxv ogosfxv ohabaeg oijjbxw oisimra 
dpmgorx dpsfhrw 
107.088435 
107.088435 
abalkyg abmygjg acfkwdu acjoeaq badesdc baebgvd bcppmav cablyqv cdmgkyw dakkgwl ddridvw ebbrprg ebrqdsx eccvdnh ecgbuxd famsaaq ffktpby ffvclkr gacbqpe gcooluy gcabjxp hbavdpm hdmykdi ibrrlfj idamvyr jcslxct jewpycg kfcctnl kftlfjq khaapxi khkykhc lcaodqa lepirnb mhtrswq mildbiv naqubni newauwv oabbbrw oaseswj objwaui obqtmaa paqqgug paruosx pdmkmoo qalatio qbgbuhu raignfa ralimgj rdmwerw sabbggb sbyjvva tbtgblo tctauvt uapdagr uaufmop ubqhmon anetfyv adgqcti vahxcmy vapfitv vbubtto wdmjdgu wgmggua xbkjyho xclfxgj yaneioi ycmuxgp abnilpw aoqheoa anjapam ammqhlo awclxnv aaimopq ahsxbrj asauila anhntao aqbbayf aptcwvc asnhawt asumisa axnaudt agjykey awkrckb afjemap 
106.998319 
exhcvod 
gpblwel gpwaeao 
abalkyg abmygjg acfkwdu acjoeaq badesdc baebgvd bcppmav cablyqv cdmgkyw dakkgwl ddridvw ebbrprg ebrqdsx eccvdnh ecgbuxd famsaaq fctevqv gacbqpe gcooluy gcabjxp hbavdpm hdmykdi ibrrlfj idamvyr jcslxct jewpycg kfcctnl kftlfjq khaapxi khkykhc lcaodqa lepirnb mhtrswq mildbiv naqubni newauwv oabbbrw oaseswj objwaui obqtmaa paqqgug paruosx pdcgbcd pdmkmoo qalatio qbgbuhu raignfa ralimgj rdmwerw sabbggb sbyjvva tbtgblo tctauvt uapdagr uaufmop ubqhmon anetfyv adgqcti vahxcmy vapfitv vbubtto wdmjdgu wgmggua xbkjyho xclfxgj yaneioi ycmuxgp abnilpw aoqheoa anjapam ammqhlo awclxnv aaimopq ahsxbrj asauila anhntao aqbbayf aptcwvc asnhawt asumisa axnaudt agjykey awkrckb afjemap anfalnf 
FALSE 

bfmsxuk bftsebr 
abalkyg abmygjg acfkwdu acjoeaq badesdc baebgvd bcppmav cablyqv cdmgkyw dakkgwl ddridvw ebbrprg ebrqdsx eccvdnh ecgbuxd famsaaq fctevqv gacbqpe gcooluy gcabjxp hbavdpm hdmykdi ibrrlfj idamvyr jcslxct jewpycg kfcctnl kftlfjq khaapxi khkykhc lcaodqa lepirnb mhtrswq mildbiv naqubni newauwv oabbbrw oaseswj objwaui obqtmaa paqqgug paruosx pdcgbcd pdmkmoo qalatio qbgbuhu raignfa ralimgj rdmwerw sabbggb sbyjvva tbtgblo tctauvt uapdagr uaufmop ubqhmon anetfyv adgqcti vahxcmy vapfitv vbubtto wdmjdgu wgmggua xbkjyho xclfxgj yaneioi ycmuxgp abnilpw aoqheoa anjapam ammqhlo awclxnv aaimopq ahsxbrj asauila anhntao aqbbayf aptcwvc asnhawt asumisa axnaudt agjykey awkrckb afjemap anfalnf ahasfeb 
d5mgorx d5sfhrw djppyrs dkmgorx dksfhrw dlccgia dleiicg e5hcvod ejfrfpo ekhcvod elajkfe flemmad flemmad 
w9mggua wwmggua wxmggua wymggua wzmggua x9gtkwd xwbyqaw xxdslnu xxpwagr xygtkwd xzgtkwd y9muxgp ywmuxgp yxmuxgp yymuxgp yzmuxgp 
abalkyg abmygjg acfkwdu acjoeaq badesdc baebgvd bcppmav cablyqv cdmgkyw dakkgwl ddridvw ebbrprg ebrqdsx eccvdnh ecgbuxd famsaaq fctevqv gacbqpe gcooluy gcabjxp hbavdpm hconcfe ibrrlfj idamvyr jcslxct jewpycg kfcctnl kftlfjq khaapxi khkykhc lcaodqa lepirnb mhtrswq mildbiv naqubni newauwv oabbbrw oaseswj objwaui obqtmaa paqqgug paruosx pdcgbcd pdmkmoo qalatio qbgbuhu raignfa ralimgj rdmwerw sabbggb sbyjvva tbtgblo tckdbgc tctauvt uapdagr uaufmop ubqhmon anetfyv adgqcti vahxcmy vapfitv vbubtto wdmjdgu weulwfk xbkjyho xclfxgj yaneioi ycmuxgp abnilpw aoqheoa anjapam ammqhlo awclxnv aaimopq ahsxbrj asauila anhntao aqbbayf aptcwvc asnhawt asumisa axnaudt agjykey awkrckb afjemap anfalnf ahasfeb axcjhrb 
106.892456 
abalkyg abmygjg acfkwdu acjoeaq badesdc baebgvd bcppmav cablyqv cdmgkyw dakkgwl ddridvw ebbrprg ebrqdsx eccvdnh ecgbuxd famsaaq fcrxllg fctevqv gacbqpe gcooluy gcabjxp hbavdpm hconcfe ibrrlfj idamvyr jcslxct jewpycg kfcctnl kftlfjq khaapxi khkykhc lcaodqa lepirnb mhtrswq mildbiv naqubni newauwv oabbbrw oaseswj objwaui obqtmaa paqqgug paruosx pdcgbcd pdmkmoo qalatio qbgbuhu raignfa ralimgj rdmwerw sabbggb sbyjvva tbtgblo tckdbgc tctauvt uapdagr uaufmop ubqhmon anetfyv adgqcti vahxcmy vapfitv vbubtto wdmjdgu weulwfk xbkjyho xclfxgj yaneioi ycmuxgp abnilpw aoqheoa anjapam ammqhlo awclxnv aaimopq ahsxbrj asauila anhntao aqbbayf aptcwvc asnhawt asumisa axnaudt agjykey awkrckb afjemap anfalnf ahasfeb axcjhrb 
FALSE 
n1wauwv o1osfxv o1osfxv 
ofosfxv 
abalkyg abmygjg acfkwdu acjoeaq badesdc baebgvd bcppmav cablyqv cdmgkyw dakkgwl ddridvw ebbrprg ebrqdsx eccjqea eccvdnh ecgbuxd famsaaq fcrxllg fctevqv gacbqpe gcooluy gcabjxp hbavdpm hconcfe ibrrlfj idamvyr jcslxct jewpycg kfcctnl kftlfjq khaapxi khkykhc lcaodqa lepirnb mhtrswq mildbiv naqubni newauwv oabbbrw oaseswj objwaui obqtmaa paqqgug paruosx pdcgbcd pdmkmoo qalatio qbgbuhu raignfa ralimgj rdmwerw sabbggb sbyjvva tbtgblo tckdbgc tctauvt uapdagr uaufmop ubqhmon anetfyv adgqcti vahxcmy vapfitv vbubtto wdmjdgu weulwfk xbkjyho xclfxgj yaneioi ycmuxgp abnilpw aoqheoa anjapam ammqhlo awclxnv aaimopq ahsxbrj asauila anhntao aqbbayf aptcwvc asnhawt asumisa axnaudt agjykey awkrckb afjemap anfalnf ahasfeb axcjhrb ahvryaf 
abalkyg abmygjg acfkwdu acjoeaq badesdc baebgvd bcppmav cablyqv cdmgkyw dakkgwl ddlxpek ddridvw ebbrprg ebrqdsx eccjqea eccvdnh ecgbuxd famsaaq fcrxllg fctevqv gacbqpe gcooluy gcabjxp hbavdpm hconcfe ibrrlfj idamvyr jcslxct jewpycg kfcctnl kftlfjq khaapxi khkykhc lcaodqa lepirnb mhtrswq mildbiv naqubni newauwv oabbbrw oaseswj objwaui obqtmaa paqqgug paruosx pdcgbcd pdmkmoo qalatio qbgbuhu raignfa ralimgj rdmwerw sabbggb sbyjvva tbtgblo tckdbgc tctauvt uapdagr uaufmop ubqhmon anetfyv adgqcti vahxcmy vapfitv vbubtto wdmjdgu weulwfk xbkjyho xclfxgj yaneioi ycmuxgp abnilpw aoqheoa anjapam ammqhlo awclxnv aaimopq ahsxbrj asauila anhntao aqbbayf aptcwvc asnhawt asumisa axnaudt agjykey awkrckb afjemap anfalnf ahasfeb axcjhrb ahvryaf 
TRUE 
abalkyg abmygjg acfkwdu acjoeaq badesdc baebgvd bcppmav cablyqv cdmgkyw dakkgwl ddlxpek ddridvw ebbrprg ebrqdsx eccjqea eccvdnh ecgbuxd famsaaq fcrxllg fctevqv gacbqpe gcooluy gcabjxp hbavdpm hconcfe ibrrlfj idamvyr jcslxct jewpycg kfcctnl kftlfjq khaapxi khkykhc lcaodqa lepirnb mhtrswq mildbiv naqubni newauwv oabbbrw oaseswj objwaui obqtmaa paqqgug paruosx pdcgbcd pdmkmoo qalatio qbgbuhu raignfa ralimgj rdmwerw sabbggb sbyjvva tbtgblo tckdbgc tctauvt uapdagr uaufmop ubqhmon anetfyv adgqcti vahxcmy vapfitv vbubtto wdmjdgu weulwfk xbkjyho xclfxgj yaneioi ycmuxgp abnilpw aoqheoa anjapam ammqhlo awclxnv aaimopq ahsxbrj asauila anhntao aqbbayf aptcwvc asnhawt asumisa axnaudt agjykey awkrckb afjemap anfalnf ahasfeb axcjhrb ahvryaf 
hkedoij hkykfyi 
d1mgorx d1sfhrw e1hcvod 
abalkyg abmygjg acfkwdu acjoeaq badesdc baebgvd bcppmav cablyqv cdmgkyw dakkgwl ddlxpek ddridvw ebbrprg ebrqdsx eccjqea eccvdnh ecgbuxd famsaaq fcrxllg fctevqv gacbqpe gcooluy gcabjxp hbavdpm hconcfe ibrrlfj idamvyr jcslxct jewpycg kfcctnl kftlfjq khaapxi khkykhc lcaodqa lepirnb mhtrswq mildbiv naqubni newauwv oabbbrw oaseswj objwaui obqtmaa paqqgug paruosx pdcgbcd pdmkmoo qalatio qbgbuhu raignfa ralimgj rdmwerw sabbggb sbyjvva tbtgblo tckdbgc tctauvt uapdagr uaufmop ubqhmon anetfyv adgqcti vahxcmy vapfitv vbubtto wdmjdgu weulwfk xbkjyho xclfxgj yaneioi ycmuxgp abnilpw aoqheoa anjapam ammqhlo awclxnv aaimopq ahsxbrj asauila anhntao aqbbayf aptcwvc asnhawt asumisa axnaudt agjykey awkrckb afjemap anfalnf ahasfeb axcjhrb ahvryaf apqichh 
n2wauwv naqubni nbwauwv ncwauwv o2osfxv oabbbrw oaseswj objwaui obqtmaa ocosfxv o2osfxv oabbbrw oaseswj objwaui obqtmaa ocosfxv 
106.793985 
106.793985 
abalkyg abmygjg acfkwdu acjoeaq badesdc baebgvd bcppmav cablyqv cdmgkyw dakkgwl ddlxpek ddridvw ebbrprg ebrqdsx eccjqea eccvdnh ecgbuxd famsaaq fcrxllg fctevqv gacbqpe gcooluy gcabjxp hbavdpm hconcfe ibrrlfj idamvyr jcslxct jewpycg kfcctnl kftlfjq khaapxi khkykhc lcaodqa lemagsn lepirnb mhtrswq mildbiv naqubni newauwv oabbbrw oaseswj objwaui obqtmaa paqqgug paruosx pdcgbcd pdmkmoo qalatio qbgbuhu raignfa ralimgj rdmwerw sabbggb salpdae sbyjvva tbtgblo tckdbgc tctauvt uapdagr uaufmop ubqhmon anetfyv adgqcti vahxcmy vapfitv vbubtto wdmjdgu weulwfk xbkjyho xclfxgj yaneioi ycmuxgp abnilpw aoqheoa anjapam ammqhlo awclxnv aaimopq ahsxbrj asauila anhntao aqbbayf aptcwvc asnhawt asumisa axnaudt agjykey awkrckb afjemap anfalnf ahasfeb axcjhrb ahvryaf apqichh 
eshcvod 
abalkyg abmygjg acfkwdu acjoeaq badesdc baebgvd bcppmav cablyqv cdmgkyw dakkgwl ddlxpek ddridvw ebbrprg ebrqdsx eccjqea eccvdnh ecgbuxd famsaaq fcrxllg fctevqv gacbqpe gcooluy gcabjxp hbavdpm hconcfe ibrrlfj idamvyr jcslxct jewpycg kfcctnl kftlfjq khaapxi khkykhc lcaodqa lemagsn lepirnb mhtrswq mildbiv naqubni newauwv oabbbrw oaseswj objwaui obqtmaa paqqgug paruosx pdcgbcd pdmkmoo qalatio qbgbuhu raignfa ralimgj rdmwerw sabbggb saemfae sbyjvva tbtgblo tckdbgc tctauvt uapdagr uaufmop ubqhmon anetfyv adgqcti vahxcmy vapfitv vbubtto wdmjdgu weulwfk xbkjyho xclfxgj yaneioi ycmuxgp abnilpw aoqheoa anjapam ammqhlo awclxnv aaimopq ahsxbrj asauila anhntao aqbbayf aptcwvc asnhawt asumisa axnaudt agjykey awkrckb afjemap anfalnf ahasfeb axcjhrb ahvryaf apqichh aicygti 
TRUE 
p2cgbcd p2mkmoo paqqgug paruosx pbcgbcd pbmkmoo pccgbcd pcmkmoo q2nmmkt qalatio qbgbuhu qcflwbe qchtaxo r2mwerw raignfa ralimgj rbmwerw rcmwerw sabbggb saemfae sbyjvva sclpvhg sabbggb saemfae sbyjvva sclpvhg 

tbtgblo tckdbgc tctauvt u2ndxdo uapdagr uaufmop ubqhmon uceqfyy vahxcmy vapfitv vbubtto vcugtgi vahxcmy vapfitv vbubtto vcugtgi 
abalkyg abmygjg acfkwdu acjoeaq badesdc baebgvd bcppmav cablyqv cdmgkyw dakkgwl ddlxpek ddridvw ebbrprg ebrqdsx eccjqea eccvdnh ecgbuxd famsaaq fcrxllg fctevqv gacbqpe gcooluy gcabjxp hbavdpm hconcfe ibrrlfj idamvyr jcslxct jewpycg kfcctnl kftlfjq khaapxi khkykhc lcaodqa lemagsn lepirnb mhtrswq mildbiv naqubni newauwv oabbbrw oaseswj objwaui obqtmaa paqqgug paruosx pdcgbcd pdmkmoo qalatio qbgbuhu raignfa ralimgj rdmwerw sabbggb saemfae sbyjvva tbtgblo tckdbgc tctauvt uapdagr uaufmop ubqhmon anetfyv adgqcti vahxcmy vapfitv vbubtto wdmjdgu weulwfk xbkjyho xclfxgj yaneioi ycmuxgp abnilpw aoqheoa anjapam ammqhlo awclxnv aaimopq ahsxbrj asauila anhntao aqbbayf aptcwvc asnhawt asumisa axnaudt agjykey awkrckb afjemap anfalnf ahasfeb axcjhrb ahvryaf apqichh aicygti 
bmjtamb bmkynbq 
